performer	receiver	pen	nr_meet	nr_interact	nr_bites
F1578_4	F1750_4	1	1102	124	124
F1578_4	F1904_4	1	1106	197	197
F1578_4	F2161_4	1	1183	728	728
F1578_4	F2631_4	1	1152	875	875
F1578_4	M1633_4	1	1178	924	924
F1578_4	M1850_4	1	1128	161	161
F1578_4	M2285_4	1	1200	94	94
F1578_4	M430_4	1	1380	1350	1350
F1578_4	M551_4	1	1096	392	392
F1578_4	M601_4	1	1198	840	840
F1578_4	M618_4	1	1255	125	125
F1578_4	M822_4	1	1271	975	975
F1578_4	M956_4	1	1236	769	769
F1750_4	F1578_4	1	1102	1062	1062
F1750_4	F1904_4	1	1204	890	890
F1750_4	F2161_4	1	1210	1159	1159
F1750_4	F2631_4	1	1287	1259	1259
F1750_4	M1633_4	1	1270	1243	1243
F1750_4	M1850_4	1	1412	917	917
F1750_4	M2285_4	1	1360	704	704
F1750_4	M430_4	1	1278	1276	1276
F1750_4	M551_4	1	1274	1117	1117
F1750_4	M601_4	1	1306	1265	1265
F1750_4	M618_4	1	1242	735	735
F1750_4	M822_4	1	1281	1245	1245
F1750_4	M956_4	1	1344	1284	1284
F1904_4	F1578_4	1	1106	921	921
F1904_4	F1750_4	1	1204	229	229
F1904_4	F2161_4	1	1303	1004	1004
F1904_4	F2631_4	1	1264	1079	1079
F1904_4	M1633_4	1	1016	903	903
F1904_4	M1850_4	1	1221	274	274
F1904_4	M2285_4	1	1318	179	179
F1904_4	M430_4	1	1281	1273	1273
F1904_4	M551_4	1	1305	679	679
F1904_4	M601_4	1	1191	974	974
F1904_4	M618_4	1	1343	231	231
F1904_4	M822_4	1	1261	1078	1078
F1904_4	M956_4	1	1312	998	998
F2161_4	F1578_4	1	1183	1106	1106
F2161_4	F1750_4	1	1210	563	563
F2161_4	F1904_4	1	1303	824	824
F2161_4	F2631_4	1	1358	1287	1287
F2161_4	M1633_4	1	1122	1070	1070
F2161_4	M1850_4	1	1211	651	651
F2161_4	M2285_4	1	1350	491	491
F2161_4	M430_4	1	1338	1335	1335
F2161_4	M551_4	1	1236	965	965
F2161_4	M601_4	1	1089	1026	1026
F2161_4	M618_4	1	1280	584	584
F2161_4	M822_4	1	1176	1127	1127
F2161_4	M956_4	1	1291	1171	1171
F2631_4	F1578_4	1	1152	1111	1249
F2631_4	F1750_4	1	1287	679	783
F2631_4	F1904_4	1	1264	867	969
F2631_4	F2161_4	1	1358	1272	1449
F2631_4	M1633_4	1	1260	1227	1394
F2631_4	M1850_4	1	1209	702	792
F2631_4	M2285_4	1	1193	543	615
F2631_4	M430_4	1	1197	1194	1329
F2631_4	M551_4	1	1501	1273	1424
F2631_4	M601_4	1	1165	1118	1259
F2631_4	M618_4	1	1244	643	730
F2631_4	M822_4	1	1224	1177	1343
F2631_4	M956_4	1	1311	1225	1376
M1633_4	F1578_4	1	1178	786	1254
M1633_4	F1750_4	1	1270	127	219
M1633_4	F1904_4	1	1016	169	254
M1633_4	F2161_4	1	1122	654	1076
M1633_4	F2631_4	1	1260	894	1406
M1633_4	M1850_4	1	1201	131	216
M1633_4	M2285_4	1	1270	87	135
M1633_4	M430_4	1	1401	1372	2201
M1633_4	M551_4	1	1327	407	675
M1633_4	M601_4	1	1326	861	1361
M1633_4	M618_4	1	1256	104	164
M1633_4	M822_4	1	1304	936	1512
M1633_4	M956_4	1	1157	635	1023
M1850_4	F1578_4	1	1128	568	1410
M1850_4	F1750_4	1	1412	80	182
M1850_4	F1904_4	1	1221	90	213
M1850_4	F2161_4	1	1211	461	1085
M1850_4	F2631_4	1	1209	638	1480
M1850_4	M1633_4	1	1201	694	1662
M1850_4	M2285_4	1	1211	33	89
M1850_4	M430_4	1	1435	1363	3262
M1850_4	M551_4	1	1115	196	473
M1850_4	M601_4	1	1237	611	1472
M1850_4	M618_4	1	1193	46	126
M1850_4	M822_4	1	1219	650	1520
M1850_4	M956_4	1	1280	484	1123
M2285_4	F1578_4	1	1200	922	922
M2285_4	F1750_4	1	1360	196	196
M2285_4	F1904_4	1	1318	312	312
M2285_4	F2161_4	1	1350	903	903
M2285_4	F2631_4	1	1193	956	956
M2285_4	M1633_4	1	1270	1045	1045
M2285_4	M1850_4	1	1211	216	216
M2285_4	M430_4	1	1231	1210	1210
M2285_4	M551_4	1	1117	488	488
M2285_4	M601_4	1	1370	1037	1037
M2285_4	M618_4	1	1359	184	184
M2285_4	M822_4	1	1439	1168	1168
M2285_4	M956_4	1	1207	816	816
M430_4	F1578_4	1	1380	1334	2934
M430_4	F1750_4	1	1278	755	1666
M430_4	F1904_4	1	1281	967	2122
M430_4	F2161_4	1	1338	1276	2807
M430_4	F2631_4	1	1197	1174	2627
M430_4	M1633_4	1	1401	1363	3027
M430_4	M1850_4	1	1435	927	2025
M430_4	M2285_4	1	1231	590	1296
M430_4	M551_4	1	1189	1044	2251
M430_4	M601_4	1	1278	1239	2701
M430_4	M618_4	1	1251	740	1684
M430_4	M822_4	1	1347	1314	2892
M430_4	M956_4	1	1213	1144	2536
M551_4	F1578_4	1	1096	833	833
M551_4	F1750_4	1	1274	169	169
M551_4	F1904_4	1	1305	300	300
M551_4	F2161_4	1	1236	864	864
M551_4	F2631_4	1	1501	1175	1175
M551_4	M1633_4	1	1327	1108	1108
M551_4	M1850_4	1	1115	194	194
M551_4	M2285_4	1	1117	125	125
M551_4	M430_4	1	1189	1171	1171
M551_4	M601_4	1	1220	925	925
M551_4	M618_4	1	1054	140	140
M551_4	M822_4	1	1341	1089	1089
M551_4	M956_4	1	1319	871	871
M601_4	F1578_4	1	1198	1142	2604
M601_4	F1750_4	1	1306	627	1435
M601_4	F1904_4	1	1191	770	1707
M601_4	F2161_4	1	1089	992	2200
M601_4	F2631_4	1	1165	1106	2535
M601_4	M1633_4	1	1326	1280	2961
M601_4	M1850_4	1	1237	633	1433
M601_4	M2285_4	1	1370	536	1171
M601_4	M430_4	1	1278	1274	2868
M601_4	M551_4	1	1220	1000	2296
M601_4	M618_4	1	1401	626	1454
M601_4	M822_4	1	1312	1262	2902
M601_4	M956_4	1	1205	1103	2518
M618_4	F1578_4	1	1255	956	2769
M618_4	F1750_4	1	1242	193	536
M618_4	F1904_4	1	1343	321	934
M618_4	F2161_4	1	1280	865	2491
M618_4	F2631_4	1	1244	993	2921
M618_4	M1633_4	1	1256	1072	3065
M618_4	M1850_4	1	1193	175	506
M618_4	M2285_4	1	1359	158	471
M618_4	M430_4	1	1251	1236	3570
M618_4	M551_4	1	1054	466	1290
M618_4	M601_4	1	1401	1062	3010
M618_4	M822_4	1	1157	950	2680
M618_4	M956_4	1	1297	919	2632
M822_4	F1578_4	1	1271	1116	1116
M822_4	F1750_4	1	1281	338	338
M822_4	F1904_4	1	1261	483	483
M822_4	F2161_4	1	1176	954	954
M822_4	F2631_4	1	1224	1109	1109
M822_4	M1633_4	1	1304	1201	1201
M822_4	M1850_4	1	1219	388	388
M822_4	M2285_4	1	1439	266	266
M822_4	M430_4	1	1347	1338	1338
M822_4	M551_4	1	1341	795	795
M822_4	M601_4	1	1312	1150	1150
M822_4	M618_4	1	1157	306	306
M822_4	M956_4	1	1294	1062	1062
M956_4	F1578_4	1	1236	1217	3162
M956_4	F1750_4	1	1344	1013	2701
M956_4	F1904_4	1	1312	1101	2889
M956_4	F2161_4	1	1291	1257	3296
M956_4	F2631_4	1	1311	1289	3386
M956_4	M1633_4	1	1157	1141	3005
M956_4	M1850_4	1	1280	991	2632
M956_4	M2285_4	1	1207	764	1982
M956_4	M430_4	1	1213	1210	3236
M956_4	M551_4	1	1319	1225	3260
M956_4	M601_4	1	1205	1180	3093
M956_4	M618_4	1	1297	951	2548
M956_4	M822_4	1	1294	1275	3365
F1857_4	F185_4	2	1273	877	877
F1857_4	F1957_4	2	1343	599	599
F1857_4	F2139_4	2	1347	806	806
F1857_4	F2642_4	2	1160	620	620
F1857_4	F350_4	2	1193	954	954
F1857_4	F446_4	2	1361	1158	1158
F1857_4	F459_4	2	1146	1006	1006
F1857_4	F812_4	2	1235	1006	1006
F1857_4	F837_4	2	1238	905	905
F1857_4	F92_4	2	1240	678	678
F1857_4	M2115_4	2	1382	1087	1087
F1857_4	M531_4	2	1317	1159	1159
F1857_4	M535_4	2	1310	594	594
F185_4	F1857_4	2	1273	1090	1090
F185_4	F1957_4	2	1256	205	205
F185_4	F2139_4	2	1276	341	341
F185_4	F2642_4	2	1253	287	287
F185_4	F350_4	2	1193	570	570
F185_4	F446_4	2	1175	652	652
F185_4	F459_4	2	1262	715	715
F185_4	F812_4	2	1357	718	718
F185_4	F837_4	2	1159	455	455
F185_4	F92_4	2	1251	242	242
F185_4	M2115_4	2	1219	550	550
F185_4	M531_4	2	1308	815	815
F185_4	M535_4	2	1284	174	174
F1957_4	F1857_4	2	1343	1194	2223
F1957_4	F185_4	2	1256	489	905
F1957_4	F2139_4	2	1156	388	734
F1957_4	F2642_4	2	1251	351	648
F1957_4	F350_4	2	1330	736	1357
F1957_4	F446_4	2	1291	812	1504
F1957_4	F459_4	2	1283	802	1491
F1957_4	F812_4	2	1236	746	1383
F1957_4	F837_4	2	1266	574	1074
F1957_4	F92_4	2	1278	336	631
F1957_4	M2115_4	2	1315	716	1329
F1957_4	M531_4	2	1248	878	1654
F1957_4	M535_4	2	1267	267	490
F2139_4	F1857_4	2	1347	1098	2431
F2139_4	F185_4	2	1276	317	691
F2139_4	F1957_4	2	1156	141	304
F2139_4	F2642_4	2	1216	206	450
F2139_4	F350_4	2	1285	539	1141
F2139_4	F446_4	2	1200	566	1244
F2139_4	F459_4	2	1239	613	1396
F2139_4	F812_4	2	1201	517	1160
F2139_4	F837_4	2	1236	403	879
F2139_4	F92_4	2	1243	196	406
F2139_4	M2115_4	2	1236	453	976
F2139_4	M531_4	2	1390	738	1590
F2139_4	M535_4	2	1359	186	393
F2642_4	F1857_4	2	1160	1153	1153
F2642_4	F185_4	2	1253	1125	1125
F2642_4	F1957_4	2	1251	950	950
F2642_4	F2139_4	2	1216	1074	1074
F2642_4	F350_4	2	1287	1221	1221
F2642_4	F446_4	2	1329	1281	1281
F2642_4	F459_4	2	1241	1185	1185
F2642_4	F812_4	2	1372	1306	1306
F2642_4	F837_4	2	1432	1319	1319
F2642_4	F92_4	2	1286	1093	1093
F2642_4	M2115_4	2	1392	1305	1305
F2642_4	M531_4	2	1273	1236	1236
F2642_4	M535_4	2	1337	1065	1065
F350_4	F1857_4	2	1193	718	718
F350_4	F185_4	2	1193	138	138
F350_4	F1957_4	2	1330	65	65
F350_4	F2139_4	2	1285	101	101
F350_4	F2642_4	2	1287	77	77
F350_4	F446_4	2	1218	323	323
F350_4	F459_4	2	1259	306	306
F350_4	F812_4	2	1439	301	301
F350_4	F837_4	2	1210	184	184
F350_4	F92_4	2	1287	77	77
F350_4	M2115_4	2	1099	183	183
F350_4	M531_4	2	1348	410	410
F350_4	M535_4	2	1266	78	78
F446_4	F1857_4	2	1361	1282	3939
F446_4	F185_4	2	1175	643	1918
F446_4	F1957_4	2	1291	409	1259
F446_4	F2139_4	2	1200	626	1931
F446_4	F2642_4	2	1329	587	1801
F446_4	F350_4	2	1218	884	2684
F446_4	F459_4	2	1403	1110	3389
F446_4	F812_4	2	1273	920	2875
F446_4	F837_4	2	1287	831	2524
F446_4	F92_4	2	1302	532	1554
F446_4	M2115_4	2	1396	987	3064
F446_4	M531_4	2	1253	1045	3178
F446_4	M535_4	2	1340	444	1413
F459_4	F1857_4	2	1146	932	936
F459_4	F185_4	2	1262	315	316
F459_4	F1957_4	2	1283	144	146
F459_4	F2139_4	2	1239	279	279
F459_4	F2642_4	2	1241	190	191
F459_4	F350_4	2	1259	506	511
F459_4	F446_4	2	1403	678	683
F459_4	F812_4	2	1318	542	543
F459_4	F837_4	2	1224	377	380
F459_4	F92_4	2	1385	198	200
F459_4	M2115_4	2	1220	425	428
F459_4	M531_4	2	1239	674	678
F459_4	M535_4	2	1252	142	142
F812_4	F1857_4	2	1235	826	826
F812_4	F185_4	2	1357	177	177
F812_4	F1957_4	2	1236	66	66
F812_4	F2139_4	2	1201	142	142
F812_4	F2642_4	2	1372	135	135
F812_4	F350_4	2	1439	349	349
F812_4	F446_4	2	1273	384	384
F812_4	F459_4	2	1318	389	389
F812_4	F837_4	2	1283	225	225
F812_4	F92_4	2	1215	97	97
F812_4	M2115_4	2	1275	300	300
F812_4	M531_4	2	1182	470	470
F812_4	M535_4	2	1010	57	57
F837_4	F1857_4	2	1238	919	919
F837_4	F185_4	2	1159	198	198
F837_4	F1957_4	2	1266	100	100
F837_4	F2139_4	2	1236	200	200
F837_4	F2642_4	2	1432	179	179
F837_4	F350_4	2	1210	407	407
F837_4	F446_4	2	1287	506	506
F837_4	F459_4	2	1224	490	490
F837_4	F812_4	2	1283	455	455
F837_4	F92_4	2	1226	135	135
F837_4	M2115_4	2	1251	374	374
F837_4	M531_4	2	1171	534	534
F837_4	M535_4	2	1275	128	128
F92_4	F1857_4	2	1240	1091	2191
F92_4	F185_4	2	1251	485	957
F92_4	F1957_4	2	1278	245	469
F92_4	F2139_4	2	1243	410	820
F92_4	F2642_4	2	1286	332	694
F92_4	F350_4	2	1287	746	1478
F92_4	F446_4	2	1302	809	1549
F92_4	F459_4	2	1385	861	1767
F92_4	F812_4	2	1215	708	1445
F92_4	F837_4	2	1226	545	1082
F92_4	M2115_4	2	1249	667	1326
F92_4	M531_4	2	1306	857	1674
F92_4	M535_4	2	1405	268	568
M2115_4	F1857_4	2	1382	1368	2409
M2115_4	F185_4	2	1219	1045	1867
M2115_4	F1957_4	2	1315	892	1546
M2115_4	F2139_4	2	1236	1026	1795
M2115_4	F2642_4	2	1392	1064	1831
M2115_4	F350_4	2	1099	1003	1816
M2115_4	F446_4	2	1396	1309	2277
M2115_4	F459_4	2	1220	1144	2011
M2115_4	F812_4	2	1275	1206	2160
M2115_4	F837_4	2	1251	1085	1888
M2115_4	F92_4	2	1249	938	1654
M2115_4	M531_4	2	1343	1284	2259
M2115_4	M535_4	2	1239	855	1507
M531_4	F1857_4	2	1317	883	883
M531_4	F185_4	2	1308	181	181
M531_4	F1957_4	2	1248	76	76
M531_4	F2139_4	2	1390	154	154
M531_4	F2642_4	2	1273	107	107
M531_4	F350_4	2	1348	376	376
M531_4	F446_4	2	1253	413	413
M531_4	F459_4	2	1239	374	374
M531_4	F812_4	2	1182	327	327
M531_4	F837_4	2	1171	189	189
M531_4	F92_4	2	1306	107	107
M531_4	M2115_4	2	1343	336	336
M531_4	M535_4	2	1302	72	72
M535_4	F1857_4	2	1310	802	1348
M535_4	F185_4	2	1284	129	200
M535_4	F1957_4	2	1267	54	97
M535_4	F2139_4	2	1359	130	222
M535_4	F2642_4	2	1337	101	159
M535_4	F350_4	2	1266	260	428
M535_4	F446_4	2	1340	371	615
M535_4	F459_4	2	1252	353	581
M535_4	F812_4	2	1010	257	451
M535_4	F837_4	2	1275	200	323
M535_4	F92_4	2	1405	95	156
M535_4	M2115_4	2	1239	249	429
M535_4	M531_4	2	1302	412	702
F1475_4	F1807_4	3	1399	1344	1344
F1475_4	F1893_4	3	1330	351	351
F1475_4	F243_4	3	1316	433	433
F1475_4	F2535_4	3	1333	402	402
F1475_4	F341_4	3	1309	933	933
F1475_4	F788_4	3	1141	421	421
F1475_4	F870_4	3	1220	732	732
F1475_4	F936_4	3	1293	361	361
F1475_4	M1565_4	3	1135	635	635
F1475_4	M172_4	3	1391	808	808
F1475_4	M2001_4	3	1169	595	595
F1475_4	M2287_4	3	1208	547	547
F1475_4	M9_4	3	1408	593	593
F1807_4	F1475_4	3	1399	310	310
F1807_4	F1893_4	3	1261	179	179
F1807_4	F243_4	3	1305	258	258
F1807_4	F2535_4	3	1251	205	205
F1807_4	F341_4	3	1325	736	736
F1807_4	F788_4	3	1232	258	258
F1807_4	F870_4	3	1298	542	542
F1807_4	F936_4	3	1174	180	180
F1807_4	M1565_4	3	1325	496	496
F1807_4	M172_4	3	1406	583	583
F1807_4	M2001_4	3	1166	377	377
F1807_4	M2287_4	3	1096	313	313
F1807_4	M9_4	3	1114	270	270
F1893_4	F1475_4	3	1330	1026	1026
F1893_4	F1807_4	3	1261	1255	1255
F1893_4	F243_4	3	1276	989	989
F1893_4	F2535_4	3	1180	863	863
F1893_4	F341_4	3	1206	1145	1145
F1893_4	F788_4	3	1201	934	934
F1893_4	F870_4	3	1277	1139	1139
F1893_4	F936_4	3	1409	965	965
F1893_4	M1565_4	3	1291	1161	1161
F1893_4	M172_4	3	1327	1203	1203
F1893_4	M2001_4	3	1143	1004	1004
F1893_4	M2287_4	3	1377	1143	1143
F1893_4	M9_4	3	1229	1005	1005
F243_4	F1475_4	3	1316	442	442
F243_4	F1807_4	3	1305	1241	1241
F243_4	F1893_4	3	1276	304	304
F243_4	F2535_4	3	1503	429	429
F243_4	F341_4	3	1283	869	869
F243_4	F788_4	3	1284	462	462
F243_4	F870_4	3	1171	676	676
F243_4	F936_4	3	1183	311	311
F243_4	M1565_4	3	1195	682	682
F243_4	M172_4	3	1304	802	802
F243_4	M2001_4	3	1256	607	607
F243_4	M2287_4	3	1428	597	597
F243_4	M9_4	3	1302	542	542
F2535_4	F1475_4	3	1333	1090	2564
F2535_4	F1807_4	3	1251	1244	2879
F2535_4	F1893_4	3	1180	844	1916
F2535_4	F243_4	3	1503	1188	2793
F2535_4	F341_4	3	1277	1210	2747
F2535_4	F788_4	3	1205	954	2269
F2535_4	F870_4	3	1423	1309	3006
F2535_4	F936_4	3	1174	844	2046
F2535_4	M1565_4	3	1252	1151	2678
F2535_4	M172_4	3	1258	1164	2703
F2535_4	M2001_4	3	1394	1264	2988
F2535_4	M2287_4	3	1262	1086	2554
F2535_4	M9_4	3	1327	1137	2603
F341_4	F1475_4	3	1309	292	292
F341_4	F1807_4	3	1325	1221	1221
F341_4	F1893_4	3	1206	174	174
F341_4	F243_4	3	1283	239	239
F341_4	F2535_4	3	1277	210	210
F341_4	F788_4	3	1254	264	264
F341_4	F870_4	3	1291	544	544
F341_4	F936_4	3	1354	204	204
F341_4	M1565_4	3	1234	523	523
F341_4	M172_4	3	1334	549	549
F341_4	M2001_4	3	1282	426	426
F341_4	M2287_4	3	1257	346	346
F341_4	M9_4	3	1213	318	318
F788_4	F1475_4	3	1141	212	212
F788_4	F1807_4	3	1232	1108	1108
F788_4	F1893_4	3	1201	145	145
F788_4	F243_4	3	1284	233	233
F788_4	F2535_4	3	1205	197	197
F788_4	F341_4	3	1254	609	609
F788_4	F870_4	3	1183	439	439
F788_4	F936_4	3	1307	156	156
F788_4	M1565_4	3	1285	446	446
F788_4	M172_4	3	1405	554	554
F788_4	M2001_4	3	1233	386	386
F788_4	M2287_4	3	1221	297	297
F788_4	M9_4	3	1223	282	282
F870_4	F1475_4	3	1220	590	1344
F870_4	F1807_4	3	1298	1261	2937
F870_4	F1893_4	3	1277	470	1065
F870_4	F243_4	3	1171	555	1291
F870_4	F2535_4	3	1423	630	1454
F870_4	F341_4	3	1291	1045	2437
F870_4	F788_4	3	1183	603	1454
F870_4	F936_4	3	1362	514	1226
F870_4	M1565_4	3	1171	835	1908
F870_4	M172_4	3	1312	936	2178
F870_4	M2001_4	3	1360	870	2000
F870_4	M2287_4	3	1293	768	1802
F870_4	M9_4	3	1470	780	1838
F936_4	F1475_4	3	1293	811	811
F936_4	F1807_4	3	1174	1151	1151
F936_4	F1893_4	3	1409	725	725
F936_4	F243_4	3	1183	729	729
F936_4	F2535_4	3	1174	669	669
F936_4	F341_4	3	1354	1164	1164
F936_4	F788_4	3	1307	821	821
F936_4	F870_4	3	1362	1116	1116
F936_4	M1565_4	3	1297	1038	1038
F936_4	M172_4	3	1241	1015	1015
F936_4	M2001_4	3	1428	1098	1098
F936_4	M2287_4	3	1338	968	968
F936_4	M9_4	3	1234	884	884
M1565_4	F1475_4	3	1135	346	559
M1565_4	F1807_4	3	1325	1245	2064
M1565_4	F1893_4	3	1291	307	496
M1565_4	F243_4	3	1195	360	637
M1565_4	F2535_4	3	1252	313	524
M1565_4	F341_4	3	1234	793	1304
M1565_4	F788_4	3	1285	409	686
M1565_4	F870_4	3	1171	597	1026
M1565_4	F936_4	3	1297	301	492
M1565_4	M172_4	3	1186	640	1084
M1565_4	M2001_4	3	1233	557	924
M1565_4	M2287_4	3	1208	460	752
M1565_4	M9_4	3	1336	458	761
M172_4	F1475_4	3	1391	395	651
M172_4	F1807_4	3	1406	1323	2087
M172_4	F1893_4	3	1327	287	460
M172_4	F243_4	3	1304	320	514
M172_4	F2535_4	3	1258	309	497
M172_4	F341_4	3	1334	838	1321
M172_4	F788_4	3	1405	379	603
M172_4	F870_4	3	1312	658	1074
M172_4	F936_4	3	1241	261	429
M172_4	M1565_4	3	1186	590	968
M172_4	M2001_4	3	1251	575	909
M172_4	M2287_4	3	1282	488	778
M172_4	M9_4	3	1407	491	802
M2001_4	F1475_4	3	1169	391	679
M2001_4	F1807_4	3	1166	1105	1823
M2001_4	F1893_4	3	1143	290	473
M2001_4	F243_4	3	1256	410	657
M2001_4	F2535_4	3	1394	391	649
M2001_4	F341_4	3	1282	851	1408
M2001_4	F788_4	3	1233	404	659
M2001_4	F870_4	3	1360	749	1213
M2001_4	F936_4	3	1428	347	563
M2001_4	M1565_4	3	1233	672	1152
M2001_4	M172_4	3	1251	719	1171
M2001_4	M2287_4	3	1289	542	901
M2001_4	M9_4	3	1325	534	881
M2287_4	F1475_4	3	1208	1049	1109
M2287_4	F1807_4	3	1096	1092	1152
M2287_4	F1893_4	3	1377	1092	1153
M2287_4	F243_4	3	1428	1240	1305
M2287_4	F2535_4	3	1262	1064	1115
M2287_4	F341_4	3	1257	1211	1274
M2287_4	F788_4	3	1221	1057	1114
M2287_4	F870_4	3	1293	1207	1275
M2287_4	F936_4	3	1338	1090	1139
M2287_4	M1565_4	3	1208	1120	1194
M2287_4	M172_4	3	1282	1203	1272
M2287_4	M2001_4	3	1289	1208	1276
M2287_4	M9_4	3	1315	1175	1243
M9_4	F1475_4	3	1408	361	361
M9_4	F1807_4	3	1114	1031	1031
M9_4	F1893_4	3	1229	201	201
M9_4	F243_4	3	1302	309	309
M9_4	F2535_4	3	1327	266	266
M9_4	F341_4	3	1213	686	686
M9_4	F788_4	3	1223	313	313
M9_4	F870_4	3	1470	694	694
M9_4	F936_4	3	1234	224	224
M9_4	M1565_4	3	1336	614	614
M9_4	M172_4	3	1407	636	636
M9_4	M2001_4	3	1325	509	509
M9_4	M2287_4	3	1315	426	426
F1114_4	F435_4	4	1314	1000	3591
F1114_4	F60_4	4	1326	844	3057
F1114_4	F915_4	4	1244	989	3637
F1114_4	M1576_4	4	1304	1072	3890
F1114_4	M1760_4	4	1253	947	3415
F1114_4	M2093_4	4	1266	196	720
F1114_4	M210_4	4	1351	720	2573
F1114_4	M2137_4	4	1201	879	3137
F1114_4	M2180_4	4	1231	802	2878
F1114_4	M2226_4	4	1270	578	2086
F1114_4	M2447_4	4	1179	1070	3884
F1114_4	M313_4	4	1255	583	2090
F1114_4	M656_4	4	1409	1227	4457
F435_4	F1114_4	4	1314	2	2
F435_4	F60_4	4	1129	103	103
F435_4	F915_4	4	1243	222	222
F435_4	M1576_4	4	1388	218	218
F435_4	M1760_4	4	1112	162	162
F435_4	M2093_4	4	1289	12	12
F435_4	M210_4	4	1279	63	63
F435_4	M2137_4	4	1229	152	152
F435_4	M2180_4	4	1287	116	116
F435_4	M2226_4	4	1273	56	56
F435_4	M2447_4	4	1137	396	396
F435_4	M313_4	4	1183	46	46
F435_4	M656_4	4	1335	363	363
F60_4	F1114_4	4	1326	10	28
F60_4	F435_4	4	1129	543	1594
F60_4	F915_4	4	1295	707	2113
F60_4	M1576_4	4	1376	781	2329
F60_4	M1760_4	4	1378	653	1945
F60_4	M2093_4	4	1203	70	202
F60_4	M210_4	4	1306	349	1018
F60_4	M2137_4	4	1209	563	1643
F60_4	M2180_4	4	1251	459	1354
F60_4	M2226_4	4	1043	191	535
F60_4	M2447_4	4	1297	966	2882
F60_4	M313_4	4	1309	289	912
F60_4	M656_4	4	1574	1090	3188
F915_4	F1114_4	4	1244	88	353
F915_4	F435_4	4	1243	1123	4591
F915_4	F60_4	4	1295	1064	4256
F915_4	M1576_4	4	1368	1270	5305
F915_4	M1760_4	4	1254	1148	4645
F915_4	M2093_4	4	1311	468	1891
F915_4	M210_4	4	1310	997	4061
F915_4	M2137_4	4	1207	1070	4386
F915_4	M2180_4	4	1257	1062	4371
F915_4	M2226_4	4	1106	754	2996
F915_4	M2447_4	4	1547	1490	6071
F915_4	M313_4	4	1156	850	3457
F915_4	M656_4	4	1136	1075	4461
M1576_4	F1114_4	4	1304	5	21
M1576_4	F435_4	4	1388	476	2082
M1576_4	F60_4	4	1376	308	1297
M1576_4	F915_4	4	1368	509	2170
M1576_4	M1760_4	4	1290	413	1685
M1576_4	M2093_4	4	1251	38	160
M1576_4	M210_4	4	1242	180	779
M1576_4	M2137_4	4	1418	436	1846
M1576_4	M2180_4	4	1189	272	1163
M1576_4	M2226_4	4	1244	127	569
M1576_4	M2447_4	4	1342	808	3384
M1576_4	M313_4	4	1332	210	879
M1576_4	M656_4	4	1144	558	2398
M1760_4	F1114_4	4	1253	6	6
M1760_4	F435_4	4	1112	392	392
M1760_4	F60_4	4	1378	300	300
M1760_4	F915_4	4	1254	496	496
M1760_4	M1576_4	4	1290	553	553
M1760_4	M2093_4	4	1203	36	36
M1760_4	M210_4	4	1307	208	208
M1760_4	M2137_4	4	1279	409	409
M1760_4	M2180_4	4	1327	312	312
M1760_4	M2226_4	4	1181	137	137
M1760_4	M2447_4	4	1193	744	744
M1760_4	M313_4	4	1294	191	191
M1760_4	M656_4	4	1190	676	676
M2093_4	F1114_4	4	1266	14	14
M2093_4	F435_4	4	1289	830	830
M2093_4	F60_4	4	1203	598	598
M2093_4	F915_4	4	1311	943	943
M2093_4	M1576_4	4	1251	897	897
M2093_4	M1760_4	4	1203	802	802
M2093_4	M210_4	4	1402	554	554
M2093_4	M2137_4	4	1290	777	777
M2093_4	M2180_4	4	1223	664	664
M2093_4	M2226_4	4	1208	368	368
M2093_4	M2447_4	4	1274	1064	1064
M2093_4	M313_4	4	1342	409	409
M2093_4	M656_4	4	1201	979	979
M210_4	F1114_4	4	1351	7	19
M210_4	F435_4	4	1279	396	936
M210_4	F60_4	4	1306	251	563
M210_4	F915_4	4	1310	484	1131
M210_4	M1576_4	4	1242	469	1037
M210_4	M1760_4	4	1307	416	951
M210_4	M2093_4	4	1402	39	85
M210_4	M2137_4	4	1207	356	850
M210_4	M2180_4	4	1175	262	612
M210_4	M2226_4	4	1300	120	291
M210_4	M2447_4	4	1435	875	1957
M210_4	M313_4	4	1337	163	359
M210_4	M656_4	4	1304	630	1389
M2137_4	F1114_4	4	1201	47	140
M2137_4	F435_4	4	1229	1041	3005
M2137_4	F60_4	4	1209	877	2589
M2137_4	F915_4	4	1207	1048	3100
M2137_4	M1576_4	4	1418	1238	3635
M2137_4	M1760_4	4	1279	1066	3097
M2137_4	M2093_4	4	1290	305	875
M2137_4	M210_4	4	1207	779	2311
M2137_4	M2180_4	4	1236	938	2803
M2137_4	M2226_4	4	1494	851	2501
M2137_4	M2447_4	4	1200	1125	3442
M2137_4	M313_4	4	1307	769	2228
M2137_4	M656_4	4	1278	1178	3410
M2180_4	F1114_4	4	1231	23	23
M2180_4	F435_4	4	1287	984	984
M2180_4	F60_4	4	1251	804	804
M2180_4	F915_4	4	1257	1008	1008
M2180_4	M1576_4	4	1189	965	965
M2180_4	M1760_4	4	1327	1000	1000
M2180_4	M2093_4	4	1223	199	199
M2180_4	M210_4	4	1175	621	621
M2180_4	M2137_4	4	1236	921	921
M2180_4	M2226_4	4	1185	537	537
M2180_4	M2447_4	4	1194	1091	1091
M2180_4	M313_4	4	1471	687	687
M2180_4	M656_4	4	1402	1240	1240
M2226_4	F1114_4	4	1270	17	30
M2226_4	F435_4	4	1273	866	1628
M2226_4	F60_4	4	1043	541	1019
M2226_4	F915_4	4	1106	814	1554
M2226_4	M1576_4	4	1244	911	1751
M2226_4	M1760_4	4	1181	799	1518
M2226_4	M2093_4	4	1208	115	221
M2226_4	M210_4	4	1300	530	1018
M2226_4	M2137_4	4	1494	954	1793
M2226_4	M2180_4	4	1185	660	1223
M2226_4	M2447_4	4	1240	1078	2088
M2226_4	M313_4	4	1413	471	884
M2226_4	M656_4	4	1275	1055	2033
M2447_4	F1114_4	4	1179	29	63
M2447_4	F435_4	4	1137	832	2018
M2447_4	F60_4	4	1297	791	1966
M2447_4	F915_4	4	1547	1197	2909
M2447_4	M1576_4	4	1342	1071	2571
M2447_4	M1760_4	4	1193	885	2106
M2447_4	M2093_4	4	1274	173	424
M2447_4	M210_4	4	1435	709	1774
M2447_4	M2137_4	4	1200	864	2114
M2447_4	M2180_4	4	1194	728	1811
M2447_4	M2226_4	4	1240	514	1206
M2447_4	M313_4	4	1239	538	1339
M2447_4	M656_4	4	1159	1012	2533
M313_4	F1114_4	4	1255	27	29
M313_4	F435_4	4	1183	830	907
M313_4	F60_4	4	1309	722	789
M313_4	F915_4	4	1156	848	921
M313_4	M1576_4	4	1332	1022	1121
M313_4	M1760_4	4	1294	902	976
M313_4	M2093_4	4	1342	162	178
M313_4	M210_4	4	1337	633	689
M313_4	M2137_4	4	1307	860	935
M313_4	M2180_4	4	1471	862	929
M313_4	M2226_4	4	1413	491	521
M313_4	M2447_4	4	1239	1100	1188
M313_4	M656_4	4	1142	977	1067
M656_4	F1114_4	4	1409	4	4
M656_4	F435_4	4	1335	318	374
M656_4	F60_4	4	1574	197	229
M656_4	F915_4	4	1136	315	359
M656_4	M1576_4	4	1144	322	386
M656_4	M1760_4	4	1190	272	318
M656_4	M2093_4	4	1201	26	31
M656_4	M210_4	4	1304	134	156
M656_4	M2137_4	4	1278	287	348
M656_4	M2180_4	4	1402	225	265
M656_4	M2226_4	4	1275	81	92
M656_4	M2447_4	4	1159	562	663
M656_4	M313_4	4	1142	87	98
F1104_4	F1600_4	5	1103	305	305
F1104_4	F1627_4	5	1313	224	224
F1104_4	F1880_4	5	1289	135	135
F1104_4	F2225_4	5	1226	81	81
F1104_4	F2744_4	5	1318	96	96
F1104_4	F656_4	5	1323	564	564
F1104_4	M1550_4	5	1118	692	692
F1104_4	M1600_4	5	1317	383	383
F1104_4	M1784_4	5	1265	429	429
F1104_4	M2167_4	5	1275	255	255
F1104_4	M240_4	5	1322	83	83
F1104_4	M381_4	5	1258	708	708
F1104_4	M685_4	5	1320	620	620
F1600_4	F1104_4	5	1103	560	1310
F1600_4	F1627_4	5	1344	450	1041
F1600_4	F1880_4	5	1182	192	474
F1600_4	F2225_4	5	1354	153	359
F1600_4	F2744_4	5	1272	192	450
F1600_4	F656_4	5	1149	657	1527
F1600_4	M1550_4	5	1222	929	2155
F1600_4	M1600_4	5	1254	598	1410
F1600_4	M1784_4	5	1232	660	1602
F1600_4	M2167_4	5	1330	483	1122
F1600_4	M240_4	5	1276	170	400
F1600_4	M381_4	5	1178	893	2140
F1600_4	M685_4	5	1182	787	1795
F1627_4	F1104_4	5	1313	1224	1224
F1627_4	F1600_4	5	1344	1199	1199
F1627_4	F1880_4	5	1115	814	814
F1627_4	F2225_4	5	1294	832	832
F1627_4	F2744_4	5	1298	891	891
F1627_4	F656_4	5	1005	951	951
F1627_4	M1550_4	5	1174	1148	1148
F1627_4	M1600_4	5	1299	1181	1181
F1627_4	M1784_4	5	1185	1113	1113
F1627_4	M2167_4	5	1258	1110	1110
F1627_4	M240_4	5	1210	806	806
F1627_4	M381_4	5	1267	1231	1231
F1627_4	M685_4	5	1401	1345	1345
F1880_4	F1104_4	5	1289	1249	2583
F1880_4	F1600_4	5	1182	1106	2231
F1880_4	F1627_4	5	1115	1004	2127
F1880_4	F2225_4	5	1344	1040	2174
F1880_4	F2744_4	5	1212	993	2086
F1880_4	F656_4	5	1159	1123	2358
F1880_4	M1550_4	5	1436	1419	2902
F1880_4	M1600_4	5	1309	1251	2595
F1880_4	M1784_4	5	1270	1212	2474
F1880_4	M2167_4	5	1269	1192	2483
F1880_4	M240_4	5	1229	965	2066
F1880_4	M381_4	5	1284	1266	2648
F1880_4	M685_4	5	1375	1341	2817
F2225_4	F1104_4	5	1226	1051	1224
F2225_4	F1600_4	5	1354	1111	1267
F2225_4	F1627_4	5	1294	914	1051
F2225_4	F1880_4	5	1344	726	846
F2225_4	F2744_4	5	1286	643	737
F2225_4	F656_4	5	1135	1007	1155
F2225_4	M1550_4	5	1318	1261	1437
F2225_4	M1600_4	5	1059	852	987
F2225_4	M1784_4	5	1366	1184	1358
F2225_4	M2167_4	5	1142	853	958
F2225_4	M240_4	5	1310	610	707
F2225_4	M381_4	5	1201	1131	1292
F2225_4	M685_4	5	1273	1155	1346
F2744_4	F1104_4	5	1318	1195	1195
F2744_4	F1600_4	5	1272	1124	1124
F2744_4	F1627_4	5	1298	1042	1042
F2744_4	F1880_4	5	1212	872	872
F2744_4	F2225_4	5	1286	779	779
F2744_4	F656_4	5	1298	1218	1218
F2744_4	M1550_4	5	1191	1162	1162
F2744_4	M1600_4	5	1219	1121	1121
F2744_4	M1784_4	5	1232	1135	1135
F2744_4	M2167_4	5	1448	1234	1234
F2744_4	M240_4	5	1213	742	742
F2744_4	M381_4	5	1297	1253	1253
F2744_4	M685_4	5	1261	1209	1209
F656_4	F1104_4	5	1323	516	2019
F656_4	F1600_4	5	1149	300	1089
F656_4	F1627_4	5	1005	200	742
F656_4	F1880_4	5	1159	125	463
F656_4	F2225_4	5	1135	91	338
F656_4	F2744_4	5	1298	122	474
F656_4	M1550_4	5	1197	799	3072
F656_4	M1600_4	5	1321	475	1859
F656_4	M1784_4	5	1325	556	2116
F656_4	M2167_4	5	1243	296	1141
F656_4	M240_4	5	1203	123	481
F656_4	M381_4	5	1299	823	3121
F656_4	M685_4	5	1277	697	2553
M1550_4	F1104_4	5	1118	288	1191
M1550_4	F1600_4	5	1222	218	941
M1550_4	F1627_4	5	1174	136	581
M1550_4	F1880_4	5	1436	81	344
M1550_4	F2225_4	5	1318	51	240
M1550_4	F2744_4	5	1191	69	306
M1550_4	F656_4	5	1197	373	1590
M1550_4	M1600_4	5	1190	251	1081
M1550_4	M1784_4	5	1240	322	1358
M1550_4	M2167_4	5	1440	205	876
M1550_4	M240_4	5	1192	41	159
M1550_4	M381_4	5	1201	607	2564
M1550_4	M685_4	5	1240	465	1981
M1600_4	F1104_4	5	1317	999	3572
M1600_4	F1600_4	5	1254	844	2929
M1600_4	F1627_4	5	1299	743	2615
M1600_4	F1880_4	5	1309	516	1895
M1600_4	F2225_4	5	1059	313	1116
M1600_4	F2744_4	5	1219	424	1420
M1600_4	F656_4	5	1321	1064	3616
M1600_4	M1550_4	5	1190	1080	3832
M1600_4	M1784_4	5	1308	977	3396
M1600_4	M2167_4	5	1310	825	2929
M1600_4	M240_4	5	1241	414	1441
M1600_4	M381_4	5	1296	1154	4013
M1600_4	M685_4	5	1357	1148	4006
M1784_4	F1104_4	5	1265	870	870
M1784_4	F1600_4	5	1232	710	710
M1784_4	F1627_4	5	1185	546	546
M1784_4	F1880_4	5	1270	409	409
M1784_4	F2225_4	5	1366	293	293
M1784_4	F2744_4	5	1232	352	352
M1784_4	F656_4	5	1325	971	971
M1784_4	M1550_4	5	1240	1085	1085
M1784_4	M1600_4	5	1308	822	822
M1784_4	M2167_4	5	1257	664	664
M1784_4	M240_4	5	1235	316	316
M1784_4	M381_4	5	1245	1067	1067
M1784_4	M685_4	5	1296	1040	1040
M2167_4	F1104_4	5	1275	1101	1101
M2167_4	F1600_4	5	1330	1072	1072
M2167_4	F1627_4	5	1258	904	904
M2167_4	F1880_4	5	1269	690	690
M2167_4	F2225_4	5	1142	499	499
M2167_4	F2744_4	5	1448	707	707
M2167_4	F656_4	5	1243	1110	1110
M2167_4	M1550_4	5	1440	1382	1382
M2167_4	M1600_4	5	1310	1100	1100
M2167_4	M1784_4	5	1257	1058	1058
M2167_4	M240_4	5	1392	696	696
M2167_4	M381_4	5	1295	1226	1226
M2167_4	M685_4	5	1245	1124	1124
M240_4	F1104_4	5	1322	882	1961
M240_4	F1600_4	5	1276	757	1666
M240_4	F1627_4	5	1210	601	1363
M240_4	F1880_4	5	1229	375	829
M240_4	F2225_4	5	1310	320	733
M240_4	F2744_4	5	1213	344	779
M240_4	F656_4	5	1203	871	1879
M240_4	M1550_4	5	1192	1023	2248
M240_4	M1600_4	5	1241	818	1810
M240_4	M1784_4	5	1235	881	1952
M240_4	M2167_4	5	1392	709	1566
M240_4	M381_4	5	1371	1190	2613
M240_4	M685_4	5	1314	1027	2249
M381_4	F1104_4	5	1258	1160	3577
M381_4	F1600_4	5	1178	1059	3336
M381_4	F1627_4	5	1267	1089	3391
M381_4	F1880_4	5	1284	952	3028
M381_4	F2225_4	5	1201	779	2472
M381_4	F2744_4	5	1297	929	2885
M381_4	F656_4	5	1299	1231	3801
M381_4	M1550_4	5	1201	1171	3771
M381_4	M1600_4	5	1296	1206	3871
M381_4	M1784_4	5	1245	1156	3682
M381_4	M2167_4	5	1295	1143	3511
M381_4	M240_4	5	1371	922	2796
M381_4	M685_4	5	1163	1121	3580
M685_4	F1104_4	5	1320	1245	2181
M685_4	F1600_4	5	1182	1095	1952
M685_4	F1627_4	5	1401	1226	2177
M685_4	F1880_4	5	1375	1067	1845
M685_4	F2225_4	5	1273	855	1503
M685_4	F2744_4	5	1261	949	1675
M685_4	F656_4	5	1277	1222	2206
M685_4	M1550_4	5	1240	1215	2147
M685_4	M1600_4	5	1357	1261	2232
M685_4	M1784_4	5	1296	1216	2161
M685_4	M2167_4	5	1245	1106	1958
M685_4	M240_4	5	1314	935	1638
M685_4	M381_4	5	1163	1142	2037
F1473_4	F2271_4	6	1201	966	966
F1473_4	F2291_4	6	1270	1104	1104
F1473_4	F277_4	6	1306	1249	1249
F1473_4	F684_4	6	1253	995	995
F1473_4	M1095_4	6	1211	698	698
F1473_4	M1147_4	6	1329	599	599
F1473_4	M1277_4	6	1324	1229	1229
F1473_4	M1703_4	6	1246	692	692
F1473_4	M2460_4	6	1356	674	674
F1473_4	M281_4	6	1286	1210	1210
F1473_4	M433_4	6	1237	1221	1221
F1473_4	M616_4	6	1247	674	674
F1473_4	M650_4	6	1217	438	438
F2271_4	F1473_4	6	1201	1078	1078
F2271_4	F2291_4	6	1183	1082	1082
F2271_4	F277_4	6	1128	1095	1095
F2271_4	F684_4	6	1516	1322	1322
F2271_4	M1095_4	6	1257	891	891
F2271_4	M1147_4	6	1340	837	837
F2271_4	M1277_4	6	1281	1223	1223
F2271_4	M1703_4	6	1262	867	867
F2271_4	M2460_4	6	1281	855	855
F2271_4	M281_4	6	1358	1312	1312
F2271_4	M433_4	6	1301	1290	1290
F2271_4	M616_4	6	1335	880	880
F2271_4	M650_4	6	1148	603	603
F2291_4	F1473_4	6	1270	859	859
F2291_4	F2271_4	6	1183	754	754
F2291_4	F277_4	6	1395	1216	1216
F2291_4	F684_4	6	1211	736	736
F2291_4	M1095_4	6	1317	511	511
F2291_4	M1147_4	6	1266	339	339
F2291_4	M1277_4	6	1392	1199	1199
F2291_4	M1703_4	6	1304	424	424
F2291_4	M2460_4	6	1279	394	394
F2291_4	M281_4	6	1340	1174	1174
F2291_4	M433_4	6	1287	1235	1235
F2291_4	M616_4	6	1307	430	430
F2291_4	M650_4	6	1325	242	242
F277_4	F1473_4	6	1306	656	1823
F277_4	F2271_4	6	1128	487	1370
F277_4	F2291_4	6	1395	759	2141
F277_4	F684_4	6	1254	514	1401
F277_4	M1095_4	6	1341	263	732
F277_4	M1147_4	6	1251	175	511
F277_4	M1277_4	6	1397	1007	2763
F277_4	M1703_4	6	1237	231	632
F277_4	M2460_4	6	1384	240	694
F277_4	M281_4	6	1352	1055	2934
F277_4	M433_4	6	1229	1137	3161
F277_4	M616_4	6	1272	251	674
F277_4	M650_4	6	1213	111	307
F684_4	F1473_4	6	1253	371	1140
F684_4	F2271_4	6	1516	363	1144
F684_4	F2291_4	6	1211	393	1289
F684_4	F277_4	6	1254	707	2228
F684_4	M1095_4	6	1196	122	382
F684_4	M1147_4	6	1381	85	269
F684_4	M1277_4	6	1274	657	2046
F684_4	M1703_4	6	1185	102	335
F684_4	M2460_4	6	1290	94	293
F684_4	M281_4	6	1348	766	2411
F684_4	M433_4	6	1167	976	3066
F684_4	M616_4	6	1255	98	326
F684_4	M650_4	6	1326	68	222
M1095_4	F1473_4	6	1211	427	634
M1095_4	F2271_4	6	1257	413	609
M1095_4	F2291_4	6	1317	561	862
M1095_4	F277_4	6	1341	855	1296
M1095_4	F684_4	6	1196	354	541
M1095_4	M1147_4	6	1370	134	201
M1095_4	M1277_4	6	1380	811	1192
M1095_4	M1703_4	6	1216	133	205
M1095_4	M2460_4	6	1333	146	214
M1095_4	M281_4	6	1291	783	1188
M1095_4	M433_4	6	1218	1063	1594
M1095_4	M616_4	6	1369	162	235
M1095_4	M650_4	6	1441	90	126
M1147_4	F1473_4	6	1329	673	833
M1147_4	F2271_4	6	1340	625	783
M1147_4	F2291_4	6	1266	675	841
M1147_4	F277_4	6	1251	956	1205
M1147_4	F684_4	6	1381	615	766
M1147_4	M1095_4	6	1370	282	357
M1147_4	M1277_4	6	1246	917	1138
M1147_4	M1703_4	6	1159	201	257
M1147_4	M2460_4	6	1359	253	317
M1147_4	M281_4	6	1279	989	1220
M1147_4	M433_4	6	1085	996	1237
M1147_4	M616_4	6	1262	198	242
M1147_4	M650_4	6	1133	105	129
M1277_4	F1473_4	6	1324	566	566
M1277_4	F2271_4	6	1281	502	502
M1277_4	F2291_4	6	1392	658	658
M1277_4	F277_4	6	1397	994	994
M1277_4	F684_4	6	1274	443	443
M1277_4	M1095_4	6	1380	233	233
M1277_4	M1147_4	6	1246	141	141
M1277_4	M1703_4	6	1281	196	196
M1277_4	M2460_4	6	1369	190	190
M1277_4	M281_4	6	1387	945	945
M1277_4	M433_4	6	1231	1108	1108
M1277_4	M616_4	6	1348	173	173
M1277_4	M650_4	6	1336	98	98
M1703_4	F1473_4	6	1246	758	1727
M1703_4	F2271_4	6	1262	726	1688
M1703_4	F2291_4	6	1304	853	1981
M1703_4	F277_4	6	1237	1048	2390
M1703_4	F684_4	6	1185	660	1540
M1703_4	M1095_4	6	1216	347	810
M1703_4	M1147_4	6	1159	243	535
M1703_4	M1277_4	6	1281	1049	2405
M1703_4	M2460_4	6	1347	304	691
M1703_4	M281_4	6	1157	963	2179
M1703_4	M433_4	6	1303	1235	2794
M1703_4	M616_4	6	1348	328	772
M1703_4	M650_4	6	1184	181	406
M2460_4	F1473_4	6	1356	438	438
M2460_4	F2271_4	6	1281	339	339
M2460_4	F2291_4	6	1279	460	460
M2460_4	F277_4	6	1384	845	845
M2460_4	F684_4	6	1290	347	347
M2460_4	M1095_4	6	1333	138	138
M2460_4	M1147_4	6	1359	108	108
M2460_4	M1277_4	6	1369	751	751
M2460_4	M1703_4	6	1347	114	114
M2460_4	M281_4	6	1343	814	814
M2460_4	M433_4	6	1321	1139	1139
M2460_4	M616_4	6	1219	123	123
M2460_4	M650_4	6	1164	58	58
M281_4	F1473_4	6	1286	921	935
M281_4	F2271_4	6	1358	898	908
M281_4	F2291_4	6	1340	985	993
M281_4	F277_4	6	1352	1222	1235
M281_4	F684_4	6	1348	868	876
M281_4	M1095_4	6	1291	512	519
M281_4	M1147_4	6	1279	407	412
M281_4	M1277_4	6	1387	1176	1191
M281_4	M1703_4	6	1157	404	405
M281_4	M2460_4	6	1343	420	424
M281_4	M433_4	6	1326	1283	1294
M281_4	M616_4	6	1149	406	410
M281_4	M650_4	6	1398	316	322
M433_4	F1473_4	6	1237	979	979
M433_4	F2271_4	6	1301	982	982
M433_4	F2291_4	6	1287	1043	1043
M433_4	F277_4	6	1229	1147	1147
M433_4	F684_4	6	1167	852	852
M433_4	M1095_4	6	1218	595	595
M433_4	M1147_4	6	1085	435	435
M433_4	M1277_4	6	1231	1127	1127
M433_4	M1703_4	6	1303	592	592
M433_4	M2460_4	6	1321	588	588
M433_4	M281_4	6	1326	1227	1227
M433_4	M616_4	6	1140	541	541
M433_4	M650_4	6	1242	375	375
M616_4	F1473_4	6	1247	922	922
M616_4	F2271_4	6	1335	872	872
M616_4	F2291_4	6	1307	979	979
M616_4	F277_4	6	1272	1137	1137
M616_4	F684_4	6	1255	837	837
M616_4	M1095_4	6	1369	537	537
M616_4	M1147_4	6	1262	405	405
M616_4	M1277_4	6	1348	1185	1185
M616_4	M1703_4	6	1348	528	528
M616_4	M2460_4	6	1219	425	425
M616_4	M281_4	6	1149	1025	1025
M616_4	M433_4	6	1140	1098	1098
M616_4	M650_4	6	1231	270	270
M650_4	F1473_4	6	1217	553	1709
M650_4	F2271_4	6	1148	488	1507
M650_4	F2291_4	6	1325	688	2058
M650_4	F277_4	6	1213	881	2700
M650_4	F684_4	6	1326	536	1630
M650_4	M1095_4	6	1441	325	1043
M650_4	M1147_4	6	1133	134	428
M650_4	M1277_4	6	1336	932	2874
M650_4	M1703_4	6	1184	192	588
M650_4	M2460_4	6	1164	178	564
M650_4	M281_4	6	1398	1036	3214
M650_4	M433_4	6	1242	1145	3524
M650_4	M616_4	6	1231	188	598
F1492_4	F2360_4	7	1385	674	2583
F1492_4	F2395_4	7	1217	384	1432
F1492_4	F306_4	7	1234	362	1427
F1492_4	F501_4	7	1318	1262	4858
F1492_4	F988_4	7	1198	111	432
F1492_4	M1222_4	7	1264	928	3678
F1492_4	M1240_4	7	1323	590	2364
F1492_4	M1242_4	7	1176	958	3815
F1492_4	M159_4	7	1298	1171	4584
F1492_4	M1869_4	7	1338	808	3117
F1492_4	M2151_4	7	1178	643	2555
F1492_4	M366_4	7	1314	1023	4050
F1492_4	M720_4	7	1175	832	3250
F2360_4	F1492_4	7	1385	1339	1339
F2360_4	F2395_4	7	1122	922	922
F2360_4	F306_4	7	1248	1040	1040
F2360_4	F501_4	7	1330	1324	1324
F2360_4	F988_4	7	1253	720	720
F2360_4	M1222_4	7	1405	1357	1357
F2360_4	M1240_4	7	1231	1096	1096
F2360_4	M1242_4	7	1223	1200	1200
F2360_4	M159_4	7	1208	1197	1197
F2360_4	M1869_4	7	1358	1298	1298
F2360_4	M2151_4	7	1186	1094	1094
F2360_4	M366_4	7	1285	1253	1253
F2360_4	M720_4	7	1324	1270	1270
F2395_4	F1492_4	7	1217	762	1616
F2395_4	F2360_4	7	1122	501	1013
F2395_4	F306_4	7	1210	294	616
F2395_4	F501_4	7	1252	1196	2457
F2395_4	F988_4	7	1205	86	179
F2395_4	M1222_4	7	1300	919	1955
F2395_4	M1240_4	7	1366	519	1081
F2395_4	M1242_4	7	1274	1001	2140
F2395_4	M159_4	7	1138	972	2021
F2395_4	M1869_4	7	1335	751	1610
F2395_4	M2151_4	7	1256	567	1194
F2395_4	M366_4	7	1309	965	1964
F2395_4	M720_4	7	1267	802	1665
F306_4	F1492_4	7	1234	151	173
F306_4	F2360_4	7	1248	75	91
F306_4	F2395_4	7	1210	17	18
F306_4	F501_4	7	1209	778	917
F306_4	F988_4	7	1407	12	13
F306_4	M1222_4	7	1364	203	229
F306_4	M1240_4	7	1144	45	51
F306_4	M1242_4	7	1072	233	257
F306_4	M159_4	7	1022	342	379
F306_4	M1869_4	7	1263	127	141
F306_4	M2151_4	7	1324	99	110
F306_4	M366_4	7	1219	221	246
F306_4	M720_4	7	1287	156	179
F501_4	F1492_4	7	1318	1270	1270
F501_4	F2360_4	7	1330	1183	1183
F501_4	F2395_4	7	1252	976	976
F501_4	F306_4	7	1209	928	928
F501_4	F988_4	7	1304	608	608
F501_4	M1222_4	7	1180	1132	1132
F501_4	M1240_4	7	1190	1037	1037
F501_4	M1242_4	7	1306	1274	1274
F501_4	M159_4	7	1208	1192	1192
F501_4	M1869_4	7	1258	1187	1187
F501_4	M2151_4	7	1001	893	893
F501_4	M366_4	7	1222	1172	1172
F501_4	M720_4	7	1256	1178	1178
F988_4	F1492_4	7	1198	1133	1133
F988_4	F2360_4	7	1253	1118	1118
F988_4	F2395_4	7	1205	965	965
F988_4	F306_4	7	1407	1147	1147
F988_4	F501_4	7	1304	1298	1298
F988_4	M1222_4	7	1250	1210	1210
F988_4	M1240_4	7	1086	954	954
F988_4	M1242_4	7	1358	1334	1334
F988_4	M159_4	7	1311	1294	1294
F988_4	M1869_4	7	1292	1216	1216
F988_4	M2151_4	7	1345	1229	1229
F988_4	M366_4	7	1167	1140	1140
F988_4	M720_4	7	1311	1261	1261
M1222_4	F1492_4	7	1264	775	1031
M1222_4	F2360_4	7	1405	628	849
M1222_4	F2395_4	7	1300	319	438
M1222_4	F306_4	7	1364	338	449
M1222_4	F501_4	7	1180	1119	1435
M1222_4	F988_4	7	1250	92	130
M1222_4	M1240_4	7	1417	531	700
M1222_4	M1242_4	7	1178	923	1212
M1222_4	M159_4	7	1287	1116	1447
M1222_4	M1869_4	7	1326	758	998
M1222_4	M2151_4	7	1214	575	731
M1222_4	M366_4	7	1321	997	1290
M1222_4	M720_4	7	1427	892	1164
M1240_4	F1492_4	7	1323	1041	2530
M1240_4	F2360_4	7	1231	779	1827
M1240_4	F2395_4	7	1366	619	1489
M1240_4	F306_4	7	1144	515	1203
M1240_4	F501_4	7	1190	1160	2778
M1240_4	F988_4	7	1086	186	438
M1240_4	M1222_4	7	1417	1207	2873
M1240_4	M1242_4	7	1193	1079	2500
M1240_4	M159_4	7	1203	1139	2792
M1240_4	M1869_4	7	1227	922	2163
M1240_4	M2151_4	7	1391	943	2261
M1240_4	M366_4	7	1294	1118	2650
M1240_4	M720_4	7	1359	1072	2548
M1242_4	F1492_4	7	1176	1036	2234
M1242_4	F2360_4	7	1223	950	2038
M1242_4	F2395_4	7	1274	763	1578
M1242_4	F306_4	7	1072	656	1461
M1242_4	F501_4	7	1306	1299	2811
M1242_4	F988_4	7	1358	351	741
M1242_4	M1222_4	7	1178	1046	2205
M1242_4	M1240_4	7	1193	866	1817
M1242_4	M159_4	7	1304	1258	2692
M1242_4	M1869_4	7	1263	1079	2302
M1242_4	M2151_4	7	1275	1028	2243
M1242_4	M366_4	7	1261	1165	2625
M1242_4	M720_4	7	1281	1145	2454
M159_4	F1492_4	7	1298	1209	2282
M159_4	F2360_4	7	1208	1038	2042
M159_4	F2395_4	7	1138	820	1596
M159_4	F306_4	7	1022	729	1387
M159_4	F501_4	7	1208	1198	2321
M159_4	F988_4	7	1311	567	1110
M159_4	M1222_4	7	1287	1225	2344
M159_4	M1240_4	7	1203	1009	1893
M159_4	M1242_4	7	1304	1267	2466
M159_4	M1869_4	7	1289	1202	2348
M159_4	M2151_4	7	1397	1224	2376
M159_4	M366_4	7	1203	1148	2185
M159_4	M720_4	7	1296	1222	2379
M1869_4	F1492_4	7	1338	1272	2240
M1869_4	F2360_4	7	1358	1203	2201
M1869_4	F2395_4	7	1335	1029	1826
M1869_4	F306_4	7	1263	964	1715
M1869_4	F501_4	7	1258	1253	2217
M1869_4	F988_4	7	1292	635	1102
M1869_4	M1222_4	7	1326	1271	2288
M1869_4	M1240_4	7	1227	1058	1909
M1869_4	M1242_4	7	1263	1228	2166
M1869_4	M159_4	7	1289	1272	2280
M1869_4	M2151_4	7	1168	1023	1865
M1869_4	M366_4	7	1346	1294	2255
M1869_4	M720_4	7	1350	1272	2291
M2151_4	F1492_4	7	1178	480	1618
M2151_4	F2360_4	7	1186	317	1056
M2151_4	F2395_4	7	1256	171	581
M2151_4	F306_4	7	1324	189	627
M2151_4	F501_4	7	1001	900	3078
M2151_4	F988_4	7	1345	39	130
M2151_4	M1222_4	7	1214	609	2056
M2151_4	M1240_4	7	1391	303	1027
M2151_4	M1242_4	7	1275	814	2751
M2151_4	M159_4	7	1397	1039	3552
M2151_4	M1869_4	7	1168	441	1531
M2151_4	M366_4	7	1220	669	2324
M2151_4	M720_4	7	1356	596	2122
M366_4	F1492_4	7	1314	440	440
M366_4	F2360_4	7	1285	259	259
M366_4	F2395_4	7	1309	122	122
M366_4	F306_4	7	1219	120	120
M366_4	F501_4	7	1222	1049	1049
M366_4	F988_4	7	1167	40	40
M366_4	M1222_4	7	1321	510	510
M366_4	M1240_4	7	1294	222	222
M366_4	M1242_4	7	1261	657	657
M366_4	M159_4	7	1203	810	810
M366_4	M1869_4	7	1346	352	352
M366_4	M2151_4	7	1220	268	268
M366_4	M720_4	7	1229	417	417
M720_4	F1492_4	7	1175	993	993
M720_4	F2360_4	7	1324	952	952
M720_4	F2395_4	7	1267	684	684
M720_4	F306_4	7	1287	698	698
M720_4	F501_4	7	1256	1245	1245
M720_4	F988_4	7	1311	306	306
M720_4	M1222_4	7	1427	1256	1256
M720_4	M1240_4	7	1359	878	878
M720_4	M1242_4	7	1281	1187	1187
M720_4	M159_4	7	1296	1244	1244
M720_4	M1869_4	7	1350	1127	1127
M720_4	M2151_4	7	1356	1002	1002
M720_4	M366_4	7	1229	1108	1108
F1017_4	F1545_4	8	1275	790	790
F1017_4	F1758_4	8	1307	987	987
F1017_4	F2084_4	8	1128	441	441
F1017_4	F2095_4	8	1338	1086	1086
F1017_4	F2196_4	8	1159	985	985
F1017_4	F2251_4	8	1150	950	950
F1017_4	F2456_4	8	1268	1051	1051
F1017_4	M1735_4	8	1244	766	766
F1017_4	M2164_4	8	1263	826	826
F1017_4	M2481_4	8	1264	403	403
F1017_4	M388_4	8	1196	870	870
F1017_4	M559_4	8	1223	791	791
F1017_4	M624_4	8	1290	567	567
F1545_4	F1017_4	8	1275	86	86
F1545_4	F1758_4	8	1262	579	579
F1545_4	F2084_4	8	1134	138	138
F1545_4	F2095_4	8	1243	703	703
F1545_4	F2196_4	8	1157	702	702
F1545_4	F2251_4	8	1335	744	744
F1545_4	F2456_4	8	1298	729	729
F1545_4	M1735_4	8	1211	338	338
F1545_4	M2164_4	8	1203	410	410
F1545_4	M2481_4	8	1302	131	131
F1545_4	M388_4	8	1309	506	506
F1545_4	M559_4	8	1234	387	387
F1545_4	M624_4	8	1248	241	241
F1758_4	F1017_4	8	1307	753	753
F1758_4	F1545_4	8	1262	1129	1129
F1758_4	F2084_4	8	1259	985	985
F1758_4	F2095_4	8	1207	1155	1155
F1758_4	F2196_4	8	1330	1289	1289
F1758_4	F2251_4	8	1314	1274	1274
F1758_4	F2456_4	8	1188	1146	1146
F1758_4	M1735_4	8	1219	1087	1087
F1758_4	M2164_4	8	1268	1175	1175
F1758_4	M2481_4	8	1302	965	965
F1758_4	M388_4	8	1309	1218	1218
F1758_4	M559_4	8	1204	1093	1093
F1758_4	M624_4	8	1259	1006	1006
F2084_4	F1017_4	8	1128	446	630
F2084_4	F1545_4	8	1134	966	1324
F2084_4	F1758_4	8	1259	1140	1570
F2084_4	F2095_4	8	1268	1187	1646
F2084_4	F2196_4	8	1232	1182	1627
F2084_4	F2251_4	8	1208	1125	1548
F2084_4	F2456_4	8	1207	1120	1552
F2084_4	M1735_4	8	1298	1090	1553
F2084_4	M2164_4	8	1246	1081	1495
F2084_4	M2481_4	8	1176	734	1022
F2084_4	M388_4	8	1221	1076	1504
F2084_4	M559_4	8	1231	1044	1463
F2084_4	M624_4	8	1279	903	1257
F2095_4	F1017_4	8	1338	63	63
F2095_4	F1545_4	8	1243	351	351
F2095_4	F1758_4	8	1207	494	494
F2095_4	F2084_4	8	1268	156	156
F2095_4	F2196_4	8	1169	659	659
F2095_4	F2251_4	8	1161	643	643
F2095_4	F2456_4	8	1295	666	666
F2095_4	M1735_4	8	1374	375	375
F2095_4	M2164_4	8	1378	448	448
F2095_4	M2481_4	8	1199	106	106
F2095_4	M388_4	8	1265	478	478
F2095_4	M559_4	8	1287	381	381
F2095_4	M624_4	8	1207	199	199
F2196_4	F1017_4	8	1159	10	10
F2196_4	F1545_4	8	1157	51	53
F2196_4	F1758_4	8	1330	90	93
F2196_4	F2084_4	8	1232	25	26
F2196_4	F2095_4	8	1169	123	131
F2196_4	F2251_4	8	1276	167	169
F2196_4	F2456_4	8	1260	116	122
F2196_4	M1735_4	8	1289	46	49
F2196_4	M2164_4	8	1257	58	59
F2196_4	M2481_4	8	1255	19	19
F2196_4	M388_4	8	1221	73	79
F2196_4	M559_4	8	1258	50	52
F2196_4	M624_4	8	1344	32	35
F2251_4	F1017_4	8	1150	45	127
F2251_4	F1545_4	8	1335	260	754
F2251_4	F1758_4	8	1314	389	1097
F2251_4	F2084_4	8	1208	99	289
F2251_4	F2095_4	8	1161	403	1171
F2251_4	F2196_4	8	1276	519	1470
F2251_4	F2456_4	8	1229	442	1238
F2251_4	M1735_4	8	1323	203	589
F2251_4	M2164_4	8	1187	249	698
F2251_4	M2481_4	8	1255	76	217
F2251_4	M388_4	8	1287	318	863
F2251_4	M559_4	8	1302	236	642
F2251_4	M624_4	8	1215	114	309
F2456_4	F1017_4	8	1268	23	80
F2456_4	F1545_4	8	1298	161	577
F2456_4	F1758_4	8	1188	222	731
F2456_4	F2084_4	8	1207	61	202
F2456_4	F2095_4	8	1295	315	1067
F2456_4	F2196_4	8	1260	368	1240
F2456_4	F2251_4	8	1229	342	1126
F2456_4	M1735_4	8	1271	133	435
F2456_4	M2164_4	8	1219	181	623
F2456_4	M2481_4	8	1226	48	157
F2456_4	M388_4	8	1203	191	650
F2456_4	M559_4	8	1170	136	460
F2456_4	M624_4	8	1119	75	263
M1735_4	F1017_4	8	1244	264	264
M1735_4	F1545_4	8	1211	805	805
M1735_4	F1758_4	8	1219	977	977
M1735_4	F2084_4	8	1298	545	545
M1735_4	F2095_4	8	1374	1158	1158
M1735_4	F2196_4	8	1289	1101	1101
M1735_4	F2251_4	8	1323	1126	1126
M1735_4	F2456_4	8	1271	1089	1089
M1735_4	M2164_4	8	1181	806	806
M1735_4	M2481_4	8	1291	466	466
M1735_4	M388_4	8	1224	932	932
M1735_4	M559_4	8	1346	901	901
M1735_4	M624_4	8	1120	580	580
M2164_4	F1017_4	8	1263	80	80
M2164_4	F1545_4	8	1203	474	474
M2164_4	F1758_4	8	1268	631	631
M2164_4	F2084_4	8	1246	217	217
M2164_4	F2095_4	8	1378	816	816
M2164_4	F2196_4	8	1257	808	808
M2164_4	F2251_4	8	1187	770	770
M2164_4	F2456_4	8	1219	746	746
M2164_4	M1735_4	8	1181	434	434
M2164_4	M2481_4	8	1187	165	165
M2164_4	M388_4	8	1434	696	696
M2164_4	M559_4	8	1321	519	519
M2164_4	M624_4	8	1119	243	243
M2481_4	F1017_4	8	1264	89	97
M2481_4	F1545_4	8	1302	561	616
M2481_4	F1758_4	8	1302	755	835
M2481_4	F2084_4	8	1176	253	275
M2481_4	F2095_4	8	1199	791	873
M2481_4	F2196_4	8	1255	880	974
M2481_4	F2251_4	8	1255	836	913
M2481_4	F2456_4	8	1226	810	911
M2481_4	M1735_4	8	1291	531	585
M2481_4	M2164_4	8	1187	533	597
M2481_4	M388_4	8	1244	617	696
M2481_4	M559_4	8	1345	568	645
M2481_4	M624_4	8	1286	316	345
M388_4	F1017_4	8	1196	341	479
M388_4	F1545_4	8	1309	970	1337
M388_4	F1758_4	8	1309	1137	1577
M388_4	F2084_4	8	1221	608	821
M388_4	F2095_4	8	1265	1126	1554
M388_4	F2196_4	8	1221	1092	1463
M388_4	F2251_4	8	1287	1153	1562
M388_4	F2456_4	8	1203	1062	1502
M388_4	M1735_4	8	1224	878	1215
M388_4	M2164_4	8	1434	1119	1543
M388_4	M2481_4	8	1244	556	768
M388_4	M559_4	8	1268	946	1326
M388_4	M624_4	8	1158	671	915
M559_4	F1017_4	8	1223	237	237
M559_4	F1545_4	8	1234	813	813
M559_4	F1758_4	8	1204	933	933
M559_4	F2084_4	8	1231	506	506
M559_4	F2095_4	8	1287	1077	1077
M559_4	F2196_4	8	1258	1083	1083
M559_4	F2251_4	8	1302	1094	1094
M559_4	F2456_4	8	1170	982	982
M559_4	M1735_4	8	1346	838	838
M559_4	M2164_4	8	1321	892	892
M559_4	M2481_4	8	1345	471	471
M559_4	M388_4	8	1268	925	925
M559_4	M624_4	8	1175	545	545
M624_4	F1017_4	8	1290	142	240
M624_4	F1545_4	8	1248	594	1026
M624_4	F1758_4	8	1259	799	1363
M624_4	F2084_4	8	1279	318	531
M624_4	F2095_4	8	1207	859	1455
M624_4	F2196_4	8	1344	1015	1732
M624_4	F2251_4	8	1215	888	1497
M624_4	F2456_4	8	1119	814	1383
M624_4	M1735_4	8	1120	501	863
M624_4	M2164_4	8	1119	564	987
M624_4	M2481_4	8	1286	263	464
M624_4	M388_4	8	1158	643	1102
M624_4	M559_4	8	1175	581	970
F2152_4	F2217_4	9	1410	123	123
F2152_4	F2314_4	9	1160	384	384
F2152_4	F2524_4	9	1308	118	118
F2152_4	F2683_4	9	1185	67	67
F2152_4	F386_4	9	1125	313	313
F2152_4	F429_4	9	1304	39	39
F2152_4	F668_4	9	1267	554	554
F2152_4	F975_4	9	1212	322	322
F2152_4	M1378_4	9	1159	884	884
F2152_4	M2465_4	9	1269	333	333
F2152_4	M2678_4	9	1182	118	118
F2152_4	M670_4	9	1237	779	779
F2152_4	M893_4	9	1366	633	633
F2217_4	F2152_4	9	1410	980	2405
F2217_4	F2314_4	9	1165	831	2009
F2217_4	F2524_4	9	1223	478	1195
F2217_4	F2683_4	9	1273	370	877
F2217_4	F386_4	9	1425	964	2298
F2217_4	F429_4	9	1337	135	303
F2217_4	F668_4	9	1207	996	2367
F2217_4	F975_4	9	1309	889	2163
F2217_4	M1378_4	9	1311	1238	3029
F2217_4	M2465_4	9	1140	738	1830
F2217_4	M2678_4	9	1280	473	1104
F2217_4	M670_4	9	1351	1218	2915
F2217_4	M893_4	9	1214	1018	2462
F2314_4	F2152_4	9	1160	473	473
F2314_4	F2217_4	9	1165	144	144
F2314_4	F2524_4	9	1218	183	183
F2314_4	F2683_4	9	1252	138	138
F2314_4	F386_4	9	1469	597	597
F2314_4	F429_4	9	1184	38	38
F2314_4	F668_4	9	1223	704	704
F2314_4	F975_4	9	1261	469	469
F2314_4	M1378_4	9	1352	1120	1120
F2314_4	M2465_4	9	1288	473	473
F2314_4	M2678_4	9	1276	216	216
F2314_4	M670_4	9	1328	971	971
F2314_4	M893_4	9	1407	818	818
F2524_4	F2152_4	9	1308	527	625
F2524_4	F2217_4	9	1223	180	217
F2524_4	F2314_4	9	1218	571	692
F2524_4	F2683_4	9	1186	137	162
F2524_4	F386_4	9	1217	516	619
F2524_4	F429_4	9	1195	53	62
F2524_4	F668_4	9	1381	808	958
F2524_4	F975_4	9	1328	483	588
F2524_4	M1378_4	9	1284	1074	1267
F2524_4	M2465_4	9	1197	468	561
F2524_4	M2678_4	9	1240	202	242
F2524_4	M670_4	9	1355	1034	1249
F2524_4	M893_4	9	1271	772	917
F2683_4	F2152_4	9	1185	238	698
F2683_4	F2217_4	9	1273	78	229
F2683_4	F2314_4	9	1252	280	839
F2683_4	F2524_4	9	1186	62	186
F2683_4	F386_4	9	1239	216	611
F2683_4	F429_4	9	1302	12	28
F2683_4	F668_4	9	1177	353	1050
F2683_4	F975_4	9	1224	206	601
F2683_4	M1378_4	9	1197	752	2223
F2683_4	M2465_4	9	1230	212	650
F2683_4	M2678_4	9	1227	78	246
F2683_4	M670_4	9	1254	627	1882
F2683_4	M893_4	9	1343	431	1247
F386_4	F2152_4	9	1125	831	5123
F386_4	F2217_4	9	1425	567	3501
F386_4	F2314_4	9	1469	1178	7496
F386_4	F2524_4	9	1217	528	3298
F386_4	F2683_4	9	1239	445	2790
F386_4	F429_4	9	1385	192	1188
F386_4	F668_4	9	1225	1049	6477
F386_4	F975_4	9	1250	887	5560
F386_4	M1378_4	9	1369	1308	8102
F386_4	M2465_4	9	1313	942	5940
F386_4	M2678_4	9	1280	610	3778
F386_4	M670_4	9	1294	1200	7576
F386_4	M893_4	9	1338	1151	7303
F429_4	F2152_4	9	1304	1225	4538
F429_4	F2217_4	9	1337	1027	3741
F429_4	F2314_4	9	1184	1132	4124
F429_4	F2524_4	9	1195	963	3464
F429_4	F2683_4	9	1302	974	3640
F429_4	F386_4	9	1385	1306	4885
F429_4	F668_4	9	1316	1269	4685
F429_4	F975_4	9	1253	1161	4246
F429_4	M1378_4	9	1311	1307	4821
F429_4	M2465_4	9	1418	1333	4879
F429_4	M2678_4	9	1250	1037	3806
F429_4	M670_4	9	1278	1259	4737
F429_4	M893_4	9	1345	1300	4879
F668_4	F2152_4	9	1267	522	522
F668_4	F2217_4	9	1207	133	133
F668_4	F2314_4	9	1223	548	548
F668_4	F2524_4	9	1381	202	202
F668_4	F2683_4	9	1177	124	124
F668_4	F386_4	9	1225	453	453
F668_4	F429_4	9	1316	36	36
F668_4	F975_4	9	1176	459	459
F668_4	M1378_4	9	1436	1177	1177
F668_4	M2465_4	9	1168	417	417
F668_4	M2678_4	9	1255	192	192
F668_4	M670_4	9	1195	865	865
F668_4	M893_4	9	1195	708	708
F975_4	F2152_4	9	1212	516	1174
F975_4	F2217_4	9	1309	218	499
F975_4	F2314_4	9	1261	582	1312
F975_4	F2524_4	9	1328	240	552
F975_4	F2683_4	9	1224	150	349
F975_4	F386_4	9	1250	511	1171
F975_4	F429_4	9	1253	37	83
F975_4	F668_4	9	1176	706	1611
F975_4	M1378_4	9	1219	1015	2296
F975_4	M2465_4	9	1211	486	1102
F975_4	M2678_4	9	1304	256	594
F975_4	M670_4	9	1596	1213	2777
F975_4	M893_4	9	1220	747	1730
M1378_4	F2152_4	9	1159	530	847
M1378_4	F2217_4	9	1311	212	347
M1378_4	F2314_4	9	1352	655	1044
M1378_4	F2524_4	9	1284	222	372
M1378_4	F2683_4	9	1197	140	235
M1378_4	F386_4	9	1369	573	925
M1378_4	F429_4	9	1311	48	79
M1378_4	F668_4	9	1436	861	1397
M1378_4	F975_4	9	1219	472	765
M1378_4	M2465_4	9	1239	503	829
M1378_4	M2678_4	9	1149	194	306
M1378_4	M670_4	9	1399	1035	1684
M1378_4	M893_4	9	1341	841	1369
M2465_4	F2152_4	9	1269	1098	1098
M2465_4	F2217_4	9	1140	700	700
M2465_4	F2314_4	9	1288	1138	1138
M2465_4	F2524_4	9	1197	752	752
M2465_4	F2683_4	9	1230	658	658
M2465_4	F386_4	9	1313	1129	1129
M2465_4	F429_4	9	1418	388	388
M2465_4	F668_4	9	1168	1086	1086
M2465_4	F975_4	9	1211	1022	1022
M2465_4	M1378_4	9	1239	1219	1219
M2465_4	M2678_4	9	1420	901	901
M2465_4	M670_4	9	1159	1117	1117
M2465_4	M893_4	9	1532	1417	1417
M2678_4	F2152_4	9	1182	154	461
M2678_4	F2217_4	9	1280	47	155
M2678_4	F2314_4	9	1276	202	580
M2678_4	F2524_4	9	1240	55	142
M2678_4	F2683_4	9	1227	35	116
M2678_4	F386_4	9	1280	170	513
M2678_4	F429_4	9	1250	15	38
M2678_4	F668_4	9	1255	341	945
M2678_4	F975_4	9	1304	173	550
M2678_4	M1378_4	9	1149	629	1895
M2678_4	M2465_4	9	1420	177	507
M2678_4	M670_4	9	1308	514	1504
M2678_4	M893_4	9	1152	319	935
M670_4	F2152_4	9	1237	1184	1862
M670_4	F2217_4	9	1351	1093	1690
M670_4	F2314_4	9	1328	1275	2053
M670_4	F2524_4	9	1355	1134	1772
M670_4	F2683_4	9	1254	974	1572
M670_4	F386_4	9	1294	1224	1953
M670_4	F429_4	9	1278	691	1091
M670_4	F668_4	9	1195	1150	1846
M670_4	F975_4	9	1596	1508	2392
M670_4	M1378_4	9	1399	1383	2214
M670_4	M2465_4	9	1159	1093	1778
M670_4	M2678_4	9	1308	1104	1763
M670_4	M893_4	9	1318	1270	2033
M893_4	F2152_4	9	1366	1015	1559
M893_4	F2217_4	9	1214	501	779
M893_4	F2314_4	9	1407	1097	1661
M893_4	F2524_4	9	1271	558	845
M893_4	F2683_4	9	1343	456	681
M893_4	F386_4	9	1338	1002	1547
M893_4	F429_4	9	1345	188	279
M893_4	F668_4	9	1195	1022	1579
M893_4	F975_4	9	1220	909	1409
M893_4	M1378_4	9	1341	1279	1951
M893_4	M2465_4	9	1532	1131	1733
M893_4	M2678_4	9	1152	508	798
M893_4	M670_4	9	1318	1233	1912
F1071_4	F10_4	10	1370	709	709
F1071_4	F1382_4	10	1344	30	30
F1071_4	F1404_4	10	1221	81	81
F1071_4	F2637_4	10	1251	41	41
F1071_4	M1209_4	10	1243	383	383
F1071_4	M1249_4	10	1219	306	306
F1071_4	M1282_4	10	1208	40	40
F1071_4	M1757_4	10	1069	706	706
F1071_4	M317_4	10	1296	532	532
F1071_4	M488_4	10	1054	105	105
F1071_4	M678_4	10	1220	147	147
F1071_4	M705_4	10	1172	103	103
F1071_4	M941_4	10	1259	411	411
F10_4	F1071_4	10	1370	1327	1327
F10_4	F1382_4	10	1342	465	465
F10_4	F1404_4	10	1243	738	738
F10_4	F2637_4	10	1125	521	521
F10_4	M1209_4	10	1155	1035	1035
F10_4	M1249_4	10	1200	1077	1077
F10_4	M1282_4	10	1289	589	589
F10_4	M1757_4	10	1283	1252	1252
F10_4	M317_4	10	1222	1121	1121
F10_4	M488_4	10	1162	801	801
F10_4	M678_4	10	1144	812	812
F10_4	M705_4	10	1265	925	925
F10_4	M941_4	10	1411	1282	1282
F1382_4	F1071_4	10	1344	1322	1322
F1382_4	F10_4	10	1342	1320	1320
F1382_4	F1404_4	10	1256	955	955
F1382_4	F2637_4	10	1357	860	860
F1382_4	M1209_4	10	1278	1206	1206
F1382_4	M1249_4	10	1261	1170	1170
F1382_4	M1282_4	10	1381	812	812
F1382_4	M1757_4	10	1185	1171	1171
F1382_4	M317_4	10	1278	1235	1235
F1382_4	M488_4	10	1433	1209	1209
F1382_4	M678_4	10	1266	1071	1071
F1382_4	M705_4	10	1158	976	976
F1382_4	M941_4	10	1089	1057	1057
F1404_4	F1071_4	10	1221	1218	2680
F1404_4	F10_4	10	1243	1240	2778
F1404_4	F1382_4	10	1256	1139	2487
F1404_4	F2637_4	10	1052	987	2116
F1404_4	M1209_4	10	1312	1306	2849
F1404_4	M1249_4	10	1313	1303	2835
F1404_4	M1282_4	10	1376	1288	2822
F1404_4	M1757_4	10	1206	1205	2520
F1404_4	M317_4	10	1331	1328	2948
F1404_4	M488_4	10	1330	1303	2843
F1404_4	M678_4	10	1393	1369	2934
F1404_4	M705_4	10	1385	1354	2959
F1404_4	M941_4	10	1277	1270	2763
F2637_4	F1071_4	10	1251	788	2704
F2637_4	F10_4	10	1125	647	2198
F2637_4	F1382_4	10	1357	47	154
F2637_4	F1404_4	10	1052	108	370
F2637_4	M1209_4	10	1272	500	1749
F2637_4	M1249_4	10	1278	422	1444
F2637_4	M1282_4	10	1202	54	198
F2637_4	M1757_4	10	1266	937	3256
F2637_4	M317_4	10	1223	629	2267
F2637_4	M488_4	10	1332	205	721
F2637_4	M678_4	10	1301	184	669
F2637_4	M705_4	10	1278	169	606
F2637_4	M941_4	10	1175	529	1860
M1209_4	F1071_4	10	1243	1109	3875
M1209_4	F10_4	10	1155	996	3541
M1209_4	F1382_4	10	1278	144	511
M1209_4	F1404_4	10	1312	387	1407
M1209_4	F2637_4	10	1272	245	861
M1209_4	M1249_4	10	1253	827	2907
M1209_4	M1282_4	10	1251	218	797
M1209_4	M1757_4	10	1252	1132	4017
M1209_4	M317_4	10	1298	1071	3838
M1209_4	M488_4	10	1295	545	1982
M1209_4	M678_4	10	1228	502	1761
M1209_4	M705_4	10	1297	552	2022
M1209_4	M941_4	10	1200	885	3190
M1249_4	F1071_4	10	1219	1032	1032
M1249_4	F10_4	10	1200	984	984
M1249_4	F1382_4	10	1261	116	116
M1249_4	F1404_4	10	1313	333	333
M1249_4	F2637_4	10	1278	192	192
M1249_4	M1209_4	10	1253	848	848
M1249_4	M1282_4	10	1481	213	213
M1249_4	M1757_4	10	1357	1231	1231
M1249_4	M317_4	10	1208	865	865
M1249_4	M488_4	10	1130	418	418
M1249_4	M678_4	10	1260	471	471
M1249_4	M705_4	10	1260	457	457
M1249_4	M941_4	10	1176	835	835
M1282_4	F1071_4	10	1208	1082	3527
M1282_4	F10_4	10	1289	1151	3735
M1282_4	F1382_4	10	1381	253	792
M1282_4	F1404_4	10	1376	491	1572
M1282_4	F2637_4	10	1202	297	909
M1282_4	M1209_4	10	1251	940	2974
M1282_4	M1249_4	10	1481	1067	3434
M1282_4	M1757_4	10	1370	1301	4230
M1282_4	M317_4	10	1284	1093	3504
M1282_4	M488_4	10	1353	654	2004
M1282_4	M678_4	10	1160	581	1865
M1282_4	M705_4	10	1293	604	1933
M1282_4	M941_4	10	1212	987	3096
M1757_4	F1071_4	10	1069	334	334
M1757_4	F10_4	10	1283	370	370
M1757_4	F1382_4	10	1185	11	11
M1757_4	F1404_4	10	1206	33	33
M1757_4	F2637_4	10	1266	20	20
M1757_4	M1209_4	10	1252	160	160
M1757_4	M1249_4	10	1357	135	135
M1757_4	M1282_4	10	1370	19	19
M1757_4	M317_4	10	1278	238	238
M1757_4	M488_4	10	1210	55	55
M1757_4	M678_4	10	1390	55	55
M1757_4	M705_4	10	1149	33	33
M1757_4	M941_4	10	1299	187	187
M317_4	F1071_4	10	1296	1284	1626
M317_4	F10_4	10	1222	1208	1535
M317_4	F1382_4	10	1278	850	1093
M317_4	F1404_4	10	1331	1140	1450
M317_4	F2637_4	10	1223	961	1202
M317_4	M1209_4	10	1298	1257	1546
M317_4	M1249_4	10	1208	1168	1494
M317_4	M1282_4	10	1284	978	1204
M317_4	M1757_4	10	1278	1271	1639
M317_4	M488_4	10	1202	1099	1414
M317_4	M678_4	10	1341	1233	1535
M317_4	M705_4	10	1110	1002	1250
M317_4	M941_4	10	1215	1187	1489
M488_4	F1071_4	10	1054	1029	2619
M488_4	F10_4	10	1162	1124	2817
M488_4	F1382_4	10	1433	551	1341
M488_4	F1404_4	10	1330	866	2215
M488_4	F2637_4	10	1332	657	1705
M488_4	M1209_4	10	1295	1189	3006
M488_4	M1249_4	10	1130	999	2540
M488_4	M1282_4	10	1353	662	1647
M488_4	M1757_4	10	1210	1185	2944
M488_4	M317_4	10	1202	1129	2864
M488_4	M678_4	10	1267	931	2315
M488_4	M705_4	10	1167	841	2073
M488_4	M941_4	10	1246	1158	2894
M678_4	F1071_4	10	1220	1136	1136
M678_4	F10_4	10	1144	1037	1037
M678_4	F1382_4	10	1266	205	205
M678_4	F1404_4	10	1393	541	541
M678_4	F2637_4	10	1301	318	318
M678_4	M1209_4	10	1228	984	984
M678_4	M1249_4	10	1260	968	968
M678_4	M1282_4	10	1160	310	310
M678_4	M1757_4	10	1390	1320	1320
M678_4	M317_4	10	1341	1158	1158
M678_4	M488_4	10	1267	636	636
M678_4	M705_4	10	1120	543	543
M678_4	M941_4	10	1258	1042	1042
M705_4	F1071_4	10	1172	1007	1007
M705_4	F10_4	10	1265	1072	1072
M705_4	F1382_4	10	1158	123	123
M705_4	F1404_4	10	1385	357	357
M705_4	F2637_4	10	1278	198	198
M705_4	M1209_4	10	1297	894	894
M705_4	M1249_4	10	1260	799	799
M705_4	M1282_4	10	1293	201	201
M705_4	M1757_4	10	1149	1044	1044
M705_4	M317_4	10	1110	866	866
M705_4	M488_4	10	1167	455	455
M705_4	M678_4	10	1120	465	465
M705_4	M941_4	10	1281	928	928
M941_4	F1071_4	10	1259	1108	3720
M941_4	F10_4	10	1411	1181	4098
M941_4	F1382_4	10	1089	122	421
M941_4	F1404_4	10	1277	361	1245
M941_4	F2637_4	10	1175	191	643
M941_4	M1209_4	10	1200	840	2894
M941_4	M1249_4	10	1176	744	2551
M941_4	M1282_4	10	1212	182	610
M941_4	M1757_4	10	1299	1193	4111
M941_4	M317_4	10	1215	915	3104
M941_4	M488_4	10	1246	493	1634
M941_4	M678_4	10	1258	480	1657
M941_4	M705_4	10	1281	471	1570
F1220_4	F1268_4	11	1317	1264	3824
F1220_4	F1313_4	11	1177	1041	3192
F1220_4	F1535_4	11	1352	723	2203
F1220_4	F1754_4	11	1193	332	1008
F1220_4	F2109_4	11	1213	764	2323
F1220_4	F218_4	11	1162	908	2807
F1220_4	F2396_4	11	1168	1109	3370
F1220_4	F2406_4	11	1241	1001	3074
F1220_4	F775_4	11	1354	1169	3555
F1220_4	M1208_4	11	1162	833	2535
F1220_4	M1362_4	11	1223	1109	3349
F1220_4	M201_4	11	1198	465	1455
F1220_4	M431_4	11	1292	752	2205
F1268_4	F1220_4	11	1317	30	59
F1268_4	F1313_4	11	1287	420	815
F1268_4	F1535_4	11	1484	138	287
F1268_4	F1754_4	11	1249	35	60
F1268_4	F2109_4	11	1157	105	204
F1268_4	F218_4	11	1278	260	501
F1268_4	F2396_4	11	1287	696	1336
F1268_4	F2406_4	11	1514	330	657
F1268_4	F775_4	11	1215	378	765
F1268_4	M1208_4	11	1121	155	314
F1268_4	M1362_4	11	1322	543	1041
F1268_4	M201_4	11	1120	56	114
F1268_4	M431_4	11	1213	87	173
F1313_4	F1220_4	11	1177	6	11
F1313_4	F1268_4	11	1287	530	1201
F1313_4	F1535_4	11	1125	41	97
F1313_4	F1754_4	11	1240	14	40
F1313_4	F2109_4	11	1198	49	125
F1313_4	F218_4	11	1238	90	206
F1313_4	F2396_4	11	1248	382	911
F1313_4	F2406_4	11	1283	116	268
F1313_4	F775_4	11	1346	166	403
F1313_4	M1208_4	11	1203	75	154
F1313_4	M1362_4	11	1327	255	569
F1313_4	M201_4	11	1273	18	44
F1313_4	M431_4	11	1313	50	112
F1535_4	F1220_4	11	1352	60	88
F1535_4	F1268_4	11	1484	1060	1447
F1535_4	F1313_4	11	1125	514	702
F1535_4	F1754_4	11	1407	61	88
F1535_4	F2109_4	11	1284	196	279
F1535_4	F218_4	11	1312	349	485
F1535_4	F2396_4	11	1107	732	1010
F1535_4	F2406_4	11	1263	386	520
F1535_4	F775_4	11	1226	465	656
F1535_4	M1208_4	11	1211	268	375
F1535_4	M1362_4	11	1179	612	860
F1535_4	M201_4	11	1424	87	125
F1535_4	M431_4	11	1295	144	197
F1754_4	F1220_4	11	1193	173	173
F1754_4	F1268_4	11	1249	1150	1150
F1754_4	F1313_4	11	1240	949	949
F1754_4	F1535_4	11	1407	536	536
F1754_4	F2109_4	11	1238	530	530
F1754_4	F218_4	11	1205	786	786
F1754_4	F2396_4	11	1399	1263	1263
F1754_4	F2406_4	11	1326	853	853
F1754_4	F775_4	11	1134	846	846
F1754_4	M1208_4	11	1275	674	674
F1754_4	M1362_4	11	1132	931	931
F1754_4	M201_4	11	1323	318	318
F1754_4	M431_4	11	1236	477	477
F2109_4	F1220_4	11	1213	42	96
F2109_4	F1268_4	11	1157	829	1884
F2109_4	F1313_4	11	1198	456	984
F2109_4	F1535_4	11	1284	137	317
F2109_4	F1754_4	11	1238	39	96
F2109_4	F218_4	11	1357	355	775
F2109_4	F2396_4	11	1097	700	1548
F2109_4	F2406_4	11	1214	334	753
F2109_4	F775_4	11	1406	508	1128
F2109_4	M1208_4	11	1393	265	587
F2109_4	M1362_4	11	1409	653	1442
F2109_4	M201_4	11	1303	71	160
F2109_4	M431_4	11	1231	138	311
F218_4	F1220_4	11	1162	667	1376
F218_4	F1268_4	11	1278	1266	2658
F218_4	F1313_4	11	1238	1199	2621
F218_4	F1535_4	11	1312	1067	2290
F218_4	F1754_4	11	1205	736	1612
F218_4	F2109_4	11	1357	1165	2522
F218_4	F2396_4	11	1163	1148	2429
F218_4	F2406_4	11	1215	1137	2392
F218_4	F775_4	11	1237	1192	2525
F218_4	M1208_4	11	1193	1069	2275
F218_4	M1362_4	11	1287	1260	2759
F218_4	M201_4	11	1241	838	1757
F218_4	M431_4	11	1299	1054	2295
F2396_4	F1220_4	11	1168	125	280
F2396_4	F1268_4	11	1287	1160	2520
F2396_4	F1313_4	11	1248	904	1955
F2396_4	F1535_4	11	1107	352	766
F2396_4	F1754_4	11	1399	197	415
F2396_4	F2109_4	11	1097	404	876
F2396_4	F218_4	11	1163	654	1380
F2396_4	F2406_4	11	1254	738	1575
F2396_4	F775_4	11	1188	837	1832
F2396_4	M1208_4	11	1311	629	1378
F2396_4	M1362_4	11	1254	1001	2121
F2396_4	M201_4	11	1168	196	417
F2396_4	M431_4	11	1151	352	735
F2406_4	F1220_4	11	1241	330	830
F2406_4	F1268_4	11	1514	1468	3778
F2406_4	F1313_4	11	1283	1130	2907
F2406_4	F1535_4	11	1263	683	1805
F2406_4	F1754_4	11	1326	338	921
F2406_4	F2109_4	11	1214	684	1696
F2406_4	F218_4	11	1215	938	2421
F2406_4	F2396_4	11	1254	1183	3016
F2406_4	F775_4	11	1162	964	2530
F2406_4	M1208_4	11	1209	852	2259
F2406_4	M1362_4	11	1242	1109	2928
F2406_4	M201_4	11	1318	472	1242
F2406_4	M431_4	11	1228	635	1596
F775_4	F1220_4	11	1354	136	136
F775_4	F1268_4	11	1215	1102	1102
F775_4	F1313_4	11	1346	1001	1001
F775_4	F1535_4	11	1226	420	420
F775_4	F1754_4	11	1134	162	162
F775_4	F2109_4	11	1406	490	490
F775_4	F218_4	11	1237	733	733
F775_4	F2396_4	11	1188	1043	1043
F775_4	F2406_4	11	1162	683	683
F775_4	M1208_4	11	1323	698	698
F775_4	M1362_4	11	1222	952	952
F775_4	M201_4	11	1350	246	246
F775_4	M431_4	11	1394	444	444
M1208_4	F1220_4	11	1162	43	88
M1208_4	F1268_4	11	1121	779	1570
M1208_4	F1313_4	11	1203	467	953
M1208_4	F1535_4	11	1211	96	200
M1208_4	F1754_4	11	1275	49	102
M1208_4	F2109_4	11	1393	160	349
M1208_4	F218_4	11	1193	302	627
M1208_4	F2396_4	11	1311	827	1745
M1208_4	F2406_4	11	1209	344	694
M1208_4	F775_4	11	1323	449	921
M1208_4	M1362_4	11	1327	612	1280
M1208_4	M201_4	11	1271	66	136
M1208_4	M431_4	11	1110	108	219
M1362_4	F1220_4	11	1223	98	98
M1362_4	F1268_4	11	1322	1130	1130
M1362_4	F1313_4	11	1327	830	830
M1362_4	F1535_4	11	1179	253	253
M1362_4	F1754_4	11	1132	112	112
M1362_4	F2109_4	11	1409	402	402
M1362_4	F218_4	11	1287	582	582
M1362_4	F2396_4	11	1254	1035	1035
M1362_4	F2406_4	11	1242	581	581
M1362_4	F775_4	11	1222	723	723
M1362_4	M1208_4	11	1327	480	480
M1362_4	M201_4	11	1207	173	173
M1362_4	M431_4	11	1108	266	266
M201_4	F1220_4	11	1198	14	14
M201_4	F1268_4	11	1120	595	595
M201_4	F1313_4	11	1273	269	269
M201_4	F1535_4	11	1424	66	66
M201_4	F1754_4	11	1323	20	20
M201_4	F2109_4	11	1303	82	82
M201_4	F218_4	11	1241	180	180
M201_4	F2396_4	11	1168	511	511
M201_4	F2406_4	11	1318	192	192
M201_4	F775_4	11	1350	288	288
M201_4	M1208_4	11	1271	121	121
M201_4	M1362_4	11	1207	342	342
M201_4	M431_4	11	1399	68	68
M431_4	F1220_4	11	1292	173	174
M431_4	F1268_4	11	1213	1103	1132
M431_4	F1313_4	11	1313	987	1012
M431_4	F1535_4	11	1295	441	447
M431_4	F1754_4	11	1236	204	207
M431_4	F2109_4	11	1231	521	530
M431_4	F218_4	11	1299	823	841
M431_4	F2396_4	11	1151	1020	1038
M431_4	F2406_4	11	1228	800	817
M431_4	F775_4	11	1394	1023	1040
M431_4	M1208_4	11	1110	579	591
M431_4	M1362_4	11	1108	907	930
M431_4	M201_4	11	1399	305	312
F1010_4	F1133_4	12	1249	347	360
F1010_4	F1628_4	12	1225	702	728
F1010_4	F1687_4	12	1227	347	357
F1010_4	F1859_4	12	1144	852	876
F1010_4	F235_4	12	1315	964	1004
F1010_4	F263_4	12	1250	522	548
F1010_4	F49_4	12	1242	971	1007
F1010_4	F56_4	12	1302	366	382
F1010_4	F66_4	12	1165	791	806
F1010_4	F743_4	12	1313	794	821
F1010_4	M1442_4	12	1534	608	622
F1010_4	M2294_4	12	1189	979	1010
F1010_4	M988_4	12	1328	740	757
F1133_4	F1010_4	12	1249	264	264
F1133_4	F1628_4	12	1194	932	932
F1133_4	F1687_4	12	1148	602	602
F1133_4	F1859_4	12	1210	1036	1036
F1133_4	F235_4	12	1255	1111	1111
F1133_4	F263_4	12	1160	797	797
F1133_4	F49_4	12	1220	1113	1113
F1133_4	F56_4	12	1224	649	649
F1133_4	F66_4	12	1271	1063	1063
F1133_4	F743_4	12	1202	966	966
F1133_4	M1442_4	12	1239	768	768
F1133_4	M2294_4	12	1118	1032	1032
F1133_4	M988_4	12	1278	1014	1014
F1628_4	F1010_4	12	1225	22	22
F1628_4	F1133_4	12	1194	107	107
F1628_4	F1687_4	12	1224	94	94
F1628_4	F1859_4	12	1285	500	500
F1628_4	F235_4	12	1226	525	525
F1628_4	F263_4	12	1200	196	196
F1628_4	F49_4	12	1259	630	630
F1628_4	F56_4	12	1234	113	113
F1628_4	F66_4	12	1265	405	405
F1628_4	F743_4	12	1245	345	345
F1628_4	M1442_4	12	1263	161	161
F1628_4	M2294_4	12	1218	664	664
F1628_4	M988_4	12	1214	326	326
F1687_4	F1010_4	12	1227	79	79
F1687_4	F1133_4	12	1148	253	253
F1687_4	F1628_4	12	1224	644	644
F1687_4	F1859_4	12	1284	840	840
F1687_4	F235_4	12	1239	865	865
F1687_4	F263_4	12	1258	427	427
F1687_4	F49_4	12	1188	898	898
F1687_4	F56_4	12	1263	290	290
F1687_4	F66_4	12	1364	814	814
F1687_4	F743_4	12	1178	593	593
F1687_4	M1442_4	12	1459	458	458
F1687_4	M2294_4	12	1279	1029	1029
F1687_4	M988_4	12	1367	687	687
F1859_4	F1010_4	12	1144	1	1
F1859_4	F1133_4	12	1210	7	10
F1859_4	F1628_4	12	1285	18	28
F1859_4	F1687_4	12	1284	4	8
F1859_4	F235_4	12	1194	40	55
F1859_4	F263_4	12	1260	13	20
F1859_4	F49_4	12	1138	52	80
F1859_4	F56_4	12	1170	3	7
F1859_4	F66_4	12	1249	23	36
F1859_4	F743_4	12	1259	19	32
F1859_4	M1442_4	12	1245	8	13
F1859_4	M2294_4	12	1167	62	87
F1859_4	M988_4	12	1242	22	28
F235_4	F1010_4	12	1315	23	23
F235_4	F1133_4	12	1255	96	96
F235_4	F1628_4	12	1226	270	270
F235_4	F1687_4	12	1239	78	78
F235_4	F1859_4	12	1194	423	423
F235_4	F263_4	12	1258	137	137
F235_4	F49_4	12	1354	597	597
F235_4	F56_4	12	1316	90	90
F235_4	F66_4	12	1111	273	273
F235_4	F743_4	12	1218	247	247
F235_4	M1442_4	12	1101	131	131
F235_4	M2294_4	12	1311	598	598
F235_4	M988_4	12	1298	256	256
F263_4	F1010_4	12	1250	176	176
F263_4	F1133_4	12	1160	473	473
F263_4	F1628_4	12	1200	856	856
F263_4	F1687_4	12	1258	513	513
F263_4	F1859_4	12	1260	1027	1027
F263_4	F235_4	12	1258	1055	1055
F263_4	F49_4	12	1149	993	993
F263_4	F56_4	12	1365	590	590
F263_4	F66_4	12	1372	1091	1091
F263_4	F743_4	12	1297	948	948
F263_4	M1442_4	12	1304	666	666
F263_4	M2294_4	12	1221	1107	1107
F263_4	M988_4	12	1316	936	936
F49_4	F1010_4	12	1242	102	102
F49_4	F1133_4	12	1220	367	367
F49_4	F1628_4	12	1259	723	723
F49_4	F1687_4	12	1188	365	365
F49_4	F1859_4	12	1138	825	825
F49_4	F235_4	12	1354	1018	1018
F49_4	F263_4	12	1149	460	460
F49_4	F56_4	12	1326	377	377
F49_4	F66_4	12	1261	849	849
F49_4	F743_4	12	1336	814	814
F49_4	M1442_4	12	1410	558	558
F49_4	M2294_4	12	1288	1101	1101
F49_4	M988_4	12	1089	604	604
F56_4	F1010_4	12	1302	32	33
F56_4	F1133_4	12	1224	89	95
F56_4	F1628_4	12	1234	232	237
F56_4	F1687_4	12	1263	78	80
F56_4	F1859_4	12	1170	380	393
F56_4	F235_4	12	1316	434	445
F56_4	F263_4	12	1365	152	162
F56_4	F49_4	12	1326	496	522
F56_4	F66_4	12	1221	337	344
F56_4	F743_4	12	1185	240	245
F56_4	M1442_4	12	1368	124	128
F56_4	M2294_4	12	1188	545	567
F56_4	M988_4	12	1229	220	223
F66_4	F1010_4	12	1165	4	20
F66_4	F1133_4	12	1271	22	97
F66_4	F1628_4	12	1265	64	278
F66_4	F1687_4	12	1364	22	76
F66_4	F1859_4	12	1249	121	503
F66_4	F235_4	12	1111	99	393
F66_4	F263_4	12	1372	47	179
F66_4	F49_4	12	1261	177	718
F66_4	F56_4	12	1221	25	106
F66_4	F743_4	12	1329	51	225
F66_4	M1442_4	12	1253	25	126
F66_4	M2294_4	12	1185	187	752
F66_4	M988_4	12	1362	70	284
F743_4	F1010_4	12	1313	137	184
F743_4	F1133_4	12	1202	439	593
F743_4	F1628_4	12	1245	799	1105
F743_4	F1687_4	12	1178	403	555
F743_4	F1859_4	12	1259	1010	1378
F743_4	F235_4	12	1218	977	1331
F743_4	F263_4	12	1297	617	873
F743_4	F49_4	12	1336	1135	1576
F743_4	F56_4	12	1185	407	547
F743_4	F66_4	12	1329	977	1351
F743_4	M1442_4	12	1417	610	835
F743_4	M2294_4	12	1266	1104	1529
F743_4	M988_4	12	1250	805	1115
M1442_4	F1010_4	12	1534	90	223
M1442_4	F1133_4	12	1239	304	692
M1442_4	F1628_4	12	1263	625	1429
M1442_4	F1687_4	12	1459	311	657
M1442_4	F1859_4	12	1245	826	1852
M1442_4	F235_4	12	1101	726	1669
M1442_4	F263_4	12	1304	452	975
M1442_4	F49_4	12	1410	1068	2438
M1442_4	F56_4	12	1368	304	699
M1442_4	F66_4	12	1253	725	1656
M1442_4	F743_4	12	1417	708	1659
M1442_4	M2294_4	12	1289	1008	2305
M1442_4	M988_4	12	1159	587	1318
M2294_4	F1010_4	12	1189	233	539
M2294_4	F1133_4	12	1118	567	1295
M2294_4	F1628_4	12	1218	901	1942
M2294_4	F1687_4	12	1279	598	1291
M2294_4	F1859_4	12	1167	985	2151
M2294_4	F235_4	12	1311	1152	2537
M2294_4	F263_4	12	1221	722	1535
M2294_4	F49_4	12	1288	1169	2573
M2294_4	F56_4	12	1188	531	1224
M2294_4	F66_4	12	1185	965	2178
M2294_4	F743_4	12	1266	964	2152
M2294_4	M1442_4	12	1289	717	1565
M2294_4	M988_4	12	1317	983	2241
M988_4	F1010_4	12	1328	63	63
M988_4	F1133_4	12	1278	296	296
M988_4	F1628_4	12	1214	608	608
M988_4	F1687_4	12	1367	298	298
M988_4	F1859_4	12	1242	783	783
M988_4	F235_4	12	1298	878	878
M988_4	F263_4	12	1316	472	472
M988_4	F49_4	12	1089	814	814
M988_4	F56_4	12	1229	270	270
M988_4	F66_4	12	1362	797	797
M988_4	F743_4	12	1250	639	639
M988_4	M1442_4	12	1159	355	355
M988_4	M2294_4	12	1317	982	982
F2327_4	F2381_4	13	1277	852	2181
F2327_4	F2496_4	13	1237	1206	3040
F2327_4	F2651_4	13	1295	1143	2911
F2327_4	F2784_4	13	1310	1239	3081
F2327_4	F349_4	13	1456	1195	3000
F2327_4	F48_4	13	1434	1383	3426
F2327_4	F824_4	13	1171	150	360
F2327_4	M1037_4	13	1278	927	2300
F2327_4	M1172_4	13	1389	1153	2852
F2327_4	M2381_4	13	1290	714	1741
F2327_4	M2541_4	13	1217	909	2274
F2327_4	M2573_4	13	1368	547	1395
F2327_4	M989_4	13	1198	560	1381
F2381_4	F2327_4	13	1277	387	387
F2381_4	F2496_4	13	1232	1223	1223
F2381_4	F2651_4	13	1235	1157	1157
F2381_4	F2784_4	13	1284	1245	1245
F2381_4	F349_4	13	1278	1167	1167
F2381_4	F48_4	13	1138	1111	1111
F2381_4	F824_4	13	1304	380	380
F2381_4	M1037_4	13	1402	1206	1206
F2381_4	M1172_4	13	1331	1219	1219
F2381_4	M2381_4	13	1339	1000	1000
F2381_4	M2541_4	13	1290	1128	1128
F2381_4	M2573_4	13	1297	813	813
F2381_4	M989_4	13	1231	813	813
F2496_4	F2327_4	13	1237	181	328
F2496_4	F2381_4	13	1232	816	1506
F2496_4	F2651_4	13	1228	1083	1966
F2496_4	F2784_4	13	1257	1175	2165
F2496_4	F349_4	13	1168	975	1818
F2496_4	F48_4	13	1204	1154	2146
F2496_4	F824_4	13	1320	165	293
F2496_4	M1037_4	13	1375	1023	1869
F2496_4	M1172_4	13	1238	1042	1968
F2496_4	M2381_4	13	1202	685	1270
F2496_4	M2541_4	13	1325	1004	1856
F2496_4	M2573_4	13	1355	558	1029
F2496_4	M989_4	13	1229	570	1085
F2651_4	F2327_4	13	1295	36	85
F2651_4	F2381_4	13	1235	261	566
F2651_4	F2496_4	13	1228	1042	2234
F2651_4	F2784_4	13	1194	896	1916
F2651_4	F349_4	13	1277	559	1178
F2651_4	F48_4	13	1280	989	2083
F2651_4	F824_4	13	1162	26	61
F2651_4	M1037_4	13	1282	391	810
F2651_4	M1172_4	13	1199	512	1079
F2651_4	M2381_4	13	1216	191	423
F2651_4	M2541_4	13	1340	411	868
F2651_4	M2573_4	13	1303	108	234
F2651_4	M989_4	13	1247	134	274
F2784_4	F2327_4	13	1310	322	322
F2784_4	F2381_4	13	1284	1018	1018
F2784_4	F2496_4	13	1257	1243	1243
F2784_4	F2651_4	13	1194	1125	1125
F2784_4	F349_4	13	1180	1078	1078
F2784_4	F48_4	13	1223	1197	1197
F2784_4	F824_4	13	1317	335	335
F2784_4	M1037_4	13	1308	1130	1130
F2784_4	M1172_4	13	1295	1167	1167
F2784_4	M2381_4	13	1293	942	942
F2784_4	M2541_4	13	1264	1089	1089
F2784_4	M2573_4	13	1226	706	706
F2784_4	M989_4	13	1309	821	821
F349_4	F2327_4	13	1456	318	584
F349_4	F2381_4	13	1278	980	1775
F349_4	F2496_4	13	1168	1145	2107
F349_4	F2651_4	13	1277	1185	2173
F349_4	F2784_4	13	1180	1145	2121
F349_4	F48_4	13	1231	1200	2227
F349_4	F824_4	13	1201	272	519
F349_4	M1037_4	13	1282	1079	1926
F349_4	M1172_4	13	1179	1060	1905
F349_4	M2381_4	13	1208	813	1470
F349_4	M2541_4	13	1283	1078	1996
F349_4	M2573_4	13	1394	768	1372
F349_4	M989_4	13	1382	842	1550
F48_4	F2327_4	13	1434	112	345
F48_4	F2381_4	13	1138	574	1682
F48_4	F2496_4	13	1204	1135	3402
F48_4	F2651_4	13	1280	1034	3142
F48_4	F2784_4	13	1223	1123	3405
F48_4	F349_4	13	1231	910	2717
F48_4	F824_4	13	1272	107	331
F48_4	M1037_4	13	1258	776	2323
F48_4	M1172_4	13	1253	895	2684
F48_4	M2381_4	13	1225	468	1379
F48_4	M2541_4	13	1316	806	2419
F48_4	M2573_4	13	1370	378	1142
F48_4	M989_4	13	1316	361	1100
F824_4	F2327_4	13	1171	398	403
F824_4	F2381_4	13	1304	1122	1144
F824_4	F2496_4	13	1320	1312	1349
F824_4	F2651_4	13	1162	1110	1134
F824_4	F2784_4	13	1317	1301	1330
F824_4	F349_4	13	1201	1118	1147
F824_4	F48_4	13	1272	1251	1292
F824_4	M1037_4	13	1243	1125	1155
F824_4	M1172_4	13	1256	1156	1187
F824_4	M2381_4	13	1236	972	993
F824_4	M2541_4	13	1344	1186	1212
F824_4	M2573_4	13	1193	785	800
F824_4	M989_4	13	1212	834	851
M1037_4	F2327_4	13	1278	44	75
M1037_4	F2381_4	13	1402	414	709
M1037_4	F2496_4	13	1375	1228	2224
M1037_4	F2651_4	13	1282	813	1490
M1037_4	F2784_4	13	1308	1033	1854
M1037_4	F349_4	13	1282	678	1210
M1037_4	F48_4	13	1258	1045	1812
M1037_4	F824_4	13	1243	41	73
M1037_4	M1172_4	13	1211	633	1111
M1037_4	M2381_4	13	1370	309	543
M1037_4	M2541_4	13	1264	522	963
M1037_4	M2573_4	13	1239	178	316
M1037_4	M989_4	13	1289	201	372
M1172_4	F2327_4	13	1389	43	106
M1172_4	F2381_4	13	1331	384	974
M1172_4	F2496_4	13	1238	1073	2651
M1172_4	F2651_4	13	1199	722	1834
M1172_4	F2784_4	13	1295	984	2492
M1172_4	F349_4	13	1179	599	1515
M1172_4	F48_4	13	1253	1015	2532
M1172_4	F824_4	13	1256	39	89
M1172_4	M1037_4	13	1211	427	1088
M1172_4	M2381_4	13	1218	222	554
M1172_4	M2541_4	13	1307	467	1175
M1172_4	M2573_4	13	1363	152	396
M1172_4	M989_4	13	1336	187	462
M2381_4	F2327_4	13	1290	135	593
M2381_4	F2381_4	13	1339	768	3128
M2381_4	F2496_4	13	1202	1160	4680
M2381_4	F2651_4	13	1216	994	3989
M2381_4	F2784_4	13	1293	1193	4659
M2381_4	F349_4	13	1208	959	3875
M2381_4	F48_4	13	1225	1160	4648
M2381_4	F824_4	13	1236	134	566
M2381_4	M1037_4	13	1370	921	3642
M2381_4	M1172_4	13	1218	984	3892
M2381_4	M2541_4	13	1454	981	3916
M2381_4	M2573_4	13	1260	418	1605
M2381_4	M989_4	13	1387	505	2039
M2541_4	F2327_4	13	1217	40	40
M2541_4	F2381_4	13	1290	390	390
M2541_4	F2496_4	13	1325	1190	1190
M2541_4	F2651_4	13	1340	847	847
M2541_4	F2784_4	13	1264	1050	1050
M2541_4	F349_4	13	1283	708	708
M2541_4	F48_4	13	1316	1076	1076
M2541_4	F824_4	13	1344	41	41
M2541_4	M1037_4	13	1264	533	533
M2541_4	M1172_4	13	1307	680	680
M2541_4	M2381_4	13	1454	331	331
M2541_4	M2573_4	13	1368	214	214
M2541_4	M989_4	13	1201	214	214
M2573_4	F2327_4	13	1368	7	8
M2573_4	F2381_4	13	1297	63	75
M2573_4	F2496_4	13	1355	662	849
M2573_4	F2651_4	13	1303	211	265
M2573_4	F2784_4	13	1226	413	505
M2573_4	F349_4	13	1394	161	203
M2573_4	F48_4	13	1370	542	690
M2573_4	F824_4	13	1193	8	9
M2573_4	M1037_4	13	1239	104	130
M2573_4	M1172_4	13	1363	163	205
M2573_4	M2381_4	13	1260	38	52
M2573_4	M2541_4	13	1368	88	110
M2573_4	M989_4	13	1322	36	49
M989_4	F2327_4	13	1198	197	215
M989_4	F2381_4	13	1231	853	908
M989_4	F2496_4	13	1229	1198	1287
M989_4	F2651_4	13	1247	1105	1170
M989_4	F2784_4	13	1309	1245	1329
M989_4	F349_4	13	1382	1181	1252
M989_4	F48_4	13	1316	1277	1358
M989_4	F824_4	13	1212	185	192
M989_4	M1037_4	13	1289	956	1009
M989_4	M1172_4	13	1336	1136	1213
M989_4	M2381_4	13	1387	822	881
M989_4	M2541_4	13	1201	931	993
M989_4	M2573_4	13	1322	594	630
F2070_4	F2086_4	14	1266	225	225
F2070_4	F2143_4	14	1375	246	246
F2070_4	F2183_4	14	1310	876	876
F2070_4	F2220_4	14	1256	680	680
F2070_4	F2236_4	14	1406	952	952
F2070_4	M1270_4	14	1355	149	149
F2070_4	M1399_4	14	1147	381	381
F2070_4	M1956_4	14	1275	641	641
F2070_4	M2219_4	14	1163	422	422
F2070_4	M2221_4	14	1196	318	318
F2070_4	M235_4	14	1247	645	645
F2070_4	M2464_4	14	1149	77	77
F2070_4	M42_4	14	1131	355	355
F2086_4	F2070_4	14	1266	1190	1190
F2086_4	F2143_4	14	1119	768	768
F2086_4	F2183_4	14	1212	1162	1162
F2086_4	F2220_4	14	1298	1190	1190
F2086_4	F2236_4	14	1157	1102	1102
F2086_4	M1270_4	14	1197	576	576
F2086_4	M1399_4	14	1175	945	945
F2086_4	M1956_4	14	1159	1050	1050
F2086_4	M2219_4	14	1197	1037	1037
F2086_4	M2221_4	14	1313	974	974
F2086_4	M235_4	14	1420	1265	1265
F2086_4	M2464_4	14	1260	509	509
F2086_4	M42_4	14	1385	1132	1132
F2143_4	F2070_4	14	1375	1342	2203
F2143_4	F2086_4	14	1119	881	1554
F2143_4	F2183_4	14	1244	1219	2077
F2143_4	F2220_4	14	1173	1116	1917
F2143_4	F2236_4	14	1447	1407	2400
F2143_4	M1270_4	14	1241	818	1393
F2143_4	M1399_4	14	1139	1015	1699
F2143_4	M1956_4	14	1089	1032	1784
F2143_4	M2219_4	14	1226	1132	1858
F2143_4	M2221_4	14	1121	948	1612
F2143_4	M235_4	14	1272	1215	2043
F2143_4	M2464_4	14	1340	764	1291
F2143_4	M42_4	14	1187	1058	1782
F2183_4	F2070_4	14	1310	982	982
F2183_4	F2086_4	14	1212	312	312
F2183_4	F2143_4	14	1244	371	371
F2183_4	F2220_4	14	1259	822	822
F2183_4	F2236_4	14	1259	972	972
F2183_4	M1270_4	14	1304	201	201
F2183_4	M1399_4	14	1209	543	543
F2183_4	M1956_4	14	1355	870	870
F2183_4	M2219_4	14	1102	533	533
F2183_4	M2221_4	14	1292	469	469
F2183_4	M235_4	14	1224	827	827
F2183_4	M2464_4	14	1085	118	118
F2183_4	M42_4	14	1206	543	543
F2220_4	F2070_4	14	1256	725	2153
F2220_4	F2086_4	14	1298	193	592
F2220_4	F2143_4	14	1173	200	615
F2220_4	F2183_4	14	1259	842	2507
F2220_4	F2236_4	14	1232	803	2398
F2220_4	M1270_4	14	1220	110	326
F2220_4	M1399_4	14	1297	369	1064
F2220_4	M1956_4	14	1297	625	1827
F2220_4	M2219_4	14	1232	433	1257
F2220_4	M2221_4	14	1328	324	972
F2220_4	M235_4	14	1288	652	1896
F2220_4	M2464_4	14	1264	61	161
F2220_4	M42_4	14	1193	380	1110
F2236_4	F2070_4	14	1406	1385	3640
F2236_4	F2086_4	14	1157	1014	2709
F2236_4	F2143_4	14	1447	1301	3429
F2236_4	F2183_4	14	1259	1239	3293
F2236_4	F2220_4	14	1232	1197	3088
F2236_4	M1270_4	14	1140	904	2323
F2236_4	M1399_4	14	1255	1191	3110
F2236_4	M1956_4	14	1213	1186	3055
F2236_4	M2219_4	14	1276	1206	3087
F2236_4	M2221_4	14	1253	1169	2942
F2236_4	M235_4	14	1365	1322	3437
F2236_4	M2464_4	14	1213	866	2203
F2236_4	M42_4	14	1219	1158	3007
M1270_4	F2070_4	14	1355	727	1269
M1270_4	F2086_4	14	1197	156	291
M1270_4	F2143_4	14	1241	169	286
M1270_4	F2183_4	14	1304	842	1516
M1270_4	F2220_4	14	1220	563	998
M1270_4	F2236_4	14	1140	674	1170
M1270_4	M1399_4	14	1347	341	610
M1270_4	M1956_4	14	1230	539	932
M1270_4	M2219_4	14	1148	354	619
M1270_4	M2221_4	14	1251	235	401
M1270_4	M235_4	14	1356	611	1044
M1270_4	M2464_4	14	1344	56	91
M1270_4	M42_4	14	1284	320	556
M1399_4	F2070_4	14	1147	1032	1032
M1399_4	F2086_4	14	1175	625	625
M1399_4	F2143_4	14	1139	672	672
M1399_4	F2183_4	14	1209	1115	1115
M1399_4	F2220_4	14	1297	1127	1127
M1399_4	F2236_4	14	1255	1169	1169
M1399_4	M1270_4	14	1347	507	507
M1399_4	M1956_4	14	1277	1102	1102
M1399_4	M2219_4	14	1285	998	998
M1399_4	M2221_4	14	1336	865	865
M1399_4	M235_4	14	1411	1233	1233
M1399_4	M2464_4	14	1098	303	303
M1399_4	M42_4	14	1362	983	983
M1956_4	F2070_4	14	1275	1248	1248
M1956_4	F2086_4	14	1159	976	976
M1956_4	F2143_4	14	1089	955	955
M1956_4	F2183_4	14	1355	1333	1333
M1956_4	F2220_4	14	1297	1266	1266
M1956_4	F2236_4	14	1213	1199	1199
M1956_4	M1270_4	14	1230	956	956
M1956_4	M1399_4	14	1277	1195	1195
M1956_4	M2219_4	14	1186	1123	1123
M1956_4	M2221_4	14	1212	1104	1104
M1956_4	M235_4	14	1341	1300	1300
M1956_4	M2464_4	14	1460	1033	1033
M1956_4	M42_4	14	1337	1257	1257
M2219_4	F2070_4	14	1163	810	3617
M2219_4	F2086_4	14	1197	258	1123
M2219_4	F2143_4	14	1226	285	1271
M2219_4	F2183_4	14	1102	821	3639
M2219_4	F2220_4	14	1232	788	3443
M2219_4	F2236_4	14	1276	934	4263
M2219_4	M1270_4	14	1148	145	648
M2219_4	M1399_4	14	1285	498	2170
M2219_4	M1956_4	14	1186	700	3141
M2219_4	M2221_4	14	1264	359	1550
M2219_4	M235_4	14	1330	808	3594
M2219_4	M2464_4	14	1206	109	492
M2219_4	M42_4	14	1286	526	2424
M2221_4	F2070_4	14	1196	1173	1173
M2221_4	F2086_4	14	1313	1178	1178
M2221_4	F2143_4	14	1121	1031	1031
M2221_4	F2183_4	14	1292	1284	1284
M2221_4	F2220_4	14	1328	1299	1299
M2221_4	F2236_4	14	1253	1239	1239
M2221_4	M1270_4	14	1251	1037	1037
M2221_4	M1399_4	14	1336	1269	1269
M2221_4	M1956_4	14	1212	1185	1185
M2221_4	M2219_4	14	1264	1223	1223
M2221_4	M235_4	14	1216	1197	1197
M2221_4	M2464_4	14	1177	906	906
M2221_4	M42_4	14	1079	1035	1035
M235_4	F2070_4	14	1247	980	980
M235_4	F2086_4	14	1420	394	394
M235_4	F2143_4	14	1272	434	434
M235_4	F2183_4	14	1224	1004	1004
M235_4	F2220_4	14	1288	926	926
M235_4	F2236_4	14	1365	1105	1105
M235_4	M1270_4	14	1356	265	265
M235_4	M1399_4	14	1411	680	680
M235_4	M1956_4	14	1341	898	898
M235_4	M2219_4	14	1330	735	735
M235_4	M2221_4	14	1216	490	490
M235_4	M2464_4	14	1416	156	156
M235_4	M42_4	14	1142	538	538
M2464_4	F2070_4	14	1149	1047	1047
M2464_4	F2086_4	14	1260	632	632
M2464_4	F2143_4	14	1340	787	787
M2464_4	F2183_4	14	1085	1009	1009
M2464_4	F2220_4	14	1264	1107	1107
M2464_4	F2236_4	14	1213	1113	1113
M2464_4	M1270_4	14	1344	488	488
M2464_4	M1399_4	14	1098	771	771
M2464_4	M1956_4	14	1460	1258	1258
M2464_4	M2219_4	14	1206	954	954
M2464_4	M2221_4	14	1177	769	769
M2464_4	M235_4	14	1416	1210	1210
M2464_4	M42_4	14	1156	833	833
M42_4	F2070_4	14	1131	945	945
M42_4	F2086_4	14	1385	544	544
M42_4	F2143_4	14	1187	535	535
M42_4	F2183_4	14	1206	1043	1043
M42_4	F2220_4	14	1193	984	984
M42_4	F2236_4	14	1219	1064	1064
M42_4	M1270_4	14	1284	322	322
M42_4	M1399_4	14	1362	849	849
M42_4	M1956_4	14	1337	1021	1021
M42_4	M2219_4	14	1286	888	888
M42_4	M2221_4	14	1079	592	592
M42_4	M235_4	14	1142	918	918
M42_4	M2464_4	14	1156	230	230
F13_4	F1604_4	15	1230	744	744
F13_4	F1663_4	15	1369	586	586
F13_4	F2336_4	15	1374	1246	1246
F13_4	F2619_4	15	1248	871	871
F13_4	M1263_4	15	1414	246	246
F13_4	M1386_4	15	1254	374	374
F13_4	M1478_4	15	1130	590	590
F13_4	M169_4	15	1254	385	385
F13_4	M17_4	15	1229	193	193
F13_4	M1_4	15	1388	674	674
F13_4	M2490_4	15	1258	556	556
F13_4	M2621_4	15	1351	729	729
F13_4	M944_4	15	1205	782	782
F1604_4	F13_4	15	1230	869	869
F1604_4	F1663_4	15	1431	535	535
F1604_4	F2336_4	15	1311	1179	1179
F1604_4	F2619_4	15	1156	682	682
F1604_4	M1263_4	15	1253	173	173
F1604_4	M1386_4	15	1142	283	283
F1604_4	M1478_4	15	1320	589	589
F1604_4	M169_4	15	1380	345	345
F1604_4	M17_4	15	1169	135	135
F1604_4	M1_4	15	1143	472	472
F1604_4	M2490_4	15	1218	455	455
F1604_4	M2621_4	15	1191	525	525
F1604_4	M944_4	15	1238	732	732
F1663_4	F13_4	15	1369	279	279
F1663_4	F1604_4	15	1431	175	175
F1663_4	F2336_4	15	1365	628	628
F1663_4	F2619_4	15	1187	162	162
F1663_4	M1263_4	15	1251	17	17
F1663_4	M1386_4	15	1310	52	52
F1663_4	M1478_4	15	1339	98	98
F1663_4	M169_4	15	1249	37	37
F1663_4	M17_4	15	1325	17	17
F1663_4	M1_4	15	1220	72	72
F1663_4	M2490_4	15	1353	75	75
F1663_4	M2621_4	15	1224	99	99
F1663_4	M944_4	15	1278	179	179
F2336_4	F13_4	15	1374	762	762
F2336_4	F1604_4	15	1311	505	505
F2336_4	F1663_4	15	1365	278	278
F2336_4	F2619_4	15	1296	560	560
F2336_4	M1263_4	15	1272	94	94
F2336_4	M1386_4	15	1247	185	185
F2336_4	M1478_4	15	1150	341	341
F2336_4	M169_4	15	1087	161	161
F2336_4	M17_4	15	1167	71	71
F2336_4	M1_4	15	1351	338	338
F2336_4	M2490_4	15	1252	274	274
F2336_4	M2621_4	15	1139	350	350
F2336_4	M944_4	15	1292	566	566
F2619_4	F13_4	15	1248	1099	1099
F2619_4	F1604_4	15	1156	910	910
F2619_4	F1663_4	15	1187	755	755
F2619_4	F2336_4	15	1296	1247	1247
F2619_4	M1263_4	15	1254	384	384
F2619_4	M1386_4	15	1210	600	600
F2619_4	M1478_4	15	1290	931	931
F2619_4	M169_4	15	1257	637	637
F2619_4	M17_4	15	1195	359	359
F2619_4	M1_4	15	1402	947	947
F2619_4	M2490_4	15	1210	783	783
F2619_4	M2621_4	15	1248	895	895
F2619_4	M944_4	15	1321	1089	1089
M1263_4	F13_4	15	1414	478	478
M1263_4	F1604_4	15	1253	285	285
M1263_4	F1663_4	15	1251	142	142
M1263_4	F2336_4	15	1272	805	805
M1263_4	F2619_4	15	1254	323	323
M1263_4	M1386_4	15	1345	88	88
M1263_4	M1478_4	15	1361	205	205
M1263_4	M169_4	15	1180	66	66
M1263_4	M17_4	15	1288	36	36
M1263_4	M1_4	15	1242	155	155
M1263_4	M2490_4	15	1278	155	155
M1263_4	M2621_4	15	1213	202	202
M1263_4	M944_4	15	1231	338	338
M1386_4	F13_4	15	1254	420	861
M1386_4	F1604_4	15	1142	207	415
M1386_4	F1663_4	15	1310	145	313
M1386_4	F2336_4	15	1247	754	1602
M1386_4	F2619_4	15	1210	290	604
M1386_4	M1263_4	15	1345	46	89
M1386_4	M1478_4	15	1221	184	379
M1386_4	M169_4	15	1436	87	184
M1386_4	M17_4	15	1233	37	82
M1386_4	M1_4	15	1256	141	301
M1386_4	M2490_4	15	1296	147	301
M1386_4	M2621_4	15	1169	171	377
M1386_4	M944_4	15	1170	235	495
M1478_4	F13_4	15	1130	846	1169
M1478_4	F1604_4	15	1320	775	1090
M1478_4	F1663_4	15	1339	538	757
M1478_4	F2336_4	15	1150	1027	1473
M1478_4	F2619_4	15	1290	848	1191
M1478_4	M1263_4	15	1361	203	292
M1478_4	M1386_4	15	1221	361	499
M1478_4	M169_4	15	1058	302	420
M1478_4	M17_4	15	1313	193	278
M1478_4	M1_4	15	1251	534	750
M1478_4	M2490_4	15	1307	503	711
M1478_4	M2621_4	15	1177	601	835
M1478_4	M944_4	15	1221	738	1023
M169_4	F13_4	15	1254	524	816
M169_4	F1604_4	15	1380	350	546
M169_4	F1663_4	15	1249	166	251
M169_4	F2336_4	15	1087	771	1204
M169_4	F2619_4	15	1257	388	608
M169_4	M1263_4	15	1180	58	95
M169_4	M1386_4	15	1436	142	212
M169_4	M1478_4	15	1058	196	293
M169_4	M17_4	15	1359	47	81
M169_4	M1_4	15	1228	186	265
M169_4	M2490_4	15	1261	177	282
M169_4	M2621_4	15	1314	251	400
M169_4	M944_4	15	1220	355	550
M17_4	F13_4	15	1229	357	390
M17_4	F1604_4	15	1169	203	221
M17_4	F1663_4	15	1325	117	129
M17_4	F2336_4	15	1167	719	790
M17_4	F2619_4	15	1195	275	299
M17_4	M1263_4	15	1288	41	45
M17_4	M1386_4	15	1233	78	82
M17_4	M1478_4	15	1313	168	179
M17_4	M169_4	15	1359	77	90
M17_4	M1_4	15	1396	152	170
M17_4	M2490_4	15	1226	122	136
M17_4	M2621_4	15	1191	191	209
M17_4	M944_4	15	1140	217	237
M1_4	F13_4	15	1388	524	524
M1_4	F1604_4	15	1143	290	290
M1_4	F1663_4	15	1220	152	152
M1_4	F2336_4	15	1351	916	916
M1_4	F2619_4	15	1402	412	412
M1_4	M1263_4	15	1242	57	57
M1_4	M1386_4	15	1256	105	105
M1_4	M1478_4	15	1251	229	229
M1_4	M169_4	15	1228	114	114
M1_4	M17_4	15	1396	44	44
M1_4	M2490_4	15	1228	152	152
M1_4	M2621_4	15	1163	231	231
M1_4	M944_4	15	1218	325	325
M2490_4	F13_4	15	1258	92	92
M2490_4	F1604_4	15	1218	44	44
M2490_4	F1663_4	15	1353	28	28
M2490_4	F2336_4	15	1252	284	284
M2490_4	F2619_4	15	1210	62	62
M2490_4	M1263_4	15	1278	5	5
M2490_4	M1386_4	15	1296	16	16
M2490_4	M1478_4	15	1307	38	38
M2490_4	M169_4	15	1261	15	15
M2490_4	M17_4	15	1226	3	3
M2490_4	M1_4	15	1228	36	36
M2490_4	M2621_4	15	1243	41	41
M2490_4	M944_4	15	1181	55	55
M2621_4	F13_4	15	1351	889	889
M2621_4	F1604_4	15	1191	599	599
M2621_4	F1663_4	15	1224	367	367
M2621_4	F2336_4	15	1139	995	995
M2621_4	F2619_4	15	1248	683	683
M2621_4	M1263_4	15	1213	139	139
M2621_4	M1386_4	15	1169	224	224
M2621_4	M1478_4	15	1177	466	466
M2621_4	M169_4	15	1314	273	273
M2621_4	M17_4	15	1191	121	121
M2621_4	M1_4	15	1163	415	415
M2621_4	M2490_4	15	1243	407	407
M2621_4	M944_4	15	1100	594	594
M944_4	F13_4	15	1205	926	1257
M944_4	F1604_4	15	1238	784	1087
M944_4	F1663_4	15	1278	541	757
M944_4	F2336_4	15	1292	1194	1616
M944_4	F2619_4	15	1321	910	1255
M944_4	M1263_4	15	1231	221	306
M944_4	M1386_4	15	1170	355	472
M944_4	M1478_4	15	1221	660	890
M944_4	M169_4	15	1220	393	569
M944_4	M17_4	15	1140	193	264
M944_4	M1_4	15	1218	618	860
M944_4	M2490_4	15	1181	533	727
M944_4	M2621_4	15	1100	610	829
F1058_4	F1811_4	16	1163	841	841
F1058_4	F1984_4	16	1257	701	701
F1058_4	F2625_4	16	1193	532	532
F1058_4	F2751_4	16	1192	122	122
F1058_4	F428_4	16	1237	581	581
F1058_4	F718_4	16	1228	106	106
F1058_4	F723_4	16	1201	711	711
F1058_4	M1286_4	16	1290	976	976
F1058_4	M1426_4	16	1278	866	866
F1058_4	M1890_4	16	1114	854	854
F1058_4	M2277_4	16	1310	374	374
F1058_4	M2677_4	16	1292	707	707
F1058_4	M273_4	16	1361	1060	1060
F1811_4	F1058_4	16	1163	597	1168
F1811_4	F1984_4	16	1154	924	1801
F1811_4	F2625_4	16	1226	886	1775
F1811_4	F2751_4	16	1258	352	662
F1811_4	F428_4	16	1179	855	1646
F1811_4	F718_4	16	1291	276	539
F1811_4	F723_4	16	1289	1039	2016
F1811_4	M1286_4	16	1213	1091	2078
F1811_4	M1426_4	16	1289	1071	2065
F1811_4	M1890_4	16	1325	1213	2407
F1811_4	M2277_4	16	1263	660	1293
F1811_4	M2677_4	16	1273	988	1931
F1811_4	M273_4	16	1234	1133	2202
F1984_4	F1058_4	16	1257	582	1333
F1984_4	F1811_4	16	1154	1000	2254
F1984_4	F2625_4	16	1293	883	1993
F1984_4	F2751_4	16	1322	302	680
F1984_4	F428_4	16	1100	729	1620
F1984_4	F718_4	16	1268	239	536
F1984_4	F723_4	16	1394	1071	2354
F1984_4	M1286_4	16	1392	1216	2642
F1984_4	M1426_4	16	1338	1112	2512
F1984_4	M1890_4	16	1211	1084	2355
F1984_4	M2277_4	16	1304	659	1487
F1984_4	M2677_4	16	1249	938	2032
F1984_4	M273_4	16	1189	1065	2344
F2625_4	F1058_4	16	1193	731	1460
F2625_4	F1811_4	16	1226	1116	2297
F2625_4	F1984_4	16	1293	1082	2166
F2625_4	F2751_4	16	1326	412	815
F2625_4	F428_4	16	1358	1037	2048
F2625_4	F718_4	16	1205	319	647
F2625_4	F723_4	16	1231	1056	2206
F2625_4	M1286_4	16	1179	1095	2213
F2625_4	M1426_4	16	1289	1140	2293
F2625_4	M1890_4	16	1276	1205	2421
F2625_4	M2277_4	16	1245	746	1496
F2625_4	M2677_4	16	1378	1119	2288
F2625_4	M273_4	16	1126	1052	2142
F2751_4	F1058_4	16	1192	140	151
F2751_4	F1811_4	16	1258	660	708
F2751_4	F1984_4	16	1322	498	535
F2751_4	F2625_4	16	1326	386	416
F2751_4	F428_4	16	1346	365	393
F2751_4	F718_4	16	1222	51	56
F2751_4	F723_4	16	1299	509	550
F2751_4	M1286_4	16	1304	786	857
F2751_4	M1426_4	16	1411	666	719
F2751_4	M1890_4	16	1114	653	701
F2751_4	M2277_4	16	1234	199	208
F2751_4	M2677_4	16	1299	438	478
F2751_4	M273_4	16	1290	797	872
F428_4	F1058_4	16	1237	440	440
F428_4	F1811_4	16	1179	949	949
F428_4	F1984_4	16	1100	745	745
F428_4	F2625_4	16	1358	761	761
F428_4	F2751_4	16	1346	234	234
F428_4	F718_4	16	1148	143	143
F428_4	F723_4	16	1191	830	830
F428_4	M1286_4	16	1220	1012	1012
F428_4	M1426_4	16	1204	899	899
F428_4	M1890_4	16	1379	1181	1181
F428_4	M2277_4	16	1250	505	505
F428_4	M2677_4	16	1196	749	749
F428_4	M273_4	16	1369	1188	1188
F718_4	F1058_4	16	1228	765	765
F718_4	F1811_4	16	1291	1177	1177
F718_4	F1984_4	16	1268	1102	1102
F718_4	F2625_4	16	1205	978	978
F718_4	F2751_4	16	1222	446	446
F718_4	F428_4	16	1148	950	950
F718_4	F723_4	16	1180	1048	1048
F718_4	M1286_4	16	1228	1162	1162
F718_4	M1426_4	16	1359	1217	1217
F718_4	M1890_4	16	1187	1114	1114
F718_4	M2277_4	16	1398	920	920
F718_4	M2677_4	16	1673	1417	1417
F718_4	M273_4	16	1378	1305	1305
F723_4	F1058_4	16	1201	773	1729
F723_4	F1811_4	16	1289	1192	2652
F723_4	F1984_4	16	1394	1225	2724
F723_4	F2625_4	16	1231	1035	2290
F723_4	F2751_4	16	1299	529	1159
F723_4	F428_4	16	1191	997	2233
F723_4	F718_4	16	1180	441	974
F723_4	M1286_4	16	1248	1174	2621
F723_4	M1426_4	16	1272	1163	2646
F723_4	M1890_4	16	1180	1130	2489
F723_4	M2277_4	16	1478	1021	2263
F723_4	M2677_4	16	1333	1150	2508
F723_4	M273_4	16	1130	1066	2344
M1286_4	F1058_4	16	1290	288	391
M1286_4	F1811_4	16	1213	832	1138
M1286_4	F1984_4	16	1392	735	979
M1286_4	F2625_4	16	1179	492	684
M1286_4	F2751_4	16	1304	135	180
M1286_4	F428_4	16	1220	565	764
M1286_4	F718_4	16	1228	98	136
M1286_4	F723_4	16	1248	723	976
M1286_4	M1426_4	16	1300	825	1125
M1286_4	M1890_4	16	1287	964	1317
M1286_4	M2277_4	16	1349	400	528
M1286_4	M2677_4	16	1338	700	940
M1286_4	M273_4	16	1283	982	1306
M1426_4	F1058_4	16	1278	289	712
M1426_4	F1811_4	16	1289	860	2073
M1426_4	F1984_4	16	1338	674	1662
M1426_4	F2625_4	16	1289	527	1257
M1426_4	F2751_4	16	1411	101	248
M1426_4	F428_4	16	1204	522	1276
M1426_4	F718_4	16	1359	97	228
M1426_4	F723_4	16	1272	665	1630
M1426_4	M1286_4	16	1300	902	2157
M1426_4	M1890_4	16	1258	925	2191
M1426_4	M2277_4	16	1170	269	684
M1426_4	M2677_4	16	1174	596	1399
M1426_4	M273_4	16	1366	1026	2532
M1890_4	F1058_4	16	1114	453	469
M1890_4	F1811_4	16	1325	1102	1131
M1890_4	F1984_4	16	1211	903	929
M1890_4	F2625_4	16	1276	790	814
M1890_4	F2751_4	16	1114	224	230
M1890_4	F428_4	16	1379	885	910
M1890_4	F718_4	16	1187	180	189
M1890_4	F723_4	16	1180	876	893
M1890_4	M1286_4	16	1287	1097	1126
M1890_4	M1426_4	16	1258	1004	1039
M1890_4	M2277_4	16	1237	580	591
M1890_4	M2677_4	16	1297	924	941
M1890_4	M273_4	16	1367	1206	1248
M2277_4	F1058_4	16	1310	991	991
M2277_4	F1811_4	16	1263	1205	1205
M2277_4	F1984_4	16	1304	1182	1182
M2277_4	F2625_4	16	1245	1097	1097
M2277_4	F2751_4	16	1234	662	662
M2277_4	F428_4	16	1250	1088	1088
M2277_4	F718_4	16	1398	637	637
M2277_4	F723_4	16	1478	1359	1359
M2277_4	M1286_4	16	1349	1303	1303
M2277_4	M1426_4	16	1170	1106	1106
M2277_4	M1890_4	16	1237	1203	1203
M2277_4	M2677_4	16	1255	1126	1126
M2277_4	M273_4	16	1259	1218	1218
M2677_4	F1058_4	16	1292	951	2764
M2677_4	F1811_4	16	1273	1212	3471
M2677_4	F1984_4	16	1249	1149	3368
M2677_4	F2625_4	16	1378	1222	3544
M2677_4	F2751_4	16	1299	670	1977
M2677_4	F428_4	16	1196	1038	3025
M2677_4	F718_4	16	1673	774	2321
M2677_4	F723_4	16	1333	1237	3655
M2677_4	M1286_4	16	1338	1289	3744
M2677_4	M1426_4	16	1174	1116	3344
M2677_4	M1890_4	16	1297	1248	3656
M2677_4	M2277_4	16	1255	965	2804
M2677_4	M273_4	16	1314	1268	3674
M273_4	F1058_4	16	1361	75	95
M273_4	F1811_4	16	1234	314	431
M273_4	F1984_4	16	1189	187	245
M273_4	F2625_4	16	1126	115	158
M273_4	F2751_4	16	1290	21	25
M273_4	F428_4	16	1369	175	224
M273_4	F718_4	16	1378	18	25
M273_4	F723_4	16	1130	201	260
M273_4	M1286_4	16	1283	407	551
M273_4	M1426_4	16	1366	297	372
M273_4	M1890_4	16	1367	473	621
M273_4	M2277_4	16	1259	68	93
M273_4	M2677_4	16	1314	193	248
F1287_4	F1967_4	17	1090	292	292
F1287_4	F2199_4	17	1262	757	757
F1287_4	F2273_4	17	1316	148	148
F1287_4	F2515_4	17	1129	937	937
F1287_4	F2740_4	17	1152	858	858
F1287_4	F584_4	17	1379	1224	1224
F1287_4	F760_4	17	1404	891	891
F1287_4	M133_4	17	1357	1231	1231
F1287_4	M1443_4	17	1207	198	198
F1287_4	M1528_4	17	1219	1089	1089
F1287_4	M2348_4	17	1125	822	822
F1287_4	M394_4	17	1267	819	819
F1287_4	M567_4	17	1258	941	941
F1967_4	F1287_4	17	1090	225	225
F1967_4	F2199_4	17	1339	427	427
F1967_4	F2273_4	17	1311	54	54
F1967_4	F2515_4	17	1196	747	747
F1967_4	F2740_4	17	1376	711	711
F1967_4	F584_4	17	1380	988	988
F1967_4	F760_4	17	1288	467	467
F1967_4	M133_4	17	1233	930	930
F1967_4	M1443_4	17	1150	80	80
F1967_4	M1528_4	17	1328	965	965
F1967_4	M2348_4	17	1252	555	555
F1967_4	M394_4	17	1239	472	472
F1967_4	M567_4	17	1306	701	701
F2199_4	F1287_4	17	1262	1029	1029
F2199_4	F1967_4	17	1339	943	943
F2199_4	F2273_4	17	1370	635	635
F2199_4	F2515_4	17	1383	1335	1335
F2199_4	F2740_4	17	1259	1195	1195
F2199_4	F584_4	17	1240	1213	1213
F2199_4	F760_4	17	1180	1093	1093
F2199_4	M133_4	17	1246	1229	1229
F2199_4	M1443_4	17	1215	731	731
F2199_4	M1528_4	17	1101	1072	1072
F2199_4	M2348_4	17	1285	1218	1218
F2199_4	M394_4	17	1306	1197	1197
F2199_4	M567_4	17	1310	1255	1255
F2273_4	F1287_4	17	1316	314	372
F2273_4	F1967_4	17	1311	197	232
F2273_4	F2199_4	17	1370	579	670
F2273_4	F2515_4	17	1286	907	1053
F2273_4	F2740_4	17	1333	795	918
F2273_4	F584_4	17	1214	964	1116
F2273_4	F760_4	17	1343	590	692
F2273_4	M133_4	17	1269	1017	1172
F2273_4	M1443_4	17	1350	125	150
F2273_4	M1528_4	17	1142	879	1028
F2273_4	M2348_4	17	1013	547	632
F2273_4	M394_4	17	1179	512	583
F2273_4	M567_4	17	1149	697	817
F2515_4	F1287_4	17	1129	985	985
F2515_4	F1967_4	17	1196	930	930
F2515_4	F2199_4	17	1383	1294	1294
F2515_4	F2273_4	17	1286	708	708
F2515_4	F2740_4	17	1112	1087	1087
F2515_4	F584_4	17	1223	1211	1211
F2515_4	F760_4	17	1256	1190	1190
F2515_4	M133_4	17	1145	1132	1132
F2515_4	M1443_4	17	1296	865	865
F2515_4	M1528_4	17	1247	1232	1232
F2515_4	M2348_4	17	1240	1193	1193
F2515_4	M394_4	17	1452	1378	1378
F2515_4	M567_4	17	1256	1226	1226
F2740_4	F1287_4	17	1152	377	377
F2740_4	F1967_4	17	1376	286	286
F2740_4	F2199_4	17	1259	633	633
F2740_4	F2273_4	17	1333	104	104
F2740_4	F2515_4	17	1112	881	881
F2740_4	F584_4	17	1272	1076	1076
F2740_4	F760_4	17	1147	594	594
F2740_4	M133_4	17	1223	1051	1051
F2740_4	M1443_4	17	1369	166	166
F2740_4	M1528_4	17	1295	1080	1080
F2740_4	M2348_4	17	1155	734	734
F2740_4	M394_4	17	1272	705	705
F2740_4	M567_4	17	1296	878	878
F584_4	F1287_4	17	1379	535	535
F584_4	F1967_4	17	1380	352	352
F584_4	F2199_4	17	1240	715	715
F584_4	F2273_4	17	1214	141	141
F584_4	F2515_4	17	1223	1019	1019
F584_4	F2740_4	17	1272	957	957
F584_4	F760_4	17	1460	923	923
F584_4	M133_4	17	1257	1140	1140
F584_4	M1443_4	17	1242	181	181
F584_4	M1528_4	17	1136	1004	1004
F584_4	M2348_4	17	1253	904	904
F584_4	M394_4	17	1395	875	875
F584_4	M567_4	17	1169	884	884
F760_4	F1287_4	17	1404	844	844
F760_4	F1967_4	17	1288	559	559
F760_4	F2199_4	17	1180	869	869
F760_4	F2273_4	17	1343	293	293
F760_4	F2515_4	17	1256	1136	1136
F760_4	F2740_4	17	1147	993	993
F760_4	F584_4	17	1460	1381	1381
F760_4	M133_4	17	1233	1158	1158
F760_4	M1443_4	17	1405	412	412
F760_4	M1528_4	17	1311	1237	1237
F760_4	M2348_4	17	1316	1094	1094
F760_4	M394_4	17	1335	1054	1054
F760_4	M567_4	17	1222	1052	1052
M133_4	F1287_4	17	1357	85	304
M133_4	F1967_4	17	1233	44	166
M133_4	F2199_4	17	1246	161	582
M133_4	F2273_4	17	1269	17	70
M133_4	F2515_4	17	1145	362	1315
M133_4	F2740_4	17	1223	315	1131
M133_4	F584_4	17	1257	524	1956
M133_4	F760_4	17	1233	190	663
M133_4	M1443_4	17	1324	26	96
M133_4	M1528_4	17	1223	537	1949
M133_4	M2348_4	17	1159	253	884
M133_4	M394_4	17	1141	173	619
M133_4	M567_4	17	1191	278	1021
M1443_4	F1287_4	17	1207	391	1326
M1443_4	F1967_4	17	1150	234	823
M1443_4	F2199_4	17	1215	642	2173
M1443_4	F2273_4	17	1350	133	421
M1443_4	F2515_4	17	1296	1042	3615
M1443_4	F2740_4	17	1369	947	3194
M1443_4	F584_4	17	1242	1054	3577
M1443_4	F760_4	17	1405	786	2614
M1443_4	M133_4	17	1324	1162	3985
M1443_4	M1528_4	17	1205	1019	3485
M1443_4	M2348_4	17	1364	859	2969
M1443_4	M394_4	17	1333	762	2684
M1443_4	M567_4	17	1364	969	3338
M1528_4	F1287_4	17	1219	642	1167
M1528_4	F1967_4	17	1328	495	891
M1528_4	F2199_4	17	1101	719	1337
M1528_4	F2273_4	17	1142	215	396
M1528_4	F2515_4	17	1247	1118	2117
M1528_4	F2740_4	17	1295	1106	2080
M1528_4	F584_4	17	1136	1036	1889
M1528_4	F760_4	17	1311	936	1728
M1528_4	M133_4	17	1223	1145	2109
M1528_4	M1443_4	17	1205	297	584
M1528_4	M2348_4	17	1264	1024	1924
M1528_4	M394_4	17	1152	854	1607
M1528_4	M567_4	17	1244	1056	1995
M2348_4	F1287_4	17	1125	693	1824
M2348_4	F1967_4	17	1252	608	1554
M2348_4	F2199_4	17	1285	1009	2627
M2348_4	F2273_4	17	1013	245	629
M2348_4	F2515_4	17	1240	1157	2977
M2348_4	F2740_4	17	1155	1047	2766
M2348_4	F584_4	17	1253	1194	3005
M2348_4	F760_4	17	1316	1102	2822
M2348_4	M133_4	17	1159	1118	2898
M2348_4	M1443_4	17	1364	482	1238
M2348_4	M1528_4	17	1264	1191	3088
M2348_4	M394_4	17	1194	974	2544
M2348_4	M567_4	17	1300	1156	2954
M394_4	F1287_4	17	1267	75	75
M394_4	F1967_4	17	1239	40	40
M394_4	F2199_4	17	1306	162	162
M394_4	F2273_4	17	1179	18	18
M394_4	F2515_4	17	1452	461	461
M394_4	F2740_4	17	1272	287	287
M394_4	F584_4	17	1395	581	581
M394_4	F760_4	17	1335	202	202
M394_4	M133_4	17	1141	520	520
M394_4	M1443_4	17	1333	26	26
M394_4	M1528_4	17	1152	476	476
M394_4	M2348_4	17	1194	198	198
M394_4	M567_4	17	1291	292	292
M567_4	F1287_4	17	1258	249	249
M567_4	F1967_4	17	1306	141	141
M567_4	F2199_4	17	1310	424	424
M567_4	F2273_4	17	1149	55	55
M567_4	F2515_4	17	1256	807	807
M567_4	F2740_4	17	1296	687	687
M567_4	F584_4	17	1169	845	845
M567_4	F760_4	17	1222	444	444
M567_4	M133_4	17	1191	913	913
M567_4	M1443_4	17	1364	97	97
M567_4	M1528_4	17	1244	892	892
M567_4	M2348_4	17	1300	594	594
M567_4	M394_4	17	1291	508	508
F1296_4	F147_4	18	1327	1298	1298
F1296_4	F1775_4	18	1297	1188	1188
F1296_4	F57_4	18	1377	1219	1219
F1296_4	F787_4	18	1420	1369	1369
F1296_4	F960_4	18	1333	1318	1318
F1296_4	M1585_4	18	1320	1197	1197
F1296_4	M1932_4	18	1332	1300	1300
F1296_4	M1998_4	18	1240	1058	1058
F1296_4	M2784_4	18	1155	823	823
F1296_4	M304_4	18	1405	1162	1162
F1296_4	M339_4	18	1289	1256	1256
F1296_4	M728_4	18	1210	843	843
F1296_4	M781_4	18	1340	1162	1162
F147_4	F1296_4	18	1327	179	357
F147_4	F1775_4	18	1383	336	743
F147_4	F57_4	18	1442	234	539
F147_4	F787_4	18	1300	524	1103
F147_4	F960_4	18	1322	959	1992
F147_4	M1585_4	18	1348	271	542
F147_4	M1932_4	18	1212	756	1631
F147_4	M1998_4	18	1369	190	406
F147_4	M2784_4	18	1256	85	189
F147_4	M304_4	18	1292	148	298
F147_4	M339_4	18	1254	623	1308
F147_4	M728_4	18	1149	70	153
F147_4	M781_4	18	1262	202	433
F1775_4	F1296_4	18	1297	681	741
F1775_4	F147_4	18	1383	1217	1326
F1775_4	F57_4	18	1290	742	804
F1775_4	F787_4	18	1270	1012	1080
F1775_4	F960_4	18	1354	1276	1377
F1775_4	M1585_4	18	1452	906	980
F1775_4	M1932_4	18	1442	1320	1414
F1775_4	M1998_4	18	1346	638	699
F1775_4	M2784_4	18	1427	417	458
F1775_4	M304_4	18	1154	535	584
F1775_4	M339_4	18	1302	1116	1216
F1775_4	M728_4	18	1235	342	380
F1775_4	M781_4	18	1187	642	689
F57_4	F1296_4	18	1377	1211	2956
F57_4	F147_4	18	1442	1407	3509
F57_4	F1775_4	18	1290	1214	2991
F57_4	F787_4	18	1239	1200	2978
F57_4	F960_4	18	1296	1282	3180
F57_4	M1585_4	18	1305	1203	2903
F57_4	M1932_4	18	1231	1215	2909
F57_4	M1998_4	18	1218	1033	2609
F57_4	M2784_4	18	1355	1015	2421
F57_4	M304_4	18	1344	1166	2877
F57_4	M339_4	18	1233	1203	2952
F57_4	M728_4	18	1202	863	2178
F57_4	M781_4	18	1150	1018	2515
F787_4	F1296_4	18	1420	541	541
F787_4	F147_4	18	1300	1067	1067
F787_4	F1775_4	18	1270	695	695
F787_4	F57_4	18	1239	494	494
F787_4	F960_4	18	1325	1205	1205
F787_4	M1585_4	18	1268	622	622
F787_4	M1932_4	18	1146	980	980
F787_4	M1998_4	18	1207	377	377
F787_4	M2784_4	18	1300	243	243
F787_4	M304_4	18	1315	444	444
F787_4	M339_4	18	1199	909	909
F787_4	M728_4	18	1242	254	254
F787_4	M781_4	18	1302	528	528
F960_4	F1296_4	18	1333	986	1082
F960_4	F147_4	18	1322	1253	1369
F960_4	F1775_4	18	1354	1165	1263
F960_4	F57_4	18	1296	1015	1106
F960_4	F787_4	18	1325	1208	1339
F960_4	M1585_4	18	1247	1033	1133
F960_4	M1932_4	18	1208	1172	1260
F960_4	M1998_4	18	1234	882	986
F960_4	M2784_4	18	1229	692	758
F960_4	M304_4	18	1348	974	1053
F960_4	M339_4	18	1192	1127	1219
F960_4	M728_4	18	1296	703	767
F960_4	M781_4	18	1283	972	1048
M1585_4	F1296_4	18	1320	228	228
M1585_4	F147_4	18	1348	787	787
M1585_4	F1775_4	18	1452	430	430
M1585_4	F57_4	18	1305	266	266
M1585_4	F787_4	18	1268	562	562
M1585_4	F960_4	18	1247	957	957
M1585_4	M1932_4	18	1162	773	773
M1585_4	M1998_4	18	1255	168	168
M1585_4	M2784_4	18	1359	102	102
M1585_4	M304_4	18	1173	155	155
M1585_4	M339_4	18	1264	688	688
M1585_4	M728_4	18	1235	101	101
M1585_4	M781_4	18	1387	229	229
M1932_4	F1296_4	18	1332	1191	1634
M1932_4	F147_4	18	1212	1183	1615
M1932_4	F1775_4	18	1442	1367	1885
M1932_4	F57_4	18	1231	1091	1493
M1932_4	F787_4	18	1146	1098	1498
M1932_4	F960_4	18	1208	1200	1655
M1932_4	M1585_4	18	1162	1067	1433
M1932_4	M1998_4	18	1214	1063	1427
M1932_4	M2784_4	18	1189	898	1238
M1932_4	M304_4	18	1188	1035	1398
M1932_4	M339_4	18	1383	1349	1834
M1932_4	M728_4	18	1204	903	1235
M1932_4	M781_4	18	1128	1020	1383
M1998_4	F1296_4	18	1240	202	847
M1998_4	F147_4	18	1369	818	3450
M1998_4	F1775_4	18	1346	361	1557
M1998_4	F57_4	18	1218	180	750
M1998_4	F787_4	18	1207	499	2070
M1998_4	F960_4	18	1234	899	3611
M1998_4	M1585_4	18	1255	294	1211
M1998_4	M1932_4	18	1214	773	3230
M1998_4	M2784_4	18	1243	85	365
M1998_4	M304_4	18	1159	141	579
M1998_4	M339_4	18	1232	655	2847
M1998_4	M728_4	18	1141	64	254
M1998_4	M781_4	18	1438	251	1031
M2784_4	F1296_4	18	1155	620	724
M2784_4	F147_4	18	1256	1137	1324
M2784_4	F1775_4	18	1427	971	1125
M2784_4	F57_4	18	1355	740	871
M2784_4	F787_4	18	1300	1031	1182
M2784_4	F960_4	18	1229	1165	1343
M2784_4	M1585_4	18	1359	870	1012
M2784_4	M1932_4	18	1189	1093	1285
M2784_4	M1998_4	18	1243	592	696
M2784_4	M304_4	18	1232	575	672
M2784_4	M339_4	18	1200	1044	1222
M2784_4	M728_4	18	1146	316	369
M2784_4	M781_4	18	1436	799	914
M304_4	F1296_4	18	1405	736	736
M304_4	F147_4	18	1292	1139	1139
M304_4	F1775_4	18	1154	785	785
M304_4	F57_4	18	1344	741	741
M304_4	F787_4	18	1315	1052	1052
M304_4	F960_4	18	1348	1281	1281
M304_4	M1585_4	18	1173	734	734
M304_4	M1932_4	18	1188	1105	1105
M304_4	M1998_4	18	1159	523	523
M304_4	M2784_4	18	1232	369	369
M304_4	M339_4	18	1214	1032	1032
M304_4	M728_4	18	1331	365	365
M304_4	M781_4	18	1363	747	747
M339_4	F1296_4	18	1289	522	1675
M339_4	F147_4	18	1254	1026	3317
M339_4	F1775_4	18	1302	790	2481
M339_4	F57_4	18	1233	569	1857
M339_4	F787_4	18	1199	878	2812
M339_4	F960_4	18	1192	1098	3527
M339_4	M1585_4	18	1264	669	2163
M339_4	M1932_4	18	1383	1216	3843
M339_4	M1998_4	18	1232	497	1577
M339_4	M2784_4	18	1200	295	956
M339_4	M304_4	18	1214	451	1418
M339_4	M728_4	18	1146	289	922
M339_4	M781_4	18	1276	581	1844
M728_4	F1296_4	18	1210	204	368
M728_4	F147_4	18	1149	658	1275
M728_4	F1775_4	18	1235	377	704
M728_4	F57_4	18	1202	248	463
M728_4	F787_4	18	1242	545	983
M728_4	F960_4	18	1296	994	1801
M728_4	M1585_4	18	1235	277	503
M728_4	M1932_4	18	1204	808	1470
M728_4	M1998_4	18	1141	168	316
M728_4	M2784_4	18	1146	80	132
M728_4	M304_4	18	1331	196	367
M728_4	M339_4	18	1146	622	1147
M728_4	M781_4	18	1270	245	470
M781_4	F1296_4	18	1340	356	604
M781_4	F147_4	18	1262	907	1486
M781_4	F1775_4	18	1187	504	839
M781_4	F57_4	18	1150	302	494
M781_4	F787_4	18	1302	723	1207
M781_4	F960_4	18	1283	1081	1732
M781_4	M1585_4	18	1387	481	755
M781_4	M1932_4	18	1128	851	1382
M781_4	M1998_4	18	1438	346	568
M781_4	M2784_4	18	1436	184	310
M781_4	M304_4	18	1363	278	449
M781_4	M339_4	18	1276	838	1341
M781_4	M728_4	18	1270	154	260
F1341_4	F1507_4	19	1166	995	995
F1341_4	F15_4	19	1245	298	298
F1341_4	F2062_4	19	1268	355	355
F1341_4	F637_4	19	1334	1047	1047
F1341_4	F983_4	19	1155	749	749
F1341_4	M1453_4	19	1150	930	930
F1341_4	M182_4	19	1197	477	477
F1341_4	M1981_4	19	1292	406	406
F1341_4	M1983_4	19	1239	831	831
F1341_4	M2291_4	19	1250	317	317
F1341_4	M2672_4	19	1335	541	541
F1341_4	M49_4	19	1292	627	627
F1341_4	M669_4	19	1236	484	484
F1507_4	F1341_4	19	1166	1150	1150
F1507_4	F15_4	19	1454	1276	1276
F1507_4	F2062_4	19	1240	1099	1099
F1507_4	F637_4	19	1365	1348	1348
F1507_4	F983_4	19	1372	1332	1332
F1507_4	M1453_4	19	1370	1341	1341
F1507_4	M182_4	19	1148	1076	1076
F1507_4	M1981_4	19	1223	1128	1128
F1507_4	M1983_4	19	1285	1259	1259
F1507_4	M2291_4	19	1228	1084	1084
F1507_4	M2672_4	19	1318	1233	1233
F1507_4	M49_4	19	1248	1199	1199
F1507_4	M669_4	19	1342	1240	1240
F15_4	F1341_4	19	1245	445	445
F15_4	F1507_4	19	1454	637	637
F15_4	F2062_4	19	1320	63	63
F15_4	F637_4	19	1283	417	417
F15_4	F983_4	19	1093	196	196
F15_4	M1453_4	19	1325	427	427
F15_4	M182_4	19	1244	99	99
F15_4	M1981_4	19	1125	75	75
F15_4	M1983_4	19	1326	316	316
F15_4	M2291_4	19	1300	46	46
F15_4	M2672_4	19	1247	117	117
F15_4	M49_4	19	1243	144	144
F15_4	M669_4	19	1296	97	97
F2062_4	F1341_4	19	1268	1255	1255
F2062_4	F1507_4	19	1240	1233	1233
F2062_4	F15_4	19	1320	1203	1203
F2062_4	F637_4	19	1449	1437	1437
F2062_4	F983_4	19	1240	1213	1213
F2062_4	M1453_4	19	1305	1287	1287
F2062_4	M182_4	19	1263	1201	1201
F2062_4	M1981_4	19	1225	1134	1134
F2062_4	M1983_4	19	1342	1320	1320
F2062_4	M2291_4	19	1249	1122	1122
F2062_4	M2672_4	19	1311	1237	1237
F2062_4	M49_4	19	1270	1221	1221
F2062_4	M669_4	19	1291	1221	1221
F637_4	F1341_4	19	1334	1006	1777
F637_4	F1507_4	19	1365	1109	1899
F637_4	F15_4	19	1283	245	427
F637_4	F2062_4	19	1449	281	488
F637_4	F983_4	19	1192	613	1128
F637_4	M1453_4	19	1187	811	1420
F637_4	M182_4	19	1351	392	674
F637_4	M1981_4	19	1237	282	482
F637_4	M1983_4	19	1260	702	1246
F637_4	M2291_4	19	1277	229	402
F637_4	M2672_4	19	1291	383	676
F637_4	M49_4	19	1197	497	867
F637_4	M669_4	19	1288	365	630
F983_4	F1341_4	19	1155	993	993
F983_4	F1507_4	19	1372	1231	1231
F983_4	F15_4	19	1093	355	355
F983_4	F2062_4	19	1240	395	395
F983_4	F637_4	19	1192	971	971
F983_4	M1453_4	19	1320	1100	1100
F983_4	M182_4	19	1028	524	524
F983_4	M1981_4	19	1226	468	468
F983_4	M1983_4	19	1215	902	902
F983_4	M2291_4	19	1062	333	333
F983_4	M2672_4	19	1250	626	626
F983_4	M49_4	19	1288	773	773
F983_4	M669_4	19	1149	534	534
M1453_4	F1341_4	19	1150	1133	1133
M1453_4	F1507_4	19	1370	1350	1350
M1453_4	F15_4	19	1325	1049	1049
M1453_4	F2062_4	19	1305	1051	1051
M1453_4	F637_4	19	1187	1161	1161
M1453_4	F983_4	19	1320	1250	1250
M1453_4	M182_4	19	1197	1041	1041
M1453_4	M1981_4	19	1210	1003	1003
M1453_4	M1983_4	19	1324	1278	1278
M1453_4	M2291_4	19	1196	950	950
M1453_4	M2672_4	19	1220	1078	1078
M1453_4	M49_4	19	1218	1140	1140
M1453_4	M669_4	19	1176	1030	1030
M182_4	F1341_4	19	1197	1155	1982
M182_4	F1507_4	19	1148	1120	1910
M182_4	F15_4	19	1244	832	1431
M182_4	F2062_4	19	1263	864	1419
M182_4	F637_4	19	1351	1266	2128
M182_4	F983_4	19	1028	943	1605
M182_4	M1453_4	19	1197	1149	1927
M182_4	M1981_4	19	1228	875	1475
M182_4	M1983_4	19	1131	1047	1793
M182_4	M2291_4	19	1222	818	1388
M182_4	M2672_4	19	1331	1103	1886
M182_4	M49_4	19	1249	1063	1780
M182_4	M669_4	19	1302	990	1699
M1981_4	F1341_4	19	1292	1086	1732
M1981_4	F1507_4	19	1223	1057	1675
M1981_4	F15_4	19	1125	276	433
M1981_4	F2062_4	19	1225	359	585
M1981_4	F637_4	19	1237	958	1545
M1981_4	F983_4	19	1226	801	1301
M1981_4	M1453_4	19	1210	969	1595
M1981_4	M182_4	19	1228	516	841
M1981_4	M1983_4	19	1224	823	1319
M1981_4	M2291_4	19	1294	329	519
M1981_4	M2672_4	19	1248	542	870
M1981_4	M49_4	19	1236	654	1059
M1981_4	M669_4	19	1133	455	710
M1983_4	F1341_4	19	1239	1210	1210
M1983_4	F1507_4	19	1285	1260	1260
M1983_4	F15_4	19	1326	996	996
M1983_4	F2062_4	19	1342	1031	1031
M1983_4	F637_4	19	1260	1221	1221
M1983_4	F983_4	19	1215	1148	1148
M1983_4	M1453_4	19	1324	1287	1287
M1983_4	M182_4	19	1131	947	947
M1983_4	M1981_4	19	1224	1004	1004
M1983_4	M2291_4	19	1268	954	954
M1983_4	M2672_4	19	1173	1001	1001
M1983_4	M49_4	19	1260	1147	1147
M1983_4	M669_4	19	1282	1070	1070
M2291_4	F1341_4	19	1250	1031	5552
M2291_4	F1507_4	19	1228	1014	5515
M2291_4	F15_4	19	1300	302	1601
M2291_4	F2062_4	19	1249	290	1607
M2291_4	F637_4	19	1277	962	5105
M2291_4	F983_4	19	1062	643	3422
M2291_4	M1453_4	19	1196	929	5107
M2291_4	M182_4	19	1222	475	2498
M2291_4	M1981_4	19	1294	367	2028
M2291_4	M1983_4	19	1268	825	4430
M2291_4	M2672_4	19	1285	497	2591
M2291_4	M49_4	19	1463	717	3834
M2291_4	M669_4	19	1198	421	2316
M2672_4	F1341_4	19	1335	895	895
M2672_4	F1507_4	19	1318	907	907
M2672_4	F15_4	19	1247	147	147
M2672_4	F2062_4	19	1311	163	163
M2672_4	F637_4	19	1291	731	731
M2672_4	F983_4	19	1250	493	493
M2672_4	M1453_4	19	1220	699	699
M2672_4	M182_4	19	1331	269	269
M2672_4	M1981_4	19	1248	182	182
M2672_4	M1983_4	19	1173	550	550
M2672_4	M2291_4	19	1285	148	148
M2672_4	M49_4	19	1254	358	358
M2672_4	M669_4	19	1252	278	278
M49_4	F1341_4	19	1292	1275	1275
M49_4	F1507_4	19	1248	1224	1224
M49_4	F15_4	19	1243	952	952
M49_4	F2062_4	19	1270	990	990
M49_4	F637_4	19	1197	1164	1164
M49_4	F983_4	19	1288	1232	1232
M49_4	M1453_4	19	1218	1185	1185
M49_4	M182_4	19	1249	1103	1103
M49_4	M1981_4	19	1236	1040	1040
M49_4	M1983_4	19	1260	1201	1201
M49_4	M2291_4	19	1463	1132	1132
M49_4	M2672_4	19	1254	1145	1145
M49_4	M669_4	19	1180	1020	1020
M669_4	F1341_4	19	1236	1198	2314
M669_4	F1507_4	19	1342	1297	2540
M669_4	F15_4	19	1296	857	1691
M669_4	F2062_4	19	1291	898	1710
M669_4	F637_4	19	1288	1220	2318
M669_4	F983_4	19	1149	1057	2053
M669_4	M1453_4	19	1176	1116	2165
M669_4	M182_4	19	1302	1042	2062
M669_4	M1981_4	19	1133	833	1573
M669_4	M1983_4	19	1282	1201	2356
M669_4	M2291_4	19	1198	827	1610
M669_4	M2672_4	19	1252	1028	1997
M669_4	M49_4	19	1180	1034	1974
F1294_4	F1408_4	20	1265	65	98
F1294_4	F1573_4	20	1188	1145	1712
F1294_4	F1903_4	20	1130	1048	1529
F1294_4	F1928_4	20	1197	664	994
F1294_4	F2533_4	20	1239	378	575
F1294_4	F271_4	20	1310	1007	1516
F1294_4	M107_4	20	1229	642	977
F1294_4	M1142_4	20	1148	297	450
F1294_4	M1218_4	20	1257	397	581
F1294_4	M1606_4	20	1220	785	1170
F1294_4	M636_4	20	1307	237	346
F1294_4	M798_4	20	1306	1187	1779
F1294_4	M925_4	20	1203	369	556
F1408_4	F1294_4	20	1265	823	823
F1408_4	F1573_4	20	1353	1227	1227
F1408_4	F1903_4	20	1233	1005	1005
F1408_4	F1928_4	20	1242	420	420
F1408_4	F2533_4	20	1370	184	184
F1408_4	F271_4	20	1294	725	725
F1408_4	M107_4	20	1241	356	356
F1408_4	M1142_4	20	1208	147	147
F1408_4	M1218_4	20	1193	168	168
F1408_4	M1606_4	20	1124	427	427
F1408_4	M636_4	20	1307	111	111
F1408_4	M798_4	20	1195	924	924
F1408_4	M925_4	20	1265	166	166
F1573_4	F1294_4	20	1188	945	945
F1573_4	F1408_4	20	1353	29	29
F1573_4	F1903_4	20	1164	1062	1062
F1573_4	F1928_4	20	1332	694	694
F1573_4	F2533_4	20	1272	317	317
F1573_4	F271_4	20	1256	906	906
F1573_4	M107_4	20	1174	571	571
F1573_4	M1142_4	20	1268	276	276
F1573_4	M1218_4	20	1330	371	371
F1573_4	M1606_4	20	1276	711	711
F1573_4	M636_4	20	1198	194	194
F1573_4	M798_4	20	1307	1169	1169
F1573_4	M925_4	20	1323	314	314
F1903_4	F1294_4	20	1130	722	1823
F1903_4	F1408_4	20	1233	19	46
F1903_4	F1573_4	20	1164	1074	2548
F1903_4	F1928_4	20	1250	401	1021
F1903_4	F2533_4	20	1206	146	341
F1903_4	F271_4	20	1206	655	1602
F1903_4	M107_4	20	1382	390	1001
F1903_4	M1142_4	20	1144	121	300
F1903_4	M1218_4	20	1227	151	389
F1903_4	M1606_4	20	1195	453	1145
F1903_4	M636_4	20	1249	108	274
F1903_4	M798_4	20	1255	981	2425
F1903_4	M925_4	20	1101	140	363
F1928_4	F1294_4	20	1197	676	714
F1928_4	F1408_4	20	1242	5	5
F1928_4	F1573_4	20	1332	1182	1237
F1928_4	F1903_4	20	1250	922	971
F1928_4	F2533_4	20	1353	123	129
F1928_4	F271_4	20	1190	526	554
F1928_4	M107_4	20	1273	272	288
F1928_4	M1142_4	20	1124	80	84
F1928_4	M1218_4	20	1350	152	161
F1928_4	M1606_4	20	1349	386	411
F1928_4	M636_4	20	1194	58	59
F1928_4	M798_4	20	1047	746	788
F1928_4	M925_4	20	1402	124	127
F2533_4	F1294_4	20	1239	871	1150
F2533_4	F1408_4	20	1370	25	31
F2533_4	F1573_4	20	1272	1191	1590
F2533_4	F1903_4	20	1206	1016	1323
F2533_4	F1928_4	20	1353	554	730
F2533_4	F271_4	20	1359	873	1143
F2533_4	M107_4	20	1355	506	671
F2533_4	M1142_4	20	1164	157	215
F2533_4	M1218_4	20	1188	227	305
F2533_4	M1606_4	20	1319	589	789
F2533_4	M636_4	20	1061	130	166
F2533_4	M798_4	20	1309	1081	1434
F2533_4	M925_4	20	1292	216	287
F271_4	F1294_4	20	1310	604	604
F271_4	F1408_4	20	1294	9	9
F271_4	F1573_4	20	1256	1040	1040
F271_4	F1903_4	20	1206	792	792
F271_4	F1928_4	20	1190	235	235
F271_4	F2533_4	20	1359	93	93
F271_4	M107_4	20	1099	190	190
F271_4	M1142_4	20	1322	66	66
F271_4	M1218_4	20	1187	90	90
F271_4	M1606_4	20	1185	243	243
F271_4	M636_4	20	1218	45	45
F271_4	M798_4	20	1337	824	824
F271_4	M925_4	20	1306	87	87
M107_4	F1294_4	20	1229	862	862
M107_4	F1408_4	20	1241	15	15
M107_4	F1573_4	20	1174	1082	1082
M107_4	F1903_4	20	1382	1159	1159
M107_4	F1928_4	20	1273	478	478
M107_4	F2533_4	20	1355	220	220
M107_4	F271_4	20	1099	637	637
M107_4	M1142_4	20	1370	167	167
M107_4	M1218_4	20	1263	226	226
M107_4	M1606_4	20	1244	515	515
M107_4	M636_4	20	1252	137	137
M107_4	M798_4	20	1226	981	981
M107_4	M925_4	20	1260	169	169
M1142_4	F1294_4	20	1148	444	856
M1142_4	F1408_4	20	1208	4	9
M1142_4	F1573_4	20	1268	1005	1964
M1142_4	F1903_4	20	1144	703	1355
M1142_4	F1928_4	20	1124	147	281
M1142_4	F2533_4	20	1164	59	123
M1142_4	F271_4	20	1322	382	739
M1142_4	M107_4	20	1370	199	387
M1142_4	M1218_4	20	1360	72	123
M1142_4	M1606_4	20	1303	234	455
M1142_4	M636_4	20	1208	44	82
M1142_4	M798_4	20	1276	684	1356
M1142_4	M925_4	20	1373	65	120
M1218_4	F1294_4	20	1257	1190	4530
M1218_4	F1408_4	20	1193	124	474
M1218_4	F1573_4	20	1330	1315	4868
M1218_4	F1903_4	20	1227	1191	4578
M1218_4	F1928_4	20	1350	1058	4029
M1218_4	F2533_4	20	1188	587	2180
M1218_4	F271_4	20	1187	1058	3961
M1218_4	M107_4	20	1263	919	3509
M1218_4	M1142_4	20	1360	628	2367
M1218_4	M1606_4	20	1294	1041	3933
M1218_4	M636_4	20	1204	483	1809
M1218_4	M798_4	20	1253	1199	4505
M1218_4	M925_4	20	1097	594	2276
M1606_4	F1294_4	20	1220	1063	1063
M1606_4	F1408_4	20	1124	58	58
M1606_4	F1573_4	20	1276	1245	1245
M1606_4	F1903_4	20	1195	1135	1135
M1606_4	F1928_4	20	1349	871	871
M1606_4	F2533_4	20	1319	473	473
M1606_4	F271_4	20	1185	975	975
M1606_4	M107_4	20	1244	741	741
M1606_4	M1142_4	20	1303	421	421
M1606_4	M1218_4	20	1294	523	523
M1606_4	M636_4	20	1264	310	310
M1606_4	M798_4	20	1374	1264	1264
M1606_4	M925_4	20	1325	449	449
M636_4	F1294_4	20	1307	745	2022
M636_4	F1408_4	20	1307	12	27
M636_4	F1573_4	20	1198	1037	2883
M636_4	F1903_4	20	1249	915	2537
M636_4	F1928_4	20	1194	322	894
M636_4	F2533_4	20	1061	90	240
M636_4	F271_4	20	1218	554	1575
M636_4	M107_4	20	1252	275	765
M636_4	M1142_4	20	1208	85	220
M636_4	M1218_4	20	1204	130	387
M636_4	M1606_4	20	1264	379	1093
M636_4	M798_4	20	1282	883	2486
M636_4	M925_4	20	1144	114	305
M798_4	F1294_4	20	1306	1278	1525
M798_4	F1408_4	20	1195	403	469
M798_4	F1573_4	20	1307	1303	1578
M798_4	F1903_4	20	1255	1246	1482
M798_4	F1928_4	20	1047	987	1176
M798_4	F2533_4	20	1309	1102	1333
M798_4	F271_4	20	1337	1299	1556
M798_4	M107_4	20	1226	1146	1352
M798_4	M1142_4	20	1276	1011	1215
M798_4	M1218_4	20	1253	1093	1280
M798_4	M1606_4	20	1374	1290	1521
M798_4	M636_4	20	1282	949	1116
M798_4	M925_4	20	1176	988	1177
M925_4	F1294_4	20	1203	832	3655
M925_4	F1408_4	20	1265	14	64
M925_4	F1573_4	20	1323	1227	5384
M925_4	F1903_4	20	1101	922	3969
M925_4	F1928_4	20	1402	535	2261
M925_4	F2533_4	20	1292	222	946
M925_4	F271_4	20	1306	798	3437
M925_4	M107_4	20	1260	467	2037
M925_4	M1142_4	20	1373	193	844
M925_4	M1218_4	20	1097	196	837
M925_4	M1606_4	20	1325	569	2475
M925_4	M636_4	20	1144	140	600
M925_4	M798_4	20	1176	986	4362
F1339_4	F1701_4	21	1166	1143	3633
F1339_4	F1977_4	21	1380	1357	4495
F1339_4	F2180_4	21	1287	1193	3911
F1339_4	F491_4	21	1386	1302	4298
F1339_4	F852_4	21	1193	841	2769
F1339_4	M1662_4	21	1212	874	2849
F1339_4	M1787_4	21	1305	1155	3857
F1339_4	M1895_4	21	1311	1179	3864
F1339_4	M2335_4	21	1215	1185	3868
F1339_4	M2361_4	21	1213	885	2904
F1339_4	M562_4	21	1316	1039	3494
F1339_4	M589_4	21	1304	1111	3631
F1339_4	M812_4	21	1283	1255	4001
F1701_4	F1339_4	21	1166	249	546
F1701_4	F1977_4	21	1177	1007	2258
F1701_4	F2180_4	21	1215	661	1495
F1701_4	F491_4	21	1058	603	1398
F1701_4	F852_4	21	1484	284	676
F1701_4	M1662_4	21	1237	258	628
F1701_4	M1787_4	21	1350	582	1325
F1701_4	M1895_4	21	1190	600	1303
F1701_4	M2335_4	21	1300	1013	2346
F1701_4	M2361_4	21	1340	311	708
F1701_4	M562_4	21	1216	343	754
F1701_4	M589_4	21	1224	441	972
F1701_4	M812_4	21	1278	1046	2280
F1977_4	F1339_4	21	1380	246	313
F1977_4	F1701_4	21	1177	986	1249
F1977_4	F2180_4	21	1189	599	765
F1977_4	F491_4	21	1465	744	941
F1977_4	F852_4	21	1162	173	218
F1977_4	M1662_4	21	1358	210	261
F1977_4	M1787_4	21	1083	363	441
F1977_4	M1895_4	21	1244	492	627
F1977_4	M2335_4	21	1297	964	1225
F1977_4	M2361_4	21	1322	235	302
F1977_4	M562_4	21	1278	276	341
F1977_4	M589_4	21	1215	389	487
F1977_4	M812_4	21	1150	889	1124
F2180_4	F1339_4	21	1287	233	331
F2180_4	F1701_4	21	1215	1028	1366
F2180_4	F1977_4	21	1189	982	1327
F2180_4	F491_4	21	1283	668	865
F2180_4	F852_4	21	1218	188	254
F2180_4	M1662_4	21	1260	172	230
F2180_4	M1787_4	21	1228	425	564
F2180_4	M1895_4	21	1421	605	819
F2180_4	M2335_4	21	1205	870	1170
F2180_4	M2361_4	21	1239	219	294
F2180_4	M562_4	21	1367	303	395
F2180_4	M589_4	21	1230	402	543
F2180_4	M812_4	21	1393	1082	1468
F491_4	F1339_4	21	1386	42	85
F491_4	F1701_4	21	1058	426	961
F491_4	F1977_4	21	1465	576	1322
F491_4	F2180_4	21	1283	135	311
F491_4	F852_4	21	1161	25	51
F491_4	M1662_4	21	1238	24	50
F491_4	M1787_4	21	1348	87	178
F491_4	M1895_4	21	1239	105	235
F491_4	M2335_4	21	1233	314	714
F491_4	M2361_4	21	1368	26	52
F491_4	M562_4	21	1309	48	105
F491_4	M589_4	21	1185	78	182
F491_4	M812_4	21	1228	397	938
F852_4	F1339_4	21	1193	727	727
F852_4	F1701_4	21	1484	1457	1457
F852_4	F1977_4	21	1162	1122	1122
F852_4	F2180_4	21	1218	1072	1072
F852_4	F491_4	21	1161	1017	1017
F852_4	M1662_4	21	1086	654	654
F852_4	M1787_4	21	1232	999	999
F852_4	M1895_4	21	1245	1027	1027
F852_4	M2335_4	21	1347	1287	1287
F852_4	M2361_4	21	1239	724	724
F852_4	M562_4	21	1364	915	915
F852_4	M589_4	21	1436	1092	1092
F852_4	M812_4	21	1164	1114	1114
M1662_4	F1339_4	21	1212	20	40
M1662_4	F1701_4	21	1237	350	565
M1662_4	F1977_4	21	1358	355	608
M1662_4	F2180_4	21	1260	88	160
M1662_4	F491_4	21	1238	91	150
M1662_4	F852_4	21	1086	15	23
M1662_4	M1787_4	21	1171	44	76
M1662_4	M1895_4	21	1197	63	112
M1662_4	M2335_4	21	1213	191	330
M1662_4	M2361_4	21	1307	14	24
M1662_4	M562_4	21	1274	32	52
M1662_4	M589_4	21	1230	43	69
M1662_4	M812_4	21	1489	305	503
M1787_4	F1339_4	21	1305	345	345
M1787_4	F1701_4	21	1350	1198	1198
M1787_4	F1977_4	21	1083	946	946
M1787_4	F2180_4	21	1228	744	744
M1787_4	F491_4	21	1348	835	835
M1787_4	F852_4	21	1232	247	247
M1787_4	M1662_4	21	1171	258	258
M1787_4	M1895_4	21	1157	606	606
M1787_4	M2335_4	21	1144	917	917
M1787_4	M2361_4	21	1259	295	295
M1787_4	M562_4	21	1220	347	347
M1787_4	M589_4	21	1505	607	607
M1787_4	M812_4	21	1386	1141	1141
M1895_4	F1339_4	21	1311	1084	5221
M1895_4	F1701_4	21	1190	1181	5568
M1895_4	F1977_4	21	1244	1227	5965
M1895_4	F2180_4	21	1421	1343	6372
M1895_4	F491_4	21	1239	1174	5650
M1895_4	F852_4	21	1245	962	4627
M1895_4	M1662_4	21	1197	979	4630
M1895_4	M1787_4	21	1157	1065	5003
M1895_4	M2335_4	21	1299	1269	6069
M1895_4	M2361_4	21	1303	1080	5104
M1895_4	M562_4	21	1181	1023	4846
M1895_4	M589_4	21	1132	1012	4872
M1895_4	M812_4	21	1319	1302	6220
M2335_4	F1339_4	21	1215	139	139
M2335_4	F1701_4	21	1300	947	947
M2335_4	F1977_4	21	1297	898	898
M2335_4	F2180_4	21	1205	428	428
M2335_4	F491_4	21	1233	425	425
M2335_4	F852_4	21	1347	106	106
M2335_4	M1662_4	21	1213	113	113
M2335_4	M1787_4	21	1144	272	272
M2335_4	M1895_4	21	1299	302	302
M2335_4	M2361_4	21	1206	107	107
M2335_4	M562_4	21	1183	142	142
M2335_4	M589_4	21	1056	190	190
M2335_4	M812_4	21	1349	872	872
M2361_4	F1339_4	21	1213	492	1174
M2361_4	F1701_4	21	1340	1276	3149
M2361_4	F1977_4	21	1322	1234	2993
M2361_4	F2180_4	21	1239	954	2270
M2361_4	F491_4	21	1368	1028	2457
M2361_4	F852_4	21	1239	444	1088
M2361_4	M1662_4	21	1307	539	1299
M2361_4	M1787_4	21	1259	800	2038
M2361_4	M1895_4	21	1303	920	2255
M2361_4	M2335_4	21	1206	1065	2590
M2361_4	M562_4	21	1179	544	1316
M2361_4	M589_4	21	1140	657	1654
M2361_4	M812_4	21	1251	1160	2899
M562_4	F1339_4	21	1316	193	415
M562_4	F1701_4	21	1216	996	2045
M562_4	F1977_4	21	1278	1002	2073
M562_4	F2180_4	21	1367	608	1236
M562_4	F491_4	21	1309	598	1240
M562_4	F852_4	21	1364	160	342
M562_4	M1662_4	21	1274	180	401
M562_4	M1787_4	21	1220	394	854
M562_4	M1895_4	21	1181	443	940
M562_4	M2335_4	21	1183	823	1707
M562_4	M2361_4	21	1179	163	320
M562_4	M589_4	21	1333	348	721
M562_4	M812_4	21	1273	956	1950
M589_4	F1339_4	21	1304	1034	1034
M589_4	F1701_4	21	1224	1212	1212
M589_4	F1977_4	21	1215	1193	1193
M589_4	F2180_4	21	1230	1166	1166
M589_4	F491_4	21	1185	1134	1134
M589_4	F852_4	21	1436	1060	1060
M589_4	M1662_4	21	1230	972	972
M589_4	M1787_4	21	1505	1363	1363
M589_4	M1895_4	21	1132	1041	1041
M589_4	M2335_4	21	1056	1036	1036
M589_4	M2361_4	21	1140	880	880
M589_4	M562_4	21	1333	1119	1119
M589_4	M812_4	21	1148	1127	1127
M812_4	F1339_4	21	1283	503	503
M812_4	F1701_4	21	1278	1201	1201
M812_4	F1977_4	21	1150	1065	1065
M812_4	F2180_4	21	1393	1014	1014
M812_4	F491_4	21	1228	929	929
M812_4	F852_4	21	1164	414	414
M812_4	M1662_4	21	1489	574	574
M812_4	M1787_4	21	1386	843	843
M812_4	M1895_4	21	1319	888	888
M812_4	M2335_4	21	1349	1213	1213
M812_4	M2361_4	21	1251	434	434
M812_4	M562_4	21	1273	563	563
M812_4	M589_4	21	1148	663	663
F1377_4	F1484_4	22	1214	515	515
F1377_4	F1504_4	22	1262	52	52
F1377_4	F2465_4	22	1313	180	180
F1377_4	F2567_4	22	1271	344	344
F1377_4	F2768_4	22	1237	545	545
F1377_4	F278_4	22	1340	344	344
F1377_4	F604_4	22	1269	248	248
F1377_4	F647_4	22	1231	142	142
F1377_4	M1255_4	22	1172	155	155
F1377_4	M1548_4	22	1387	165	165
F1377_4	M2368_4	22	1257	784	784
F1377_4	M2484_4	22	1282	479	479
F1377_4	M2734_4	22	1367	98	98
F1484_4	F1377_4	22	1214	1156	1156
F1484_4	F1504_4	22	1170	398	398
F1484_4	F2465_4	22	1397	973	973
F1484_4	F2567_4	22	1380	1135	1135
F1484_4	F2768_4	22	1286	1187	1187
F1484_4	F278_4	22	1258	1000	1000
F1484_4	F604_4	22	1314	975	975
F1484_4	F647_4	22	1268	756	756
F1484_4	M1255_4	22	1323	841	841
F1484_4	M1548_4	22	1418	837	837
F1484_4	M2368_4	22	1287	1215	1215
F1484_4	M2484_4	22	1185	1028	1028
F1484_4	M2734_4	22	1349	647	647
F1504_4	F1377_4	22	1262	1100	2237
F1504_4	F1484_4	22	1170	909	1811
F1504_4	F2465_4	22	1272	550	1108
F1504_4	F2567_4	22	1280	807	1594
F1504_4	F2768_4	22	1213	974	1999
F1504_4	F278_4	22	1248	753	1510
F1504_4	F604_4	22	1349	714	1440
F1504_4	F647_4	22	1222	484	952
F1504_4	M1255_4	22	1206	464	911
F1504_4	M1548_4	22	1144	416	824
F1504_4	M2368_4	22	1184	1023	2043
F1504_4	M2484_4	22	1346	971	1962
F1504_4	M2734_4	22	1371	355	728
F2465_4	F1377_4	22	1313	1120	1635
F2465_4	F1484_4	22	1397	1032	1525
F2465_4	F1504_4	22	1272	193	274
F2465_4	F2567_4	22	1440	841	1201
F2465_4	F2768_4	22	1118	878	1237
F2465_4	F278_4	22	1422	849	1248
F2465_4	F604_4	22	1239	603	859
F2465_4	F647_4	22	1147	438	648
F2465_4	M1255_4	22	1341	529	762
F2465_4	M1548_4	22	1147	389	589
F2465_4	M2368_4	22	1207	1061	1502
F2465_4	M2484_4	22	1254	891	1271
F2465_4	M2734_4	22	1291	348	515
F2567_4	F1377_4	22	1271	1156	1617
F2567_4	F1484_4	22	1380	1164	1613
F2567_4	F1504_4	22	1280	357	495
F2567_4	F2465_4	22	1440	845	1198
F2567_4	F2768_4	22	1198	1060	1497
F2567_4	F278_4	22	1163	878	1217
F2567_4	F604_4	22	1408	927	1287
F2567_4	F647_4	22	1359	728	1020
F2567_4	M1255_4	22	1226	691	963
F2567_4	M1548_4	22	1423	709	997
F2567_4	M2368_4	22	1279	1196	1633
F2567_4	M2484_4	22	1267	1056	1418
F2567_4	M2734_4	22	1265	464	638
F2768_4	F1377_4	22	1237	1126	3181
F2768_4	F1484_4	22	1286	1070	2938
F2768_4	F1504_4	22	1213	295	859
F2768_4	F2465_4	22	1118	597	1676
F2768_4	F2567_4	22	1198	828	2281
F2768_4	F278_4	22	1291	877	2394
F2768_4	F604_4	22	1228	742	2025
F2768_4	F647_4	22	1173	560	1490
F2768_4	M1255_4	22	1187	569	1537
F2768_4	M1548_4	22	1273	571	1541
F2768_4	M2368_4	22	1218	1113	3072
F2768_4	M2484_4	22	1282	1025	2778
F2768_4	M2734_4	22	1254	408	1114
F278_4	F1377_4	22	1340	1338	1707
F278_4	F1484_4	22	1258	1255	1638
F278_4	F1504_4	22	1248	1204	1518
F278_4	F2465_4	22	1422	1402	1811
F278_4	F2567_4	22	1163	1157	1467
F278_4	F2768_4	22	1291	1289	1643
F278_4	F604_4	22	1258	1244	1605
F278_4	F647_4	22	1216	1199	1537
F278_4	M1255_4	22	1166	1148	1484
F278_4	M1548_4	22	1032	1020	1319
F278_4	M2368_4	22	1219	1218	1581
F278_4	M2484_4	22	1290	1285	1646
F278_4	M2734_4	22	1186	1169	1494
F604_4	F1377_4	22	1269	883	3563
F604_4	F1484_4	22	1314	700	2844
F604_4	F1504_4	22	1349	73	299
F604_4	F2465_4	22	1239	249	977
F604_4	F2567_4	22	1408	489	2035
F604_4	F2768_4	22	1228	680	2685
F604_4	F278_4	22	1258	432	1744
F604_4	F647_4	22	1362	238	980
F604_4	M1255_4	22	1364	226	925
F604_4	M1548_4	22	1219	203	826
F604_4	M2368_4	22	1283	920	3816
F604_4	M2484_4	22	1198	554	2262
F604_4	M2734_4	22	1215	138	581
F647_4	F1377_4	22	1231	880	2029
F647_4	F1484_4	22	1268	696	1650
F647_4	F1504_4	22	1222	92	202
F647_4	F2465_4	22	1147	273	663
F647_4	F2567_4	22	1359	511	1178
F647_4	F2768_4	22	1173	720	1700
F647_4	F278_4	22	1216	450	1065
F647_4	F604_4	22	1362	412	959
F647_4	M1255_4	22	1135	229	547
F647_4	M1548_4	22	1220	201	454
F647_4	M2368_4	22	1479	1116	2647
F647_4	M2484_4	22	1179	623	1430
F647_4	M2734_4	22	1188	150	360
M1255_4	F1377_4	22	1172	1163	3227
M1255_4	F1484_4	22	1323	1302	3654
M1255_4	F1504_4	22	1206	893	2490
M1255_4	F2465_4	22	1341	1242	3518
M1255_4	F2567_4	22	1226	1173	3388
M1255_4	F2768_4	22	1187	1164	3210
M1255_4	F278_4	22	1166	1118	3055
M1255_4	F604_4	22	1364	1300	3624
M1255_4	F647_4	22	1135	1005	2865
M1255_4	M1548_4	22	1312	1166	3241
M1255_4	M2368_4	22	1269	1254	3429
M1255_4	M2484_4	22	1287	1261	3456
M1255_4	M2734_4	22	1246	1065	2985
M1548_4	F1377_4	22	1387	1282	1282
M1548_4	F1484_4	22	1418	1240	1240
M1548_4	F1504_4	22	1144	350	350
M1548_4	F2465_4	22	1147	712	712
M1548_4	F2567_4	22	1423	1104	1104
M1548_4	F2768_4	22	1273	1145	1145
M1548_4	F278_4	22	1032	815	815
M1548_4	F604_4	22	1219	818	818
M1548_4	F647_4	22	1220	718	718
M1548_4	M1255_4	22	1312	777	777
M1548_4	M2368_4	22	1397	1340	1340
M1548_4	M2484_4	22	1323	1098	1098
M1548_4	M2734_4	22	1222	523	523
M2368_4	F1377_4	22	1257	1194	2646
M2368_4	F1484_4	22	1287	1150	2480
M2368_4	F1504_4	22	1184	425	908
M2368_4	F2465_4	22	1207	810	1781
M2368_4	F2567_4	22	1279	1049	2205
M2368_4	F2768_4	22	1218	1089	2315
M2368_4	F278_4	22	1219	979	2114
M2368_4	F604_4	22	1283	934	1984
M2368_4	F647_4	22	1479	919	1960
M2368_4	M1255_4	22	1269	832	1823
M2368_4	M1548_4	22	1397	835	1810
M2368_4	M2484_4	22	1291	1135	2482
M2368_4	M2734_4	22	1249	648	1367
M2484_4	F1377_4	22	1282	1157	1157
M2484_4	F1484_4	22	1185	979	979
M2484_4	F1504_4	22	1346	319	319
M2484_4	F2465_4	22	1254	685	685
M2484_4	F2567_4	22	1267	907	907
M2484_4	F2768_4	22	1282	1099	1099
M2484_4	F278_4	22	1290	894	894
M2484_4	F604_4	22	1198	722	722
M2484_4	F647_4	22	1179	557	557
M2484_4	M1255_4	22	1287	651	651
M2484_4	M1548_4	22	1323	598	598
M2484_4	M2368_4	22	1291	1170	1170
M2484_4	M2734_4	22	1242	447	447
M2734_4	F1377_4	22	1367	1346	1346
M2734_4	F1484_4	22	1349	1295	1295
M2734_4	F1504_4	22	1371	866	866
M2734_4	F2465_4	22	1291	1142	1142
M2734_4	F2567_4	22	1265	1163	1163
M2734_4	F2768_4	22	1254	1213	1213
M2734_4	F278_4	22	1186	1111	1111
M2734_4	F604_4	22	1215	1101	1101
M2734_4	F647_4	22	1188	1002	1002
M2734_4	M1255_4	22	1246	1047	1047
M2734_4	M1548_4	22	1222	1005	1005
M2734_4	M2368_4	22	1249	1227	1227
M2734_4	M2484_4	22	1242	1194	1194
F1062_4	F1846_4	23	1309	1047	1047
F1062_4	F2135_4	23	1269	1124	1124
F1062_4	F213_4	23	1263	1136	1136
F1062_4	F2489_4	23	1197	1191	1191
F1062_4	F2556_4	23	1230	1067	1067
F1062_4	F374_4	23	1158	1139	1139
F1062_4	M1220_4	23	1296	1262	1262
F1062_4	M1341_4	23	1255	1144	1144
F1062_4	M2302_4	23	1179	1089	1089
F1062_4	M2472_4	23	1321	1287	1287
F1062_4	M2488_4	23	1186	1183	1183
F1062_4	M2659_4	23	1383	1331	1331
F1062_4	M7_4	23	1123	1092	1092
F1846_4	F1062_4	23	1309	359	1101
F1846_4	F2135_4	23	1199	199	608
F1846_4	F213_4	23	1252	186	506
F1846_4	F2489_4	23	1192	955	2749
F1846_4	F2556_4	23	1294	174	516
F1846_4	F374_4	23	1329	727	2106
F1846_4	M1220_4	23	1284	609	1778
F1846_4	M1341_4	23	1148	257	736
F1846_4	M2302_4	23	1130	222	647
F1846_4	M2472_4	23	1239	589	1730
F1846_4	M2488_4	23	1416	1239	3573
F1846_4	M2659_4	23	1196	441	1298
F1846_4	M7_4	23	1293	558	1611
F2135_4	F1062_4	23	1269	641	641
F2135_4	F1846_4	23	1199	221	221
F2135_4	F213_4	23	1402	451	451
F2135_4	F2489_4	23	1439	1339	1339
F2135_4	F2556_4	23	1280	378	378
F2135_4	F374_4	23	1195	894	894
F2135_4	M1220_4	23	1189	836	836
F2135_4	M1341_4	23	1274	567	567
F2135_4	M2302_4	23	1078	444	444
F2135_4	M2472_4	23	1292	914	914
F2135_4	M2488_4	23	1331	1264	1264
F2135_4	M2659_4	23	1163	726	726
F2135_4	M7_4	23	1321	868	868
F213_4	F1062_4	23	1263	1169	1169
F213_4	F1846_4	23	1252	917	917
F213_4	F2135_4	23	1402	1208	1208
F213_4	F2489_4	23	1279	1272	1272
F213_4	F2556_4	23	1072	897	897
F213_4	F374_4	23	1358	1328	1328
F213_4	M1220_4	23	1300	1254	1254
F213_4	M1341_4	23	1135	1023	1023
F213_4	M2302_4	23	1182	1058	1058
F213_4	M2472_4	23	1336	1290	1290
F213_4	M2488_4	23	1159	1159	1159
F213_4	M2659_4	23	1265	1189	1189
F213_4	M7_4	23	1256	1213	1213
F2489_4	F1062_4	23	1197	254	463
F2489_4	F1846_4	23	1192	87	153
F2489_4	F2135_4	23	1439	183	331
F2489_4	F213_4	23	1279	151	282
F2489_4	F2556_4	23	1302	129	262
F2489_4	F374_4	23	1341	652	1198
F2489_4	M1220_4	23	1331	555	1037
F2489_4	M1341_4	23	1373	239	436
F2489_4	M2302_4	23	1241	225	423
F2489_4	M2472_4	23	1265	520	957
F2489_4	M2488_4	23	1198	1006	1874
F2489_4	M2659_4	23	1239	387	717
F2489_4	M7_4	23	1193	409	746
F2556_4	F1062_4	23	1230	968	2449
F2556_4	F1846_4	23	1294	538	1347
F2556_4	F2135_4	23	1280	768	1970
F2556_4	F213_4	23	1072	671	1658
F2556_4	F2489_4	23	1302	1273	3152
F2556_4	F374_4	23	1310	1198	2900
F2556_4	M1220_4	23	1134	1009	2462
F2556_4	M1341_4	23	1257	880	2200
F2556_4	M2302_4	23	1308	896	2227
F2556_4	M2472_4	23	1311	1150	2820
F2556_4	M2488_4	23	1246	1223	2970
F2556_4	M2659_4	23	1091	897	2214
F2556_4	M7_4	23	1190	1048	2667
F374_4	F1062_4	23	1158	978	978
F374_4	F1846_4	23	1329	716	716
F374_4	F2135_4	23	1195	836	836
F374_4	F213_4	23	1358	975	975
F374_4	F2489_4	23	1341	1325	1325
F374_4	F2556_4	23	1310	871	871
F374_4	M1220_4	23	1320	1236	1236
F374_4	M1341_4	23	1267	1024	1024
F374_4	M2302_4	23	1271	1000	1000
F374_4	M2472_4	23	1228	1145	1145
F374_4	M2488_4	23	1191	1187	1187
F374_4	M2659_4	23	1196	1072	1072
F374_4	M7_4	23	1312	1188	1188
M1220_4	F1062_4	23	1296	451	1278
M1220_4	F1846_4	23	1284	152	435
M1220_4	F2135_4	23	1189	255	734
M1220_4	F213_4	23	1300	293	792
M1220_4	F2489_4	23	1331	1166	3332
M1220_4	F2556_4	23	1134	207	572
M1220_4	F374_4	23	1320	855	2392
M1220_4	M1341_4	23	1303	376	1037
M1220_4	M2302_4	23	1430	401	1086
M1220_4	M2472_4	23	1111	624	1711
M1220_4	M2488_4	23	1243	1138	3154
M1220_4	M2659_4	23	1396	669	1893
M1220_4	M7_4	23	1270	662	1827
M1341_4	F1062_4	23	1255	963	963
M1341_4	F1846_4	23	1148	496	496
M1341_4	F2135_4	23	1274	764	764
M1341_4	F213_4	23	1135	722	722
M1341_4	F2489_4	23	1373	1347	1347
M1341_4	F2556_4	23	1257	733	733
M1341_4	F374_4	23	1267	1157	1157
M1341_4	M1220_4	23	1303	1171	1171
M1341_4	M2302_4	23	1116	778	778
M1341_4	M2472_4	23	1360	1221	1221
M1341_4	M2488_4	23	1404	1378	1378
M1341_4	M2659_4	23	1385	1173	1173
M1341_4	M7_4	23	1212	1057	1057
M2302_4	F1062_4	23	1179	434	544
M2302_4	F1846_4	23	1130	132	175
M2302_4	F2135_4	23	1078	219	297
M2302_4	F213_4	23	1182	283	382
M2302_4	F2489_4	23	1241	1090	1449
M2302_4	F2556_4	23	1308	223	292
M2302_4	F374_4	23	1271	843	1108
M2302_4	M1220_4	23	1430	856	1093
M2302_4	M1341_4	23	1116	361	461
M2302_4	M2472_4	23	1323	773	990
M2302_4	M2488_4	23	1360	1255	1630
M2302_4	M2659_4	23	1290	625	819
M2302_4	M7_4	23	1251	677	895
M2472_4	F1062_4	23	1321	906	906
M2472_4	F1846_4	23	1239	380	380
M2472_4	F2135_4	23	1292	588	588
M2472_4	F213_4	23	1336	668	668
M2472_4	F2489_4	23	1265	1196	1196
M2472_4	F2556_4	23	1311	603	603
M2472_4	F374_4	23	1228	1075	1075
M2472_4	M1220_4	23	1111	927	927
M2472_4	M1341_4	23	1360	817	817
M2472_4	M2302_4	23	1323	754	754
M2472_4	M2488_4	23	1203	1180	1180
M2472_4	M2659_4	23	1227	927	927
M2472_4	M7_4	23	1175	918	918
M2488_4	F1062_4	23	1186	454	454
M2488_4	F1846_4	23	1416	172	172
M2488_4	F2135_4	23	1331	262	262
M2488_4	F213_4	23	1159	248	248
M2488_4	F2489_4	23	1198	1036	1036
M2488_4	F2556_4	23	1246	221	221
M2488_4	F374_4	23	1191	738	738
M2488_4	M1220_4	23	1243	721	721
M2488_4	M1341_4	23	1404	382	382
M2488_4	M2302_4	23	1360	397	397
M2488_4	M2472_4	23	1203	679	679
M2488_4	M2659_4	23	1342	621	621
M2488_4	M7_4	23	1231	635	635
M2659_4	F1062_4	23	1383	1029	4584
M2659_4	F1846_4	23	1196	525	2402
M2659_4	F2135_4	23	1163	634	2823
M2659_4	F213_4	23	1265	784	3612
M2659_4	F2489_4	23	1239	1213	5453
M2659_4	F2556_4	23	1091	618	2781
M2659_4	F374_4	23	1196	1075	5003
M2659_4	M1220_4	23	1396	1240	5551
M2659_4	M1341_4	23	1385	945	4201
M2659_4	M2302_4	23	1290	907	4044
M2659_4	M2472_4	23	1227	1064	4951
M2659_4	M2488_4	23	1342	1323	6048
M2659_4	M7_4	23	1372	1178	5298
M7_4	F1062_4	23	1123	822	2433
M7_4	F1846_4	23	1293	468	1353
M7_4	F2135_4	23	1321	719	2134
M7_4	F213_4	23	1256	729	2182
M7_4	F2489_4	23	1193	1153	3432
M7_4	F2556_4	23	1190	635	1877
M7_4	F374_4	23	1312	1175	3429
M7_4	M1220_4	23	1270	1098	3246
M7_4	M1341_4	23	1212	785	2324
M7_4	M2302_4	23	1251	795	2302
M7_4	M2472_4	23	1175	996	2970
M7_4	M2488_4	23	1231	1207	3566
M7_4	M2659_4	23	1372	1092	3215
F1572_4	F1760_4	24	1114	925	1488
F1572_4	F1828_4	24	1290	1203	1903
F1572_4	F195_4	24	1133	733	1174
F1572_4	F2101_4	24	1056	1034	1633
F1572_4	F2200_4	24	1337	941	1485
F1572_4	F778_4	24	1330	1292	2041
F1572_4	F908_4	24	1270	1167	1907
F1572_4	F967_4	24	1201	1046	1664
F1572_4	M1722_4	24	1200	648	1024
F1572_4	M1900_4	24	1198	990	1555
F1572_4	M2097_4	24	1177	1107	1761
F1572_4	M2218_4	24	1133	790	1261
F1572_4	M858_4	24	1230	735	1157
F1760_4	F1572_4	24	1114	840	840
F1760_4	F1828_4	24	1286	1223	1223
F1760_4	F195_4	24	1272	897	897
F1760_4	F2101_4	24	1172	1154	1154
F1760_4	F2200_4	24	1201	938	938
F1760_4	F778_4	24	1224	1211	1211
F1760_4	F908_4	24	1305	1228	1228
F1760_4	F967_4	24	1413	1288	1288
F1760_4	M1722_4	24	1281	820	820
F1760_4	M1900_4	24	1211	1044	1044
F1760_4	M2097_4	24	1354	1293	1293
F1760_4	M2218_4	24	1213	947	947
F1760_4	M858_4	24	1421	1000	1000
F1828_4	F1572_4	24	1290	1273	3202
F1828_4	F1760_4	24	1286	1278	3121
F1828_4	F195_4	24	1223	1195	2916
F1828_4	F2101_4	24	1290	1288	3190
F1828_4	F2200_4	24	1276	1253	3073
F1828_4	F778_4	24	1333	1331	3241
F1828_4	F908_4	24	1240	1238	3112
F1828_4	F967_4	24	1263	1257	3039
F1828_4	M1722_4	24	1379	1345	3346
F1828_4	M1900_4	24	1232	1224	3067
F1828_4	M2097_4	24	1225	1225	3077
F1828_4	M2218_4	24	1396	1377	3334
F1828_4	M858_4	24	1352	1323	3257
F195_4	F1572_4	24	1133	1066	1459
F195_4	F1760_4	24	1272	1244	1702
F195_4	F1828_4	24	1223	1213	1655
F195_4	F2101_4	24	1180	1178	1590
F195_4	F2200_4	24	1240	1177	1607
F195_4	F778_4	24	1401	1396	1901
F195_4	F908_4	24	1162	1153	1578
F195_4	F967_4	24	1216	1195	1632
F195_4	M1722_4	24	1232	1114	1515
F195_4	M1900_4	24	1143	1120	1537
F195_4	M2097_4	24	1271	1261	1744
F195_4	M2218_4	24	1370	1303	1853
F195_4	M858_4	24	1194	1104	1533
F2101_4	F1572_4	24	1056	33	77
F2101_4	F1760_4	24	1172	77	145
F2101_4	F1828_4	24	1290	187	382
F2101_4	F195_4	24	1180	29	54
F2101_4	F2200_4	24	1265	47	91
F2101_4	F778_4	24	1274	381	761
F2101_4	F908_4	24	1229	158	348
F2101_4	F967_4	24	1274	116	239
F2101_4	M1722_4	24	1286	20	41
F2101_4	M1900_4	24	1203	79	169
F2101_4	M2097_4	24	1217	172	358
F2101_4	M2218_4	24	1386	53	103
F2101_4	M858_4	24	1165	24	46
F2200_4	F1572_4	24	1337	1134	2497
F2200_4	F1760_4	24	1201	1120	2486
F2200_4	F1828_4	24	1276	1238	2650
F2200_4	F195_4	24	1240	1005	2183
F2200_4	F2101_4	24	1265	1250	2637
F2200_4	F778_4	24	1128	1115	2410
F2200_4	F908_4	24	1171	1122	2468
F2200_4	F967_4	24	1172	1090	2394
F2200_4	M1722_4	24	1289	953	2080
F2200_4	M1900_4	24	1206	1105	2415
F2200_4	M2097_4	24	1314	1282	2833
F2200_4	M2218_4	24	1319	1129	2461
F2200_4	M858_4	24	1337	1090	2352
F778_4	F1572_4	24	1330	959	2094
F778_4	F1760_4	24	1224	1056	2294
F778_4	F1828_4	24	1333	1261	2704
F778_4	F195_4	24	1401	943	2054
F778_4	F2101_4	24	1274	1252	2672
F778_4	F2200_4	24	1128	850	1843
F778_4	F908_4	24	1288	1205	2660
F778_4	F967_4	24	1247	1125	2446
F778_4	M1722_4	24	1229	752	1633
F778_4	M1900_4	24	1198	1049	2282
F778_4	M2097_4	24	1251	1181	2639
F778_4	M2218_4	24	1351	1031	2224
F778_4	M858_4	24	1350	914	1999
F908_4	F1572_4	24	1270	637	637
F908_4	F1760_4	24	1305	894	894
F908_4	F1828_4	24	1240	1057	1057
F908_4	F195_4	24	1162	529	529
F908_4	F2101_4	24	1229	1166	1166
F908_4	F2200_4	24	1171	606	606
F908_4	F778_4	24	1288	1212	1212
F908_4	F967_4	24	1451	1098	1098
F908_4	M1722_4	24	1226	420	420
F908_4	M1900_4	24	1291	912	912
F908_4	M2097_4	24	1242	1066	1066
F908_4	M2218_4	24	1242	669	669
F908_4	M858_4	24	1259	554	554
F967_4	F1572_4	24	1201	326	326
F967_4	F1760_4	24	1413	663	663
F967_4	F1828_4	24	1263	919	919
F967_4	F195_4	24	1216	303	303
F967_4	F2101_4	24	1274	1131	1131
F967_4	F2200_4	24	1172	356	356
F967_4	F778_4	24	1247	1100	1100
F967_4	F908_4	24	1451	964	964
F967_4	M1722_4	24	1221	258	258
F967_4	M1900_4	24	1302	648	648
F967_4	M2097_4	24	1346	992	992
F967_4	M2218_4	24	1288	409	409
F967_4	M858_4	24	1206	261	261
M1722_4	F1572_4	24	1200	521	1179
M1722_4	F1760_4	24	1281	825	1821
M1722_4	F1828_4	24	1379	1166	2522
M1722_4	F195_4	24	1232	520	1111
M1722_4	F2101_4	24	1286	1215	2593
M1722_4	F2200_4	24	1289	656	1407
M1722_4	F778_4	24	1229	1137	2514
M1722_4	F908_4	24	1226	978	2106
M1722_4	F967_4	24	1221	916	1997
M1722_4	M1900_4	24	1226	834	1824
M1722_4	M2097_4	24	1232	1025	2284
M1722_4	M2218_4	24	1191	582	1258
M1722_4	M858_4	24	1149	449	1010
M1900_4	F1572_4	24	1198	706	706
M1900_4	F1760_4	24	1211	923	923
M1900_4	F1828_4	24	1232	1085	1085
M1900_4	F195_4	24	1143	653	653
M1900_4	F2101_4	24	1203	1165	1165
M1900_4	F2200_4	24	1206	776	776
M1900_4	F778_4	24	1198	1153	1153
M1900_4	F908_4	24	1291	1127	1127
M1900_4	F967_4	24	1302	1065	1065
M1900_4	M1722_4	24	1226	549	549
M1900_4	M2097_4	24	1377	1245	1245
M1900_4	M2218_4	24	1298	822	822
M1900_4	M858_4	24	1186	614	614
M2097_4	F1572_4	24	1177	402	481
M2097_4	F1760_4	24	1354	760	925
M2097_4	F1828_4	24	1225	930	1162
M2097_4	F195_4	24	1271	383	468
M2097_4	F2101_4	24	1217	1119	1361
M2097_4	F2200_4	24	1314	462	563
M2097_4	F778_4	24	1251	1133	1375
M2097_4	F908_4	24	1242	891	1105
M2097_4	F967_4	24	1346	868	1076
M2097_4	M1722_4	24	1232	285	349
M2097_4	M1900_4	24	1377	786	967
M2097_4	M2218_4	24	1328	506	612
M2097_4	M858_4	24	1339	373	462
M2218_4	F1572_4	24	1133	660	1061
M2218_4	F1760_4	24	1213	907	1525
M2218_4	F1828_4	24	1396	1250	1987
M2218_4	F195_4	24	1370	686	1102
M2218_4	F2101_4	24	1386	1335	2157
M2218_4	F2200_4	24	1319	818	1294
M2218_4	F778_4	24	1351	1297	2098
M2218_4	F908_4	24	1242	1060	1662
M2218_4	F967_4	24	1288	1036	1656
M2218_4	M1722_4	24	1191	497	778
M2218_4	M1900_4	24	1298	999	1623
M2218_4	M2097_4	24	1328	1203	1974
M2218_4	M858_4	24	1301	641	1015
M858_4	F1572_4	24	1230	428	428
M858_4	F1760_4	24	1421	814	814
M858_4	F1828_4	24	1352	1059	1059
M858_4	F195_4	24	1194	353	353
M858_4	F2101_4	24	1165	1069	1069
M858_4	F2200_4	24	1337	474	474
M858_4	F778_4	24	1350	1247	1247
M858_4	F908_4	24	1259	897	897
M858_4	F967_4	24	1206	747	747
M858_4	M1722_4	24	1149	264	264
M858_4	M1900_4	24	1186	678	678
M858_4	M2097_4	24	1339	1039	1039
M858_4	M2218_4	24	1301	483	483
F12_4	F2032_4	25	1435	331	331
F12_4	F2179_4	25	1227	51	51
F12_4	F2309_4	25	1213	502	502
F12_4	F2447_4	25	1319	423	423
F12_4	F559_4	25	1366	1090	1090
F12_4	F675_4	25	1452	756	756
F12_4	M1594_4	25	1269	779	779
F12_4	M1793_4	25	1216	823	823
F12_4	M1859_4	25	1299	708	708
F12_4	M2232_4	25	1176	614	614
F12_4	M2415_4	25	1288	61	61
F12_4	M533_4	25	1057	310	310
F12_4	M698_4	25	1177	1071	1071
F2032_4	F12_4	25	1435	735	2911
F2032_4	F2179_4	25	1298	35	141
F2032_4	F2309_4	25	1215	385	1545
F2032_4	F2447_4	25	1236	262	995
F2032_4	F559_4	25	1335	974	3912
F2032_4	F675_4	25	1431	599	2318
F2032_4	M1594_4	25	1287	713	2821
F2032_4	M1793_4	25	1439	858	3399
F2032_4	M1859_4	25	1267	511	2007
F2032_4	M2232_4	25	1309	543	2082
F2032_4	M2415_4	25	1446	53	204
F2032_4	M533_4	25	1287	303	1223
F2032_4	M698_4	25	1255	1113	4448
F2179_4	F12_4	25	1227	1145	1191
F2179_4	F2032_4	25	1298	945	985
F2179_4	F2309_4	25	1367	1168	1225
F2179_4	F2447_4	25	1345	1101	1150
F2179_4	F559_4	25	1174	1142	1187
F2179_4	F675_4	25	1232	1119	1174
F2179_4	M1594_4	25	1127	1058	1094
F2179_4	M1793_4	25	1197	1128	1163
F2179_4	M1859_4	25	1237	1144	1193
F2179_4	M2232_4	25	1312	1207	1251
F2179_4	M2415_4	25	1284	390	409
F2179_4	M533_4	25	1251	1003	1038
F2179_4	M698_4	25	1200	1187	1231
F2309_4	F12_4	25	1213	952	952
F2309_4	F2032_4	25	1215	494	494
F2309_4	F2179_4	25	1367	129	129
F2309_4	F2447_4	25	1259	617	617
F2309_4	F559_4	25	1264	1125	1125
F2309_4	F675_4	25	1319	952	952
F2309_4	M1594_4	25	1196	936	936
F2309_4	M1793_4	25	1223	1008	1008
F2309_4	M1859_4	25	1219	908	908
F2309_4	M2232_4	25	1345	914	914
F2309_4	M2415_4	25	1241	141	141
F2309_4	M533_4	25	1315	639	639
F2309_4	M698_4	25	1184	1138	1138
F2447_4	F12_4	25	1319	1039	1039
F2447_4	F2032_4	25	1236	519	519
F2447_4	F2179_4	25	1345	120	120
F2447_4	F2309_4	25	1259	746	746
F2447_4	F559_4	25	1374	1257	1257
F2447_4	F675_4	25	1181	843	843
F2447_4	M1594_4	25	1209	950	950
F2447_4	M1793_4	25	1461	1226	1226
F2447_4	M1859_4	25	1251	934	934
F2447_4	M2232_4	25	1393	990	990
F2447_4	M2415_4	25	1196	112	112
F2447_4	M533_4	25	1203	565	565
F2447_4	M698_4	25	1305	1261	1261
F559_4	F12_4	25	1366	1299	1299
F559_4	F2032_4	25	1335	1077	1077
F559_4	F2179_4	25	1174	434	434
F559_4	F2309_4	25	1264	1147	1147
F559_4	F2447_4	25	1374	1191	1191
F559_4	F675_4	25	1264	1199	1199
F559_4	M1594_4	25	1278	1220	1220
F559_4	M1793_4	25	1306	1262	1262
F559_4	M1859_4	25	1220	1146	1146
F559_4	M2232_4	25	1324	1223	1223
F559_4	M2415_4	25	1232	522	522
F559_4	M533_4	25	1318	1134	1134
F559_4	M698_4	25	1370	1352	1352
F675_4	F12_4	25	1452	510	728
F675_4	F2032_4	25	1431	149	201
F675_4	F2179_4	25	1232	20	27
F675_4	F2309_4	25	1319	248	355
F675_4	F2447_4	25	1181	186	245
F675_4	F559_4	25	1264	741	1062
F675_4	M1594_4	25	1215	472	669
F675_4	M1793_4	25	1289	567	832
F675_4	M1859_4	25	1313	420	574
F675_4	M2232_4	25	1308	395	542
F675_4	M2415_4	25	1221	32	48
F675_4	M533_4	25	1268	174	251
F675_4	M698_4	25	1435	1155	1646
M1594_4	F12_4	25	1269	799	799
M1594_4	F2032_4	25	1287	339	339
M1594_4	F2179_4	25	1127	64	64
M1594_4	F2309_4	25	1196	514	514
M1594_4	F2447_4	25	1209	426	426
M1594_4	F559_4	25	1278	1031	1031
M1594_4	F675_4	25	1215	676	676
M1594_4	M1793_4	25	1355	947	947
M1594_4	M1859_4	25	1349	773	773
M1594_4	M2232_4	25	1345	713	713
M1594_4	M2415_4	25	1266	68	68
M1594_4	M533_4	25	1244	389	389
M1594_4	M698_4	25	1347	1257	1257
M1793_4	F12_4	25	1216	505	505
M1793_4	F2032_4	25	1439	161	161
M1793_4	F2179_4	25	1197	18	18
M1793_4	F2309_4	25	1223	291	291
M1793_4	F2447_4	25	1461	252	252
M1793_4	F559_4	25	1306	848	848
M1793_4	F675_4	25	1289	420	420
M1793_4	M1594_4	25	1355	571	571
M1793_4	M1859_4	25	1197	411	411
M1793_4	M2232_4	25	1327	377	377
M1793_4	M2415_4	25	1292	18	18
M1793_4	M533_4	25	1169	184	184
M1793_4	M698_4	25	1301	1052	1052
M1859_4	F12_4	25	1299	1010	1010
M1859_4	F2032_4	25	1267	489	489
M1859_4	F2179_4	25	1237	106	106
M1859_4	F2309_4	25	1219	739	739
M1859_4	F2447_4	25	1251	633	633
M1859_4	F559_4	25	1220	1081	1081
M1859_4	F675_4	25	1313	922	922
M1859_4	M1594_4	25	1349	1068	1068
M1859_4	M1793_4	25	1197	980	980
M1859_4	M2232_4	25	1309	926	926
M1859_4	M2415_4	25	1248	126	126
M1859_4	M533_4	25	1300	625	625
M1859_4	M698_4	25	1333	1279	1279
M2232_4	F12_4	25	1176	1033	1033
M2232_4	F2032_4	25	1309	806	806
M2232_4	F2179_4	25	1312	226	226
M2232_4	F2309_4	25	1345	1032	1032
M2232_4	F2447_4	25	1393	945	945
M2232_4	F559_4	25	1324	1267	1267
M2232_4	F675_4	25	1308	1099	1099
M2232_4	M1594_4	25	1345	1190	1190
M2232_4	M1793_4	25	1327	1219	1219
M2232_4	M1859_4	25	1309	1114	1114
M2232_4	M2415_4	25	1405	277	277
M2232_4	M533_4	25	1313	893	893
M2232_4	M698_4	25	1198	1172	1172
M2415_4	F12_4	25	1288	1046	1046
M2415_4	F2032_4	25	1446	715	715
M2415_4	F2179_4	25	1284	154	154
M2415_4	F2309_4	25	1241	851	851
M2415_4	F2447_4	25	1196	676	676
M2415_4	F559_4	25	1232	1147	1147
M2415_4	F675_4	25	1221	929	929
M2415_4	M1594_4	25	1266	1047	1047
M2415_4	M1793_4	25	1292	1102	1102
M2415_4	M1859_4	25	1248	997	997
M2415_4	M2232_4	25	1405	1061	1061
M2415_4	M533_4	25	1181	658	658
M2415_4	M698_4	25	1314	1289	1289
M533_4	F12_4	25	1057	803	2162
M533_4	F2032_4	25	1287	521	1368
M533_4	F2179_4	25	1251	128	342
M533_4	F2309_4	25	1315	765	2050
M533_4	F2447_4	25	1203	554	1486
M533_4	F559_4	25	1318	1175	3067
M533_4	F675_4	25	1268	843	2221
M533_4	M1594_4	25	1244	988	2663
M533_4	M1793_4	25	1169	935	2508
M533_4	M1859_4	25	1300	923	2533
M533_4	M2232_4	25	1313	906	2418
M533_4	M2415_4	25	1181	130	364
M533_4	M698_4	25	1318	1239	3264
M698_4	F12_4	25	1177	1072	2080
M698_4	F2032_4	25	1255	811	1517
M698_4	F2179_4	25	1200	247	469
M698_4	F2309_4	25	1184	942	1805
M698_4	F2447_4	25	1305	921	1776
M698_4	F559_4	25	1370	1321	2551
M698_4	F675_4	25	1435	1247	2398
M698_4	M1594_4	25	1347	1212	2278
M698_4	M1793_4	25	1301	1201	2308
M698_4	M1859_4	25	1333	1144	2187
M698_4	M2232_4	25	1198	1009	1950
M698_4	M2415_4	25	1314	296	541
M698_4	M533_4	25	1318	920	1761
F1363_4	F1554_4	26	1172	126	126
F1363_4	F2067_4	26	1233	126	126
F1363_4	F2577_4	26	1312	533	533
F1363_4	M1520_4	26	1196	187	187
F1363_4	M1975_4	26	1308	122	122
F1363_4	M2067_4	26	1268	961	961
F1363_4	M2243_4	26	1320	626	626
F1363_4	M2423_4	26	1317	492	492
F1363_4	M2438_4	26	1323	783	783
F1363_4	M2733_4	26	1335	768	768
F1363_4	M2763_4	26	1339	313	313
F1363_4	M60_4	26	1332	93	93
F1363_4	M98_4	26	1298	44	44
F1554_4	F1363_4	26	1172	857	857
F1554_4	F2067_4	26	1308	682	682
F1554_4	F2577_4	26	1241	1074	1074
F1554_4	M1520_4	26	1184	770	770
F1554_4	M1975_4	26	1150	552	552
F1554_4	M2067_4	26	1253	1213	1213
F1554_4	M2243_4	26	1146	1043	1043
F1554_4	M2423_4	26	1258	1066	1066
F1554_4	M2438_4	26	1321	1233	1233
F1554_4	M2733_4	26	1351	1247	1247
F1554_4	M2763_4	26	1368	1040	1040
F1554_4	M60_4	26	1363	576	576
F1554_4	M98_4	26	1168	230	230
F2067_4	F1363_4	26	1233	818	1671
F2067_4	F1554_4	26	1308	593	1233
F2067_4	F2577_4	26	1304	1065	2203
F2067_4	M1520_4	26	1239	720	1483
F2067_4	M1975_4	26	1318	530	1109
F2067_4	M2067_4	26	1349	1289	2675
F2067_4	M2243_4	26	1451	1271	2653
F2067_4	M2423_4	26	1349	1128	2380
F2067_4	M2438_4	26	1249	1149	2407
F2067_4	M2733_4	26	1281	1158	2367
F2067_4	M2763_4	26	1189	812	1628
F2067_4	M60_4	26	1209	385	853
F2067_4	M98_4	26	1185	159	334
F2577_4	F1363_4	26	1312	198	198
F2577_4	F1554_4	26	1241	109	109
F2577_4	F2067_4	26	1304	100	100
F2577_4	M1520_4	26	1256	131	131
F2577_4	M1975_4	26	1201	73	73
F2577_4	M2067_4	26	1117	744	744
F2577_4	M2243_4	26	1287	464	464
F2577_4	M2423_4	26	1316	390	390
F2577_4	M2438_4	26	1305	647	647
F2577_4	M2733_4	26	1264	610	610
F2577_4	M2763_4	26	1320	216	216
F2577_4	M60_4	26	1216	65	65
F2577_4	M98_4	26	1384	22	22
M1520_4	F1363_4	26	1196	1090	4669
M1520_4	F1554_4	26	1184	1008	4322
M1520_4	F2067_4	26	1239	1072	4499
M1520_4	F2577_4	26	1256	1217	5234
M1520_4	M1975_4	26	1088	883	3730
M1520_4	M2067_4	26	1313	1304	5488
M1520_4	M2243_4	26	1126	1098	4722
M1520_4	M2423_4	26	1168	1127	4750
M1520_4	M2438_4	26	1376	1357	5854
M1520_4	M2733_4	26	1445	1418	5975
M1520_4	M2763_4	26	1254	1178	5010
M1520_4	M60_4	26	1232	994	4260
M1520_4	M98_4	26	1331	692	3069
M1975_4	F1363_4	26	1308	554	554
M1975_4	F1554_4	26	1150	288	288
M1975_4	F2067_4	26	1318	346	346
M1975_4	F2577_4	26	1201	839	839
M1975_4	M1520_4	26	1088	418	418
M1975_4	M2067_4	26	1243	1123	1123
M1975_4	M2243_4	26	1192	876	876
M1975_4	M2423_4	26	1126	750	750
M1975_4	M2438_4	26	1168	933	933
M1975_4	M2733_4	26	1415	1141	1141
M1975_4	M2763_4	26	1303	627	627
M1975_4	M60_4	26	1290	260	260
M1975_4	M98_4	26	1120	81	81
M2067_4	F1363_4	26	1268	763	763
M2067_4	F1554_4	26	1253	486	486
M2067_4	F2067_4	26	1349	539	539
M2067_4	F2577_4	26	1117	880	880
M2067_4	M1520_4	26	1313	721	721
M2067_4	M1975_4	26	1243	385	385
M2067_4	M2243_4	26	1296	1088	1088
M2067_4	M2423_4	26	1212	948	948
M2067_4	M2438_4	26	1209	1072	1072
M2067_4	M2733_4	26	1287	1123	1123
M2067_4	M2763_4	26	1133	694	694
M2067_4	M60_4	26	1291	390	390
M2067_4	M98_4	26	1261	148	148
M2243_4	F1363_4	26	1320	253	253
M2243_4	F1554_4	26	1146	99	99
M2243_4	F2067_4	26	1451	139	139
M2243_4	F2577_4	26	1287	467	467
M2243_4	M1520_4	26	1126	170	170
M2243_4	M1975_4	26	1192	109	109
M2243_4	M2067_4	26	1296	951	951
M2243_4	M2423_4	26	1163	439	439
M2243_4	M2438_4	26	1352	773	773
M2243_4	M2733_4	26	1217	675	675
M2243_4	M2763_4	26	1185	240	240
M2243_4	M60_4	26	1272	99	99
M2243_4	M98_4	26	1158	17	17
M2423_4	F1363_4	26	1317	392	392
M2423_4	F1554_4	26	1258	196	196
M2423_4	F2067_4	26	1349	224	224
M2423_4	F2577_4	26	1316	689	689
M2423_4	M1520_4	26	1168	284	284
M2423_4	M1975_4	26	1126	152	152
M2423_4	M2067_4	26	1212	1020	1020
M2423_4	M2243_4	26	1163	750	750
M2423_4	M2438_4	26	1320	929	929
M2423_4	M2733_4	26	1364	937	937
M2423_4	M2763_4	26	1120	377	377
M2423_4	M60_4	26	1268	148	148
M2423_4	M98_4	26	1287	51	51
M2438_4	F1363_4	26	1323	648	956
M2438_4	F1554_4	26	1321	383	564
M2438_4	F2067_4	26	1249	379	545
M2438_4	F2577_4	26	1305	945	1401
M2438_4	M1520_4	26	1376	572	835
M2438_4	M1975_4	26	1168	298	410
M2438_4	M2067_4	26	1209	1125	1667
M2438_4	M2243_4	26	1352	1035	1474
M2438_4	M2423_4	26	1320	925	1356
M2438_4	M2733_4	26	1182	973	1484
M2438_4	M2763_4	26	1285	676	1003
M2438_4	M60_4	26	1174	248	379
M2438_4	M98_4	26	1382	121	180
M2733_4	F1363_4	26	1335	281	594
M2733_4	F1554_4	26	1351	135	283
M2733_4	F2067_4	26	1281	131	273
M2733_4	F2577_4	26	1264	471	998
M2733_4	M1520_4	26	1445	250	547
M2733_4	M1975_4	26	1415	125	278
M2733_4	M2067_4	26	1287	969	2063
M2733_4	M2243_4	26	1217	584	1285
M2733_4	M2423_4	26	1364	509	1077
M2733_4	M2438_4	26	1182	679	1469
M2733_4	M2763_4	26	1259	268	602
M2733_4	M60_4	26	1307	82	161
M2733_4	M98_4	26	1405	31	63
M2763_4	F1363_4	26	1339	527	527
M2763_4	F1554_4	26	1368	280	280
M2763_4	F2067_4	26	1189	251	251
M2763_4	F2577_4	26	1320	800	800
M2763_4	M1520_4	26	1254	383	383
M2763_4	M1975_4	26	1303	249	249
M2763_4	M2067_4	26	1133	984	984
M2763_4	M2243_4	26	1185	824	824
M2763_4	M2423_4	26	1120	661	661
M2763_4	M2438_4	26	1285	991	991
M2763_4	M2733_4	26	1259	965	965
M2763_4	M60_4	26	1269	179	179
M2763_4	M98_4	26	1218	60	60
M60_4	F1363_4	26	1332	1068	1068
M60_4	F1554_4	26	1363	849	849
M60_4	F2067_4	26	1209	729	729
M60_4	F2577_4	26	1216	1115	1115
M60_4	M1520_4	26	1232	944	944
M60_4	M1975_4	26	1290	771	771
M60_4	M2067_4	26	1291	1262	1262
M60_4	M2243_4	26	1272	1197	1197
M60_4	M2423_4	26	1268	1149	1149
M60_4	M2438_4	26	1174	1121	1121
M60_4	M2733_4	26	1307	1230	1230
M60_4	M2763_4	26	1269	1041	1041
M60_4	M98_4	26	1238	299	299
M98_4	F1363_4	26	1298	820	820
M98_4	F1554_4	26	1168	526	526
M98_4	F2067_4	26	1185	546	546
M98_4	F2577_4	26	1384	1152	1152
M98_4	M1520_4	26	1331	766	766
M98_4	M1975_4	26	1120	431	431
M98_4	M2067_4	26	1261	1209	1209
M98_4	M2243_4	26	1158	1018	1018
M98_4	M2423_4	26	1287	1034	1034
M98_4	M2438_4	26	1382	1246	1246
M98_4	M2733_4	26	1405	1274	1274
M98_4	M2763_4	26	1218	812	812
M98_4	M60_4	26	1238	422	422
F1322_4	F30_4	27	1213	1199	3492
F1322_4	F448_4	27	1089	897	2580
F1322_4	F850_4	27	1202	1093	3146
F1322_4	F893_4	27	1267	1075	3095
F1322_4	M1438_4	27	1236	1161	3317
F1322_4	M1817_4	27	1380	1271	3618
F1322_4	M1833_4	27	1467	1218	3429
F1322_4	M2161_4	27	1289	1206	3524
F1322_4	M246_4	27	1290	1131	3242
F1322_4	M2548_4	27	1129	994	2854
F1322_4	M2617_4	27	1208	1120	3260
F1322_4	M649_4	27	1181	1074	3074
F1322_4	M693_4	27	1375	1239	3635
F30_4	F1322_4	27	1213	909	909
F30_4	F448_4	27	1387	897	897
F30_4	F850_4	27	1332	1026	1026
F30_4	F893_4	27	1199	797	797
F30_4	M1438_4	27	1204	1025	1025
F30_4	M1817_4	27	1294	1002	1002
F30_4	M1833_4	27	1249	775	775
F30_4	M2161_4	27	1274	1047	1047
F30_4	M246_4	27	1058	748	748
F30_4	M2548_4	27	1227	907	907
F30_4	M2617_4	27	1351	1107	1107
F30_4	M649_4	27	1207	961	961
F30_4	M693_4	27	1249	993	993
F448_4	F1322_4	27	1089	367	731
F448_4	F30_4	27	1387	1166	2388
F448_4	F850_4	27	1206	434	875
F448_4	F893_4	27	1324	321	688
F448_4	M1438_4	27	1369	750	1537
F448_4	M1817_4	27	1183	460	932
F448_4	M1833_4	27	1270	280	566
F448_4	M2161_4	27	1308	530	1087
F448_4	M246_4	27	1261	376	771
F448_4	M2548_4	27	1286	444	915
F448_4	M2617_4	27	1118	515	1038
F448_4	M649_4	27	1184	467	962
F448_4	M693_4	27	1214	499	1039
F850_4	F1322_4	27	1202	330	330
F850_4	F30_4	27	1332	1078	1078
F850_4	F448_4	27	1206	243	243
F850_4	F893_4	27	1264	232	232
F850_4	M1438_4	27	1258	550	550
F850_4	M1817_4	27	1258	392	392
F850_4	M1833_4	27	1294	231	231
F850_4	M2161_4	27	1181	414	414
F850_4	M246_4	27	1246	306	306
F850_4	M2548_4	27	1104	279	279
F850_4	M2617_4	27	1283	525	525
F850_4	M649_4	27	1364	431	431
F850_4	M693_4	27	1257	405	405
F893_4	F1322_4	27	1267	149	392
F893_4	F30_4	27	1199	775	2086
F893_4	F448_4	27	1324	110	296
F893_4	F850_4	27	1264	155	411
F893_4	M1438_4	27	1299	314	798
F893_4	M1817_4	27	1222	184	495
F893_4	M1833_4	27	1123	92	246
F893_4	M2161_4	27	1320	238	689
F893_4	M246_4	27	1204	118	357
F893_4	M2548_4	27	1387	155	406
F893_4	M2617_4	27	1472	250	632
F893_4	M649_4	27	1385	210	568
F893_4	M693_4	27	1219	191	507
M1438_4	F1322_4	27	1236	675	675
M1438_4	F30_4	27	1204	1124	1124
M1438_4	F448_4	27	1369	589	589
M1438_4	F850_4	27	1258	666	666
M1438_4	F893_4	27	1299	541	541
M1438_4	M1817_4	27	1226	714	714
M1438_4	M1833_4	27	1311	491	491
M1438_4	M2161_4	27	1358	846	846
M1438_4	M246_4	27	1263	631	631
M1438_4	M2548_4	27	1452	709	709
M1438_4	M2617_4	27	1158	739	739
M1438_4	M649_4	27	1290	743	743
M1438_4	M693_4	27	1341	824	824
M1817_4	F1322_4	27	1380	679	679
M1817_4	F30_4	27	1294	1177	1177
M1817_4	F448_4	27	1183	416	416
M1817_4	F850_4	27	1258	637	637
M1817_4	F893_4	27	1222	472	472
M1817_4	M1438_4	27	1226	858	858
M1817_4	M1833_4	27	1195	414	414
M1817_4	M2161_4	27	1235	737	737
M1817_4	M246_4	27	1484	729	729
M1817_4	M2548_4	27	1269	627	627
M1817_4	M2617_4	27	1338	832	832
M1817_4	M649_4	27	1413	813	813
M1817_4	M693_4	27	1257	722	722
M1833_4	F1322_4	27	1467	625	625
M1833_4	F30_4	27	1249	1102	1102
M1833_4	F448_4	27	1270	427	427
M1833_4	F850_4	27	1294	560	560
M1833_4	F893_4	27	1123	342	342
M1833_4	M1438_4	27	1311	835	835
M1833_4	M1817_4	27	1195	591	591
M1833_4	M2161_4	27	1455	780	780
M1833_4	M246_4	27	1265	500	500
M1833_4	M2548_4	27	1211	518	518
M1833_4	M2617_4	27	1133	658	658
M1833_4	M649_4	27	1127	565	565
M1833_4	M693_4	27	1300	646	646
M2161_4	F1322_4	27	1289	1187	3554
M2161_4	F30_4	27	1274	1266	3831
M2161_4	F448_4	27	1308	1154	3467
M2161_4	F850_4	27	1181	1110	3383
M2161_4	F893_4	27	1320	1176	3577
M2161_4	M1438_4	27	1358	1313	3959
M2161_4	M1817_4	27	1235	1165	3483
M2161_4	M1833_4	27	1455	1273	3991
M2161_4	M246_4	27	1446	1307	3920
M2161_4	M2548_4	27	1112	1006	3039
M2161_4	M2617_4	27	1171	1127	3455
M2161_4	M649_4	27	1300	1223	3754
M2161_4	M693_4	27	1337	1257	3853
M246_4	F1322_4	27	1290	758	2746
M246_4	F30_4	27	1058	1007	3721
M246_4	F448_4	27	1261	587	2127
M246_4	F850_4	27	1246	753	2718
M246_4	F893_4	27	1204	567	2063
M246_4	M1438_4	27	1263	948	3466
M246_4	M1817_4	27	1484	932	3394
M246_4	M1833_4	27	1265	590	2094
M246_4	M2161_4	27	1446	998	3604
M246_4	M2548_4	27	1110	618	2329
M246_4	M2617_4	27	1205	858	3179
M246_4	M649_4	27	1243	839	3046
M246_4	M693_4	27	1187	764	2853
M2548_4	F1322_4	27	1129	963	963
M2548_4	F30_4	27	1227	1206	1206
M2548_4	F448_4	27	1286	1018	1018
M2548_4	F850_4	27	1104	954	954
M2548_4	F893_4	27	1387	1102	1102
M2548_4	M1438_4	27	1452	1346	1346
M2548_4	M1817_4	27	1269	1123	1123
M2548_4	M1833_4	27	1211	947	947
M2548_4	M2161_4	27	1112	1013	1013
M2548_4	M246_4	27	1110	948	948
M2548_4	M2617_4	27	1163	1048	1048
M2548_4	M649_4	27	1214	1088	1088
M2548_4	M693_4	27	1194	1046	1046
M2617_4	F1322_4	27	1208	669	971
M2617_4	F30_4	27	1351	1287	1826
M2617_4	F448_4	27	1118	498	694
M2617_4	F850_4	27	1283	740	1055
M2617_4	F893_4	27	1472	670	981
M2617_4	M1438_4	27	1158	896	1304
M2617_4	M1817_4	27	1338	821	1123
M2617_4	M1833_4	27	1133	519	736
M2617_4	M2161_4	27	1171	772	1109
M2617_4	M246_4	27	1205	645	913
M2617_4	M2548_4	27	1163	655	926
M2617_4	M649_4	27	1262	784	1162
M2617_4	M693_4	27	1253	775	1109
M649_4	F1322_4	27	1181	626	626
M649_4	F30_4	27	1207	1116	1116
M649_4	F448_4	27	1184	487	487
M649_4	F850_4	27	1364	753	753
M649_4	F893_4	27	1385	518	518
M649_4	M1438_4	27	1290	893	893
M649_4	M1817_4	27	1413	817	817
M649_4	M1833_4	27	1127	441	441
M649_4	M2161_4	27	1300	812	812
M649_4	M246_4	27	1243	544	544
M649_4	M2548_4	27	1214	581	581
M649_4	M2617_4	27	1262	809	809
M649_4	M693_4	27	1271	736	736
M693_4	F1322_4	27	1375	341	990
M693_4	F30_4	27	1249	975	2784
M693_4	F448_4	27	1214	203	557
M693_4	F850_4	27	1257	315	889
M693_4	F893_4	27	1219	192	531
M693_4	M1438_4	27	1341	590	1728
M693_4	M1817_4	27	1257	352	996
M693_4	M1833_4	27	1300	199	570
M693_4	M2161_4	27	1337	433	1177
M693_4	M246_4	27	1187	279	787
M693_4	M2548_4	27	1194	299	848
M693_4	M2617_4	27	1253	467	1348
M693_4	M649_4	27	1271	384	1091
F1028_4	F1103_4	28	1083	997	997
F1028_4	F1108_4	28	1101	625	625
F1028_4	F1109_4	28	1207	1164	1164
F1028_4	F1168_4	28	1248	1113	1113
F1028_4	F1328_4	28	1217	811	811
F1028_4	F2049_4	28	1230	698	698
F1028_4	F2701_4	28	1214	886	886
F1028_4	F2762_4	28	1221	415	415
F1028_4	M1800_4	28	1284	1200	1200
F1028_4	M214_4	28	1204	433	433
F1028_4	M2550_4	28	1187	930	930
F1028_4	M326_4	28	1227	987	987
F1028_4	M846_4	28	1397	901	901
F1103_4	F1028_4	28	1083	692	1448
F1103_4	F1108_4	28	1170	291	634
F1103_4	F1109_4	28	1341	1199	2490
F1103_4	F1168_4	28	1099	720	1513
F1103_4	F1328_4	28	1214	384	838
F1103_4	F2049_4	28	1324	332	689
F1103_4	F2701_4	28	1261	475	1005
F1103_4	F2762_4	28	1209	124	284
F1103_4	M1800_4	28	1105	849	1800
F1103_4	M214_4	28	1161	149	301
F1103_4	M2550_4	28	1285	626	1317
F1103_4	M326_4	28	1259	683	1453
F1103_4	M846_4	28	1320	416	882
F1108_4	F1028_4	28	1101	515	515
F1108_4	F1103_4	28	1170	703	703
F1108_4	F1109_4	28	1280	1017	1017
F1108_4	F1168_4	28	1242	560	560
F1108_4	F1328_4	28	1210	239	239
F1108_4	F2049_4	28	1119	161	161
F1108_4	F2701_4	28	1353	329	329
F1108_4	F2762_4	28	1222	69	69
F1108_4	M1800_4	28	1166	745	745
F1108_4	M214_4	28	1296	82	82
F1108_4	M2550_4	28	1416	451	451
F1108_4	M326_4	28	1223	422	422
F1108_4	M846_4	28	1455	267	267
F1109_4	F1028_4	28	1207	741	1111
F1109_4	F1103_4	28	1341	1044	1606
F1109_4	F1108_4	28	1280	326	488
F1109_4	F1168_4	28	1113	716	1070
F1109_4	F1328_4	28	1324	462	673
F1109_4	F2049_4	28	1298	343	497
F1109_4	F2701_4	28	1314	532	787
F1109_4	F2762_4	28	1283	158	244
F1109_4	M1800_4	28	1184	908	1328
F1109_4	M214_4	28	1202	164	228
F1109_4	M2550_4	28	1275	641	944
F1109_4	M326_4	28	1308	691	1048
F1109_4	M846_4	28	1320	438	643
F1168_4	F1028_4	28	1248	271	363
F1168_4	F1103_4	28	1099	359	475
F1168_4	F1108_4	28	1242	55	75
F1168_4	F1109_4	28	1113	600	832
F1168_4	F1328_4	28	1349	90	118
F1168_4	F2049_4	28	1185	66	88
F1168_4	F2701_4	28	1164	111	149
F1168_4	F2762_4	28	1195	16	21
F1168_4	M1800_4	28	1338	489	686
F1168_4	M214_4	28	1078	16	26
F1168_4	M2550_4	28	1200	161	224
F1168_4	M326_4	28	1279	179	250
F1168_4	M846_4	28	1156	75	99
F1328_4	F1028_4	28	1217	436	950
F1328_4	F1103_4	28	1214	617	1362
F1328_4	F1108_4	28	1210	128	273
F1328_4	F1109_4	28	1324	1004	2136
F1328_4	F1168_4	28	1349	519	1108
F1328_4	F2049_4	28	1343	141	311
F1328_4	F2701_4	28	1101	199	439
F1328_4	F2762_4	28	1309	62	128
F1328_4	M1800_4	28	1164	620	1318
F1328_4	M214_4	28	1327	53	104
F1328_4	M2550_4	28	1157	290	623
F1328_4	M326_4	28	1266	338	717
F1328_4	M846_4	28	1336	188	405
F2049_4	F1028_4	28	1230	995	995
F2049_4	F1103_4	28	1324	1149	1149
F2049_4	F1108_4	28	1119	510	510
F2049_4	F1109_4	28	1298	1228	1228
F2049_4	F1168_4	28	1185	955	955
F2049_4	F1328_4	28	1343	763	763
F2049_4	F2701_4	28	1368	811	811
F2049_4	F2762_4	28	1153	250	250
F2049_4	M1800_4	28	1232	1083	1083
F2049_4	M214_4	28	1281	298	298
F2049_4	M2550_4	28	1377	970	970
F2049_4	M326_4	28	1207	849	849
F2049_4	M846_4	28	1158	614	614
F2701_4	F1028_4	28	1214	1174	1174
F2701_4	F1103_4	28	1261	1234	1234
F2701_4	F1108_4	28	1353	1150	1150
F2701_4	F1109_4	28	1314	1303	1303
F2701_4	F1168_4	28	1164	1133	1133
F2701_4	F1328_4	28	1101	1004	1004
F2701_4	F2049_4	28	1368	1181	1181
F2701_4	F2762_4	28	1330	923	923
F2701_4	M1800_4	28	1213	1194	1194
F2701_4	M214_4	28	1209	871	871
F2701_4	M2550_4	28	1309	1229	1229
F2701_4	M326_4	28	1277	1213	1213
F2701_4	M846_4	28	1248	1102	1102
F2762_4	F1028_4	28	1221	936	1610
F2762_4	F1103_4	28	1209	1042	1874
F2762_4	F1108_4	28	1222	491	881
F2762_4	F1109_4	28	1283	1200	2164
F2762_4	F1168_4	28	1195	907	1535
F2762_4	F1328_4	28	1309	633	1141
F2762_4	F2049_4	28	1153	452	802
F2762_4	F2701_4	28	1330	720	1308
F2762_4	M1800_4	28	1199	1039	1819
F2762_4	M214_4	28	1306	268	469
F2762_4	M2550_4	28	1322	814	1478
F2762_4	M326_4	28	1286	843	1500
F2762_4	M846_4	28	1316	605	1097
M1800_4	F1028_4	28	1284	857	1911
M1800_4	F1103_4	28	1105	855	1887
M1800_4	F1108_4	28	1166	338	750
M1800_4	F1109_4	28	1184	1082	2401
M1800_4	F1168_4	28	1338	966	2123
M1800_4	F1328_4	28	1164	447	1006
M1800_4	F2049_4	28	1232	359	779
M1800_4	F2701_4	28	1213	556	1217
M1800_4	F2762_4	28	1199	154	355
M1800_4	M214_4	28	1149	167	381
M1800_4	M2550_4	28	1156	593	1298
M1800_4	M326_4	28	1271	695	1513
M1800_4	M846_4	28	1266	443	976
M214_4	F1028_4	28	1204	1149	1149
M214_4	F1103_4	28	1161	1120	1120
M214_4	F1108_4	28	1296	1063	1063
M214_4	F1109_4	28	1202	1186	1186
M214_4	F1168_4	28	1078	1038	1038
M214_4	F1328_4	28	1327	1178	1178
M214_4	F2049_4	28	1281	1037	1037
M214_4	F2701_4	28	1209	1094	1094
M214_4	F2762_4	28	1306	824	824
M214_4	M1800_4	28	1149	1121	1121
M214_4	M2550_4	28	1251	1160	1160
M214_4	M326_4	28	1054	976	976
M214_4	M846_4	28	1243	1063	1063
M2550_4	F1028_4	28	1187	755	755
M2550_4	F1103_4	28	1285	976	976
M2550_4	F1108_4	28	1416	323	323
M2550_4	F1109_4	28	1275	1122	1122
M2550_4	F1168_4	28	1200	760	760
M2550_4	F1328_4	28	1157	371	371
M2550_4	F2049_4	28	1377	307	307
M2550_4	F2701_4	28	1309	489	489
M2550_4	F2762_4	28	1322	129	129
M2550_4	M1800_4	28	1156	851	851
M2550_4	M214_4	28	1251	133	133
M2550_4	M326_4	28	1136	553	553
M2550_4	M846_4	28	1281	382	382
M326_4	F1028_4	28	1227	1121	1984
M326_4	F1103_4	28	1259	1182	2078
M326_4	F1108_4	28	1223	818	1443
M326_4	F1109_4	28	1308	1284	2278
M326_4	F1168_4	28	1279	1162	2107
M326_4	F1328_4	28	1266	966	1697
M326_4	F2049_4	28	1207	788	1392
M326_4	F2701_4	28	1277	974	1750
M326_4	F2762_4	28	1286	498	903
M326_4	M1800_4	28	1271	1207	2173
M326_4	M214_4	28	1054	462	814
M326_4	M2550_4	28	1136	951	1694
M326_4	M846_4	28	1346	1009	1803
M846_4	F1028_4	28	1397	1203	1203
M846_4	F1103_4	28	1320	1214	1214
M846_4	F1108_4	28	1455	777	777
M846_4	F1109_4	28	1320	1254	1254
M846_4	F1168_4	28	1156	986	986
M846_4	F1328_4	28	1336	855	855
M846_4	F2049_4	28	1158	625	625
M846_4	F2701_4	28	1248	861	861
M846_4	F2762_4	28	1316	401	401
M846_4	M1800_4	28	1266	1161	1161
M846_4	M214_4	28	1243	409	409
M846_4	M2550_4	28	1281	966	966
M846_4	M326_4	28	1346	1043	1043
F1673_4	F2159_4	29	1183	33	33
F1673_4	F2365_4	29	1105	26	26
F1673_4	F530_4	29	1268	36	36
F1673_4	F71_4	29	1248	28	28
F1673_4	M1150_4	29	1243	150	150
F1673_4	M1243_4	29	1186	331	331
F1673_4	M1266_4	29	1147	47	47
F1673_4	M1556_4	29	1406	31	31
F1673_4	M2425_4	29	1312	282	282
F1673_4	M2686_4	29	1193	59	59
F1673_4	M2711_4	29	1317	63	63
F1673_4	M479_4	29	1206	201	201
F1673_4	M909_4	29	1391	217	217
F2159_4	F1673_4	29	1183	1176	4029
F2159_4	F2365_4	29	1223	1120	3804
F2159_4	F530_4	29	1321	1183	3974
F2159_4	F71_4	29	1304	1208	4092
F2159_4	M1150_4	29	1202	1187	3947
F2159_4	M1243_4	29	1213	1203	4143
F2159_4	M1266_4	29	1252	1182	3938
F2159_4	M1556_4	29	1389	1271	4430
F2159_4	M2425_4	29	1289	1279	4376
F2159_4	M2686_4	29	1181	1143	3950
F2159_4	M2711_4	29	1170	1113	3842
F2159_4	M479_4	29	1320	1312	4433
F2159_4	M909_4	29	1202	1186	3988
F2365_4	F1673_4	29	1105	447	569
F2365_4	F2159_4	29	1223	39	48
F2365_4	F530_4	29	1237	33	38
F2365_4	F71_4	29	1272	59	76
F2365_4	M1150_4	29	1192	207	272
F2365_4	M1243_4	29	1120	397	523
F2365_4	M1266_4	29	1404	75	97
F2365_4	M1556_4	29	1252	46	62
F2365_4	M2425_4	29	1225	302	403
F2365_4	M2686_4	29	1110	76	101
F2365_4	M2711_4	29	1208	75	101
F2365_4	M479_4	29	1286	299	396
F2365_4	M909_4	29	1265	230	294
F530_4	F1673_4	29	1268	870	870
F530_4	F2159_4	29	1321	97	97
F530_4	F2365_4	29	1237	102	102
F530_4	F71_4	29	1295	159	159
F530_4	M1150_4	29	1317	503	503
F530_4	M1243_4	29	1106	686	686
F530_4	M1266_4	29	1271	190	190
F530_4	M1556_4	29	1406	132	132
F530_4	M2425_4	29	1242	659	659
F530_4	M2686_4	29	1304	278	278
F530_4	M2711_4	29	1193	259	259
F530_4	M479_4	29	1222	567	567
F530_4	M909_4	29	1161	506	506
F71_4	F1673_4	29	1248	1096	2352
F71_4	F2159_4	29	1304	320	704
F71_4	F2365_4	29	1272	285	615
F71_4	F530_4	29	1295	308	669
F71_4	M1150_4	29	1293	883	1966
F71_4	M1243_4	29	1296	1098	2416
F71_4	M1266_4	29	1331	503	1100
F71_4	M1556_4	29	1273	339	766
F71_4	M2425_4	29	1299	1025	2254
F71_4	M2686_4	29	1212	549	1216
F71_4	M2711_4	29	1306	602	1316
F71_4	M479_4	29	1266	933	2043
F71_4	M909_4	29	1205	863	1888
M1150_4	F1673_4	29	1243	1107	1822
M1150_4	F2159_4	29	1202	292	492
M1150_4	F2365_4	29	1192	293	508
M1150_4	F530_4	29	1317	331	561
M1150_4	F71_4	29	1293	410	655
M1150_4	M1243_4	29	1214	1030	1651
M1150_4	M1266_4	29	1281	482	778
M1150_4	M1556_4	29	1183	342	579
M1150_4	M2425_4	29	1291	1034	1651
M1150_4	M2686_4	29	1255	584	962
M1150_4	M2711_4	29	1346	612	1023
M1150_4	M479_4	29	1253	958	1580
M1150_4	M909_4	29	1331	979	1595
M1243_4	F1673_4	29	1186	936	936
M1243_4	F2159_4	29	1213	176	176
M1243_4	F2365_4	29	1120	145	145
M1243_4	F530_4	29	1106	143	143
M1243_4	F71_4	29	1296	213	213
M1243_4	M1150_4	29	1214	619	619
M1243_4	M1266_4	29	1242	262	262
M1243_4	M1556_4	29	1231	184	184
M1243_4	M2425_4	29	1249	816	816
M1243_4	M2686_4	29	1414	356	356
M1243_4	M2711_4	29	1137	292	292
M1243_4	M479_4	29	1244	700	700
M1243_4	M909_4	29	1213	645	645
M1266_4	F1673_4	29	1147	793	2066
M1266_4	F2159_4	29	1252	97	235
M1266_4	F2365_4	29	1404	126	299
M1266_4	F530_4	29	1271	98	229
M1266_4	F71_4	29	1331	142	358
M1266_4	M1150_4	29	1281	494	1302
M1266_4	M1243_4	29	1242	783	1993
M1266_4	M1556_4	29	1094	95	251
M1266_4	M2425_4	29	1377	681	1734
M1266_4	M2686_4	29	1316	223	603
M1266_4	M2711_4	29	1278	223	599
M1266_4	M479_4	29	1137	498	1289
M1266_4	M909_4	29	1068	436	1116
M1556_4	F1673_4	29	1406	929	2359
M1556_4	F2159_4	29	1389	116	296
M1556_4	F2365_4	29	1252	94	251
M1556_4	F530_4	29	1406	124	342
M1556_4	F71_4	29	1273	107	267
M1556_4	M1150_4	29	1183	432	1126
M1556_4	M1243_4	29	1231	746	1896
M1556_4	M1266_4	29	1094	145	370
M1556_4	M2425_4	29	1232	657	1710
M1556_4	M2686_4	29	1201	223	546
M1556_4	M2711_4	29	1378	263	699
M1556_4	M479_4	29	1286	581	1479
M1556_4	M909_4	29	1314	564	1399
M2425_4	F1673_4	29	1312	1302	1302
M2425_4	F2159_4	29	1289	1097	1097
M2425_4	F2365_4	29	1225	1064	1064
M2425_4	F530_4	29	1242	1066	1066
M2425_4	F71_4	29	1299	1153	1153
M2425_4	M1150_4	29	1291	1256	1256
M2425_4	M1243_4	29	1249	1237	1237
M2425_4	M1266_4	29	1377	1254	1254
M2425_4	M1556_4	29	1232	1057	1057
M2425_4	M2686_4	29	1275	1190	1190
M2425_4	M2711_4	29	1222	1150	1150
M2425_4	M479_4	29	1274	1248	1248
M2425_4	M909_4	29	1296	1263	1263
M2686_4	F1673_4	29	1193	1133	1133
M2686_4	F2159_4	29	1181	568	568
M2686_4	F2365_4	29	1110	556	556
M2686_4	F530_4	29	1304	616	616
M2686_4	F71_4	29	1212	631	631
M2686_4	M1150_4	29	1255	1090	1090
M2686_4	M1243_4	29	1414	1339	1339
M2686_4	M1266_4	29	1316	822	822
M2686_4	M1556_4	29	1201	612	612
M2686_4	M2425_4	29	1275	1174	1174
M2686_4	M2711_4	29	1204	848	848
M2686_4	M479_4	29	1247	1123	1123
M2686_4	M909_4	29	1229	1072	1072
M2711_4	F1673_4	29	1317	868	868
M2711_4	F2159_4	29	1170	78	78
M2711_4	F2365_4	29	1208	83	83
M2711_4	F530_4	29	1193	85	85
M2711_4	F71_4	29	1306	130	130
M2711_4	M1150_4	29	1346	481	481
M2711_4	M1243_4	29	1137	682	682
M2711_4	M1266_4	29	1278	161	161
M2711_4	M1556_4	29	1378	128	128
M2711_4	M2425_4	29	1222	627	627
M2711_4	M2686_4	29	1204	230	230
M2711_4	M479_4	29	1333	550	550
M2711_4	M909_4	29	1192	482	482
M479_4	F1673_4	29	1206	961	961
M479_4	F2159_4	29	1320	188	188
M479_4	F2365_4	29	1286	186	186
M479_4	F530_4	29	1222	164	164
M479_4	F71_4	29	1266	240	240
M479_4	M1150_4	29	1253	655	655
M479_4	M1243_4	29	1244	916	916
M479_4	M1266_4	29	1137	233	233
M479_4	M1556_4	29	1286	199	199
M479_4	M2425_4	29	1274	829	829
M479_4	M2686_4	29	1247	366	366
M479_4	M2711_4	29	1333	439	439
M479_4	M909_4	29	1151	652	652
M909_4	F1673_4	29	1391	1300	2489
M909_4	F2159_4	29	1202	481	892
M909_4	F2365_4	29	1265	591	1179
M909_4	F530_4	29	1161	503	978
M909_4	F71_4	29	1205	580	1130
M909_4	M1150_4	29	1331	1136	2237
M909_4	M1243_4	29	1213	1116	2162
M909_4	M1266_4	29	1068	622	1214
M909_4	M1556_4	29	1314	590	1107
M909_4	M2425_4	29	1296	1159	2212
M909_4	M2686_4	29	1229	803	1568
M909_4	M2711_4	29	1192	768	1517
M909_4	M479_4	29	1151	1022	1950
F1046_4	F1770_4	30	1266	1108	1108
F1046_4	F1861_4	30	1224	426	426
F1046_4	F230_4	30	1283	352	352
F1046_4	F305_4	30	1302	511	511
F1046_4	F436_4	30	1369	679	679
F1046_4	F610_4	30	1154	1089	1089
F1046_4	M1332_4	30	1431	542	542
F1046_4	M1827_4	30	1313	936	936
F1046_4	M1844_4	30	1200	683	683
F1046_4	M2100_4	30	1233	145	145
F1046_4	M2542_4	30	1290	1145	1145
F1046_4	M306_4	30	1296	831	831
F1046_4	M918_4	30	1204	856	856
F1770_4	F1046_4	30	1266	685	685
F1770_4	F1861_4	30	1294	342	342
F1770_4	F230_4	30	1278	223	223
F1770_4	F305_4	30	1169	343	343
F1770_4	F436_4	30	1248	521	521
F1770_4	F610_4	30	1156	1046	1046
F1770_4	M1332_4	30	1315	378	378
F1770_4	M1827_4	30	1288	786	786
F1770_4	M1844_4	30	1236	590	590
F1770_4	M2100_4	30	1319	102	102
F1770_4	M2542_4	30	1138	989	989
F1770_4	M306_4	30	1298	697	697
F1770_4	M918_4	30	1179	717	717
F1861_4	F1046_4	30	1224	15	30
F1861_4	F1770_4	30	1294	58	151
F1861_4	F230_4	30	1170	3	8
F1861_4	F305_4	30	1054	6	16
F1861_4	F436_4	30	1337	10	21
F1861_4	F610_4	30	1209	120	314
F1861_4	M1332_4	30	1286	6	13
F1861_4	M1827_4	30	1122	25	72
F1861_4	M1844_4	30	1162	10	23
F1861_4	M2100_4	30	1310	1	2
F1861_4	M2542_4	30	1079	46	108
F1861_4	M306_4	30	1295	16	37
F1861_4	M918_4	30	1114	16	38
F230_4	F1046_4	30	1283	659	1602
F230_4	F1770_4	30	1278	1055	2626
F230_4	F1861_4	30	1170	279	682
F230_4	F305_4	30	1396	352	880
F230_4	F436_4	30	1161	438	1067
F230_4	F610_4	30	1123	1010	2482
F230_4	M1332_4	30	1266	327	821
F230_4	M1827_4	30	1360	802	1968
F230_4	M1844_4	30	1233	573	1371
F230_4	M2100_4	30	1250	77	189
F230_4	M2542_4	30	1320	1091	2706
F230_4	M306_4	30	1197	649	1557
F230_4	M918_4	30	1200	727	1769
F305_4	F1046_4	30	1302	999	1924
F305_4	F1770_4	30	1169	1089	2080
F305_4	F1861_4	30	1054	523	1023
F305_4	F230_4	30	1396	571	1118
F305_4	F436_4	30	1223	772	1449
F305_4	F610_4	30	1219	1170	2243
F305_4	M1332_4	30	1187	649	1251
F305_4	M1827_4	30	1241	998	1967
F305_4	M1844_4	30	1260	877	1684
F305_4	M2100_4	30	1278	214	404
F305_4	M2542_4	30	1325	1234	2367
F305_4	M306_4	30	1443	1103	2099
F305_4	M918_4	30	1200	991	1957
F436_4	F1046_4	30	1369	1225	1225
F436_4	F1770_4	30	1248	1210	1210
F436_4	F1861_4	30	1337	982	982
F436_4	F230_4	30	1161	736	736
F436_4	F305_4	30	1223	923	923
F436_4	F610_4	30	1198	1179	1179
F436_4	M1332_4	30	1337	1028	1028
F436_4	M1827_4	30	1430	1329	1329
F436_4	M1844_4	30	1366	1200	1200
F436_4	M2100_4	30	1286	492	492
F436_4	M2542_4	30	1217	1178	1178
F436_4	M306_4	30	1175	1051	1051
F436_4	M918_4	30	1186	1098	1098
F610_4	F1046_4	30	1154	199	463
F610_4	F1770_4	30	1156	572	1383
F610_4	F1861_4	30	1209	85	212
F610_4	F230_4	30	1123	47	121
F610_4	F305_4	30	1219	96	196
F610_4	F436_4	30	1198	137	320
F610_4	M1332_4	30	1202	98	241
F610_4	M1827_4	30	1199	304	700
F610_4	M1844_4	30	1442	234	539
F610_4	M2100_4	30	1223	14	44
F610_4	M2542_4	30	1331	654	1559
F610_4	M306_4	30	1486	264	631
F610_4	M918_4	30	1256	349	819
M1332_4	F1046_4	30	1431	889	2170
M1332_4	F1770_4	30	1315	1148	2772
M1332_4	F1861_4	30	1286	415	981
M1332_4	F230_4	30	1266	301	705
M1332_4	F305_4	30	1187	461	1106
M1332_4	F436_4	30	1337	651	1553
M1332_4	F610_4	30	1202	1127	2759
M1332_4	M1827_4	30	1385	948	2337
M1332_4	M1844_4	30	1221	707	1698
M1332_4	M2100_4	30	1138	112	278
M1332_4	M2542_4	30	1350	1212	2894
M1332_4	M306_4	30	1335	840	1989
M1332_4	M918_4	30	1329	932	2213
M1827_4	F1046_4	30	1313	179	839
M1827_4	F1770_4	30	1288	492	2298
M1827_4	F1861_4	30	1122	42	194
M1827_4	F230_4	30	1360	41	175
M1827_4	F305_4	30	1241	59	281
M1827_4	F436_4	30	1430	96	448
M1827_4	F610_4	30	1199	627	2888
M1827_4	M1332_4	30	1385	77	338
M1827_4	M1844_4	30	1121	99	422
M1827_4	M2100_4	30	1192	8	35
M1827_4	M2542_4	30	1171	465	2091
M1827_4	M306_4	30	1343	171	813
M1827_4	M918_4	30	1153	202	935
M1844_4	F1046_4	30	1200	944	1318
M1844_4	F1770_4	30	1236	1180	1702
M1844_4	F1861_4	30	1162	626	884
M1844_4	F230_4	30	1233	493	676
M1844_4	F305_4	30	1260	750	1093
M1844_4	F436_4	30	1366	957	1344
M1844_4	F610_4	30	1442	1406	2001
M1844_4	M1332_4	30	1221	736	998
M1844_4	M1827_4	30	1121	950	1332
M1844_4	M2100_4	30	1203	266	378
M1844_4	M2542_4	30	1255	1194	1687
M1844_4	M306_4	30	1304	1034	1475
M1844_4	M918_4	30	1349	1153	1598
M2100_4	F1046_4	30	1233	671	1263
M2100_4	F1770_4	30	1319	1097	2110
M2100_4	F1861_4	30	1310	344	626
M2100_4	F230_4	30	1250	261	487
M2100_4	F305_4	30	1278	398	759
M2100_4	F436_4	30	1286	514	993
M2100_4	F610_4	30	1223	1120	2134
M2100_4	M1332_4	30	1138	314	612
M2100_4	M1827_4	30	1192	732	1388
M2100_4	M1844_4	30	1203	560	1046
M2100_4	M2542_4	30	1290	1092	2134
M2100_4	M306_4	30	1182	666	1240
M2100_4	M918_4	30	1226	784	1555
M2542_4	F1046_4	30	1290	1244	2351
M2542_4	F1770_4	30	1138	1130	2095
M2542_4	F1861_4	30	1079	951	1853
M2542_4	F230_4	30	1320	1134	2135
M2542_4	F305_4	30	1325	1232	2352
M2542_4	F436_4	30	1217	1138	2155
M2542_4	F610_4	30	1331	1326	2554
M2542_4	M1332_4	30	1350	1235	2326
M2542_4	M1827_4	30	1171	1137	2132
M2542_4	M1844_4	30	1255	1187	2239
M2542_4	M2100_4	30	1290	891	1712
M2542_4	M306_4	30	1322	1278	2359
M2542_4	M918_4	30	1315	1283	2399
M306_4	F1046_4	30	1296	1256	4318
M306_4	F1770_4	30	1298	1288	4568
M306_4	F1861_4	30	1295	1187	4093
M306_4	F230_4	30	1197	1029	3510
M306_4	F305_4	30	1443	1339	4639
M306_4	F436_4	30	1175	1123	3893
M306_4	F610_4	30	1486	1481	5134
M306_4	M1332_4	30	1335	1233	4262
M306_4	M1827_4	30	1343	1313	4539
M306_4	M1844_4	30	1304	1245	4291
M306_4	M2100_4	30	1182	826	2954
M306_4	M2542_4	30	1322	1315	4539
M306_4	M918_4	30	1322	1307	4539
M918_4	F1046_4	30	1204	350	844
M918_4	F1770_4	30	1179	784	1899
M918_4	F1861_4	30	1114	138	337
M918_4	F230_4	30	1200	106	255
M918_4	F305_4	30	1200	183	466
M918_4	F436_4	30	1186	244	578
M918_4	F610_4	30	1256	989	2458
M918_4	M1332_4	30	1329	185	452
M918_4	M1827_4	30	1153	431	973
M918_4	M1844_4	30	1349	354	878
M918_4	M2100_4	30	1226	40	95
M918_4	M2542_4	30	1315	911	2150
M918_4	M306_4	30	1322	433	1045
F1502_4	F1713_4	31	1241	581	581
F1502_4	F211_4	31	1446	1405	1405
F1502_4	F899_4	31	1213	1011	1011
F1502_4	M1434_4	31	1299	781	781
F1502_4	M1904_4	31	1206	660	660
F1502_4	M211_4	31	1341	561	561
F1502_4	M2418_4	31	1297	1183	1183
F1502_4	M2578_4	31	1249	945	945
F1502_4	M262_4	31	1205	678	678
F1502_4	M30_4	31	1301	1042	1042
F1502_4	M828_4	31	1136	610	610
F1502_4	M920_4	31	1097	1042	1042
F1502_4	M934_4	31	1369	1222	1222
F1713_4	F1502_4	31	1241	325	606
F1713_4	F211_4	31	1326	1272	2493
F1713_4	F899_4	31	1396	1078	2120
F1713_4	M1434_4	31	1314	692	1368
F1713_4	M1904_4	31	1249	544	1019
F1713_4	M211_4	31	1357	463	933
F1713_4	M2418_4	31	1285	1131	2281
F1713_4	M2578_4	31	1236	838	1640
F1713_4	M262_4	31	1525	718	1430
F1713_4	M30_4	31	1363	988	1936
F1713_4	M828_4	31	1115	452	853
F1713_4	M920_4	31	1164	1077	2101
F1713_4	M934_4	31	1200	1022	1973
F211_4	F1502_4	31	1446	196	196
F211_4	F1713_4	31	1326	245	245
F211_4	F899_4	31	1301	759	759
F211_4	M1434_4	31	1300	347	347
F211_4	M1904_4	31	1310	300	300
F211_4	M211_4	31	1278	190	190
F211_4	M2418_4	31	1341	1005	1005
F211_4	M2578_4	31	1164	533	533
F211_4	M262_4	31	1146	286	286
F211_4	M30_4	31	1281	636	636
F211_4	M828_4	31	1224	256	256
F211_4	M920_4	31	1203	986	986
F211_4	M934_4	31	1197	860	860
F899_4	F1502_4	31	1213	103	103
F899_4	F1713_4	31	1396	180	180
F899_4	F211_4	31	1301	1110	1110
F899_4	M1434_4	31	1266	272	272
F899_4	M1904_4	31	1293	221	221
F899_4	M211_4	31	1232	149	149
F899_4	M2418_4	31	1280	849	849
F899_4	M2578_4	31	1135	450	450
F899_4	M262_4	31	1274	250	250
F899_4	M30_4	31	1301	545	545
F899_4	M828_4	31	1254	202	202
F899_4	M920_4	31	1361	1068	1068
F899_4	M934_4	31	1262	765	765
M1434_4	F1502_4	31	1299	284	516
M1434_4	F1713_4	31	1314	426	750
M1434_4	F211_4	31	1300	1229	2282
M1434_4	F899_4	31	1266	922	1726
M1434_4	M1904_4	31	1179	422	768
M1434_4	M211_4	31	1374	407	757
M1434_4	M2418_4	31	1120	978	1822
M1434_4	M2578_4	31	1243	775	1456
M1434_4	M262_4	31	1296	565	1021
M1434_4	M30_4	31	1136	769	1400
M1434_4	M828_4	31	1283	482	893
M1434_4	M920_4	31	1290	1180	2152
M1434_4	M934_4	31	1234	1019	1861
M1904_4	F1502_4	31	1206	178	178
M1904_4	F1713_4	31	1249	233	233
M1904_4	F211_4	31	1310	1164	1164
M1904_4	F899_4	31	1293	763	763
M1904_4	M1434_4	31	1179	343	343
M1904_4	M211_4	31	1361	222	222
M1904_4	M2418_4	31	1353	1013	1013
M1904_4	M2578_4	31	1316	645	645
M1904_4	M262_4	31	1363	372	372
M1904_4	M30_4	31	1262	651	651
M1904_4	M828_4	31	1179	254	254
M1904_4	M920_4	31	1354	1132	1132
M1904_4	M934_4	31	1219	861	861
M211_4	F1502_4	31	1341	568	568
M211_4	F1713_4	31	1357	682	682
M211_4	F211_4	31	1278	1248	1248
M211_4	F899_4	31	1232	1053	1053
M211_4	M1434_4	31	1374	884	884
M211_4	M1904_4	31	1361	788	788
M211_4	M2418_4	31	1386	1270	1270
M211_4	M2578_4	31	1475	1160	1160
M211_4	M262_4	31	1438	860	860
M211_4	M30_4	31	1263	1025	1025
M211_4	M828_4	31	1344	760	760
M211_4	M920_4	31	1330	1260	1260
M211_4	M934_4	31	1400	1278	1278
M2418_4	F1502_4	31	1297	712	712
M2418_4	F1713_4	31	1285	833	833
M2418_4	F211_4	31	1341	1320	1320
M2418_4	F899_4	31	1280	1164	1164
M2418_4	M1434_4	31	1120	869	869
M2418_4	M1904_4	31	1353	970	970
M2418_4	M211_4	31	1386	821	821
M2418_4	M2578_4	31	1321	1158	1158
M2418_4	M262_4	31	1304	987	987
M2418_4	M30_4	31	1231	1116	1116
M2418_4	M828_4	31	1273	885	885
M2418_4	M920_4	31	1263	1233	1233
M2418_4	M934_4	31	1246	1184	1184
M2578_4	F1502_4	31	1249	28	28
M2578_4	F1713_4	31	1236	37	37
M2578_4	F211_4	31	1164	624	624
M2578_4	F899_4	31	1135	171	171
M2578_4	M1434_4	31	1243	79	79
M2578_4	M1904_4	31	1316	50	50
M2578_4	M211_4	31	1475	45	45
M2578_4	M2418_4	31	1321	404	404
M2578_4	M262_4	31	1398	63	63
M2578_4	M30_4	31	1204	185	185
M2578_4	M828_4	31	1403	54	54
M2578_4	M920_4	31	1364	575	575
M2578_4	M934_4	31	1097	275	275
M262_4	F1502_4	31	1205	27	55
M262_4	F1713_4	31	1525	50	98
M262_4	F211_4	31	1146	639	1219
M262_4	F899_4	31	1274	196	376
M262_4	M1434_4	31	1296	70	139
M262_4	M1904_4	31	1363	56	105
M262_4	M211_4	31	1438	43	93
M262_4	M2418_4	31	1304	377	761
M262_4	M2578_4	31	1398	158	298
M262_4	M30_4	31	1286	183	374
M262_4	M828_4	31	1226	53	103
M262_4	M920_4	31	1232	529	1025
M262_4	M934_4	31	1257	306	591
M30_4	F1502_4	31	1301	156	451
M30_4	F1713_4	31	1363	276	787
M30_4	F211_4	31	1281	1139	3230
M30_4	F899_4	31	1301	730	2087
M30_4	M1434_4	31	1136	336	983
M30_4	M1904_4	31	1262	319	932
M30_4	M211_4	31	1263	222	596
M30_4	M2418_4	31	1231	921	2589
M30_4	M2578_4	31	1204	569	1558
M30_4	M262_4	31	1286	372	1009
M30_4	M828_4	31	1303	304	879
M30_4	M920_4	31	1206	1002	2848
M30_4	M934_4	31	1388	982	2666
M828_4	F1502_4	31	1136	78	78
M828_4	F1713_4	31	1115	106	106
M828_4	F211_4	31	1224	981	981
M828_4	F899_4	31	1254	474	474
M828_4	M1434_4	31	1283	185	185
M828_4	M1904_4	31	1179	154	154
M828_4	M211_4	31	1344	111	111
M828_4	M2418_4	31	1273	750	750
M828_4	M2578_4	31	1403	376	376
M828_4	M262_4	31	1226	194	194
M828_4	M30_4	31	1303	428	428
M828_4	M920_4	31	1157	807	807
M828_4	M934_4	31	1248	643	643
M920_4	F1502_4	31	1097	198	198
M920_4	F1713_4	31	1164	324	324
M920_4	F211_4	31	1203	1123	1123
M920_4	F899_4	31	1361	925	925
M920_4	M1434_4	31	1290	496	496
M920_4	M1904_4	31	1354	471	471
M920_4	M211_4	31	1330	318	318
M920_4	M2418_4	31	1263	1084	1084
M920_4	M2578_4	31	1364	825	825
M920_4	M262_4	31	1232	447	447
M920_4	M30_4	31	1206	782	782
M920_4	M828_4	31	1157	372	372
M920_4	M934_4	31	1302	1064	1064
M934_4	F1502_4	31	1369	112	112
M934_4	F1713_4	31	1200	163	163
M934_4	F211_4	31	1197	1028	1028
M934_4	F899_4	31	1262	615	615
M934_4	M1434_4	31	1234	253	253
M934_4	M1904_4	31	1219	228	228
M934_4	M211_4	31	1400	160	160
M934_4	M2418_4	31	1246	834	834
M934_4	M2578_4	31	1097	387	387
M934_4	M262_4	31	1257	246	246
M934_4	M30_4	31	1388	605	605
M934_4	M828_4	31	1248	208	208
M934_4	M920_4	31	1302	1005	1005
F1035_4	F2061_4	32	1179	527	527
F1035_4	F2330_4	32	1275	126	126
F1035_4	F238_4	32	1261	1104	1104
F1035_4	F2421_4	32	1381	410	410
F1035_4	F361_4	32	1273	975	975
F1035_4	F876_4	32	1258	473	473
F1035_4	M1190_4	32	1223	779	779
F1035_4	M1379_4	32	1283	356	356
F1035_4	M1559_4	32	1332	1089	1089
F1035_4	M1810_4	32	1304	569	569
F1035_4	M1875_4	32	1223	684	684
F1035_4	M688_4	32	1332	1190	1190
F1035_4	M855_4	32	1181	450	450
F2061_4	F1035_4	32	1179	965	1634
F2061_4	F2330_4	32	1246	119	201
F2061_4	F238_4	32	1150	994	1713
F2061_4	F2421_4	32	1129	298	515
F2061_4	F361_4	32	1368	979	1651
F2061_4	F876_4	32	1310	447	805
F2061_4	M1190_4	32	1198	688	1187
F2061_4	M1379_4	32	1207	276	456
F2061_4	M1559_4	32	1229	947	1633
F2061_4	M1810_4	32	1383	513	873
F2061_4	M1875_4	32	1270	670	1186
F2061_4	M688_4	32	1297	1099	1848
F2061_4	M855_4	32	1310	444	744
F2330_4	F1035_4	32	1275	1136	3162
F2330_4	F2061_4	32	1246	792	2237
F2330_4	F238_4	32	1309	1219	3392
F2330_4	F2421_4	32	1142	557	1540
F2330_4	F361_4	32	1220	1077	2962
F2330_4	F876_4	32	1239	662	1830
F2330_4	M1190_4	32	1311	1008	2940
F2330_4	M1379_4	32	1135	501	1385
F2330_4	M1559_4	32	1130	1014	2788
F2330_4	M1810_4	32	1322	794	2175
F2330_4	M1875_4	32	1306	946	2625
F2330_4	M688_4	32	1311	1227	3448
F2330_4	M855_4	32	1232	674	1845
F238_4	F1035_4	32	1261	259	259
F238_4	F2061_4	32	1150	49	49
F238_4	F2330_4	32	1309	6	6
F238_4	F2421_4	32	1309	27	27
F238_4	F361_4	32	1330	210	210
F238_4	F876_4	32	1247	41	41
F238_4	M1190_4	32	1311	105	105
F238_4	M1379_4	32	1215	26	26
F238_4	M1559_4	32	1087	222	222
F238_4	M1810_4	32	1274	48	48
F238_4	M1875_4	32	1199	88	88
F238_4	M688_4	32	1367	429	429
F238_4	M855_4	32	1024	24	24
F2421_4	F1035_4	32	1381	1189	1189
F2421_4	F2061_4	32	1129	626	626
F2421_4	F2330_4	32	1142	182	182
F2421_4	F238_4	32	1309	1186	1186
F2421_4	F361_4	32	1186	956	956
F2421_4	F876_4	32	1295	552	552
F2421_4	M1190_4	32	1388	958	958
F2421_4	M1379_4	32	1217	438	438
F2421_4	M1559_4	32	1268	1093	1093
F2421_4	M1810_4	32	1121	573	573
F2421_4	M1875_4	32	1103	736	736
F2421_4	M688_4	32	1241	1134	1134
F2421_4	M855_4	32	1358	625	625
F361_4	F1035_4	32	1273	1172	1172
F361_4	F2061_4	32	1368	968	968
F361_4	F2330_4	32	1220	346	346
F361_4	F238_4	32	1330	1271	1271
F361_4	F2421_4	32	1186	678	678
F361_4	F876_4	32	1316	812	812
F361_4	M1190_4	32	1349	1118	1118
F361_4	M1379_4	32	1248	634	634
F361_4	M1559_4	32	1313	1218	1218
F361_4	M1810_4	32	1417	994	994
F361_4	M1875_4	32	1435	1114	1114
F361_4	M688_4	32	1255	1200	1200
F361_4	M855_4	32	1248	796	796
F876_4	F1035_4	32	1258	465	1449
F876_4	F2061_4	32	1310	133	421
F876_4	F2330_4	32	1239	26	84
F876_4	F238_4	32	1247	584	1858
F876_4	F2421_4	32	1295	68	234
F876_4	F361_4	32	1316	384	1179
F876_4	M1190_4	32	1300	194	619
F876_4	M1379_4	32	1239	54	157
F876_4	M1559_4	32	1299	467	1461
F876_4	M1810_4	32	1209	109	328
F876_4	M1875_4	32	1218	162	514
F876_4	M688_4	32	1160	541	1639
F876_4	M855_4	32	1428	99	286
M1190_4	F1035_4	32	1223	988	988
M1190_4	F2061_4	32	1198	536	536
M1190_4	F2330_4	32	1311	136	136
M1190_4	F238_4	32	1311	1134	1134
M1190_4	F2421_4	32	1388	388	388
M1190_4	F361_4	32	1349	1010	1010
M1190_4	F876_4	32	1300	410	410
M1190_4	M1379_4	32	1306	294	294
M1190_4	M1559_4	32	1140	909	909
M1190_4	M1810_4	32	1348	537	537
M1190_4	M1875_4	32	1121	593	593
M1190_4	M688_4	32	1190	1036	1036
M1190_4	M855_4	32	1169	414	414
M1379_4	F1035_4	32	1283	1151	1151
M1379_4	F2061_4	32	1207	720	720
M1379_4	F2330_4	32	1135	216	216
M1379_4	F238_4	32	1215	1111	1111
M1379_4	F2421_4	32	1217	545	545
M1379_4	F361_4	32	1248	1047	1047
M1379_4	F876_4	32	1239	656	656
M1379_4	M1190_4	32	1306	960	960
M1379_4	M1559_4	32	1395	1245	1245
M1379_4	M1810_4	32	1483	873	873
M1379_4	M1875_4	32	1381	956	956
M1379_4	M688_4	32	1420	1331	1331
M1379_4	M855_4	32	1213	617	617
M1559_4	F1035_4	32	1332	1236	1236
M1559_4	F2061_4	32	1229	872	872
M1559_4	F2330_4	32	1130	315	315
M1559_4	F238_4	32	1087	1038	1038
M1559_4	F2421_4	32	1268	715	715
M1559_4	F361_4	32	1313	1178	1178
M1559_4	F876_4	32	1299	808	808
M1559_4	M1190_4	32	1140	937	937
M1559_4	M1379_4	32	1395	731	731
M1559_4	M1810_4	32	1078	724	724
M1559_4	M1875_4	32	1345	1067	1067
M1559_4	M688_4	32	1186	1139	1139
M1559_4	M855_4	32	1458	957	957
M1810_4	F1035_4	32	1304	1001	1001
M1810_4	F2061_4	32	1383	508	508
M1810_4	F2330_4	32	1322	105	105
M1810_4	F238_4	32	1274	1042	1042
M1810_4	F2421_4	32	1121	233	233
M1810_4	F361_4	32	1417	953	953
M1810_4	F876_4	32	1209	335	335
M1810_4	M1190_4	32	1348	665	665
M1810_4	M1379_4	32	1483	302	302
M1810_4	M1559_4	32	1078	793	793
M1810_4	M1875_4	32	1183	527	527
M1810_4	M688_4	32	1154	963	963
M1810_4	M855_4	32	1323	379	379
M1875_4	F1035_4	32	1223	1096	4695
M1875_4	F2061_4	32	1270	738	3184
M1875_4	F2330_4	32	1306	211	931
M1875_4	F238_4	32	1199	1078	4718
M1875_4	F2421_4	32	1103	446	1873
M1875_4	F361_4	32	1435	1189	5053
M1875_4	F876_4	32	1218	561	2460
M1875_4	M1190_4	32	1121	813	3441
M1875_4	M1379_4	32	1381	521	2213
M1875_4	M1559_4	32	1345	1164	4991
M1875_4	M1810_4	32	1183	622	2636
M1875_4	M688_4	32	1313	1218	5286
M1875_4	M855_4	32	1141	562	2405
M688_4	F1035_4	32	1332	954	954
M688_4	F2061_4	32	1297	433	433
M688_4	F2330_4	32	1311	70	70
M688_4	F238_4	32	1367	1109	1109
M688_4	F2421_4	32	1241	257	257
M688_4	F361_4	32	1255	814	814
M688_4	F876_4	32	1160	285	285
M688_4	M1190_4	32	1190	585	585
M688_4	M1379_4	32	1420	231	231
M688_4	M1559_4	32	1186	847	847
M688_4	M1810_4	32	1154	344	344
M688_4	M1875_4	32	1313	529	529
M688_4	M855_4	32	1169	278	278
M855_4	F1035_4	32	1181	1040	2003
M855_4	F2061_4	32	1310	754	1450
M855_4	F2330_4	32	1232	184	345
M855_4	F238_4	32	1024	925	1780
M855_4	F2421_4	32	1358	554	1093
M855_4	F361_4	32	1248	1050	2051
M855_4	F876_4	32	1428	660	1238
M855_4	M1190_4	32	1169	840	1621
M855_4	M1379_4	32	1213	401	769
M855_4	M1559_4	32	1458	1279	2420
M855_4	M1810_4	32	1323	685	1296
M855_4	M1875_4	32	1141	756	1472
M855_4	M688_4	32	1169	1079	2040
F1254_4	F1446_4	33	1161	1130	2798
F1254_4	F2023_4	33	1288	462	1157
F1254_4	F645_4	33	1283	1226	3006
F1254_4	F719_4	33	1283	1159	2868
F1254_4	M1479_4	33	1308	728	1753
F1254_4	M1674_4	33	1321	1148	2840
F1254_4	M1832_4	33	1325	1261	3083
F1254_4	M1935_4	33	1306	1145	2827
F1254_4	M1989_4	33	1288	1054	2605
F1254_4	M206_4	33	1186	961	2349
F1254_4	M2271_4	33	1312	1283	3120
F1254_4	M2797_4	33	1223	1078	2675
F1254_4	M467_4	33	1200	1090	2696
F1446_4	F1254_4	33	1161	599	599
F1446_4	F2023_4	33	1224	18	18
F1446_4	F645_4	33	1349	470	470
F1446_4	F719_4	33	1102	265	265
F1446_4	M1479_4	33	1284	41	41
F1446_4	M1674_4	33	1151	167	167
F1446_4	M1832_4	33	1448	488	488
F1446_4	M1935_4	33	1221	198	198
F1446_4	M1989_4	33	1235	143	143
F1446_4	M206_4	33	1310	138	138
F1446_4	M2271_4	33	1390	796	796
F1446_4	M2797_4	33	1359	232	232
F1446_4	M467_4	33	1302	281	281
F2023_4	F1254_4	33	1288	957	2537
F2023_4	F1446_4	33	1224	977	2601
F2023_4	F645_4	33	1211	763	2075
F2023_4	F719_4	33	1311	610	1618
F2023_4	M1479_4	33	1211	124	321
F2023_4	M1674_4	33	1218	402	1128
F2023_4	M1832_4	33	1109	683	1800
F2023_4	M1935_4	33	1342	479	1278
F2023_4	M1989_4	33	1298	331	852
F2023_4	M206_4	33	1358	346	903
F2023_4	M2271_4	33	1235	979	2651
F2023_4	M2797_4	33	1134	404	1074
F2023_4	M467_4	33	1170	492	1302
F645_4	F1254_4	33	1283	1218	1218
F645_4	F1446_4	33	1349	1297	1297
F645_4	F2023_4	33	1211	286	286
F645_4	F719_4	33	1175	1012	1012
F645_4	M1479_4	33	1190	500	500
F645_4	M1674_4	33	1313	968	968
F645_4	M1832_4	33	1123	1011	1011
F645_4	M1935_4	33	1233	958	958
F645_4	M1989_4	33	1090	800	800
F645_4	M206_4	33	1349	958	958
F645_4	M2271_4	33	1102	1065	1065
F645_4	M2797_4	33	1172	922	922
F645_4	M467_4	33	1357	1142	1142
F719_4	F1254_4	33	1283	310	953
F719_4	F1446_4	33	1102	332	1039
F719_4	F2023_4	33	1311	4	10
F719_4	F645_4	33	1175	183	563
F719_4	M1479_4	33	1216	22	58
F719_4	M1674_4	33	1243	73	228
F719_4	M1832_4	33	1310	186	586
F719_4	M1935_4	33	1284	67	191
F719_4	M1989_4	33	1144	47	140
F719_4	M206_4	33	1292	43	122
F719_4	M2271_4	33	1454	438	1293
F719_4	M2797_4	33	1159	77	225
F719_4	M467_4	33	1367	94	260
M1479_4	F1254_4	33	1308	81	81
M1479_4	F1446_4	33	1284	118	118
M1479_4	F2023_4	33	1211	2	2
M1479_4	F645_4	33	1190	53	53
M1479_4	F719_4	33	1216	23	23
M1479_4	M1674_4	33	1212	11	11
M1479_4	M1832_4	33	1327	43	43
M1479_4	M1935_4	33	1270	16	16
M1479_4	M1989_4	33	1384	17	17
M1479_4	M206_4	33	1398	9	9
M1479_4	M2271_4	33	1321	109	109
M1479_4	M2797_4	33	1291	14	14
M1479_4	M467_4	33	1168	16	16
M1674_4	F1254_4	33	1321	641	641
M1674_4	F1446_4	33	1151	650	650
M1674_4	F2023_4	33	1218	22	22
M1674_4	F645_4	33	1313	483	483
M1674_4	F719_4	33	1243	290	290
M1674_4	M1479_4	33	1212	44	44
M1674_4	M1832_4	33	1375	470	470
M1674_4	M1935_4	33	1258	210	210
M1674_4	M1989_4	33	1289	147	147
M1674_4	M206_4	33	1337	125	125
M1674_4	M2271_4	33	1234	704	704
M1674_4	M2797_4	33	1233	202	202
M1674_4	M467_4	33	1214	247	247
M1832_4	F1254_4	33	1325	539	2588
M1832_4	F1446_4	33	1448	661	3170
M1832_4	F2023_4	33	1109	17	81
M1832_4	F645_4	33	1123	292	1397
M1832_4	F719_4	33	1310	222	1086
M1832_4	M1479_4	33	1327	28	131
M1832_4	M1674_4	33	1375	136	648
M1832_4	M1935_4	33	1326	136	684
M1832_4	M1989_4	33	1170	86	451
M1832_4	M206_4	33	1098	86	409
M1832_4	M2271_4	33	1163	536	2617
M1832_4	M2797_4	33	1277	141	679
M1832_4	M467_4	33	1306	192	875
M1935_4	F1254_4	33	1306	1114	2995
M1935_4	F1446_4	33	1221	1072	2854
M1935_4	F2023_4	33	1342	114	307
M1935_4	F645_4	33	1233	928	2380
M1935_4	F719_4	33	1284	819	2214
M1935_4	M1479_4	33	1270	211	514
M1935_4	M1674_4	33	1258	639	1678
M1935_4	M1832_4	33	1326	1009	2692
M1935_4	M1989_4	33	1127	488	1275
M1935_4	M206_4	33	1306	535	1393
M1935_4	M2271_4	33	1211	1069	2789
M1935_4	M2797_4	33	1300	718	1871
M1935_4	M467_4	33	1285	795	2090
M1989_4	F1254_4	33	1288	651	2173
M1989_4	F1446_4	33	1235	743	2472
M1989_4	F2023_4	33	1298	24	71
M1989_4	F645_4	33	1090	457	1480
M1989_4	F719_4	33	1144	293	957
M1989_4	M1479_4	33	1384	52	169
M1989_4	M1674_4	33	1289	197	633
M1989_4	M1832_4	33	1170	450	1473
M1989_4	M1935_4	33	1127	204	663
M1989_4	M206_4	33	1229	168	518
M1989_4	M2271_4	33	1309	778	2521
M1989_4	M2797_4	33	1384	260	804
M1989_4	M467_4	33	1272	298	975
M206_4	F1254_4	33	1186	1086	1639
M206_4	F1446_4	33	1310	1218	1878
M206_4	F2023_4	33	1358	176	265
M206_4	F645_4	33	1349	1146	1709
M206_4	F719_4	33	1292	1031	1573
M206_4	M1479_4	33	1398	410	640
M206_4	M1674_4	33	1337	880	1322
M206_4	M1832_4	33	1098	941	1444
M206_4	M1935_4	33	1306	904	1385
M206_4	M1989_4	33	1229	723	1106
M206_4	M2271_4	33	1226	1127	1740
M206_4	M2797_4	33	1323	924	1396
M206_4	M467_4	33	1388	1020	1554
M2271_4	F1254_4	33	1312	361	361
M2271_4	F1446_4	33	1390	445	445
M2271_4	F2023_4	33	1235	9	9
M2271_4	F645_4	33	1102	180	180
M2271_4	F719_4	33	1454	124	124
M2271_4	M1479_4	33	1321	14	14
M2271_4	M1674_4	33	1234	64	64
M2271_4	M1832_4	33	1163	183	183
M2271_4	M1935_4	33	1211	78	78
M2271_4	M1989_4	33	1309	51	51
M2271_4	M206_4	33	1226	53	53
M2271_4	M2797_4	33	1438	86	86
M2271_4	M467_4	33	1302	111	111
M2797_4	F1254_4	33	1223	995	1595
M2797_4	F1446_4	33	1359	1159	1838
M2797_4	F2023_4	33	1134	64	97
M2797_4	F645_4	33	1172	829	1306
M2797_4	F719_4	33	1159	623	999
M2797_4	M1479_4	33	1291	168	263
M2797_4	M1674_4	33	1233	477	760
M2797_4	M1832_4	33	1277	884	1395
M2797_4	M1935_4	33	1300	596	965
M2797_4	M1989_4	33	1384	457	744
M2797_4	M206_4	33	1323	439	702
M2797_4	M2271_4	33	1438	1220	1953
M2797_4	M467_4	33	1294	648	1043
M467_4	F1254_4	33	1200	1027	1210
M467_4	F1446_4	33	1302	1159	1400
M467_4	F2023_4	33	1170	91	113
M467_4	F645_4	33	1357	1066	1273
M467_4	F719_4	33	1367	909	1088
M467_4	M1479_4	33	1168	220	256
M467_4	M1674_4	33	1214	606	707
M467_4	M1832_4	33	1306	968	1149
M467_4	M1935_4	33	1285	679	815
M467_4	M1989_4	33	1272	558	661
M467_4	M206_4	33	1388	570	666
M467_4	M2271_4	33	1302	1167	1394
M467_4	M2797_4	33	1294	720	838
F1299_4	F1343_4	34	1384	603	603
F1299_4	F2116_4	34	1304	578	578
F1299_4	F315_4	34	1501	801	801
F1299_4	F903_4	34	1344	813	813
F1299_4	M1214_4	34	1264	915	915
F1299_4	M2079_4	34	1338	145	145
F1299_4	M2132_4	34	1407	744	744
F1299_4	M2233_4	34	1292	1018	1018
F1299_4	M2772_4	34	1313	1077	1077
F1299_4	M347_4	34	1385	1338	1338
F1299_4	M407_4	34	1160	702	702
F1299_4	M503_4	34	1362	650	650
F1299_4	M824_4	34	1288	881	881
F1343_4	F1299_4	34	1384	1241	1241
F1343_4	F2116_4	34	1206	638	638
F1343_4	F315_4	34	1171	663	663
F1343_4	F903_4	34	1259	845	845
F1343_4	M1214_4	34	1228	941	941
F1343_4	M2079_4	34	1279	182	182
F1343_4	M2132_4	34	1389	842	842
F1343_4	M2233_4	34	1386	1158	1158
F1343_4	M2772_4	34	1275	1126	1126
F1343_4	M347_4	34	1165	1127	1127
F1343_4	M407_4	34	1171	760	760
F1343_4	M503_4	34	1320	742	742
F1343_4	M824_4	34	1187	861	861
F2116_4	F1299_4	34	1304	805	805
F2116_4	F1343_4	34	1206	220	220
F2116_4	F315_4	34	1260	288	288
F2116_4	F903_4	34	1215	393	393
F2116_4	M1214_4	34	1236	537	537
F2116_4	M2079_4	34	1123	35	35
F2116_4	M2132_4	34	1063	282	282
F2116_4	M2233_4	34	1292	709	709
F2116_4	M2772_4	34	1342	801	801
F2116_4	M347_4	34	1272	1108	1108
F2116_4	M407_4	34	1351	387	387
F2116_4	M503_4	34	1162	287	287
F2116_4	M824_4	34	1333	527	527
F315_4	F1299_4	34	1501	791	1833
F315_4	F1343_4	34	1171	153	337
F315_4	F2116_4	34	1260	174	400
F315_4	F903_4	34	1295	315	720
F315_4	M1214_4	34	1214	407	974
F315_4	M2079_4	34	1106	30	66
F315_4	M2132_4	34	1231	219	509
F315_4	M2233_4	34	1157	470	1040
F315_4	M2772_4	34	1113	526	1204
F315_4	M347_4	34	1396	1129	2555
F315_4	M407_4	34	1292	292	647
F315_4	M503_4	34	1247	216	479
F315_4	M824_4	34	1131	322	735
F903_4	F1299_4	34	1344	1284	1284
F903_4	F1343_4	34	1259	923	923
F903_4	F2116_4	34	1215	918	918
F903_4	F315_4	34	1295	1020	1020
F903_4	M1214_4	34	1117	1015	1015
F903_4	M2079_4	34	1163	362	362
F903_4	M2132_4	34	1295	1032	1032
F903_4	M2233_4	34	1243	1158	1158
F903_4	M2772_4	34	1274	1183	1183
F903_4	M347_4	34	1230	1209	1209
F903_4	M407_4	34	1160	949	949
F903_4	M503_4	34	1165	865	865
F903_4	M824_4	34	1153	1023	1023
M1214_4	F1299_4	34	1264	1183	1183
M1214_4	F1343_4	34	1228	802	802
M1214_4	F2116_4	34	1236	826	826
M1214_4	F315_4	34	1214	881	881
M1214_4	F903_4	34	1117	874	874
M1214_4	M2079_4	34	1172	270	270
M1214_4	M2132_4	34	1279	915	915
M1214_4	M2233_4	34	1205	1091	1091
M1214_4	M2772_4	34	1273	1174	1174
M1214_4	M347_4	34	1294	1266	1266
M1214_4	M407_4	34	1292	991	991
M1214_4	M503_4	34	1309	920	920
M1214_4	M824_4	34	1388	1183	1183
M2079_4	F1299_4	34	1338	1330	3056
M2079_4	F1343_4	34	1279	1210	2723
M2079_4	F2116_4	34	1123	1072	2438
M2079_4	F315_4	34	1106	1067	2418
M2079_4	F903_4	34	1163	1133	2601
M2079_4	M1214_4	34	1172	1149	2575
M2079_4	M2132_4	34	1202	1168	2597
M2079_4	M2233_4	34	1345	1325	2962
M2079_4	M2772_4	34	1229	1219	2841
M2079_4	M347_4	34	1368	1368	3073
M2079_4	M407_4	34	1231	1185	2681
M2079_4	M503_4	34	1339	1291	2938
M2079_4	M824_4	34	1207	1180	2610
M2132_4	F1299_4	34	1407	1308	1308
M2132_4	F1343_4	34	1389	862	862
M2132_4	F2116_4	34	1063	731	731
M2132_4	F315_4	34	1231	906	906
M2132_4	F903_4	34	1295	1039	1039
M2132_4	M1214_4	34	1279	1122	1122
M2132_4	M2079_4	34	1202	278	278
M2132_4	M2233_4	34	1305	1203	1203
M2132_4	M2772_4	34	1449	1347	1347
M2132_4	M347_4	34	1256	1236	1236
M2132_4	M407_4	34	1235	951	951
M2132_4	M503_4	34	1163	825	825
M2132_4	M824_4	34	1179	997	997
M2233_4	F1299_4	34	1292	1059	1537
M2233_4	F1343_4	34	1386	573	850
M2233_4	F2116_4	34	1292	587	884
M2233_4	F315_4	34	1157	598	865
M2233_4	F903_4	34	1243	729	1072
M2233_4	M1214_4	34	1205	833	1222
M2233_4	M2079_4	34	1345	136	203
M2233_4	M2132_4	34	1305	658	1005
M2233_4	M2772_4	34	1426	1163	1706
M2233_4	M347_4	34	1269	1223	1802
M2233_4	M407_4	34	1224	673	959
M2233_4	M503_4	34	1186	556	797
M2233_4	M824_4	34	1200	833	1238
M2772_4	F1299_4	34	1313	1268	1268
M2772_4	F1343_4	34	1275	1003	1003
M2772_4	F2116_4	34	1342	1104	1104
M2772_4	F315_4	34	1113	930	930
M2772_4	F903_4	34	1274	1113	1113
M2772_4	M1214_4	34	1273	1165	1165
M2772_4	M2079_4	34	1229	473	473
M2772_4	M2132_4	34	1449	1222	1222
M2772_4	M2233_4	34	1426	1340	1340
M2772_4	M347_4	34	1367	1359	1359
M2772_4	M407_4	34	1237	1098	1098
M2772_4	M503_4	34	1311	1063	1063
M2772_4	M824_4	34	1245	1139	1139
M347_4	F1299_4	34	1385	1054	1672
M347_4	F1343_4	34	1165	351	526
M347_4	F2116_4	34	1272	454	700
M347_4	F315_4	34	1396	528	858
M347_4	F903_4	34	1230	601	944
M347_4	M1214_4	34	1294	790	1223
M347_4	M2079_4	34	1368	83	134
M347_4	M2132_4	34	1256	504	804
M347_4	M2233_4	34	1269	897	1413
M347_4	M2772_4	34	1367	1023	1645
M347_4	M407_4	34	1384	629	1038
M347_4	M503_4	34	1334	500	787
M347_4	M824_4	34	1233	722	1143
M407_4	F1299_4	34	1160	981	1912
M407_4	F1343_4	34	1171	527	1005
M407_4	F2116_4	34	1351	692	1390
M407_4	F315_4	34	1292	687	1362
M407_4	F903_4	34	1160	724	1425
M407_4	M1214_4	34	1292	939	1836
M407_4	M2079_4	34	1231	138	278
M407_4	M2132_4	34	1235	643	1233
M407_4	M2233_4	34	1224	960	1868
M407_4	M2772_4	34	1237	1015	2033
M407_4	M347_4	34	1384	1336	2573
M407_4	M503_4	34	1259	623	1233
M407_4	M824_4	34	1340	931	1775
M503_4	F1299_4	34	1362	1232	1621
M503_4	F1343_4	34	1320	705	947
M503_4	F2116_4	34	1162	673	885
M503_4	F315_4	34	1247	800	1055
M503_4	F903_4	34	1165	842	1098
M503_4	M1214_4	34	1309	1054	1381
M503_4	M2079_4	34	1339	197	249
M503_4	M2132_4	34	1163	725	947
M503_4	M2233_4	34	1186	996	1291
M503_4	M2772_4	34	1311	1161	1533
M503_4	M347_4	34	1334	1292	1707
M503_4	M407_4	34	1259	842	1100
M503_4	M824_4	34	1275	994	1324
M824_4	F1299_4	34	1288	1128	1872
M824_4	F1343_4	34	1187	569	950
M824_4	F2116_4	34	1333	689	1153
M824_4	F315_4	34	1131	639	1050
M824_4	F903_4	34	1153	758	1257
M824_4	M1214_4	34	1388	1028	1775
M824_4	M2079_4	34	1207	164	272
M824_4	M2132_4	34	1179	655	1097
M824_4	M2233_4	34	1200	987	1659
M824_4	M2772_4	34	1245	1061	1796
M824_4	M347_4	34	1233	1192	2012
M824_4	M407_4	34	1340	812	1369
M824_4	M503_4	34	1275	678	1126
F1070_4	F1597_4	35	1263	1057	4364
F1070_4	F1601_4	35	1216	679	2809
F1070_4	F1726_4	35	1340	1152	4882
F1070_4	F1766_4	35	1263	954	3887
F1070_4	F2522_4	35	1229	1176	4854
F1070_4	F2565_4	35	1289	1059	4370
F1070_4	F2600_4	35	1263	961	3933
F1070_4	F2737_4	35	1258	1145	4588
F1070_4	F423_4	35	1210	1128	4601
F1070_4	F917_4	35	1193	461	1868
F1070_4	M1710_4	35	1285	608	2510
F1070_4	M2154_4	35	1339	252	1009
F1070_4	M460_4	35	1268	776	3161
F1597_4	F1070_4	35	1263	827	1289
F1597_4	F1601_4	35	1185	225	341
F1597_4	F1726_4	35	1348	689	1040
F1597_4	F1766_4	35	1229	408	610
F1597_4	F2522_4	35	1230	959	1412
F1597_4	F2565_4	35	1374	618	903
F1597_4	F2600_4	35	1317	431	651
F1597_4	F2737_4	35	1253	729	1093
F1597_4	F423_4	35	1305	899	1341
F1597_4	F917_4	35	1360	134	211
F1597_4	M1710_4	35	1355	154	224
F1597_4	M2154_4	35	1222	39	57
F1597_4	M460_4	35	1313	245	354
F1601_4	F1070_4	35	1216	953	1238
F1601_4	F1597_4	35	1185	716	936
F1601_4	F1726_4	35	1197	784	1022
F1601_4	F1766_4	35	1303	632	814
F1601_4	F2522_4	35	1309	1121	1444
F1601_4	F2565_4	35	1424	879	1146
F1601_4	F2600_4	35	1218	579	745
F1601_4	F2737_4	35	1219	914	1174
F1601_4	F423_4	35	1193	974	1273
F1601_4	F917_4	35	1129	168	212
F1601_4	M1710_4	35	1360	306	401
F1601_4	M2154_4	35	1219	78	106
F1601_4	M460_4	35	1359	440	587
F1726_4	F1070_4	35	1340	707	2349
F1726_4	F1597_4	35	1348	422	1394
F1726_4	F1601_4	35	1197	149	488
F1726_4	F1766_4	35	1238	289	945
F1726_4	F2522_4	35	1328	872	2880
F1726_4	F2565_4	35	1217	417	1391
F1726_4	F2600_4	35	1283	274	921
F1726_4	F2737_4	35	1354	619	1954
F1726_4	F423_4	35	1254	719	2336
F1726_4	F917_4	35	1360	69	226
F1726_4	M1710_4	35	1186	105	351
F1726_4	M2154_4	35	1310	21	71
F1726_4	M460_4	35	1211	157	525
F1766_4	F1070_4	35	1263	251	251
F1766_4	F1597_4	35	1229	101	101
F1766_4	F1601_4	35	1303	32	32
F1766_4	F1726_4	35	1238	139	139
F1766_4	F2522_4	35	1211	349	349
F1766_4	F2565_4	35	1271	119	119
F1766_4	F2600_4	35	1114	45	45
F1766_4	F2737_4	35	1276	205	205
F1766_4	F423_4	35	1326	268	268
F1766_4	F917_4	35	1265	16	16
F1766_4	M1710_4	35	1222	14	14
F1766_4	M2154_4	35	1179	2	2
F1766_4	M460_4	35	1302	39	39
F2522_4	F1070_4	35	1229	501	501
F2522_4	F1597_4	35	1230	246	246
F2522_4	F1601_4	35	1309	100	100
F2522_4	F1726_4	35	1328	339	339
F2522_4	F1766_4	35	1211	165	165
F2522_4	F2565_4	35	1190	277	277
F2522_4	F2600_4	35	1222	158	158
F2522_4	F2737_4	35	1189	426	426
F2522_4	F423_4	35	1335	580	580
F2522_4	F917_4	35	1196	48	48
F2522_4	M1710_4	35	1217	51	51
F2522_4	M2154_4	35	1278	21	21
F2522_4	M460_4	35	1357	107	107
F2565_4	F1070_4	35	1289	677	896
F2565_4	F1597_4	35	1374	447	568
F2565_4	F1601_4	35	1424	163	212
F2565_4	F1726_4	35	1217	457	588
F2565_4	F1766_4	35	1271	273	368
F2565_4	F2522_4	35	1190	784	1038
F2565_4	F2600_4	35	1315	289	386
F2565_4	F2737_4	35	1125	506	662
F2565_4	F423_4	35	1259	733	939
F2565_4	F917_4	35	1357	69	91
F2565_4	M1710_4	35	1230	96	122
F2565_4	M2154_4	35	1297	21	31
F2565_4	M460_4	35	1352	167	206
F2600_4	F1070_4	35	1263	1177	3122
F2600_4	F1597_4	35	1317	1073	2784
F2600_4	F1601_4	35	1218	726	1920
F2600_4	F1726_4	35	1283	1105	2925
F2600_4	F1766_4	35	1114	822	2175
F2600_4	F2522_4	35	1222	1168	3090
F2600_4	F2565_4	35	1315	1097	2853
F2600_4	F2737_4	35	1181	1067	2793
F2600_4	F423_4	35	1363	1285	3430
F2600_4	F917_4	35	1318	498	1289
F2600_4	M1710_4	35	1439	679	1838
F2600_4	M2154_4	35	1303	233	604
F2600_4	M460_4	35	1365	826	2216
F2737_4	F1070_4	35	1258	776	776
F2737_4	F1597_4	35	1253	541	541
F2737_4	F1601_4	35	1219	205	205
F2737_4	F1726_4	35	1354	658	658
F2737_4	F1766_4	35	1276	375	375
F2737_4	F2522_4	35	1189	911	911
F2737_4	F2565_4	35	1125	500	500
F2737_4	F2600_4	35	1181	364	364
F2737_4	F423_4	35	1259	848	848
F2737_4	F917_4	35	1331	116	116
F2737_4	M1710_4	35	1202	135	135
F2737_4	M2154_4	35	1385	49	49
F2737_4	M460_4	35	1241	233	233
F423_4	F1070_4	35	1210	850	850
F423_4	F1597_4	35	1305	647	647
F423_4	F1601_4	35	1193	285	285
F423_4	F1726_4	35	1254	728	728
F423_4	F1766_4	35	1326	506	506
F423_4	F2522_4	35	1335	1091	1091
F423_4	F2565_4	35	1259	682	682
F423_4	F2600_4	35	1363	554	554
F423_4	F2737_4	35	1259	803	803
F423_4	F917_4	35	1217	138	138
F423_4	M1710_4	35	1201	214	214
F423_4	M2154_4	35	1278	68	68
F423_4	M460_4	35	1176	292	292
F917_4	F1070_4	35	1193	79	79
F917_4	F1597_4	35	1360	29	29
F917_4	F1601_4	35	1129	7	7
F917_4	F1726_4	35	1360	48	48
F917_4	F1766_4	35	1265	25	25
F917_4	F2522_4	35	1196	134	134
F917_4	F2565_4	35	1357	43	43
F917_4	F2600_4	35	1318	21	21
F917_4	F2737_4	35	1331	86	86
F917_4	F423_4	35	1217	76	76
F917_4	M1710_4	35	1245	3	3
F917_4	M2154_4	35	1291	1	1
F917_4	M460_4	35	1166	6	6
M1710_4	F1070_4	35	1285	1100	1100
M1710_4	F1597_4	35	1355	944	944
M1710_4	F1601_4	35	1360	572	572
M1710_4	F1726_4	35	1186	902	902
M1710_4	F1766_4	35	1222	709	709
M1710_4	F2522_4	35	1217	1110	1110
M1710_4	F2565_4	35	1230	895	895
M1710_4	F2600_4	35	1439	850	850
M1710_4	F2737_4	35	1202	1013	1013
M1710_4	F423_4	35	1201	1039	1039
M1710_4	F917_4	35	1245	292	292
M1710_4	M2154_4	35	1333	107	107
M1710_4	M460_4	35	1226	556	556
M2154_4	F1070_4	35	1339	1215	4805
M2154_4	F1597_4	35	1222	970	3868
M2154_4	F1601_4	35	1219	628	2459
M2154_4	F1726_4	35	1310	1086	4309
M2154_4	F1766_4	35	1179	787	3138
M2154_4	F2522_4	35	1278	1193	4845
M2154_4	F2565_4	35	1297	1061	4090
M2154_4	F2600_4	35	1303	869	3560
M2154_4	F2737_4	35	1385	1196	4745
M2154_4	F423_4	35	1278	1149	4600
M2154_4	F917_4	35	1291	379	1484
M2154_4	M1710_4	35	1333	513	1981
M2154_4	M460_4	35	1080	596	2340
M460_4	F1070_4	35	1268	1066	1066
M460_4	F1597_4	35	1313	886	886
M460_4	F1601_4	35	1359	497	497
M460_4	F1726_4	35	1211	904	904
M460_4	F1766_4	35	1302	741	741
M460_4	F2522_4	35	1357	1227	1227
M460_4	F2565_4	35	1352	918	918
M460_4	F2600_4	35	1365	767	767
M460_4	F2737_4	35	1241	999	999
M460_4	F423_4	35	1176	1010	1010
M460_4	F917_4	35	1166	229	229
M460_4	M1710_4	35	1226	359	359
M460_4	M2154_4	35	1080	105	105
F1077_4	F1387_4	36	1120	860	860
F1077_4	F148_4	36	1293	880	880
F1077_4	F2248_4	36	1247	1091	1091
F1077_4	F514_4	36	1255	835	835
F1077_4	F526_4	36	1375	667	667
F1077_4	F847_4	36	1203	977	977
F1077_4	F958_4	36	1082	1036	1036
F1077_4	M1580_4	36	1289	638	638
F1077_4	M2157_4	36	1209	608	608
F1077_4	M440_4	36	1245	574	574
F1077_4	M506_4	36	1210	763	763
F1077_4	M744_4	36	1301	231	231
F1077_4	M89_4	36	1333	1110	1110
F1387_4	F1077_4	36	1120	833	3206
F1387_4	F148_4	36	1253	857	3223
F1387_4	F2248_4	36	1260	1122	4140
F1387_4	F514_4	36	1188	795	2982
F1387_4	F526_4	36	1104	563	2116
F1387_4	F847_4	36	1230	988	3677
F1387_4	F958_4	36	1303	1252	4645
F1387_4	M1580_4	36	1134	577	2210
F1387_4	M2157_4	36	1266	616	2385
F1387_4	M440_4	36	1372	611	2277
F1387_4	M506_4	36	1213	718	2631
F1387_4	M744_4	36	1213	209	820
F1387_4	M89_4	36	1130	909	3419
F148_4	F1077_4	36	1293	38	38
F148_4	F1387_4	36	1253	31	31
F148_4	F2248_4	36	1157	73	73
F148_4	F514_4	36	1457	24	24
F148_4	F526_4	36	1231	10	10
F148_4	F847_4	36	1164	42	42
F148_4	F958_4	36	1319	186	186
F148_4	M1580_4	36	1287	14	14
F148_4	M2157_4	36	1234	8	8
F148_4	M440_4	36	1081	8	8
F148_4	M506_4	36	1378	16	16
F148_4	M744_4	36	1253	2	2
F148_4	M89_4	36	1371	55	55
F2248_4	F1077_4	36	1247	1030	1030
F2248_4	F1387_4	36	1260	1033	1033
F2248_4	F148_4	36	1157	879	879
F2248_4	F514_4	36	1283	984	984
F2248_4	F526_4	36	1400	800	800
F2248_4	F847_4	36	1434	1226	1226
F2248_4	F958_4	36	1346	1295	1295
F2248_4	M1580_4	36	1209	701	701
F2248_4	M2157_4	36	1205	700	700
F2248_4	M440_4	36	1198	639	639
F2248_4	M506_4	36	1267	885	885
F2248_4	M744_4	36	1242	300	300
F2248_4	M89_4	36	1174	987	987
F514_4	F1077_4	36	1255	549	549
F514_4	F1387_4	36	1188	559	559
F514_4	F148_4	36	1457	592	592
F514_4	F2248_4	36	1283	878	878
F514_4	F526_4	36	1219	266	266
F514_4	F847_4	36	1161	635	635
F514_4	F958_4	36	1286	1074	1074
F514_4	M1580_4	36	1291	280	280
F514_4	M2157_4	36	1123	216	216
F514_4	M440_4	36	1208	186	186
F514_4	M506_4	36	1276	392	392
F514_4	M744_4	36	1296	85	85
F514_4	M89_4	36	1121	590	590
F526_4	F1077_4	36	1375	952	952
F526_4	F1387_4	36	1104	775	775
F526_4	F148_4	36	1231	800	800
F526_4	F2248_4	36	1400	1177	1177
F526_4	F514_4	36	1219	790	790
F526_4	F847_4	36	1240	935	935
F526_4	F958_4	36	1228	1154	1154
F526_4	M1580_4	36	1287	598	598
F526_4	M2157_4	36	1355	594	594
F526_4	M440_4	36	1298	454	454
F526_4	M506_4	36	1458	850	850
F526_4	M744_4	36	1204	180	180
F526_4	M89_4	36	1299	1009	1009
F847_4	F1077_4	36	1203	974	974
F847_4	F1387_4	36	1230	997	997
F847_4	F148_4	36	1164	867	867
F847_4	F2248_4	36	1434	1296	1296
F847_4	F514_4	36	1161	855	855
F847_4	F526_4	36	1240	688	688
F847_4	F958_4	36	1216	1178	1178
F847_4	M1580_4	36	1136	659	659
F847_4	M2157_4	36	1115	614	614
F847_4	M440_4	36	1347	707	707
F847_4	M506_4	36	1112	759	759
F847_4	M744_4	36	1194	296	296
F847_4	M89_4	36	1224	1047	1047
F958_4	F1077_4	36	1082	877	1592
F958_4	F1387_4	36	1303	1099	2033
F958_4	F148_4	36	1319	1029	1886
F958_4	F2248_4	36	1346	1254	2272
F958_4	F514_4	36	1286	978	1796
F958_4	F526_4	36	1228	728	1300
F958_4	F847_4	36	1216	1033	1881
F958_4	M1580_4	36	1288	805	1503
F958_4	M2157_4	36	1215	695	1236
F958_4	M440_4	36	1449	783	1393
F958_4	M506_4	36	1396	1013	1803
F958_4	M744_4	36	1241	321	590
F958_4	M89_4	36	1264	1093	1948
M1580_4	F1077_4	36	1289	1072	1072
M1580_4	F1387_4	36	1134	978	978
M1580_4	F148_4	36	1287	1016	1016
M1580_4	F2248_4	36	1209	1118	1118
M1580_4	F514_4	36	1291	1004	1004
M1580_4	F526_4	36	1287	755	755
M1580_4	F847_4	36	1136	995	995
M1580_4	F958_4	36	1288	1255	1255
M1580_4	M2157_4	36	1292	789	789
M1580_4	M440_4	36	1292	713	713
M1580_4	M506_4	36	1288	942	942
M1580_4	M744_4	36	1315	333	333
M1580_4	M89_4	36	1251	1076	1076
M2157_4	F1077_4	36	1209	947	947
M2157_4	F1387_4	36	1266	1016	1016
M2157_4	F148_4	36	1234	897	897
M2157_4	F2248_4	36	1205	1085	1085
M2157_4	F514_4	36	1123	825	825
M2157_4	F526_4	36	1355	757	757
M2157_4	F847_4	36	1115	944	944
M2157_4	F958_4	36	1215	1165	1165
M2157_4	M1580_4	36	1292	743	743
M2157_4	M440_4	36	1170	597	597
M2157_4	M506_4	36	1179	810	810
M2157_4	M744_4	36	1307	275	275
M2157_4	M89_4	36	1301	1088	1088
M440_4	F1077_4	36	1245	362	362
M440_4	F1387_4	36	1372	387	387
M440_4	F148_4	36	1081	225	225
M440_4	F2248_4	36	1198	577	577
M440_4	F514_4	36	1208	249	249
M440_4	F526_4	36	1298	141	141
M440_4	F847_4	36	1347	510	510
M440_4	F958_4	36	1449	1000	1000
M440_4	M1580_4	36	1292	154	154
M440_4	M2157_4	36	1170	116	116
M440_4	M506_4	36	1263	227	227
M440_4	M744_4	36	1223	37	37
M440_4	M89_4	36	1178	408	408
M506_4	F1077_4	36	1210	987	2123
M506_4	F1387_4	36	1213	975	2076
M506_4	F148_4	36	1378	1024	2274
M506_4	F2248_4	36	1267	1165	2550
M506_4	F514_4	36	1276	969	2148
M506_4	F526_4	36	1458	813	1782
M506_4	F847_4	36	1112	950	2092
M506_4	F958_4	36	1396	1356	2990
M506_4	M1580_4	36	1288	761	1672
M506_4	M2157_4	36	1179	651	1433
M506_4	M440_4	36	1263	688	1594
M506_4	M744_4	36	1279	304	696
M506_4	M89_4	36	1374	1174	2549
M744_4	F1077_4	36	1301	909	1568
M744_4	F1387_4	36	1213	848	1448
M744_4	F148_4	36	1253	759	1299
M744_4	F2248_4	36	1242	1047	1786
M744_4	F514_4	36	1296	800	1360
M744_4	F526_4	36	1204	509	901
M744_4	F847_4	36	1194	908	1523
M744_4	F958_4	36	1241	1142	1969
M744_4	M1580_4	36	1315	612	1030
M744_4	M2157_4	36	1307	536	955
M744_4	M440_4	36	1223	459	804
M744_4	M506_4	36	1279	732	1292
M744_4	M89_4	36	1276	978	1684
M89_4	F1077_4	36	1333	331	980
M89_4	F1387_4	36	1130	308	852
M89_4	F148_4	36	1371	258	733
M89_4	F2248_4	36	1174	570	1576
M89_4	F514_4	36	1121	206	591
M89_4	F526_4	36	1299	116	350
M89_4	F847_4	36	1224	435	1218
M89_4	F958_4	36	1264	878	2483
M89_4	M1580_4	36	1251	156	460
M89_4	M2157_4	36	1301	137	387
M89_4	M440_4	36	1178	93	264
M89_4	M506_4	36	1374	216	610
M89_4	M744_4	36	1276	38	108
F1080_4	F1140_4	37	1308	513	513
F1080_4	F131_4	37	1069	822	822
F1080_4	F1462_4	37	1245	1185	1185
F1080_4	F1520_4	37	1321	1179	1179
F1080_4	F880_4	37	1174	1108	1108
F1080_4	M117_4	37	1325	1262	1262
F1080_4	M1562_4	37	1163	1067	1067
F1080_4	M1588_4	37	1350	1296	1296
F1080_4	M1934_4	37	1580	1513	1513
F1080_4	M2304_4	37	1208	1021	1021
F1080_4	M2373_4	37	1141	980	980
F1080_4	M729_4	37	1381	936	936
F1080_4	M779_4	37	1244	1210	1210
F1140_4	F1080_4	37	1308	211	578
F1140_4	F131_4	37	1262	344	974
F1140_4	F1462_4	37	1234	874	2577
F1140_4	F1520_4	37	1318	631	1821
F1140_4	F880_4	37	1293	846	2444
F1140_4	M117_4	37	1117	765	2206
F1140_4	M1562_4	37	1234	689	2005
F1140_4	M1588_4	37	1324	968	2728
F1140_4	M1934_4	37	1232	780	2216
F1140_4	M2304_4	37	1192	429	1261
F1140_4	M2373_4	37	1117	426	1169
F1140_4	M729_4	37	1241	263	694
F1140_4	M779_4	37	1335	1055	3008
F131_4	F1080_4	37	1069	567	567
F131_4	F1140_4	37	1262	326	326
F131_4	F1462_4	37	1297	1195	1195
F131_4	F1520_4	37	1295	1078	1078
F131_4	F880_4	37	1301	1174	1174
F131_4	M117_4	37	1369	1266	1266
F131_4	M1562_4	37	1136	991	991
F131_4	M1588_4	37	1317	1211	1211
F131_4	M1934_4	37	1283	1173	1173
F131_4	M2304_4	37	1355	978	978
F131_4	M2373_4	37	1178	863	863
F131_4	M729_4	37	1166	652	652
F131_4	M779_4	37	1306	1238	1238
F1462_4	F1080_4	37	1245	402	402
F1462_4	F1140_4	37	1234	154	154
F1462_4	F131_4	37	1297	602	602
F1462_4	F1520_4	37	1302	855	855
F1462_4	F880_4	37	1236	984	984
F1462_4	M117_4	37	1344	1153	1153
F1462_4	M1562_4	37	1357	1011	1011
F1462_4	M1588_4	37	1118	932	932
F1462_4	M1934_4	37	1144	916	916
F1462_4	M2304_4	37	1137	590	590
F1462_4	M2373_4	37	1118	621	621
F1462_4	M729_4	37	1360	455	455
F1462_4	M779_4	37	1162	1032	1032
F1520_4	F1080_4	37	1321	75	75
F1520_4	F1140_4	37	1318	19	19
F1520_4	F131_4	37	1295	128	128
F1520_4	F1462_4	37	1302	533	533
F1520_4	F880_4	37	1170	399	399
F1520_4	M117_4	37	1246	485	485
F1520_4	M1562_4	37	1284	383	383
F1520_4	M1588_4	37	1306	541	541
F1520_4	M1934_4	37	1256	444	444
F1520_4	M2304_4	37	1356	185	185
F1520_4	M2373_4	37	1089	165	165
F1520_4	M729_4	37	1108	86	86
F1520_4	M779_4	37	1294	685	685
F880_4	F1080_4	37	1174	436	436
F880_4	F1140_4	37	1293	202	202
F880_4	F131_4	37	1301	638	638
F880_4	F1462_4	37	1236	1038	1038
F880_4	F1520_4	37	1170	820	820
F880_4	M117_4	37	1256	1047	1047
F880_4	M1562_4	37	1218	958	958
F880_4	M1588_4	37	1266	1099	1099
F880_4	M1934_4	37	1210	1033	1033
F880_4	M2304_4	37	1364	846	846
F880_4	M2373_4	37	1121	681	681
F880_4	M729_4	37	1401	576	576
F880_4	M779_4	37	1219	1114	1114
M117_4	F1080_4	37	1325	103	103
M117_4	F1140_4	37	1117	20	20
M117_4	F131_4	37	1369	158	158
M117_4	F1462_4	37	1344	650	650
M117_4	F1520_4	37	1246	329	329
M117_4	F880_4	37	1256	500	500
M117_4	M1562_4	37	1283	411	411
M117_4	M1588_4	37	1163	551	551
M117_4	M1934_4	37	1106	475	475
M117_4	M2304_4	37	1277	248	248
M117_4	M2373_4	37	1251	241	241
M117_4	M729_4	37	1150	110	110
M117_4	M779_4	37	1305	783	783
M1562_4	F1080_4	37	1163	505	505
M1562_4	F1140_4	37	1234	268	268
M1562_4	F131_4	37	1136	695	695
M1562_4	F1462_4	37	1357	1213	1213
M1562_4	F1520_4	37	1284	1021	1021
M1562_4	F880_4	37	1218	1083	1083
M1562_4	M117_4	37	1283	1133	1133
M1562_4	M1588_4	37	1194	1072	1072
M1562_4	M1934_4	37	1147	994	994
M1562_4	M2304_4	37	1196	849	849
M1562_4	M2373_4	37	1262	883	883
M1562_4	M729_4	37	1325	658	658
M1562_4	M779_4	37	1184	1114	1114
M1588_4	F1080_4	37	1350	366	366
M1588_4	F1140_4	37	1324	146	146
M1588_4	F131_4	37	1317	562	562
M1588_4	F1462_4	37	1118	888	888
M1588_4	F1520_4	37	1306	809	809
M1588_4	F880_4	37	1266	987	987
M1588_4	M117_4	37	1163	944	944
M1588_4	M1562_4	37	1194	833	833
M1588_4	M1934_4	37	1099	865	865
M1588_4	M2304_4	37	1226	596	596
M1588_4	M2373_4	37	1320	673	673
M1588_4	M729_4	37	1313	353	353
M1588_4	M779_4	37	1270	1095	1095
M1934_4	F1080_4	37	1580	316	446
M1934_4	F1140_4	37	1232	90	133
M1934_4	F131_4	37	1283	379	529
M1934_4	F1462_4	37	1144	802	1158
M1934_4	F1520_4	37	1256	633	889
M1934_4	F880_4	37	1210	802	1146
M1934_4	M117_4	37	1106	793	1139
M1934_4	M1562_4	37	1147	661	953
M1934_4	M1588_4	37	1099	815	1136
M1934_4	M2304_4	37	1347	488	682
M1934_4	M2373_4	37	1278	510	750
M1934_4	M729_4	37	1327	294	427
M1934_4	M779_4	37	1224	994	1373
M2304_4	F1080_4	37	1208	151	151
M2304_4	F1140_4	37	1192	45	45
M2304_4	F131_4	37	1355	272	272
M2304_4	F1462_4	37	1137	649	649
M2304_4	F1520_4	37	1356	478	478
M2304_4	F880_4	37	1364	752	752
M2304_4	M117_4	37	1277	729	729
M2304_4	M1562_4	37	1196	544	544
M2304_4	M1588_4	37	1226	775	775
M2304_4	M1934_4	37	1347	753	753
M2304_4	M2373_4	37	1103	303	303
M2304_4	M729_4	37	1324	177	177
M2304_4	M779_4	37	1346	952	952
M2373_4	F1080_4	37	1141	283	283
M2373_4	F1140_4	37	1117	108	108
M2373_4	F131_4	37	1178	429	429
M2373_4	F1462_4	37	1118	868	868
M2373_4	F1520_4	37	1089	615	615
M2373_4	F880_4	37	1121	836	836
M2373_4	M117_4	37	1251	983	983
M2373_4	M1562_4	37	1262	852	852
M2373_4	M1588_4	37	1320	1048	1048
M2373_4	M1934_4	37	1278	958	958
M2373_4	M2304_4	37	1103	499	499
M2373_4	M729_4	37	1276	364	364
M2373_4	M779_4	37	1269	1077	1077
M729_4	F1080_4	37	1381	543	543
M729_4	F1140_4	37	1241	235	235
M729_4	F131_4	37	1166	695	695
M729_4	F1462_4	37	1360	1186	1186
M729_4	F1520_4	37	1108	881	881
M729_4	F880_4	37	1401	1230	1230
M729_4	M117_4	37	1150	1033	1033
M729_4	M1562_4	37	1325	1095	1095
M729_4	M1588_4	37	1313	1187	1187
M729_4	M1934_4	37	1327	1150	1150
M729_4	M2304_4	37	1324	875	875
M729_4	M2373_4	37	1276	855	855
M729_4	M779_4	37	1246	1149	1149
M779_4	F1080_4	37	1244	8	17
M779_4	F1140_4	37	1335	4	8
M779_4	F131_4	37	1306	25	58
M779_4	F1462_4	37	1162	103	259
M779_4	F1520_4	37	1294	51	121
M779_4	F880_4	37	1219	95	234
M779_4	M117_4	37	1305	110	284
M779_4	M1562_4	37	1184	78	201
M779_4	M1588_4	37	1270	145	392
M779_4	M1934_4	37	1224	97	248
M779_4	M2304_4	37	1346	20	56
M779_4	M2373_4	37	1269	25	62
M779_4	M729_4	37	1246	10	25
F1429_4	F1449_4	38	1242	1014	3100
F1429_4	F1551_4	38	1325	1309	3931
F1429_4	F1862_4	38	1379	263	797
F1429_4	F2202_4	38	1372	1150	3465
F1429_4	F2657_4	38	1280	697	2155
F1429_4	F2704_4	38	1272	887	2698
F1429_4	F977_4	38	1244	173	538
F1429_4	M1080_4	38	1241	956	2879
F1429_4	M1446_4	38	1296	795	2438
F1429_4	M2718_4	38	1273	1258	3865
F1429_4	M2735_4	38	1351	1125	3417
F1429_4	M2781_4	38	1359	1197	3652
F1429_4	M594_4	38	1243	257	785
F1449_4	F1429_4	38	1242	1121	1121
F1449_4	F1551_4	38	1287	1267	1267
F1449_4	F1862_4	38	1283	113	113
F1449_4	F2202_4	38	1232	909	909
F1449_4	F2657_4	38	1057	410	410
F1449_4	F2704_4	38	1323	678	678
F1449_4	F977_4	38	1251	104	104
F1449_4	M1080_4	38	1209	751	751
F1449_4	M1446_4	38	1291	536	536
F1449_4	M2718_4	38	1195	1143	1143
F1449_4	M2735_4	38	1178	830	830
F1449_4	M2781_4	38	1160	907	907
F1449_4	M594_4	38	1307	142	142
F1551_4	F1429_4	38	1325	1209	1209
F1551_4	F1449_4	38	1287	967	967
F1551_4	F1862_4	38	1307	137	137
F1551_4	F2202_4	38	1415	1105	1105
F1551_4	F2657_4	38	1201	531	531
F1551_4	F2704_4	38	1161	668	668
F1551_4	F977_4	38	1215	109	109
F1551_4	M1080_4	38	1469	987	987
F1551_4	M1446_4	38	1148	578	578
F1551_4	M2718_4	38	1249	1207	1207
F1551_4	M2735_4	38	1288	941	941
F1551_4	M2781_4	38	1174	956	956
F1551_4	M594_4	38	1201	165	165
F1862_4	F1429_4	38	1379	1309	2064
F1862_4	F1449_4	38	1283	1075	1651
F1862_4	F1551_4	38	1307	1298	2035
F1862_4	F2202_4	38	1308	1128	1742
F1862_4	F2657_4	38	1101	659	1068
F1862_4	F2704_4	38	1159	843	1337
F1862_4	F977_4	38	1360	208	334
F1862_4	M1080_4	38	1234	993	1572
F1862_4	M1446_4	38	1327	863	1309
F1862_4	M2718_4	38	1256	1232	1981
F1862_4	M2735_4	38	1374	1159	1857
F1862_4	M2781_4	38	1203	1084	1717
F1862_4	M594_4	38	1243	254	394
F2202_4	F1429_4	38	1372	1339	1527
F2202_4	F1449_4	38	1232	1101	1286
F2202_4	F1551_4	38	1415	1411	1646
F2202_4	F1862_4	38	1308	392	456
F2202_4	F2657_4	38	1250	897	1031
F2202_4	F2704_4	38	1299	1064	1229
F2202_4	F977_4	38	1315	321	360
F2202_4	M1080_4	38	1178	1046	1229
F2202_4	M1446_4	38	1219	918	1069
F2202_4	M2718_4	38	1256	1243	1407
F2202_4	M2735_4	38	1260	1141	1313
F2202_4	M2781_4	38	1122	1050	1198
F2202_4	M594_4	38	1369	456	538
F2657_4	F1429_4	38	1280	746	2250
F2657_4	F1449_4	38	1057	267	813
F2657_4	F1551_4	38	1201	1083	3254
F2657_4	F1862_4	38	1101	22	70
F2657_4	F2202_4	38	1250	387	1153
F2657_4	F2704_4	38	1313	221	637
F2657_4	F977_4	38	1380	13	31
F2657_4	M1080_4	38	1310	305	968
F2657_4	M1446_4	38	1248	134	418
F2657_4	M2718_4	38	1191	930	2797
F2657_4	M2735_4	38	1304	360	1125
F2657_4	M2781_4	38	1180	481	1492
F2657_4	M594_4	38	1295	28	88
F2704_4	F1429_4	38	1272	1265	1265
F2704_4	F1449_4	38	1323	1299	1299
F2704_4	F1551_4	38	1161	1158	1158
F2704_4	F1862_4	38	1159	825	825
F2704_4	F2202_4	38	1299	1274	1274
F2704_4	F2657_4	38	1313	1217	1217
F2704_4	F977_4	38	1272	829	829
F2704_4	M1080_4	38	1379	1354	1354
F2704_4	M1446_4	38	1350	1260	1260
F2704_4	M2718_4	38	1214	1214	1214
F2704_4	M2735_4	38	1197	1170	1170
F2704_4	M2781_4	38	1168	1151	1151
F2704_4	M594_4	38	1384	994	994
F977_4	F1429_4	38	1244	785	1082
F977_4	F1449_4	38	1251	419	578
F977_4	F1551_4	38	1215	1124	1555
F977_4	F1862_4	38	1360	15	20
F977_4	F2202_4	38	1315	494	679
F977_4	F2657_4	38	1380	155	220
F977_4	F2704_4	38	1272	245	337
F977_4	M1080_4	38	1329	379	525
F977_4	M1446_4	38	1172	147	214
F977_4	M2718_4	38	1289	1059	1497
F977_4	M2735_4	38	1185	389	551
F977_4	M2781_4	38	1106	480	672
F977_4	M594_4	38	1418	40	63
M1080_4	F1429_4	38	1241	1114	1765
M1080_4	F1449_4	38	1209	788	1315
M1080_4	F1551_4	38	1469	1446	2370
M1080_4	F1862_4	38	1234	89	140
M1080_4	F2202_4	38	1178	825	1336
M1080_4	F2657_4	38	1310	482	796
M1080_4	F2704_4	38	1379	669	1087
M1080_4	F977_4	38	1329	93	158
M1080_4	M1446_4	38	1182	472	748
M1080_4	M2718_4	38	1333	1262	1999
M1080_4	M2735_4	38	1204	776	1245
M1080_4	M2781_4	38	1302	963	1570
M1080_4	M594_4	38	1326	109	177
M1446_4	F1429_4	38	1296	1130	1130
M1446_4	F1449_4	38	1291	798	798
M1446_4	F1551_4	38	1148	1123	1123
M1446_4	F1862_4	38	1327	97	97
M1446_4	F2202_4	38	1219	832	832
M1446_4	F2657_4	38	1248	402	402
M1446_4	F2704_4	38	1350	613	613
M1446_4	F977_4	38	1172	68	68
M1446_4	M1080_4	38	1182	645	645
M1446_4	M2718_4	38	1183	1131	1131
M1446_4	M2735_4	38	1369	882	882
M1446_4	M2781_4	38	1273	918	918
M1446_4	M594_4	38	1226	116	116
M2718_4	F1429_4	38	1273	1143	1143
M2718_4	F1449_4	38	1195	868	868
M2718_4	F1551_4	38	1249	1236	1236
M2718_4	F1862_4	38	1256	146	146
M2718_4	F2202_4	38	1256	963	963
M2718_4	F2657_4	38	1191	543	543
M2718_4	F2704_4	38	1214	655	655
M2718_4	F977_4	38	1289	124	124
M2718_4	M1080_4	38	1333	883	883
M2718_4	M1446_4	38	1183	583	583
M2718_4	M2735_4	38	1216	876	876
M2718_4	M2781_4	38	1274	1035	1035
M2718_4	M594_4	38	1200	160	160
M2735_4	F1429_4	38	1351	1140	2397
M2735_4	F1449_4	38	1178	698	1504
M2735_4	F1551_4	38	1288	1257	2694
M2735_4	F1862_4	38	1374	95	195
M2735_4	F2202_4	38	1260	827	1776
M2735_4	F2657_4	38	1304	438	956
M2735_4	F2704_4	38	1197	514	1108
M2735_4	F977_4	38	1185	55	111
M2735_4	M1080_4	38	1204	692	1465
M2735_4	M1446_4	38	1369	494	1055
M2735_4	M2718_4	38	1216	1147	2452
M2735_4	M2781_4	38	1141	846	1766
M2735_4	M594_4	38	1126	81	187
M2781_4	F1429_4	38	1359	884	2266
M2781_4	F1449_4	38	1160	399	1029
M2781_4	F1551_4	38	1174	1095	2709
M2781_4	F1862_4	38	1203	33	77
M2781_4	F2202_4	38	1122	433	1112
M2781_4	F2657_4	38	1180	162	391
M2781_4	F2704_4	38	1168	235	598
M2781_4	F977_4	38	1106	21	55
M2781_4	M1080_4	38	1302	388	947
M2781_4	M1446_4	38	1273	194	526
M2781_4	M2718_4	38	1274	1072	2688
M2781_4	M2735_4	38	1141	404	1057
M2781_4	M594_4	38	1303	27	67
M594_4	F1429_4	38	1243	1088	1088
M594_4	F1449_4	38	1307	833	833
M594_4	F1551_4	38	1201	1176	1176
M594_4	F1862_4	38	1243	74	74
M594_4	F2202_4	38	1369	966	966
M594_4	F2657_4	38	1295	444	444
M594_4	F2704_4	38	1384	622	622
M594_4	F977_4	38	1418	93	93
M594_4	M1080_4	38	1326	772	772
M594_4	M1446_4	38	1226	484	484
M594_4	M2718_4	38	1200	1128	1128
M594_4	M2735_4	38	1126	714	714
M594_4	M2781_4	38	1303	1012	1012
F1591_4	F2002_4	39	1353	1047	1047
F1591_4	F2441_4	39	1303	258	258
F1591_4	F2593_4	39	1316	628	628
F1591_4	F431_4	39	1197	628	628
F1591_4	F570_4	39	1193	392	392
F1591_4	F792_4	39	1217	134	134
F1591_4	M1052_4	39	1211	573	573
F1591_4	M149_4	39	1178	193	193
F1591_4	M150_4	39	1248	176	176
F1591_4	M1779_4	39	1180	641	641
F1591_4	M2034_4	39	1291	240	240
F1591_4	M2035_4	39	1442	77	77
F1591_4	M471_4	39	1325	219	219
F2002_4	F1591_4	39	1353	1317	1317
F2002_4	F2441_4	39	1246	891	891
F2002_4	F2593_4	39	1312	1205	1205
F2002_4	F431_4	39	1506	1378	1378
F2002_4	F570_4	39	1133	947	947
F2002_4	F792_4	39	1469	877	877
F2002_4	M1052_4	39	1276	1127	1127
F2002_4	M149_4	39	1349	885	885
F2002_4	M150_4	39	1329	846	846
F2002_4	M1779_4	39	1109	1033	1033
F2002_4	M2034_4	39	1329	911	911
F2002_4	M2035_4	39	1196	486	486
F2002_4	M471_4	39	1230	834	834
F2441_4	F1591_4	39	1303	1289	2431
F2441_4	F2002_4	39	1246	1238	2269
F2441_4	F2593_4	39	1147	1115	2052
F2441_4	F431_4	39	1245	1205	2229
F2441_4	F570_4	39	1361	1297	2447
F2441_4	F792_4	39	1216	1022	1895
F2441_4	M1052_4	39	1261	1212	2237
F2441_4	M149_4	39	1330	1170	2210
F2441_4	M150_4	39	1300	1133	2125
F2441_4	M1779_4	39	1214	1180	2175
F2441_4	M2034_4	39	1247	1118	2100
F2441_4	M2035_4	39	1327	942	1751
F2441_4	M471_4	39	1417	1244	2289
F2593_4	F1591_4	39	1316	1080	1691
F2593_4	F2002_4	39	1312	1084	1752
F2593_4	F2441_4	39	1147	278	438
F2593_4	F431_4	39	1480	857	1423
F2593_4	F570_4	39	1128	451	728
F2593_4	F792_4	39	1291	215	324
F2593_4	M1052_4	39	1308	681	1068
F2593_4	M149_4	39	1200	221	373
F2593_4	M150_4	39	1257	228	374
F2593_4	M1779_4	39	1205	717	1186
F2593_4	M2034_4	39	1286	286	453
F2593_4	M2035_4	39	1329	118	191
F2593_4	M471_4	39	1275	267	412
F431_4	F1591_4	39	1197	1112	1112
F431_4	F2002_4	39	1506	1409	1409
F431_4	F2441_4	39	1245	626	626
F431_4	F2593_4	39	1480	1178	1178
F431_4	F570_4	39	1117	779	779
F431_4	F792_4	39	1132	447	447
F431_4	M1052_4	39	1197	934	934
F431_4	M149_4	39	1270	613	613
F431_4	M150_4	39	1153	483	483
F431_4	M1779_4	39	1164	977	977
F431_4	M2034_4	39	1266	653	653
F431_4	M2035_4	39	1075	263	263
F431_4	M471_4	39	1221	584	584
F570_4	F1591_4	39	1193	1159	1736
F570_4	F2002_4	39	1133	1105	1661
F570_4	F2441_4	39	1361	970	1430
F570_4	F2593_4	39	1128	1039	1524
F570_4	F431_4	39	1117	1019	1525
F570_4	F792_4	39	1167	714	1116
F570_4	M1052_4	39	1234	1099	1578
F570_4	M149_4	39	1220	847	1281
F570_4	M150_4	39	1274	820	1261
F570_4	M1779_4	39	1452	1336	2016
F570_4	M2034_4	39	1246	882	1318
F570_4	M2035_4	39	1513	624	930
F570_4	M471_4	39	1223	824	1228
F792_4	F1591_4	39	1217	1133	1133
F792_4	F2002_4	39	1469	1365	1365
F792_4	F2441_4	39	1216	555	555
F792_4	F2593_4	39	1291	990	990
F792_4	F431_4	39	1132	897	897
F792_4	F570_4	39	1167	769	769
F792_4	M1052_4	39	1367	1049	1049
F792_4	M149_4	39	1287	516	516
F792_4	M150_4	39	1141	450	450
F792_4	M1779_4	39	1262	1028	1028
F792_4	M2034_4	39	1143	531	531
F792_4	M2035_4	39	1150	221	221
F792_4	M471_4	39	1204	518	518
M1052_4	F1591_4	39	1211	1025	2050
M1052_4	F2002_4	39	1276	1086	2104
M1052_4	F2441_4	39	1261	320	610
M1052_4	F2593_4	39	1308	786	1590
M1052_4	F431_4	39	1197	738	1416
M1052_4	F570_4	39	1234	521	1024
M1052_4	F792_4	39	1367	268	538
M1052_4	M149_4	39	1186	265	525
M1052_4	M150_4	39	1171	236	478
M1052_4	M1779_4	39	1125	718	1419
M1052_4	M2034_4	39	1311	361	687
M1052_4	M2035_4	39	1279	119	230
M1052_4	M471_4	39	1299	318	637
M149_4	F1591_4	39	1178	1173	3248
M149_4	F2002_4	39	1349	1342	3651
M149_4	F2441_4	39	1330	1250	3399
M149_4	F2593_4	39	1200	1185	3240
M149_4	F431_4	39	1270	1252	3516
M149_4	F570_4	39	1220	1182	3227
M149_4	F792_4	39	1287	1173	3179
M149_4	M1052_4	39	1186	1169	3182
M149_4	M150_4	39	1249	1145	3157
M149_4	M1779_4	39	1289	1262	3492
M149_4	M2034_4	39	1260	1185	3234
M149_4	M2035_4	39	1211	1010	2756
M149_4	M471_4	39	1125	1032	2840
M150_4	F1591_4	39	1248	558	558
M150_4	F2002_4	39	1329	631	631
M150_4	F2441_4	39	1300	77	77
M150_4	F2593_4	39	1257	247	247
M150_4	F431_4	39	1153	212	212
M150_4	F570_4	39	1274	143	143
M150_4	F792_4	39	1141	54	54
M150_4	M1052_4	39	1171	219	219
M150_4	M149_4	39	1249	61	61
M150_4	M1779_4	39	1270	294	294
M150_4	M2034_4	39	1373	95	95
M150_4	M2035_4	39	1328	35	35
M150_4	M471_4	39	1310	63	63
M1779_4	F1591_4	39	1180	747	747
M1779_4	F2002_4	39	1109	722	722
M1779_4	F2441_4	39	1214	140	140
M1779_4	F2593_4	39	1205	403	403
M1779_4	F431_4	39	1164	420	420
M1779_4	F570_4	39	1452	291	291
M1779_4	F792_4	39	1262	98	98
M1779_4	M1052_4	39	1125	355	355
M1779_4	M149_4	39	1289	141	141
M1779_4	M150_4	39	1270	98	98
M1779_4	M2034_4	39	1274	143	143
M1779_4	M2035_4	39	1184	29	29
M1779_4	M471_4	39	1214	110	110
M2034_4	F1591_4	39	1291	1285	1285
M2034_4	F2002_4	39	1329	1328	1328
M2034_4	F2441_4	39	1247	1197	1197
M2034_4	F2593_4	39	1286	1271	1271
M2034_4	F431_4	39	1266	1251	1251
M2034_4	F570_4	39	1246	1215	1215
M2034_4	F792_4	39	1143	1044	1044
M2034_4	M1052_4	39	1311	1284	1284
M2034_4	M149_4	39	1260	1181	1181
M2034_4	M150_4	39	1373	1276	1276
M2034_4	M1779_4	39	1274	1250	1250
M2034_4	M2035_4	39	1118	947	947
M2034_4	M471_4	39	1283	1200	1200
M2035_4	F1591_4	39	1442	1244	2828
M2035_4	F2002_4	39	1196	1050	2377
M2035_4	F2441_4	39	1327	418	936
M2035_4	F2593_4	39	1329	867	1982
M2035_4	F431_4	39	1075	678	1545
M2035_4	F570_4	39	1513	719	1616
M2035_4	F792_4	39	1150	243	519
M2035_4	M1052_4	39	1279	748	1655
M2035_4	M149_4	39	1211	324	704
M2035_4	M150_4	39	1328	331	751
M2035_4	M1779_4	39	1184	756	1670
M2035_4	M2034_4	39	1118	338	741
M2035_4	M471_4	39	1354	384	861
M471_4	F1591_4	39	1325	1091	1091
M471_4	F2002_4	39	1230	1027	1027
M471_4	F2441_4	39	1417	375	375
M471_4	F2593_4	39	1275	731	731
M471_4	F431_4	39	1221	699	699
M471_4	F570_4	39	1223	547	547
M471_4	F792_4	39	1204	229	229
M471_4	M1052_4	39	1299	719	719
M471_4	M149_4	39	1125	246	246
M471_4	M150_4	39	1310	275	275
M471_4	M1779_4	39	1214	770	770
M471_4	M2034_4	39	1283	327	327
M471_4	M2035_4	39	1354	131	131
F1202_4	F1660_4	40	1471	1324	2145
F1202_4	F1871_4	40	1363	1205	1897
F1202_4	F1875_4	40	1251	1011	1633
F1202_4	F2222_4	40	1412	1184	1914
F1202_4	F2349_4	40	1246	480	779
F1202_4	F2781_4	40	1273	186	305
F1202_4	F288_4	40	1271	841	1412
F1202_4	F46_4	40	1185	1174	1929
F1202_4	F860_4	40	1269	1006	1626
F1202_4	M1391_4	40	1207	973	1583
F1202_4	M14_4	40	1235	1134	1797
F1202_4	M1880_4	40	1208	209	328
F1202_4	M391_4	40	1318	599	1009
F1660_4	F1202_4	40	1471	1094	1425
F1660_4	F1871_4	40	1303	1164	1544
F1660_4	F1875_4	40	1309	1069	1373
F1660_4	F2222_4	40	1193	1013	1372
F1660_4	F2349_4	40	1344	525	688
F1660_4	F2781_4	40	1211	180	240
F1660_4	F288_4	40	1289	871	1183
F1660_4	F46_4	40	1205	1199	1600
F1660_4	F860_4	40	1154	906	1192
F1660_4	M1391_4	40	1322	1063	1378
F1660_4	M14_4	40	1213	1132	1496
F1660_4	M1880_4	40	1339	275	370
F1660_4	M391_4	40	1279	635	828
F1871_4	F1202_4	40	1363	233	680
F1871_4	F1660_4	40	1303	584	1636
F1871_4	F1875_4	40	1349	375	1042
F1871_4	F2222_4	40	1293	373	1081
F1871_4	F2349_4	40	1198	65	202
F1871_4	F2781_4	40	1234	21	60
F1871_4	F288_4	40	1227	184	517
F1871_4	F46_4	40	1344	1224	3331
F1871_4	F860_4	40	1198	259	698
F1871_4	M1391_4	40	1392	370	975
F1871_4	M14_4	40	1332	679	1895
F1871_4	M1880_4	40	1281	23	82
F1871_4	M391_4	40	1269	82	216
F1875_4	F1202_4	40	1251	385	818
F1875_4	F1660_4	40	1309	805	1719
F1875_4	F1871_4	40	1349	827	1769
F1875_4	F2222_4	40	1292	628	1353
F1875_4	F2349_4	40	1181	108	242
F1875_4	F2781_4	40	1262	39	74
F1875_4	F288_4	40	1214	291	599
F1875_4	F46_4	40	1289	1240	2583
F1875_4	F860_4	40	1404	539	1151
F1875_4	M1391_4	40	1385	593	1258
F1875_4	M14_4	40	1226	880	1830
F1875_4	M1880_4	40	1422	55	129
F1875_4	M391_4	40	1341	166	367
F2222_4	F1202_4	40	1412	1354	3754
F2222_4	F1660_4	40	1193	1179	3342
F2222_4	F1871_4	40	1293	1273	3660
F2222_4	F1875_4	40	1292	1261	3579
F2222_4	F2349_4	40	1247	1046	2903
F2222_4	F2781_4	40	1232	719	2082
F2222_4	F288_4	40	1343	1258	3622
F2222_4	F46_4	40	1331	1330	3843
F2222_4	F860_4	40	1188	1152	3212
F2222_4	M1391_4	40	1294	1260	3506
F2222_4	M14_4	40	1365	1356	3923
F2222_4	M1880_4	40	1324	883	2493
F2222_4	M391_4	40	1260	1107	3229
F2349_4	F1202_4	40	1246	1113	1191
F2349_4	F1660_4	40	1344	1296	1386
F2349_4	F1871_4	40	1198	1151	1233
F2349_4	F1875_4	40	1181	1092	1160
F2349_4	F2222_4	40	1247	1178	1262
F2349_4	F2781_4	40	1272	473	499
F2349_4	F288_4	40	1278	1096	1157
F2349_4	F46_4	40	1324	1318	1432
F2349_4	F860_4	40	1282	1179	1270
F2349_4	M1391_4	40	1397	1304	1397
F2349_4	M14_4	40	1275	1236	1343
F2349_4	M1880_4	40	1325	557	608
F2349_4	M391_4	40	1231	911	991
F2781_4	F1202_4	40	1273	462	462
F2781_4	F1660_4	40	1211	824	824
F2781_4	F1871_4	40	1234	804	804
F2781_4	F1875_4	40	1262	622	622
F2781_4	F2222_4	40	1232	680	680
F2781_4	F2349_4	40	1272	168	168
F2781_4	F288_4	40	1326	401	401
F2781_4	F46_4	40	1286	1243	1243
F2781_4	F860_4	40	1351	632	632
F2781_4	M1391_4	40	1299	631	631
F2781_4	M14_4	40	1272	983	983
F2781_4	M1880_4	40	1293	63	63
F2781_4	M391_4	40	1283	205	205
F288_4	F1202_4	40	1271	219	219
F288_4	F1660_4	40	1289	553	553
F288_4	F1871_4	40	1227	495	495
F288_4	F1875_4	40	1214	333	333
F288_4	F2222_4	40	1343	406	406
F288_4	F2349_4	40	1278	76	76
F288_4	F2781_4	40	1326	18	18
F288_4	F46_4	40	1114	1012	1012
F288_4	F860_4	40	1195	299	299
F288_4	M1391_4	40	1237	339	339
F288_4	M14_4	40	1241	638	638
F288_4	M1880_4	40	1227	29	29
F288_4	M391_4	40	1269	83	83
F46_4	F1202_4	40	1185	761	2592
F46_4	F1660_4	40	1205	1058	3606
F46_4	F1871_4	40	1344	1134	3838
F46_4	F1875_4	40	1289	1001	3367
F46_4	F2222_4	40	1331	1052	3511
F46_4	F2349_4	40	1324	429	1476
F46_4	F2781_4	40	1286	164	578
F46_4	F288_4	40	1114	666	2172
F46_4	F860_4	40	1252	910	3150
F46_4	M1391_4	40	1341	1023	3499
F46_4	M14_4	40	1102	1022	3481
F46_4	M1880_4	40	1148	177	610
F46_4	M391_4	40	1166	442	1446
F860_4	F1202_4	40	1269	993	2172
F860_4	F1660_4	40	1154	1063	2233
F860_4	F1871_4	40	1198	1109	2392
F860_4	F1875_4	40	1404	1225	2627
F860_4	F2222_4	40	1188	1033	2206
F860_4	F2349_4	40	1282	593	1287
F860_4	F2781_4	40	1351	303	651
F860_4	F288_4	40	1195	873	1865
F860_4	F46_4	40	1252	1241	2670
F860_4	M1391_4	40	1314	1129	2368
F860_4	M14_4	40	1370	1310	2898
F860_4	M1880_4	40	1364	362	774
F860_4	M391_4	40	1362	731	1517
M1391_4	F1202_4	40	1207	1189	1899
M1391_4	F1660_4	40	1322	1311	2006
M1391_4	F1871_4	40	1392	1386	2124
M1391_4	F1875_4	40	1385	1367	2118
M1391_4	F2222_4	40	1294	1283	1975
M1391_4	F2349_4	40	1397	1307	2086
M1391_4	F2781_4	40	1299	1025	1581
M1391_4	F288_4	40	1237	1203	1833
M1391_4	F46_4	40	1341	1340	2083
M1391_4	F860_4	40	1314	1298	2019
M1391_4	M14_4	40	1357	1353	2150
M1391_4	M1880_4	40	1276	1072	1710
M1391_4	M391_4	40	1277	1216	1886
M14_4	F1202_4	40	1235	581	2186
M14_4	F1660_4	40	1213	941	3670
M14_4	F1871_4	40	1332	980	3812
M14_4	F1875_4	40	1226	786	3043
M14_4	F2222_4	40	1365	896	3411
M14_4	F2349_4	40	1275	224	834
M14_4	F2781_4	40	1272	85	332
M14_4	F288_4	40	1241	492	1909
M14_4	F46_4	40	1102	1083	4130
M14_4	F860_4	40	1370	772	2980
M14_4	M1391_4	40	1357	827	3139
M14_4	M1880_4	40	1249	92	337
M14_4	M391_4	40	1246	261	1017
M1880_4	F1202_4	40	1208	1064	1921
M1880_4	F1660_4	40	1339	1289	2248
M1880_4	F1871_4	40	1281	1235	2223
M1880_4	F1875_4	40	1422	1325	2389
M1880_4	F2222_4	40	1324	1241	2215
M1880_4	F2349_4	40	1325	852	1531
M1880_4	F2781_4	40	1293	430	794
M1880_4	F288_4	40	1227	1065	1892
M1880_4	F46_4	40	1148	1145	2058
M1880_4	F860_4	40	1364	1232	2168
M1880_4	M1391_4	40	1276	1195	2126
M1880_4	M14_4	40	1249	1224	2215
M1880_4	M391_4	40	1206	830	1436
M391_4	F1202_4	40	1318	350	350
M391_4	F1660_4	40	1279	732	732
M391_4	F1871_4	40	1269	679	679
M391_4	F1875_4	40	1341	549	549
M391_4	F2222_4	40	1260	539	539
M391_4	F2349_4	40	1231	94	94
M391_4	F2781_4	40	1283	31	31
M391_4	F288_4	40	1269	270	270
M391_4	F46_4	40	1166	1094	1094
M391_4	F860_4	40	1362	485	485
M391_4	M1391_4	40	1277	498	498
M391_4	M14_4	40	1246	821	821
M391_4	M1880_4	40	1206	37	37
F1437_4	F1692_4	41	1165	277	277
F1437_4	F2030_4	41	1363	506	506
F1437_4	F2298_4	41	1184	514	514
F1437_4	F2640_4	41	1238	184	184
F1437_4	F509_4	41	1055	303	303
F1437_4	M1096_4	41	1240	691	691
F1437_4	M131_4	41	1153	176	176
F1437_4	M1839_4	41	1126	604	604
F1437_4	M2409_4	41	1274	1044	1044
F1437_4	M439_4	41	1193	356	356
F1437_4	M472_4	41	1290	823	823
F1437_4	M660_4	41	1170	802	802
F1437_4	M889_4	41	1284	358	358
F1692_4	F1437_4	41	1165	1019	1970
F1692_4	F2030_4	41	1183	655	1266
F1692_4	F2298_4	41	1204	695	1381
F1692_4	F2640_4	41	1320	339	646
F1692_4	F509_4	41	1146	486	898
F1692_4	M1096_4	41	1229	834	1595
F1692_4	M131_4	41	1360	394	750
F1692_4	M1839_4	41	1201	815	1586
F1692_4	M2409_4	41	1163	1054	2030
F1692_4	M439_4	41	1141	534	1036
F1692_4	M472_4	41	1301	962	1802
F1692_4	M660_4	41	1255	981	1968
F1692_4	M889_4	41	1159	451	867
F2030_4	F1437_4	41	1363	538	1032
F2030_4	F1692_4	41	1183	72	156
F2030_4	F2298_4	41	1196	144	273
F2030_4	F2640_4	41	1396	60	108
F2030_4	F509_4	41	1307	92	186
F2030_4	M1096_4	41	1165	229	464
F2030_4	M131_4	41	1176	44	85
F2030_4	M1839_4	41	1276	235	462
F2030_4	M2409_4	41	1238	622	1198
F2030_4	M439_4	41	1553	136	247
F2030_4	M472_4	41	1305	319	600
F2030_4	M660_4	41	1249	355	697
F2030_4	M889_4	41	1213	108	211
F2298_4	F1437_4	41	1184	807	1596
F2298_4	F1692_4	41	1204	189	368
F2298_4	F2030_4	41	1196	329	639
F2298_4	F2640_4	41	1187	133	267
F2298_4	F509_4	41	1218	248	506
F2298_4	M1096_4	41	1326	576	1112
F2298_4	M131_4	41	1340	150	292
F2298_4	M1839_4	41	1267	534	997
F2298_4	M2409_4	41	1313	985	1959
F2298_4	M439_4	41	1381	320	611
F2298_4	M472_4	41	1312	669	1311
F2298_4	M660_4	41	1253	719	1412
F2298_4	M889_4	41	1274	256	505
F2640_4	F1437_4	41	1238	740	1386
F2640_4	F1692_4	41	1320	157	301
F2640_4	F2030_4	41	1396	310	565
F2640_4	F2298_4	41	1187	280	506
F2640_4	F509_4	41	1267	189	325
F2640_4	M1096_4	41	1219	434	781
F2640_4	M131_4	41	1370	100	190
F2640_4	M1839_4	41	1231	440	782
F2640_4	M2409_4	41	1225	848	1545
F2640_4	M439_4	41	1341	217	425
F2640_4	M472_4	41	1226	471	830
F2640_4	M660_4	41	1159	565	1003
F2640_4	M889_4	41	1276	178	330
F509_4	F1437_4	41	1055	1008	1008
F509_4	F1692_4	41	1146	728	728
F509_4	F2030_4	41	1307	1030	1030
F509_4	F2298_4	41	1218	979	979
F509_4	F2640_4	41	1267	662	662
F509_4	M1096_4	41	1220	1059	1059
F509_4	M131_4	41	1193	617	617
F509_4	M1839_4	41	1166	1024	1024
F509_4	M2409_4	41	1251	1204	1204
F509_4	M439_4	41	1327	988	988
F509_4	M472_4	41	1225	1102	1102
F509_4	M660_4	41	1207	1127	1127
F509_4	M889_4	41	1339	921	921
M1096_4	F1437_4	41	1240	1034	1034
M1096_4	F1692_4	41	1229	362	362
M1096_4	F2030_4	41	1165	588	588
M1096_4	F2298_4	41	1326	725	725
M1096_4	F2640_4	41	1219	297	297
M1096_4	F509_4	41	1220	457	457
M1096_4	M131_4	41	1169	269	269
M1096_4	M1839_4	41	1251	799	799
M1096_4	M2409_4	41	1378	1224	1224
M1096_4	M439_4	41	1241	550	550
M1096_4	M472_4	41	1185	864	864
M1096_4	M660_4	41	1251	990	990
M1096_4	M889_4	41	1352	513	513
M131_4	F1437_4	41	1153	1068	1068
M131_4	F1692_4	41	1360	787	787
M131_4	F2030_4	41	1176	850	850
M131_4	F2298_4	41	1340	982	982
M131_4	F2640_4	41	1370	605	605
M131_4	F509_4	41	1193	719	719
M131_4	M1096_4	41	1169	978	978
M131_4	M1839_4	41	1267	1050	1050
M131_4	M2409_4	41	1271	1219	1219
M131_4	M439_4	41	1325	864	864
M131_4	M472_4	41	1350	1160	1160
M131_4	M660_4	41	1345	1226	1226
M131_4	M889_4	41	1200	760	760
M1839_4	F1437_4	41	1126	772	772
M1839_4	F1692_4	41	1201	189	189
M1839_4	F2030_4	41	1276	382	382
M1839_4	F2298_4	41	1267	368	368
M1839_4	F2640_4	41	1231	158	158
M1839_4	F509_4	41	1166	223	223
M1839_4	M1096_4	41	1251	487	487
M1839_4	M131_4	41	1267	148	148
M1839_4	M2409_4	41	1222	928	928
M1839_4	M439_4	41	1221	275	275
M1839_4	M472_4	41	1278	629	629
M1839_4	M660_4	41	1309	748	748
M1839_4	M889_4	41	1296	225	225
M2409_4	F1437_4	41	1274	972	972
M2409_4	F1692_4	41	1163	263	263
M2409_4	F2030_4	41	1238	449	449
M2409_4	F2298_4	41	1313	504	504
M2409_4	F2640_4	41	1225	171	171
M2409_4	F509_4	41	1251	321	321
M2409_4	M1096_4	41	1378	707	707
M2409_4	M131_4	41	1271	156	156
M2409_4	M1839_4	41	1222	642	642
M2409_4	M439_4	41	1263	372	372
M2409_4	M472_4	41	1311	769	769
M2409_4	M660_4	41	1185	814	814
M2409_4	M889_4	41	1242	355	355
M439_4	F1437_4	41	1193	538	1109
M439_4	F1692_4	41	1141	94	198
M439_4	F2030_4	41	1553	215	462
M439_4	F2298_4	41	1381	225	443
M439_4	F2640_4	41	1341	68	145
M439_4	F509_4	41	1327	128	276
M439_4	M1096_4	41	1241	277	599
M439_4	M131_4	41	1325	60	123
M439_4	M1839_4	41	1221	301	622
M439_4	M2409_4	41	1263	707	1457
M439_4	M472_4	41	1261	402	829
M439_4	M660_4	41	1284	480	1032
M439_4	M889_4	41	1394	134	277
M472_4	F1437_4	41	1290	668	668
M472_4	F1692_4	41	1301	124	124
M472_4	F2030_4	41	1305	238	238
M472_4	F2298_4	41	1312	275	275
M472_4	F2640_4	41	1226	90	90
M472_4	F509_4	41	1225	137	137
M472_4	M1096_4	41	1185	349	349
M472_4	M131_4	41	1350	91	91
M472_4	M1839_4	41	1278	359	359
M472_4	M2409_4	41	1311	839	839
M472_4	M439_4	41	1261	167	167
M472_4	M660_4	41	1386	619	619
M472_4	M889_4	41	1329	149	149
M660_4	F1437_4	41	1170	1154	1154
M660_4	F1692_4	41	1255	1062	1062
M660_4	F2030_4	41	1249	1160	1160
M660_4	F2298_4	41	1253	1174	1174
M660_4	F2640_4	41	1159	950	950
M660_4	F509_4	41	1207	1059	1059
M660_4	M1096_4	41	1251	1199	1199
M660_4	M131_4	41	1345	1075	1075
M660_4	M1839_4	41	1309	1253	1253
M660_4	M2409_4	41	1185	1168	1168
M660_4	M439_4	41	1284	1170	1170
M660_4	M472_4	41	1386	1341	1341
M660_4	M889_4	41	1150	1002	1002
M889_4	F1437_4	41	1284	896	1137
M889_4	F1692_4	41	1159	176	212
M889_4	F2030_4	41	1213	348	443
M889_4	F2298_4	41	1274	417	543
M889_4	F2640_4	41	1276	146	185
M889_4	F509_4	41	1339	276	343
M889_4	M1096_4	41	1352	558	721
M889_4	M131_4	41	1200	108	134
M889_4	M1839_4	41	1296	555	697
M889_4	M2409_4	41	1242	941	1216
M889_4	M439_4	41	1394	325	418
M889_4	M472_4	41	1329	685	865
M889_4	M660_4	41	1150	669	860
F1676_4	F2010_4	42	1255	649	817
F1676_4	F2548_4	42	1263	933	1186
F1676_4	F2786_4	42	1400	1273	1658
F1676_4	F291_4	42	1260	625	832
F1676_4	F294_4	42	1166	636	850
F1676_4	F587_4	42	1343	527	685
F1676_4	M1566_4	42	1284	821	1057
F1676_4	M1598_4	42	1275	470	591
F1676_4	M2066_4	42	1262	376	499
F1676_4	M2198_4	42	1313	1078	1404
F1676_4	M2380_4	42	1377	1333	1694
F1676_4	M342_4	42	1435	1121	1443
F1676_4	M511_4	42	1317	1197	1499
F2010_4	F1676_4	42	1255	68	68
F2010_4	F2548_4	42	1377	577	577
F2010_4	F2786_4	42	1250	835	835
F2010_4	F291_4	42	1264	224	224
F2010_4	F294_4	42	1276	255	255
F2010_4	F587_4	42	1341	200	200
F2010_4	M1566_4	42	1366	369	369
F2010_4	M1598_4	42	1128	134	134
F2010_4	M2066_4	42	1296	104	104
F2010_4	M2198_4	42	1345	719	719
F2010_4	M2380_4	42	1328	1123	1123
F2010_4	M342_4	42	1255	548	548
F2010_4	M511_4	42	1224	829	829
F2548_4	F1676_4	42	1263	150	388
F2548_4	F2010_4	42	1377	523	1409
F2548_4	F2786_4	42	1299	1096	2939
F2548_4	F291_4	42	1292	450	1161
F2548_4	F294_4	42	1110	475	1256
F2548_4	F587_4	42	1187	322	878
F2548_4	M1566_4	42	1302	639	1718
F2548_4	M1598_4	42	1175	269	693
F2548_4	M2066_4	42	1340	288	784
F2548_4	M2198_4	42	1145	843	2168
F2548_4	M2380_4	42	1233	1156	2999
F2548_4	M342_4	42	1219	780	2077
F2548_4	M511_4	42	1196	1006	2627
F2786_4	F1676_4	42	1400	41	46
F2786_4	F2010_4	42	1250	108	115
F2786_4	F2548_4	42	1299	318	352
F2786_4	F291_4	42	1229	99	108
F2786_4	F294_4	42	1212	133	150
F2786_4	F587_4	42	1134	73	83
F2786_4	M1566_4	42	1253	166	191
F2786_4	M1598_4	42	1119	73	80
F2786_4	M2066_4	42	1245	59	69
F2786_4	M2198_4	42	1153	381	416
F2786_4	M2380_4	42	1301	947	1081
F2786_4	M342_4	42	1119	299	332
F2786_4	M511_4	42	1189	586	652
F291_4	F1676_4	42	1260	148	281
F291_4	F2010_4	42	1264	456	826
F291_4	F2548_4	42	1292	750	1385
F291_4	F2786_4	42	1229	1019	1872
F291_4	F294_4	42	1417	548	1006
F291_4	F587_4	42	1103	252	462
F291_4	M1566_4	42	1295	592	1121
F291_4	M1598_4	42	1286	283	541
F291_4	M2066_4	42	1143	221	386
F291_4	M2198_4	42	1390	998	1825
F291_4	M2380_4	42	1277	1187	2224
F291_4	M342_4	42	1143	751	1367
F291_4	M511_4	42	1167	977	1747
F294_4	F1676_4	42	1166	504	504
F294_4	F2010_4	42	1276	1001	1001
F294_4	F2548_4	42	1110	1005	1005
F294_4	F2786_4	42	1212	1176	1176
F294_4	F291_4	42	1417	1036	1036
F294_4	F587_4	42	1182	768	768
F294_4	M1566_4	42	1293	1067	1067
F294_4	M1598_4	42	1338	833	833
F294_4	M2066_4	42	1334	760	760
F294_4	M2198_4	42	1325	1240	1240
F294_4	M2380_4	42	1187	1171	1171
F294_4	M342_4	42	1326	1215	1215
F294_4	M511_4	42	1280	1239	1239
F587_4	F1676_4	42	1343	263	263
F587_4	F2010_4	42	1341	742	742
F587_4	F2548_4	42	1187	896	896
F587_4	F2786_4	42	1134	1033	1033
F587_4	F291_4	42	1103	538	538
F587_4	F294_4	42	1182	647	647
F587_4	M1566_4	42	1193	780	780
F587_4	M1598_4	42	1201	436	436
F587_4	M2066_4	42	1347	413	413
F587_4	M2198_4	42	1281	1067	1067
F587_4	M2380_4	42	1265	1218	1218
F587_4	M342_4	42	1339	1048	1048
F587_4	M511_4	42	1235	1137	1137
M1566_4	F1676_4	42	1284	132	238
M1566_4	F2010_4	42	1366	488	886
M1566_4	F2548_4	42	1302	767	1363
M1566_4	F2786_4	42	1253	1040	1862
M1566_4	F291_4	42	1295	385	646
M1566_4	F294_4	42	1293	490	845
M1566_4	F587_4	42	1193	286	494
M1566_4	M1598_4	42	1220	283	500
M1566_4	M2066_4	42	1183	211	381
M1566_4	M2198_4	42	1263	892	1564
M1566_4	M2380_4	42	1323	1237	2209
M1566_4	M342_4	42	1341	849	1480
M1566_4	M511_4	42	1237	1030	1863
M1598_4	F1676_4	42	1275	644	644
M1598_4	F2010_4	42	1128	912	912
M1598_4	F2548_4	42	1175	1098	1098
M1598_4	F2786_4	42	1119	1092	1092
M1598_4	F291_4	42	1286	985	985
M1598_4	F294_4	42	1338	1091	1091
M1598_4	F587_4	42	1201	883	883
M1598_4	M1566_4	42	1220	1054	1054
M1598_4	M2066_4	42	1150	724	724
M1598_4	M2198_4	42	1170	1103	1103
M1598_4	M2380_4	42	1245	1238	1238
M1598_4	M342_4	42	1220	1146	1146
M1598_4	M511_4	42	1290	1258	1258
M2066_4	F1676_4	42	1262	348	348
M2066_4	F2010_4	42	1296	774	774
M2066_4	F2548_4	42	1340	1099	1099
M2066_4	F2786_4	42	1245	1155	1155
M2066_4	F291_4	42	1143	644	644
M2066_4	F294_4	42	1334	865	865
M2066_4	F587_4	42	1347	647	647
M2066_4	M1566_4	42	1183	850	850
M2066_4	M1598_4	42	1150	553	553
M2066_4	M2198_4	42	1333	1185	1185
M2066_4	M2380_4	42	1200	1170	1170
M2066_4	M342_4	42	1437	1179	1179
M2066_4	M511_4	42	1199	1135	1135
M2198_4	F1676_4	42	1313	176	176
M2198_4	F2010_4	42	1345	610	610
M2198_4	F2548_4	42	1145	806	806
M2198_4	F2786_4	42	1153	1019	1019
M2198_4	F291_4	42	1390	589	589
M2198_4	F294_4	42	1325	642	642
M2198_4	F587_4	42	1281	460	460
M2198_4	M1566_4	42	1263	687	687
M2198_4	M1598_4	42	1170	338	338
M2198_4	M2066_4	42	1333	325	325
M2198_4	M2380_4	42	1478	1409	1409
M2198_4	M342_4	42	1230	905	905
M2198_4	M511_4	42	1280	1126	1126
M2380_4	F1676_4	42	1377	282	282
M2380_4	F2010_4	42	1328	769	769
M2380_4	F2548_4	42	1233	960	960
M2380_4	F2786_4	42	1301	1189	1189
M2380_4	F291_4	42	1277	621	621
M2380_4	F294_4	42	1187	692	692
M2380_4	F587_4	42	1265	559	559
M2380_4	M1566_4	42	1323	865	865
M2380_4	M1598_4	42	1245	495	495
M2380_4	M2066_4	42	1200	406	406
M2380_4	M2198_4	42	1478	1258	1258
M2380_4	M342_4	42	1354	1051	1051
M2380_4	M511_4	42	1129	1029	1029
M342_4	F1676_4	42	1435	154	154
M342_4	F2010_4	42	1255	415	415
M342_4	F2548_4	42	1219	662	662
M342_4	F2786_4	42	1119	910	910
M342_4	F291_4	42	1143	330	330
M342_4	F294_4	42	1326	482	482
M342_4	F587_4	42	1339	300	300
M342_4	M1566_4	42	1341	591	591
M342_4	M1598_4	42	1220	245	245
M342_4	M2066_4	42	1437	221	221
M342_4	M2198_4	42	1230	850	850
M342_4	M2380_4	42	1354	1256	1256
M342_4	M511_4	42	1113	931	931
M511_4	F1676_4	42	1317	280	280
M511_4	F2010_4	42	1224	678	678
M511_4	F2548_4	42	1196	906	906
M511_4	F2786_4	42	1189	1096	1096
M511_4	F291_4	42	1167	629	629
M511_4	F294_4	42	1280	756	756
M511_4	F587_4	42	1235	530	530
M511_4	M1566_4	42	1237	822	822
M511_4	M1598_4	42	1290	519	519
M511_4	M2066_4	42	1199	394	394
M511_4	M2198_4	42	1280	1091	1091
M511_4	M2380_4	42	1129	1095	1095
M511_4	M342_4	42	1113	883	883
F1407_4	F1641_4	43	1331	1263	1263
F1407_4	F1819_4	43	1317	757	757
F1407_4	F1956_4	43	1128	859	859
F1407_4	F1992_4	43	1242	1201	1201
F1407_4	F2164_4	43	1225	1200	1200
F1407_4	F2207_4	43	1302	965	965
F1407_4	F2282_4	43	1223	788	788
F1407_4	F2717_4	43	1176	1169	1169
F1407_4	F2797_4	43	1386	860	860
F1407_4	M1374_4	43	1235	1160	1160
F1407_4	M1799_4	43	1112	941	941
F1407_4	M2051_4	43	1450	1222	1222
F1407_4	M2701_4	43	1319	1206	1206
F1641_4	F1407_4	43	1331	1178	1799
F1641_4	F1819_4	43	1373	624	958
F1641_4	F1956_4	43	1251	773	1177
F1641_4	F1992_4	43	1126	1061	1610
F1641_4	F2164_4	43	1434	1360	2115
F1641_4	F2207_4	43	1394	809	1265
F1641_4	F2282_4	43	1221	627	955
F1641_4	F2717_4	43	1138	1130	1737
F1641_4	F2797_4	43	1371	658	1008
F1641_4	M1374_4	43	1304	1174	1797
F1641_4	M1799_4	43	1121	889	1371
F1641_4	M2051_4	43	1237	896	1392
F1641_4	M2701_4	43	1290	1123	1755
F1819_4	F1407_4	43	1317	986	986
F1819_4	F1641_4	43	1373	1052	1052
F1819_4	F1956_4	43	1384	548	548
F1819_4	F1992_4	43	1306	1129	1129
F1819_4	F2164_4	43	1237	1091	1091
F1819_4	F2207_4	43	1434	487	487
F1819_4	F2282_4	43	1272	408	408
F1819_4	F2717_4	43	1073	1039	1039
F1819_4	F2797_4	43	1195	286	286
F1819_4	M1374_4	43	1303	1027	1027
F1819_4	M1799_4	43	1199	688	688
F1819_4	M2051_4	43	1123	568	568
F1819_4	M2701_4	43	1348	994	994
F1956_4	F1407_4	43	1128	1032	1032
F1956_4	F1641_4	43	1251	1185	1185
F1956_4	F1819_4	43	1384	731	731
F1956_4	F1992_4	43	1207	1156	1156
F1956_4	F2164_4	43	1141	1099	1099
F1956_4	F2207_4	43	1382	908	908
F1956_4	F2282_4	43	1235	723	723
F1956_4	F2717_4	43	1344	1332	1332
F1956_4	F2797_4	43	1212	654	654
F1956_4	M1374_4	43	1263	1175	1175
F1956_4	M1799_4	43	1385	1143	1143
F1956_4	M2051_4	43	1133	873	873
F1956_4	M2701_4	43	1422	1278	1278
F1992_4	F1407_4	43	1242	285	285
F1992_4	F1641_4	43	1126	290	290
F1992_4	F1819_4	43	1306	39	39
F1992_4	F1956_4	43	1207	67	67
F1992_4	F2164_4	43	1274	517	517
F1992_4	F2207_4	43	1281	54	54
F1992_4	F2282_4	43	1159	52	52
F1992_4	F2717_4	43	1519	1163	1163
F1992_4	F2797_4	43	1190	35	35
F1992_4	M1374_4	43	1342	359	359
F1992_4	M1799_4	43	1277	168	168
F1992_4	M2051_4	43	1143	94	94
F1992_4	M2701_4	43	1222	272	272
F2164_4	F1407_4	43	1225	645	893
F2164_4	F1641_4	43	1434	823	1125
F2164_4	F1819_4	43	1237	128	176
F2164_4	F1956_4	43	1141	185	259
F2164_4	F1992_4	43	1274	914	1277
F2164_4	F2207_4	43	1313	207	288
F2164_4	F2282_4	43	1265	190	260
F2164_4	F2717_4	43	1192	1087	1504
F2164_4	F2797_4	43	1138	129	183
F2164_4	M1374_4	43	1214	689	955
F2164_4	M1799_4	43	1237	398	558
F2164_4	M2051_4	43	1247	326	458
F2164_4	M2701_4	43	1341	703	980
F2207_4	F1407_4	43	1302	541	541
F2207_4	F1641_4	43	1394	604	604
F2207_4	F1819_4	43	1434	93	93
F2207_4	F1956_4	43	1382	126	126
F2207_4	F1992_4	43	1281	767	767
F2207_4	F2164_4	43	1313	801	801
F2207_4	F2282_4	43	1245	102	102
F2207_4	F2717_4	43	1194	1071	1071
F2207_4	F2797_4	43	1225	91	91
F2207_4	M1374_4	43	1315	576	576
F2207_4	M1799_4	43	1157	263	263
F2207_4	M2051_4	43	1286	247	247
F2207_4	M2701_4	43	1127	418	418
F2282_4	F1407_4	43	1223	714	1195
F2282_4	F1641_4	43	1221	783	1318
F2282_4	F1819_4	43	1272	165	266
F2282_4	F1956_4	43	1235	291	499
F2282_4	F1992_4	43	1159	872	1457
F2282_4	F2164_4	43	1265	1013	1724
F2282_4	F2207_4	43	1245	251	427
F2282_4	F2717_4	43	1148	1083	1818
F2282_4	F2797_4	43	1245	177	300
F2282_4	M1374_4	43	1255	819	1382
F2282_4	M1799_4	43	1313	509	870
F2282_4	M2051_4	43	1140	378	622
F2282_4	M2701_4	43	1175	679	1140
F2717_4	F1407_4	43	1176	789	789
F2717_4	F1641_4	43	1138	806	806
F2717_4	F1819_4	43	1073	177	177
F2717_4	F1956_4	43	1344	374	374
F2717_4	F1992_4	43	1519	1237	1237
F2717_4	F2164_4	43	1192	979	979
F2717_4	F2207_4	43	1194	298	298
F2717_4	F2282_4	43	1148	244	244
F2717_4	F2797_4	43	1285	218	218
F2717_4	M1374_4	43	1214	867	867
F2717_4	M1799_4	43	1270	622	622
F2717_4	M2051_4	43	1264	498	498
F2717_4	M2701_4	43	1263	829	829
F2797_4	F1407_4	43	1386	261	996
F2797_4	F1641_4	43	1371	286	1088
F2797_4	F1819_4	43	1195	24	88
F2797_4	F1956_4	43	1212	49	192
F2797_4	F1992_4	43	1190	373	1433
F2797_4	F2164_4	43	1138	414	1606
F2797_4	F2207_4	43	1225	50	179
F2797_4	F2282_4	43	1245	36	133
F2797_4	F2717_4	43	1285	902	3445
F2797_4	M1374_4	43	1235	280	1094
F2797_4	M1799_4	43	1177	94	386
F2797_4	M2051_4	43	1290	94	354
F2797_4	M2701_4	43	1339	219	846
M1374_4	F1407_4	43	1235	799	929
M1374_4	F1641_4	43	1304	910	1080
M1374_4	F1819_4	43	1303	181	226
M1374_4	F1956_4	43	1263	332	409
M1374_4	F1992_4	43	1342	1072	1275
M1374_4	F2164_4	43	1214	995	1200
M1374_4	F2207_4	43	1315	334	398
M1374_4	F2282_4	43	1255	269	317
M1374_4	F2717_4	43	1214	1151	1404
M1374_4	F2797_4	43	1235	187	220
M1374_4	M1799_4	43	1360	598	719
M1374_4	M2051_4	43	1295	514	613
M1374_4	M2701_4	43	1344	890	1041
M1799_4	F1407_4	43	1112	561	1256
M1799_4	F1641_4	43	1121	609	1371
M1799_4	F1819_4	43	1199	94	221
M1799_4	F1956_4	43	1385	237	550
M1799_4	F1992_4	43	1277	839	1864
M1799_4	F2164_4	43	1237	836	1887
M1799_4	F2207_4	43	1157	157	348
M1799_4	F2282_4	43	1313	151	353
M1799_4	F2717_4	43	1270	1181	2603
M1799_4	F2797_4	43	1177	123	270
M1799_4	M1374_4	43	1360	727	1622
M1799_4	M2051_4	43	1365	348	772
M1799_4	M2701_4	43	1119	558	1224
M2051_4	F1407_4	43	1450	1367	2910
M2051_4	F1641_4	43	1237	1170	2527
M2051_4	F1819_4	43	1123	653	1335
M2051_4	F1956_4	43	1133	844	1738
M2051_4	F1992_4	43	1143	1097	2376
M2051_4	F2164_4	43	1247	1214	2583
M2051_4	F2207_4	43	1286	942	2008
M2051_4	F2282_4	43	1140	791	1661
M2051_4	F2717_4	43	1264	1259	2764
M2051_4	F2797_4	43	1290	787	1706
M2051_4	M1374_4	43	1295	1229	2613
M2051_4	M1799_4	43	1365	1169	2569
M2051_4	M2701_4	43	1266	1186	2587
M2701_4	F1407_4	43	1319	346	346
M2701_4	F1641_4	43	1290	422	422
M2701_4	F1819_4	43	1348	56	56
M2701_4	F1956_4	43	1422	108	108
M2701_4	F1992_4	43	1222	512	512
M2701_4	F2164_4	43	1341	643	643
M2701_4	F2207_4	43	1127	83	83
M2701_4	F2282_4	43	1175	76	76
M2701_4	F2717_4	43	1263	1036	1036
M2701_4	F2797_4	43	1339	50	50
M2701_4	M1374_4	43	1344	437	437
M2701_4	M1799_4	43	1119	166	166
M2701_4	M2051_4	43	1266	146	146
F1174_4	F1612_4	44	1155	967	2719
F1174_4	F1978_4	44	1314	1198	3317
F1174_4	F2449_4	44	1459	711	2031
F1174_4	F317_4	44	1228	609	1695
F1174_4	F410_4	44	1303	1122	3168
F1174_4	F965_4	44	1311	1029	2935
F1174_4	M161_4	44	1319	801	2224
F1174_4	M1991_4	44	1405	1245	3395
F1174_4	M2252_4	44	1189	832	2290
F1174_4	M263_4	44	1239	678	1901
F1174_4	M302_4	44	1293	597	1663
F1174_4	M704_4	44	1508	605	1656
F1174_4	M923_4	44	1189	1157	3281
F1612_4	F1174_4	44	1155	270	270
F1612_4	F1978_4	44	1281	976	976
F1612_4	F2449_4	44	1329	299	299
F1612_4	F317_4	44	1340	323	323
F1612_4	F410_4	44	1250	794	794
F1612_4	F965_4	44	1128	564	564
F1612_4	M161_4	44	1305	385	385
F1612_4	M1991_4	44	1201	814	814
F1612_4	M2252_4	44	1228	500	500
F1612_4	M263_4	44	1325	354	354
F1612_4	M302_4	44	1241	294	294
F1612_4	M704_4	44	1156	197	197
F1612_4	M923_4	44	1345	1219	1219
F1978_4	F1174_4	44	1314	617	1622
F1978_4	F1612_4	44	1281	1049	2798
F1978_4	F2449_4	44	1217	530	1362
F1978_4	F317_4	44	1217	548	1426
F1978_4	F410_4	44	1297	1090	2856
F1978_4	F965_4	44	1340	1042	2838
F1978_4	M161_4	44	1262	716	1882
F1978_4	M1991_4	44	1288	1150	3018
F1978_4	M2252_4	44	1237	839	2188
F1978_4	M263_4	44	1263	689	1797
F1978_4	M302_4	44	1432	680	1771
F1978_4	M704_4	44	1237	479	1289
F1978_4	M923_4	44	1284	1235	3364
F2449_4	F1174_4	44	1459	330	330
F2449_4	F1612_4	44	1329	815	815
F2449_4	F1978_4	44	1217	947	947
F2449_4	F317_4	44	1230	296	296
F2449_4	F410_4	44	1221	816	816
F2449_4	F965_4	44	1255	712	712
F2449_4	M161_4	44	1361	414	414
F2449_4	M1991_4	44	1204	860	860
F2449_4	M2252_4	44	1280	542	542
F2449_4	M263_4	44	1166	306	306
F2449_4	M302_4	44	1201	298	298
F2449_4	M704_4	44	1288	235	235
F2449_4	M923_4	44	1305	1167	1167
F317_4	F1174_4	44	1228	642	1624
F317_4	F1612_4	44	1340	1147	2933
F317_4	F1978_4	44	1217	1139	2902
F317_4	F2449_4	44	1230	639	1623
F317_4	F410_4	44	1324	1153	3033
F317_4	F965_4	44	1257	1043	2634
F317_4	M161_4	44	1302	835	2151
F317_4	M1991_4	44	1291	1190	3068
F317_4	M2252_4	44	1338	993	2502
F317_4	M263_4	44	1263	773	2013
F317_4	M302_4	44	1177	604	1515
F317_4	M704_4	44	1091	481	1233
F317_4	M923_4	44	1199	1165	2912
F410_4	F1174_4	44	1303	208	337
F410_4	F1612_4	44	1250	671	1088
F410_4	F1978_4	44	1297	876	1460
F410_4	F2449_4	44	1221	200	314
F410_4	F317_4	44	1324	215	371
F410_4	F965_4	44	1240	546	889
F410_4	M161_4	44	1299	322	515
F410_4	M1991_4	44	1247	772	1232
F410_4	M2252_4	44	1166	354	551
F410_4	M263_4	44	1275	234	374
F410_4	M302_4	44	1233	187	298
F410_4	M704_4	44	1218	136	220
F410_4	M923_4	44	1263	1088	1730
F965_4	F1174_4	44	1311	880	1357
F965_4	F1612_4	44	1128	1040	1625
F965_4	F1978_4	44	1340	1283	1977
F965_4	F2449_4	44	1255	853	1326
F965_4	F317_4	44	1257	862	1303
F965_4	F410_4	44	1240	1143	1746
F965_4	M161_4	44	1222	935	1452
F965_4	M1991_4	44	1179	1110	1690
F965_4	M2252_4	44	1365	1131	1749
F965_4	M263_4	44	1219	886	1378
F965_4	M302_4	44	1298	854	1267
F965_4	M704_4	44	1070	635	962
F965_4	M923_4	44	1344	1326	2037
M161_4	F1174_4	44	1319	190	764
M161_4	F1612_4	44	1305	615	2585
M161_4	F1978_4	44	1262	826	3555
M161_4	F2449_4	44	1361	184	740
M161_4	F317_4	44	1302	196	853
M161_4	F410_4	44	1299	617	2559
M161_4	F965_4	44	1222	483	2020
M161_4	M1991_4	44	1223	690	2822
M161_4	M2252_4	44	1455	424	1801
M161_4	M263_4	44	1270	242	1004
M161_4	M302_4	44	1180	183	758
M161_4	M704_4	44	1229	120	495
M161_4	M923_4	44	1386	1157	4922
M1991_4	F1174_4	44	1405	899	899
M1991_4	F1612_4	44	1201	1099	1099
M1991_4	F1978_4	44	1288	1230	1230
M1991_4	F2449_4	44	1204	753	753
M1991_4	F317_4	44	1291	840	840
M1991_4	F410_4	44	1247	1138	1138
M1991_4	F965_4	44	1179	1041	1041
M1991_4	M161_4	44	1223	888	888
M1991_4	M2252_4	44	1376	1117	1117
M1991_4	M263_4	44	1336	942	942
M1991_4	M302_4	44	1262	816	816
M1991_4	M704_4	44	1275	740	740
M1991_4	M923_4	44	1249	1229	1229
M2252_4	F1174_4	44	1189	900	900
M2252_4	F1612_4	44	1228	1151	1151
M2252_4	F1978_4	44	1237	1205	1205
M2252_4	F2449_4	44	1280	980	980
M2252_4	F317_4	44	1338	1020	1020
M2252_4	F410_4	44	1166	1109	1109
M2252_4	F965_4	44	1365	1255	1255
M2252_4	M161_4	44	1455	1200	1200
M2252_4	M1991_4	44	1376	1321	1321
M2252_4	M263_4	44	1192	947	947
M2252_4	M302_4	44	1188	889	889
M2252_4	M704_4	44	1300	901	901
M2252_4	M923_4	44	1247	1232	1232
M263_4	F1174_4	44	1239	1091	1091
M263_4	F1612_4	44	1325	1296	1296
M263_4	F1978_4	44	1263	1251	1251
M263_4	F2449_4	44	1166	1042	1042
M263_4	F317_4	44	1263	1135	1135
M263_4	F410_4	44	1275	1254	1254
M263_4	F965_4	44	1219	1177	1177
M263_4	M161_4	44	1270	1168	1168
M263_4	M1991_4	44	1336	1311	1311
M263_4	M2252_4	44	1192	1126	1126
M263_4	M302_4	44	1270	1126	1126
M263_4	M704_4	44	1314	1095	1095
M263_4	M923_4	44	1345	1342	1342
M302_4	F1174_4	44	1293	62	64
M302_4	F1612_4	44	1241	289	302
M302_4	F1978_4	44	1432	520	564
M302_4	F2449_4	44	1201	63	71
M302_4	F317_4	44	1177	58	63
M302_4	F410_4	44	1233	327	360
M302_4	F965_4	44	1298	233	254
M302_4	M161_4	44	1180	93	107
M302_4	M1991_4	44	1262	393	420
M302_4	M2252_4	44	1188	131	139
M302_4	M263_4	44	1270	77	84
M302_4	M704_4	44	1288	46	50
M302_4	M923_4	44	1303	798	849
M704_4	F1174_4	44	1508	91	91
M704_4	F1612_4	44	1156	287	287
M704_4	F1978_4	44	1237	506	506
M704_4	F2449_4	44	1288	77	77
M704_4	F317_4	44	1091	78	78
M704_4	F410_4	44	1218	313	313
M704_4	F965_4	44	1070	209	209
M704_4	M161_4	44	1229	112	112
M704_4	M1991_4	44	1275	427	427
M704_4	M2252_4	44	1300	158	158
M704_4	M263_4	44	1314	98	98
M704_4	M302_4	44	1288	67	67
M704_4	M923_4	44	1151	741	741
M923_4	F1174_4	44	1189	1040	1287
M923_4	F1612_4	44	1345	1323	1653
M923_4	F1978_4	44	1284	1270	1610
M923_4	F2449_4	44	1305	1154	1442
M923_4	F317_4	44	1199	1053	1323
M923_4	F410_4	44	1263	1237	1515
M923_4	F965_4	44	1344	1307	1647
M923_4	M161_4	44	1386	1267	1590
M923_4	M1991_4	44	1249	1224	1533
M923_4	M2252_4	44	1247	1182	1456
M923_4	M263_4	44	1345	1219	1558
M923_4	M302_4	44	1303	1150	1420
M923_4	M704_4	44	1151	979	1224
F1181_4	F1560_4	45	1332	993	1228
F1181_4	F2149_4	45	1400	160	203
F1181_4	F2475_4	45	1251	337	431
F1181_4	F2486_4	45	1267	1216	1538
F1181_4	F513_4	45	1268	83	115
F1181_4	M1213_4	45	1376	580	758
F1181_4	M1260_4	45	1169	521	645
F1181_4	M1485_4	45	1251	520	664
F1181_4	M2015_4	45	1259	841	1045
F1181_4	M2668_4	45	1265	301	369
F1181_4	M271_4	45	1142	67	80
F1181_4	M816_4	45	1306	545	662
F1181_4	M861_4	45	1251	961	1202
F1560_4	F1181_4	45	1332	1279	1279
F1560_4	F2149_4	45	1258	325	325
F1560_4	F2475_4	45	1180	622	622
F1560_4	F2486_4	45	1405	1389	1389
F1560_4	F513_4	45	1239	215	215
F1560_4	M1213_4	45	1232	868	868
F1560_4	M1260_4	45	1203	840	840
F1560_4	M1485_4	45	1295	866	866
F1560_4	M2015_4	45	1282	1120	1120
F1560_4	M2668_4	45	1200	602	602
F1560_4	M271_4	45	1193	186	186
F1560_4	M816_4	45	1255	849	849
F1560_4	M861_4	45	1332	1218	1218
F2149_4	F1181_4	45	1400	1279	1279
F2149_4	F1560_4	45	1258	912	912
F2149_4	F2475_4	45	1456	412	412
F2149_4	F2486_4	45	1331	1276	1276
F2149_4	F513_4	45	1249	92	92
F2149_4	M1213_4	45	1217	513	513
F2149_4	M1260_4	45	1263	528	528
F2149_4	M1485_4	45	1317	551	551
F2149_4	M2015_4	45	1289	879	879
F2149_4	M2668_4	45	1479	347	347
F2149_4	M271_4	45	1357	80	80
F2149_4	M816_4	45	1236	487	487
F2149_4	M861_4	45	1185	914	914
F2475_4	F1181_4	45	1251	1240	1240
F2475_4	F1560_4	45	1180	1156	1156
F2475_4	F2149_4	45	1456	884	884
F2475_4	F2486_4	45	1296	1292	1292
F2475_4	F513_4	45	1274	683	683
F2475_4	M1213_4	45	1226	1119	1119
F2475_4	M1260_4	45	1274	1190	1190
F2475_4	M1485_4	45	1275	1167	1167
F2475_4	M2015_4	45	1235	1203	1203
F2475_4	M2668_4	45	1261	1053	1053
F2475_4	M271_4	45	1298	687	687
F2475_4	M816_4	45	1159	1051	1051
F2475_4	M861_4	45	1266	1236	1236
F2486_4	F1181_4	45	1267	1035	1035
F2486_4	F1560_4	45	1405	837	837
F2486_4	F2149_4	45	1331	69	69
F2486_4	F2475_4	45	1296	212	212
F2486_4	F513_4	45	1247	40	40
F2486_4	M1213_4	45	1255	325	325
F2486_4	M1260_4	45	1276	336	336
F2486_4	M1485_4	45	1337	394	394
F2486_4	M2015_4	45	1245	664	664
F2486_4	M2668_4	45	1190	189	189
F2486_4	M271_4	45	1320	48	48
F2486_4	M816_4	45	1270	312	312
F2486_4	M861_4	45	1187	759	759
F513_4	F1181_4	45	1268	1216	4563
F513_4	F1560_4	45	1239	1113	4214
F513_4	F2149_4	45	1249	340	1248
F513_4	F2475_4	45	1274	693	2591
F513_4	F2486_4	45	1247	1230	4551
F513_4	M1213_4	45	1203	848	3130
F513_4	M1260_4	45	1387	967	3562
F513_4	M1485_4	45	1379	943	3420
F513_4	M2015_4	45	1092	942	3430
F513_4	M2668_4	45	1286	659	2403
F513_4	M271_4	45	1162	211	754
F513_4	M816_4	45	1259	856	3223
F513_4	M861_4	45	1322	1213	4549
M1213_4	F1181_4	45	1376	1163	1847
M1213_4	F1560_4	45	1232	764	1213
M1213_4	F2149_4	45	1217	77	124
M1213_4	F2475_4	45	1226	220	338
M1213_4	F2486_4	45	1255	1167	1845
M1213_4	F513_4	45	1203	48	75
M1213_4	M1260_4	45	1137	357	571
M1213_4	M1485_4	45	1327	393	654
M1213_4	M2015_4	45	1343	755	1184
M1213_4	M2668_4	45	1261	195	310
M1213_4	M271_4	45	1228	39	57
M1213_4	M816_4	45	1455	446	696
M1213_4	M861_4	45	1303	853	1340
M1260_4	F1181_4	45	1169	1157	2175
M1260_4	F1560_4	45	1203	1152	2124
M1260_4	F2149_4	45	1263	680	1180
M1260_4	F2475_4	45	1274	1001	1827
M1260_4	F2486_4	45	1276	1270	2274
M1260_4	F513_4	45	1387	625	1144
M1260_4	M1213_4	45	1137	986	1844
M1260_4	M1485_4	45	1095	959	1729
M1260_4	M2015_4	45	1322	1258	2295
M1260_4	M2668_4	45	1237	946	1697
M1260_4	M271_4	45	1301	485	900
M1260_4	M816_4	45	1121	963	1741
M1260_4	M861_4	45	1181	1148	2049
M1485_4	F1181_4	45	1251	1224	1224
M1485_4	F1560_4	45	1295	1223	1223
M1485_4	F2149_4	45	1317	510	510
M1485_4	F2475_4	45	1275	861	861
M1485_4	F2486_4	45	1337	1328	1328
M1485_4	F513_4	45	1379	475	475
M1485_4	M1213_4	45	1327	1102	1102
M1485_4	M1260_4	45	1095	907	907
M1485_4	M2015_4	45	1278	1183	1183
M1485_4	M2668_4	45	1337	873	873
M1485_4	M271_4	45	1250	393	393
M1485_4	M816_4	45	1096	868	868
M1485_4	M861_4	45	1200	1150	1150
M2015_4	F1181_4	45	1259	1250	3613
M2015_4	F1560_4	45	1282	1252	3514
M2015_4	F2149_4	45	1289	820	2465
M2015_4	F2475_4	45	1235	1059	3091
M2015_4	F2486_4	45	1245	1242	3487
M2015_4	F513_4	45	1092	627	1824
M2015_4	M1213_4	45	1343	1234	3510
M2015_4	M1260_4	45	1322	1215	3416
M2015_4	M1485_4	45	1278	1175	3300
M2015_4	M2668_4	45	1161	967	2723
M2015_4	M271_4	45	1298	669	1962
M2015_4	M816_4	45	1186	1079	3121
M2015_4	M861_4	45	1193	1167	3412
M2668_4	F1181_4	45	1265	1227	1227
M2668_4	F1560_4	45	1200	1058	1058
M2668_4	F2149_4	45	1479	369	369
M2668_4	F2475_4	45	1261	638	638
M2668_4	F2486_4	45	1190	1171	1171
M2668_4	F513_4	45	1286	234	234
M2668_4	M1213_4	45	1261	842	842
M2668_4	M1260_4	45	1237	825	825
M2668_4	M1485_4	45	1337	912	912
M2668_4	M2015_4	45	1161	979	979
M2668_4	M271_4	45	1211	196	196
M2668_4	M816_4	45	1084	688	688
M2668_4	M861_4	45	1188	1060	1060
M271_4	F1181_4	45	1142	1128	1128
M271_4	F1560_4	45	1193	1119	1119
M271_4	F2149_4	45	1357	541	541
M271_4	F2475_4	45	1298	877	877
M271_4	F2486_4	45	1320	1313	1313
M271_4	F513_4	45	1162	382	382
M271_4	M1213_4	45	1228	1004	1004
M271_4	M1260_4	45	1301	1051	1051
M271_4	M1485_4	45	1250	1007	1007
M271_4	M2015_4	45	1298	1196	1196
M271_4	M2668_4	45	1211	784	784
M271_4	M816_4	45	1117	910	910
M271_4	M861_4	45	1205	1149	1149
M816_4	F1181_4	45	1306	1184	1732
M816_4	F1560_4	45	1255	918	1348
M816_4	F2149_4	45	1236	133	179
M816_4	F2475_4	45	1159	340	474
M816_4	F2486_4	45	1270	1222	1817
M816_4	F513_4	45	1259	113	181
M816_4	M1213_4	45	1455	639	954
M816_4	M1260_4	45	1121	531	774
M816_4	M1485_4	45	1096	473	686
M816_4	M2015_4	45	1186	858	1282
M816_4	M2668_4	45	1084	303	439
M816_4	M271_4	45	1117	62	94
M816_4	M861_4	45	1258	1020	1474
M861_4	F1181_4	45	1251	1240	1240
M861_4	F1560_4	45	1332	1304	1304
M861_4	F2149_4	45	1185	743	743
M861_4	F2475_4	45	1266	1081	1081
M861_4	F2486_4	45	1187	1183	1183
M861_4	F513_4	45	1322	728	728
M861_4	M1213_4	45	1303	1206	1206
M861_4	M1260_4	45	1181	1085	1085
M861_4	M1485_4	45	1200	1087	1087
M861_4	M2015_4	45	1193	1156	1156
M861_4	M2668_4	45	1188	989	989
M861_4	M271_4	45	1205	643	643
M861_4	M816_4	45	1258	1159	1159
F1172_4	F1418_4	46	1302	1297	1297
F1172_4	F1659_4	46	1284	1277	1277
F1172_4	F1705_4	46	1227	1077	1077
F1172_4	F2764_4	46	1326	1301	1301
F1172_4	F554_4	46	1223	1197	1197
F1172_4	M1140_4	46	1187	1082	1082
F1172_4	M1235_4	46	1337	1024	1024
F1172_4	M1584_4	46	1230	1222	1222
F1172_4	M2190_4	46	1282	1243	1243
F1172_4	M2693_4	46	1249	1209	1209
F1172_4	M2708_4	46	1582	1572	1572
F1172_4	M2710_4	46	1334	1326	1326
F1172_4	M614_4	46	1149	1137	1137
F1418_4	F1172_4	46	1302	133	354
F1418_4	F1659_4	46	1252	1160	3205
F1418_4	F1705_4	46	1294	349	960
F1418_4	F2764_4	46	1074	835	2321
F1418_4	F554_4	46	1319	909	2406
F1418_4	M1140_4	46	1193	416	1172
F1418_4	M1235_4	46	1171	182	485
F1418_4	M1584_4	46	1249	1087	2982
F1418_4	M2190_4	46	1216	751	2002
F1418_4	M2693_4	46	1132	703	1881
F1418_4	M2708_4	46	1232	1129	3194
F1418_4	M2710_4	46	1279	1120	3083
F1418_4	M614_4	46	1355	1151	3046
F1659_4	F1172_4	46	1284	89	89
F1659_4	F1418_4	46	1252	1112	1112
F1659_4	F1705_4	46	1283	288	288
F1659_4	F2764_4	46	1283	908	908
F1659_4	F554_4	46	1317	807	807
F1659_4	M1140_4	46	1253	336	336
F1659_4	M1235_4	46	1220	134	134
F1659_4	M1584_4	46	1303	1086	1086
F1659_4	M2190_4	46	1128	616	616
F1659_4	M2693_4	46	1416	713	713
F1659_4	M2708_4	46	1410	1231	1231
F1659_4	M2710_4	46	1264	1037	1037
F1659_4	M614_4	46	1214	976	976
F1705_4	F1172_4	46	1227	239	402
F1705_4	F1418_4	46	1294	1233	2038
F1705_4	F1659_4	46	1283	1243	1990
F1705_4	F2764_4	46	1300	1148	1886
F1705_4	F554_4	46	1196	996	1597
F1705_4	M1140_4	46	1242	700	1125
F1705_4	M1235_4	46	1151	378	628
F1705_4	M1584_4	46	1304	1229	2000
F1705_4	M2190_4	46	1254	1013	1682
F1705_4	M2693_4	46	1320	1062	1749
F1705_4	M2708_4	46	1267	1206	1966
F1705_4	M2710_4	46	1235	1171	1881
F1705_4	M614_4	46	1307	1231	2036
F2764_4	F1172_4	46	1326	95	295
F2764_4	F1418_4	46	1074	951	3019
F2764_4	F1659_4	46	1283	1145	3469
F2764_4	F1705_4	46	1300	296	938
F2764_4	F554_4	46	1231	790	2408
F2764_4	M1140_4	46	1340	375	1178
F2764_4	M1235_4	46	1376	169	525
F2764_4	M1584_4	46	1140	958	2992
F2764_4	M2190_4	46	1128	653	1986
F2764_4	M2693_4	46	1140	607	1921
F2764_4	M2708_4	46	1326	1164	3634
F2764_4	M2710_4	46	1155	983	3072
F2764_4	M614_4	46	1202	1009	3136
F554_4	F1172_4	46	1223	6	8
F554_4	F1418_4	46	1319	517	853
F554_4	F1659_4	46	1317	540	905
F554_4	F1705_4	46	1196	35	51
F554_4	F2764_4	46	1231	226	359
F554_4	M1140_4	46	1411	42	69
F554_4	M1235_4	46	1341	18	28
F554_4	M1584_4	46	1281	402	655
F554_4	M2190_4	46	1307	135	230
F554_4	M2693_4	46	1362	135	211
F554_4	M2708_4	46	1217	442	752
F554_4	M2710_4	46	1210	410	692
F554_4	M614_4	46	1270	397	674
M1140_4	F1172_4	46	1187	156	159
M1140_4	F1418_4	46	1193	1113	1145
M1140_4	F1659_4	46	1253	1177	1218
M1140_4	F1705_4	46	1242	428	448
M1140_4	F2764_4	46	1340	1080	1112
M1140_4	F554_4	46	1411	1070	1100
M1140_4	M1235_4	46	1159	233	237
M1140_4	M1584_4	46	1182	1074	1095
M1140_4	M2190_4	46	1215	837	859
M1140_4	M2693_4	46	1252	850	871
M1140_4	M2708_4	46	1224	1142	1166
M1140_4	M2710_4	46	1177	1077	1103
M1140_4	M614_4	46	1171	1065	1098
M1235_4	F1172_4	46	1337	102	102
M1235_4	F1418_4	46	1171	1033	1033
M1235_4	F1659_4	46	1220	1078	1078
M1235_4	F1705_4	46	1151	248	248
M1235_4	F2764_4	46	1376	961	961
M1235_4	F554_4	46	1341	843	843
M1235_4	M1140_4	46	1159	308	308
M1235_4	M1584_4	46	1221	1018	1018
M1235_4	M2190_4	46	1305	726	726
M1235_4	M2693_4	46	1246	678	678
M1235_4	M2708_4	46	1334	1172	1172
M1235_4	M2710_4	46	1274	1071	1071
M1235_4	M614_4	46	1151	960	960
M1584_4	F1172_4	46	1230	53	53
M1584_4	F1418_4	46	1249	1054	1054
M1584_4	F1659_4	46	1303	1095	1095
M1584_4	F1705_4	46	1304	194	194
M1584_4	F2764_4	46	1140	704	704
M1584_4	F554_4	46	1281	672	672
M1584_4	M1140_4	46	1182	211	211
M1584_4	M1235_4	46	1221	114	114
M1584_4	M2190_4	46	1252	586	586
M1584_4	M2693_4	46	1345	575	575
M1584_4	M2708_4	46	1264	1061	1061
M1584_4	M2710_4	46	1262	983	983
M1584_4	M614_4	46	1361	1043	1043
M2190_4	F1172_4	46	1282	776	1858
M2190_4	F1418_4	46	1216	1210	2893
M2190_4	F1659_4	46	1128	1119	2674
M2190_4	F1705_4	46	1254	1035	2493
M2190_4	F2764_4	46	1128	1103	2638
M2190_4	F554_4	46	1307	1262	2960
M2190_4	M1140_4	46	1215	1061	2515
M2190_4	M1235_4	46	1305	946	2334
M2190_4	M1584_4	46	1252	1239	2964
M2190_4	M2693_4	46	1206	1152	2802
M2190_4	M2708_4	46	1157	1149	2759
M2190_4	M2710_4	46	1132	1122	2712
M2190_4	M614_4	46	1402	1382	3224
M2693_4	F1172_4	46	1249	611	1396
M2693_4	F1418_4	46	1132	1119	2450
M2693_4	F1659_4	46	1416	1395	3085
M2693_4	F1705_4	46	1320	960	2118
M2693_4	F2764_4	46	1140	1108	2477
M2693_4	F554_4	46	1362	1283	2806
M2693_4	M1140_4	46	1252	1029	2317
M2693_4	M1235_4	46	1246	785	1820
M2693_4	M1584_4	46	1345	1320	2875
M2693_4	M2190_4	46	1206	1127	2498
M2693_4	M2708_4	46	1163	1143	2508
M2693_4	M2710_4	46	1204	1185	2652
M2693_4	M614_4	46	1397	1377	3060
M2708_4	F1172_4	46	1582	156	156
M2708_4	F1418_4	46	1232	1110	1110
M2708_4	F1659_4	46	1410	1283	1283
M2708_4	F1705_4	46	1267	386	386
M2708_4	F2764_4	46	1326	1006	1006
M2708_4	F554_4	46	1217	859	859
M2708_4	M1140_4	46	1224	436	436
M2708_4	M1235_4	46	1334	233	233
M2708_4	M1584_4	46	1264	1103	1103
M2708_4	M2190_4	46	1157	741	741
M2708_4	M2693_4	46	1163	712	712
M2708_4	M2710_4	46	1264	1122	1122
M2708_4	M614_4	46	1125	983	983
M2710_4	F1172_4	46	1334	465	465
M2710_4	F1418_4	46	1279	1255	1255
M2710_4	F1659_4	46	1264	1243	1243
M2710_4	F1705_4	46	1235	773	773
M2710_4	F2764_4	46	1155	1075	1075
M2710_4	F554_4	46	1210	1134	1134
M2710_4	M1140_4	46	1177	845	845
M2710_4	M1235_4	46	1274	645	645
M2710_4	M1584_4	46	1262	1226	1226
M2710_4	M2190_4	46	1132	1016	1016
M2710_4	M2693_4	46	1204	1047	1047
M2710_4	M2708_4	46	1264	1242	1242
M2710_4	M614_4	46	1145	1111	1111
M614_4	F1172_4	46	1149	9	9
M614_4	F1418_4	46	1355	509	509
M614_4	F1659_4	46	1214	494	494
M614_4	F1705_4	46	1307	25	25
M614_4	F2764_4	46	1202	202	202
M614_4	F554_4	46	1270	165	165
M614_4	M1140_4	46	1171	31	31
M614_4	M1235_4	46	1151	23	23
M614_4	M1584_4	46	1361	375	375
M614_4	M2190_4	46	1402	140	140
M614_4	M2693_4	46	1397	116	116
M614_4	M2708_4	46	1125	395	395
M614_4	M2710_4	46	1145	375	375
F1113_4	F1315_4	47	1231	223	223
F1113_4	F1402_4	47	1220	353	353
F1113_4	F1508_4	47	1208	794	794
F1113_4	F1725_4	47	1199	205	205
F1113_4	F1782_4	47	1169	241	241
F1113_4	F2748_4	47	1175	1008	1008
F1113_4	F83_4	47	1238	237	237
F1113_4	M111_4	47	1292	658	658
F1113_4	M1195_4	47	1346	310	310
F1113_4	M1239_4	47	1384	287	287
F1113_4	M2486_4	47	1213	574	574
F1113_4	M470_4	47	1301	909	909
F1113_4	M489_4	47	1313	276	276
F1315_4	F1113_4	47	1231	1012	2204
F1315_4	F1402_4	47	1278	550	1197
F1315_4	F1508_4	47	1185	971	2140
F1315_4	F1725_4	47	1272	385	818
F1315_4	F1782_4	47	1125	395	920
F1315_4	F2748_4	47	1297	1213	2635
F1315_4	F83_4	47	1317	414	875
F1315_4	M111_4	47	1142	729	1587
F1315_4	M1195_4	47	1216	440	963
F1315_4	M1239_4	47	1400	467	1008
F1315_4	M2486_4	47	1173	738	1649
F1315_4	M470_4	47	1217	1025	2153
F1315_4	M489_4	47	1246	414	911
F1402_4	F1113_4	47	1220	851	851
F1402_4	F1315_4	47	1278	229	229
F1402_4	F1508_4	47	1317	909	909
F1402_4	F1725_4	47	1349	208	208
F1402_4	F1782_4	47	1169	298	298
F1402_4	F2748_4	47	1125	982	982
F1402_4	F83_4	47	1249	230	230
F1402_4	M111_4	47	1439	742	742
F1402_4	M1195_4	47	1153	292	292
F1402_4	M1239_4	47	1085	249	249
F1402_4	M2486_4	47	1243	608	608
F1402_4	M470_4	47	1134	837	837
F1402_4	M489_4	47	1256	253	253
F1508_4	F1113_4	47	1208	835	1380
F1508_4	F1315_4	47	1185	244	401
F1508_4	F1402_4	47	1317	361	607
F1508_4	F1725_4	47	1264	220	352
F1508_4	F1782_4	47	1469	325	521
F1508_4	F2748_4	47	1226	1049	1765
F1508_4	F83_4	47	1161	210	368
F1508_4	M111_4	47	1378	664	1075
F1508_4	M1195_4	47	1324	298	486
F1508_4	M1239_4	47	1292	251	395
F1508_4	M2486_4	47	1322	637	1060
F1508_4	M470_4	47	1314	952	1565
F1508_4	M489_4	47	1170	232	394
F1725_4	F1113_4	47	1199	1060	1060
F1725_4	F1315_4	47	1272	570	570
F1725_4	F1402_4	47	1349	729	729
F1725_4	F1508_4	47	1264	1107	1107
F1725_4	F1782_4	47	1370	649	649
F1725_4	F2748_4	47	1165	1114	1114
F1725_4	F83_4	47	1332	592	592
F1725_4	M111_4	47	1277	952	952
F1725_4	M1195_4	47	1225	605	605
F1725_4	M1239_4	47	1273	612	612
F1725_4	M2486_4	47	1327	1026	1026
F1725_4	M470_4	47	1131	1018	1018
F1725_4	M489_4	47	1399	635	635
F1782_4	F1113_4	47	1169	979	979
F1782_4	F1315_4	47	1125	383	383
F1782_4	F1402_4	47	1169	547	547
F1782_4	F1508_4	47	1469	1202	1202
F1782_4	F1725_4	47	1370	428	428
F1782_4	F2748_4	47	1132	1063	1063
F1782_4	F83_4	47	1334	439	439
F1782_4	M111_4	47	1269	860	860
F1782_4	M1195_4	47	1204	479	479
F1782_4	M1239_4	47	1248	431	431
F1782_4	M2486_4	47	1278	865	865
F1782_4	M470_4	47	1189	990	990
F1782_4	M489_4	47	1149	423	423
F2748_4	F1113_4	47	1175	530	530
F2748_4	F1315_4	47	1297	123	123
F2748_4	F1402_4	47	1125	149	149
F2748_4	F1508_4	47	1226	572	572
F2748_4	F1725_4	47	1165	91	91
F2748_4	F1782_4	47	1132	94	94
F2748_4	F83_4	47	1402	110	110
F2748_4	M111_4	47	1223	308	308
F2748_4	M1195_4	47	1230	127	127
F2748_4	M1239_4	47	1254	123	123
F2748_4	M2486_4	47	1157	330	330
F2748_4	M470_4	47	1240	627	627
F2748_4	M489_4	47	1266	132	132
F83_4	F1113_4	47	1238	416	416
F83_4	F1315_4	47	1317	51	51
F83_4	F1402_4	47	1249	100	100
F83_4	F1508_4	47	1161	330	330
F83_4	F1725_4	47	1332	51	51
F83_4	F1782_4	47	1334	70	70
F83_4	F2748_4	47	1402	811	811
F83_4	M111_4	47	1177	185	185
F83_4	M1195_4	47	1150	61	61
F83_4	M1239_4	47	1288	63	63
F83_4	M2486_4	47	1169	165	165
F83_4	M470_4	47	1165	350	350
F83_4	M489_4	47	1265	56	56
M111_4	F1113_4	47	1292	1254	1254
M111_4	F1315_4	47	1142	889	889
M111_4	F1402_4	47	1439	1258	1258
M111_4	F1508_4	47	1378	1344	1344
M111_4	F1725_4	47	1277	939	939
M111_4	F1782_4	47	1269	1033	1033
M111_4	F2748_4	47	1223	1213	1213
M111_4	F83_4	47	1177	891	891
M111_4	M1195_4	47	1301	1046	1046
M111_4	M1239_4	47	1259	967	967
M111_4	M2486_4	47	1144	1068	1068
M111_4	M470_4	47	1296	1250	1250
M111_4	M489_4	47	1344	1089	1089
M1195_4	F1113_4	47	1346	1076	1312
M1195_4	F1315_4	47	1216	320	387
M1195_4	F1402_4	47	1153	437	543
M1195_4	F1508_4	47	1324	981	1229
M1195_4	F1725_4	47	1225	291	362
M1195_4	F1782_4	47	1204	334	430
M1195_4	F2748_4	47	1230	1103	1359
M1195_4	F83_4	47	1150	293	354
M1195_4	M111_4	47	1301	752	969
M1195_4	M1239_4	47	1274	327	421
M1195_4	M2486_4	47	1198	684	858
M1195_4	M470_4	47	1244	982	1235
M1195_4	M489_4	47	1258	381	471
M1239_4	F1113_4	47	1384	1222	2701
M1239_4	F1315_4	47	1400	618	1324
M1239_4	F1402_4	47	1085	633	1362
M1239_4	F1508_4	47	1292	1128	2488
M1239_4	F1725_4	47	1273	520	1166
M1239_4	F1782_4	47	1248	615	1328
M1239_4	F2748_4	47	1254	1200	2632
M1239_4	F83_4	47	1288	546	1227
M1239_4	M111_4	47	1259	970	2164
M1239_4	M1195_4	47	1274	684	1528
M1239_4	M2486_4	47	1277	975	2086
M1239_4	M470_4	47	1474	1318	2844
M1239_4	M489_4	47	1115	513	1102
M2486_4	F1113_4	47	1213	562	619
M2486_4	F1315_4	47	1173	91	102
M2486_4	F1402_4	47	1243	160	182
M2486_4	F1508_4	47	1322	576	639
M2486_4	F1725_4	47	1327	90	104
M2486_4	F1782_4	47	1278	113	124
M2486_4	F2748_4	47	1157	834	935
M2486_4	F83_4	47	1169	103	105
M2486_4	M111_4	47	1144	301	339
M2486_4	M1195_4	47	1198	113	118
M2486_4	M1239_4	47	1277	98	102
M2486_4	M470_4	47	1305	637	705
M2486_4	M489_4	47	1243	122	132
M470_4	F1113_4	47	1301	918	918
M470_4	F1315_4	47	1217	247	247
M470_4	F1402_4	47	1134	340	340
M470_4	F1508_4	47	1314	894	894
M470_4	F1725_4	47	1131	193	193
M470_4	F1782_4	47	1189	285	285
M470_4	F2748_4	47	1240	1073	1073
M470_4	F83_4	47	1165	240	240
M470_4	M111_4	47	1296	680	680
M470_4	M1195_4	47	1244	297	297
M470_4	M1239_4	47	1474	327	327
M470_4	M2486_4	47	1305	674	674
M470_4	M489_4	47	1226	250	250
M489_4	F1113_4	47	1313	1047	1047
M489_4	F1315_4	47	1246	356	356
M489_4	F1402_4	47	1256	505	505
M489_4	F1508_4	47	1170	908	908
M489_4	F1725_4	47	1399	399	399
M489_4	F1782_4	47	1149	384	384
M489_4	F2748_4	47	1266	1178	1178
M489_4	F83_4	47	1265	362	362
M489_4	M111_4	47	1344	824	824
M489_4	M1195_4	47	1258	423	423
M489_4	M1239_4	47	1115	352	352
M489_4	M2486_4	47	1243	780	780
M489_4	M470_4	47	1226	987	987
F117_4	F1442_4	48	1293	280	735
F117_4	F1445_4	48	1488	153	402
F117_4	F1500_4	48	1259	381	1006
F117_4	F1776_4	48	1242	185	471
F117_4	F2118_4	48	1372	14	44
F117_4	F2680_4	48	1318	408	1088
F117_4	F292_4	48	1244	83	209
F117_4	F989_4	48	1347	792	2066
F117_4	M1448_4	48	1307	173	435
F117_4	M2296_4	48	1315	115	320
F117_4	M2403_4	48	1183	100	266
F117_4	M640_4	48	1257	292	727
F117_4	M88_4	48	1350	1187	3192
F1442_4	F117_4	48	1293	1211	1464
F1442_4	F1445_4	48	1188	675	832
F1442_4	F1500_4	48	1258	1044	1266
F1442_4	F1776_4	48	1367	800	966
F1442_4	F2118_4	48	1292	127	148
F1442_4	F2680_4	48	1224	992	1196
F1442_4	F292_4	48	1166	471	581
F1442_4	F989_4	48	1261	1186	1438
F1442_4	M1448_4	48	1241	783	931
F1442_4	M2296_4	48	1204	531	640
F1442_4	M2403_4	48	1344	599	739
F1442_4	M640_4	48	1281	1001	1229
F1442_4	M88_4	48	1299	1275	1501
F1445_4	F117_4	48	1488	190	190
F1445_4	F1442_4	48	1188	37	37
F1445_4	F1500_4	48	1039	41	41
F1445_4	F1776_4	48	1159	18	18
F1445_4	F2118_4	48	1312	1	1
F1445_4	F2680_4	48	1122	32	32
F1445_4	F292_4	48	1254	6	6
F1445_4	F989_4	48	1351	138	138
F1445_4	M1448_4	48	1213	17	17
F1445_4	M2296_4	48	1179	7	7
F1445_4	M2403_4	48	1337	6	6
F1445_4	M640_4	48	1198	25	25
F1445_4	M88_4	48	1498	586	586
F1500_4	F117_4	48	1259	1193	1193
F1500_4	F1442_4	48	1258	1014	1014
F1500_4	F1445_4	48	1039	671	671
F1500_4	F1776_4	48	1241	836	836
F1500_4	F2118_4	48	1180	110	110
F1500_4	F2680_4	48	1194	1041	1041
F1500_4	F292_4	48	1159	556	556
F1500_4	F989_4	48	1272	1189	1189
F1500_4	M1448_4	48	1238	855	855
F1500_4	M2296_4	48	1314	664	664
F1500_4	M2403_4	48	1377	680	680
F1500_4	M640_4	48	1183	950	950
F1500_4	M88_4	48	1334	1317	1317
F1776_4	F117_4	48	1242	1235	1235
F1776_4	F1442_4	48	1367	1329	1329
F1776_4	F1445_4	48	1159	1067	1067
F1776_4	F1500_4	48	1241	1213	1213
F1776_4	F2118_4	48	1223	627	627
F1776_4	F2680_4	48	1320	1298	1298
F1776_4	F292_4	48	1273	1097	1097
F1776_4	F989_4	48	1296	1286	1286
F1776_4	M1448_4	48	1264	1192	1192
F1776_4	M2296_4	48	1175	1065	1065
F1776_4	M2403_4	48	1183	1054	1054
F1776_4	M640_4	48	1305	1273	1273
F1776_4	M88_4	48	1369	1368	1368
F2118_4	F117_4	48	1372	1278	3275
F2118_4	F1442_4	48	1292	903	2307
F2118_4	F1445_4	48	1312	600	1542
F2118_4	F1500_4	48	1180	924	2439
F2118_4	F1776_4	48	1223	661	1683
F2118_4	F2680_4	48	1221	968	2485
F2118_4	F292_4	48	1186	386	1029
F2118_4	F989_4	48	1442	1304	3418
F2118_4	M1448_4	48	1158	653	1726
F2118_4	M2296_4	48	1259	488	1274
F2118_4	M2403_4	48	1426	542	1426
F2118_4	M640_4	48	1170	803	2112
F2118_4	M88_4	48	1222	1205	3101
F2680_4	F117_4	48	1318	1161	2943
F2680_4	F1442_4	48	1224	673	1695
F2680_4	F1445_4	48	1122	404	1024
F2680_4	F1500_4	48	1194	833	2141
F2680_4	F1776_4	48	1320	553	1432
F2680_4	F2118_4	48	1221	40	91
F2680_4	F292_4	48	1178	260	688
F2680_4	F989_4	48	1236	1067	2687
F2680_4	M1448_4	48	1125	466	1217
F2680_4	M2296_4	48	1185	305	797
F2680_4	M2403_4	48	1150	278	715
F2680_4	M640_4	48	1262	742	1846
F2680_4	M88_4	48	1271	1224	3117
F292_4	F117_4	48	1244	848	1764
F292_4	F1442_4	48	1166	348	710
F292_4	F1445_4	48	1254	198	428
F292_4	F1500_4	48	1159	497	1002
F292_4	F1776_4	48	1273	226	434
F292_4	F2118_4	48	1186	23	49
F292_4	F2680_4	48	1178	421	854
F292_4	F989_4	48	1277	798	1630
F292_4	M1448_4	48	1353	243	491
F292_4	M2296_4	48	1271	115	248
F292_4	M2403_4	48	1293	137	304
F292_4	M640_4	48	1194	351	697
F292_4	M88_4	48	1261	1150	2339
F989_4	F117_4	48	1347	983	3268
F989_4	F1442_4	48	1261	422	1448
F989_4	F1445_4	48	1351	245	921
F989_4	F1500_4	48	1272	577	1952
F989_4	F1776_4	48	1296	246	823
F989_4	F2118_4	48	1442	22	94
F989_4	F2680_4	48	1236	535	1789
F989_4	F292_4	48	1277	134	480
F989_4	M1448_4	48	1227	292	973
F989_4	M2296_4	48	1167	136	492
F989_4	M2403_4	48	1294	150	512
F989_4	M640_4	48	1101	395	1374
F989_4	M88_4	48	1341	1230	4162
M1448_4	F117_4	48	1307	1161	1161
M1448_4	F1442_4	48	1241	705	705
M1448_4	F1445_4	48	1213	454	454
M1448_4	F1500_4	48	1238	839	839
M1448_4	F1776_4	48	1264	543	543
M1448_4	F2118_4	48	1158	43	43
M1448_4	F2680_4	48	1125	751	751
M1448_4	F292_4	48	1353	312	312
M1448_4	F989_4	48	1227	1066	1066
M1448_4	M2296_4	48	1219	308	308
M1448_4	M2403_4	48	1151	295	295
M1448_4	M640_4	48	1322	733	733
M1448_4	M88_4	48	1160	1113	1113
M2296_4	F117_4	48	1315	996	996
M2296_4	F1442_4	48	1204	469	469
M2296_4	F1445_4	48	1179	265	265
M2296_4	F1500_4	48	1314	684	684
M2296_4	F1776_4	48	1175	312	312
M2296_4	F2118_4	48	1259	26	26
M2296_4	F2680_4	48	1185	597	597
M2296_4	F292_4	48	1271	176	176
M2296_4	F989_4	48	1167	873	873
M2296_4	M1448_4	48	1219	323	323
M2296_4	M2403_4	48	1304	167	167
M2296_4	M640_4	48	1229	499	499
M2296_4	M88_4	48	1251	1163	1163
M2403_4	F117_4	48	1183	1088	2790
M2403_4	F1442_4	48	1344	895	2347
M2403_4	F1445_4	48	1337	609	1573
M2403_4	F1500_4	48	1377	1066	2729
M2403_4	F1776_4	48	1183	636	1643
M2403_4	F2118_4	48	1426	74	168
M2403_4	F2680_4	48	1150	868	2230
M2403_4	F292_4	48	1293	422	1093
M2403_4	F989_4	48	1294	1183	3027
M2403_4	M1448_4	48	1151	626	1612
M2403_4	M2296_4	48	1304	471	1176
M2403_4	M640_4	48	1188	848	2155
M2403_4	M88_4	48	1235	1210	3116
M640_4	F117_4	48	1257	712	712
M640_4	F1442_4	48	1281	237	237
M640_4	F1445_4	48	1198	108	108
M640_4	F1500_4	48	1183	345	345
M640_4	F1776_4	48	1305	122	122
M640_4	F2118_4	48	1170	5	5
M640_4	F2680_4	48	1262	299	299
M640_4	F292_4	48	1194	62	62
M640_4	F989_4	48	1101	542	542
M640_4	M1448_4	48	1322	146	146
M640_4	M2296_4	48	1229	59	59
M640_4	M2403_4	48	1188	64	64
M640_4	M88_4	48	1233	1025	1025
M88_4	F117_4	48	1350	623	1409
M88_4	F1442_4	48	1299	176	440
M88_4	F1445_4	48	1498	100	248
M88_4	F1500_4	48	1334	270	628
M88_4	F1776_4	48	1369	110	259
M88_4	F2118_4	48	1222	7	18
M88_4	F2680_4	48	1271	242	574
M88_4	F292_4	48	1261	52	125
M88_4	F989_4	48	1341	532	1248
M88_4	M1448_4	48	1160	89	224
M88_4	M2296_4	48	1251	49	125
M88_4	M2403_4	48	1235	43	102
M88_4	M640_4	48	1233	147	366
F1835_4	F187_4	49	1275	227	227
F1835_4	F1995_4	49	1162	145	145
F1835_4	F212_4	49	1281	681	681
F1835_4	F232_4	49	1278	301	301
F1835_4	F2546_4	49	1382	575	575
F1835_4	F746_4	49	1114	372	372
F1835_4	M1179_4	49	1273	486	486
F1835_4	M2497_4	49	1369	491	491
F1835_4	M2646_4	49	1267	58	58
F1835_4	M2761_4	49	1245	111	111
F1835_4	M374_4	49	1292	25	25
F1835_4	M580_4	49	1474	559	559
F1835_4	M819_4	49	1273	607	607
F187_4	F1835_4	49	1275	1065	1065
F187_4	F1995_4	49	1353	166	166
F187_4	F212_4	49	1195	553	553
F187_4	F232_4	49	1231	229	229
F187_4	F2546_4	49	1356	507	507
F187_4	F746_4	49	1391	435	435
F187_4	M1179_4	49	1301	434	434
F187_4	M2497_4	49	1326	381	381
F187_4	M2646_4	49	1151	47	47
F187_4	M2761_4	49	1234	91	91
F187_4	M374_4	49	1296	10	10
F187_4	M580_4	49	1206	424	424
F187_4	M819_4	49	1213	511	511
F1995_4	F1835_4	49	1162	1141	1141
F1995_4	F187_4	49	1353	867	867
F1995_4	F212_4	49	1295	1156	1156
F1995_4	F232_4	49	1471	995	995
F1995_4	F2546_4	49	1213	1009	1009
F1995_4	F746_4	49	1289	996	996
F1995_4	M1179_4	49	1249	1000	1000
F1995_4	M2497_4	49	1278	1036	1036
F1995_4	M2646_4	49	1271	323	323
F1995_4	M2761_4	49	1154	489	489
F1995_4	M374_4	49	1207	157	157
F1995_4	M580_4	49	1231	1016	1016
F1995_4	M819_4	49	1265	1080	1080
F212_4	F1835_4	49	1281	1213	2344
F212_4	F187_4	49	1195	507	971
F212_4	F1995_4	49	1295	447	885
F212_4	F232_4	49	1247	640	1233
F212_4	F2546_4	49	1274	901	1800
F212_4	F746_4	49	1250	794	1524
F212_4	M1179_4	49	1326	922	1756
F212_4	M2497_4	49	1177	751	1432
F212_4	M2646_4	49	1364	194	406
F212_4	M2761_4	49	1296	306	628
F212_4	M374_4	49	1193	84	165
F212_4	M580_4	49	1154	805	1536
F212_4	M819_4	49	1388	1032	1987
F232_4	F1835_4	49	1278	866	866
F232_4	F187_4	49	1231	94	94
F232_4	F1995_4	49	1471	76	76
F232_4	F212_4	49	1247	361	361
F232_4	F2546_4	49	1287	278	278
F232_4	F746_4	49	1134	185	185
F232_4	M1179_4	49	1198	237	237
F232_4	M2497_4	49	1184	205	205
F232_4	M2646_4	49	1101	18	18
F232_4	M2761_4	49	1154	49	49
F232_4	M374_4	49	1333	8	8
F232_4	M580_4	49	1313	253	253
F232_4	M819_4	49	1249	331	331
F2546_4	F1835_4	49	1382	1306	3199
F2546_4	F187_4	49	1356	553	1291
F2546_4	F1995_4	49	1213	379	896
F2546_4	F212_4	49	1274	981	2310
F2546_4	F232_4	49	1287	624	1498
F2546_4	F746_4	49	1339	843	2043
F2546_4	M1179_4	49	1329	914	2204
F2546_4	M2497_4	49	1063	687	1658
F2546_4	M2646_4	49	1360	182	445
F2546_4	M2761_4	49	1403	329	802
F2546_4	M374_4	49	1278	83	189
F2546_4	M580_4	49	1201	818	1982
F2546_4	M819_4	49	1368	1004	2421
F746_4	F1835_4	49	1114	1097	1097
F746_4	F187_4	49	1391	967	967
F746_4	F1995_4	49	1289	795	795
F746_4	F212_4	49	1250	1137	1137
F746_4	F232_4	49	1134	847	847
F746_4	F2546_4	49	1339	1172	1172
F746_4	M1179_4	49	1330	1153	1153
F746_4	M2497_4	49	1136	987	987
F746_4	M2646_4	49	1331	481	481
F746_4	M2761_4	49	1291	657	657
F746_4	M374_4	49	1357	242	242
F746_4	M580_4	49	1140	993	993
F746_4	M819_4	49	1165	1049	1049
M1179_4	F1835_4	49	1273	630	630
M1179_4	F187_4	49	1301	42	42
M1179_4	F1995_4	49	1249	27	27
M1179_4	F212_4	49	1326	198	198
M1179_4	F232_4	49	1198	39	39
M1179_4	F2546_4	49	1329	110	110
M1179_4	F746_4	49	1330	85	85
M1179_4	M2497_4	49	1207	91	91
M1179_4	M2646_4	49	1224	4	4
M1179_4	M2761_4	49	1252	15	15
M1179_4	M374_4	49	1343	5	5
M1179_4	M580_4	49	1380	121	121
M1179_4	M819_4	49	1215	138	138
M2497_4	F1835_4	49	1369	1315	1808
M2497_4	F187_4	49	1326	656	908
M2497_4	F1995_4	49	1278	495	679
M2497_4	F212_4	49	1177	974	1333
M2497_4	F232_4	49	1184	651	895
M2497_4	F2546_4	49	1063	772	1049
M2497_4	F746_4	49	1136	765	1093
M2497_4	M1179_4	49	1207	896	1220
M2497_4	M2646_4	49	1288	201	282
M2497_4	M2761_4	49	1191	367	505
M2497_4	M374_4	49	1263	83	119
M2497_4	M580_4	49	1167	849	1172
M2497_4	M819_4	49	1215	961	1325
M2646_4	F1835_4	49	1267	1207	2584
M2646_4	F187_4	49	1151	460	991
M2646_4	F1995_4	49	1271	415	867
M2646_4	F212_4	49	1364	1044	2235
M2646_4	F232_4	49	1101	533	1191
M2646_4	F2546_4	49	1360	930	2013
M2646_4	F746_4	49	1331	797	1769
M2646_4	M1179_4	49	1224	836	1832
M2646_4	M2497_4	49	1288	823	1767
M2646_4	M2761_4	49	1345	347	776
M2646_4	M374_4	49	1275	78	179
M2646_4	M580_4	49	1084	726	1589
M2646_4	M819_4	49	1206	901	1928
M2761_4	F1835_4	49	1245	1172	1172
M2761_4	F187_4	49	1234	421	421
M2761_4	F1995_4	49	1154	313	313
M2761_4	F212_4	49	1296	939	939
M2761_4	F232_4	49	1154	444	444
M2761_4	F2546_4	49	1403	843	843
M2761_4	F746_4	49	1291	679	679
M2761_4	M1179_4	49	1252	737	737
M2761_4	M2497_4	49	1191	662	662
M2761_4	M2646_4	49	1345	125	125
M2761_4	M374_4	49	1245	51	51
M2761_4	M580_4	49	1293	823	823
M2761_4	M819_4	49	1328	873	873
M374_4	F1835_4	49	1292	1113	2057
M374_4	F187_4	49	1296	213	379
M374_4	F1995_4	49	1207	162	275
M374_4	F212_4	49	1193	624	1153
M374_4	F232_4	49	1333	291	507
M374_4	F2546_4	49	1278	502	957
M374_4	F746_4	49	1357	449	838
M374_4	M1179_4	49	1343	486	884
M374_4	M2497_4	49	1263	421	735
M374_4	M2646_4	49	1275	55	100
M374_4	M2761_4	49	1245	101	175
M374_4	M580_4	49	1288	521	943
M374_4	M819_4	49	1337	620	1129
M580_4	F1835_4	49	1474	1319	2812
M580_4	F187_4	49	1206	329	688
M580_4	F1995_4	49	1231	215	478
M580_4	F212_4	49	1154	717	1523
M580_4	F232_4	49	1313	391	834
M580_4	F2546_4	49	1201	593	1247
M580_4	F746_4	49	1140	480	997
M580_4	M1179_4	49	1380	689	1482
M580_4	M2497_4	49	1167	529	1093
M580_4	M2646_4	49	1084	77	156
M580_4	M2761_4	49	1293	157	320
M580_4	M374_4	49	1288	38	87
M580_4	M819_4	49	1359	801	1724
M819_4	F1835_4	49	1273	1238	1706
M819_4	F187_4	49	1213	615	876
M819_4	F1995_4	49	1265	516	737
M819_4	F212_4	49	1388	1157	1643
M819_4	F232_4	49	1249	699	1015
M819_4	F2546_4	49	1368	987	1431
M819_4	F746_4	49	1165	790	1147
M819_4	M1179_4	49	1215	875	1249
M819_4	M2497_4	49	1215	854	1213
M819_4	M2646_4	49	1206	235	348
M819_4	M2761_4	49	1328	369	535
M819_4	M374_4	49	1337	113	152
M819_4	M580_4	49	1359	1007	1411
F1135_4	F1208_4	50	1140	441	579
F1135_4	F1364_4	50	1380	335	423
F1135_4	F1624_4	50	1149	348	468
F1135_4	F169_4	50	1252	206	260
F1135_4	F1786_4	50	1122	76	101
F1135_4	F23_4	50	1130	720	929
F1135_4	F81_4	50	1228	968	1228
F1135_4	M1665_4	50	1262	169	224
F1135_4	M183_4	50	1389	273	350
F1135_4	M2129_4	50	1161	1084	1418
F1135_4	M355_4	50	1276	1153	1485
F1135_4	M441_4	50	1256	916	1169
F1135_4	M741_4	50	1201	916	1152
F1208_4	F1135_4	50	1140	152	279
F1208_4	F1364_4	50	1357	325	633
F1208_4	F1624_4	50	1122	296	546
F1208_4	F169_4	50	1223	201	373
F1208_4	F1786_4	50	1242	90	171
F1208_4	F23_4	50	1243	762	1512
F1208_4	F81_4	50	1327	1050	1983
F1208_4	M1665_4	50	1364	208	397
F1208_4	M183_4	50	1126	240	462
F1208_4	M2129_4	50	1320	1238	2379
F1208_4	M355_4	50	1252	1140	2142
F1208_4	M441_4	50	1203	858	1580
F1208_4	M741_4	50	1145	867	1636
F1364_4	F1135_4	50	1380	380	398
F1364_4	F1208_4	50	1357	813	868
F1364_4	F1624_4	50	1354	658	702
F1364_4	F169_4	50	1150	346	369
F1364_4	F1786_4	50	1372	209	224
F1364_4	F23_4	50	1323	1045	1120
F1364_4	F81_4	50	1358	1208	1285
F1364_4	M1665_4	50	1236	371	400
F1364_4	M183_4	50	1217	444	478
F1364_4	M2129_4	50	1356	1306	1409
F1364_4	M355_4	50	1282	1227	1316
F1364_4	M441_4	50	1347	1167	1231
F1364_4	M741_4	50	1245	1082	1142
F1624_4	F1135_4	50	1149	727	789
F1624_4	F1208_4	50	1122	985	1077
F1624_4	F1364_4	50	1354	1045	1130
F1624_4	F169_4	50	1203	839	924
F1624_4	F1786_4	50	1248	531	576
F1624_4	F23_4	50	1121	1056	1136
F1624_4	F81_4	50	1213	1183	1292
F1624_4	M1665_4	50	1213	831	890
F1624_4	M183_4	50	1345	1018	1108
F1624_4	M2129_4	50	1280	1269	1363
F1624_4	M355_4	50	1311	1300	1408
F1624_4	M441_4	50	1217	1163	1253
F1624_4	M741_4	50	1350	1315	1434
F169_4	F1135_4	50	1252	635	635
F169_4	F1208_4	50	1223	977	977
F169_4	F1364_4	50	1150	754	754
F169_4	F1624_4	50	1203	845	845
F169_4	F1786_4	50	1214	355	355
F169_4	F23_4	50	1230	1113	1113
F169_4	F81_4	50	1423	1370	1370
F169_4	M1665_4	50	1196	654	654
F169_4	M183_4	50	1222	763	763
F169_4	M2129_4	50	1140	1130	1130
F169_4	M355_4	50	1187	1165	1165
F169_4	M441_4	50	1296	1206	1206
F169_4	M741_4	50	1188	1115	1115
F1786_4	F1135_4	50	1122	393	393
F1786_4	F1208_4	50	1242	800	800
F1786_4	F1364_4	50	1372	641	641
F1786_4	F1624_4	50	1248	629	629
F1786_4	F169_4	50	1214	437	437
F1786_4	F23_4	50	1372	1107	1107
F1786_4	F81_4	50	1306	1209	1209
F1786_4	M1665_4	50	1111	427	427
F1786_4	M183_4	50	1203	530	530
F1786_4	M2129_4	50	1313	1289	1289
F1786_4	M355_4	50	1251	1217	1217
F1786_4	M441_4	50	1089	955	955
F1786_4	M741_4	50	1217	1088	1088
F23_4	F1135_4	50	1130	84	95
F23_4	F1208_4	50	1243	244	311
F23_4	F1364_4	50	1323	130	161
F23_4	F1624_4	50	1121	156	201
F23_4	F169_4	50	1230	102	124
F23_4	F1786_4	50	1372	34	43
F23_4	F81_4	50	1346	804	966
F23_4	M1665_4	50	1189	68	88
F23_4	M183_4	50	1284	97	117
F23_4	M2129_4	50	1343	1123	1371
F23_4	M355_4	50	1170	908	1081
F23_4	M441_4	50	1129	548	687
F23_4	M741_4	50	1185	610	734
F81_4	F1135_4	50	1228	168	168
F81_4	F1208_4	50	1327	490	490
F81_4	F1364_4	50	1358	307	307
F81_4	F1624_4	50	1213	294	294
F81_4	F169_4	50	1423	209	209
F81_4	F1786_4	50	1306	77	77
F81_4	F23_4	50	1346	780	780
F81_4	M1665_4	50	1362	181	181
F81_4	M183_4	50	1224	226	226
F81_4	M2129_4	50	1236	1136	1136
F81_4	M355_4	50	1172	1044	1044
F81_4	M441_4	50	1043	710	710
F81_4	M741_4	50	1227	907	907
M1665_4	F1135_4	50	1262	48	52
M1665_4	F1208_4	50	1364	177	207
M1665_4	F1364_4	50	1236	77	88
M1665_4	F1624_4	50	1213	96	113
M1665_4	F169_4	50	1196	56	66
M1665_4	F1786_4	50	1111	18	22
M1665_4	F23_4	50	1189	324	374
M1665_4	F81_4	50	1362	603	702
M1665_4	M183_4	50	1259	61	69
M1665_4	M2129_4	50	1343	949	1108
M1665_4	M355_4	50	1475	1022	1206
M1665_4	M441_4	50	1407	505	580
M1665_4	M741_4	50	1302	494	584
M183_4	F1135_4	50	1389	481	977
M183_4	F1208_4	50	1126	779	1664
M183_4	F1364_4	50	1217	607	1235
M183_4	F1624_4	50	1345	763	1589
M183_4	F169_4	50	1222	461	949
M183_4	F1786_4	50	1203	206	419
M183_4	F23_4	50	1284	1066	2231
M183_4	F81_4	50	1224	1117	2330
M183_4	M1665_4	50	1259	466	930
M183_4	M2129_4	50	1209	1179	2470
M183_4	M355_4	50	1251	1213	2428
M183_4	M441_4	50	1361	1216	2505
M183_4	M741_4	50	1280	1185	2420
M2129_4	F1135_4	50	1161	135	448
M2129_4	F1208_4	50	1320	451	1455
M2129_4	F1364_4	50	1356	257	812
M2129_4	F1624_4	50	1280	284	931
M2129_4	F169_4	50	1140	165	494
M2129_4	F1786_4	50	1313	67	244
M2129_4	F23_4	50	1343	761	2517
M2129_4	F81_4	50	1236	926	3103
M2129_4	M1665_4	50	1343	176	579
M2129_4	M183_4	50	1209	216	723
M2129_4	M355_4	50	1377	1225	4039
M2129_4	M441_4	50	1302	894	2926
M2129_4	M741_4	50	1103	783	2461
M355_4	F1135_4	50	1276	255	255
M355_4	F1208_4	50	1252	627	627
M355_4	F1364_4	50	1282	443	443
M355_4	F1624_4	50	1311	502	502
M355_4	F169_4	50	1187	310	310
M355_4	F1786_4	50	1251	108	108
M355_4	F23_4	50	1170	846	846
M355_4	F81_4	50	1172	998	998
M355_4	M1665_4	50	1475	349	349
M355_4	M183_4	50	1251	350	350
M355_4	M2129_4	50	1377	1307	1307
M355_4	M441_4	50	1336	1083	1083
M355_4	M741_4	50	1366	1131	1131
M441_4	F1135_4	50	1256	491	491
M441_4	F1208_4	50	1203	880	880
M441_4	F1364_4	50	1347	731	731
M441_4	F1624_4	50	1217	752	752
M441_4	F169_4	50	1296	589	589
M441_4	F1786_4	50	1089	236	236
M441_4	F23_4	50	1129	972	972
M441_4	F81_4	50	1043	973	973
M441_4	M1665_4	50	1407	603	603
M441_4	M183_4	50	1361	694	694
M441_4	M2129_4	50	1302	1277	1277
M441_4	M355_4	50	1336	1307	1307
M441_4	M741_4	50	1346	1262	1262
M741_4	F1135_4	50	1201	321	321
M741_4	F1208_4	50	1145	662	662
M741_4	F1364_4	50	1245	485	485
M741_4	F1624_4	50	1350	619	619
M741_4	F169_4	50	1188	392	392
M741_4	F1786_4	50	1217	163	163
M741_4	F23_4	50	1185	926	926
M741_4	F81_4	50	1227	1081	1081
M741_4	M1665_4	50	1302	382	382
M741_4	M183_4	50	1280	484	484
M741_4	M2129_4	50	1103	1072	1072
M741_4	M355_4	50	1366	1294	1294
M741_4	M441_4	50	1346	1149	1149
F1503_4	F1764_4	51	1365	1049	1871
F1503_4	F2227_4	51	1238	832	1491
F1503_4	F226_4	51	1221	762	1431
F1503_4	F2450_4	51	1429	888	1574
F1503_4	F403_4	51	1136	1030	1828
F1503_4	M1055_4	51	1213	256	467
F1503_4	M1115_4	51	1318	1123	2004
F1503_4	M1284_4	51	1293	1145	2096
F1503_4	M162_4	51	1302	688	1230
F1503_4	M2055_4	51	1187	725	1293
F1503_4	M2279_4	51	1205	203	375
F1503_4	M321_4	51	1402	524	925
F1503_4	M333_4	51	1092	795	1411
F1764_4	F1503_4	51	1365	1234	1234
F1764_4	F2227_4	51	1169	1026	1026
F1764_4	F226_4	51	1307	1111	1111
F1764_4	F2450_4	51	1185	1014	1014
F1764_4	F403_4	51	1101	1071	1071
F1764_4	M1055_4	51	1232	624	624
F1764_4	M1115_4	51	1111	1059	1059
F1764_4	M1284_4	51	1227	1184	1184
F1764_4	M162_4	51	1216	949	949
F1764_4	M2055_4	51	1247	1055	1055
F1764_4	M2279_4	51	1432	611	611
F1764_4	M321_4	51	1189	792	792
F1764_4	M333_4	51	1160	1029	1029
F2227_4	F1503_4	51	1238	785	1315
F2227_4	F1764_4	51	1169	764	1264
F2227_4	F226_4	51	1291	581	969
F2227_4	F2450_4	51	1232	571	961
F2227_4	F403_4	51	1196	1023	1760
F2227_4	M1055_4	51	1316	186	319
F2227_4	M1115_4	51	1404	1069	1813
F2227_4	M1284_4	51	1235	1011	1715
F2227_4	M162_4	51	1083	384	673
F2227_4	M2055_4	51	1325	597	1021
F2227_4	M2279_4	51	1291	146	249
F2227_4	M321_4	51	1340	317	538
F2227_4	M333_4	51	1159	663	1111
F226_4	F1503_4	51	1221	625	625
F226_4	F1764_4	51	1307	668	668
F226_4	F2227_4	51	1291	518	518
F226_4	F2450_4	51	1234	443	443
F226_4	F403_4	51	1245	948	948
F226_4	M1055_4	51	1292	117	117
F226_4	M1115_4	51	1188	803	803
F226_4	M1284_4	51	1173	848	848
F226_4	M162_4	51	1207	303	303
F226_4	M2055_4	51	1238	442	442
F226_4	M2279_4	51	1592	94	94
F226_4	M321_4	51	1388	218	218
F226_4	M333_4	51	1111	494	494
F2450_4	F1503_4	51	1429	100	100
F2450_4	F1764_4	51	1185	98	98
F2450_4	F2227_4	51	1232	37	37
F2450_4	F226_4	51	1234	43	43
F2450_4	F403_4	51	1243	254	254
F2450_4	M1055_4	51	1318	15	15
F2450_4	M1115_4	51	1200	147	147
F2450_4	M1284_4	51	1145	164	164
F2450_4	M162_4	51	1327	32	32
F2450_4	M2055_4	51	1248	36	36
F2450_4	M2279_4	51	1189	5	5
F2450_4	M321_4	51	1328	23	23
F2450_4	M333_4	51	1150	62	62
F403_4	F1503_4	51	1136	735	735
F403_4	F1764_4	51	1101	742	742
F403_4	F2227_4	51	1196	636	636
F403_4	F226_4	51	1245	631	631
F403_4	F2450_4	51	1243	637	637
F403_4	M1055_4	51	1317	227	227
F403_4	M1115_4	51	1238	968	968
F403_4	M1284_4	51	1414	1185	1185
F403_4	M162_4	51	1412	603	603
F403_4	M2055_4	51	1342	685	685
F403_4	M2279_4	51	1243	135	135
F403_4	M321_4	51	1224	352	352
F403_4	M333_4	51	1323	812	812
M1055_4	F1503_4	51	1213	283	283
M1055_4	F1764_4	51	1232	309	309
M1055_4	F2227_4	51	1316	203	203
M1055_4	F226_4	51	1292	182	182
M1055_4	F2450_4	51	1318	177	177
M1055_4	F403_4	51	1317	652	652
M1055_4	M1115_4	51	1189	437	437
M1055_4	M1284_4	51	1182	469	469
M1055_4	M162_4	51	1231	89	89
M1055_4	M2055_4	51	1174	157	157
M1055_4	M2279_4	51	1163	24	24
M1055_4	M321_4	51	1233	61	61
M1055_4	M333_4	51	1261	235	235
M1115_4	F1503_4	51	1318	524	768
M1115_4	F1764_4	51	1111	486	708
M1115_4	F2227_4	51	1404	431	620
M1115_4	F226_4	51	1188	312	449
M1115_4	F2450_4	51	1200	339	484
M1115_4	F403_4	51	1238	818	1208
M1115_4	M1055_4	51	1189	72	104
M1115_4	M1284_4	51	1350	861	1257
M1115_4	M162_4	51	1181	231	348
M1115_4	M2055_4	51	1294	356	504
M1115_4	M2279_4	51	1314	65	90
M1115_4	M321_4	51	1146	150	216
M1115_4	M333_4	51	1247	452	649
M1284_4	F1503_4	51	1293	780	780
M1284_4	F1764_4	51	1227	794	794
M1284_4	F2227_4	51	1235	620	620
M1284_4	F226_4	51	1173	563	563
M1284_4	F2450_4	51	1145	547	547
M1284_4	F403_4	51	1414	1152	1152
M1284_4	M1055_4	51	1182	152	152
M1284_4	M1115_4	51	1350	992	992
M1284_4	M162_4	51	1205	442	442
M1284_4	M2055_4	51	1367	611	611
M1284_4	M2279_4	51	1267	128	128
M1284_4	M321_4	51	1335	331	331
M1284_4	M333_4	51	1302	744	744
M162_4	F1503_4	51	1302	544	1252
M162_4	F1764_4	51	1216	535	1244
M162_4	F2227_4	51	1083	348	827
M162_4	F226_4	51	1207	335	781
M162_4	F2450_4	51	1327	359	828
M162_4	F403_4	51	1412	1009	2346
M162_4	M1055_4	51	1231	86	191
M162_4	M1115_4	51	1181	681	1562
M162_4	M1284_4	51	1205	770	1790
M162_4	M2055_4	51	1248	327	753
M162_4	M2279_4	51	1248	53	98
M162_4	M321_4	51	1177	147	363
M162_4	M333_4	51	1221	431	991
M2055_4	F1503_4	51	1187	541	1975
M2055_4	F1764_4	51	1247	664	2420
M2055_4	F2227_4	51	1325	400	1496
M2055_4	F226_4	51	1238	386	1398
M2055_4	F2450_4	51	1248	403	1460
M2055_4	F403_4	51	1342	976	3560
M2055_4	M1055_4	51	1174	85	318
M2055_4	M1115_4	51	1294	812	2966
M2055_4	M1284_4	51	1367	909	3274
M2055_4	M162_4	51	1248	288	1045
M2055_4	M2279_4	51	1368	72	271
M2055_4	M321_4	51	1295	178	696
M2055_4	M333_4	51	1212	475	1786
M2279_4	F1503_4	51	1205	618	618
M2279_4	F1764_4	51	1432	719	719
M2279_4	F2227_4	51	1291	480	480
M2279_4	F226_4	51	1592	534	534
M2279_4	F2450_4	51	1189	395	395
M2279_4	F403_4	51	1243	948	948
M2279_4	M1055_4	51	1163	91	91
M2279_4	M1115_4	51	1314	860	860
M2279_4	M1284_4	51	1267	861	861
M2279_4	M162_4	51	1248	347	347
M2279_4	M2055_4	51	1368	447	447
M2279_4	M321_4	51	1290	208	208
M2279_4	M333_4	51	1382	632	632
M321_4	F1503_4	51	1402	937	937
M321_4	F1764_4	51	1189	811	811
M321_4	F2227_4	51	1340	711	711
M321_4	F226_4	51	1388	673	673
M321_4	F2450_4	51	1328	673	673
M321_4	F403_4	51	1224	1041	1041
M321_4	M1055_4	51	1233	175	175
M321_4	M1115_4	51	1146	890	890
M321_4	M1284_4	51	1335	1082	1082
M321_4	M162_4	51	1177	475	475
M321_4	M2055_4	51	1295	612	612
M321_4	M2279_4	51	1290	142	142
M321_4	M333_4	51	1233	718	718
M333_4	F1503_4	51	1092	664	2368
M333_4	F1764_4	51	1160	735	2604
M333_4	F2227_4	51	1159	529	1818
M333_4	F226_4	51	1111	516	1812
M333_4	F2450_4	51	1150	549	1936
M333_4	F403_4	51	1323	1100	3847
M333_4	M1055_4	51	1261	151	529
M333_4	M1115_4	51	1247	935	3262
M333_4	M1284_4	51	1302	977	3415
M333_4	M162_4	51	1221	459	1606
M333_4	M2055_4	51	1212	549	1834
M333_4	M2279_4	51	1382	138	484
M333_4	M321_4	51	1233	269	977
F1350_4	F144_4	52	1270	287	466
F1350_4	F1923_4	52	1337	113	182
F1350_4	F2246_4	52	1240	829	1329
F1350_4	F2262_4	52	1085	595	958
F1350_4	F2339_4	52	1161	294	477
F1350_4	F332_4	52	1322	343	538
F1350_4	M1350_4	52	1323	180	289
F1350_4	M2757_4	52	1366	492	775
F1350_4	M290_4	52	1318	319	517
F1350_4	M349_4	52	1337	390	661
F1350_4	M67_4	52	1328	35	56
F1350_4	M77_4	52	1225	621	1005
F1350_4	M921_4	52	1466	549	889
F144_4	F1350_4	52	1270	85	85
F144_4	F1923_4	52	1383	67	67
F144_4	F2246_4	52	1266	695	695
F144_4	F2262_4	52	1282	547	547
F144_4	F2339_4	52	1411	214	214
F144_4	F332_4	52	1184	193	193
F144_4	M1350_4	52	1224	91	91
F144_4	M2757_4	52	1285	309	309
F144_4	M290_4	52	1410	193	193
F144_4	M349_4	52	1194	238	238
F144_4	M67_4	52	1280	19	19
F144_4	M77_4	52	1185	413	413
F144_4	M921_4	52	1297	371	371
F1923_4	F1350_4	52	1337	246	486
F1923_4	F144_4	52	1383	426	852
F1923_4	F2246_4	52	1287	1003	1952
F1923_4	F2262_4	52	1274	843	1656
F1923_4	F2339_4	52	1280	423	840
F1923_4	F332_4	52	1191	434	841
F1923_4	M1350_4	52	1286	289	579
F1923_4	M2757_4	52	1363	648	1254
F1923_4	M290_4	52	1292	431	837
F1923_4	M349_4	52	1405	573	1110
F1923_4	M67_4	52	1307	59	121
F1923_4	M77_4	52	1257	754	1456
F1923_4	M921_4	52	1249	617	1191
F2246_4	F1350_4	52	1240	933	1018
F2246_4	F144_4	52	1266	1104	1211
F2246_4	F1923_4	52	1287	873	946
F2246_4	F2262_4	52	1268	1219	1345
F2246_4	F2339_4	52	1280	1137	1240
F2246_4	F332_4	52	1293	1162	1275
F2246_4	M1350_4	52	1194	949	1034
F2246_4	M2757_4	52	1353	1232	1355
F2246_4	M290_4	52	1359	1202	1338
F2246_4	M349_4	52	1477	1336	1475
F2246_4	M67_4	52	1318	490	540
F2246_4	M77_4	52	1313	1251	1353
F2246_4	M921_4	52	1278	1208	1326
F2262_4	F1350_4	52	1085	301	301
F2262_4	F144_4	52	1282	556	556
F2262_4	F1923_4	52	1274	249	249
F2262_4	F2246_4	52	1268	1081	1081
F2262_4	F2339_4	52	1301	638	638
F2262_4	F332_4	52	1213	586	586
F2262_4	M1350_4	52	1181	381	381
F2262_4	M2757_4	52	1297	769	769
F2262_4	M290_4	52	1208	571	571
F2262_4	M349_4	52	1172	643	643
F2262_4	M67_4	52	1176	63	63
F2262_4	M77_4	52	1174	844	844
F2262_4	M921_4	52	1372	892	892
F2339_4	F1350_4	52	1161	635	1043
F2339_4	F144_4	52	1411	991	1608
F2339_4	F1923_4	52	1280	567	936
F2339_4	F2246_4	52	1280	1216	1994
F2339_4	F2262_4	52	1301	1194	1963
F2339_4	F332_4	52	1299	946	1531
F2339_4	M1350_4	52	1273	771	1266
F2339_4	M2757_4	52	1146	963	1603
F2339_4	M290_4	52	1283	943	1518
F2339_4	M349_4	52	1227	969	1621
F2339_4	M67_4	52	1427	262	425
F2339_4	M77_4	52	1301	1173	1854
F2339_4	M921_4	52	1184	1021	1700
F332_4	F1350_4	52	1322	67	97
F332_4	F144_4	52	1184	107	160
F332_4	F1923_4	52	1191	43	73
F332_4	F2246_4	52	1293	608	928
F332_4	F2262_4	52	1213	419	615
F332_4	F2339_4	52	1299	142	201
F332_4	M1350_4	52	1386	92	147
F332_4	M2757_4	52	1202	248	375
F332_4	M290_4	52	1248	117	168
F332_4	M349_4	52	1325	187	291
F332_4	M67_4	52	1332	15	23
F332_4	M77_4	52	1211	344	522
F332_4	M921_4	52	1199	269	406
M1350_4	F1350_4	52	1323	102	173
M1350_4	F144_4	52	1224	176	348
M1350_4	F1923_4	52	1286	49	92
M1350_4	F2246_4	52	1194	682	1339
M1350_4	F2262_4	52	1181	478	962
M1350_4	F2339_4	52	1273	222	430
M1350_4	F332_4	52	1386	239	476
M1350_4	M2757_4	52	1348	310	602
M1350_4	M290_4	52	1412	187	366
M1350_4	M349_4	52	1268	242	496
M1350_4	M67_4	52	1321	23	60
M1350_4	M77_4	52	1260	448	868
M1350_4	M921_4	52	1264	334	663
M2757_4	F1350_4	52	1366	131	131
M2757_4	F144_4	52	1285	241	241
M2757_4	F1923_4	52	1363	94	94
M2757_4	F2246_4	52	1353	922	922
M2757_4	F2262_4	52	1297	661	661
M2757_4	F2339_4	52	1146	237	237
M2757_4	F332_4	52	1202	272	272
M2757_4	M1350_4	52	1348	176	176
M2757_4	M290_4	52	1126	204	204
M2757_4	M349_4	52	1281	330	330
M2757_4	M67_4	52	1336	27	27
M2757_4	M77_4	52	1476	613	613
M2757_4	M921_4	52	1392	445	445
M290_4	F1350_4	52	1318	544	544
M290_4	F144_4	52	1410	832	832
M290_4	F1923_4	52	1292	390	390
M290_4	F2246_4	52	1359	1236	1236
M290_4	F2262_4	52	1208	1047	1047
M290_4	F2339_4	52	1283	789	789
M290_4	F332_4	52	1248	818	818
M290_4	M1350_4	52	1412	681	681
M290_4	M2757_4	52	1126	824	824
M290_4	M349_4	52	1204	812	812
M290_4	M67_4	52	1343	149	149
M290_4	M77_4	52	1113	925	925
M290_4	M921_4	52	1432	1096	1096
M349_4	F1350_4	52	1337	471	1226
M349_4	F144_4	52	1194	627	1651
M349_4	F1923_4	52	1405	394	1011
M349_4	F2246_4	52	1477	1294	3320
M349_4	F2262_4	52	1172	961	2536
M349_4	F2339_4	52	1227	714	1912
M349_4	F332_4	52	1325	723	1895
M349_4	M1350_4	52	1268	501	1301
M349_4	M2757_4	52	1281	861	2224
M349_4	M290_4	52	1204	636	1582
M349_4	M67_4	52	1177	111	292
M349_4	M77_4	52	1316	1030	2637
M349_4	M921_4	52	1195	849	2260
M67_4	F1350_4	52	1328	198	198
M67_4	F144_4	52	1280	338	338
M67_4	F1923_4	52	1307	135	135
M67_4	F2246_4	52	1318	997	997
M67_4	F2262_4	52	1176	708	708
M67_4	F2339_4	52	1427	389	389
M67_4	F332_4	52	1332	432	432
M67_4	M1350_4	52	1321	244	244
M67_4	M2757_4	52	1336	556	556
M67_4	M290_4	52	1343	392	392
M67_4	M349_4	52	1177	439	439
M67_4	M77_4	52	1244	685	685
M67_4	M921_4	52	1200	535	535
M77_4	F1350_4	52	1225	815	1233
M77_4	F144_4	52	1185	948	1423
M77_4	F1923_4	52	1257	702	1033
M77_4	F2246_4	52	1313	1270	1884
M77_4	F2262_4	52	1174	1113	1650
M77_4	F2339_4	52	1301	1072	1588
M77_4	F332_4	52	1211	1006	1517
M77_4	M1350_4	52	1260	907	1359
M77_4	M2757_4	52	1476	1305	1973
M77_4	M290_4	52	1113	903	1310
M77_4	M349_4	52	1316	1150	1725
M77_4	M67_4	52	1244	334	480
M77_4	M921_4	52	1305	1166	1762
M921_4	F1350_4	52	1466	193	324
M921_4	F144_4	52	1297	308	470
M921_4	F1923_4	52	1249	145	246
M921_4	F2246_4	52	1278	932	1462
M921_4	F2262_4	52	1372	796	1256
M921_4	F2339_4	52	1184	309	493
M921_4	F332_4	52	1199	302	457
M921_4	M1350_4	52	1264	195	313
M921_4	M2757_4	52	1392	538	849
M921_4	M290_4	52	1432	378	596
M921_4	M349_4	52	1195	410	630
M921_4	M67_4	52	1200	35	56
M921_4	M77_4	52	1305	682	1078
F1057_4	F1193_4	53	1282	824	824
F1057_4	F152_4	53	1290	450	450
F1057_4	F1688_4	53	1197	41	41
F1057_4	F1855_4	53	1360	497	497
F1057_4	F2492_4	53	1208	130	130
F1057_4	F285_4	53	1193	13	13
F1057_4	F848_4	53	1248	359	359
F1057_4	M1138_4	53	1255	1088	1088
F1057_4	M1157_4	53	1118	586	586
F1057_4	M134_4	53	1346	524	524
F1057_4	M1669_4	53	1255	163	163
F1057_4	M2554_4	53	1262	619	619
F1057_4	M862_4	53	1307	723	723
F1193_4	F1057_4	53	1282	266	266
F1193_4	F152_4	53	1331	351	351
F1193_4	F1688_4	53	1398	36	36
F1193_4	F1855_4	53	1331	427	427
F1193_4	F2492_4	53	1148	107	107
F1193_4	F285_4	53	1314	6	6
F1193_4	F848_4	53	1278	313	313
F1193_4	M1138_4	53	1160	976	976
F1193_4	M1157_4	53	1277	553	553
F1193_4	M134_4	53	1268	406	406
F1193_4	M1669_4	53	1303	126	126
F1193_4	M2554_4	53	1240	497	497
F1193_4	M862_4	53	1302	604	604
F152_4	F1057_4	53	1290	95	95
F152_4	F1193_4	53	1331	420	420
F152_4	F1688_4	53	1295	13	13
F152_4	F1855_4	53	1282	162	162
F152_4	F2492_4	53	1432	43	43
F152_4	F285_4	53	1164	6	6
F152_4	F848_4	53	1219	102	102
F152_4	M1138_4	53	1292	814	814
F152_4	M1157_4	53	1212	262	262
F152_4	M134_4	53	1237	182	182
F152_4	M1669_4	53	1152	44	44
F152_4	M2554_4	53	1227	275	275
F152_4	M862_4	53	1322	319	319
F1688_4	F1057_4	53	1197	623	1613
F1688_4	F1193_4	53	1398	1214	3210
F1688_4	F152_4	53	1295	807	2144
F1688_4	F1855_4	53	1283	851	2240
F1688_4	F2492_4	53	1277	444	1160
F1688_4	F285_4	53	1156	44	96
F1688_4	F848_4	53	1316	789	2059
F1688_4	M1138_4	53	1360	1311	3295
F1688_4	M1157_4	53	1219	945	2492
F1688_4	M134_4	53	1106	771	2011
F1688_4	M1669_4	53	1237	442	1161
F1688_4	M2554_4	53	1361	1044	2710
F1688_4	M862_4	53	1333	1065	2764
F1855_4	F1057_4	53	1360	1050	1050
F1855_4	F1193_4	53	1331	1279	1279
F1855_4	F152_4	53	1282	1109	1109
F1855_4	F1688_4	53	1283	424	424
F1855_4	F2492_4	53	1077	655	655
F1855_4	F285_4	53	1286	117	117
F1855_4	F848_4	53	1151	938	938
F1855_4	M1138_4	53	1211	1197	1197
F1855_4	M1157_4	53	1158	1067	1067
F1855_4	M134_4	53	1135	994	994
F1855_4	M1669_4	53	1277	811	811
F1855_4	M2554_4	53	1123	1026	1026
F1855_4	M862_4	53	1219	1130	1130
F2492_4	F1057_4	53	1208	236	236
F2492_4	F1193_4	53	1148	615	615
F2492_4	F152_4	53	1432	377	377
F2492_4	F1688_4	53	1277	36	36
F2492_4	F1855_4	53	1077	308	308
F2492_4	F285_4	53	1208	8	8
F2492_4	F848_4	53	1345	272	272
F2492_4	M1138_4	53	1250	1041	1041
F2492_4	M1157_4	53	1270	528	528
F2492_4	M134_4	53	1219	376	376
F2492_4	M1669_4	53	1130	84	84
F2492_4	M2554_4	53	1265	490	490
F2492_4	M862_4	53	1258	552	552
F285_4	F1057_4	53	1193	497	515
F285_4	F1193_4	53	1314	1022	1065
F285_4	F152_4	53	1164	595	618
F285_4	F1688_4	53	1156	90	96
F285_4	F1855_4	53	1286	739	767
F285_4	F2492_4	53	1208	285	294
F285_4	F848_4	53	1246	564	590
F285_4	M1138_4	53	1304	1208	1269
F285_4	M1157_4	53	1361	947	997
F285_4	M134_4	53	1476	858	891
F285_4	M1669_4	53	1196	301	320
F285_4	M2554_4	53	1180	765	801
F285_4	M862_4	53	1301	894	929
F848_4	F1057_4	53	1248	835	1897
F848_4	F1193_4	53	1278	1177	2644
F848_4	F152_4	53	1219	911	2067
F848_4	F1688_4	53	1316	300	674
F848_4	F1855_4	53	1151	921	2118
F848_4	F2492_4	53	1345	648	1496
F848_4	F285_4	53	1246	88	206
F848_4	M1138_4	53	1080	1061	2400
F848_4	M1157_4	53	1250	1092	2490
F848_4	M134_4	53	1290	1045	2465
F848_4	M1669_4	53	1252	635	1445
F848_4	M2554_4	53	1168	1012	2347
F848_4	M862_4	53	1292	1162	2702
M1138_4	F1057_4	53	1255	400	654
M1138_4	F1193_4	53	1160	834	1342
M1138_4	F152_4	53	1292	551	929
M1138_4	F1688_4	53	1360	84	141
M1138_4	F1855_4	53	1211	553	921
M1138_4	F2492_4	53	1250	212	369
M1138_4	F285_4	53	1304	17	23
M1138_4	F848_4	53	1080	424	686
M1138_4	M1157_4	53	1215	768	1291
M1138_4	M134_4	53	1245	593	961
M1138_4	M1669_4	53	1378	248	400
M1138_4	M2554_4	53	1215	734	1238
M1138_4	M862_4	53	1312	844	1427
M1157_4	F1057_4	53	1118	231	231
M1157_4	F1193_4	53	1277	756	756
M1157_4	F152_4	53	1212	350	350
M1157_4	F1688_4	53	1219	44	44
M1157_4	F1855_4	53	1158	425	425
M1157_4	F2492_4	53	1270	137	137
M1157_4	F285_4	53	1361	14	14
M1157_4	F848_4	53	1250	321	321
M1157_4	M1138_4	53	1215	1051	1051
M1157_4	M134_4	53	1155	389	389
M1157_4	M1669_4	53	1328	149	149
M1157_4	M2554_4	53	1147	550	550
M1157_4	M862_4	53	1326	674	674
M134_4	F1057_4	53	1346	724	1216
M134_4	F1193_4	53	1268	1112	1876
M134_4	F152_4	53	1237	802	1324
M134_4	F1688_4	53	1106	175	304
M134_4	F1855_4	53	1135	799	1349
M134_4	F2492_4	53	1219	457	733
M134_4	F285_4	53	1476	53	89
M134_4	F848_4	53	1290	825	1336
M134_4	M1138_4	53	1245	1202	2056
M134_4	M1157_4	53	1155	930	1582
M134_4	M1669_4	53	1326	485	826
M134_4	M2554_4	53	1297	1034	1827
M134_4	M862_4	53	1359	1097	1863
M1669_4	F1057_4	53	1255	381	473
M1669_4	F1193_4	53	1303	925	1172
M1669_4	F152_4	53	1152	493	609
M1669_4	F1688_4	53	1237	64	88
M1669_4	F1855_4	53	1277	595	744
M1669_4	F2492_4	53	1130	187	245
M1669_4	F285_4	53	1196	21	21
M1669_4	F848_4	53	1252	500	610
M1669_4	M1138_4	53	1378	1256	1571
M1669_4	M1157_4	53	1328	794	1010
M1669_4	M134_4	53	1326	611	766
M1669_4	M2554_4	53	1227	706	860
M1669_4	M862_4	53	1237	765	948
M2554_4	F1057_4	53	1262	383	707
M2554_4	F1193_4	53	1240	853	1531
M2554_4	F152_4	53	1227	515	935
M2554_4	F1688_4	53	1361	78	151
M2554_4	F1855_4	53	1123	492	899
M2554_4	F2492_4	53	1265	208	392
M2554_4	F285_4	53	1180	16	33
M2554_4	F848_4	53	1168	448	803
M2554_4	M1138_4	53	1215	1097	2015
M2554_4	M1157_4	53	1147	680	1256
M2554_4	M134_4	53	1297	570	1051
M2554_4	M1669_4	53	1227	200	364
M2554_4	M862_4	53	1343	791	1435
M862_4	F1057_4	53	1307	248	353
M862_4	F1193_4	53	1302	690	986
M862_4	F152_4	53	1322	362	521
M862_4	F1688_4	53	1333	37	54
M862_4	F1855_4	53	1219	349	492
M862_4	F2492_4	53	1258	99	144
M862_4	F285_4	53	1301	3	3
M862_4	F848_4	53	1292	286	432
M862_4	M1138_4	53	1312	1089	1565
M862_4	M1157_4	53	1326	534	765
M862_4	M134_4	53	1359	390	562
M862_4	M1669_4	53	1237	89	136
M862_4	M2554_4	53	1343	513	748
F1590_4	F1825_4	54	1329	229	229
F1590_4	F2026_4	54	1353	1173	1173
F1590_4	F2091_4	54	979	676	676
F1590_4	F2138_4	54	1217	935	935
F1590_4	F363_4	54	1363	961	961
F1590_4	F382_4	54	1152	588	588
F1590_4	F456_4	54	1186	529	529
F1590_4	F568_4	54	1272	1025	1025
F1590_4	M1049_4	54	1150	409	409
F1590_4	M1324_4	54	1484	1376	1376
F1590_4	M1398_4	54	1224	772	772
F1590_4	M1845_4	54	1293	1141	1141
F1590_4	M898_4	54	1278	769	769
F1825_4	F1590_4	54	1329	1276	1593
F1825_4	F2026_4	54	1278	1230	1518
F1825_4	F2091_4	54	1148	1034	1276
F1825_4	F2138_4	54	1297	1214	1489
F1825_4	F363_4	54	1281	1160	1438
F1825_4	F382_4	54	1125	894	1091
F1825_4	F456_4	54	1170	872	1062
F1825_4	F568_4	54	1266	1197	1488
F1825_4	M1049_4	54	1370	933	1121
F1825_4	M1324_4	54	1255	1226	1516
F1825_4	M1398_4	54	1280	1146	1399
F1825_4	M1845_4	54	1292	1255	1525
F1825_4	M898_4	54	1218	1053	1278
F2026_4	F1590_4	54	1353	1258	1765
F2026_4	F1825_4	54	1278	396	550
F2026_4	F2091_4	54	1242	1011	1430
F2026_4	F2138_4	54	1273	1121	1606
F2026_4	F363_4	54	1386	1172	1673
F2026_4	F382_4	54	1264	846	1194
F2026_4	F456_4	54	1262	767	1087
F2026_4	F568_4	54	1314	1187	1665
F2026_4	M1049_4	54	1315	719	981
F2026_4	M1324_4	54	1237	1187	1690
F2026_4	M1398_4	54	1184	947	1332
F2026_4	M1845_4	54	1230	1150	1609
F2026_4	M898_4	54	1219	927	1319
F2091_4	F1590_4	54	979	100	100
F2091_4	F1825_4	54	1148	3	3
F2091_4	F2026_4	54	1242	156	156
F2091_4	F2138_4	54	1319	88	88
F2091_4	F363_4	54	1384	58	58
F2091_4	F382_4	54	1321	27	27
F2091_4	F456_4	54	1164	18	18
F2091_4	F568_4	54	1182	77	77
F2091_4	M1049_4	54	1133	10	10
F2091_4	M1324_4	54	1177	257	257
F2091_4	M1398_4	54	1328	39	39
F2091_4	M1845_4	54	1282	153	153
F2091_4	M898_4	54	1352	46	46
F2138_4	F1590_4	54	1217	530	530
F2138_4	F1825_4	54	1297	33	33
F2138_4	F2026_4	54	1273	631	631
F2138_4	F2091_4	54	1319	322	322
F2138_4	F363_4	54	1224	340	340
F2138_4	F382_4	54	1278	181	181
F2138_4	F456_4	54	1282	115	115
F2138_4	F568_4	54	1368	524	524
F2138_4	M1049_4	54	1334	116	116
F2138_4	M1324_4	54	1092	750	750
F2138_4	M1398_4	54	1223	303	303
F2138_4	M1845_4	54	1401	694	694
F2138_4	M898_4	54	1199	201	201
F363_4	F1590_4	54	1363	403	403
F363_4	F1825_4	54	1281	17	17
F363_4	F2026_4	54	1386	433	433
F363_4	F2091_4	54	1384	201	201
F363_4	F2138_4	54	1224	268	268
F363_4	F382_4	54	1305	104	104
F363_4	F456_4	54	1186	55	55
F363_4	F568_4	54	1155	261	261
F363_4	M1049_4	54	1375	34	34
F363_4	M1324_4	54	1208	637	637
F363_4	M1398_4	54	1347	153	153
F363_4	M1845_4	54	1351	475	475
F363_4	M898_4	54	1186	106	106
F382_4	F1590_4	54	1152	790	1208
F382_4	F1825_4	54	1125	76	111
F382_4	F2026_4	54	1264	899	1323
F382_4	F2091_4	54	1321	603	903
F382_4	F2138_4	54	1278	755	1088
F382_4	F363_4	54	1305	643	953
F382_4	F456_4	54	1290	247	365
F382_4	F568_4	54	1101	644	974
F382_4	M1049_4	54	1155	215	330
F382_4	M1324_4	54	1462	1215	1758
F382_4	M1398_4	54	1334	560	831
F382_4	M1845_4	54	1171	900	1361
F382_4	M898_4	54	1202	423	664
F456_4	F1590_4	54	1186	718	718
F456_4	F1825_4	54	1170	71	71
F456_4	F2026_4	54	1262	826	826
F456_4	F2091_4	54	1164	434	434
F456_4	F2138_4	54	1282	623	623
F456_4	F363_4	54	1186	518	518
F456_4	F382_4	54	1290	258	258
F456_4	F568_4	54	1180	602	602
F456_4	M1049_4	54	1179	159	159
F456_4	M1324_4	54	1319	1049	1049
F456_4	M1398_4	54	1180	429	429
F456_4	M1845_4	54	1333	924	924
F456_4	M898_4	54	1256	349	349
F568_4	F1590_4	54	1272	1152	1152
F568_4	F1825_4	54	1266	285	285
F568_4	F2026_4	54	1314	1206	1206
F568_4	F2091_4	54	1182	959	959
F568_4	F2138_4	54	1368	1172	1172
F568_4	F363_4	54	1155	955	955
F568_4	F382_4	54	1101	703	703
F568_4	F456_4	54	1180	668	668
F568_4	M1049_4	54	1087	526	526
F568_4	M1324_4	54	1233	1183	1183
F568_4	M1398_4	54	1275	951	951
F568_4	M1845_4	54	1292	1181	1181
F568_4	M898_4	54	1315	950	950
M1049_4	F1590_4	54	1150	859	1667
M1049_4	F1825_4	54	1370	138	263
M1049_4	F2026_4	54	1315	1060	2060
M1049_4	F2091_4	54	1133	639	1252
M1049_4	F2138_4	54	1334	904	1780
M1049_4	F363_4	54	1375	857	1653
M1049_4	F382_4	54	1155	467	916
M1049_4	F456_4	54	1179	360	755
M1049_4	F568_4	54	1087	769	1560
M1049_4	M1324_4	54	1266	1141	2170
M1049_4	M1398_4	54	1223	672	1307
M1049_4	M1845_4	54	1231	980	1891
M1049_4	M898_4	54	1359	605	1166
M1324_4	F1590_4	54	1484	65	65
M1324_4	F1825_4	54	1255	2	2
M1324_4	F2026_4	54	1237	55	55
M1324_4	F2091_4	54	1177	21	21
M1324_4	F2138_4	54	1092	23	23
M1324_4	F363_4	54	1208	21	21
M1324_4	F382_4	54	1462	13	13
M1324_4	F456_4	54	1319	0	0
M1324_4	F568_4	54	1233	34	34
M1324_4	M1049_4	54	1266	2	2
M1324_4	M1398_4	54	1307	11	11
M1324_4	M1845_4	54	1355	72	72
M1324_4	M898_4	54	1276	21	21
M1398_4	F1590_4	54	1224	79	196
M1398_4	F1825_4	54	1280	1	1
M1398_4	F2026_4	54	1184	110	263
M1398_4	F2091_4	54	1328	51	122
M1398_4	F2138_4	54	1223	56	141
M1398_4	F363_4	54	1347	47	125
M1398_4	F382_4	54	1334	17	47
M1398_4	F456_4	54	1180	10	19
M1398_4	F568_4	54	1275	62	172
M1398_4	M1049_4	54	1223	5	13
M1398_4	M1324_4	54	1307	218	549
M1398_4	M1845_4	54	1239	130	370
M1398_4	M898_4	54	1240	18	44
M1845_4	F1590_4	54	1293	1095	3102
M1845_4	F1825_4	54	1292	205	587
M1845_4	F2026_4	54	1230	1059	3024
M1845_4	F2091_4	54	1282	868	2506
M1845_4	F2138_4	54	1401	1119	3251
M1845_4	F363_4	54	1351	967	2730
M1845_4	F382_4	54	1171	596	1676
M1845_4	F456_4	54	1333	558	1565
M1845_4	F568_4	54	1292	1035	2994
M1845_4	M1049_4	54	1231	406	1156
M1845_4	M1324_4	54	1355	1273	3663
M1845_4	M1398_4	54	1239	818	2373
M1845_4	M898_4	54	1221	712	2062
M898_4	F1590_4	54	1278	570	1505
M898_4	F1825_4	54	1218	32	83
M898_4	F2026_4	54	1219	641	1695
M898_4	F2091_4	54	1352	363	977
M898_4	F2138_4	54	1199	466	1257
M898_4	F363_4	54	1186	332	860
M898_4	F382_4	54	1202	162	454
M898_4	F456_4	54	1256	143	382
M898_4	F568_4	54	1315	457	1213
M898_4	M1049_4	54	1359	130	375
M898_4	M1324_4	54	1276	897	2334
M898_4	M1398_4	54	1240	295	800
M898_4	M1845_4	54	1221	683	1775
F208_4	F2540_4	55	1199	283	283
F208_4	F523_4	55	1306	1192	1192
F208_4	F676_4	55	1308	807	807
F208_4	F691_4	55	1233	1219	1219
F208_4	M1035_4	55	1285	85	85
F208_4	M1540_4	55	1122	688	688
F208_4	M1780_4	55	1288	1253	1253
F208_4	M2216_4	55	1223	429	429
F208_4	M2344_4	55	1305	492	492
F208_4	M2451_4	55	1289	352	352
F208_4	M595_4	55	1163	946	946
F208_4	M900_4	55	1395	976	976
F208_4	M933_4	55	1195	928	928
F2540_4	F208_4	55	1199	524	524
F2540_4	F523_4	55	1232	755	755
F2540_4	F676_4	55	1137	222	222
F2540_4	F691_4	55	1151	1102	1102
F2540_4	M1035_4	55	1261	13	13
F2540_4	M1540_4	55	1358	265	265
F2540_4	M1780_4	55	1103	926	926
F2540_4	M2216_4	55	1241	95	95
F2540_4	M2344_4	55	1235	115	115
F2540_4	M2451_4	55	1191	70	70
F2540_4	M595_4	55	1220	437	437
F2540_4	M900_4	55	1122	308	308
F2540_4	M933_4	55	1219	403	403
F523_4	F208_4	55	1306	1219	2884
F523_4	F2540_4	55	1232	626	1545
F523_4	F676_4	55	1298	1098	2586
F523_4	F691_4	55	1302	1298	3105
F523_4	M1035_4	55	1207	205	486
F523_4	M1540_4	55	1251	1045	2541
F523_4	M1780_4	55	1233	1225	2909
F523_4	M2216_4	55	1106	692	1638
F523_4	M2344_4	55	1292	856	2101
F523_4	M2451_4	55	1231	688	1687
F523_4	M595_4	55	1269	1155	2774
F523_4	M900_4	55	1286	1145	2762
F523_4	M933_4	55	1315	1196	2876
F676_4	F208_4	55	1308	1232	1232
F676_4	F2540_4	55	1137	583	583
F676_4	F523_4	55	1298	1275	1275
F676_4	F691_4	55	1401	1398	1398
F676_4	M1035_4	55	1251	256	256
F676_4	M1540_4	55	1367	1167	1167
F676_4	M1780_4	55	1297	1283	1283
F676_4	M2216_4	55	1081	691	691
F676_4	M2344_4	55	1341	930	930
F676_4	M2451_4	55	1266	767	767
F676_4	M595_4	55	1265	1180	1180
F676_4	M900_4	55	1303	1178	1178
F676_4	M933_4	55	1302	1198	1198
F691_4	F208_4	55	1233	933	933
F691_4	F2540_4	55	1151	181	181
F691_4	F523_4	55	1302	1110	1110
F691_4	F676_4	55	1401	724	724
F691_4	M1035_4	55	1402	51	51
F691_4	M1540_4	55	1163	561	561
F691_4	M1780_4	55	1322	1265	1265
F691_4	M2216_4	55	1193	304	304
F691_4	M2344_4	55	1252	353	353
F691_4	M2451_4	55	1245	247	247
F691_4	M595_4	55	1264	886	886
F691_4	M900_4	55	1340	805	805
F691_4	M933_4	55	1127	757	757
M1035_4	F208_4	55	1285	1273	1343
M1035_4	F2540_4	55	1261	1052	1101
M1035_4	F523_4	55	1207	1202	1279
M1035_4	F676_4	55	1251	1217	1276
M1035_4	F691_4	55	1402	1401	1488
M1035_4	M1540_4	55	1372	1316	1396
M1035_4	M1780_4	55	1446	1444	1520
M1035_4	M2216_4	55	1219	1101	1157
M1035_4	M2344_4	55	1270	1183	1249
M1035_4	M2451_4	55	1269	1110	1177
M1035_4	M595_4	55	1291	1268	1344
M1035_4	M900_4	55	1195	1174	1223
M1035_4	M933_4	55	1444	1431	1489
M1540_4	F208_4	55	1122	243	243
M1540_4	F2540_4	55	1358	31	31
M1540_4	F523_4	55	1251	515	515
M1540_4	F676_4	55	1367	154	154
M1540_4	F691_4	55	1163	1046	1046
M1540_4	M1035_4	55	1372	1	1
M1540_4	M1780_4	55	1227	883	883
M1540_4	M2216_4	55	1298	40	40
M1540_4	M2344_4	55	1272	42	42
M1540_4	M2451_4	55	1279	25	25
M1540_4	M595_4	55	1312	249	249
M1540_4	M900_4	55	1409	220	220
M1540_4	M933_4	55	1321	222	222
M1780_4	F208_4	55	1288	936	936
M1780_4	F2540_4	55	1103	138	138
M1780_4	F523_4	55	1233	1055	1055
M1780_4	F676_4	55	1297	648	648
M1780_4	F691_4	55	1322	1303	1303
M1780_4	M1035_4	55	1446	49	49
M1780_4	M1540_4	55	1227	661	661
M1780_4	M2216_4	55	1253	273	273
M1780_4	M2344_4	55	1301	322	322
M1780_4	M2451_4	55	1328	253	253
M1780_4	M595_4	55	1251	827	827
M1780_4	M900_4	55	1238	697	697
M1780_4	M933_4	55	1205	809	809
M2216_4	F208_4	55	1223	1059	1059
M2216_4	F2540_4	55	1241	404	404
M2216_4	F523_4	55	1106	1038	1038
M2216_4	F676_4	55	1081	749	749
M2216_4	F691_4	55	1193	1185	1185
M2216_4	M1035_4	55	1219	91	91
M2216_4	M1540_4	55	1298	887	887
M2216_4	M1780_4	55	1253	1225	1225
M2216_4	M2344_4	55	1363	604	604
M2216_4	M2451_4	55	1244	462	462
M2216_4	M595_4	55	1276	1064	1064
M2216_4	M900_4	55	1184	911	911
M2216_4	M933_4	55	1250	996	996
M2344_4	F208_4	55	1305	1275	1275
M2344_4	F2540_4	55	1235	971	971
M2344_4	F523_4	55	1292	1284	1284
M2344_4	F676_4	55	1341	1288	1288
M2344_4	F691_4	55	1252	1251	1251
M2344_4	M1035_4	55	1270	520	520
M2344_4	M1540_4	55	1272	1203	1203
M2344_4	M1780_4	55	1301	1299	1299
M2344_4	M2216_4	55	1363	1151	1151
M2344_4	M2451_4	55	1225	994	994
M2344_4	M595_4	55	1201	1176	1176
M2344_4	M900_4	55	1288	1250	1250
M2344_4	M933_4	55	1205	1181	1181
M2451_4	F208_4	55	1289	1225	3255
M2451_4	F2540_4	55	1191	643	1750
M2451_4	F523_4	55	1231	1203	3253
M2451_4	F676_4	55	1266	1094	2885
M2451_4	F691_4	55	1245	1244	3334
M2451_4	M1035_4	55	1269	215	558
M2451_4	M1540_4	55	1279	1088	2947
M2451_4	M1780_4	55	1328	1318	3498
M2451_4	M2216_4	55	1244	811	2136
M2451_4	M2344_4	55	1225	836	2190
M2451_4	M595_4	55	1352	1263	3377
M2451_4	M900_4	55	1327	1186	3153
M2451_4	M933_4	55	1296	1205	3183
M595_4	F208_4	55	1163	847	1389
M595_4	F2540_4	55	1220	176	299
M595_4	F523_4	55	1269	1097	1771
M595_4	F676_4	55	1265	610	964
M595_4	F691_4	55	1264	1249	1991
M595_4	M1035_4	55	1291	51	70
M595_4	M1540_4	55	1312	617	978
M595_4	M1780_4	55	1251	1212	1946
M595_4	M2216_4	55	1276	312	509
M595_4	M2344_4	55	1201	301	486
M595_4	M2451_4	55	1352	264	401
M595_4	M900_4	55	1285	728	1182
M595_4	M933_4	55	1344	878	1433
M900_4	F208_4	55	1395	175	175
M900_4	F2540_4	55	1122	5	5
M900_4	F523_4	55	1286	316	316
M900_4	F676_4	55	1303	58	58
M900_4	F691_4	55	1340	1067	1067
M900_4	M1035_4	55	1195	2	2
M900_4	M1540_4	55	1409	67	67
M900_4	M1780_4	55	1238	647	647
M900_4	M2216_4	55	1184	17	17
M900_4	M2344_4	55	1288	19	19
M900_4	M2451_4	55	1327	18	18
M900_4	M595_4	55	1285	126	126
M900_4	M933_4	55	1282	113	113
M933_4	F208_4	55	1195	1138	1138
M933_4	F2540_4	55	1219	716	716
M933_4	F523_4	55	1315	1289	1289
M933_4	F676_4	55	1302	1139	1139
M933_4	F691_4	55	1127	1127	1127
M933_4	M1035_4	55	1444	294	294
M933_4	M1540_4	55	1321	1171	1171
M933_4	M1780_4	55	1205	1194	1194
M933_4	M2216_4	55	1250	825	825
M933_4	M2344_4	55	1205	863	863
M933_4	M2451_4	55	1296	809	809
M933_4	M595_4	55	1344	1263	1263
M933_4	M900_4	55	1282	1177	1177
F1752_4	F1809_4	56	1147	65	65
F1752_4	F2218_4	56	1282	316	316
F1752_4	F257_4	56	1375	199	199
F1752_4	F552_4	56	1391	128	128
F1752_4	M1250_4	56	1223	895	895
F1752_4	M1351_4	56	1242	58	58
F1752_4	M1809_4	56	1252	35	35
F1752_4	M1849_4	56	1542	407	407
F1752_4	M2212_4	56	1253	136	136
F1752_4	M2353_4	56	1294	21	21
F1752_4	M807_4	56	1207	563	563
F1752_4	M835_4	56	1222	265	265
F1752_4	M84_4	56	1319	89	89
F1809_4	F1752_4	56	1147	783	783
F1809_4	F2218_4	56	1306	1024	1024
F1809_4	F257_4	56	1348	926	926
F1809_4	F552_4	56	1277	709	709
F1809_4	M1250_4	56	1172	1142	1142
F1809_4	M1351_4	56	1276	506	506
F1809_4	M1809_4	56	1130	267	267
F1809_4	M1849_4	56	1238	1007	1007
F1809_4	M2212_4	56	1107	644	644
F1809_4	M2353_4	56	1343	208	208
F1809_4	M807_4	56	1250	1130	1130
F1809_4	M835_4	56	1216	935	935
F1809_4	M84_4	56	1217	589	589
F2218_4	F1752_4	56	1282	183	274
F2218_4	F1809_4	56	1306	62	98
F2218_4	F257_4	56	1244	198	296
F2218_4	F552_4	56	1317	119	190
F2218_4	M1250_4	56	1365	984	1509
F2218_4	M1351_4	56	1242	62	90
F2218_4	M1809_4	56	1368	25	42
F2218_4	M1849_4	56	1255	352	513
F2218_4	M2212_4	56	1190	112	167
F2218_4	M2353_4	56	1212	15	22
F2218_4	M807_4	56	1287	536	834
F2218_4	M835_4	56	1318	261	388
F2218_4	M84_4	56	1309	105	162
F257_4	F1752_4	56	1375	663	850
F257_4	F1809_4	56	1348	330	404
F257_4	F2218_4	56	1244	760	971
F257_4	F552_4	56	1199	364	463
F257_4	M1250_4	56	1118	1035	1295
F257_4	M1351_4	56	1310	261	336
F257_4	M1809_4	56	1262	138	166
F257_4	M1849_4	56	1205	768	983
F257_4	M2212_4	56	1228	447	594
F257_4	M2353_4	56	1297	94	122
F257_4	M807_4	56	1137	927	1204
F257_4	M835_4	56	1205	712	919
F257_4	M84_4	56	1354	412	536
F552_4	F1752_4	56	1391	728	1856
F552_4	F1809_4	56	1277	339	867
F552_4	F2218_4	56	1317	867	2322
F552_4	F257_4	56	1199	643	1700
F552_4	M1250_4	56	1230	1143	3038
F552_4	M1351_4	56	1321	348	911
F552_4	M1809_4	56	1074	125	333
F552_4	M1849_4	56	1255	885	2355
F552_4	M2212_4	56	1219	483	1231
F552_4	M2353_4	56	1262	115	303
F552_4	M807_4	56	1158	981	2594
F552_4	M835_4	56	1373	877	2351
F552_4	M84_4	56	1399	475	1224
M1250_4	F1752_4	56	1223	387	1033
M1250_4	F1809_4	56	1172	211	532
M1250_4	F2218_4	56	1365	648	1716
M1250_4	F257_4	56	1118	396	1057
M1250_4	F552_4	56	1230	273	696
M1250_4	M1351_4	56	1195	144	371
M1250_4	M1809_4	56	1233	91	231
M1250_4	M1849_4	56	1075	568	1475
M1250_4	M2212_4	56	1183	310	792
M1250_4	M2353_4	56	1278	68	187
M1250_4	M807_4	56	1189	886	2355
M1250_4	M835_4	56	1362	605	1553
M1250_4	M84_4	56	1362	258	677
M1351_4	F1752_4	56	1242	1112	2705
M1351_4	F1809_4	56	1276	958	2356
M1351_4	F2218_4	56	1242	1159	2837
M1351_4	F257_4	56	1310	1187	2907
M1351_4	F552_4	56	1321	1066	2618
M1351_4	M1250_4	56	1195	1183	2876
M1351_4	M1809_4	56	1302	737	1859
M1351_4	M1849_4	56	1247	1175	2882
M1351_4	M2212_4	56	1355	1173	2882
M1351_4	M2353_4	56	1258	566	1387
M1351_4	M807_4	56	1259	1240	3011
M1351_4	M835_4	56	1166	1081	2599
M1351_4	M84_4	56	1193	938	2276
M1809_4	F1752_4	56	1252	154	221
M1809_4	F1809_4	56	1130	66	92
M1809_4	F2218_4	56	1368	265	374
M1809_4	F257_4	56	1262	172	258
M1809_4	F552_4	56	1074	69	104
M1809_4	M1250_4	56	1233	830	1187
M1809_4	M1351_4	56	1302	60	89
M1809_4	M1849_4	56	1445	322	461
M1809_4	M2212_4	56	1210	112	156
M1809_4	M2353_4	56	1274	17	22
M1809_4	M807_4	56	1342	542	766
M1809_4	M835_4	56	1389	253	361
M1809_4	M84_4	56	1219	78	107
M1849_4	F1752_4	56	1542	416	416
M1849_4	F1809_4	56	1238	130	130
M1849_4	F2218_4	56	1255	461	461
M1849_4	F257_4	56	1205	329	329
M1849_4	F552_4	56	1255	176	176
M1849_4	M1250_4	56	1075	893	893
M1849_4	M1351_4	56	1247	115	115
M1849_4	M1809_4	56	1445	56	56
M1849_4	M2212_4	56	1393	277	277
M1849_4	M2353_4	56	1096	46	46
M1849_4	M807_4	56	1223	777	777
M1849_4	M835_4	56	1241	449	449
M1849_4	M84_4	56	1209	178	178
M2212_4	F1752_4	56	1253	767	767
M2212_4	F1809_4	56	1107	387	387
M2212_4	F2218_4	56	1190	875	875
M2212_4	F257_4	56	1228	742	742
M2212_4	F552_4	56	1219	557	557
M2212_4	M1250_4	56	1183	1149	1149
M2212_4	M1351_4	56	1355	437	437
M2212_4	M1809_4	56	1210	215	215
M2212_4	M1849_4	56	1393	1035	1035
M2212_4	M2353_4	56	1318	147	147
M2212_4	M807_4	56	1265	1115	1115
M2212_4	M835_4	56	1252	894	894
M2212_4	M84_4	56	1291	534	534
M2353_4	F1752_4	56	1294	814	814
M2353_4	F1809_4	56	1343	439	439
M2353_4	F2218_4	56	1212	885	885
M2353_4	F257_4	56	1297	812	812
M2353_4	F552_4	56	1262	562	562
M2353_4	M1250_4	56	1278	1228	1228
M2353_4	M1351_4	56	1258	411	411
M2353_4	M1809_4	56	1274	220	220
M2353_4	M1849_4	56	1096	826	826
M2353_4	M2212_4	56	1318	688	688
M2353_4	M807_4	56	1274	1116	1116
M2353_4	M835_4	56	1348	933	933
M2353_4	M84_4	56	1321	546	546
M807_4	F1752_4	56	1207	995	995
M807_4	F1809_4	56	1250	761	761
M807_4	F2218_4	56	1287	1160	1160
M807_4	F257_4	56	1137	951	951
M807_4	F552_4	56	1158	830	830
M807_4	M1250_4	56	1189	1171	1171
M807_4	M1351_4	56	1259	738	738
M807_4	M1809_4	56	1342	527	527
M807_4	M1849_4	56	1223	1107	1107
M807_4	M2212_4	56	1265	962	962
M807_4	M2353_4	56	1274	391	391
M807_4	M835_4	56	1161	1036	1036
M807_4	M84_4	56	1183	807	807
M835_4	F1752_4	56	1222	75	75
M835_4	F1809_4	56	1216	29	29
M835_4	F2218_4	56	1318	143	143
M835_4	F257_4	56	1205	85	85
M835_4	F552_4	56	1373	45	45
M835_4	M1250_4	56	1362	691	691
M835_4	M1351_4	56	1166	36	36
M835_4	M1809_4	56	1389	9	9
M835_4	M1849_4	56	1241	155	155
M835_4	M2212_4	56	1252	59	59
M835_4	M2353_4	56	1348	13	13
M835_4	M807_4	56	1161	275	275
M835_4	M84_4	56	1155	25	25
M84_4	F1752_4	56	1319	1104	1467
M84_4	F1809_4	56	1217	691	931
M84_4	F2218_4	56	1309	1152	1546
M84_4	F257_4	56	1354	1098	1508
M84_4	F552_4	56	1399	964	1277
M84_4	M1250_4	56	1362	1345	1809
M84_4	M1351_4	56	1193	656	872
M84_4	M1809_4	56	1219	452	575
M84_4	M1849_4	56	1209	1089	1437
M84_4	M2212_4	56	1291	939	1275
M84_4	M2353_4	56	1321	361	479
M84_4	M807_4	56	1183	1117	1505
M84_4	M835_4	56	1155	1010	1391
F203_4	F2300_4	57	1112	457	974
F203_4	F594_4	57	1328	431	928
F203_4	F755_4	57	1142	159	337
F203_4	F846_4	57	1255	113	247
F203_4	M158_4	57	1293	1159	2573
F203_4	M2059_4	57	1408	797	1754
F203_4	M213_4	57	1297	292	614
F203_4	M2272_4	57	1342	1112	2457
F203_4	M2530_4	57	1045	302	657
F203_4	M473_4	57	1235	293	618
F203_4	M772_4	57	1194	125	292
F203_4	M774_4	57	1171	366	780
F203_4	M815_4	57	1041	795	1735
F2300_4	F203_4	57	1112	318	561
F2300_4	F594_4	57	1307	621	1072
F2300_4	F755_4	57	1201	301	524
F2300_4	F846_4	57	1304	180	296
F2300_4	M158_4	57	1404	1326	2255
F2300_4	M2059_4	57	1384	984	1721
F2300_4	M213_4	57	1244	440	782
F2300_4	M2272_4	57	1225	1113	1972
F2300_4	M2530_4	57	1335	588	1032
F2300_4	M473_4	57	1251	409	737
F2300_4	M772_4	57	1445	275	483
F2300_4	M774_4	57	1301	584	1015
F2300_4	M815_4	57	1186	1030	1771
F594_4	F203_4	57	1328	357	1305
F594_4	F2300_4	57	1307	686	2525
F594_4	F755_4	57	1058	173	640
F594_4	F846_4	57	1222	140	531
F594_4	M158_4	57	1139	1044	3762
F594_4	M2059_4	57	1314	808	2988
F594_4	M213_4	57	1334	403	1538
F594_4	M2272_4	57	1296	1126	4145
F594_4	M2530_4	57	1291	495	1803
F594_4	M473_4	57	1376	382	1425
F594_4	M772_4	57	1169	169	607
F594_4	M774_4	57	1249	463	1728
F594_4	M815_4	57	1259	1026	3712
F755_4	F203_4	57	1142	59	59
F755_4	F2300_4	57	1201	161	161
F755_4	F594_4	57	1058	91	91
F755_4	F846_4	57	1199	24	24
F755_4	M158_4	57	1236	751	751
F755_4	M2059_4	57	1126	249	249
F755_4	M213_4	57	1306	73	73
F755_4	M2272_4	57	1256	614	614
F755_4	M2530_4	57	1169	79	79
F755_4	M473_4	57	1290	81	81
F755_4	M772_4	57	1080	36	36
F755_4	M774_4	57	1246	96	96
F755_4	M815_4	57	1437	555	555
F846_4	F203_4	57	1255	35	47
F846_4	F2300_4	57	1304	154	261
F846_4	F594_4	57	1222	79	136
F846_4	F755_4	57	1199	36	54
F846_4	M158_4	57	1264	728	1282
F846_4	M2059_4	57	1241	218	346
F846_4	M213_4	57	1306	60	107
F846_4	M2272_4	57	1245	538	915
F846_4	M2530_4	57	1427	97	180
F846_4	M473_4	57	1204	51	93
F846_4	M772_4	57	1364	34	64
F846_4	M774_4	57	1288	98	172
F846_4	M815_4	57	1256	428	753
M158_4	F203_4	57	1293	623	1719
M158_4	F2300_4	57	1404	1015	2733
M158_4	F594_4	57	1139	766	2076
M158_4	F755_4	57	1236	491	1299
M158_4	F846_4	57	1264	307	819
M158_4	M2059_4	57	1069	900	2494
M158_4	M213_4	57	1129	600	1641
M158_4	M2272_4	57	1106	1050	3023
M158_4	M2530_4	57	1257	785	2213
M158_4	M473_4	57	1268	645	1750
M158_4	M772_4	57	1242	408	1097
M158_4	M774_4	57	1208	774	2117
M158_4	M815_4	57	1356	1254	3431
M2059_4	F203_4	57	1408	387	394
M2059_4	F2300_4	57	1384	795	802
M2059_4	F594_4	57	1314	646	655
M2059_4	F755_4	57	1126	221	227
M2059_4	F846_4	57	1241	167	169
M2059_4	M158_4	57	1069	1006	1021
M2059_4	M213_4	57	1259	416	425
M2059_4	M2272_4	57	1228	1108	1129
M2059_4	M2530_4	57	1197	563	572
M2059_4	M473_4	57	1243	408	416
M2059_4	M772_4	57	1267	242	245
M2059_4	M774_4	57	1312	559	570
M2059_4	M815_4	57	1210	1033	1050
M213_4	F203_4	57	1297	235	640
M213_4	F2300_4	57	1244	510	1368
M213_4	F594_4	57	1334	402	1071
M213_4	F755_4	57	1306	180	452
M213_4	F846_4	57	1306	98	239
M213_4	M158_4	57	1129	1009	2632
M213_4	M2059_4	57	1259	729	1886
M213_4	M2272_4	57	1428	1178	3157
M213_4	M2530_4	57	1240	385	1067
M213_4	M473_4	57	1185	304	803
M213_4	M772_4	57	1197	130	346
M213_4	M774_4	57	1251	403	1103
M213_4	M815_4	57	1352	1029	2674
M2272_4	F203_4	57	1342	163	232
M2272_4	F2300_4	57	1225	390	546
M2272_4	F594_4	57	1296	326	476
M2272_4	F755_4	57	1256	117	165
M2272_4	F846_4	57	1245	67	106
M2272_4	M158_4	57	1106	907	1372
M2272_4	M2059_4	57	1228	600	876
M2272_4	M213_4	57	1428	232	348
M2272_4	M2530_4	57	1259	268	401
M2272_4	M473_4	57	1130	186	279
M2272_4	M772_4	57	1165	82	122
M2272_4	M774_4	57	1191	265	392
M2272_4	M815_4	57	1243	868	1268
M2530_4	F203_4	57	1045	194	194
M2530_4	F2300_4	57	1335	594	594
M2530_4	F594_4	57	1291	419	419
M2530_4	F755_4	57	1169	171	171
M2530_4	F846_4	57	1427	103	103
M2530_4	M158_4	57	1257	1103	1103
M2530_4	M2059_4	57	1197	703	703
M2530_4	M213_4	57	1240	294	294
M2530_4	M2272_4	57	1259	1044	1044
M2530_4	M473_4	57	1187	268	268
M2530_4	M772_4	57	1321	163	163
M2530_4	M774_4	57	1315	420	420
M2530_4	M815_4	57	1236	965	965
M473_4	F203_4	57	1235	844	844
M473_4	F2300_4	57	1251	1082	1082
M473_4	F594_4	57	1376	1080	1080
M473_4	F755_4	57	1290	740	740
M473_4	F846_4	57	1204	532	532
M473_4	M158_4	57	1268	1241	1241
M473_4	M2059_4	57	1243	1141	1141
M473_4	M213_4	57	1185	843	843
M473_4	M2272_4	57	1130	1103	1103
M473_4	M2530_4	57	1187	922	922
M473_4	M772_4	57	1175	664	664
M473_4	M774_4	57	1227	992	992
M473_4	M815_4	57	1067	1023	1023
M772_4	F203_4	57	1194	650	1111
M772_4	F2300_4	57	1445	1143	2027
M772_4	F594_4	57	1169	804	1446
M772_4	F755_4	57	1080	464	800
M772_4	F846_4	57	1364	390	682
M772_4	M158_4	57	1242	1214	2199
M772_4	M2059_4	57	1267	1085	1937
M772_4	M213_4	57	1197	687	1256
M772_4	M2272_4	57	1165	1112	1950
M772_4	M2530_4	57	1321	875	1589
M772_4	M473_4	57	1175	681	1184
M772_4	M774_4	57	1230	845	1541
M772_4	M815_4	57	1495	1399	2490
M774_4	F203_4	57	1171	357	688
M774_4	F2300_4	57	1301	776	1519
M774_4	F594_4	57	1249	613	1140
M774_4	F755_4	57	1246	326	658
M774_4	F846_4	57	1288	210	412
M774_4	M158_4	57	1208	1127	2150
M774_4	M2059_4	57	1312	943	1799
M774_4	M213_4	57	1251	446	856
M774_4	M2272_4	57	1191	1078	2102
M774_4	M2530_4	57	1315	601	1149
M774_4	M473_4	57	1227	452	863
M774_4	M772_4	57	1230	268	503
M774_4	M815_4	57	1255	1063	2080
M815_4	F203_4	57	1041	489	1142
M815_4	F2300_4	57	1186	905	2144
M815_4	F594_4	57	1259	825	1945
M815_4	F755_4	57	1437	603	1437
M815_4	F846_4	57	1256	351	858
M815_4	M158_4	57	1356	1309	3158
M815_4	M2059_4	57	1210	1006	2428
M815_4	M213_4	57	1352	723	1709
M815_4	M2272_4	57	1243	1173	2769
M815_4	M2530_4	57	1236	788	1802
M815_4	M473_4	57	1067	578	1379
M815_4	M772_4	57	1495	529	1252
M815_4	M774_4	57	1255	805	1932
F1493_4	F1538_4	58	1354	261	295
F1493_4	F2170_4	58	1266	1022	1156
F1493_4	F295_4	58	1182	346	398
F1493_4	F320_4	58	1202	58	68
F1493_4	F577_4	58	1201	532	623
F1493_4	F865_4	58	1276	857	979
F1493_4	M1187_4	58	1219	569	650
F1493_4	M1460_4	58	1307	743	835
F1493_4	M1553_4	58	1326	404	460
F1493_4	M1636_4	58	1146	182	203
F1493_4	M1781_4	58	1259	473	543
F1493_4	M2762_4	58	1196	45	55
F1493_4	M545_4	58	1141	109	120
F1538_4	F1493_4	58	1354	330	330
F1538_4	F2170_4	58	1139	826	826
F1538_4	F295_4	58	1102	245	245
F1538_4	F320_4	58	1281	50	50
F1538_4	F577_4	58	1240	432	432
F1538_4	F865_4	58	1203	627	627
F1538_4	M1187_4	58	1205	411	411
F1538_4	M1460_4	58	1365	630	630
F1538_4	M1553_4	58	1186	251	251
F1538_4	M1636_4	58	1217	130	130
F1538_4	M1781_4	58	1340	360	360
F1538_4	M2762_4	58	1200	29	29
F1538_4	M545_4	58	1248	52	52
F2170_4	F1493_4	58	1266	1083	1083
F2170_4	F1538_4	58	1139	838	838
F2170_4	F295_4	58	1193	993	993
F2170_4	F320_4	58	1309	544	544
F2170_4	F577_4	58	1229	1096	1096
F2170_4	F865_4	58	1282	1228	1228
F2170_4	M1187_4	58	1187	1080	1080
F2170_4	M1460_4	58	1123	1058	1058
F2170_4	M1553_4	58	1167	969	969
F2170_4	M1636_4	58	1394	934	934
F2170_4	M1781_4	58	1265	1122	1122
F2170_4	M2762_4	58	1229	428	428
F2170_4	M545_4	58	1193	599	599
F295_4	F1493_4	58	1182	750	750
F295_4	F1538_4	58	1102	481	481
F295_4	F2170_4	58	1193	1083	1083
F295_4	F320_4	58	1132	188	188
F295_4	F577_4	58	1335	961	961
F295_4	F865_4	58	1304	1100	1100
F295_4	M1187_4	58	1359	964	964
F295_4	M1460_4	58	1247	1019	1019
F295_4	M1553_4	58	1377	747	747
F295_4	M1636_4	58	1290	505	505
F295_4	M1781_4	58	1191	801	801
F295_4	M2762_4	58	1274	178	178
F295_4	M545_4	58	1170	283	283
F320_4	F1493_4	58	1202	224	502
F320_4	F1538_4	58	1281	150	338
F320_4	F2170_4	58	1309	840	1854
F320_4	F295_4	58	1132	184	411
F320_4	F577_4	58	1325	321	753
F320_4	F865_4	58	1298	599	1345
F320_4	M1187_4	58	1313	356	794
F320_4	M1460_4	58	1376	517	1128
F320_4	M1553_4	58	1223	202	430
F320_4	M1636_4	58	1275	99	215
F320_4	M1781_4	58	1209	265	584
F320_4	M2762_4	58	1235	19	41
F320_4	M545_4	58	1176	57	130
F577_4	F1493_4	58	1201	1121	1121
F577_4	F1538_4	58	1240	1034	1034
F577_4	F2170_4	58	1229	1213	1213
F577_4	F295_4	58	1335	1184	1184
F577_4	F320_4	58	1325	743	743
F577_4	F865_4	58	1252	1217	1217
F577_4	M1187_4	58	1223	1156	1156
F577_4	M1460_4	58	1305	1256	1256
F577_4	M1553_4	58	1310	1166	1166
F577_4	M1636_4	58	1202	965	965
F577_4	M1781_4	58	1197	1106	1106
F577_4	M2762_4	58	1216	563	563
F577_4	M545_4	58	1185	758	758
F865_4	F1493_4	58	1276	328	1002
F865_4	F1538_4	58	1203	179	568
F865_4	F2170_4	58	1282	945	3026
F865_4	F295_4	58	1304	312	959
F865_4	F320_4	58	1298	54	166
F865_4	F577_4	58	1252	463	1481
F865_4	M1187_4	58	1213	425	1351
F865_4	M1460_4	58	1195	619	1947
F865_4	M1553_4	58	1207	295	923
F865_4	M1636_4	58	1179	144	435
F865_4	M1781_4	58	1266	412	1313
F865_4	M2762_4	58	1208	37	111
F865_4	M545_4	58	1242	81	229
M1187_4	F1493_4	58	1219	992	1112
M1187_4	F1538_4	58	1205	801	877
M1187_4	F2170_4	58	1187	1150	1255
M1187_4	F295_4	58	1359	1088	1190
M1187_4	F320_4	58	1313	500	557
M1187_4	F577_4	58	1223	1072	1197
M1187_4	F865_4	58	1213	1148	1268
M1187_4	M1460_4	58	1256	1172	1307
M1187_4	M1553_4	58	1400	1124	1234
M1187_4	M1636_4	58	1280	834	912
M1187_4	M1781_4	58	1210	1034	1144
M1187_4	M2762_4	58	1203	366	401
M1187_4	M545_4	58	1207	569	640
M1460_4	F1493_4	58	1307	1248	4649
M1460_4	F1538_4	58	1365	1202	4407
M1460_4	F2170_4	58	1123	1111	4184
M1460_4	F295_4	58	1247	1161	4348
M1460_4	F320_4	58	1376	933	3466
M1460_4	F577_4	58	1305	1256	4719
M1460_4	F865_4	58	1195	1185	4487
M1460_4	M1187_4	58	1256	1199	4463
M1460_4	M1553_4	58	1202	1127	4212
M1460_4	M1636_4	58	1362	1183	4434
M1460_4	M1781_4	58	1237	1185	4452
M1460_4	M2762_4	58	1339	794	2921
M1460_4	M545_4	58	1264	963	3582
M1553_4	F1493_4	58	1326	1078	1078
M1553_4	F1538_4	58	1186	834	834
M1553_4	F2170_4	58	1167	1128	1128
M1553_4	F295_4	58	1377	1092	1092
M1553_4	F320_4	58	1223	394	394
M1553_4	F577_4	58	1310	1149	1149
M1553_4	F865_4	58	1207	1124	1124
M1553_4	M1187_4	58	1400	1214	1214
M1553_4	M1460_4	58	1202	1121	1121
M1553_4	M1636_4	58	1229	771	771
M1553_4	M1781_4	58	1226	1019	1019
M1553_4	M2762_4	58	1332	366	366
M1553_4	M545_4	58	1191	520	520
M1636_4	F1493_4	58	1146	988	1348
M1636_4	F1538_4	58	1217	856	1140
M1636_4	F2170_4	58	1394	1367	1856
M1636_4	F295_4	58	1290	1029	1392
M1636_4	F320_4	58	1275	489	669
M1636_4	F577_4	58	1202	1064	1397
M1636_4	F865_4	58	1179	1125	1495
M1636_4	M1187_4	58	1280	1131	1500
M1636_4	M1460_4	58	1362	1258	1700
M1636_4	M1553_4	58	1229	998	1330
M1636_4	M1781_4	58	1192	1044	1362
M1636_4	M2762_4	58	1323	444	592
M1636_4	M545_4	58	1252	602	785
M1781_4	F1493_4	58	1259	518	518
M1781_4	F1538_4	58	1340	348	348
M1781_4	F2170_4	58	1265	1090	1090
M1781_4	F295_4	58	1191	454	454
M1781_4	F320_4	58	1209	96	96
M1781_4	F577_4	58	1197	661	661
M1781_4	F865_4	58	1266	927	927
M1781_4	M1187_4	58	1210	669	669
M1781_4	M1460_4	58	1237	811	811
M1781_4	M1553_4	58	1226	481	481
M1781_4	M1636_4	58	1192	267	267
M1781_4	M2762_4	58	1259	81	81
M1781_4	M545_4	58	1356	178	178
M2762_4	F1493_4	58	1196	1194	1194
M2762_4	F1538_4	58	1200	1191	1191
M2762_4	F2170_4	58	1229	1229	1229
M2762_4	F295_4	58	1274	1269	1269
M2762_4	F320_4	58	1235	1196	1196
M2762_4	F577_4	58	1216	1215	1215
M2762_4	F865_4	58	1208	1207	1207
M2762_4	M1187_4	58	1203	1199	1199
M2762_4	M1460_4	58	1339	1338	1338
M2762_4	M1553_4	58	1332	1325	1325
M2762_4	M1636_4	58	1323	1314	1314
M2762_4	M1781_4	58	1259	1253	1253
M2762_4	M545_4	58	1314	1285	1285
M545_4	F1493_4	58	1141	210	210
M545_4	F1538_4	58	1248	128	128
M545_4	F2170_4	58	1193	761	761
M545_4	F295_4	58	1170	164	164
M545_4	F320_4	58	1176	29	29
M545_4	F577_4	58	1185	306	306
M545_4	F865_4	58	1242	562	562
M545_4	M1187_4	58	1207	305	305
M545_4	M1460_4	58	1264	488	488
M545_4	M1553_4	58	1191	175	175
M545_4	M1636_4	58	1252	104	104
M545_4	M1781_4	58	1356	285	285
M545_4	M2762_4	58	1314	31	31
F1201_4	F1911_4	59	1418	1353	4439
F1201_4	F2006_4	59	1189	851	2701
F1201_4	F2094_4	59	1149	949	3065
F1201_4	F2176_4	59	1362	457	1480
F1201_4	F273_4	59	1284	1126	3769
F1201_4	F2767_4	59	1159	819	2658
F1201_4	M1085_4	59	1342	1134	3792
F1201_4	M1495_4	59	1333	1222	3998
F1201_4	M1554_4	59	1222	828	2798
F1201_4	M2177_4	59	1373	1298	4215
F1201_4	M234_4	59	1214	868	2893
F1201_4	M318_4	59	1369	1350	4506
F1201_4	M593_4	59	1307	284	909
F1911_4	F1201_4	59	1418	574	574
F1911_4	F2006_4	59	1243	624	624
F1911_4	F2094_4	59	1363	818	818
F1911_4	F2176_4	59	1221	196	196
F1911_4	F273_4	59	1249	909	909
F1911_4	F2767_4	59	1233	579	579
F1911_4	M1085_4	59	1163	833	833
F1911_4	M1495_4	59	1372	1106	1106
F1911_4	M1554_4	59	1197	534	534
F1911_4	M2177_4	59	1196	1041	1041
F1911_4	M234_4	59	1353	654	654
F1911_4	M318_4	59	1197	1160	1160
F1911_4	M593_4	59	1174	104	104
F2006_4	F1201_4	59	1189	92	170
F2006_4	F1911_4	59	1243	563	1014
F2006_4	F2094_4	59	1165	176	306
F2006_4	F2176_4	59	1226	33	58
F2006_4	F273_4	59	1186	306	556
F2006_4	F2767_4	59	1411	136	252
F2006_4	M1085_4	59	1408	287	537
F2006_4	M1495_4	59	1146	376	685
F2006_4	M1554_4	59	1351	122	217
F2006_4	M2177_4	59	1280	571	1077
F2006_4	M234_4	59	1248	123	245
F2006_4	M318_4	59	1129	815	1487
F2006_4	M593_4	59	1332	12	25
F2094_4	F1201_4	59	1149	402	1578
F2094_4	F1911_4	59	1363	1163	4740
F2094_4	F2006_4	59	1165	498	1975
F2094_4	F2176_4	59	1365	183	694
F2094_4	F273_4	59	1174	787	3089
F2094_4	F2767_4	59	1268	508	2015
F2094_4	M1085_4	59	1390	884	3523
F2094_4	M1495_4	59	1180	897	3629
F2094_4	M1554_4	59	1338	487	1977
F2094_4	M2177_4	59	1219	1018	4053
F2094_4	M234_4	59	1296	565	2157
F2094_4	M318_4	59	1288	1219	4843
F2094_4	M593_4	59	1198	102	395
F2176_4	F1201_4	59	1362	445	727
F2176_4	F1911_4	59	1221	1041	1614
F2176_4	F2006_4	59	1226	530	830
F2176_4	F2094_4	59	1365	733	1135
F2176_4	F273_4	59	1275	851	1296
F2176_4	F2767_4	59	1307	537	822
F2176_4	M1085_4	59	1202	744	1153
F2176_4	M1495_4	59	1287	960	1481
F2176_4	M1554_4	59	1287	499	756
F2176_4	M2177_4	59	1326	1098	1684
F2176_4	M234_4	59	1130	488	767
F2176_4	M318_4	59	1192	1134	1799
F2176_4	M593_4	59	1308	94	150
F273_4	F1201_4	59	1284	1164	1206
F273_4	F1911_4	59	1249	1244	1303
F273_4	F2006_4	59	1186	1109	1151
F273_4	F2094_4	59	1174	1128	1174
F273_4	F2176_4	59	1275	980	1025
F273_4	F2767_4	59	1255	1170	1220
F273_4	M1085_4	59	1237	1196	1252
F273_4	M1495_4	59	1113	1091	1154
F273_4	M1554_4	59	1270	1184	1243
F273_4	M2177_4	59	1332	1324	1379
F273_4	M234_4	59	1253	1177	1237
F273_4	M318_4	59	1246	1244	1304
F273_4	M593_4	59	1303	810	855
F2767_4	F1201_4	59	1159	65	65
F2767_4	F1911_4	59	1233	490	490
F2767_4	F2006_4	59	1411	112	112
F2767_4	F2094_4	59	1268	156	156
F2767_4	F2176_4	59	1307	28	28
F2767_4	F273_4	59	1255	270	270
F2767_4	M1085_4	59	1115	183	183
F2767_4	M1495_4	59	1172	309	309
F2767_4	M1554_4	59	1242	97	97
F2767_4	M2177_4	59	1243	480	480
F2767_4	M234_4	59	1372	105	105
F2767_4	M318_4	59	1357	920	920
F2767_4	M593_4	59	1207	10	10
M1085_4	F1201_4	59	1342	393	928
M1085_4	F1911_4	59	1163	972	2389
M1085_4	F2006_4	59	1408	539	1373
M1085_4	F2094_4	59	1390	759	1954
M1085_4	F2176_4	59	1202	147	362
M1085_4	F273_4	59	1237	795	1965
M1085_4	F2767_4	59	1115	410	1033
M1085_4	M1495_4	59	1193	867	2208
M1085_4	M1554_4	59	1286	484	1243
M1085_4	M2177_4	59	1381	1126	2852
M1085_4	M234_4	59	1263	501	1265
M1085_4	M318_4	59	1344	1260	3114
M1085_4	M593_4	59	1187	84	208
M1495_4	F1201_4	59	1333	265	265
M1495_4	F1911_4	59	1372	1021	1021
M1495_4	F2006_4	59	1146	321	321
M1495_4	F2094_4	59	1180	482	482
M1495_4	F2176_4	59	1287	114	114
M1495_4	F273_4	59	1113	592	592
M1495_4	F2767_4	59	1172	304	304
M1495_4	M1085_4	59	1193	571	571
M1495_4	M1554_4	59	1288	343	343
M1495_4	M2177_4	59	1280	937	937
M1495_4	M234_4	59	1286	345	345
M1495_4	M318_4	59	1202	1114	1114
M1495_4	M593_4	59	1173	49	49
M1554_4	F1201_4	59	1222	844	844
M1554_4	F1911_4	59	1197	1137	1137
M1554_4	F2006_4	59	1351	1073	1073
M1554_4	F2094_4	59	1338	1124	1124
M1554_4	F2176_4	59	1287	513	513
M1554_4	F273_4	59	1270	1142	1142
M1554_4	F2767_4	59	1242	911	911
M1554_4	M1085_4	59	1286	1158	1158
M1554_4	M1495_4	59	1288	1201	1201
M1554_4	M2177_4	59	1103	1055	1055
M1554_4	M234_4	59	1336	1032	1032
M1554_4	M318_4	59	1310	1293	1293
M1554_4	M593_4	59	1199	371	371
M2177_4	F1201_4	59	1373	447	447
M2177_4	F1911_4	59	1196	1002	1002
M2177_4	F2006_4	59	1280	522	522
M2177_4	F2094_4	59	1219	664	664
M2177_4	F2176_4	59	1326	158	158
M2177_4	F273_4	59	1332	894	894
M2177_4	F2767_4	59	1243	487	487
M2177_4	M1085_4	59	1381	860	860
M2177_4	M1495_4	59	1280	963	963
M2177_4	M1554_4	59	1103	427	427
M2177_4	M234_4	59	1361	586	586
M2177_4	M318_4	59	1351	1269	1269
M2177_4	M593_4	59	1274	80	80
M234_4	F1201_4	59	1214	335	458
M234_4	F1911_4	59	1353	1091	1518
M234_4	F2006_4	59	1248	460	641
M234_4	F2094_4	59	1296	623	860
M234_4	F2176_4	59	1130	127	174
M234_4	F273_4	59	1253	752	1039
M234_4	F2767_4	59	1372	455	625
M234_4	M1085_4	59	1263	708	1032
M234_4	M1495_4	59	1286	891	1265
M234_4	M1554_4	59	1336	416	560
M234_4	M2177_4	59	1361	1059	1467
M234_4	M318_4	59	1408	1304	1863
M234_4	M593_4	59	1074	62	93
M318_4	F1201_4	59	1369	924	924
M318_4	F1911_4	59	1197	1151	1151
M318_4	F2006_4	59	1129	849	849
M318_4	F2094_4	59	1288	1077	1077
M318_4	F2176_4	59	1192	461	461
M318_4	F273_4	59	1246	1132	1132
M318_4	F2767_4	59	1357	994	994
M318_4	M1085_4	59	1344	1185	1185
M318_4	M1495_4	59	1202	1118	1118
M318_4	M1554_4	59	1310	965	965
M318_4	M2177_4	59	1351	1283	1283
M318_4	M234_4	59	1408	1054	1054
M318_4	M593_4	59	1265	362	362
M593_4	F1201_4	59	1307	414	742
M593_4	F1911_4	59	1174	977	1757
M593_4	F2006_4	59	1332	565	964
M593_4	F2094_4	59	1198	628	1104
M593_4	F2176_4	59	1308	162	267
M593_4	F273_4	59	1303	911	1598
M593_4	F2767_4	59	1207	472	837
M593_4	M1085_4	59	1187	715	1266
M593_4	M1495_4	59	1173	880	1561
M593_4	M1554_4	59	1199	485	865
M593_4	M2177_4	59	1274	1072	1931
M593_4	M234_4	59	1074	448	786
M593_4	M318_4	59	1265	1198	2150
F1494_4	F1736_4	60	1300	783	783
F1494_4	F1791_4	60	1295	728	728
F1494_4	F2412_4	60	1179	628	628
F1494_4	F2494_4	60	1361	978	978
F1494_4	F2641_4	60	1318	969	969
F1494_4	F289_4	60	1254	957	957
F1494_4	F313_4	60	1266	1123	1123
F1494_4	M1191_4	60	1291	875	875
F1494_4	M1547_4	60	1352	98	98
F1494_4	M2360_4	60	1173	1157	1157
F1494_4	M377_4	60	1304	871	871
F1494_4	M536_4	60	1265	714	714
F1494_4	M569_4	60	1292	772	772
F1736_4	F1494_4	60	1300	1209	4893
F1736_4	F1791_4	60	1239	952	3857
F1736_4	F2412_4	60	1222	891	3563
F1736_4	F2494_4	60	1247	1082	4381
F1736_4	F2641_4	60	1279	1094	4419
F1736_4	F289_4	60	1315	1155	4664
F1736_4	F313_4	60	1294	1226	4990
F1736_4	M1191_4	60	1215	998	4054
F1736_4	M1547_4	60	1300	178	694
F1736_4	M2360_4	60	1241	1235	5038
F1736_4	M377_4	60	1251	1043	4309
F1736_4	M536_4	60	1099	820	3358
F1736_4	M569_4	60	1228	937	3789
F1791_4	F1494_4	60	1295	1240	1240
F1791_4	F1736_4	60	1239	1033	1033
F1791_4	F2412_4	60	1335	1071	1071
F1791_4	F2494_4	60	1234	1120	1120
F1791_4	F2641_4	60	1219	1106	1106
F1791_4	F289_4	60	1260	1156	1156
F1791_4	F313_4	60	1331	1285	1285
F1791_4	M1191_4	60	1296	1123	1123
F1791_4	M1547_4	60	1224	246	246
F1791_4	M2360_4	60	1187	1180	1180
F1791_4	M377_4	60	1429	1238	1238
F1791_4	M536_4	60	1511	1234	1234
F1791_4	M569_4	60	1486	1238	1238
F2412_4	F1494_4	60	1179	1008	2542
F2412_4	F1736_4	60	1222	682	1739
F2412_4	F1791_4	60	1335	716	1803
F2412_4	F2494_4	60	1207	843	2140
F2412_4	F2641_4	60	1415	995	2518
F2412_4	F289_4	60	1359	1002	2596
F2412_4	F313_4	60	1261	1093	2794
F2412_4	M1191_4	60	1311	869	2173
F2412_4	M1547_4	60	1142	68	187
F2412_4	M2360_4	60	1324	1297	3326
F2412_4	M377_4	60	1197	775	1990
F2412_4	M536_4	60	1157	627	1661
F2412_4	M569_4	60	1189	663	1662
F2494_4	F1494_4	60	1361	1247	2685
F2494_4	F1736_4	60	1247	900	1920
F2494_4	F1791_4	60	1234	814	1786
F2494_4	F2412_4	60	1207	775	1660
F2494_4	F2641_4	60	1168	961	2102
F2494_4	F289_4	60	1153	990	2219
F2494_4	F313_4	60	1198	1125	2380
F2494_4	M1191_4	60	1201	923	2041
F2494_4	M1547_4	60	1313	139	319
F2494_4	M2360_4	60	1219	1209	2623
F2494_4	M377_4	60	1311	1021	2247
F2494_4	M536_4	60	1272	885	1869
F2494_4	M569_4	60	1341	960	2080
F2641_4	F1494_4	60	1318	859	1920
F2641_4	F1736_4	60	1279	334	741
F2641_4	F1791_4	60	1219	285	614
F2641_4	F2412_4	60	1415	313	718
F2641_4	F2494_4	60	1168	418	937
F2641_4	F289_4	60	1264	555	1212
F2641_4	F313_4	60	1229	839	1831
F2641_4	M1191_4	60	1359	462	1040
F2641_4	M1547_4	60	1398	23	55
F2641_4	M2360_4	60	1261	1188	2701
F2641_4	M377_4	60	1274	452	1022
F2641_4	M536_4	60	1221	290	617
F2641_4	M569_4	60	1376	327	756
F289_4	F1494_4	60	1254	1034	1034
F289_4	F1736_4	60	1315	666	666
F289_4	F1791_4	60	1260	590	590
F289_4	F2412_4	60	1359	579	579
F289_4	F2494_4	60	1153	733	733
F289_4	F2641_4	60	1264	828	828
F289_4	F313_4	60	1246	1071	1071
F289_4	M1191_4	60	1292	736	736
F289_4	M1547_4	60	1360	60	60
F289_4	M2360_4	60	1119	1090	1090
F289_4	M377_4	60	1196	725	725
F289_4	M536_4	60	1173	555	555
F289_4	M569_4	60	1268	613	613
F313_4	F1494_4	60	1266	1202	1202
F313_4	F1736_4	60	1294	1072	1072
F313_4	F1791_4	60	1331	1051	1051
F313_4	F2412_4	60	1261	996	996
F313_4	F2494_4	60	1198	1069	1069
F313_4	F2641_4	60	1229	1097	1097
F313_4	F289_4	60	1246	1153	1153
F313_4	M1191_4	60	1212	1061	1061
F313_4	M1547_4	60	1258	216	216
F313_4	M2360_4	60	1300	1292	1292
F313_4	M377_4	60	1223	1050	1050
F313_4	M536_4	60	1241	1015	1015
F313_4	M569_4	60	1290	1069	1069
M1191_4	F1494_4	60	1291	1091	1091
M1191_4	F1736_4	60	1215	655	655
M1191_4	F1791_4	60	1296	649	649
M1191_4	F2412_4	60	1311	627	627
M1191_4	F2494_4	60	1201	788	788
M1191_4	F2641_4	60	1359	939	939
M1191_4	F289_4	60	1292	929	929
M1191_4	F313_4	60	1212	1048	1048
M1191_4	M1547_4	60	1238	65	65
M1191_4	M2360_4	60	1239	1215	1215
M1191_4	M377_4	60	1353	829	829
M1191_4	M536_4	60	1277	652	652
M1191_4	M569_4	60	1228	649	649
M1547_4	F1494_4	60	1352	646	1280
M1547_4	F1736_4	60	1300	238	493
M1547_4	F1791_4	60	1224	168	362
M1547_4	F2412_4	60	1142	148	307
M1547_4	F2494_4	60	1313	354	711
M1547_4	F2641_4	60	1398	376	769
M1547_4	F289_4	60	1360	407	838
M1547_4	F313_4	60	1258	652	1351
M1547_4	M1191_4	60	1238	258	515
M1547_4	M2360_4	60	1249	1104	2310
M1547_4	M377_4	60	1258	303	602
M1547_4	M536_4	60	1320	221	429
M1547_4	M569_4	60	1332	230	481
M2360_4	F1494_4	60	1173	870	870
M2360_4	F1736_4	60	1241	490	490
M2360_4	F1791_4	60	1187	422	422
M2360_4	F2412_4	60	1324	423	423
M2360_4	F2494_4	60	1219	640	640
M2360_4	F2641_4	60	1261	674	674
M2360_4	F289_4	60	1119	672	672
M2360_4	F313_4	60	1300	1010	1010
M2360_4	M1191_4	60	1239	550	550
M2360_4	M1547_4	60	1249	42	42
M2360_4	M377_4	60	1241	538	538
M2360_4	M536_4	60	1233	432	432
M2360_4	M569_4	60	1172	442	442
M377_4	F1494_4	60	1304	1235	3809
M377_4	F1736_4	60	1251	997	3098
M377_4	F1791_4	60	1429	1070	3284
M377_4	F2412_4	60	1197	909	2832
M377_4	F2494_4	60	1311	1144	3504
M377_4	F2641_4	60	1274	1120	3515
M377_4	F289_4	60	1196	1058	3267
M377_4	F313_4	60	1223	1170	3566
M377_4	M1191_4	60	1353	1165	3614
M377_4	M1547_4	60	1258	176	536
M377_4	M2360_4	60	1241	1237	3898
M377_4	M536_4	60	1387	1036	3227
M377_4	M569_4	60	1141	931	2919
M536_4	F1494_4	60	1265	837	2950
M536_4	F1736_4	60	1099	328	1122
M536_4	F1791_4	60	1511	420	1482
M536_4	F2412_4	60	1157	279	957
M536_4	F2494_4	60	1272	541	1865
M536_4	F2641_4	60	1221	528	1844
M536_4	F289_4	60	1173	587	2039
M536_4	F313_4	60	1241	889	3145
M536_4	M1191_4	60	1277	479	1588
M536_4	M1547_4	60	1320	30	100
M536_4	M2360_4	60	1233	1178	3984
M536_4	M377_4	60	1387	537	1839
M536_4	M569_4	60	1186	414	1439
M569_4	F1494_4	60	1292	1208	2112
M569_4	F1736_4	60	1228	959	1709
M569_4	F1791_4	60	1486	1068	1872
M569_4	F2412_4	60	1189	842	1499
M569_4	F2494_4	60	1341	1155	2060
M569_4	F2641_4	60	1376	1179	2182
M569_4	F289_4	60	1268	1114	1914
M569_4	F313_4	60	1290	1228	2176
M569_4	M1191_4	60	1228	1031	1863
M569_4	M1547_4	60	1332	177	322
M569_4	M2360_4	60	1172	1160	2079
M569_4	M377_4	60	1141	939	1698
M569_4	M536_4	60	1186	902	1565
F1244_4	F1459_4	61	1294	426	426
F1244_4	F1947_4	61	1356	1049	1049
F1244_4	F2125_4	61	1182	510	510
F1244_4	F2286_4	61	1151	115	115
F1244_4	F2400_4	61	1290	412	412
F1244_4	F2591_4	61	1357	416	416
F1244_4	F2787_4	61	1116	816	816
F1244_4	M1382_4	61	1376	412	412
F1244_4	M1609_4	61	1072	521	521
F1244_4	M1677_4	61	1353	165	165
F1244_4	M2352_4	61	1180	295	295
F1244_4	M2376_4	61	1194	448	448
F1244_4	M412_4	61	1143	34	34
F1459_4	F1244_4	61	1294	269	468
F1459_4	F1947_4	61	1254	1061	1813
F1459_4	F2125_4	61	1315	741	1289
F1459_4	F2286_4	61	1356	224	382
F1459_4	F2400_4	61	1263	502	849
F1459_4	F2591_4	61	1280	464	763
F1459_4	F2787_4	61	1282	1018	1762
F1459_4	M1382_4	61	1357	543	915
F1459_4	M1609_4	61	1463	811	1392
F1459_4	M1677_4	61	1421	247	434
F1459_4	M2352_4	61	1210	432	732
F1459_4	M2376_4	61	1324	585	1008
F1459_4	M412_4	61	1242	60	102
F1947_4	F1244_4	61	1356	441	1839
F1947_4	F1459_4	61	1254	670	2895
F1947_4	F2125_4	61	1213	820	3469
F1947_4	F2286_4	61	1234	303	1299
F1947_4	F2400_4	61	1280	658	2801
F1947_4	F2591_4	61	1235	611	2665
F1947_4	F2787_4	61	1258	1056	4543
F1947_4	M1382_4	61	1221	647	2801
F1947_4	M1609_4	61	1325	864	3648
F1947_4	M1677_4	61	1306	304	1282
F1947_4	M2352_4	61	1268	530	2302
F1947_4	M2376_4	61	1305	753	3172
F1947_4	M412_4	61	1373	84	337
F2125_4	F1244_4	61	1182	230	311
F2125_4	F1459_4	61	1315	445	626
F2125_4	F1947_4	61	1213	1002	1338
F2125_4	F2286_4	61	1119	149	200
F2125_4	F2400_4	61	1326	466	624
F2125_4	F2591_4	61	1403	466	627
F2125_4	F2787_4	61	1361	1027	1386
F2125_4	M1382_4	61	1283	445	602
F2125_4	M1609_4	61	1247	601	833
F2125_4	M1677_4	61	1291	195	263
F2125_4	M2352_4	61	1147	303	425
F2125_4	M2376_4	61	1289	514	704
F2125_4	M412_4	61	1282	42	60
F2286_4	F1244_4	61	1151	289	1178
F2286_4	F1459_4	61	1356	628	2633
F2286_4	F1947_4	61	1234	1090	4537
F2286_4	F2125_4	61	1119	651	2777
F2286_4	F2400_4	61	1413	648	2787
F2286_4	F2591_4	61	1244	559	2351
F2286_4	F2787_4	61	1306	1101	4584
F2286_4	M1382_4	61	1259	603	2498
F2286_4	M1609_4	61	1277	771	3220
F2286_4	M1677_4	61	1220	244	993
F2286_4	M2352_4	61	1182	457	1858
F2286_4	M2376_4	61	1302	684	2848
F2286_4	M412_4	61	1267	81	344
F2400_4	F1244_4	61	1290	150	181
F2400_4	F1459_4	61	1263	305	352
F2400_4	F1947_4	61	1280	909	1035
F2400_4	F2125_4	61	1326	448	529
F2400_4	F2286_4	61	1413	108	129
F2400_4	F2591_4	61	1247	269	310
F2400_4	F2787_4	61	1177	764	892
F2400_4	M1382_4	61	1292	276	322
F2400_4	M1609_4	61	1339	487	563
F2400_4	M1677_4	61	1090	94	107
F2400_4	M2352_4	61	1194	201	238
F2400_4	M2376_4	61	1144	319	365
F2400_4	M412_4	61	1217	15	17
F2591_4	F1244_4	61	1357	357	357
F2591_4	F1459_4	61	1280	594	594
F2591_4	F1947_4	61	1235	1084	1084
F2591_4	F2125_4	61	1403	824	824
F2591_4	F2286_4	61	1244	245	245
F2591_4	F2400_4	61	1247	570	570
F2591_4	F2787_4	61	1226	1020	1020
F2591_4	M1382_4	61	1206	497	497
F2591_4	M1609_4	61	1247	733	733
F2591_4	M1677_4	61	1259	207	207
F2591_4	M2352_4	61	1230	430	430
F2591_4	M2376_4	61	1358	671	671
F2591_4	M412_4	61	1312	65	65
F2787_4	F1244_4	61	1116	144	144
F2787_4	F1459_4	61	1282	396	396
F2787_4	F1947_4	61	1258	964	964
F2787_4	F2125_4	61	1361	586	586
F2787_4	F2286_4	61	1306	151	151
F2787_4	F2400_4	61	1177	334	334
F2787_4	F2591_4	61	1226	326	326
F2787_4	M1382_4	61	1217	319	319
F2787_4	M1609_4	61	1286	516	516
F2787_4	M1677_4	61	1306	138	138
F2787_4	M2352_4	61	1268	261	261
F2787_4	M2376_4	61	1226	429	429
F2787_4	M412_4	61	1401	31	31
M1382_4	F1244_4	61	1376	479	479
M1382_4	F1459_4	61	1357	800	800
M1382_4	F1947_4	61	1221	1082	1082
M1382_4	F2125_4	61	1283	930	930
M1382_4	F2286_4	61	1259	321	321
M1382_4	F2400_4	61	1292	736	736
M1382_4	F2591_4	61	1206	645	645
M1382_4	F2787_4	61	1217	1100	1100
M1382_4	M1609_4	61	1190	846	846
M1382_4	M1677_4	61	1293	398	398
M1382_4	M2352_4	61	1382	698	698
M1382_4	M2376_4	61	1291	803	803
M1382_4	M412_4	61	1155	88	88
M1609_4	F1244_4	61	1072	345	345
M1609_4	F1459_4	61	1463	825	825
M1609_4	F1947_4	61	1325	1193	1193
M1609_4	F2125_4	61	1247	841	841
M1609_4	F2286_4	61	1277	335	335
M1609_4	F2400_4	61	1339	693	693
M1609_4	F2591_4	61	1247	617	617
M1609_4	F2787_4	61	1286	1121	1121
M1609_4	M1382_4	61	1190	612	612
M1609_4	M1677_4	61	1266	323	323
M1609_4	M2352_4	61	1299	577	577
M1609_4	M2376_4	61	1300	746	746
M1609_4	M412_4	61	1276	79	79
M1677_4	F1244_4	61	1353	908	908
M1677_4	F1459_4	61	1421	1177	1177
M1677_4	F1947_4	61	1306	1272	1272
M1677_4	F2125_4	61	1291	1131	1131
M1677_4	F2286_4	61	1220	697	697
M1677_4	F2400_4	61	1090	911	911
M1677_4	F2591_4	61	1259	1009	1009
M1677_4	F2787_4	61	1306	1267	1267
M1677_4	M1382_4	61	1293	1039	1039
M1677_4	M1609_4	61	1266	1132	1132
M1677_4	M2352_4	61	1420	1075	1075
M1677_4	M2376_4	61	1322	1115	1115
M1677_4	M412_4	61	1301	298	298
M2352_4	F1244_4	61	1180	75	149
M2352_4	F1459_4	61	1210	200	414
M2352_4	F1947_4	61	1268	720	1523
M2352_4	F2125_4	61	1147	254	520
M2352_4	F2286_4	61	1182	58	107
M2352_4	F2400_4	61	1194	188	393
M2352_4	F2591_4	61	1230	184	389
M2352_4	F2787_4	61	1268	691	1431
M2352_4	M1382_4	61	1382	224	467
M2352_4	M1609_4	61	1299	344	718
M2352_4	M1677_4	61	1420	62	132
M2352_4	M2376_4	61	1156	235	542
M2352_4	M412_4	61	1384	17	32
M2376_4	F1244_4	61	1194	829	829
M2376_4	F1459_4	61	1324	1111	1111
M2376_4	F1947_4	61	1305	1267	1267
M2376_4	F2125_4	61	1289	1160	1160
M2376_4	F2286_4	61	1302	746	746
M2376_4	F2400_4	61	1144	943	943
M2376_4	F2591_4	61	1358	1113	1113
M2376_4	F2787_4	61	1226	1177	1177
M2376_4	M1382_4	61	1291	1055	1055
M2376_4	M1609_4	61	1300	1156	1156
M2376_4	M1677_4	61	1322	744	744
M2376_4	M2352_4	61	1156	889	889
M2376_4	M412_4	61	1166	312	312
M412_4	F1244_4	61	1143	202	732
M412_4	F1459_4	61	1242	425	1503
M412_4	F1947_4	61	1373	1101	3900
M412_4	F2125_4	61	1282	553	1995
M412_4	F2286_4	61	1267	159	602
M412_4	F2400_4	61	1217	384	1335
M412_4	F2591_4	61	1312	410	1465
M412_4	F2787_4	61	1401	1037	3665
M412_4	M1382_4	61	1155	393	1357
M412_4	M1609_4	61	1276	607	2146
M412_4	M1677_4	61	1301	163	578
M412_4	M2352_4	61	1384	346	1228
M412_4	M2376_4	61	1166	439	1583
F1093_4	F1863_4	62	1337	1260	1260
F1093_4	F2551_4	62	1315	1107	1107
F1093_4	F392_4	62	1186	816	816
F1093_4	F470_4	62	1133	969	969
F1093_4	M1039_4	62	1236	953	953
F1093_4	M1086_4	62	1264	1066	1066
F1093_4	M1461_4	62	1268	1176	1176
F1093_4	M1746_4	62	1080	437	437
F1093_4	M2087_4	62	1141	124	124
F1093_4	M2172_4	62	1312	1191	1191
F1093_4	M243_4	62	1425	1388	1388
F1093_4	M487_4	62	1192	1079	1079
F1093_4	M863_4	62	1317	1231	1231
F1863_4	F1093_4	62	1337	1250	2056
F1863_4	F2551_4	62	1296	1237	2018
F1863_4	F392_4	62	1244	1106	1807
F1863_4	F470_4	62	1244	1201	2019
F1863_4	M1039_4	62	1278	1200	1989
F1863_4	M1086_4	62	1325	1262	2144
F1863_4	M1461_4	62	1371	1345	2202
F1863_4	M1746_4	62	1436	1077	1763
F1863_4	M2087_4	62	1313	407	664
F1863_4	M2172_4	62	1229	1193	1979
F1863_4	M243_4	62	1220	1213	1983
F1863_4	M487_4	62	1240	1207	2001
F1863_4	M863_4	62	1259	1237	2092
F2551_4	F1093_4	62	1315	613	972
F2551_4	F1863_4	62	1296	1023	1655
F2551_4	F392_4	62	1234	469	742
F2551_4	F470_4	62	1243	783	1278
F2551_4	M1039_4	62	1257	534	840
F2551_4	M1086_4	62	1266	770	1261
F2551_4	M1461_4	62	1223	954	1558
F2551_4	M1746_4	62	1398	179	286
F2551_4	M2087_4	62	1096	33	59
F2551_4	M2172_4	62	1280	874	1383
F2551_4	M243_4	62	1456	1318	2133
F2551_4	M487_4	62	1204	818	1341
F2551_4	M863_4	62	1311	1088	1755
F392_4	F1093_4	62	1186	265	728
F392_4	F1863_4	62	1244	685	1869
F392_4	F2551_4	62	1234	415	1137
F392_4	F470_4	62	1325	476	1293
F392_4	M1039_4	62	1336	309	825
F392_4	M1086_4	62	1139	428	1162
F392_4	M1461_4	62	1253	712	1957
F392_4	M1746_4	62	1172	82	224
F392_4	M2087_4	62	1251	13	37
F392_4	M2172_4	62	1264	532	1423
F392_4	M243_4	62	1268	989	2695
F392_4	M487_4	62	1240	567	1454
F392_4	M863_4	62	1186	742	2042
F470_4	F1093_4	62	1133	659	659
F470_4	F1863_4	62	1244	1074	1074
F470_4	F2551_4	62	1243	876	876
F470_4	F392_4	62	1325	660	660
F470_4	M1039_4	62	1323	755	755
F470_4	M1086_4	62	1207	859	859
F470_4	M1461_4	62	1263	1085	1085
F470_4	M1746_4	62	1259	279	279
F470_4	M2087_4	62	1263	71	71
F470_4	M2172_4	62	1268	1002	1002
F470_4	M243_4	62	1222	1160	1160
F470_4	M487_4	62	1267	999	999
F470_4	M863_4	62	1201	1071	1071
M1039_4	F1093_4	62	1236	608	608
M1039_4	F1863_4	62	1278	1046	1046
M1039_4	F2551_4	62	1257	765	765
M1039_4	F392_4	62	1336	554	554
M1039_4	F470_4	62	1323	878	878
M1039_4	M1086_4	62	1189	726	726
M1039_4	M1461_4	62	1353	1061	1061
M1039_4	M1746_4	62	1303	209	209
M1039_4	M2087_4	62	1016	40	40
M1039_4	M2172_4	62	1412	1025	1025
M1039_4	M243_4	62	1266	1167	1167
M1039_4	M487_4	62	1361	1008	1008
M1039_4	M863_4	62	1141	968	968
M1086_4	F1093_4	62	1264	860	1341
M1086_4	F1863_4	62	1325	1189	1857
M1086_4	F2551_4	62	1266	969	1498
M1086_4	F392_4	62	1139	660	1028
M1086_4	F470_4	62	1207	950	1464
M1086_4	M1039_4	62	1189	780	1218
M1086_4	M1461_4	62	1587	1403	2180
M1086_4	M1746_4	62	1288	400	616
M1086_4	M2087_4	62	1284	73	121
M1086_4	M2172_4	62	1457	1217	1863
M1086_4	M243_4	62	1493	1424	2212
M1086_4	M487_4	62	1373	1166	1777
M1086_4	M863_4	62	1308	1189	1839
M1461_4	F1093_4	62	1268	531	531
M1461_4	F1863_4	62	1371	1032	1032
M1461_4	F2551_4	62	1223	648	648
M1461_4	F392_4	62	1253	431	431
M1461_4	F470_4	62	1263	719	719
M1461_4	M1039_4	62	1353	519	519
M1461_4	M1086_4	62	1587	809	809
M1461_4	M1746_4	62	1302	149	149
M1461_4	M2087_4	62	1113	20	20
M1461_4	M2172_4	62	1204	779	779
M1461_4	M243_4	62	1265	1134	1134
M1461_4	M487_4	62	1315	832	832
M1461_4	M863_4	62	1195	925	925
M1746_4	F1093_4	62	1080	703	1768
M1746_4	F1863_4	62	1436	1310	3321
M1746_4	F2551_4	62	1398	1095	2781
M1746_4	F392_4	62	1172	679	1705
M1746_4	F470_4	62	1259	1013	2552
M1746_4	M1039_4	62	1303	902	2231
M1746_4	M1086_4	62	1288	1011	2485
M1746_4	M1461_4	62	1302	1140	2861
M1746_4	M2087_4	62	1435	76	196
M1746_4	M2172_4	62	1348	1128	2899
M1746_4	M243_4	62	1382	1305	3264
M1746_4	M487_4	62	1253	1085	2660
M1746_4	M863_4	62	1246	1119	2792
M2087_4	F1093_4	62	1141	957	1620
M2087_4	F1863_4	62	1313	1259	2071
M2087_4	F2551_4	62	1096	1000	1712
M2087_4	F392_4	62	1251	1024	1722
M2087_4	F470_4	62	1263	1148	1928
M2087_4	M1039_4	62	1016	848	1412
M2087_4	M1086_4	62	1284	1164	1936
M2087_4	M1461_4	62	1113	1071	1778
M2087_4	M1746_4	62	1435	753	1256
M2087_4	M2172_4	62	1262	1184	1970
M2087_4	M243_4	62	1148	1132	1839
M2087_4	M487_4	62	1302	1227	2066
M2087_4	M863_4	62	1341	1296	2144
M2172_4	F1093_4	62	1312	410	469
M2172_4	F1863_4	62	1229	831	938
M2172_4	F2551_4	62	1280	537	609
M2172_4	F392_4	62	1264	328	371
M2172_4	F470_4	62	1268	603	682
M2172_4	M1039_4	62	1412	380	426
M2172_4	M1086_4	62	1457	642	723
M2172_4	M1461_4	62	1204	797	898
M2172_4	M1746_4	62	1348	112	129
M2172_4	M2087_4	62	1262	19	20
M2172_4	M243_4	62	1188	998	1136
M2172_4	M487_4	62	1157	620	686
M2172_4	M863_4	62	1234	887	999
M243_4	F1093_4	62	1425	94	163
M243_4	F1863_4	62	1220	276	445
M243_4	F2551_4	62	1456	148	222
M243_4	F392_4	62	1268	64	101
M243_4	F470_4	62	1222	126	209
M243_4	M1039_4	62	1266	69	98
M243_4	M1086_4	62	1493	141	231
M243_4	M1461_4	62	1265	239	357
M243_4	M1746_4	62	1382	16	28
M243_4	M2087_4	62	1148	1	1
M243_4	M2172_4	62	1188	156	236
M243_4	M487_4	62	1301	187	299
M243_4	M863_4	62	1223	292	469
M487_4	F1093_4	62	1192	313	313
M487_4	F1863_4	62	1240	748	748
M487_4	F2551_4	62	1204	456	456
M487_4	F392_4	62	1240	274	274
M487_4	F470_4	62	1267	550	550
M487_4	M1039_4	62	1361	368	368
M487_4	M1086_4	62	1373	532	532
M487_4	M1461_4	62	1315	815	815
M487_4	M1746_4	62	1253	85	85
M487_4	M2087_4	62	1302	24	24
M487_4	M2172_4	62	1157	557	557
M487_4	M243_4	62	1301	1039	1039
M487_4	M863_4	62	1236	815	815
M863_4	F1093_4	62	1317	1207	3309
M863_4	F1863_4	62	1259	1238	3384
M863_4	F2551_4	62	1311	1226	3375
M863_4	F392_4	62	1186	1052	2960
M863_4	F470_4	62	1201	1138	3243
M863_4	M1039_4	62	1141	1044	2878
M863_4	M1086_4	62	1308	1239	3378
M863_4	M1461_4	62	1195	1171	3343
M863_4	M1746_4	62	1246	841	2290
M863_4	M2087_4	62	1341	385	1073
M863_4	M2172_4	62	1234	1196	3382
M863_4	M243_4	62	1223	1214	3388
M863_4	M487_4	62	1236	1180	3213
F1092_4	F120_4	63	1296	52	52
F1092_4	F424_4	63	1249	28	28
F1092_4	F477_4	63	1263	31	31
F1092_4	F525_4	63	1259	13	13
F1092_4	F698_4	63	1280	1	1
F1092_4	M1056_4	63	1142	247	247
F1092_4	M112_4	63	1392	121	121
F1092_4	M1705_4	63	1261	2	2
F1092_4	M50_4	63	1326	25	25
F1092_4	M635_4	63	1356	50	50
F1092_4	M726_4	63	1205	42	42
F1092_4	M82_4	63	1269	69	69
F1092_4	M929_4	63	1212	196	196
F120_4	F1092_4	63	1296	355	355
F120_4	F424_4	63	1181	566	566
F120_4	F477_4	63	1213	507	507
F120_4	F525_4	63	1193	370	370
F120_4	F698_4	63	1245	156	156
F120_4	M1056_4	63	1268	1159	1159
F120_4	M112_4	63	1436	1088	1088
F120_4	M1705_4	63	1387	62	62
F120_4	M50_4	63	1284	530	530
F120_4	M635_4	63	1180	633	633
F120_4	M726_4	63	1333	679	679
F120_4	M82_4	63	1341	832	832
F120_4	M929_4	63	1111	952	952
F424_4	F1092_4	63	1249	329	329
F424_4	F120_4	63	1181	707	707
F424_4	F477_4	63	1280	551	551
F424_4	F525_4	63	1173	355	355
F424_4	F698_4	63	1275	120	120
F424_4	M1056_4	63	1300	1156	1156
F424_4	M112_4	63	1325	952	952
F424_4	M1705_4	63	1424	55	55
F424_4	M50_4	63	1305	534	534
F424_4	M635_4	63	1257	699	699
F424_4	M726_4	63	1275	672	672
F424_4	M82_4	63	1304	769	769
F424_4	M929_4	63	1148	972	972
F477_4	F1092_4	63	1263	136	136
F477_4	F120_4	63	1213	391	391
F477_4	F424_4	63	1280	273	273
F477_4	F525_4	63	1324	142	142
F477_4	F698_4	63	1171	37	37
F477_4	M1056_4	63	1366	998	998
F477_4	M112_4	63	1302	639	639
F477_4	M1705_4	63	1143	14	14
F477_4	M50_4	63	1384	243	243
F477_4	M635_4	63	1331	378	378
F477_4	M726_4	63	1303	329	329
F477_4	M82_4	63	1324	460	460
F477_4	M929_4	63	1283	851	851
F525_4	F1092_4	63	1259	330	330
F525_4	F120_4	63	1193	734	734
F525_4	F424_4	63	1173	523	523
F525_4	F477_4	63	1324	504	504
F525_4	F698_4	63	1252	127	127
F525_4	M1056_4	63	1128	1021	1021
F525_4	M112_4	63	1175	867	867
F525_4	M1705_4	63	1280	49	49
F525_4	M50_4	63	1332	525	525
F525_4	M635_4	63	1316	722	722
F525_4	M726_4	63	1357	658	658
F525_4	M82_4	63	1243	724	724
F525_4	M929_4	63	1341	1132	1132
F698_4	F1092_4	63	1280	116	465
F698_4	F120_4	63	1245	352	1496
F698_4	F424_4	63	1275	223	951
F698_4	F477_4	63	1171	199	910
F698_4	F525_4	63	1252	131	546
F698_4	M1056_4	63	1366	949	4132
F698_4	M112_4	63	1226	508	2162
F698_4	M1705_4	63	1281	8	31
F698_4	M50_4	63	1270	182	748
F698_4	M635_4	63	1374	341	1347
F698_4	M726_4	63	1287	278	1183
F698_4	M82_4	63	1257	376	1558
F698_4	M929_4	63	1175	707	3037
M1056_4	F1092_4	63	1142	247	247
M1056_4	F120_4	63	1268	656	656
M1056_4	F424_4	63	1300	458	458
M1056_4	F477_4	63	1366	428	428
M1056_4	F525_4	63	1128	249	249
M1056_4	F698_4	63	1366	108	108
M1056_4	M112_4	63	1276	872	872
M1056_4	M1705_4	63	1173	42	42
M1056_4	M50_4	63	1289	427	427
M1056_4	M635_4	63	1341	603	603
M1056_4	M726_4	63	1376	573	573
M1056_4	M82_4	63	1197	586	586
M1056_4	M929_4	63	1213	964	964
M112_4	F1092_4	63	1392	904	904
M112_4	F120_4	63	1436	1265	1265
M112_4	F424_4	63	1325	1072	1072
M112_4	F477_4	63	1302	995	995
M112_4	F525_4	63	1175	781	781
M112_4	F698_4	63	1226	437	437
M112_4	M1056_4	63	1276	1252	1252
M112_4	M1705_4	63	1360	223	223
M112_4	M50_4	63	1308	1001	1001
M112_4	M635_4	63	1382	1211	1211
M112_4	M726_4	63	1216	1024	1024
M112_4	M82_4	63	1378	1217	1217
M112_4	M929_4	63	1263	1213	1213
M1705_4	F1092_4	63	1261	228	228
M1705_4	F120_4	63	1387	678	678
M1705_4	F424_4	63	1424	483	483
M1705_4	F477_4	63	1143	344	344
M1705_4	F525_4	63	1280	253	253
M1705_4	F698_4	63	1281	75	75
M1705_4	M1056_4	63	1173	990	990
M1705_4	M112_4	63	1360	855	855
M1705_4	M50_4	63	1305	360	360
M1705_4	M635_4	63	1222	510	510
M1705_4	M726_4	63	1271	477	477
M1705_4	M82_4	63	1261	631	631
M1705_4	M929_4	63	1142	863	863
M50_4	F1092_4	63	1326	659	659
M50_4	F120_4	63	1284	1043	1043
M50_4	F424_4	63	1305	959	959
M50_4	F477_4	63	1384	929	929
M50_4	F525_4	63	1332	737	737
M50_4	F698_4	63	1270	321	321
M50_4	M1056_4	63	1289	1240	1240
M50_4	M112_4	63	1308	1159	1159
M50_4	M1705_4	63	1305	144	144
M50_4	M635_4	63	1244	984	984
M50_4	M726_4	63	1146	852	852
M50_4	M82_4	63	1348	1106	1106
M50_4	M929_4	63	1183	1127	1127
M635_4	F1092_4	63	1356	392	1045
M635_4	F120_4	63	1180	750	2087
M635_4	F424_4	63	1257	603	1649
M635_4	F477_4	63	1331	583	1617
M635_4	F525_4	63	1316	382	1011
M635_4	F698_4	63	1374	175	486
M635_4	M1056_4	63	1341	1193	3300
M635_4	M112_4	63	1382	1057	2964
M635_4	M1705_4	63	1222	62	174
M635_4	M50_4	63	1244	527	1441
M635_4	M726_4	63	1300	692	1833
M635_4	M82_4	63	1185	717	1920
M635_4	M929_4	63	1311	1142	3117
M726_4	F1092_4	63	1205	14	49
M726_4	F120_4	63	1333	61	178
M726_4	F424_4	63	1275	36	103
M726_4	F477_4	63	1303	31	90
M726_4	F525_4	63	1357	15	33
M726_4	F698_4	63	1287	2	8
M726_4	M1056_4	63	1376	324	984
M726_4	M112_4	63	1216	106	315
M726_4	M1705_4	63	1271	1	3
M726_4	M50_4	63	1146	25	71
M726_4	M635_4	63	1300	62	176
M726_4	M82_4	63	1279	52	145
M726_4	M929_4	63	1212	185	504
M82_4	F1092_4	63	1269	326	690
M82_4	F120_4	63	1341	817	1656
M82_4	F424_4	63	1304	603	1227
M82_4	F477_4	63	1324	555	1174
M82_4	F525_4	63	1243	340	686
M82_4	F698_4	63	1257	123	242
M82_4	M1056_4	63	1197	1102	2233
M82_4	M112_4	63	1378	1003	2060
M82_4	M1705_4	63	1261	50	110
M82_4	M50_4	63	1348	566	1156
M82_4	M635_4	63	1185	653	1319
M82_4	M726_4	63	1279	668	1366
M82_4	M929_4	63	1131	984	2048
M929_4	F1092_4	63	1212	278	278
M929_4	F120_4	63	1111	609	609
M929_4	F424_4	63	1148	429	429
M929_4	F477_4	63	1283	447	447
M929_4	F525_4	63	1341	342	342
M929_4	F698_4	63	1175	109	109
M929_4	M1056_4	63	1213	1065	1065
M929_4	M112_4	63	1263	850	850
M929_4	M1705_4	63	1142	40	40
M929_4	M50_4	63	1183	440	440
M929_4	M635_4	63	1311	688	688
M929_4	M726_4	63	1212	545	545
M929_4	M82_4	63	1131	655	655
F1889_4	F1902_4	64	1297	275	275
F1889_4	F2256_4	64	1378	1190	1190
F1889_4	F2562_4	64	1306	629	629
F1889_4	F2643_4	64	1268	798	798
F1889_4	F784_4	64	1341	810	810
F1889_4	F793_4	64	1247	233	233
F1889_4	F907_4	64	1258	733	733
F1889_4	M1127_4	64	1217	152	152
F1889_4	M1359_4	64	1318	1180	1180
F1889_4	M1986_4	64	1077	397	397
F1889_4	M2604_4	64	1343	788	788
F1889_4	M2787_4	64	1145	878	878
F1889_4	M667_4	64	1202	559	559
F1902_4	F1889_4	64	1297	1125	3345
F1902_4	F2256_4	64	1276	1258	3629
F1902_4	F2562_4	64	1353	1180	3519
F1902_4	F2643_4	64	1222	1143	3489
F1902_4	F784_4	64	1253	1187	3457
F1902_4	F793_4	64	1160	769	2285
F1902_4	F907_4	64	1221	1101	3287
F1902_4	M1127_4	64	1262	614	1814
F1902_4	M1359_4	64	1321	1312	3939
F1902_4	M1986_4	64	1287	1046	3171
F1902_4	M2604_4	64	1280	1209	3647
F1902_4	M2787_4	64	1148	1107	3230
F1902_4	M667_4	64	1397	1213	3564
F2256_4	F1889_4	64	1378	590	914
F2256_4	F1902_4	64	1276	238	386
F2256_4	F2562_4	64	1147	528	813
F2256_4	F2643_4	64	1200	743	1137
F2256_4	F784_4	64	1250	751	1156
F2256_4	F793_4	64	1123	203	315
F2256_4	F907_4	64	1312	715	1113
F2256_4	M1127_4	64	1328	150	237
F2256_4	M1359_4	64	1324	1188	1796
F2256_4	M1986_4	64	1260	434	653
F2256_4	M2604_4	64	1236	742	1171
F2256_4	M2787_4	64	1201	908	1406
F2256_4	M667_4	64	1171	499	795
F2562_4	F1889_4	64	1306	532	532
F2562_4	F1902_4	64	1353	191	191
F2562_4	F2256_4	64	1147	960	960
F2562_4	F2643_4	64	1193	668	668
F2562_4	F784_4	64	1249	676	676
F2562_4	F793_4	64	1206	169	169
F2562_4	F907_4	64	1181	605	605
F2562_4	M1127_4	64	1318	111	111
F2562_4	M1359_4	64	1263	1118	1118
F2562_4	M1986_4	64	1333	377	377
F2562_4	M2604_4	64	1215	659	659
F2562_4	M2787_4	64	1293	946	946
F2562_4	M667_4	64	1377	480	480
F2643_4	F1889_4	64	1268	173	587
F2643_4	F1902_4	64	1222	51	186
F2643_4	F2256_4	64	1200	663	2278
F2643_4	F2562_4	64	1193	145	460
F2643_4	F784_4	64	1378	292	1041
F2643_4	F793_4	64	1334	42	131
F2643_4	F907_4	64	1347	253	886
F2643_4	M1127_4	64	1216	27	86
F2643_4	M1359_4	64	1070	670	2332
F2643_4	M1986_4	64	1283	113	400
F2643_4	M2604_4	64	1220	260	897
F2643_4	M2787_4	64	1359	522	1742
F2643_4	M667_4	64	1262	156	517
F784_4	F1889_4	64	1341	1212	3124
F784_4	F1902_4	64	1253	902	2352
F784_4	F2256_4	64	1250	1231	3248
F784_4	F2562_4	64	1249	1086	2784
F784_4	F2643_4	64	1378	1299	3395
F784_4	F793_4	64	1447	974	2469
F784_4	F907_4	64	1245	1167	3032
F784_4	M1127_4	64	1319	697	1830
F784_4	M1359_4	64	1006	997	2588
F784_4	M1986_4	64	1161	987	2547
F784_4	M2604_4	64	1320	1231	3237
F784_4	M2787_4	64	1282	1238	3257
F784_4	M667_4	64	1247	1121	2908
F793_4	F1889_4	64	1247	426	426
F793_4	F1902_4	64	1160	124	124
F793_4	F2256_4	64	1123	893	893
F793_4	F2562_4	64	1206	363	363
F793_4	F2643_4	64	1334	658	658
F793_4	F784_4	64	1447	725	725
F793_4	F907_4	64	1118	484	484
F793_4	M1127_4	64	1213	67	67
F793_4	M1359_4	64	1329	1110	1110
F793_4	M1986_4	64	1248	280	280
F793_4	M2604_4	64	1140	536	536
F793_4	M2787_4	64	1279	867	867
F793_4	M667_4	64	1185	341	341
F907_4	F1889_4	64	1258	124	126
F907_4	F1902_4	64	1221	27	27
F907_4	F2256_4	64	1312	545	554
F907_4	F2562_4	64	1181	96	97
F907_4	F2643_4	64	1347	207	210
F907_4	F784_4	64	1245	182	185
F907_4	F793_4	64	1118	40	41
F907_4	M1127_4	64	1386	22	22
F907_4	M1359_4	64	1264	663	674
F907_4	M1986_4	64	1353	78	78
F907_4	M2604_4	64	1210	164	167
F907_4	M2787_4	64	1273	329	333
F907_4	M667_4	64	1242	91	93
M1127_4	F1889_4	64	1217	205	205
M1127_4	F1902_4	64	1262	75	75
M1127_4	F2256_4	64	1328	804	804
M1127_4	F2562_4	64	1318	233	233
M1127_4	F2643_4	64	1216	333	333
M1127_4	F784_4	64	1319	360	360
M1127_4	F793_4	64	1213	54	54
M1127_4	F907_4	64	1386	329	329
M1127_4	M1359_4	64	1240	853	853
M1127_4	M1986_4	64	1111	142	142
M1127_4	M2604_4	64	1241	340	340
M1127_4	M2787_4	64	1306	538	538
M1127_4	M667_4	64	1201	180	180
M1359_4	F1889_4	64	1318	283	283
M1359_4	F1902_4	64	1321	95	95
M1359_4	F2256_4	64	1324	881	881
M1359_4	F2562_4	64	1263	290	290
M1359_4	F2643_4	64	1070	349	349
M1359_4	F784_4	64	1006	324	324
M1359_4	F793_4	64	1329	97	97
M1359_4	F907_4	64	1264	350	350
M1359_4	M1127_4	64	1240	46	46
M1359_4	M1986_4	64	1083	167	167
M1359_4	M2604_4	64	1323	421	421
M1359_4	M2787_4	64	1184	622	622
M1359_4	M667_4	64	1210	266	266
M1986_4	F1889_4	64	1077	966	966
M1986_4	F1902_4	64	1287	839	839
M1986_4	F2256_4	64	1260	1239	1239
M1986_4	F2562_4	64	1333	1193	1193
M1986_4	F2643_4	64	1283	1178	1178
M1986_4	F784_4	64	1161	1077	1077
M1986_4	F793_4	64	1248	839	839
M1986_4	F907_4	64	1353	1249	1249
M1986_4	M1127_4	64	1111	577	577
M1986_4	M1359_4	64	1083	1075	1075
M1986_4	M2604_4	64	1321	1219	1219
M1986_4	M2787_4	64	1441	1391	1391
M1986_4	M667_4	64	1443	1262	1262
M2604_4	F1889_4	64	1343	1142	3474
M2604_4	F1902_4	64	1280	799	2418
M2604_4	F2256_4	64	1236	1215	3672
M2604_4	F2562_4	64	1215	1038	3139
M2604_4	F2643_4	64	1220	1107	3225
M2604_4	F784_4	64	1320	1187	3641
M2604_4	F793_4	64	1140	692	2095
M2604_4	F907_4	64	1210	1094	3346
M2604_4	M1127_4	64	1241	519	1619
M2604_4	M1359_4	64	1323	1302	3951
M2604_4	M1986_4	64	1321	1001	3081
M2604_4	M2787_4	64	1418	1361	4130
M2604_4	M667_4	64	1353	1116	3397
M2787_4	F1889_4	64	1145	831	831
M2787_4	F1902_4	64	1148	472	472
M2787_4	F2256_4	64	1201	1158	1158
M2787_4	F2562_4	64	1293	924	924
M2787_4	F2643_4	64	1359	1096	1096
M2787_4	F784_4	64	1282	1047	1047
M2787_4	F793_4	64	1279	485	485
M2787_4	F907_4	64	1273	978	978
M2787_4	M1127_4	64	1306	319	319
M2787_4	M1359_4	64	1184	1139	1139
M2787_4	M1986_4	64	1441	882	882
M2787_4	M2604_4	64	1418	1148	1148
M2787_4	M667_4	64	1333	944	944
M667_4	F1889_4	64	1202	474	797
M667_4	F1902_4	64	1397	187	318
M667_4	F2256_4	64	1171	943	1622
M667_4	F2562_4	64	1377	476	830
M667_4	F2643_4	64	1262	672	1135
M667_4	F784_4	64	1247	644	1116
M667_4	F793_4	64	1185	169	289
M667_4	F907_4	64	1242	585	1015
M667_4	M1127_4	64	1201	109	187
M667_4	M1359_4	64	1210	1062	1811
M667_4	M1986_4	64	1443	368	600
M667_4	M2604_4	64	1353	744	1303
M667_4	M2787_4	64	1333	933	1609
F1403_4	F14_4	65	1170	988	988
F1403_4	F1747_4	65	1195	1052	1052
F1403_4	F1778_4	65	1443	1143	1143
F1403_4	F2047_4	65	1207	1116	1116
F1403_4	F2071_4	65	1236	1181	1181
F1403_4	F2709_4	65	1210	1140	1140
F1403_4	F902_4	65	1347	956	956
F1403_4	M1308_4	65	1197	936	936
F1403_4	M1313_4	65	1183	477	477
F1403_4	M1936_4	65	1357	747	747
F1403_4	M2116_4	65	1331	765	765
F1403_4	M237_4	65	1223	82	82
F1403_4	M2776_4	65	1313	1299	1299
F14_4	F1403_4	65	1170	787	2957
F14_4	F1747_4	65	1290	1043	3906
F14_4	F1778_4	65	1198	859	3200
F14_4	F2047_4	65	1294	1125	4211
F14_4	F2071_4	65	1195	1118	4210
F14_4	F2709_4	65	1259	1115	4224
F14_4	F902_4	65	1263	741	2686
F14_4	M1308_4	65	1191	762	2811
F14_4	M1313_4	65	1240	345	1262
F14_4	M1936_4	65	1334	506	1863
F14_4	M2116_4	65	1274	575	2161
F14_4	M237_4	65	1257	55	197
F14_4	M2776_4	65	1378	1352	4961
F1747_4	F1403_4	65	1195	909	2520
F1747_4	F14_4	65	1290	1065	3055
F1747_4	F1778_4	65	1221	963	2714
F1747_4	F2047_4	65	1170	1082	3018
F1747_4	F2071_4	65	1320	1273	3578
F1747_4	F2709_4	65	1326	1216	3499
F1747_4	F902_4	65	1227	859	2454
F1747_4	M1308_4	65	1351	1013	2910
F1747_4	M1313_4	65	1358	546	1541
F1747_4	M1936_4	65	1164	585	1661
F1747_4	M2116_4	65	1237	700	2045
F1747_4	M237_4	65	1374	65	188
F1747_4	M2776_4	65	1297	1273	3628
F1778_4	F1403_4	65	1443	1281	1281
F1778_4	F14_4	65	1198	1099	1099
F1778_4	F1747_4	65	1221	1150	1150
F1778_4	F2047_4	65	1292	1250	1250
F1778_4	F2071_4	65	1182	1166	1166
F1778_4	F2709_4	65	1324	1282	1282
F1778_4	F902_4	65	1304	1106	1106
F1778_4	M1308_4	65	1241	1089	1089
F1778_4	M1313_4	65	1268	789	789
F1778_4	M1936_4	65	1292	952	952
F1778_4	M2116_4	65	1273	955	955
F1778_4	M237_4	65	1383	194	194
F1778_4	M2776_4	65	1352	1339	1339
F2047_4	F1403_4	65	1207	857	3217
F2047_4	F14_4	65	1294	1050	4005
F2047_4	F1747_4	65	1170	980	3687
F2047_4	F1778_4	65	1292	963	3672
F2047_4	F2071_4	65	1144	1090	4032
F2047_4	F2709_4	65	1333	1219	4612
F2047_4	F902_4	65	1188	770	2857
F2047_4	M1308_4	65	1252	848	3181
F2047_4	M1313_4	65	1242	396	1500
F2047_4	M1936_4	65	1220	559	2058
F2047_4	M2116_4	65	1252	620	2343
F2047_4	M237_4	65	1320	64	245
F2047_4	M2776_4	65	1097	1080	4108
F2071_4	F1403_4	65	1236	1020	3105
F2071_4	F14_4	65	1195	1060	3237
F2071_4	F1747_4	65	1320	1205	3616
F2071_4	F1778_4	65	1182	1031	3110
F2071_4	F2047_4	65	1144	1083	3291
F2071_4	F2709_4	65	1283	1215	3651
F2071_4	F902_4	65	1347	1036	3022
F2071_4	M1308_4	65	1342	1075	3097
F2071_4	M1313_4	65	1388	711	2050
F2071_4	M1936_4	65	1383	833	2487
F2071_4	M2116_4	65	1213	844	2494
F2071_4	M237_4	65	1277	114	341
F2071_4	M2776_4	65	1127	1110	3244
F2709_4	F1403_4	65	1210	1129	1745
F2709_4	F14_4	65	1259	1193	1886
F2709_4	F1747_4	65	1326	1266	2007
F2709_4	F1778_4	65	1324	1246	1979
F2709_4	F2047_4	65	1333	1296	2041
F2709_4	F2071_4	65	1283	1265	1931
F2709_4	F902_4	65	1248	1145	1814
F2709_4	M1308_4	65	1167	1078	1614
F2709_4	M1313_4	65	1385	997	1519
F2709_4	M1936_4	65	1275	1028	1631
F2709_4	M2116_4	65	1220	1018	1604
F2709_4	M237_4	65	1262	211	329
F2709_4	M2776_4	65	1244	1243	1955
F902_4	F1403_4	65	1347	983	983
F902_4	F14_4	65	1263	1015	1015
F902_4	F1747_4	65	1227	1063	1063
F902_4	F1778_4	65	1304	1020	1020
F902_4	F2047_4	65	1188	1095	1095
F902_4	F2071_4	65	1347	1300	1300
F902_4	F2709_4	65	1248	1130	1130
F902_4	M1308_4	65	1244	913	913
F902_4	M1313_4	65	1282	482	482
F902_4	M1936_4	65	1220	614	614
F902_4	M2116_4	65	1200	703	703
F902_4	M237_4	65	1302	84	84
F902_4	M2776_4	65	1333	1316	1316
M1308_4	F1403_4	65	1197	249	249
M1308_4	F14_4	65	1191	361	361
M1308_4	F1747_4	65	1351	481	481
M1308_4	F1778_4	65	1241	286	286
M1308_4	F2047_4	65	1252	630	630
M1308_4	F2071_4	65	1342	918	918
M1308_4	F2709_4	65	1167	589	589
M1308_4	F902_4	65	1244	206	206
M1308_4	M1313_4	65	1222	69	69
M1308_4	M1936_4	65	1318	101	101
M1308_4	M2116_4	65	1398	162	162
M1308_4	M237_4	65	1217	4	4
M1308_4	M2776_4	65	1210	1028	1028
M1313_4	F1403_4	65	1183	959	959
M1313_4	F14_4	65	1240	1100	1100
M1313_4	F1747_4	65	1358	1232	1232
M1313_4	F1778_4	65	1268	1079	1079
M1313_4	F2047_4	65	1242	1167	1167
M1313_4	F2071_4	65	1388	1348	1348
M1313_4	F2709_4	65	1385	1303	1303
M1313_4	F902_4	65	1282	961	961
M1313_4	M1308_4	65	1222	1002	1002
M1313_4	M1936_4	65	1264	797	797
M1313_4	M2116_4	65	1243	832	832
M1313_4	M237_4	65	1311	127	127
M1313_4	M2776_4	65	1192	1180	1180
M1936_4	F1403_4	65	1357	582	582
M1936_4	F14_4	65	1334	702	702
M1936_4	F1747_4	65	1164	743	743
M1936_4	F1778_4	65	1292	628	628
M1936_4	F2047_4	65	1220	921	921
M1936_4	F2071_4	65	1383	1198	1198
M1936_4	F2709_4	65	1275	982	982
M1936_4	F902_4	65	1220	426	426
M1936_4	M1308_4	65	1318	513	513
M1936_4	M1313_4	65	1264	182	182
M1936_4	M2116_4	65	1204	326	326
M1936_4	M237_4	65	1178	17	17
M1936_4	M2776_4	65	1079	1025	1025
M2116_4	F1403_4	65	1331	972	972
M2116_4	F14_4	65	1274	1038	1038
M2116_4	F1747_4	65	1237	1058	1058
M2116_4	F1778_4	65	1273	979	979
M2116_4	F2047_4	65	1252	1129	1129
M2116_4	F2071_4	65	1213	1157	1157
M2116_4	F2709_4	65	1220	1098	1098
M2116_4	F902_4	65	1200	805	805
M2116_4	M1308_4	65	1398	996	996
M2116_4	M1313_4	65	1243	399	399
M2116_4	M1936_4	65	1204	584	584
M2116_4	M237_4	65	1352	61	61
M2116_4	M2776_4	65	1285	1260	1260
M237_4	F1403_4	65	1223	178	539
M237_4	F14_4	65	1257	260	778
M237_4	F1747_4	65	1374	341	993
M237_4	F1778_4	65	1383	272	806
M237_4	F2047_4	65	1320	550	1565
M237_4	F2071_4	65	1277	745	2101
M237_4	F2709_4	65	1262	469	1342
M237_4	F902_4	65	1302	170	494
M237_4	M1308_4	65	1217	177	539
M237_4	M1313_4	65	1311	45	133
M237_4	M1936_4	65	1178	60	167
M237_4	M2116_4	65	1352	100	297
M237_4	M2776_4	65	1256	1026	3014
M2776_4	F1403_4	65	1313	1286	2284
M2776_4	F14_4	65	1378	1362	2388
M2776_4	F1747_4	65	1297	1282	2194
M2776_4	F1778_4	65	1352	1331	2300
M2776_4	F2047_4	65	1097	1092	1921
M2776_4	F2071_4	65	1127	1124	1978
M2776_4	F2709_4	65	1244	1232	2198
M2776_4	F902_4	65	1333	1296	2297
M2776_4	M1308_4	65	1210	1184	2086
M2776_4	M1313_4	65	1192	1088	1833
M2776_4	M1936_4	65	1079	1032	1844
M2776_4	M2116_4	65	1285	1237	2204
M2776_4	M237_4	65	1256	665	1204
F100_4	F1022_4	66	1242	748	1818
F100_4	F1399_4	66	1245	595	1478
F100_4	F2007_4	66	1173	476	1132
F100_4	F2235_4	66	1281	724	1777
F100_4	F22_4	66	1492	115	266
F100_4	F314_4	66	1237	21	62
F100_4	M1417_4	66	1169	142	358
F100_4	M1687_4	66	1192	565	1351
F100_4	M2089_4	66	1156	192	469
F100_4	M2636_4	66	1209	369	878
F100_4	M2679_4	66	1224	860	2067
F100_4	M837_4	66	1169	223	538
F100_4	M917_4	66	1173	97	243
F1022_4	F100_4	66	1242	544	842
F1022_4	F1399_4	66	1199	1012	1556
F1022_4	F2007_4	66	1205	944	1448
F1022_4	F2235_4	66	1295	1137	1756
F1022_4	F22_4	66	1285	446	695
F1022_4	F314_4	66	1265	119	187
F1022_4	M1417_4	66	1269	586	902
F1022_4	M1687_4	66	1173	1007	1519
F1022_4	M2089_4	66	1179	599	933
F1022_4	M2636_4	66	1162	835	1229
F1022_4	M2679_4	66	1311	1208	1850
F1022_4	M837_4	66	1284	709	1116
F1022_4	M917_4	66	1153	324	509
F1399_4	F100_4	66	1245	852	852
F1399_4	F1022_4	66	1199	1153	1153
F1399_4	F2007_4	66	1306	1190	1190
F1399_4	F2235_4	66	1185	1127	1127
F1399_4	F22_4	66	1179	651	651
F1399_4	F314_4	66	1261	298	298
F1399_4	M1417_4	66	1237	831	831
F1399_4	M1687_4	66	1322	1230	1230
F1399_4	M2089_4	66	1277	930	930
F1399_4	M2636_4	66	1187	1025	1025
F1399_4	M2679_4	66	1241	1192	1192
F1399_4	M837_4	66	1221	933	933
F1399_4	M917_4	66	1273	650	650
F2007_4	F100_4	66	1173	231	590
F2007_4	F1022_4	66	1205	928	2367
F2007_4	F1399_4	66	1306	843	2185
F2007_4	F2235_4	66	1242	879	2357
F2007_4	F22_4	66	1334	207	555
F2007_4	F314_4	66	1150	41	123
F2007_4	M1417_4	66	1310	286	766
F2007_4	M1687_4	66	1193	771	2004
F2007_4	M2089_4	66	1189	283	778
F2007_4	M2636_4	66	1298	559	1464
F2007_4	M2679_4	66	1172	982	2523
F2007_4	M837_4	66	1170	345	954
F2007_4	M917_4	66	1270	150	372
F2235_4	F100_4	66	1281	366	941
F2235_4	F1022_4	66	1295	1030	2602
F2235_4	F1399_4	66	1185	835	2129
F2235_4	F2007_4	66	1242	831	2140
F2235_4	F22_4	66	1305	254	641
F2235_4	F314_4	66	1220	61	176
F2235_4	M1417_4	66	1308	362	975
F2235_4	M1687_4	66	1229	856	2178
F2235_4	M2089_4	66	1272	394	987
F2235_4	M2636_4	66	1289	674	1700
F2235_4	M2679_4	66	1286	1100	2767
F2235_4	M837_4	66	1165	429	1124
F2235_4	M917_4	66	1201	200	524
F22_4	F100_4	66	1492	239	239
F22_4	F1022_4	66	1285	850	850
F22_4	F1399_4	66	1179	648	648
F22_4	F2007_4	66	1334	667	667
F22_4	F2235_4	66	1305	789	789
F22_4	F314_4	66	1304	34	34
F22_4	M1417_4	66	1255	234	234
F22_4	M1687_4	66	1355	794	794
F22_4	M2089_4	66	1321	266	266
F22_4	M2636_4	66	1218	465	465
F22_4	M2679_4	66	1303	997	997
F22_4	M837_4	66	1146	294	294
F22_4	M917_4	66	1318	141	141
F314_4	F100_4	66	1237	615	1423
F314_4	F1022_4	66	1265	1166	2731
F314_4	F1399_4	66	1261	1103	2506
F314_4	F2007_4	66	1150	961	2251
F314_4	F2235_4	66	1220	1094	2499
F314_4	F22_4	66	1304	482	1101
F314_4	M1417_4	66	1281	620	1422
F314_4	M1687_4	66	1446	1267	2874
F314_4	M2089_4	66	1265	715	1641
F314_4	M2636_4	66	1348	983	2250
F314_4	M2679_4	66	1341	1256	2879
F314_4	M837_4	66	1287	812	1903
F314_4	M917_4	66	1124	369	870
M1417_4	F100_4	66	1169	107	221
M1417_4	F1022_4	66	1269	634	1351
M1417_4	F1399_4	66	1237	470	994
M1417_4	F2007_4	66	1310	418	884
M1417_4	F2235_4	66	1308	587	1265
M1417_4	F22_4	66	1255	75	153
M1417_4	F314_4	66	1281	16	29
M1417_4	M1687_4	66	1277	485	978
M1417_4	M2089_4	66	1171	133	289
M1417_4	M2636_4	66	1255	257	556
M1417_4	M2679_4	66	1351	814	1752
M1417_4	M837_4	66	1422	183	370
M1417_4	M917_4	66	1237	66	156
M1687_4	F100_4	66	1192	898	1990
M1687_4	F1022_4	66	1173	1141	2650
M1687_4	F1399_4	66	1322	1234	2732
M1687_4	F2007_4	66	1193	1112	2457
M1687_4	F2235_4	66	1229	1189	2705
M1687_4	F22_4	66	1355	864	1951
M1687_4	F314_4	66	1446	415	913
M1687_4	M1417_4	66	1277	955	2144
M1687_4	M2089_4	66	1311	1030	2311
M1687_4	M2636_4	66	1174	1070	2401
M1687_4	M2679_4	66	1224	1200	2673
M1687_4	M837_4	66	1309	1085	2354
M1687_4	M917_4	66	1315	830	1832
M2089_4	F100_4	66	1156	777	777
M2089_4	F1022_4	66	1179	1124	1124
M2089_4	F1399_4	66	1277	1187	1187
M2089_4	F2007_4	66	1189	1079	1079
M2089_4	F2235_4	66	1272	1190	1190
M2089_4	F22_4	66	1321	745	745
M2089_4	F314_4	66	1265	278	278
M2089_4	M1417_4	66	1171	817	817
M2089_4	M1687_4	66	1311	1215	1215
M2089_4	M2636_4	66	1233	1061	1061
M2089_4	M2679_4	66	1219	1186	1186
M2089_4	M837_4	66	1264	958	958
M2089_4	M917_4	66	1258	637	637
M2636_4	F100_4	66	1209	966	966
M2636_4	F1022_4	66	1162	1140	1140
M2636_4	F1399_4	66	1187	1136	1136
M2636_4	F2007_4	66	1298	1241	1241
M2636_4	F2235_4	66	1289	1242	1242
M2636_4	F22_4	66	1218	887	887
M2636_4	F314_4	66	1348	511	511
M2636_4	M1417_4	66	1255	1015	1015
M2636_4	M1687_4	66	1174	1141	1141
M2636_4	M2089_4	66	1233	1032	1032
M2636_4	M2679_4	66	1385	1359	1359
M2636_4	M837_4	66	1297	1117	1117
M2636_4	M917_4	66	1386	928	928
M2679_4	F100_4	66	1224	411	1956
M2679_4	F1022_4	66	1311	1113	5259
M2679_4	F1399_4	66	1241	936	4441
M2679_4	F2007_4	66	1172	811	3843
M2679_4	F2235_4	66	1286	1042	4979
M2679_4	F22_4	66	1303	326	1555
M2679_4	F314_4	66	1341	80	380
M2679_4	M1417_4	66	1351	472	2209
M2679_4	M1687_4	66	1224	940	4447
M2679_4	M2089_4	66	1219	460	2159
M2679_4	M2636_4	66	1385	830	3952
M2679_4	M837_4	66	1256	577	2685
M2679_4	M917_4	66	1239	272	1315
M837_4	F100_4	66	1169	999	3084
M837_4	F1022_4	66	1284	1262	3817
M837_4	F1399_4	66	1221	1175	3564
M837_4	F2007_4	66	1170	1122	3358
M837_4	F2235_4	66	1165	1136	3393
M837_4	F22_4	66	1146	878	2664
M837_4	F314_4	66	1287	514	1575
M837_4	M1417_4	66	1422	1196	3671
M837_4	M1687_4	66	1309	1274	3931
M837_4	M2089_4	66	1264	1099	3354
M837_4	M2636_4	66	1297	1220	3701
M837_4	M2679_4	66	1256	1247	3761
M837_4	M917_4	66	1136	815	2495
M917_4	F100_4	66	1173	96	96
M917_4	F1022_4	66	1153	631	631
M917_4	F1399_4	66	1273	507	507
M917_4	F2007_4	66	1270	407	407
M917_4	F2235_4	66	1201	550	550
M917_4	F22_4	66	1318	76	76
M917_4	F314_4	66	1124	14	14
M917_4	M1417_4	66	1237	122	122
M917_4	M1687_4	66	1315	546	546
M917_4	M2089_4	66	1258	141	141
M917_4	M2636_4	66	1386	349	349
M917_4	M2679_4	66	1239	795	795
M917_4	M837_4	66	1136	157	157
F1136_4	F1486_4	67	1283	562	562
F1136_4	F2615_4	67	1335	1285	1285
F1136_4	F2779_4	67	1183	695	695
F1136_4	F768_4	67	1251	860	860
F1136_4	M116_4	67	1261	1020	1020
F1136_4	M1387_4	67	1199	169	169
F1136_4	M1860_4	67	1103	351	351
F1136_4	M1883_4	67	1178	183	183
F1136_4	M2029_4	67	1176	761	761
F1136_4	M2131_4	67	1283	619	619
F1136_4	M2365_4	67	1272	999	999
F1136_4	M2452_4	67	1417	1273	1273
F1136_4	M482_4	67	1306	601	601
F1486_4	F1136_4	67	1283	1063	3900
F1486_4	F2615_4	67	1385	1343	4844
F1486_4	F2779_4	67	1240	730	2638
F1486_4	F768_4	67	1323	858	3060
F1486_4	M116_4	67	1170	907	3254
F1486_4	M1387_4	67	1356	150	506
F1486_4	M1860_4	67	1253	335	1178
F1486_4	M1883_4	67	1190	181	629
F1486_4	M2029_4	67	1400	874	3100
F1486_4	M2131_4	67	1273	609	2167
F1486_4	M2365_4	67	1199	900	3215
F1486_4	M2452_4	67	1352	1206	4399
F1486_4	M482_4	67	1275	547	2009
F2615_4	F1136_4	67	1335	1102	1102
F2615_4	F1486_4	67	1385	596	596
F2615_4	F2779_4	67	1150	701	701
F2615_4	F768_4	67	1181	784	784
F2615_4	M116_4	67	1412	1083	1083
F2615_4	M1387_4	67	1355	162	162
F2615_4	M1860_4	67	1146	357	357
F2615_4	M1883_4	67	1134	188	188
F2615_4	M2029_4	67	1284	833	833
F2615_4	M2131_4	67	1252	634	634
F2615_4	M2365_4	67	1330	1040	1040
F2615_4	M2452_4	67	1150	1044	1044
F2615_4	M482_4	67	1243	567	567
F2779_4	F1136_4	67	1183	1052	1942
F2779_4	F1486_4	67	1240	694	1263
F2779_4	F2615_4	67	1150	1129	2020
F2779_4	F768_4	67	1209	949	1698
F2779_4	M116_4	67	1300	1111	1987
F2779_4	M1387_4	67	1182	248	445
F2779_4	M1860_4	67	1256	527	963
F2779_4	M1883_4	67	1361	343	611
F2779_4	M2029_4	67	1336	994	1804
F2779_4	M2131_4	67	1313	830	1490
F2779_4	M2365_4	67	1395	1206	2158
F2779_4	M2452_4	67	1308	1223	2230
F2779_4	M482_4	67	1252	706	1292
F768_4	F1136_4	67	1251	498	498
F768_4	F1486_4	67	1323	105	105
F768_4	F2615_4	67	1181	960	960
F768_4	F2779_4	67	1209	233	233
F768_4	M116_4	67	1170	385	385
F768_4	M1387_4	67	1254	18	18
F768_4	M1860_4	67	1194	62	62
F768_4	M1883_4	67	1258	31	31
F768_4	M2029_4	67	1336	273	273
F768_4	M2131_4	67	1114	130	130
F768_4	M2365_4	67	1217	429	429
F768_4	M2452_4	67	1317	743	743
F768_4	M482_4	67	1114	115	115
M116_4	F1136_4	67	1261	871	881
M116_4	F1486_4	67	1170	295	295
M116_4	F2615_4	67	1412	1315	1324
M116_4	F2779_4	67	1300	543	546
M116_4	F768_4	67	1170	548	552
M116_4	M1387_4	67	1307	85	87
M116_4	M1860_4	67	1334	198	199
M116_4	M1883_4	67	1230	86	87
M116_4	M2029_4	67	1248	564	570
M116_4	M2131_4	67	1346	402	406
M116_4	M2365_4	67	1221	744	748
M116_4	M2452_4	67	1269	996	998
M116_4	M482_4	67	1299	340	342
M1387_4	F1136_4	67	1199	962	2555
M1387_4	F1486_4	67	1356	549	1410
M1387_4	F2615_4	67	1355	1300	3461
M1387_4	F2779_4	67	1182	635	1625
M1387_4	F768_4	67	1254	792	2061
M1387_4	M116_4	67	1307	989	2622
M1387_4	M1860_4	67	1218	294	807
M1387_4	M1883_4	67	1333	173	466
M1387_4	M2029_4	67	1512	926	2438
M1387_4	M2131_4	67	1291	599	1546
M1387_4	M2365_4	67	1373	1013	2693
M1387_4	M2452_4	67	1247	1083	2907
M1387_4	M482_4	67	1321	540	1409
M1860_4	F1136_4	67	1103	534	824
M1860_4	F1486_4	67	1253	162	249
M1860_4	F2615_4	67	1146	960	1513
M1860_4	F2779_4	67	1256	301	465
M1860_4	F768_4	67	1194	371	539
M1860_4	M116_4	67	1334	564	866
M1860_4	M1387_4	67	1218	27	35
M1860_4	M1883_4	67	1141	42	65
M1860_4	M2029_4	67	1306	339	529
M1860_4	M2131_4	67	1152	194	287
M1860_4	M2365_4	67	1265	530	805
M1860_4	M2452_4	67	1333	838	1282
M1860_4	M482_4	67	1406	181	276
M1883_4	F1136_4	67	1178	252	345
M1883_4	F1486_4	67	1190	33	47
M1883_4	F2615_4	67	1134	716	1036
M1883_4	F2779_4	67	1361	93	129
M1883_4	F768_4	67	1258	131	190
M1883_4	M116_4	67	1230	199	283
M1883_4	M1387_4	67	1333	6	10
M1883_4	M1860_4	67	1141	22	27
M1883_4	M2029_4	67	1345	121	187
M1883_4	M2131_4	67	1121	68	82
M1883_4	M2365_4	67	1127	174	231
M1883_4	M2452_4	67	1158	358	500
M1883_4	M482_4	67	1328	56	84
M2029_4	F1136_4	67	1176	278	278
M2029_4	F1486_4	67	1400	71	71
M2029_4	F2615_4	67	1284	841	841
M2029_4	F2779_4	67	1336	111	111
M2029_4	F768_4	67	1336	162	162
M2029_4	M116_4	67	1248	237	237
M2029_4	M1387_4	67	1512	15	15
M2029_4	M1860_4	67	1306	28	28
M2029_4	M1883_4	67	1345	17	17
M2029_4	M2131_4	67	1355	73	73
M2029_4	M2365_4	67	1375	203	203
M2029_4	M2452_4	67	1225	412	412
M2029_4	M482_4	67	1191	51	51
M2131_4	F1136_4	67	1283	1148	1148
M2131_4	F1486_4	67	1273	712	712
M2131_4	F2615_4	67	1252	1230	1230
M2131_4	F2779_4	67	1313	932	932
M2131_4	F768_4	67	1114	855	855
M2131_4	M116_4	67	1346	1153	1153
M2131_4	M1387_4	67	1291	212	212
M2131_4	M1860_4	67	1152	457	457
M2131_4	M1883_4	67	1121	265	265
M2131_4	M2029_4	67	1355	1008	1008
M2131_4	M2365_4	67	1288	1080	1080
M2131_4	M2452_4	67	1143	1048	1048
M2131_4	M482_4	67	1443	801	801
M2365_4	F1136_4	67	1272	699	699
M2365_4	F1486_4	67	1199	202	202
M2365_4	F2615_4	67	1330	1144	1144
M2365_4	F2779_4	67	1395	394	394
M2365_4	F768_4	67	1217	418	418
M2365_4	M116_4	67	1221	590	590
M2365_4	M1387_4	67	1373	52	52
M2365_4	M1860_4	67	1265	110	110
M2365_4	M1883_4	67	1127	52	52
M2365_4	M2029_4	67	1375	423	423
M2365_4	M2131_4	67	1288	304	304
M2365_4	M2452_4	67	1226	844	844
M2365_4	M482_4	67	1307	233	233
M2452_4	F1136_4	67	1417	1392	2524
M2452_4	F1486_4	67	1352	1177	2139
M2452_4	F2615_4	67	1150	1141	2014
M2452_4	F2779_4	67	1308	1211	2192
M2452_4	F768_4	67	1317	1253	2289
M2452_4	M116_4	67	1269	1225	2272
M2452_4	M1387_4	67	1247	670	1183
M2452_4	M1860_4	67	1333	1027	1867
M2452_4	M1883_4	67	1158	730	1325
M2452_4	M2029_4	67	1225	1171	2105
M2452_4	M2131_4	67	1143	1035	1829
M2452_4	M2365_4	67	1226	1185	2145
M2452_4	M482_4	67	1295	1120	2034
M482_4	F1136_4	67	1306	938	938
M482_4	F1486_4	67	1275	345	345
M482_4	F2615_4	67	1243	1171	1171
M482_4	F2779_4	67	1252	518	518
M482_4	F768_4	67	1114	537	537
M482_4	M116_4	67	1299	862	862
M482_4	M1387_4	67	1321	77	77
M482_4	M1860_4	67	1406	241	241
M482_4	M1883_4	67	1328	125	125
M482_4	M2029_4	67	1191	578	578
M482_4	M2131_4	67	1443	446	446
M482_4	M2365_4	67	1307	844	844
M482_4	M2452_4	67	1295	1027	1027
F1151_4	F1239_4	68	1198	557	557
F1151_4	F1263_4	68	1404	1032	1032
F1151_4	F2120_4	68	1420	1008	1008
F1151_4	F2190_4	68	1236	405	405
F1151_4	F2266_4	68	1218	367	367
F1151_4	M1390_4	68	1306	404	404
F1151_4	M177_4	68	1459	1316	1316
F1151_4	M2426_4	68	1148	851	851
F1151_4	M2638_4	68	1234	906	906
F1151_4	M457_4	68	1269	873	873
F1151_4	M57_4	68	1338	1262	1262
F1151_4	M69_4	68	1271	1133	1133
F1151_4	M915_4	68	1145	951	951
F1239_4	F1151_4	68	1198	742	1140
F1239_4	F1263_4	68	1234	1023	1606
F1239_4	F2120_4	68	1383	1122	1777
F1239_4	F2190_4	68	1228	566	870
F1239_4	F2266_4	68	1091	447	711
F1239_4	M1390_4	68	1311	572	911
F1239_4	M177_4	68	1310	1228	1911
F1239_4	M2426_4	68	1234	1007	1568
F1239_4	M2638_4	68	1256	1028	1619
F1239_4	M457_4	68	1281	1012	1593
F1239_4	M57_4	68	1235	1195	1881
F1239_4	M69_4	68	1119	1043	1649
F1239_4	M915_4	68	1372	1207	1884
F1263_4	F1151_4	68	1404	752	2905
F1263_4	F1239_4	68	1234	641	2524
F1263_4	F2120_4	68	1339	1028	4021
F1263_4	F2190_4	68	1251	496	1944
F1263_4	F2266_4	68	1142	386	1479
F1263_4	M1390_4	68	1215	443	1638
F1263_4	M177_4	68	1157	1060	4102
F1263_4	M2426_4	68	1220	953	3581
F1263_4	M2638_4	68	1183	931	3540
F1263_4	M457_4	68	1195	903	3526
F1263_4	M57_4	68	1316	1261	4883
F1263_4	M69_4	68	1167	1075	4230
F1263_4	M915_4	68	1151	960	3748
F2120_4	F1151_4	68	1420	712	1905
F2120_4	F1239_4	68	1383	659	1802
F2120_4	F1263_4	68	1339	975	2672
F2120_4	F2190_4	68	1122	386	975
F2120_4	F2266_4	68	1493	434	1136
F2120_4	M1390_4	68	1368	399	1060
F2120_4	M177_4	68	1333	1194	3186
F2120_4	M2426_4	68	1204	879	2321
F2120_4	M2638_4	68	1320	983	2644
F2120_4	M457_4	68	1226	863	2299
F2120_4	M57_4	68	1146	1094	2925
F2120_4	M69_4	68	1375	1228	3270
F2120_4	M915_4	68	1362	1078	2796
F2190_4	F1151_4	68	1236	1003	1003
F2190_4	F1239_4	68	1228	945	945
F2190_4	F1263_4	68	1251	1134	1134
F2190_4	F2120_4	68	1122	1019	1019
F2190_4	F2266_4	68	1235	765	765
F2190_4	M1390_4	68	1258	769	769
F2190_4	M177_4	68	1260	1228	1228
F2190_4	M2426_4	68	1227	1118	1118
F2190_4	M2638_4	68	1293	1169	1169
F2190_4	M457_4	68	1314	1174	1174
F2190_4	M57_4	68	1211	1192	1192
F2190_4	M69_4	68	1289	1250	1250
F2190_4	M915_4	68	1168	1106	1106
F2266_4	F1151_4	68	1218	613	926
F2266_4	F1239_4	68	1091	523	777
F2266_4	F1263_4	68	1142	852	1251
F2266_4	F2120_4	68	1493	1093	1642
F2266_4	F2190_4	68	1235	435	645
F2266_4	M1390_4	68	1118	363	558
F2266_4	M177_4	68	1315	1200	1834
F2266_4	M2426_4	68	1213	909	1365
F2266_4	M2638_4	68	1189	835	1256
F2266_4	M457_4	68	1309	916	1365
F2266_4	M57_4	68	1167	1092	1641
F2266_4	M69_4	68	1367	1220	1806
F2266_4	M915_4	68	1235	1018	1544
M1390_4	F1151_4	68	1306	1110	1110
M1390_4	F1239_4	68	1311	1094	1094
M1390_4	F1263_4	68	1215	1133	1133
M1390_4	F2120_4	68	1368	1294	1294
M1390_4	F2190_4	68	1258	956	956
M1390_4	F2266_4	68	1118	818	818
M1390_4	M177_4	68	1226	1200	1200
M1390_4	M2426_4	68	1218	1154	1154
M1390_4	M2638_4	68	1296	1223	1223
M1390_4	M457_4	68	1226	1150	1150
M1390_4	M57_4	68	1336	1319	1319
M1390_4	M69_4	68	1237	1214	1214
M1390_4	M915_4	68	1185	1141	1141
M177_4	F1151_4	68	1459	964	964
M177_4	F1239_4	68	1310	799	799
M177_4	F1263_4	68	1157	990	990
M177_4	F2120_4	68	1333	1120	1120
M177_4	F2190_4	68	1260	630	630
M177_4	F2266_4	68	1315	634	634
M177_4	M1390_4	68	1226	566	566
M177_4	M2426_4	68	1171	990	990
M177_4	M2638_4	68	1296	1075	1075
M177_4	M457_4	68	1211	1020	1020
M177_4	M57_4	68	1327	1283	1283
M177_4	M69_4	68	1289	1218	1218
M177_4	M915_4	68	1164	1048	1048
M2426_4	F1151_4	68	1148	227	256
M2426_4	F1239_4	68	1234	232	253
M2426_4	F1263_4	68	1220	569	626
M2426_4	F2120_4	68	1204	503	562
M2426_4	F2190_4	68	1227	160	176
M2426_4	F2266_4	68	1213	145	165
M2426_4	M1390_4	68	1218	133	148
M2426_4	M177_4	68	1171	832	946
M2426_4	M2638_4	68	1218	519	581
M2426_4	M457_4	68	1248	473	515
M2426_4	M57_4	68	1395	1150	1274
M2426_4	M69_4	68	1382	941	1033
M2426_4	M915_4	68	1249	682	759
M2638_4	F1151_4	68	1234	455	455
M2638_4	F1239_4	68	1256	404	404
M2638_4	F1263_4	68	1183	730	730
M2638_4	F2120_4	68	1320	829	829
M2638_4	F2190_4	68	1293	319	319
M2638_4	F2266_4	68	1189	251	251
M2638_4	M1390_4	68	1296	260	260
M2638_4	M177_4	68	1296	1078	1078
M2638_4	M2426_4	68	1218	748	748
M2638_4	M457_4	68	1297	745	745
M2638_4	M57_4	68	1114	1002	1002
M2638_4	M69_4	68	1377	1151	1151
M2638_4	M915_4	68	1293	894	894
M457_4	F1151_4	68	1269	478	1596
M457_4	F1239_4	68	1281	522	1818
M457_4	F1263_4	68	1195	815	2835
M457_4	F2120_4	68	1226	779	2698
M457_4	F2190_4	68	1314	375	1253
M457_4	F2266_4	68	1309	312	1027
M457_4	M1390_4	68	1226	305	1008
M457_4	M177_4	68	1211	1049	3565
M457_4	M2426_4	68	1248	846	2787
M457_4	M2638_4	68	1297	868	2956
M457_4	M57_4	68	1066	966	3282
M457_4	M69_4	68	1324	1129	3844
M457_4	M915_4	68	1123	842	2899
M57_4	F1151_4	68	1338	909	909
M57_4	F1239_4	68	1235	812	812
M57_4	F1263_4	68	1316	1175	1175
M57_4	F2120_4	68	1146	983	983
M57_4	F2190_4	68	1211	654	654
M57_4	F2266_4	68	1167	571	571
M57_4	M1390_4	68	1336	680	680
M57_4	M177_4	68	1327	1269	1269
M57_4	M2426_4	68	1395	1212	1212
M57_4	M2638_4	68	1114	968	968
M57_4	M457_4	68	1066	893	893
M57_4	M69_4	68	1210	1152	1152
M57_4	M915_4	68	1271	1153	1153
M69_4	F1151_4	68	1271	1000	1000
M69_4	F1239_4	68	1119	862	862
M69_4	F1263_4	68	1167	1056	1056
M69_4	F2120_4	68	1375	1234	1234
M69_4	F2190_4	68	1289	843	843
M69_4	F2266_4	68	1367	861	861
M69_4	M1390_4	68	1237	758	758
M69_4	M177_4	68	1289	1252	1252
M69_4	M2426_4	68	1382	1265	1265
M69_4	M2638_4	68	1377	1247	1247
M69_4	M457_4	68	1324	1169	1169
M69_4	M57_4	68	1210	1198	1198
M69_4	M915_4	68	1057	1000	1000
M915_4	F1151_4	68	1145	778	778
M915_4	F1239_4	68	1372	885	885
M915_4	F1263_4	68	1151	973	973
M915_4	F2120_4	68	1362	1158	1158
M915_4	F2190_4	68	1168	608	608
M915_4	F2266_4	68	1235	594	594
M915_4	M1390_4	68	1185	567	567
M915_4	M177_4	68	1164	1109	1109
M915_4	M2426_4	68	1249	1074	1074
M915_4	M2638_4	68	1293	1092	1092
M915_4	M457_4	68	1123	937	937
M915_4	M57_4	68	1271	1233	1233
M915_4	M69_4	68	1057	1008	1008
F1125_4	F1669_4	69	1112	414	744
F1125_4	F1671_4	69	1227	873	1528
F1125_4	F2193_4	69	1340	212	373
F1125_4	F2674_4	69	1262	718	1247
F1125_4	F2685_4	69	1200	924	1670
F1125_4	F540_4	69	1330	860	1512
F1125_4	F557_4	69	1329	846	1515
F1125_4	F838_4	69	1402	423	705
F1125_4	M104_4	69	1244	861	1529
F1125_4	M1079_4	69	1391	281	497
F1125_4	M2654_4	69	1257	122	223
F1125_4	M608_4	69	1260	531	956
F1125_4	M632_4	69	1183	384	677
F1669_4	F1125_4	69	1112	926	926
F1669_4	F1671_4	69	1426	1180	1180
F1669_4	F2193_4	69	1353	339	339
F1669_4	F2674_4	69	1271	857	857
F1669_4	F2685_4	69	1315	1124	1124
F1669_4	F540_4	69	1284	965	965
F1669_4	F557_4	69	1277	930	930
F1669_4	F838_4	69	1213	547	547
F1669_4	M104_4	69	1220	983	983
F1669_4	M1079_4	69	1298	416	416
F1669_4	M2654_4	69	1452	222	222
F1669_4	M608_4	69	1290	720	720
F1669_4	M632_4	69	1237	611	611
F1671_4	F1125_4	69	1227	678	1659
F1671_4	F1669_4	69	1426	269	689
F1671_4	F2193_4	69	1327	96	229
F1671_4	F2674_4	69	1063	357	864
F1671_4	F2685_4	69	1193	626	1542
F1671_4	F540_4	69	1148	456	1094
F1671_4	F557_4	69	1309	540	1326
F1671_4	F838_4	69	1187	180	458
F1671_4	M104_4	69	1280	604	1503
F1671_4	M1079_4	69	1284	106	239
F1671_4	M2654_4	69	1291	42	114
F1671_4	M608_4	69	1341	316	790
F1671_4	M632_4	69	1173	220	516
F2193_4	F1125_4	69	1340	749	1340
F2193_4	F1669_4	69	1353	249	449
F2193_4	F1671_4	69	1327	638	1129
F2193_4	F2674_4	69	1336	468	818
F2193_4	F2685_4	69	1181	604	1090
F2193_4	F540_4	69	1291	553	1003
F2193_4	F557_4	69	1372	564	977
F2193_4	F838_4	69	1322	179	289
F2193_4	M104_4	69	1055	496	900
F2193_4	M1079_4	69	1266	88	161
F2193_4	M2654_4	69	1389	57	113
F2193_4	M608_4	69	1253	287	507
F2193_4	M632_4	69	1196	209	377
F2674_4	F1125_4	69	1262	903	2278
F2674_4	F1669_4	69	1271	398	1004
F2674_4	F1671_4	69	1063	682	1673
F2674_4	F2193_4	69	1336	161	381
F2674_4	F2685_4	69	1249	839	2109
F2674_4	F540_4	69	1265	704	1684
F2674_4	F557_4	69	1323	702	1790
F2674_4	F838_4	69	1126	314	805
F2674_4	M104_4	69	1108	706	1793
F2674_4	M1079_4	69	1333	199	525
F2674_4	M2654_4	69	1304	90	229
F2674_4	M608_4	69	1269	447	1110
F2674_4	M632_4	69	1228	374	911
F2685_4	F1125_4	69	1200	614	1166
F2685_4	F1669_4	69	1315	172	305
F2685_4	F1671_4	69	1193	518	1027
F2685_4	F2193_4	69	1181	66	132
F2685_4	F2674_4	69	1249	336	616
F2685_4	F540_4	69	1450	520	1023
F2685_4	F557_4	69	1112	386	706
F2685_4	F838_4	69	1271	132	237
F2685_4	M104_4	69	1185	461	877
F2685_4	M1079_4	69	1219	80	160
F2685_4	M2654_4	69	1224	30	55
F2685_4	M608_4	69	1276	229	453
F2685_4	M632_4	69	1221	166	309
F540_4	F1125_4	69	1330	682	682
F540_4	F1669_4	69	1284	235	235
F540_4	F1671_4	69	1148	527	527
F540_4	F2193_4	69	1291	75	75
F540_4	F2674_4	69	1265	393	393
F540_4	F2685_4	69	1450	742	742
F540_4	F557_4	69	1183	408	408
F540_4	F838_4	69	1201	146	146
F540_4	M104_4	69	1222	530	530
F540_4	M1079_4	69	1175	93	93
F540_4	M2654_4	69	1297	39	39
F540_4	M608_4	69	1286	229	229
F540_4	M632_4	69	1396	233	233
F557_4	F1125_4	69	1329	895	895
F557_4	F1669_4	69	1277	362	362
F557_4	F1671_4	69	1309	819	819
F557_4	F2193_4	69	1372	172	172
F557_4	F2674_4	69	1323	620	620
F557_4	F2685_4	69	1112	752	752
F557_4	F540_4	69	1183	654	654
F557_4	F838_4	69	1255	246	246
F557_4	M104_4	69	1246	745	745
F557_4	M1079_4	69	1214	184	184
F557_4	M2654_4	69	1216	68	68
F557_4	M608_4	69	1368	444	444
F557_4	M632_4	69	1306	367	367
F838_4	F1125_4	69	1402	806	806
F838_4	F1669_4	69	1213	259	259
F838_4	F1671_4	69	1187	580	580
F838_4	F2193_4	69	1322	100	100
F838_4	F2674_4	69	1126	433	433
F838_4	F2685_4	69	1271	738	738
F838_4	F540_4	69	1201	549	549
F838_4	F557_4	69	1255	550	550
F838_4	M104_4	69	1242	601	601
F838_4	M1079_4	69	1292	126	126
F838_4	M2654_4	69	1177	53	53
F838_4	M608_4	69	1229	291	291
F838_4	M632_4	69	1276	237	237
M104_4	F1125_4	69	1244	600	600
M104_4	F1669_4	69	1220	169	169
M104_4	F1671_4	69	1280	483	483
M104_4	F2193_4	69	1055	62	62
M104_4	F2674_4	69	1108	295	295
M104_4	F2685_4	69	1185	552	552
M104_4	F540_4	69	1222	422	422
M104_4	F557_4	69	1246	414	414
M104_4	F838_4	69	1242	142	142
M104_4	M1079_4	69	1234	69	69
M104_4	M2654_4	69	1213	33	33
M104_4	M608_4	69	1246	226	226
M104_4	M632_4	69	1258	172	172
M1079_4	F1125_4	69	1391	431	431
M1079_4	F1669_4	69	1298	102	102
M1079_4	F1671_4	69	1284	318	318
M1079_4	F2193_4	69	1266	48	48
M1079_4	F2674_4	69	1333	221	221
M1079_4	F2685_4	69	1219	373	373
M1079_4	F540_4	69	1175	242	242
M1079_4	F557_4	69	1214	228	228
M1079_4	F838_4	69	1292	69	69
M1079_4	M104_4	69	1234	305	305
M1079_4	M2654_4	69	1121	17	17
M1079_4	M608_4	69	1063	107	107
M1079_4	M632_4	69	1254	95	95
M2654_4	F1125_4	69	1257	1141	1141
M2654_4	F1669_4	69	1452	945	945
M2654_4	F1671_4	69	1291	1164	1164
M2654_4	F2193_4	69	1389	573	573
M2654_4	F2674_4	69	1304	1056	1056
M2654_4	F2685_4	69	1224	1129	1129
M2654_4	F540_4	69	1297	1121	1121
M2654_4	F557_4	69	1216	1033	1033
M2654_4	F838_4	69	1177	689	689
M2654_4	M104_4	69	1213	1046	1046
M2654_4	M1079_4	69	1121	535	535
M2654_4	M608_4	69	1279	917	917
M2654_4	M632_4	69	1393	900	900
M608_4	F1125_4	69	1260	401	491
M608_4	F1669_4	69	1290	99	118
M608_4	F1671_4	69	1341	313	393
M608_4	F2193_4	69	1253	28	33
M608_4	F2674_4	69	1269	184	228
M608_4	F2685_4	69	1276	336	400
M608_4	F540_4	69	1286	265	327
M608_4	F557_4	69	1368	259	312
M608_4	F838_4	69	1229	74	94
M608_4	M104_4	69	1246	272	332
M608_4	M1079_4	69	1063	40	51
M608_4	M2654_4	69	1279	17	19
M608_4	M632_4	69	1141	91	106
M632_4	F1125_4	69	1183	920	920
M632_4	F1669_4	69	1237	513	513
M632_4	F1671_4	69	1173	906	906
M632_4	F2193_4	69	1196	248	248
M632_4	F2674_4	69	1228	763	763
M632_4	F2685_4	69	1221	952	952
M632_4	F540_4	69	1396	984	984
M632_4	F557_4	69	1306	839	839
M632_4	F838_4	69	1276	451	451
M632_4	M104_4	69	1258	919	919
M632_4	M1079_4	69	1254	291	291
M632_4	M2654_4	69	1393	161	161
M632_4	M608_4	69	1141	531	531
F1345_4	F1490_4	70	1381	642	1007
F1345_4	F1953_4	70	1404	928	1441
F1345_4	F2042_4	70	1264	1102	1704
F1345_4	F499_4	70	1218	979	1502
F1345_4	F770_4	70	1201	570	873
F1345_4	M1436_4	70	1229	1006	1586
F1345_4	M1590_4	70	1322	1191	1844
F1345_4	M1783_4	70	1253	358	588
F1345_4	M1785_4	70	1232	940	1451
F1345_4	M2031_4	70	1232	878	1385
F1345_4	M591_4	70	1089	967	1476
F1345_4	M708_4	70	1266	1039	1642
F1345_4	M801_4	70	1279	495	781
F1490_4	F1345_4	70	1381	619	954
F1490_4	F1953_4	70	1248	152	223
F1490_4	F2042_4	70	1259	475	758
F1490_4	F499_4	70	1184	286	441
F1490_4	F770_4	70	1317	86	131
F1490_4	M1436_4	70	1243	292	475
F1490_4	M1590_4	70	1241	530	810
F1490_4	M1783_4	70	1276	32	55
F1490_4	M1785_4	70	1105	221	361
F1490_4	M2031_4	70	1120	153	252
F1490_4	M591_4	70	1272	527	813
F1490_4	M708_4	70	1184	313	492
F1490_4	M801_4	70	1308	61	98
F1953_4	F1345_4	70	1404	1290	1290
F1953_4	F1490_4	70	1248	635	635
F1953_4	F2042_4	70	1111	994	994
F1953_4	F499_4	70	1239	999	999
F1953_4	F770_4	70	1264	651	651
F1953_4	M1436_4	70	1326	1101	1101
F1953_4	M1590_4	70	1246	1122	1122
F1953_4	M1783_4	70	1202	358	358
F1953_4	M1785_4	70	1272	992	992
F1953_4	M2031_4	70	1333	936	936
F1953_4	M591_4	70	1222	1115	1115
F1953_4	M708_4	70	1248	1029	1029
F1953_4	M801_4	70	1274	486	486
F2042_4	F1345_4	70	1264	658	658
F2042_4	F1490_4	70	1259	110	110
F2042_4	F1953_4	70	1111	205	205
F2042_4	F499_4	70	1225	380	380
F2042_4	F770_4	70	1212	113	113
F2042_4	M1436_4	70	1115	348	348
F2042_4	M1590_4	70	1208	613	613
F2042_4	M1783_4	70	1299	65	65
F2042_4	M1785_4	70	1240	319	319
F2042_4	M2031_4	70	1303	251	251
F2042_4	M591_4	70	1246	602	602
F2042_4	M708_4	70	1281	458	458
F2042_4	M801_4	70	1178	80	80
F499_4	F1345_4	70	1218	502	502
F499_4	F1490_4	70	1184	85	85
F499_4	F1953_4	70	1239	160	160
F499_4	F2042_4	70	1225	418	418
F499_4	F770_4	70	1192	62	62
F499_4	M1436_4	70	1334	282	282
F499_4	M1590_4	70	1307	553	553
F499_4	M1783_4	70	1129	29	29
F499_4	M1785_4	70	1251	227	227
F499_4	M2031_4	70	1285	172	172
F499_4	M591_4	70	1300	451	451
F499_4	M708_4	70	1202	312	312
F499_4	M801_4	70	1156	47	47
F770_4	F1345_4	70	1201	1095	1095
F770_4	F1490_4	70	1317	587	587
F770_4	F1953_4	70	1264	810	810
F770_4	F2042_4	70	1212	1037	1037
F770_4	F499_4	70	1192	984	984
F770_4	M1436_4	70	1309	1030	1030
F770_4	M1590_4	70	1247	1122	1122
F770_4	M1783_4	70	1372	374	374
F770_4	M1785_4	70	1255	922	922
F770_4	M2031_4	70	1182	799	799
F770_4	M591_4	70	1319	1161	1161
F770_4	M708_4	70	1261	1050	1050
F770_4	M801_4	70	1328	495	495
M1436_4	F1345_4	70	1229	1068	1068
M1436_4	F1490_4	70	1243	466	466
M1436_4	F1953_4	70	1326	745	745
M1436_4	F2042_4	70	1115	927	927
M1436_4	F499_4	70	1334	955	955
M1436_4	F770_4	70	1309	504	504
M1436_4	M1590_4	70	1372	1168	1168
M1436_4	M1783_4	70	1361	306	306
M1436_4	M1785_4	70	1221	795	795
M1436_4	M2031_4	70	1315	777	777
M1436_4	M591_4	70	1411	1198	1198
M1436_4	M708_4	70	1185	897	897
M1436_4	M801_4	70	1239	348	348
M1590_4	F1345_4	70	1322	813	813
M1590_4	F1490_4	70	1241	152	152
M1590_4	F1953_4	70	1246	260	260
M1590_4	F2042_4	70	1208	622	622
M1590_4	F499_4	70	1307	519	519
M1590_4	F770_4	70	1247	138	138
M1590_4	M1436_4	70	1372	536	536
M1590_4	M1783_4	70	1300	80	80
M1590_4	M1785_4	70	1267	423	423
M1590_4	M2031_4	70	1294	333	333
M1590_4	M591_4	70	1204	692	692
M1590_4	M708_4	70	1307	534	534
M1590_4	M801_4	70	1251	108	108
M1783_4	F1345_4	70	1253	1209	1719
M1783_4	F1490_4	70	1276	895	1254
M1783_4	F1953_4	70	1202	992	1357
M1783_4	F2042_4	70	1299	1231	1775
M1783_4	F499_4	70	1129	1036	1457
M1783_4	F770_4	70	1372	967	1361
M1783_4	M1436_4	70	1361	1259	1750
M1783_4	M1590_4	70	1300	1256	1762
M1783_4	M1785_4	70	1339	1199	1672
M1783_4	M2031_4	70	1314	1142	1629
M1783_4	M591_4	70	1260	1217	1702
M1783_4	M708_4	70	1304	1207	1731
M1783_4	M801_4	70	1306	841	1195
M1785_4	F1345_4	70	1232	467	467
M1785_4	F1490_4	70	1105	57	57
M1785_4	F1953_4	70	1272	112	112
M1785_4	F2042_4	70	1240	344	344
M1785_4	F499_4	70	1251	246	246
M1785_4	F770_4	70	1255	53	53
M1785_4	M1436_4	70	1221	247	247
M1785_4	M1590_4	70	1267	475	475
M1785_4	M1783_4	70	1339	29	29
M1785_4	M2031_4	70	1189	130	130
M1785_4	M591_4	70	1284	427	427
M1785_4	M708_4	70	1182	248	248
M1785_4	M801_4	70	1394	44	44
M2031_4	F1345_4	70	1232	841	1689
M2031_4	F1490_4	70	1120	180	353
M2031_4	F1953_4	70	1333	398	773
M2031_4	F2042_4	70	1303	773	1536
M2031_4	F499_4	70	1285	591	1203
M2031_4	F770_4	70	1182	176	344
M2031_4	M1436_4	70	1315	620	1233
M2031_4	M1590_4	70	1294	850	1676
M2031_4	M1783_4	70	1314	109	221
M2031_4	M1785_4	70	1189	445	899
M2031_4	M591_4	70	1295	830	1646
M2031_4	M708_4	70	1281	651	1275
M2031_4	M801_4	70	1286	158	308
M591_4	F1345_4	70	1089	1055	1055
M591_4	F1490_4	70	1272	933	933
M591_4	F1953_4	70	1222	1043	1043
M591_4	F2042_4	70	1246	1188	1188
M591_4	F499_4	70	1300	1194	1194
M591_4	F770_4	70	1319	952	952
M591_4	M1436_4	70	1411	1299	1299
M591_4	M1590_4	70	1204	1162	1162
M591_4	M1783_4	70	1260	664	664
M591_4	M1785_4	70	1284	1169	1169
M591_4	M2031_4	70	1295	1096	1096
M591_4	M708_4	70	1213	1148	1148
M591_4	M801_4	70	1247	809	809
M708_4	F1345_4	70	1266	876	1267
M708_4	F1490_4	70	1184	204	286
M708_4	F1953_4	70	1248	364	509
M708_4	F2042_4	70	1281	767	1119
M708_4	F499_4	70	1202	597	888
M708_4	F770_4	70	1261	192	270
M708_4	M1436_4	70	1185	564	822
M708_4	M1590_4	70	1307	848	1215
M708_4	M1783_4	70	1304	93	133
M708_4	M1785_4	70	1182	468	667
M708_4	M2031_4	70	1281	404	575
M708_4	M591_4	70	1213	786	1137
M708_4	M801_4	70	1158	132	192
M801_4	F1345_4	70	1279	729	729
M801_4	F1490_4	70	1308	142	142
M801_4	F1953_4	70	1274	288	288
M801_4	F2042_4	70	1178	582	582
M801_4	F499_4	70	1156	447	447
M801_4	F770_4	70	1328	135	135
M801_4	M1436_4	70	1239	464	464
M801_4	M1590_4	70	1251	741	741
M801_4	M1783_4	70	1306	68	68
M801_4	M1785_4	70	1394	403	403
M801_4	M2031_4	70	1286	306	306
M801_4	M591_4	70	1247	701	701
M801_4	M708_4	70	1158	458	458
F1327_4	F1479_4	71	1084	61	88
F1327_4	F1718_4	71	1220	279	455
F1327_4	F202_4	71	1374	26	38
F1327_4	F307_4	71	1342	138	211
F1327_4	F32_4	71	1208	784	1244
F1327_4	F611_4	71	1201	200	312
F1327_4	F910_4	71	1128	94	152
F1327_4	F959_4	71	1214	60	93
F1327_4	M2244_4	71	1284	658	1038
F1327_4	M2545_4	71	1139	538	858
F1327_4	M368_4	71	1265	248	396
F1327_4	M876_4	71	1232	412	652
F1327_4	M946_4	71	1173	135	192
F1479_4	F1327_4	71	1084	249	249
F1479_4	F1718_4	71	1219	541	541
F1479_4	F202_4	71	1130	55	55
F1479_4	F307_4	71	1313	309	309
F1479_4	F32_4	71	1105	952	952
F1479_4	F611_4	71	1312	493	493
F1479_4	F910_4	71	1248	269	269
F1479_4	F959_4	71	1235	136	136
F1479_4	M2244_4	71	1342	1027	1027
F1479_4	M2545_4	71	1376	987	987
F1479_4	M368_4	71	1293	543	543
F1479_4	M876_4	71	1144	701	701
F1479_4	M946_4	71	1234	333	333
F1718_4	F1327_4	71	1220	42	42
F1718_4	F1479_4	71	1219	16	16
F1718_4	F202_4	71	1346	4	4
F1718_4	F307_4	71	1258	36	36
F1718_4	F32_4	71	1289	452	452
F1718_4	F611_4	71	1260	70	70
F1718_4	F910_4	71	1226	34	34
F1718_4	F959_4	71	1446	15	15
F1718_4	M2244_4	71	1299	326	326
F1718_4	M2545_4	71	1300	246	246
F1718_4	M368_4	71	1278	91	91
F1718_4	M876_4	71	1323	139	139
F1718_4	M946_4	71	1339	58	58
F202_4	F1327_4	71	1374	98	98
F202_4	F1479_4	71	1130	56	56
F202_4	F1718_4	71	1346	322	322
F202_4	F307_4	71	1217	117	117
F202_4	F32_4	71	1159	744	744
F202_4	F611_4	71	1198	209	209
F202_4	F910_4	71	1391	128	128
F202_4	F959_4	71	1203	47	47
F202_4	M2244_4	71	1253	681	681
F202_4	M2545_4	71	1126	540	540
F202_4	M368_4	71	1141	226	226
F202_4	M876_4	71	1384	466	466
F202_4	M946_4	71	1098	123	123
F307_4	F1327_4	71	1342	478	998
F307_4	F1479_4	71	1313	280	595
F307_4	F1718_4	71	1258	781	1612
F307_4	F202_4	71	1217	87	171
F307_4	F32_4	71	1359	1263	2579
F307_4	F611_4	71	1221	692	1371
F307_4	F910_4	71	1167	421	874
F307_4	F959_4	71	1183	252	532
F307_4	M2244_4	71	1295	1125	2345
F307_4	M2545_4	71	1215	1029	2123
F307_4	M368_4	71	1194	687	1383
F307_4	M876_4	71	1261	950	1978
F307_4	M946_4	71	1317	594	1202
F32_4	F1327_4	71	1208	267	371
F32_4	F1479_4	71	1105	149	209
F32_4	F1718_4	71	1289	557	784
F32_4	F202_4	71	1159	53	74
F32_4	F307_4	71	1359	275	387
F32_4	F611_4	71	1195	411	593
F32_4	F910_4	71	1268	267	373
F32_4	F959_4	71	1233	154	222
F32_4	M2244_4	71	1228	957	1319
F32_4	M2545_4	71	1224	865	1208
F32_4	M368_4	71	1492	573	784
F32_4	M876_4	71	1320	777	1078
F32_4	M946_4	71	1123	286	390
F611_4	F1327_4	71	1201	533	1994
F611_4	F1479_4	71	1312	410	1528
F611_4	F1718_4	71	1260	890	3383
F611_4	F202_4	71	1198	153	587
F611_4	F307_4	71	1221	584	2199
F611_4	F32_4	71	1195	1129	4320
F611_4	F910_4	71	1298	615	2311
F611_4	F959_4	71	1195	304	1116
F611_4	M2244_4	71	1240	1148	4270
F611_4	M2545_4	71	1297	1150	4361
F611_4	M368_4	71	1325	914	3395
F611_4	M876_4	71	1321	1077	4062
F611_4	M946_4	71	1374	711	2692
F910_4	F1327_4	71	1128	56	160
F910_4	F1479_4	71	1248	29	94
F910_4	F1718_4	71	1226	113	355
F910_4	F202_4	71	1391	12	37
F910_4	F307_4	71	1167	46	122
F910_4	F32_4	71	1268	502	1557
F910_4	F611_4	71	1298	113	343
F910_4	F959_4	71	1287	20	59
F910_4	M2244_4	71	1140	359	1092
F910_4	M2545_4	71	1225	306	937
F910_4	M368_4	71	1223	108	329
F910_4	M876_4	71	1322	192	568
F910_4	M946_4	71	1470	81	260
F959_4	F1327_4	71	1214	942	2771
F959_4	F1479_4	71	1235	758	2185
F959_4	F1718_4	71	1446	1289	3734
F959_4	F202_4	71	1203	435	1267
F959_4	F307_4	71	1183	885	2644
F959_4	F32_4	71	1233	1212	3496
F959_4	F611_4	71	1195	1037	3078
F959_4	F910_4	71	1287	986	2793
F959_4	M2244_4	71	1387	1356	3882
F959_4	M2545_4	71	1330	1286	3722
F959_4	M368_4	71	1281	1144	3252
F959_4	M876_4	71	1350	1284	3656
F959_4	M946_4	71	1134	922	2661
M2244_4	F1327_4	71	1284	578	1179
M2244_4	F1479_4	71	1342	376	747
M2244_4	F1718_4	71	1299	916	1810
M2244_4	F202_4	71	1253	163	318
M2244_4	F307_4	71	1295	611	1192
M2244_4	F32_4	71	1228	1150	2284
M2244_4	F611_4	71	1240	811	1634
M2244_4	F910_4	71	1140	501	981
M2244_4	F959_4	71	1387	388	765
M2244_4	M2545_4	71	1273	1121	2215
M2244_4	M368_4	71	1284	879	1713
M2244_4	M876_4	71	1418	1144	2225
M2244_4	M946_4	71	1105	591	1179
M2545_4	F1327_4	71	1139	194	514
M2545_4	F1479_4	71	1376	120	304
M2545_4	F1718_4	71	1300	476	1229
M2545_4	F202_4	71	1126	42	111
M2545_4	F307_4	71	1215	248	635
M2545_4	F32_4	71	1224	978	2483
M2545_4	F611_4	71	1297	453	1149
M2545_4	F910_4	71	1225	183	482
M2545_4	F959_4	71	1330	115	280
M2545_4	M2244_4	71	1273	927	2353
M2545_4	M368_4	71	1199	425	1089
M2545_4	M876_4	71	1297	680	1717
M2545_4	M946_4	71	1269	293	754
M368_4	F1327_4	71	1265	741	741
M368_4	F1479_4	71	1293	509	509
M368_4	F1718_4	71	1278	1003	1003
M368_4	F202_4	71	1141	208	208
M368_4	F307_4	71	1194	679	679
M368_4	F32_4	71	1492	1448	1448
M368_4	F611_4	71	1325	970	970
M368_4	F910_4	71	1223	704	704
M368_4	F959_4	71	1281	474	474
M368_4	M2244_4	71	1284	1224	1224
M368_4	M2545_4	71	1199	1110	1110
M368_4	M876_4	71	1175	1037	1037
M368_4	M946_4	71	1216	795	795
M876_4	F1327_4	71	1232	220	220
M876_4	F1479_4	71	1144	113	113
M876_4	F1718_4	71	1323	504	504
M876_4	F202_4	71	1384	55	55
M876_4	F307_4	71	1261	268	268
M876_4	F32_4	71	1320	1048	1048
M876_4	F611_4	71	1321	390	390
M876_4	F910_4	71	1322	224	224
M876_4	F959_4	71	1350	111	111
M876_4	M2244_4	71	1418	1041	1041
M876_4	M2545_4	71	1297	845	845
M876_4	M368_4	71	1175	395	395
M876_4	M946_4	71	1305	309	309
M946_4	F1327_4	71	1173	326	653
M946_4	F1479_4	71	1234	181	361
M946_4	F1718_4	71	1339	668	1344
M946_4	F202_4	71	1098	71	142
M946_4	F307_4	71	1317	355	754
M946_4	F32_4	71	1123	971	2016
M946_4	F611_4	71	1374	596	1174
M946_4	F910_4	71	1470	381	787
M946_4	F959_4	71	1134	165	329
M946_4	M2244_4	71	1105	926	1954
M946_4	M2545_4	71	1269	971	1951
M946_4	M368_4	71	1216	558	1184
M946_4	M876_4	71	1305	843	1726
F1389_4	F1906_4	72	1426	542	542
F1389_4	F1960_4	72	1301	28	28
F1389_4	F2579_4	72	1279	336	336
F1389_4	F2659_4	72	1328	142	142
F1389_4	M1130_4	72	1187	35	35
F1389_4	M1527_4	72	1228	357	357
F1389_4	M1979_4	72	1244	429	429
F1389_4	M2032_4	72	1368	778	778
F1389_4	M2275_4	72	1118	31	31
F1389_4	M2456_4	72	1342	101	101
F1389_4	M2688_4	72	1352	231	231
F1389_4	M287_4	72	1268	117	117
F1389_4	M926_4	72	1365	11	11
F1906_4	F1389_4	72	1426	59	134
F1906_4	F1960_4	72	1053	6	15
F1906_4	F2579_4	72	1170	106	228
F1906_4	F2659_4	72	1490	75	169
F1906_4	M1130_4	72	1356	24	56
F1906_4	M1527_4	72	1304	161	353
F1906_4	M1979_4	72	1341	187	430
F1906_4	M2032_4	72	1385	426	947
F1906_4	M2275_4	72	1303	11	24
F1906_4	M2456_4	72	1248	29	69
F1906_4	M2688_4	72	1218	90	178
F1906_4	M287_4	72	1396	36	79
F1906_4	M926_4	72	1335	1	1
F1960_4	F1389_4	72	1301	682	886
F1960_4	F1906_4	72	1053	876	1143
F1960_4	F2579_4	72	1261	922	1218
F1960_4	F2659_4	72	1263	685	906
F1960_4	M1130_4	72	1370	382	504
F1960_4	M1527_4	72	1239	973	1285
F1960_4	M1979_4	72	1268	1031	1330
F1960_4	M2032_4	72	1115	1011	1314
F1960_4	M2275_4	72	1262	244	328
F1960_4	M2456_4	72	1161	426	580
F1960_4	M2688_4	72	1167	718	966
F1960_4	M287_4	72	1284	600	789
F1960_4	M926_4	72	1246	79	103
F2579_4	F1389_4	72	1279	1020	1020
F2579_4	F1906_4	72	1170	1120	1120
F2579_4	F1960_4	72	1261	400	400
F2579_4	F2659_4	72	1323	1091	1091
F2579_4	M1130_4	72	1216	700	700
F2579_4	M1527_4	72	1261	1178	1178
F2579_4	M1979_4	72	1198	1127	1127
F2579_4	M2032_4	72	1319	1296	1296
F2579_4	M2275_4	72	1331	628	628
F2579_4	M2456_4	72	1092	784	784
F2579_4	M2688_4	72	1201	1016	1016
F2579_4	M287_4	72	1139	886	886
F2579_4	M926_4	72	1312	223	223
F2659_4	F1389_4	72	1328	1134	1134
F2659_4	F1906_4	72	1490	1432	1432
F2659_4	F1960_4	72	1263	474	474
F2659_4	F2579_4	72	1323	1225	1225
F2659_4	M1130_4	72	1344	854	854
F2659_4	M1527_4	72	1249	1186	1186
F2659_4	M1979_4	72	1104	1042	1042
F2659_4	M2032_4	72	1184	1159	1159
F2659_4	M2275_4	72	1245	675	675
F2659_4	M2456_4	72	1299	958	958
F2659_4	M2688_4	72	1190	1053	1053
F2659_4	M287_4	72	1226	977	977
F2659_4	M926_4	72	1313	302	302
M1130_4	F1389_4	72	1187	163	364
M1130_4	F1906_4	72	1356	539	1150
M1130_4	F1960_4	72	1370	26	53
M1130_4	F2579_4	72	1216	320	694
M1130_4	F2659_4	72	1344	168	361
M1130_4	M1527_4	72	1316	430	927
M1130_4	M1979_4	72	1307	478	1080
M1130_4	M2032_4	72	1171	669	1484
M1130_4	M2275_4	72	1241	31	75
M1130_4	M2456_4	72	1288	100	213
M1130_4	M2688_4	72	1185	196	440
M1130_4	M287_4	72	1476	147	318
M1130_4	M926_4	72	1247	10	23
M1527_4	F1389_4	72	1228	870	870
M1527_4	F1906_4	72	1304	1181	1181
M1527_4	F1960_4	72	1239	280	280
M1527_4	F2579_4	72	1261	1078	1078
M1527_4	F2659_4	72	1249	892	892
M1527_4	M1130_4	72	1316	539	539
M1527_4	M1979_4	72	1299	1142	1142
M1527_4	M2032_4	72	1198	1139	1139
M1527_4	M2275_4	72	1288	374	374
M1527_4	M2456_4	72	1280	678	678
M1527_4	M2688_4	72	1231	912	912
M1527_4	M287_4	72	1119	693	693
M1527_4	M926_4	72	1335	138	138
M1979_4	F1389_4	72	1244	663	663
M1979_4	F1906_4	72	1341	1113	1113
M1979_4	F1960_4	72	1268	131	131
M1979_4	F2579_4	72	1198	855	855
M1979_4	F2659_4	72	1104	549	549
M1979_4	M1130_4	72	1307	319	319
M1979_4	M1527_4	72	1299	1029	1029
M1979_4	M2032_4	72	1293	1183	1183
M1979_4	M2275_4	72	1258	227	227
M1979_4	M2456_4	72	1357	444	444
M1979_4	M2688_4	72	1171	697	697
M1979_4	M287_4	72	1201	537	537
M1979_4	M926_4	72	1228	61	61
M2032_4	F1389_4	72	1368	716	716
M2032_4	F1906_4	72	1385	1144	1144
M2032_4	F1960_4	72	1115	108	108
M2032_4	F2579_4	72	1319	921	921
M2032_4	F2659_4	72	1184	603	603
M2032_4	M1130_4	72	1171	287	287
M2032_4	M1527_4	72	1198	902	902
M2032_4	M1979_4	72	1293	981	981
M2032_4	M2275_4	72	1205	185	185
M2032_4	M2456_4	72	1174	412	412
M2032_4	M2688_4	72	1325	773	773
M2032_4	M287_4	72	1099	474	474
M2032_4	M926_4	72	1261	82	82
M2275_4	F1389_4	72	1118	667	1601
M2275_4	F1906_4	72	1303	1127	2746
M2275_4	F1960_4	72	1262	180	430
M2275_4	F2579_4	72	1331	1015	2435
M2275_4	F2659_4	72	1245	708	1711
M2275_4	M1130_4	72	1241	392	944
M2275_4	M1527_4	72	1288	1041	2432
M2275_4	M1979_4	72	1258	1043	2515
M2275_4	M2032_4	72	1205	1101	2671
M2275_4	M2456_4	72	1283	550	1341
M2275_4	M2688_4	72	1302	825	1989
M2275_4	M287_4	72	1334	683	1611
M2275_4	M926_4	72	1174	76	181
M2456_4	F1389_4	72	1342	405	405
M2456_4	F1906_4	72	1248	883	883
M2456_4	F1960_4	72	1161	58	58
M2456_4	F2579_4	72	1092	558	558
M2456_4	F2659_4	72	1299	398	398
M2456_4	M1130_4	72	1288	163	163
M2456_4	M1527_4	72	1280	704	704
M2456_4	M1979_4	72	1357	850	850
M2456_4	M2032_4	72	1174	946	946
M2456_4	M2275_4	72	1283	117	117
M2456_4	M2688_4	72	1304	478	478
M2456_4	M287_4	72	1357	343	343
M2456_4	M926_4	72	1149	23	23
M2688_4	F1389_4	72	1352	708	708
M2688_4	F1906_4	72	1218	1016	1016
M2688_4	F1960_4	72	1167	124	124
M2688_4	F2579_4	72	1201	847	847
M2688_4	F2659_4	72	1190	629	629
M2688_4	M1130_4	72	1185	297	297
M2688_4	M1527_4	72	1231	952	952
M2688_4	M1979_4	72	1171	919	919
M2688_4	M2032_4	72	1325	1182	1182
M2688_4	M2275_4	72	1302	218	218
M2688_4	M2456_4	72	1304	477	477
M2688_4	M287_4	72	1243	553	553
M2688_4	M926_4	72	1173	62	62
M287_4	F1389_4	72	1268	989	2311
M287_4	F1906_4	72	1396	1315	3034
M287_4	F1960_4	72	1284	406	944
M287_4	F2579_4	72	1139	1026	2357
M287_4	F2659_4	72	1226	967	2320
M287_4	M1130_4	72	1476	839	1974
M287_4	M1527_4	72	1119	1025	2441
M287_4	M1979_4	72	1201	1117	2617
M287_4	M2032_4	72	1099	1070	2529
M287_4	M2275_4	72	1334	593	1365
M287_4	M2456_4	72	1357	909	2150
M287_4	M2688_4	72	1243	1059	2535
M287_4	M926_4	72	1119	179	417
M926_4	F1389_4	72	1365	307	498
M926_4	F1906_4	72	1335	828	1317
M926_4	F1960_4	72	1246	44	62
M926_4	F2579_4	72	1312	553	919
M926_4	F2659_4	72	1313	309	483
M926_4	M1130_4	72	1247	105	154
M926_4	M1527_4	72	1335	622	991
M926_4	M1979_4	72	1228	633	1018
M926_4	M2032_4	72	1261	930	1445
M926_4	M2275_4	72	1174	70	116
M926_4	M2456_4	72	1149	159	254
M926_4	M2688_4	72	1173	351	578
M926_4	M287_4	72	1119	211	331
F2778_4	F630_4	73	1155	1127	1127
F2778_4	F866_4	73	1314	971	971
F2778_4	F986_4	73	1247	1065	1065
F2778_4	M1128_4	73	1280	1189	1189
F2778_4	M1333_4	73	1371	671	671
F2778_4	M1475_4	73	1266	1107	1107
F2778_4	M1834_4	73	1280	1216	1216
F2778_4	M2295_4	73	1360	1242	1242
F2778_4	M2647_4	73	1274	924	924
F2778_4	M492_4	73	1306	1279	1279
F2778_4	M622_4	73	1262	1224	1224
F2778_4	M70_4	73	1174	824	824
F2778_4	M853_4	73	1345	638	638
F630_4	F2778_4	73	1155	380	686
F630_4	F866_4	73	1310	587	1085
F630_4	F986_4	73	1318	712	1285
F630_4	M1128_4	73	1379	1044	1886
F630_4	M1333_4	73	1241	204	363
F630_4	M1475_4	73	1290	802	1438
F630_4	M1834_4	73	1245	1020	1851
F630_4	M2295_4	73	1348	987	1721
F630_4	M2647_4	73	1405	583	1022
F630_4	M492_4	73	1282	1195	2132
F630_4	M622_4	73	1259	1086	1917
F630_4	M70_4	73	1491	568	1020
F630_4	M853_4	73	1178	204	362
F866_4	F2778_4	73	1314	185	185
F866_4	F630_4	73	1310	1017	1017
F866_4	F986_4	73	1347	399	399
F866_4	M1128_4	73	1183	624	624
F866_4	M1333_4	73	1343	101	101
F866_4	M1475_4	73	1299	461	461
F866_4	M1834_4	73	1175	683	683
F866_4	M2295_4	73	1187	579	579
F866_4	M2647_4	73	1304	263	263
F866_4	M492_4	73	1255	1018	1018
F866_4	M622_4	73	1287	899	899
F866_4	M70_4	73	1394	217	217
F866_4	M853_4	73	1249	95	95
F986_4	F2778_4	73	1247	370	370
F986_4	F630_4	73	1318	1205	1205
F986_4	F866_4	73	1347	551	551
F986_4	M1128_4	73	1248	908	908
F986_4	M1333_4	73	1220	229	229
F986_4	M1475_4	73	1289	731	731
F986_4	M1834_4	73	1255	964	964
F986_4	M2295_4	73	1303	905	905
F986_4	M2647_4	73	1323	504	504
F986_4	M492_4	73	1270	1170	1170
F986_4	M622_4	73	1123	946	946
F986_4	M70_4	73	1266	418	418
F986_4	M853_4	73	1256	196	196
M1128_4	F2778_4	73	1280	354	357
M1128_4	F630_4	73	1379	1237	1242
M1128_4	F866_4	73	1183	481	484
M1128_4	F986_4	73	1248	605	610
M1128_4	M1333_4	73	1317	213	213
M1128_4	M1475_4	73	1243	677	679
M1128_4	M1834_4	73	1334	1007	1008
M1128_4	M2295_4	73	1220	855	858
M1128_4	M2647_4	73	1104	361	364
M1128_4	M492_4	73	1178	1061	1064
M1128_4	M622_4	73	1266	1038	1046
M1128_4	M70_4	73	1146	373	374
M1128_4	M853_4	73	1267	191	192
M1333_4	F2778_4	73	1371	869	869
M1333_4	F630_4	73	1241	1204	1204
M1333_4	F866_4	73	1343	957	957
M1333_4	F986_4	73	1220	1005	1005
M1333_4	M1128_4	73	1317	1191	1191
M1333_4	M1475_4	73	1175	967	967
M1333_4	M1834_4	73	1222	1131	1131
M1333_4	M2295_4	73	1169	1047	1047
M1333_4	M2647_4	73	1311	897	897
M1333_4	M492_4	73	1356	1330	1330
M1333_4	M622_4	73	1274	1223	1223
M1333_4	M70_4	73	1254	820	820
M1333_4	M853_4	73	1246	558	558
M1475_4	F2778_4	73	1266	904	904
M1475_4	F630_4	73	1290	1264	1264
M1475_4	F866_4	73	1299	1019	1019
M1475_4	F986_4	73	1289	1126	1126
M1475_4	M1128_4	73	1243	1157	1157
M1475_4	M1333_4	73	1175	636	636
M1475_4	M1834_4	73	1403	1330	1330
M1475_4	M2295_4	73	1284	1212	1212
M1475_4	M2647_4	73	1364	1032	1032
M1475_4	M492_4	73	1207	1187	1187
M1475_4	M622_4	73	1374	1316	1316
M1475_4	M70_4	73	1275	965	965
M1475_4	M853_4	73	1214	666	666
M1834_4	F2778_4	73	1280	354	531
M1834_4	F630_4	73	1245	1112	1685
M1834_4	F866_4	73	1175	417	639
M1834_4	F986_4	73	1255	591	889
M1834_4	M1128_4	73	1334	952	1417
M1834_4	M1333_4	73	1222	196	290
M1834_4	M1475_4	73	1403	741	1139
M1834_4	M2295_4	73	1267	845	1251
M1834_4	M2647_4	73	1282	433	634
M1834_4	M492_4	73	1317	1197	1785
M1834_4	M622_4	73	1306	1071	1612
M1834_4	M70_4	73	1175	378	589
M1834_4	M853_4	73	1243	164	243
M2295_4	F2778_4	73	1360	306	306
M2295_4	F630_4	73	1348	1169	1169
M2295_4	F866_4	73	1187	365	365
M2295_4	F986_4	73	1303	546	546
M2295_4	M1128_4	73	1220	775	775
M2295_4	M1333_4	73	1169	135	135
M2295_4	M1475_4	73	1284	570	570
M2295_4	M1834_4	73	1267	861	861
M2295_4	M2647_4	73	1442	394	394
M2295_4	M492_4	73	1124	991	991
M2295_4	M622_4	73	1169	913	913
M2295_4	M70_4	73	1274	278	278
M2295_4	M853_4	73	1257	155	155
M2647_4	F2778_4	73	1274	211	268
M2647_4	F630_4	73	1405	1084	1410
M2647_4	F866_4	73	1304	242	301
M2647_4	F986_4	73	1323	392	511
M2647_4	M1128_4	73	1104	538	700
M2647_4	M1333_4	73	1311	86	114
M2647_4	M1475_4	73	1364	470	610
M2647_4	M1834_4	73	1282	717	948
M2647_4	M2295_4	73	1442	701	914
M2647_4	M492_4	73	1286	1025	1326
M2647_4	M622_4	73	1353	906	1162
M2647_4	M70_4	73	1244	201	264
M2647_4	M853_4	73	1367	120	149
M492_4	F2778_4	73	1306	396	712
M492_4	F630_4	73	1282	1145	2058
M492_4	F866_4	73	1255	517	932
M492_4	F986_4	73	1270	666	1233
M492_4	M1128_4	73	1178	874	1558
M492_4	M1333_4	73	1356	261	482
M492_4	M1475_4	73	1207	699	1183
M492_4	M1834_4	73	1317	1041	1867
M492_4	M2295_4	73	1124	788	1393
M492_4	M2647_4	73	1286	486	863
M492_4	M622_4	73	1314	1091	1963
M492_4	M70_4	73	1353	427	761
M492_4	M853_4	73	1298	199	369
M622_4	F2778_4	73	1262	96	96
M622_4	F630_4	73	1259	731	731
M622_4	F866_4	73	1287	128	128
M622_4	F986_4	73	1123	173	173
M622_4	M1128_4	73	1266	405	405
M622_4	M1333_4	73	1274	56	56
M622_4	M1475_4	73	1374	256	256
M622_4	M1834_4	73	1306	460	460
M622_4	M2295_4	73	1169	301	301
M622_4	M2647_4	73	1353	125	125
M622_4	M492_4	73	1314	839	839
M622_4	M70_4	73	1215	99	99
M622_4	M853_4	73	1377	40	40
M70_4	F2778_4	73	1174	162	162
M70_4	F630_4	73	1491	1144	1144
M70_4	F866_4	73	1394	261	261
M70_4	F986_4	73	1266	360	360
M70_4	M1128_4	73	1146	572	572
M70_4	M1333_4	73	1254	95	95
M70_4	M1475_4	73	1275	392	392
M70_4	M1834_4	73	1175	659	659
M70_4	M2295_4	73	1274	621	621
M70_4	M2647_4	73	1244	237	237
M70_4	M492_4	73	1353	1078	1078
M70_4	M622_4	73	1215	803	803
M70_4	M853_4	73	1220	75	75
M853_4	F2778_4	73	1345	356	356
M853_4	F630_4	73	1178	1061	1061
M853_4	F866_4	73	1249	445	445
M853_4	F986_4	73	1256	598	598
M853_4	M1128_4	73	1267	878	878
M853_4	M1333_4	73	1246	193	193
M853_4	M1475_4	73	1214	612	612
M853_4	M1834_4	73	1243	895	895
M853_4	M2295_4	73	1257	859	859
M853_4	M2647_4	73	1367	405	405
M853_4	M492_4	73	1298	1164	1164
M853_4	M622_4	73	1377	1116	1116
M853_4	M70_4	73	1220	364	364
F1544_4	F1698_4	74	1265	137	137
F1544_4	F2278_4	74	1278	627	627
F1544_4	F2363_4	74	1143	131	131
F1544_4	F2397_4	74	1127	570	570
F1544_4	F37_4	74	1291	409	409
F1544_4	F536_4	74	1227	422	422
F1544_4	F619_4	74	1184	287	287
F1544_4	M1586_4	74	1188	145	145
F1544_4	M2022_4	74	1183	430	430
F1544_4	M2143_4	74	1201	454	454
F1544_4	M2307_4	74	1245	39	39
F1544_4	M384_4	74	1441	116	116
F1544_4	M483_4	74	1002	103	103
F1698_4	F1544_4	74	1265	669	669
F1698_4	F2278_4	74	1267	981	981
F1698_4	F2363_4	74	1261	480	480
F1698_4	F2397_4	74	1209	1007	1007
F1698_4	F37_4	74	1397	967	967
F1698_4	F536_4	74	1235	873	873
F1698_4	F619_4	74	1214	741	741
F1698_4	M1586_4	74	1294	488	488
F1698_4	M2022_4	74	1304	982	982
F1698_4	M2143_4	74	1331	1038	1038
F1698_4	M2307_4	74	1271	202	202
F1698_4	M384_4	74	1108	367	367
F1698_4	M483_4	74	1394	529	529
F2278_4	F1544_4	74	1278	1182	1800
F2278_4	F1698_4	74	1267	1116	1681
F2278_4	F2363_4	74	1275	1104	1739
F2278_4	F2397_4	74	1268	1247	1920
F2278_4	F37_4	74	1222	1179	1822
F2278_4	F536_4	74	1206	1176	1820
F2278_4	F619_4	74	1178	1106	1686
F2278_4	M1586_4	74	1324	1165	1767
F2278_4	M2022_4	74	1285	1239	1890
F2278_4	M2143_4	74	1287	1239	1890
F2278_4	M2307_4	74	1494	961	1477
F2278_4	M384_4	74	1320	1104	1713
F2278_4	M483_4	74	1207	1027	1538
F2363_4	F1544_4	74	1143	687	687
F2363_4	F1698_4	74	1261	603	603
F2363_4	F2278_4	74	1275	1065	1065
F2363_4	F2397_4	74	1175	1012	1012
F2363_4	F37_4	74	1264	944	944
F2363_4	F536_4	74	1264	991	991
F2363_4	F619_4	74	1257	846	846
F2363_4	M1586_4	74	1230	581	581
F2363_4	M2022_4	74	1258	1006	1006
F2363_4	M2143_4	74	1297	1057	1057
F2363_4	M2307_4	74	1304	251	251
F2363_4	M384_4	74	1199	496	496
F2363_4	M483_4	74	1278	567	567
F2397_4	F1544_4	74	1127	62	147
F2397_4	F1698_4	74	1209	42	96
F2397_4	F2278_4	74	1268	220	520
F2397_4	F2363_4	74	1175	33	67
F2397_4	F37_4	74	1335	127	310
F2397_4	F536_4	74	1301	171	417
F2397_4	F619_4	74	1385	90	220
F2397_4	M1586_4	74	1216	33	65
F2397_4	M2022_4	74	1121	130	325
F2397_4	M2143_4	74	1136	132	344
F2397_4	M2307_4	74	1314	12	26
F2397_4	M384_4	74	1036	26	59
F2397_4	M483_4	74	1286	32	81
F37_4	F1544_4	74	1291	1055	1055
F37_4	F1698_4	74	1397	998	998
F37_4	F2278_4	74	1222	1156	1156
F37_4	F2363_4	74	1264	879	879
F37_4	F2397_4	74	1335	1267	1267
F37_4	F536_4	74	1161	1061	1061
F37_4	F619_4	74	1210	1001	1001
F37_4	M1586_4	74	1296	912	912
F37_4	M2022_4	74	1338	1222	1222
F37_4	M2143_4	74	1318	1216	1216
F37_4	M2307_4	74	1225	484	484
F37_4	M384_4	74	1294	822	822
F37_4	M483_4	74	1196	806	806
F536_4	F1544_4	74	1227	856	856
F536_4	F1698_4	74	1235	733	733
F536_4	F2278_4	74	1206	1083	1083
F536_4	F2363_4	74	1264	713	713
F536_4	F2397_4	74	1301	1192	1192
F536_4	F37_4	74	1161	945	945
F536_4	F619_4	74	1219	946	946
F536_4	M1586_4	74	1238	733	733
F536_4	M2022_4	74	1273	1098	1098
F536_4	M2143_4	74	1322	1152	1152
F536_4	M2307_4	74	1408	381	381
F536_4	M384_4	74	1261	623	623
F536_4	M483_4	74	1254	698	698
F619_4	F1544_4	74	1184	411	411
F619_4	F1698_4	74	1214	301	301
F619_4	F2278_4	74	1178	796	796
F619_4	F2363_4	74	1257	336	336
F619_4	F2397_4	74	1385	972	972
F619_4	F37_4	74	1210	632	632
F619_4	F536_4	74	1219	662	662
F619_4	M1586_4	74	1405	332	332
F619_4	M2022_4	74	1427	809	809
F619_4	M2143_4	74	1248	783	783
F619_4	M2307_4	74	1269	84	84
F619_4	M384_4	74	1361	245	245
F619_4	M483_4	74	1378	313	313
M1586_4	F1544_4	74	1188	192	192
M1586_4	F1698_4	74	1294	154	154
M1586_4	F2278_4	74	1324	564	564
M1586_4	F2363_4	74	1230	128	128
M1586_4	F2397_4	74	1216	571	571
M1586_4	F37_4	74	1296	370	370
M1586_4	F536_4	74	1238	377	377
M1586_4	F619_4	74	1405	304	304
M1586_4	M2022_4	74	1116	356	356
M1586_4	M2143_4	74	1149	409	409
M1586_4	M2307_4	74	1333	41	41
M1586_4	M384_4	74	1271	105	105
M1586_4	M483_4	74	1427	142	142
M2022_4	F1544_4	74	1183	1044	1657
M2022_4	F1698_4	74	1304	1045	1688
M2022_4	F2278_4	74	1285	1227	1933
M2022_4	F2363_4	74	1258	978	1573
M2022_4	F2397_4	74	1121	1090	1702
M2022_4	F37_4	74	1338	1251	1992
M2022_4	F536_4	74	1273	1196	1915
M2022_4	F619_4	74	1427	1275	1982
M2022_4	M1586_4	74	1116	889	1406
M2022_4	M2143_4	74	1233	1170	1902
M2022_4	M2307_4	74	1265	671	1089
M2022_4	M384_4	74	1327	964	1536
M2022_4	M483_4	74	1186	947	1534
M2143_4	F1544_4	74	1201	397	552
M2143_4	F1698_4	74	1331	304	412
M2143_4	F2278_4	74	1287	844	1162
M2143_4	F2363_4	74	1297	269	373
M2143_4	F2397_4	74	1136	757	1032
M2143_4	F37_4	74	1318	668	932
M2143_4	F536_4	74	1322	696	967
M2143_4	F619_4	74	1248	479	664
M2143_4	M1586_4	74	1149	265	365
M2143_4	M2022_4	74	1233	669	936
M2143_4	M2307_4	74	1258	94	132
M2143_4	M384_4	74	1129	191	252
M2143_4	M483_4	74	1260	273	374
M2307_4	F1544_4	74	1245	945	1108
M2307_4	F1698_4	74	1271	858	977
M2307_4	F2278_4	74	1494	1383	1603
M2307_4	F2363_4	74	1304	853	985
M2307_4	F2397_4	74	1314	1229	1437
M2307_4	F37_4	74	1225	1056	1217
M2307_4	F536_4	74	1408	1254	1440
M2307_4	F619_4	74	1269	1037	1214
M2307_4	M1586_4	74	1333	893	1031
M2307_4	M2022_4	74	1265	1147	1304
M2307_4	M2143_4	74	1258	1127	1303
M2307_4	M384_4	74	1266	753	860
M2307_4	M483_4	74	1375	845	964
M384_4	F1544_4	74	1441	738	1130
M384_4	F1698_4	74	1108	501	766
M384_4	F2278_4	74	1320	1091	1635
M384_4	F2363_4	74	1199	455	705
M384_4	F2397_4	74	1036	884	1349
M384_4	F37_4	74	1294	920	1386
M384_4	F536_4	74	1261	916	1437
M384_4	F619_4	74	1361	842	1278
M384_4	M1586_4	74	1271	506	755
M384_4	M2022_4	74	1327	999	1470
M384_4	M2143_4	74	1129	862	1275
M384_4	M2307_4	74	1266	216	320
M384_4	M483_4	74	1127	422	614
M483_4	F1544_4	74	1002	515	515
M483_4	F1698_4	74	1394	590	590
M483_4	F2278_4	74	1207	940	940
M483_4	F2363_4	74	1278	462	462
M483_4	F2397_4	74	1286	1024	1024
M483_4	F37_4	74	1196	798	798
M483_4	F536_4	74	1254	868	868
M483_4	F619_4	74	1378	777	777
M483_4	M1586_4	74	1427	530	530
M483_4	M2022_4	74	1186	849	849
M483_4	M2143_4	74	1260	956	956
M483_4	M2307_4	74	1375	205	205
M483_4	M384_4	74	1127	357	357
F1001_4	F134_4	75	1229	1014	1014
F1001_4	F1927_4	75	1262	1221	1221
F1001_4	F2053_4	75	1282	1214	1214
F1001_4	F2537_4	75	1329	1274	1274
F1001_4	F607_4	75	1172	916	916
F1001_4	M13_4	75	1164	1125	1125
F1001_4	M1627_4	75	1138	1102	1102
F1001_4	M1658_4	75	1171	1126	1126
F1001_4	M1841_4	75	1428	1164	1164
F1001_4	M1957_4	75	1132	1116	1116
F1001_4	M223_4	75	1230	1106	1106
F1001_4	M2260_4	75	1293	1226	1226
F1001_4	M2338_4	75	1292	995	995
F134_4	F1001_4	75	1229	237	768
F134_4	F1927_4	75	1255	1082	3426
F134_4	F2053_4	75	1306	1061	3437
F134_4	F2537_4	75	1238	1045	3344
F134_4	F607_4	75	1254	531	1667
F134_4	M13_4	75	1368	1163	3677
F134_4	M1627_4	75	1349	1159	3658
F134_4	M1658_4	75	1253	1031	3325
F134_4	M1841_4	75	1191	548	1745
F134_4	M1957_4	75	1110	1019	3328
F134_4	M223_4	75	1269	812	2632
F134_4	M2260_4	75	1177	921	2956
F134_4	M2338_4	75	1205	500	1611
F1927_4	F1001_4	75	1262	134	228
F1927_4	F134_4	75	1255	436	767
F1927_4	F2053_4	75	1247	855	1497
F1927_4	F2537_4	75	1106	827	1385
F1927_4	F607_4	75	1225	334	579
F1927_4	M13_4	75	1247	886	1537
F1927_4	M1627_4	75	1219	938	1638
F1927_4	M1658_4	75	1228	849	1476
F1927_4	M1841_4	75	1306	453	791
F1927_4	M1957_4	75	1315	1153	1992
F1927_4	M223_4	75	1154	534	908
F1927_4	M2260_4	75	1231	785	1335
F1927_4	M2338_4	75	1186	319	559
F2053_4	F1001_4	75	1282	682	1934
F2053_4	F134_4	75	1306	1082	3011
F2053_4	F1927_4	75	1247	1207	3433
F2053_4	F2537_4	75	1222	1173	3250
F2053_4	F607_4	75	1289	1003	2754
F2053_4	M13_4	75	1365	1317	3577
F2053_4	M1627_4	75	1190	1158	3141
F2053_4	M1658_4	75	1261	1199	3310
F2053_4	M1841_4	75	1247	982	2714
F2053_4	M1957_4	75	1299	1276	3538
F2053_4	M223_4	75	1304	1161	3151
F2053_4	M2260_4	75	1107	1034	2809
F2053_4	M2338_4	75	1315	996	2676
F2537_4	F1001_4	75	1329	602	602
F2537_4	F134_4	75	1238	976	976
F2537_4	F1927_4	75	1106	1047	1047
F2537_4	F2053_4	75	1222	1152	1152
F2537_4	F607_4	75	1319	944	944
F2537_4	M13_4	75	1389	1320	1320
F2537_4	M1627_4	75	1355	1294	1294
F2537_4	M1658_4	75	1395	1311	1311
F2537_4	M1841_4	75	1322	1035	1035
F2537_4	M1957_4	75	1210	1185	1185
F2537_4	M223_4	75	1377	1194	1194
F2537_4	M2260_4	75	1419	1293	1293
F2537_4	M2338_4	75	1394	1025	1025
F607_4	F1001_4	75	1172	533	715
F607_4	F134_4	75	1254	966	1265
F607_4	F1927_4	75	1225	1162	1528
F607_4	F2053_4	75	1289	1204	1600
F607_4	F2537_4	75	1319	1241	1640
F607_4	M13_4	75	1288	1221	1657
F607_4	M1627_4	75	1299	1245	1637
F607_4	M1658_4	75	1416	1322	1738
F607_4	M1841_4	75	1295	1012	1337
F607_4	M1957_4	75	1460	1427	1848
F607_4	M223_4	75	1342	1174	1556
F607_4	M2260_4	75	1216	1112	1459
F607_4	M2338_4	75	1273	910	1197
M13_4	F1001_4	75	1164	126	126
M13_4	F134_4	75	1368	419	419
M13_4	F1927_4	75	1247	864	864
M13_4	F2053_4	75	1365	861	861
M13_4	F2537_4	75	1389	966	966
M13_4	F607_4	75	1288	318	318
M13_4	M1627_4	75	1347	1009	1009
M13_4	M1658_4	75	1394	928	928
M13_4	M1841_4	75	1165	352	352
M13_4	M1957_4	75	1169	992	992
M13_4	M223_4	75	1450	643	643
M13_4	M2260_4	75	1227	713	713
M13_4	M2338_4	75	1328	301	301
M1627_4	F1001_4	75	1138	787	1018
M1627_4	F134_4	75	1349	1221	1605
M1627_4	F1927_4	75	1219	1205	1556
M1627_4	F2053_4	75	1190	1163	1532
M1627_4	F2537_4	75	1355	1330	1743
M1627_4	F607_4	75	1299	1111	1441
M1627_4	M13_4	75	1347	1315	1731
M1627_4	M1658_4	75	1212	1183	1553
M1627_4	M1841_4	75	1138	1014	1297
M1627_4	M1957_4	75	1430	1419	1852
M1627_4	M223_4	75	1209	1162	1517
M1627_4	M2260_4	75	1250	1199	1559
M1627_4	M2338_4	75	1289	1111	1475
M1658_4	F1001_4	75	1171	130	130
M1658_4	F134_4	75	1253	397	397
M1658_4	F1927_4	75	1228	840	840
M1658_4	F2053_4	75	1261	813	813
M1658_4	F2537_4	75	1395	1024	1024
M1658_4	F607_4	75	1416	315	315
M1658_4	M13_4	75	1394	998	998
M1658_4	M1627_4	75	1212	908	908
M1658_4	M1841_4	75	1364	383	383
M1658_4	M1957_4	75	1246	1060	1060
M1658_4	M223_4	75	1243	519	519
M1658_4	M2260_4	75	1214	683	683
M1658_4	M2338_4	75	1281	301	301
M1841_4	F1001_4	75	1428	128	223
M1841_4	F134_4	75	1191	282	535
M1841_4	F1927_4	75	1306	777	1466
M1841_4	F2053_4	75	1247	682	1219
M1841_4	F2537_4	75	1322	811	1534
M1841_4	F607_4	75	1295	252	461
M1841_4	M13_4	75	1165	726	1331
M1841_4	M1627_4	75	1138	745	1367
M1841_4	M1658_4	75	1364	783	1455
M1841_4	M1957_4	75	1268	1012	1890
M1841_4	M223_4	75	1207	432	777
M1841_4	M2260_4	75	1442	704	1297
M1841_4	M2338_4	75	1449	259	483
M1957_4	F1001_4	75	1132	41	79
M1957_4	F134_4	75	1110	131	319
M1957_4	F1927_4	75	1315	555	1373
M1957_4	F2053_4	75	1299	480	1143
M1957_4	F2537_4	75	1210	534	1293
M1957_4	F607_4	75	1460	131	297
M1957_4	M13_4	75	1169	524	1210
M1957_4	M1627_4	75	1430	686	1625
M1957_4	M1658_4	75	1246	461	1033
M1957_4	M1841_4	75	1268	139	308
M1957_4	M223_4	75	1225	226	521
M1957_4	M2260_4	75	1271	367	839
M1957_4	M2338_4	75	1231	98	229
M223_4	F1001_4	75	1230	138	259
M223_4	F134_4	75	1269	363	711
M223_4	F1927_4	75	1154	817	1558
M223_4	F2053_4	75	1304	816	1613
M223_4	F2537_4	75	1377	984	1960
M223_4	F607_4	75	1342	340	665
M223_4	M13_4	75	1450	1024	2007
M223_4	M1627_4	75	1209	937	1825
M223_4	M1658_4	75	1243	821	1607
M223_4	M1841_4	75	1207	360	726
M223_4	M1957_4	75	1225	1047	2057
M223_4	M2260_4	75	1211	695	1339
M223_4	M2338_4	75	1339	297	573
M2260_4	F1001_4	75	1293	338	489
M2260_4	F134_4	75	1177	694	1024
M2260_4	F1927_4	75	1231	1103	1649
M2260_4	F2053_4	75	1107	952	1415
M2260_4	F2537_4	75	1419	1262	1878
M2260_4	F607_4	75	1216	617	896
M2260_4	M13_4	75	1227	1083	1624
M2260_4	M1627_4	75	1250	1124	1646
M2260_4	M1658_4	75	1214	1071	1604
M2260_4	M1841_4	75	1442	824	1232
M2260_4	M1957_4	75	1271	1209	1802
M2260_4	M223_4	75	1211	883	1319
M2260_4	M2338_4	75	1408	699	1018
M2338_4	F1001_4	75	1292	671	730
M2338_4	F134_4	75	1205	984	1078
M2338_4	F1927_4	75	1186	1138	1260
M2338_4	F2053_4	75	1315	1238	1369
M2338_4	F2537_4	75	1394	1333	1474
M2338_4	F607_4	75	1273	981	1075
M2338_4	M13_4	75	1328	1276	1389
M2338_4	M1627_4	75	1289	1242	1358
M2338_4	M1658_4	75	1281	1224	1353
M2338_4	M1841_4	75	1449	1191	1304
M2338_4	M1957_4	75	1231	1212	1326
M2338_4	M223_4	75	1339	1189	1303
M2338_4	M2260_4	75	1408	1310	1435
F145_4	F1485_4	76	1182	1153	1153
F145_4	F1568_4	76	1264	779	779
F145_4	F2098_4	76	1139	582	582
F145_4	F2544_4	76	1131	253	253
F145_4	F2756_4	76	1228	370	370
F145_4	F542_4	76	1200	54	54
F145_4	F815_4	76	1265	1064	1064
F145_4	F93_4	76	1364	1100	1100
F145_4	M1470_4	76	1223	434	434
F145_4	M151_4	76	1259	768	768
F145_4	M1846_4	76	1279	766	766
F145_4	M2539_4	76	1301	223	223
F145_4	M48_4	76	1138	1041	1041
F1485_4	F145_4	76	1182	1159	2455
F1485_4	F1568_4	76	1265	1221	2586
F1485_4	F2098_4	76	1296	1217	2534
F1485_4	F2544_4	76	1166	957	2049
F1485_4	F2756_4	76	1100	982	2136
F1485_4	F542_4	76	1288	583	1226
F1485_4	F815_4	76	1131	1118	2377
F1485_4	F93_4	76	1301	1285	2796
F1485_4	M1470_4	76	1258	1136	2436
F1485_4	M151_4	76	1288	1238	2680
F1485_4	M1846_4	76	1220	1175	2519
F1485_4	M2539_4	76	1340	1022	2157
F1485_4	M48_4	76	1270	1268	2739
F1568_4	F145_4	76	1264	844	967
F1568_4	F1485_4	76	1265	1206	1386
F1568_4	F2098_4	76	1403	551	627
F1568_4	F2544_4	76	1459	212	252
F1568_4	F2756_4	76	1370	265	307
F1568_4	F542_4	76	1288	38	46
F1568_4	F815_4	76	1179	896	1037
F1568_4	F93_4	76	1420	955	1095
F1568_4	M1470_4	76	1265	312	360
F1568_4	M151_4	76	1383	637	739
F1568_4	M1846_4	76	1283	613	708
F1568_4	M2539_4	76	1297	112	132
F1568_4	M48_4	76	1202	1041	1171
F2098_4	F145_4	76	1139	586	586
F2098_4	F1485_4	76	1296	1183	1183
F2098_4	F1568_4	76	1403	443	443
F2098_4	F2544_4	76	1210	82	82
F2098_4	F2756_4	76	1220	147	147
F2098_4	F542_4	76	1260	25	25
F2098_4	F815_4	76	1194	741	741
F2098_4	F93_4	76	1314	688	688
F2098_4	M1470_4	76	1286	197	197
F2098_4	M151_4	76	1333	442	442
F2098_4	M1846_4	76	1222	382	382
F2098_4	M2539_4	76	1359	76	76
F2098_4	M48_4	76	1229	948	948
F2544_4	F145_4	76	1131	1101	5397
F2544_4	F1485_4	76	1166	1161	5644
F2544_4	F1568_4	76	1459	1353	6518
F2544_4	F2098_4	76	1210	1071	5216
F2544_4	F2756_4	76	1292	1002	4838
F2544_4	F542_4	76	1224	365	1745
F2544_4	F815_4	76	1158	1134	5589
F2544_4	F93_4	76	1377	1331	6397
F2544_4	M1470_4	76	1135	938	4444
F2544_4	M151_4	76	1245	1156	5496
F2544_4	M1846_4	76	1388	1268	6089
F2544_4	M2539_4	76	1231	766	3635
F2544_4	M48_4	76	1122	1110	5339
F2756_4	F145_4	76	1228	367	367
F2756_4	F1485_4	76	1100	884	884
F2756_4	F1568_4	76	1370	240	240
F2756_4	F2098_4	76	1220	133	133
F2756_4	F2544_4	76	1292	52	52
F2756_4	F542_4	76	1357	10	10
F2756_4	F815_4	76	1162	436	436
F2756_4	F93_4	76	1267	391	391
F2756_4	M1470_4	76	1334	94	94
F2756_4	M151_4	76	1386	225	225
F2756_4	M1846_4	76	1203	182	182
F2756_4	M2539_4	76	1271	28	28
F2756_4	M48_4	76	1280	753	753
F542_4	F145_4	76	1200	725	1041
F542_4	F1485_4	76	1288	1203	1791
F542_4	F1568_4	76	1288	486	732
F542_4	F2098_4	76	1260	368	551
F542_4	F2544_4	76	1224	133	192
F542_4	F2756_4	76	1357	242	337
F542_4	F815_4	76	1241	854	1244
F542_4	F93_4	76	1320	819	1199
F542_4	M1470_4	76	1307	231	363
F542_4	M151_4	76	1173	440	673
F542_4	M1846_4	76	1248	499	733
F542_4	M2539_4	76	1372	102	160
F542_4	M48_4	76	1220	1007	1525
F815_4	F145_4	76	1265	441	1872
F815_4	F1485_4	76	1131	985	4290
F815_4	F1568_4	76	1179	286	1269
F815_4	F2098_4	76	1194	176	802
F815_4	F2544_4	76	1158	58	241
F815_4	F2756_4	76	1162	88	378
F815_4	F542_4	76	1241	17	83
F815_4	F93_4	76	1204	463	1995
F815_4	M1470_4	76	1307	125	541
F815_4	M151_4	76	1250	269	1196
F815_4	M1846_4	76	1234	253	1120
F815_4	M2539_4	76	1223	43	201
F815_4	M48_4	76	1316	886	3873
F93_4	F145_4	76	1364	1321	4004
F93_4	F1485_4	76	1301	1294	3972
F93_4	F1568_4	76	1420	1337	4079
F93_4	F2098_4	76	1314	1216	3766
F93_4	F2544_4	76	1377	995	3081
F93_4	F2756_4	76	1267	1047	3233
F93_4	F542_4	76	1320	469	1458
F93_4	F815_4	76	1204	1186	3565
F93_4	M1470_4	76	1452	1239	3830
F93_4	M151_4	76	1443	1354	4159
F93_4	M1846_4	76	1234	1156	3582
F93_4	M2539_4	76	1331	871	2669
F93_4	M48_4	76	1216	1208	3719
M1470_4	F145_4	76	1223	84	173
M1470_4	F1485_4	76	1258	507	1054
M1470_4	F1568_4	76	1265	33	71
M1470_4	F2098_4	76	1286	30	68
M1470_4	F2544_4	76	1135	7	20
M1470_4	F2756_4	76	1334	12	25
M1470_4	F542_4	76	1307	1	1
M1470_4	F815_4	76	1307	126	245
M1470_4	F93_4	76	1452	94	192
M1470_4	M151_4	76	1430	48	91
M1470_4	M1846_4	76	1322	53	103
M1470_4	M2539_4	76	1286	6	16
M1470_4	M48_4	76	1431	260	514
M151_4	F145_4	76	1259	1222	2303
M151_4	F1485_4	76	1288	1286	2433
M151_4	F1568_4	76	1383	1283	2395
M151_4	F2098_4	76	1333	1183	2227
M151_4	F2544_4	76	1245	848	1646
M151_4	F2756_4	76	1386	1066	2068
M151_4	F542_4	76	1173	333	662
M151_4	F815_4	76	1250	1222	2310
M151_4	F93_4	76	1443	1399	2621
M151_4	M1470_4	76	1430	1193	2235
M151_4	M1846_4	76	1500	1360	2573
M151_4	M2539_4	76	1243	778	1493
M151_4	M48_4	76	1325	1311	2564
M1846_4	F145_4	76	1279	961	961
M1846_4	F1485_4	76	1220	1177	1177
M1846_4	F1568_4	76	1283	761	761
M1846_4	F2098_4	76	1222	617	617
M1846_4	F2544_4	76	1388	307	307
M1846_4	F2756_4	76	1203	366	366
M1846_4	F542_4	76	1248	62	62
M1846_4	F815_4	76	1234	1042	1042
M1846_4	F93_4	76	1234	961	961
M1846_4	M1470_4	76	1322	493	493
M1846_4	M151_4	76	1500	893	893
M1846_4	M2539_4	76	1191	177	177
M1846_4	M48_4	76	1271	1166	1166
M2539_4	F145_4	76	1301	934	934
M2539_4	F1485_4	76	1340	1292	1292
M2539_4	F1568_4	76	1297	711	711
M2539_4	F2098_4	76	1359	565	565
M2539_4	F2544_4	76	1231	257	257
M2539_4	F2756_4	76	1271	315	315
M2539_4	F542_4	76	1372	45	45
M2539_4	F815_4	76	1223	978	978
M2539_4	F93_4	76	1331	973	973
M2539_4	M1470_4	76	1286	361	361
M2539_4	M151_4	76	1243	674	674
M2539_4	M1846_4	76	1191	629	629
M2539_4	M48_4	76	1233	1093	1093
M48_4	F145_4	76	1138	939	939
M48_4	F1485_4	76	1270	1251	1251
M48_4	F1568_4	76	1202	824	824
M48_4	F2098_4	76	1229	741	741
M48_4	F2544_4	76	1122	315	315
M48_4	F2756_4	76	1280	503	503
M48_4	F542_4	76	1220	94	94
M48_4	F815_4	76	1316	1161	1161
M48_4	F93_4	76	1216	1015	1015
M48_4	M1470_4	76	1431	627	627
M48_4	M151_4	76	1325	907	907
M48_4	M1846_4	76	1271	852	852
M48_4	M2539_4	76	1233	255	255
F1054_4	F1111_4	77	1363	621	621
F1054_4	F1216_4	77	1180	238	238
F1054_4	F1517_4	77	1316	369	369
F1054_4	F1798_4	77	1250	368	368
F1054_4	F2602_4	77	1192	825	825
F1054_4	F331_4	77	1199	970	970
F1054_4	M1045_4	77	1227	562	562
F1054_4	M1133_4	77	1388	749	749
F1054_4	M1230_4	77	1271	722	722
F1054_4	M1798_4	77	1294	1175	1175
F1054_4	M1854_4	77	1256	852	852
F1054_4	M185_4	77	1284	1056	1056
F1054_4	M528_4	77	1209	522	522
F1111_4	F1054_4	77	1363	174	795
F1111_4	F1216_4	77	1401	54	239
F1111_4	F1517_4	77	1367	77	312
F1111_4	F1798_4	77	1289	89	422
F1111_4	F2602_4	77	1335	345	1546
F1111_4	F331_4	77	1147	518	2291
F1111_4	M1045_4	77	1364	143	603
F1111_4	M1133_4	77	1286	197	905
F1111_4	M1230_4	77	1344	237	990
F1111_4	M1798_4	77	1137	671	3064
F1111_4	M1854_4	77	1237	315	1424
F1111_4	M185_4	77	1326	584	2612
F1111_4	M528_4	77	1217	139	638
F1216_4	F1054_4	77	1180	331	580
F1216_4	F1111_4	77	1401	352	623
F1216_4	F1517_4	77	1306	165	292
F1216_4	F1798_4	77	1207	179	309
F1216_4	F2602_4	77	1297	616	1059
F1216_4	F331_4	77	1212	799	1362
F1216_4	M1045_4	77	1230	298	516
F1216_4	M1133_4	77	1275	410	697
F1216_4	M1230_4	77	1138	418	731
F1216_4	M1798_4	77	1336	1069	1834
F1216_4	M1854_4	77	1383	600	1025
F1216_4	M185_4	77	1289	851	1501
F1216_4	M528_4	77	1275	300	519
F1517_4	F1054_4	77	1316	343	343
F1517_4	F1111_4	77	1367	313	313
F1517_4	F1216_4	77	1306	122	122
F1517_4	F1798_4	77	1162	154	154
F1517_4	F2602_4	77	1322	588	588
F1517_4	F331_4	77	1223	732	732
F1517_4	M1045_4	77	1321	267	267
F1517_4	M1133_4	77	1337	375	375
F1517_4	M1230_4	77	1085	368	368
F1517_4	M1798_4	77	1217	952	952
F1517_4	M1854_4	77	1347	583	583
F1517_4	M185_4	77	1336	861	861
F1517_4	M528_4	77	1286	283	283
F1798_4	F1054_4	77	1250	256	355
F1798_4	F1111_4	77	1289	239	322
F1798_4	F1216_4	77	1207	51	75
F1798_4	F1517_4	77	1162	116	161
F1798_4	F2602_4	77	1308	497	696
F1798_4	F331_4	77	1214	684	928
F1798_4	M1045_4	77	1288	230	323
F1798_4	M1133_4	77	1304	320	443
F1798_4	M1230_4	77	1305	369	515
F1798_4	M1798_4	77	1331	975	1352
F1798_4	M1854_4	77	1243	467	667
F1798_4	M185_4	77	1248	720	981
F1798_4	M528_4	77	1311	261	367
F2602_4	F1054_4	77	1192	800	800
F2602_4	F1111_4	77	1335	854	854
F2602_4	F1216_4	77	1297	428	428
F2602_4	F1517_4	77	1322	574	574
F2602_4	F1798_4	77	1308	619	619
F2602_4	F331_4	77	1330	1202	1202
F2602_4	M1045_4	77	1131	712	712
F2602_4	M1133_4	77	1157	841	841
F2602_4	M1230_4	77	1200	928	928
F2602_4	M1798_4	77	1208	1158	1158
F2602_4	M1854_4	77	1200	984	984
F2602_4	M185_4	77	1272	1170	1170
F2602_4	M528_4	77	1228	774	774
F331_4	F1054_4	77	1199	235	360
F331_4	F1111_4	77	1147	192	301
F331_4	F1216_4	77	1212	72	109
F331_4	F1517_4	77	1223	88	146
F331_4	F1798_4	77	1214	126	199
F331_4	F2602_4	77	1330	511	812
F331_4	M1045_4	77	1288	230	361
F331_4	M1133_4	77	1268	276	451
F331_4	M1230_4	77	1257	323	495
F331_4	M1798_4	77	1274	908	1420
F331_4	M1854_4	77	1176	421	679
F331_4	M185_4	77	1213	686	1097
F331_4	M528_4	77	1309	239	375
M1045_4	F1054_4	77	1227	517	713
M1045_4	F1111_4	77	1364	544	749
M1045_4	F1216_4	77	1230	204	293
M1045_4	F1517_4	77	1321	286	415
M1045_4	F1798_4	77	1288	338	492
M1045_4	F2602_4	77	1131	710	974
M1045_4	F331_4	77	1288	1015	1398
M1045_4	M1133_4	77	1284	610	863
M1045_4	M1230_4	77	1266	675	934
M1045_4	M1798_4	77	1215	1058	1463
M1045_4	M1854_4	77	1145	697	936
M1045_4	M185_4	77	1188	935	1299
M1045_4	M528_4	77	1295	494	689
M1133_4	F1054_4	77	1388	382	1146
M1133_4	F1111_4	77	1286	335	1049
M1133_4	F1216_4	77	1275	129	373
M1133_4	F1517_4	77	1337	202	576
M1133_4	F1798_4	77	1304	201	564
M1133_4	F2602_4	77	1157	535	1608
M1133_4	F331_4	77	1268	855	2549
M1133_4	M1045_4	77	1284	316	935
M1133_4	M1230_4	77	1161	438	1327
M1133_4	M1798_4	77	1222	977	2997
M1133_4	M1854_4	77	1224	550	1611
M1133_4	M185_4	77	1281	833	2571
M1133_4	M528_4	77	1261	301	952
M1230_4	F1054_4	77	1271	1046	1046
M1230_4	F1111_4	77	1344	1042	1042
M1230_4	F1216_4	77	1138	574	574
M1230_4	F1517_4	77	1085	664	664
M1230_4	F1798_4	77	1305	870	870
M1230_4	F2602_4	77	1200	1083	1083
M1230_4	F331_4	77	1257	1185	1185
M1230_4	M1045_4	77	1266	966	966
M1230_4	M1133_4	77	1161	944	944
M1230_4	M1798_4	77	1242	1221	1221
M1230_4	M1854_4	77	1447	1287	1287
M1230_4	M185_4	77	1289	1241	1241
M1230_4	M528_4	77	1316	1013	1013
M1798_4	F1054_4	77	1294	106	106
M1798_4	F1111_4	77	1137	85	85
M1798_4	F1216_4	77	1336	32	32
M1798_4	F1517_4	77	1217	50	50
M1798_4	F1798_4	77	1331	40	40
M1798_4	F2602_4	77	1208	203	203
M1798_4	F331_4	77	1274	380	380
M1798_4	M1045_4	77	1215	90	90
M1798_4	M1133_4	77	1222	102	102
M1798_4	M1230_4	77	1242	159	159
M1798_4	M1854_4	77	1389	204	204
M1798_4	M185_4	77	1351	448	448
M1798_4	M528_4	77	1286	72	72
M1854_4	F1054_4	77	1256	132	290
M1854_4	F1111_4	77	1237	148	306
M1854_4	F1216_4	77	1383	65	144
M1854_4	F1517_4	77	1347	66	162
M1854_4	F1798_4	77	1243	69	166
M1854_4	F2602_4	77	1200	270	611
M1854_4	F331_4	77	1176	490	1096
M1854_4	M1045_4	77	1145	111	237
M1854_4	M1133_4	77	1224	173	423
M1854_4	M1230_4	77	1447	223	482
M1854_4	M1798_4	77	1389	777	1744
M1854_4	M185_4	77	1380	549	1245
M1854_4	M528_4	77	1232	132	290
M185_4	F1054_4	77	1284	847	1888
M185_4	F1111_4	77	1326	829	1874
M185_4	F1216_4	77	1289	391	890
M185_4	F1517_4	77	1336	560	1235
M185_4	F1798_4	77	1248	602	1373
M185_4	F2602_4	77	1272	1010	2303
M185_4	F331_4	77	1213	1097	2471
M185_4	M1045_4	77	1188	736	1684
M185_4	M1133_4	77	1281	879	1962
M185_4	M1230_4	77	1289	972	2164
M185_4	M1798_4	77	1351	1296	2948
M185_4	M1854_4	77	1380	1094	2469
M185_4	M528_4	77	1308	811	1840
M528_4	F1054_4	77	1209	281	353
M528_4	F1111_4	77	1217	253	326
M528_4	F1216_4	77	1275	85	120
M528_4	F1517_4	77	1286	130	170
M528_4	F1798_4	77	1311	160	195
M528_4	F2602_4	77	1228	500	659
M528_4	F331_4	77	1309	779	997
M528_4	M1045_4	77	1295	253	330
M528_4	M1133_4	77	1261	331	421
M528_4	M1230_4	77	1316	419	537
M528_4	M1798_4	77	1286	982	1298
M528_4	M1854_4	77	1232	452	572
M528_4	M185_4	77	1308	717	930
F1564_4	F1858_4	78	1208	1056	1056
F1564_4	F2504_4	78	1366	1134	1134
F1564_4	F276_4	78	1261	1189	1189
F1564_4	F335_4	78	1149	438	438
F1564_4	F413_4	78	1243	390	390
F1564_4	F45_4	78	1235	138	138
F1564_4	F575_4	78	1212	564	564
F1564_4	M143_4	78	1182	945	945
F1564_4	M1893_4	78	1287	919	919
F1564_4	M2615_4	78	1256	941	941
F1564_4	M2698_4	78	1299	1165	1165
F1564_4	M352_4	78	1298	1216	1216
F1564_4	M409_4	78	1177	1032	1032
F1858_4	F1564_4	78	1208	379	1069
F1858_4	F2504_4	78	1214	1010	2863
F1858_4	F276_4	78	1165	1079	3103
F1858_4	F335_4	78	1228	471	1343
F1858_4	F413_4	78	1330	375	1076
F1858_4	F45_4	78	1112	123	350
F1858_4	F575_4	78	1148	507	1472
F1858_4	M143_4	78	1392	1100	3112
F1858_4	M1893_4	78	1185	832	2350
F1858_4	M2615_4	78	1438	1016	2800
F1858_4	M2698_4	78	1262	1129	3114
F1858_4	M352_4	78	1265	1149	3119
F1858_4	M409_4	78	1281	1109	3167
F2504_4	F1564_4	78	1366	528	1430
F2504_4	F1858_4	78	1214	1071	2950
F2504_4	F276_4	78	1344	1266	3524
F2504_4	F335_4	78	1169	500	1368
F2504_4	F413_4	78	1250	453	1254
F2504_4	F45_4	78	1313	219	598
F2504_4	F575_4	78	1518	759	2102
F2504_4	M143_4	78	1196	986	2660
F2504_4	M1893_4	78	1206	925	2450
F2504_4	M2615_4	78	1254	972	2586
F2504_4	M2698_4	78	1488	1360	3680
F2504_4	M352_4	78	1257	1206	3251
F2504_4	M409_4	78	1267	1142	3135
F276_4	F1564_4	78	1261	309	470
F276_4	F1858_4	78	1165	925	1371
F276_4	F2504_4	78	1344	1033	1536
F276_4	F335_4	78	1151	334	497
F276_4	F413_4	78	1240	299	446
F276_4	F45_4	78	1304	101	152
F276_4	F575_4	78	1344	491	727
F276_4	M143_4	78	1177	838	1235
F276_4	M1893_4	78	1101	712	1053
F276_4	M2615_4	78	1436	918	1360
F276_4	M2698_4	78	1278	1105	1651
F276_4	M352_4	78	1227	1103	1670
F276_4	M409_4	78	1233	1013	1505
F335_4	F1564_4	78	1149	469	469
F335_4	F1858_4	78	1228	1116	1116
F335_4	F2504_4	78	1169	1010	1010
F335_4	F276_4	78	1151	1097	1097
F335_4	F413_4	78	1256	475	475
F335_4	F45_4	78	1286	187	187
F335_4	F575_4	78	1221	642	642
F335_4	M143_4	78	1337	1116	1116
F335_4	M1893_4	78	1201	920	920
F335_4	M2615_4	78	1215	946	946
F335_4	M2698_4	78	1292	1176	1176
F335_4	M352_4	78	1281	1215	1215
F335_4	M409_4	78	1454	1319	1319
F413_4	F1564_4	78	1243	408	644
F413_4	F1858_4	78	1330	1147	1786
F413_4	F2504_4	78	1250	1056	1652
F413_4	F276_4	78	1240	1150	1835
F413_4	F335_4	78	1256	481	735
F413_4	F45_4	78	1236	127	199
F413_4	F575_4	78	1139	514	789
F413_4	M143_4	78	1233	969	1524
F413_4	M1893_4	78	1172	844	1265
F413_4	M2615_4	78	1276	916	1435
F413_4	M2698_4	78	1335	1199	1844
F413_4	M352_4	78	1220	1138	1768
F413_4	M409_4	78	1225	1079	1650
F45_4	F1564_4	78	1235	708	989
F45_4	F1858_4	78	1112	1050	1382
F45_4	F2504_4	78	1313	1223	1622
F45_4	F276_4	78	1304	1262	1686
F45_4	F335_4	78	1286	784	1063
F45_4	F413_4	78	1236	642	875
F45_4	F575_4	78	1315	885	1203
F45_4	M143_4	78	1369	1253	1670
F45_4	M1893_4	78	1220	1035	1393
F45_4	M2615_4	78	1172	1013	1396
F45_4	M2698_4	78	1380	1330	1805
F45_4	M352_4	78	1107	1081	1470
F45_4	M409_4	78	1179	1110	1490
F575_4	F1564_4	78	1212	290	290
F575_4	F1858_4	78	1148	877	877
F575_4	F2504_4	78	1518	1104	1104
F575_4	F276_4	78	1344	1195	1195
F575_4	F335_4	78	1221	306	306
F575_4	F413_4	78	1139	217	217
F575_4	F45_4	78	1315	92	92
F575_4	M143_4	78	1281	848	848
F575_4	M1893_4	78	1209	718	718
F575_4	M2615_4	78	1304	765	765
F575_4	M2698_4	78	1244	1025	1025
F575_4	M352_4	78	1266	1128	1128
F575_4	M409_4	78	1172	921	921
M143_4	F1564_4	78	1182	437	437
M143_4	F1858_4	78	1392	1213	1213
M143_4	F2504_4	78	1196	1015	1015
M143_4	F276_4	78	1177	1108	1108
M143_4	F335_4	78	1337	546	546
M143_4	F413_4	78	1233	385	385
M143_4	F45_4	78	1369	167	167
M143_4	F575_4	78	1281	613	613
M143_4	M1893_4	78	1139	841	841
M143_4	M2615_4	78	1172	861	861
M143_4	M2698_4	78	1222	1110	1110
M143_4	M352_4	78	1245	1185	1185
M143_4	M409_4	78	1199	1061	1061
M1893_4	F1564_4	78	1287	177	177
M1893_4	F1858_4	78	1185	753	753
M1893_4	F2504_4	78	1206	716	716
M1893_4	F276_4	78	1101	878	878
M1893_4	F335_4	78	1201	191	191
M1893_4	F413_4	78	1172	115	115
M1893_4	F45_4	78	1220	47	47
M1893_4	F575_4	78	1209	230	230
M1893_4	M143_4	78	1139	615	615
M1893_4	M2615_4	78	1412	614	614
M1893_4	M2698_4	78	1259	899	899
M1893_4	M352_4	78	1192	961	961
M1893_4	M409_4	78	1220	826	826
M2615_4	F1564_4	78	1256	485	739
M2615_4	F1858_4	78	1438	1245	1955
M2615_4	F2504_4	78	1254	1052	1656
M2615_4	F276_4	78	1436	1335	2072
M2615_4	F335_4	78	1215	467	737
M2615_4	F413_4	78	1276	446	679
M2615_4	F45_4	78	1172	132	202
M2615_4	F575_4	78	1304	613	969
M2615_4	M143_4	78	1172	942	1412
M2615_4	M1893_4	78	1412	1055	1622
M2615_4	M2698_4	78	1367	1219	1906
M2615_4	M352_4	78	1544	1451	2214
M2615_4	M409_4	78	1280	1119	1736
M2698_4	F1564_4	78	1299	1046	3442
M2698_4	F1858_4	78	1262	1239	4154
M2698_4	F2504_4	78	1488	1453	4870
M2698_4	F276_4	78	1278	1266	4199
M2698_4	F335_4	78	1292	1087	3608
M2698_4	F413_4	78	1335	1024	3346
M2698_4	F45_4	78	1380	666	2210
M2698_4	F575_4	78	1244	1076	3603
M2698_4	M143_4	78	1222	1178	3890
M2698_4	M1893_4	78	1259	1192	3852
M2698_4	M2615_4	78	1367	1311	4385
M2698_4	M352_4	78	1181	1169	3913
M2698_4	M409_4	78	1417	1399	4523
M352_4	F1564_4	78	1298	404	456
M352_4	F1858_4	78	1265	1084	1203
M352_4	F2504_4	78	1257	1041	1152
M352_4	F276_4	78	1227	1154	1272
M352_4	F335_4	78	1281	456	505
M352_4	F413_4	78	1220	350	388
M352_4	F45_4	78	1107	111	120
M352_4	F575_4	78	1266	566	633
M352_4	M143_4	78	1245	956	1061
M352_4	M1893_4	78	1192	854	952
M352_4	M2615_4	78	1544	1090	1199
M352_4	M2698_4	78	1181	1054	1157
M352_4	M409_4	78	1338	1157	1284
M409_4	F1564_4	78	1177	84	84
M409_4	F1858_4	78	1281	604	604
M409_4	F2504_4	78	1267	549	549
M409_4	F276_4	78	1233	855	855
M409_4	F335_4	78	1454	121	121
M409_4	F413_4	78	1225	83	83
M409_4	F45_4	78	1179	29	29
M409_4	F575_4	78	1172	131	131
M409_4	M143_4	78	1199	414	414
M409_4	M1893_4	78	1220	325	325
M409_4	M2615_4	78	1280	387	387
M409_4	M2698_4	78	1417	811	811
M409_4	M352_4	78	1338	913	913
F1440_4	F2323_4	79	1255	916	916
F1440_4	F2379_4	79	1235	516	516
F1440_4	F2644_4	79	1258	835	835
F1440_4	F74_4	79	1147	880	880
F1440_4	F7_4	79	1168	378	378
F1440_4	F834_4	79	1448	310	310
F1440_4	F836_4	79	1294	843	843
F1440_4	M1009_4	79	1134	75	75
F1440_4	M1355_4	79	1159	995	995
F1440_4	M1422_4	79	1459	735	735
F1440_4	M2299_4	79	1227	127	127
F1440_4	M2535_4	79	1241	337	337
F1440_4	M2671_4	79	1182	87	87
F2323_4	F1440_4	79	1255	477	477
F2323_4	F2379_4	79	1108	190	190
F2323_4	F2644_4	79	1271	404	404
F2323_4	F74_4	79	1387	668	668
F2323_4	F7_4	79	1429	136	136
F2323_4	F834_4	79	1310	74	74
F2323_4	F836_4	79	1282	416	416
F2323_4	M1009_4	79	1247	14	14
F2323_4	M1355_4	79	1239	835	835
F2323_4	M1422_4	79	1314	260	260
F2323_4	M2299_4	79	1432	46	46
F2323_4	M2535_4	79	1262	108	108
F2323_4	M2671_4	79	1278	30	30
F2379_4	F1440_4	79	1235	1138	2330
F2379_4	F2323_4	79	1108	1051	2050
F2379_4	F2644_4	79	1148	1056	2090
F2379_4	F74_4	79	1250	1193	2413
F2379_4	F7_4	79	1389	993	1949
F2379_4	F834_4	79	1237	752	1504
F2379_4	F836_4	79	1258	1164	2340
F2379_4	M1009_4	79	1400	401	793
F2379_4	M1355_4	79	1293	1262	2503
F2379_4	M1422_4	79	1351	1144	2227
F2379_4	M2299_4	79	1240	510	991
F2379_4	M2535_4	79	1371	932	1895
F2379_4	M2671_4	79	1446	432	876
F2644_4	F1440_4	79	1258	948	952
F2644_4	F2323_4	79	1271	979	985
F2644_4	F2379_4	79	1148	576	577
F2644_4	F74_4	79	1158	940	947
F2644_4	F7_4	79	1184	462	467
F2644_4	F834_4	79	1330	365	368
F2644_4	F836_4	79	1288	950	955
F2644_4	M1009_4	79	1400	127	128
F2644_4	M1355_4	79	1359	1244	1260
F2644_4	M1422_4	79	1299	764	771
F2644_4	M2299_4	79	1279	177	177
F2644_4	M2535_4	79	1270	425	427
F2644_4	M2671_4	79	1166	118	118
F74_4	F1440_4	79	1147	571	571
F74_4	F2323_4	79	1387	667	667
F74_4	F2379_4	79	1250	263	263
F74_4	F2644_4	79	1158	480	480
F74_4	F7_4	79	1340	192	192
F74_4	F834_4	79	1265	140	140
F74_4	F836_4	79	1342	590	590
F74_4	M1009_4	79	1271	26	26
F74_4	M1355_4	79	1172	880	880
F74_4	M1422_4	79	1218	350	350
F74_4	M2299_4	79	1252	65	65
F74_4	M2535_4	79	1215	156	156
F74_4	M2671_4	79	1275	43	43
F7_4	F1440_4	79	1168	1134	1134
F7_4	F2323_4	79	1429	1399	1399
F7_4	F2379_4	79	1389	1264	1264
F7_4	F2644_4	79	1184	1149	1149
F7_4	F74_4	79	1340	1326	1326
F7_4	F834_4	79	1198	959	959
F7_4	F836_4	79	1207	1162	1162
F7_4	M1009_4	79	1240	651	651
F7_4	M1355_4	79	1270	1264	1264
F7_4	M1422_4	79	1301	1231	1231
F7_4	M2299_4	79	1451	961	961
F7_4	M2535_4	79	1291	1118	1118
F7_4	M2671_4	79	1252	695	695
F834_4	F1440_4	79	1448	1305	2965
F834_4	F2323_4	79	1310	1207	2787
F834_4	F2379_4	79	1237	899	2072
F834_4	F2644_4	79	1330	1181	2645
F834_4	F74_4	79	1265	1178	2674
F834_4	F7_4	79	1198	738	1687
F834_4	F836_4	79	1238	1107	2442
F834_4	M1009_4	79	1229	258	597
F834_4	M1355_4	79	1228	1186	2681
F834_4	M1422_4	79	1217	958	2179
F834_4	M2299_4	79	1167	356	795
F834_4	M2535_4	79	1260	767	1711
F834_4	M2671_4	79	1246	281	641
F836_4	F1440_4	79	1294	910	1230
F836_4	F2323_4	79	1282	945	1254
F836_4	F2379_4	79	1258	557	784
F836_4	F2644_4	79	1288	879	1224
F836_4	F74_4	79	1342	1075	1431
F836_4	F7_4	79	1207	434	586
F836_4	F834_4	79	1238	276	380
F836_4	M1009_4	79	1095	71	93
F836_4	M1355_4	79	1129	1013	1368
F836_4	M1422_4	79	1148	582	802
F836_4	M2299_4	79	1114	111	154
F836_4	M2535_4	79	1287	386	508
F836_4	M2671_4	79	1234	84	118
M1009_4	F1440_4	79	1134	1079	2013
M1009_4	F2323_4	79	1247	1190	2255
M1009_4	F2379_4	79	1400	1167	2244
M1009_4	F2644_4	79	1400	1307	2560
M1009_4	F74_4	79	1271	1224	2360
M1009_4	F7_4	79	1240	966	1857
M1009_4	F834_4	79	1229	819	1638
M1009_4	F836_4	79	1095	1037	2024
M1009_4	M1355_4	79	1179	1158	2217
M1009_4	M1422_4	79	1402	1245	2460
M1009_4	M2299_4	79	1188	555	1100
M1009_4	M2535_4	79	1231	898	1730
M1009_4	M2671_4	79	1244	443	853
M1355_4	F1440_4	79	1159	1096	2180
M1355_4	F2323_4	79	1239	1196	2469
M1355_4	F2379_4	79	1293	1099	2185
M1355_4	F2644_4	79	1359	1281	2596
M1355_4	F74_4	79	1172	1132	2303
M1355_4	F7_4	79	1270	989	2022
M1355_4	F834_4	79	1228	877	1793
M1355_4	F836_4	79	1129	1070	2190
M1355_4	M1009_4	79	1179	443	863
M1355_4	M1422_4	79	1417	1254	2561
M1355_4	M2299_4	79	1186	566	1160
M1355_4	M2535_4	79	1173	906	1844
M1355_4	M2671_4	79	1155	440	896
M1422_4	F1440_4	79	1459	1182	1182
M1422_4	F2323_4	79	1314	1114	1114
M1422_4	F2379_4	79	1351	792	792
M1422_4	F2644_4	79	1299	1018	1018
M1422_4	F74_4	79	1218	1077	1077
M1422_4	F7_4	79	1301	611	611
M1422_4	F834_4	79	1217	430	430
M1422_4	F836_4	79	1148	917	917
M1422_4	M1009_4	79	1402	143	143
M1422_4	M1355_4	79	1417	1305	1305
M1422_4	M2299_4	79	1272	233	233
M1422_4	M2535_4	79	1297	554	554
M1422_4	M2671_4	79	1243	147	147
M2299_4	F1440_4	79	1227	991	991
M2299_4	F2323_4	79	1432	1155	1155
M2299_4	F2379_4	79	1240	721	721
M2299_4	F2644_4	79	1279	962	962
M2299_4	F74_4	79	1252	1090	1090
M2299_4	F7_4	79	1451	659	659
M2299_4	F834_4	79	1167	396	396
M2299_4	F836_4	79	1114	851	851
M2299_4	M1009_4	79	1188	113	113
M2299_4	M1355_4	79	1186	1100	1100
M2299_4	M1422_4	79	1272	835	835
M2299_4	M2535_4	79	1323	495	495
M2299_4	M2671_4	79	1239	139	139
M2535_4	F1440_4	79	1241	595	1216
M2535_4	F2323_4	79	1262	631	1256
M2535_4	F2379_4	79	1371	291	603
M2535_4	F2644_4	79	1270	568	1157
M2535_4	F74_4	79	1215	694	1431
M2535_4	F7_4	79	1291	194	394
M2535_4	F834_4	79	1260	125	255
M2535_4	F836_4	79	1287	610	1238
M2535_4	M1009_4	79	1231	27	53
M2535_4	M1355_4	79	1173	890	1831
M2535_4	M1422_4	79	1297	369	773
M2535_4	M2299_4	79	1323	50	96
M2535_4	M2671_4	79	1222	39	86
M2671_4	F1440_4	79	1182	710	710
M2671_4	F2323_4	79	1278	812	812
M2671_4	F2379_4	79	1446	481	481
M2671_4	F2644_4	79	1166	636	636
M2671_4	F74_4	79	1275	893	893
M2671_4	F7_4	79	1252	309	309
M2671_4	F834_4	79	1246	202	202
M2671_4	F836_4	79	1234	691	691
M2671_4	M1009_4	79	1244	56	56
M2671_4	M1355_4	79	1155	963	963
M2671_4	M1422_4	79	1243	482	482
M2671_4	M2299_4	79	1239	96	96
M2671_4	M2535_4	79	1222	262	262
F1121_4	F1562_4	80	1384	91	91
F1121_4	F1741_4	80	1245	29	29
F1121_4	F2265_4	80	1266	558	558
F1121_4	F2340_4	80	1346	384	384
F1121_4	F2568_4	80	1110	130	130
F1121_4	F695_4	80	1260	158	158
F1121_4	F76_4	80	1289	517	517
F1121_4	M1149_4	80	1277	902	902
F1121_4	M1241_4	80	1173	268	268
F1121_4	M1257_4	80	1242	16	16
F1121_4	M2699_4	80	1338	246	246
F1121_4	M651_4	80	1238	83	83
F1121_4	M806_4	80	1229	696	696
F1562_4	F1121_4	80	1384	682	1032
F1562_4	F1741_4	80	1444	17	23
F1562_4	F2265_4	80	1432	394	597
F1562_4	F2340_4	80	1207	183	274
F1562_4	F2568_4	80	1176	48	69
F1562_4	F695_4	80	1236	67	111
F1562_4	F76_4	80	1281	294	427
F1562_4	M1149_4	80	1228	628	933
F1562_4	M1241_4	80	1292	162	246
F1562_4	M1257_4	80	1284	9	16
F1562_4	M2699_4	80	1399	128	195
F1562_4	M651_4	80	1336	42	71
F1562_4	M806_4	80	1229	488	714
F1741_4	F1121_4	80	1245	1227	2286
F1741_4	F1562_4	80	1444	964	1869
F1741_4	F2265_4	80	1352	1291	2383
F1741_4	F2340_4	80	1305	1212	2264
F1741_4	F2568_4	80	1231	1023	1926
F1741_4	F695_4	80	1173	931	1772
F1741_4	F76_4	80	1239	1192	2197
F1741_4	M1149_4	80	1352	1336	2545
F1741_4	M1241_4	80	1173	1072	2014
F1741_4	M1257_4	80	1245	448	870
F1741_4	M2699_4	80	1402	1245	2346
F1741_4	M651_4	80	1216	844	1593
F1741_4	M806_4	80	1224	1201	2279
F2265_4	F1121_4	80	1266	1239	2422
F2265_4	F1562_4	80	1432	795	1563
F2265_4	F1741_4	80	1352	477	868
F2265_4	F2340_4	80	1157	999	1908
F2265_4	F2568_4	80	1331	963	1809
F2265_4	F695_4	80	1196	854	1652
F2265_4	F76_4	80	1356	1230	2371
F2265_4	M1149_4	80	1297	1266	2471
F2265_4	M1241_4	80	1426	1238	2381
F2265_4	M1257_4	80	1178	330	671
F2265_4	M2699_4	80	1312	1073	2062
F2265_4	M651_4	80	1269	712	1363
F2265_4	M806_4	80	1133	1088	2094
F2340_4	F1121_4	80	1346	1276	2846
F2340_4	F1562_4	80	1207	393	860
F2340_4	F1741_4	80	1305	217	488
F2340_4	F2265_4	80	1157	986	2146
F2340_4	F2568_4	80	1195	594	1282
F2340_4	F695_4	80	1234	604	1295
F2340_4	F76_4	80	1226	1008	2238
F2340_4	M1149_4	80	1341	1265	2761
F2340_4	M1241_4	80	1190	839	1862
F2340_4	M1257_4	80	1349	142	315
F2340_4	M2699_4	80	1410	902	2010
F2340_4	M651_4	80	1154	386	892
F2340_4	M806_4	80	1316	1207	2640
F2568_4	F1121_4	80	1110	1058	1058
F2568_4	F1562_4	80	1176	486	486
F2568_4	F1741_4	80	1231	259	259
F2568_4	F2265_4	80	1331	1202	1202
F2568_4	F2340_4	80	1195	923	923
F2568_4	F695_4	80	1187	715	715
F2568_4	F76_4	80	1292	1104	1104
F2568_4	M1149_4	80	1228	1170	1170
F2568_4	M1241_4	80	1306	1018	1018
F2568_4	M1257_4	80	1183	194	194
F2568_4	M2699_4	80	1356	978	978
F2568_4	M651_4	80	1260	531	531
F2568_4	M806_4	80	1299	1216	1216
F695_4	F1121_4	80	1260	622	768
F695_4	F1562_4	80	1236	40	51
F695_4	F1741_4	80	1173	18	25
F695_4	F2265_4	80	1196	330	408
F695_4	F2340_4	80	1234	175	215
F695_4	F2568_4	80	1187	61	77
F695_4	F76_4	80	1212	268	331
F695_4	M1149_4	80	1205	628	792
F695_4	M1241_4	80	1349	177	224
F695_4	M1257_4	80	1239	10	10
F695_4	M2699_4	80	1240	114	143
F695_4	M651_4	80	1122	41	49
F695_4	M806_4	80	1172	501	611
F76_4	F1121_4	80	1289	1264	3336
F76_4	F1562_4	80	1281	676	1803
F76_4	F1741_4	80	1239	395	993
F76_4	F2265_4	80	1356	1265	3383
F76_4	F2340_4	80	1226	1064	2778
F76_4	F2568_4	80	1292	891	2369
F76_4	F695_4	80	1212	825	2178
F76_4	M1149_4	80	1201	1174	3156
F76_4	M1241_4	80	1262	1095	2819
F76_4	M1257_4	80	1214	314	852
F76_4	M2699_4	80	1258	1020	2720
F76_4	M651_4	80	1319	745	1970
F76_4	M806_4	80	1223	1180	3183
M1149_4	F1121_4	80	1277	1275	1275
M1149_4	F1562_4	80	1228	1145	1145
M1149_4	F1741_4	80	1352	1114	1114
M1149_4	F2265_4	80	1297	1291	1291
M1149_4	F2340_4	80	1341	1324	1324
M1149_4	F2568_4	80	1228	1174	1174
M1149_4	F695_4	80	1205	1148	1148
M1149_4	F76_4	80	1201	1194	1194
M1149_4	M1241_4	80	1218	1193	1193
M1149_4	M1257_4	80	1267	958	958
M1149_4	M2699_4	80	1187	1162	1162
M1149_4	M651_4	80	1289	1191	1191
M1149_4	M806_4	80	1368	1359	1359
M1241_4	F1121_4	80	1173	1054	1054
M1241_4	F1562_4	80	1292	223	223
M1241_4	F1741_4	80	1173	101	101
M1241_4	F2265_4	80	1426	1087	1087
M1241_4	F2340_4	80	1190	654	654
M1241_4	F2568_4	80	1306	439	439
M1241_4	F695_4	80	1349	420	420
M1241_4	F76_4	80	1262	860	860
M1241_4	M1149_4	80	1218	1091	1091
M1241_4	M1257_4	80	1234	78	78
M1241_4	M2699_4	80	1567	720	720
M1241_4	M651_4	80	1307	243	243
M1241_4	M806_4	80	1127	943	943
M1257_4	F1121_4	80	1242	1171	2281
M1257_4	F1562_4	80	1284	471	890
M1257_4	F1741_4	80	1245	273	520
M1257_4	F2265_4	80	1178	1029	1956
M1257_4	F2340_4	80	1349	1040	2007
M1257_4	F2568_4	80	1183	606	1159
M1257_4	F695_4	80	1239	680	1318
M1257_4	F76_4	80	1214	1035	2065
M1257_4	M1149_4	80	1267	1196	2327
M1257_4	M1241_4	80	1234	930	1780
M1257_4	M2699_4	80	1358	929	1818
M1257_4	M651_4	80	1418	591	1121
M1257_4	M806_4	80	1175	1084	2115
M2699_4	F1121_4	80	1338	668	1782
M2699_4	F1562_4	80	1399	44	115
M2699_4	F1741_4	80	1402	13	41
M2699_4	F2265_4	80	1312	372	1021
M2699_4	F2340_4	80	1410	193	513
M2699_4	F2568_4	80	1356	86	226
M2699_4	F695_4	80	1240	84	224
M2699_4	F76_4	80	1258	272	720
M2699_4	M1149_4	80	1187	589	1552
M2699_4	M1241_4	80	1567	204	577
M2699_4	M1257_4	80	1358	5	14
M2699_4	M651_4	80	1316	45	119
M2699_4	M806_4	80	1160	426	1146
M651_4	F1121_4	80	1238	1167	1399
M651_4	F1562_4	80	1336	330	393
M651_4	F1741_4	80	1216	168	207
M651_4	F2265_4	80	1269	1055	1281
M651_4	F2340_4	80	1154	799	979
M651_4	F2568_4	80	1260	532	638
M651_4	F695_4	80	1122	465	563
M651_4	F76_4	80	1319	1023	1259
M651_4	M1149_4	80	1289	1207	1437
M651_4	M1241_4	80	1307	853	997
M651_4	M1257_4	80	1418	119	137
M651_4	M2699_4	80	1316	777	950
M651_4	M806_4	80	1244	1119	1388
M806_4	F1121_4	80	1229	831	1216
M806_4	F1562_4	80	1229	67	104
M806_4	F1741_4	80	1224	26	36
M806_4	F2265_4	80	1133	467	681
M806_4	F2340_4	80	1316	323	448
M806_4	F2568_4	80	1299	145	205
M806_4	F695_4	80	1172	110	153
M806_4	F76_4	80	1223	453	637
M806_4	M1149_4	80	1368	913	1343
M806_4	M1241_4	80	1127	246	358
M806_4	M1257_4	80	1175	17	29
M806_4	M2699_4	80	1160	215	302
M806_4	M651_4	80	1244	77	108
F1979_4	F2041_4	81	1244	654	751
F1979_4	F2110_4	81	1216	373	424
F1979_4	F245_4	81	1290	1223	1418
F1979_4	F256_4	81	1243	409	468
F1979_4	F2653_4	81	1260	896	1026
F1979_4	F990_4	81	1145	561	655
F1979_4	M1488_4	81	1338	1085	1235
F1979_4	M2123_4	81	1344	923	1075
F1979_4	M2293_4	81	1254	64	74
F1979_4	M2339_4	81	1409	954	1112
F1979_4	M236_4	81	1312	366	437
F1979_4	M540_4	81	1273	919	1067
F1979_4	M902_4	81	1338	1164	1371
F2041_4	F1979_4	81	1244	1033	1033
F2041_4	F2110_4	81	1319	1166	1166
F2041_4	F245_4	81	1179	1177	1177
F2041_4	F256_4	81	1327	1184	1184
F2041_4	F2653_4	81	1258	1225	1225
F2041_4	F990_4	81	1305	1239	1239
F2041_4	M1488_4	81	1289	1269	1269
F2041_4	M2123_4	81	1192	1164	1164
F2041_4	M2293_4	81	1166	581	581
F2041_4	M2339_4	81	1339	1301	1301
F2041_4	M236_4	81	1184	1033	1033
F2041_4	M540_4	81	1239	1209	1209
F2041_4	M902_4	81	1284	1278	1278
F2110_4	F1979_4	81	1216	270	279
F2110_4	F2041_4	81	1319	696	721
F2110_4	F245_4	81	1216	1147	1181
F2110_4	F256_4	81	1235	406	423
F2110_4	F2653_4	81	1194	832	851
F2110_4	F990_4	81	1267	639	653
F2110_4	M1488_4	81	1299	992	1016
F2110_4	M2123_4	81	1190	840	867
F2110_4	M2293_4	81	1326	52	52
F2110_4	M2339_4	81	1316	865	892
F2110_4	M236_4	81	1324	342	350
F2110_4	M540_4	81	1257	864	889
F2110_4	M902_4	81	1276	1098	1134
F245_4	F1979_4	81	1290	44	109
F245_4	F2041_4	81	1179	158	418
F245_4	F2110_4	81	1216	59	140
F245_4	F256_4	81	1304	73	180
F245_4	F2653_4	81	1251	282	706
F245_4	F990_4	81	1255	120	301
F245_4	M1488_4	81	1201	396	1011
F245_4	M2123_4	81	1374	311	798
F245_4	M2293_4	81	1454	12	30
F245_4	M2339_4	81	1398	288	731
F245_4	M236_4	81	1324	59	147
F245_4	M540_4	81	1176	240	617
F245_4	M902_4	81	1209	560	1425
F256_4	F1979_4	81	1243	313	371
F256_4	F2041_4	81	1327	775	916
F256_4	F2110_4	81	1235	414	497
F256_4	F245_4	81	1304	1236	1456
F256_4	F2653_4	81	1260	937	1098
F256_4	F990_4	81	1255	692	842
F256_4	M1488_4	81	1302	1060	1267
F256_4	M2123_4	81	1286	930	1098
F256_4	M2293_4	81	1112	54	62
F256_4	M2339_4	81	1244	879	1050
F256_4	M236_4	81	1227	378	448
F256_4	M540_4	81	1209	881	1041
F256_4	M902_4	81	1257	1095	1288
F2653_4	F1979_4	81	1260	349	601
F2653_4	F2041_4	81	1258	788	1328
F2653_4	F2110_4	81	1194	444	736
F2653_4	F245_4	81	1251	1204	1983
F2653_4	F256_4	81	1260	498	847
F2653_4	F990_4	81	1329	775	1270
F2653_4	M1488_4	81	1180	1005	1669
F2653_4	M2123_4	81	1117	861	1404
F2653_4	M2293_4	81	1300	94	153
F2653_4	M2339_4	81	1179	850	1398
F2653_4	M236_4	81	1345	441	718
F2653_4	M540_4	81	1208	935	1557
F2653_4	M902_4	81	1181	1063	1761
F990_4	F1979_4	81	1145	240	542
F990_4	F2041_4	81	1305	680	1503
F990_4	F2110_4	81	1267	405	895
F990_4	F245_4	81	1255	1184	2605
F990_4	F256_4	81	1255	405	848
F990_4	F2653_4	81	1329	895	1944
F990_4	M1488_4	81	1280	1006	2231
F990_4	M2123_4	81	1272	873	1878
F990_4	M2293_4	81	1286	55	120
F990_4	M2339_4	81	1306	862	1862
F990_4	M236_4	81	1174	312	644
F990_4	M540_4	81	1267	850	1911
F990_4	M902_4	81	1342	1125	2443
M1488_4	F1979_4	81	1338	431	834
M1488_4	F2041_4	81	1289	841	1655
M1488_4	F2110_4	81	1299	550	1117
M1488_4	F245_4	81	1201	1157	2249
M1488_4	F256_4	81	1302	578	1115
M1488_4	F2653_4	81	1180	945	1771
M1488_4	F990_4	81	1280	800	1506
M1488_4	M2123_4	81	1337	1037	2003
M1488_4	M2293_4	81	1221	116	221
M1488_4	M2339_4	81	1270	983	1891
M1488_4	M236_4	81	1271	499	979
M1488_4	M540_4	81	1359	1053	2059
M1488_4	M902_4	81	1401	1287	2438
M2123_4	F1979_4	81	1344	532	532
M2123_4	F2041_4	81	1192	872	872
M2123_4	F2110_4	81	1190	625	625
M2123_4	F245_4	81	1374	1344	1344
M2123_4	F256_4	81	1286	722	722
M2123_4	F2653_4	81	1117	957	957
M2123_4	F990_4	81	1272	878	878
M2123_4	M1488_4	81	1337	1196	1196
M2123_4	M2293_4	81	1292	148	148
M2123_4	M2339_4	81	1252	1033	1033
M2123_4	M236_4	81	1261	588	588
M2123_4	M540_4	81	1202	1023	1023
M2123_4	M902_4	81	1225	1156	1156
M2293_4	F1979_4	81	1254	303	303
M2293_4	F2041_4	81	1166	688	688
M2293_4	F2110_4	81	1326	459	459
M2293_4	F245_4	81	1454	1385	1385
M2293_4	F256_4	81	1112	381	381
M2293_4	F2653_4	81	1300	971	971
M2293_4	F990_4	81	1286	741	741
M2293_4	M1488_4	81	1221	985	985
M2293_4	M2123_4	81	1292	973	973
M2293_4	M2339_4	81	1250	866	866
M2293_4	M236_4	81	1251	383	383
M2293_4	M540_4	81	1281	923	923
M2293_4	M902_4	81	1253	1110	1110
M2339_4	F1979_4	81	1409	344	344
M2339_4	F2041_4	81	1339	764	764
M2339_4	F2110_4	81	1316	447	447
M2339_4	F245_4	81	1398	1336	1336
M2339_4	F256_4	81	1244	481	481
M2339_4	F2653_4	81	1179	863	863
M2339_4	F990_4	81	1306	702	702
M2339_4	M1488_4	81	1270	1059	1059
M2339_4	M2123_4	81	1252	900	900
M2339_4	M2293_4	81	1250	79	79
M2339_4	M236_4	81	1271	419	419
M2339_4	M540_4	81	1319	979	979
M2339_4	M902_4	81	1184	1065	1065
M236_4	F1979_4	81	1312	13	13
M236_4	F2041_4	81	1184	42	42
M236_4	F2110_4	81	1324	22	22
M236_4	F245_4	81	1324	487	487
M236_4	F256_4	81	1227	26	26
M236_4	F2653_4	81	1345	103	103
M236_4	F990_4	81	1174	40	40
M236_4	M1488_4	81	1271	136	136
M236_4	M2123_4	81	1261	112	112
M236_4	M2293_4	81	1251	1	1
M236_4	M2339_4	81	1271	87	87
M236_4	M540_4	81	1219	108	108
M236_4	M902_4	81	1213	217	217
M540_4	F1979_4	81	1273	584	584
M540_4	F2041_4	81	1239	983	983
M540_4	F2110_4	81	1257	737	737
M540_4	F245_4	81	1176	1148	1148
M540_4	F256_4	81	1209	782	782
M540_4	F2653_4	81	1208	1078	1078
M540_4	F990_4	81	1267	953	953
M540_4	M1488_4	81	1359	1238	1238
M540_4	M2123_4	81	1202	1051	1051
M540_4	M2293_4	81	1281	185	185
M540_4	M2339_4	81	1319	1147	1147
M540_4	M236_4	81	1219	689	689
M540_4	M902_4	81	1319	1252	1252
M902_4	F1979_4	81	1338	342	675
M902_4	F2041_4	81	1284	734	1475
M902_4	F2110_4	81	1276	456	919
M902_4	F245_4	81	1209	1154	2307
M902_4	F256_4	81	1257	454	952
M902_4	F2653_4	81	1181	885	1802
M902_4	F990_4	81	1342	712	1366
M902_4	M1488_4	81	1401	1155	2320
M902_4	M2123_4	81	1225	886	1805
M902_4	M2293_4	81	1253	77	165
M902_4	M2339_4	81	1184	851	1720
M902_4	M236_4	81	1213	377	766
M902_4	M540_4	81	1319	977	1936
F1229_4	F1298_4	82	1136	731	2190
F1229_4	F1349_4	82	1274	255	800
F1229_4	F1868_4	82	1186	24	68
F1229_4	F2150_4	82	1297	216	623
F1229_4	F693_4	82	1132	412	1246
F1229_4	M1909_4	82	1116	605	1905
F1229_4	M1982_4	82	1172	917	2763
F1229_4	M1990_4	82	1197	832	2557
F1229_4	M2142_4	82	1277	110	322
F1229_4	M2328_4	82	1306	532	1627
F1229_4	M2559_4	82	1210	311	950
F1229_4	M842_4	82	1400	578	1742
F1229_4	M97_4	82	1371	46	148
F1298_4	F1229_4	82	1136	736	977
F1298_4	F1349_4	82	1286	602	775
F1298_4	F1868_4	82	1470	103	135
F1298_4	F2150_4	82	1453	557	712
F1298_4	F693_4	82	1362	902	1154
F1298_4	M1909_4	82	1380	1128	1461
F1298_4	M1982_4	82	1298	1198	1536
F1298_4	M1990_4	82	1138	991	1278
F1298_4	M2142_4	82	1252	230	311
F1298_4	M2328_4	82	1312	874	1139
F1298_4	M2559_4	82	1270	651	823
F1298_4	M842_4	82	1315	897	1148
F1298_4	M97_4	82	1247	109	136
F1349_4	F1229_4	82	1274	1265	1265
F1349_4	F1298_4	82	1286	1279	1279
F1349_4	F1868_4	82	1341	1064	1064
F1349_4	F2150_4	82	1283	1245	1245
F1349_4	F693_4	82	1226	1209	1209
F1349_4	M1909_4	82	1316	1309	1309
F1349_4	M1982_4	82	1279	1274	1274
F1349_4	M1990_4	82	1251	1249	1249
F1349_4	M2142_4	82	1332	1245	1245
F1349_4	M2328_4	82	1214	1198	1198
F1349_4	M2559_4	82	1464	1442	1442
F1349_4	M842_4	82	1280	1265	1265
F1349_4	M97_4	82	1249	973	973
F1868_4	F1229_4	82	1186	735	735
F1868_4	F1298_4	82	1470	1248	1248
F1868_4	F1349_4	82	1341	566	566
F1868_4	F2150_4	82	1344	445	445
F1868_4	F693_4	82	1244	774	774
F1868_4	M1909_4	82	1314	999	999
F1868_4	M1982_4	82	1246	1130	1130
F1868_4	M1990_4	82	1268	1100	1100
F1868_4	M2142_4	82	1154	236	236
F1868_4	M2328_4	82	1367	862	862
F1868_4	M2559_4	82	1103	567	567
F1868_4	M842_4	82	1339	913	913
F1868_4	M97_4	82	1218	97	97
F2150_4	F1229_4	82	1297	560	637
F2150_4	F1298_4	82	1453	1049	1178
F2150_4	F1349_4	82	1283	336	382
F2150_4	F1868_4	82	1344	34	40
F2150_4	F693_4	82	1252	531	599
F2150_4	M1909_4	82	1168	733	822
F2150_4	M1982_4	82	1346	1126	1262
F2150_4	M1990_4	82	1248	918	1047
F2150_4	M2142_4	82	1277	133	148
F2150_4	M2328_4	82	1279	633	704
F2150_4	M2559_4	82	1148	381	428
F2150_4	M842_4	82	1354	687	772
F2150_4	M97_4	82	1283	57	64
F693_4	F1229_4	82	1132	973	973
F693_4	F1298_4	82	1362	1294	1294
F693_4	F1349_4	82	1226	903	903
F693_4	F1868_4	82	1244	215	215
F693_4	F2150_4	82	1252	858	858
F693_4	M1909_4	82	1237	1160	1160
F693_4	M1982_4	82	1382	1355	1355
F693_4	M1990_4	82	1214	1157	1157
F693_4	M2142_4	82	1306	634	634
F693_4	M2328_4	82	1293	1136	1136
F693_4	M2559_4	82	1268	986	986
F693_4	M842_4	82	1100	996	996
F693_4	M97_4	82	1301	281	281
M1909_4	F1229_4	82	1116	726	726
M1909_4	F1298_4	82	1380	1186	1186
M1909_4	F1349_4	82	1316	628	628
M1909_4	F1868_4	82	1314	96	96
M1909_4	F2150_4	82	1168	444	444
M1909_4	F693_4	82	1237	797	797
M1909_4	M1982_4	82	1206	1110	1110
M1909_4	M1990_4	82	1364	1194	1194
M1909_4	M2142_4	82	1298	274	274
M1909_4	M2328_4	82	1278	865	865
M1909_4	M2559_4	82	1303	720	720
M1909_4	M842_4	82	1235	879	879
M1909_4	M97_4	82	1300	95	95
M1982_4	F1229_4	82	1172	883	3110
M1982_4	F1298_4	82	1298	1192	4185
M1982_4	F1349_4	82	1279	746	2582
M1982_4	F1868_4	82	1246	149	529
M1982_4	F2150_4	82	1346	749	2606
M1982_4	F693_4	82	1382	1025	3561
M1982_4	M1909_4	82	1206	1055	3717
M1982_4	M1990_4	82	1318	1212	4234
M1982_4	M2142_4	82	1408	457	1611
M1982_4	M2328_4	82	1363	1039	3556
M1982_4	M2559_4	82	1091	721	2519
M1982_4	M842_4	82	1183	945	3222
M1982_4	M97_4	82	1110	141	484
M1990_4	F1229_4	82	1197	981	981
M1990_4	F1298_4	82	1138	1081	1081
M1990_4	F1349_4	82	1251	875	875
M1990_4	F1868_4	82	1268	222	222
M1990_4	F2150_4	82	1248	770	770
M1990_4	F693_4	82	1214	997	997
M1990_4	M1909_4	82	1364	1239	1239
M1990_4	M1982_4	82	1318	1282	1282
M1990_4	M2142_4	82	1367	526	526
M1990_4	M2328_4	82	1210	1020	1020
M1990_4	M2559_4	82	1233	905	905
M1990_4	M842_4	82	1176	1000	1000
M1990_4	M97_4	82	1281	201	201
M2142_4	F1229_4	82	1277	767	767
M2142_4	F1298_4	82	1252	1059	1059
M2142_4	F1349_4	82	1332	558	558
M2142_4	F1868_4	82	1154	71	71
M2142_4	F2150_4	82	1277	404	404
M2142_4	F693_4	82	1306	765	765
M2142_4	M1909_4	82	1298	980	980
M2142_4	M1982_4	82	1408	1258	1258
M2142_4	M1990_4	82	1367	1184	1184
M2142_4	M2328_4	82	1257	808	808
M2142_4	M2559_4	82	1179	619	619
M2142_4	M842_4	82	1163	738	738
M2142_4	M97_4	82	1233	84	84
M2328_4	F1229_4	82	1306	1125	2418
M2328_4	F1298_4	82	1312	1260	2693
M2328_4	F1349_4	82	1214	884	1874
M2328_4	F1868_4	82	1367	311	686
M2328_4	F2150_4	82	1279	912	2009
M2328_4	F693_4	82	1293	1108	2402
M2328_4	M1909_4	82	1278	1186	2543
M2328_4	M1982_4	82	1363	1325	2859
M2328_4	M1990_4	82	1210	1168	2509
M2328_4	M2142_4	82	1257	566	1208
M2328_4	M2559_4	82	1335	1040	2235
M2328_4	M842_4	82	1164	1053	2288
M2328_4	M97_4	82	1333	281	625
M2559_4	F1229_4	82	1210	721	1711
M2559_4	F1298_4	82	1270	1055	2518
M2559_4	F1349_4	82	1464	575	1372
M2559_4	F1868_4	82	1103	75	174
M2559_4	F2150_4	82	1148	348	814
M2559_4	F693_4	82	1268	757	1794
M2559_4	M1909_4	82	1303	977	2374
M2559_4	M1982_4	82	1091	983	2376
M2559_4	M1990_4	82	1233	1063	2513
M2559_4	M2142_4	82	1179	234	572
M2559_4	M2328_4	82	1335	829	1930
M2559_4	M842_4	82	1208	798	1890
M2559_4	M97_4	82	1277	92	227
M842_4	F1229_4	82	1400	984	2098
M842_4	F1298_4	82	1315	1176	2454
M842_4	F1349_4	82	1280	655	1393
M842_4	F1868_4	82	1339	124	262
M842_4	F2150_4	82	1354	566	1212
M842_4	F693_4	82	1100	781	1679
M842_4	M1909_4	82	1235	1031	2146
M842_4	M1982_4	82	1183	1100	2378
M842_4	M1990_4	82	1176	1057	2299
M842_4	M2142_4	82	1163	285	616
M842_4	M2328_4	82	1164	833	1760
M842_4	M2559_4	82	1208	752	1605
M842_4	M97_4	82	1104	91	178
M97_4	F1229_4	82	1371	873	1531
M97_4	F1298_4	82	1247	1064	1897
M97_4	F1349_4	82	1249	540	959
M97_4	F1868_4	82	1218	60	107
M97_4	F2150_4	82	1283	448	776
M97_4	F693_4	82	1301	796	1376
M97_4	M1909_4	82	1300	985	1727
M97_4	M1982_4	82	1110	1023	1819
M97_4	M1990_4	82	1281	1115	1952
M97_4	M2142_4	82	1233	233	408
M97_4	M2328_4	82	1333	870	1521
M97_4	M2559_4	82	1277	643	1139
M97_4	M842_4	82	1104	783	1403
F1308_4	F1337_4	83	1295	1231	3871
F1308_4	F2108_4	83	1273	1161	3752
F1308_4	F241_4	83	1276	1060	3389
F1308_4	F368_4	83	1205	1191	3849
F1308_4	F725_4	83	1341	1318	4236
F1308_4	F786_4	83	1263	1127	3628
F1308_4	F900_4	83	1213	1180	3786
F1308_4	M1146_4	83	1133	1092	3514
F1308_4	M1287_4	83	1202	1167	3735
F1308_4	M1340_4	83	1377	931	3036
F1308_4	M2473_4	83	1382	1197	3926
F1308_4	M573_4	83	1300	1069	3378
F1308_4	M763_4	83	1324	1021	3318
F1337_4	F1308_4	83	1295	1059	1059
F1337_4	F2108_4	83	1296	781	781
F1337_4	F241_4	83	1269	570	570
F1337_4	F368_4	83	1258	1156	1156
F1337_4	F725_4	83	1205	1079	1079
F1337_4	F786_4	83	1377	828	828
F1337_4	F900_4	83	1275	1104	1104
F1337_4	M1146_4	83	1201	987	987
F1337_4	M1287_4	83	1330	1152	1152
F1337_4	M1340_4	83	1162	291	291
F1337_4	M2473_4	83	1206	555	555
F1337_4	M573_4	83	1421	676	676
F1337_4	M763_4	83	1444	564	564
F2108_4	F1308_4	83	1273	210	210
F2108_4	F1337_4	83	1296	180	180
F2108_4	F241_4	83	1162	44	44
F2108_4	F368_4	83	1351	462	462
F2108_4	F725_4	83	1356	395	395
F2108_4	F786_4	83	1098	65	65
F2108_4	F900_4	83	1245	279	279
F2108_4	M1146_4	83	1252	233	233
F2108_4	M1287_4	83	1295	290	290
F2108_4	M1340_4	83	1207	15	15
F2108_4	M2473_4	83	1372	44	44
F2108_4	M573_4	83	1262	38	38
F2108_4	M763_4	83	1205	22	22
F241_4	F1308_4	83	1276	1197	1892
F241_4	F1337_4	83	1269	1191	1931
F241_4	F2108_4	83	1162	1006	1645
F241_4	F368_4	83	1201	1178	1899
F241_4	F725_4	83	1171	1141	1824
F241_4	F786_4	83	1147	981	1545
F241_4	F900_4	83	1124	1084	1754
F241_4	M1146_4	83	1282	1212	2015
F241_4	M1287_4	83	1220	1178	1893
F241_4	M1340_4	83	1231	726	1161
F241_4	M2473_4	83	1236	998	1578
F241_4	M573_4	83	1155	872	1389
F241_4	M763_4	83	1317	924	1461
F368_4	F1308_4	83	1205	1169	1169
F368_4	F1337_4	83	1258	1201	1201
F368_4	F2108_4	83	1351	1245	1245
F368_4	F241_4	83	1201	1013	1013
F368_4	F725_4	83	1275	1250	1250
F368_4	F786_4	83	1135	1042	1042
F368_4	F900_4	83	1390	1364	1364
F368_4	M1146_4	83	1281	1240	1240
F368_4	M1287_4	83	1505	1482	1482
F368_4	M1340_4	83	1216	860	860
F368_4	M2473_4	83	1261	1121	1121
F368_4	M573_4	83	1264	1092	1092
F368_4	M763_4	83	1317	1073	1073
F725_4	F1308_4	83	1341	443	516
F725_4	F1337_4	83	1205	389	454
F725_4	F2108_4	83	1356	210	244
F725_4	F241_4	83	1171	100	120
F725_4	F368_4	83	1275	730	890
F725_4	F786_4	83	1188	168	193
F725_4	F900_4	83	1293	582	674
F725_4	M1146_4	83	1144	409	477
F725_4	M1287_4	83	1283	548	659
F725_4	M1340_4	83	1199	43	48
F725_4	M2473_4	83	1290	108	127
F725_4	M573_4	83	1373	118	139
F725_4	M763_4	83	1243	66	82
F786_4	F1308_4	83	1263	653	653
F786_4	F1337_4	83	1377	662	662
F786_4	F2108_4	83	1098	305	305
F786_4	F241_4	83	1147	174	174
F786_4	F368_4	83	1135	829	829
F786_4	F725_4	83	1188	836	836
F786_4	F900_4	83	1252	794	794
F786_4	M1146_4	83	1131	599	599
F786_4	M1287_4	83	1155	726	726
F786_4	M1340_4	83	1240	97	97
F786_4	M2473_4	83	1457	277	277
F786_4	M573_4	83	1074	180	180
F786_4	M763_4	83	1213	147	147
F900_4	F1308_4	83	1213	882	1368
F900_4	F1337_4	83	1275	881	1334
F900_4	F2108_4	83	1245	577	821
F900_4	F241_4	83	1124	355	521
F900_4	F368_4	83	1390	1211	1812
F900_4	F725_4	83	1293	1091	1584
F900_4	F786_4	83	1252	587	873
F900_4	M1146_4	83	1276	935	1431
F900_4	M1287_4	83	1254	1024	1506
F900_4	M1340_4	83	1193	196	285
F900_4	M2473_4	83	1368	472	679
F900_4	M573_4	83	1275	415	628
F900_4	M763_4	83	1303	342	509
M1146_4	F1308_4	83	1133	297	297
M1146_4	F1337_4	83	1201	283	283
M1146_4	F2108_4	83	1252	151	151
M1146_4	F241_4	83	1282	78	78
M1146_4	F368_4	83	1281	602	602
M1146_4	F725_4	83	1144	468	468
M1146_4	F786_4	83	1131	135	135
M1146_4	F900_4	83	1276	458	458
M1146_4	M1287_4	83	1277	492	492
M1146_4	M1340_4	83	1324	22	22
M1146_4	M2473_4	83	1202	97	97
M1146_4	M573_4	83	1322	87	87
M1146_4	M763_4	83	1363	64	64
M1287_4	F1308_4	83	1202	685	685
M1287_4	F1337_4	83	1330	731	731
M1287_4	F2108_4	83	1295	408	408
M1287_4	F241_4	83	1220	245	245
M1287_4	F368_4	83	1505	1176	1176
M1287_4	F725_4	83	1283	924	924
M1287_4	F786_4	83	1155	365	365
M1287_4	F900_4	83	1254	858	858
M1287_4	M1146_4	83	1277	760	760
M1287_4	M1340_4	83	1301	117	117
M1287_4	M2473_4	83	1277	274	274
M1287_4	M573_4	83	1390	299	299
M1287_4	M763_4	83	1273	190	190
M1340_4	F1308_4	83	1377	643	1936
M1340_4	F1337_4	83	1162	528	1576
M1340_4	F2108_4	83	1207	304	914
M1340_4	F241_4	83	1231	173	540
M1340_4	F368_4	83	1216	903	2729
M1340_4	F725_4	83	1199	802	2343
M1340_4	F786_4	83	1240	332	982
M1340_4	F900_4	83	1193	752	2245
M1340_4	M1146_4	83	1324	697	2077
M1340_4	M1287_4	83	1301	802	2289
M1340_4	M2473_4	83	1254	223	684
M1340_4	M573_4	83	1155	192	563
M1340_4	M763_4	83	1123	166	501
M2473_4	F1308_4	83	1382	1122	2796
M2473_4	F1337_4	83	1206	972	2337
M2473_4	F2108_4	83	1372	850	2127
M2473_4	F241_4	83	1236	578	1438
M2473_4	F368_4	83	1261	1180	2878
M2473_4	F725_4	83	1290	1172	2852
M2473_4	F786_4	83	1457	888	2138
M2473_4	F900_4	83	1368	1197	2959
M2473_4	M1146_4	83	1202	1010	2421
M2473_4	M1287_4	83	1277	1110	2657
M2473_4	M1340_4	83	1254	338	826
M2473_4	M573_4	83	1244	587	1475
M2473_4	M763_4	83	1315	527	1275
M573_4	F1308_4	83	1300	541	541
M573_4	F1337_4	83	1421	567	567
M573_4	F2108_4	83	1262	256	256
M573_4	F241_4	83	1155	148	148
M573_4	F368_4	83	1264	836	836
M573_4	F725_4	83	1373	782	782
M573_4	F786_4	83	1074	184	184
M573_4	F900_4	83	1275	653	653
M573_4	M1146_4	83	1322	579	579
M573_4	M1287_4	83	1390	717	717
M573_4	M1340_4	83	1155	61	61
M573_4	M2473_4	83	1244	162	162
M573_4	M763_4	83	1198	112	112
M763_4	F1308_4	83	1324	1289	1289
M763_4	F1337_4	83	1444	1405	1405
M763_4	F2108_4	83	1205	1121	1121
M763_4	F241_4	83	1317	1160	1160
M763_4	F368_4	83	1317	1300	1300
M763_4	F725_4	83	1243	1225	1225
M763_4	F786_4	83	1213	1141	1141
M763_4	F900_4	83	1303	1289	1289
M763_4	M1146_4	83	1363	1327	1327
M763_4	M1287_4	83	1273	1253	1253
M763_4	M1340_4	83	1123	842	842
M763_4	M2473_4	83	1315	1178	1178
M763_4	M573_4	83	1198	1070	1070
F1233_4	F1610_4	84	1403	262	563
F1233_4	F2122_4	84	1173	71	145
F1233_4	F2687_4	84	1416	857	1699
F1233_4	F311_4	84	1278	216	449
F1233_4	M1065_4	84	1326	49	108
F1233_4	M1077_4	84	1271	156	315
F1233_4	M1281_4	84	1241	112	234
F1233_4	M135_4	84	1344	19	33
F1233_4	M1577_4	84	1124	167	337
F1233_4	M1642_4	84	1444	251	516
F1233_4	M2627_4	84	1161	33	66
F1233_4	M2747_4	84	1194	248	512
F1233_4	M432_4	84	1172	117	238
F1610_4	F1233_4	84	1403	1294	1541
F1610_4	F2122_4	84	1344	796	961
F1610_4	F2687_4	84	1236	1204	1434
F1610_4	F311_4	84	1093	929	1096
F1610_4	M1065_4	84	1292	589	698
F1610_4	M1077_4	84	1221	933	1105
F1610_4	M1281_4	84	1308	917	1115
F1610_4	M135_4	84	1282	306	353
F1610_4	M1577_4	84	1306	1066	1280
F1610_4	M1642_4	84	1271	1069	1282
F1610_4	M2627_4	84	1295	453	547
F1610_4	M2747_4	84	1264	1082	1276
F1610_4	M432_4	84	1088	812	957
F2122_4	F1233_4	84	1173	506	506
F2122_4	F1610_4	84	1344	379	379
F2122_4	F2687_4	84	1284	911	911
F2122_4	F311_4	84	1196	298	298
F2122_4	M1065_4	84	1213	72	72
F2122_4	M1077_4	84	1294	217	217
F2122_4	M1281_4	84	1334	161	161
F2122_4	M135_4	84	1180	23	23
F2122_4	M1577_4	84	1195	273	273
F2122_4	M1642_4	84	1187	306	306
F2122_4	M2627_4	84	1161	41	41
F2122_4	M2747_4	84	1257	332	332
F2122_4	M432_4	84	1138	189	189
F2687_4	F1233_4	84	1416	1192	1192
F2687_4	F1610_4	84	1236	932	932
F2687_4	F2122_4	84	1284	571	571
F2687_4	F311_4	84	1349	987	987
F2687_4	M1065_4	84	1327	420	420
F2687_4	M1077_4	84	1179	767	767
F2687_4	M1281_4	84	1136	649	649
F2687_4	M135_4	84	1199	197	197
F2687_4	M1577_4	84	1231	863	863
F2687_4	M1642_4	84	1243	925	925
F2687_4	M2627_4	84	1286	305	305
F2687_4	M2747_4	84	1266	973	973
F2687_4	M432_4	84	1379	850	850
F311_4	F1233_4	84	1278	1023	1077
F311_4	F1610_4	84	1093	739	779
F311_4	F2122_4	84	1196	446	464
F311_4	F2687_4	84	1349	1270	1325
F311_4	M1065_4	84	1179	284	292
F311_4	M1077_4	84	1348	760	791
F311_4	M1281_4	84	1270	641	671
F311_4	M135_4	84	1127	111	115
F311_4	M1577_4	84	1252	813	855
F311_4	M1642_4	84	1295	878	916
F311_4	M2627_4	84	1315	239	254
F311_4	M2747_4	84	1171	811	856
F311_4	M432_4	84	1227	659	697
M1065_4	F1233_4	84	1326	834	2087
M1065_4	F1610_4	84	1292	605	1455
M1065_4	F2122_4	84	1213	226	542
M1065_4	F2687_4	84	1327	1142	2767
M1065_4	F311_4	84	1179	512	1267
M1065_4	M1077_4	84	1202	403	970
M1065_4	M1281_4	84	1428	413	965
M1065_4	M135_4	84	1261	60	165
M1065_4	M1577_4	84	1285	517	1223
M1065_4	M1642_4	84	1286	598	1437
M1065_4	M2627_4	84	1273	103	231
M1065_4	M2747_4	84	1215	567	1373
M1065_4	M432_4	84	1225	384	941
M1077_4	F1233_4	84	1271	1230	3576
M1077_4	F1610_4	84	1221	1147	3385
M1077_4	F2122_4	84	1294	1071	3182
M1077_4	F2687_4	84	1179	1168	3462
M1077_4	F311_4	84	1348	1285	3845
M1077_4	M1065_4	84	1202	916	2662
M1077_4	M1281_4	84	1284	1139	3288
M1077_4	M135_4	84	1218	631	1836
M1077_4	M1577_4	84	1285	1220	3587
M1077_4	M1642_4	84	1295	1228	3719
M1077_4	M2627_4	84	1460	993	3015
M1077_4	M2747_4	84	1237	1183	3570
M1077_4	M432_4	84	1197	1095	3242
M1281_4	F1233_4	84	1241	1077	1077
M1281_4	F1610_4	84	1308	1053	1053
M1281_4	F2122_4	84	1334	641	641
M1281_4	F2687_4	84	1136	1093	1093
M1281_4	F311_4	84	1270	956	956
M1281_4	M1065_4	84	1428	487	487
M1281_4	M1077_4	84	1284	864	864
M1281_4	M135_4	84	1353	229	229
M1281_4	M1577_4	84	1164	848	848
M1281_4	M1642_4	84	1240	977	977
M1281_4	M2627_4	84	1152	320	320
M1281_4	M2747_4	84	1244	1010	1010
M1281_4	M432_4	84	1184	782	782
M135_4	F1233_4	84	1344	1283	1283
M135_4	F1610_4	84	1282	1182	1182
M135_4	F2122_4	84	1180	862	862
M135_4	F2687_4	84	1199	1184	1184
M135_4	F311_4	84	1127	1030	1030
M135_4	M1065_4	84	1261	778	778
M135_4	M1077_4	84	1218	1031	1031
M135_4	M1281_4	84	1353	1135	1135
M135_4	M1577_4	84	1251	1135	1135
M135_4	M1642_4	84	1386	1267	1267
M135_4	M2627_4	84	1261	693	693
M135_4	M2747_4	84	1232	1139	1139
M135_4	M432_4	84	1295	1096	1096
M1577_4	F1233_4	84	1124	678	678
M1577_4	F1610_4	84	1306	609	609
M1577_4	F2122_4	84	1195	214	214
M1577_4	F2687_4	84	1231	1036	1036
M1577_4	F311_4	84	1252	554	554
M1577_4	M1065_4	84	1285	130	130
M1577_4	M1077_4	84	1285	399	399
M1577_4	M1281_4	84	1164	335	335
M1577_4	M135_4	84	1251	59	59
M1577_4	M1642_4	84	1185	567	567
M1577_4	M2627_4	84	1244	91	91
M1577_4	M2747_4	84	1086	502	502
M1577_4	M432_4	84	1256	378	378
M1642_4	F1233_4	84	1444	745	745
M1642_4	F1610_4	84	1271	411	411
M1642_4	F2122_4	84	1187	148	148
M1642_4	F2687_4	84	1243	974	974
M1642_4	F311_4	84	1295	411	411
M1642_4	M1065_4	84	1286	84	84
M1642_4	M1077_4	84	1295	318	318
M1642_4	M1281_4	84	1240	250	250
M1642_4	M135_4	84	1386	32	32
M1642_4	M1577_4	84	1185	350	350
M1642_4	M2627_4	84	1385	69	69
M1642_4	M2747_4	84	1119	417	417
M1642_4	M432_4	84	1397	327	327
M2627_4	F1233_4	84	1161	1022	1022
M2627_4	F1610_4	84	1295	1020	1020
M2627_4	F2122_4	84	1161	578	578
M2627_4	F2687_4	84	1286	1231	1231
M2627_4	F311_4	84	1315	1044	1044
M2627_4	M1065_4	84	1273	438	438
M2627_4	M1077_4	84	1460	1045	1045
M2627_4	M1281_4	84	1152	742	742
M2627_4	M135_4	84	1261	212	212
M2627_4	M1577_4	84	1244	955	955
M2627_4	M1642_4	84	1385	1097	1097
M2627_4	M2747_4	84	1401	1100	1100
M2627_4	M432_4	84	1086	723	723
M2747_4	F1233_4	84	1194	870	1777
M2747_4	F1610_4	84	1264	756	1538
M2747_4	F2122_4	84	1257	325	675
M2747_4	F2687_4	84	1266	1141	2296
M2747_4	F311_4	84	1171	650	1293
M2747_4	M1065_4	84	1215	202	399
M2747_4	M1077_4	84	1237	549	1128
M2747_4	M1281_4	84	1244	480	967
M2747_4	M135_4	84	1232	79	166
M2747_4	M1577_4	84	1086	572	1151
M2747_4	M1642_4	84	1119	677	1397
M2747_4	M2627_4	84	1401	184	380
M2747_4	M432_4	84	1198	497	1053
M432_4	F1233_4	84	1172	1128	2009
M432_4	F1610_4	84	1088	1028	1789
M432_4	F2122_4	84	1138	859	1547
M432_4	F2687_4	84	1379	1366	2379
M432_4	F311_4	84	1227	1144	2046
M432_4	M1065_4	84	1225	797	1423
M432_4	M1077_4	84	1197	1064	1843
M432_4	M1281_4	84	1184	1012	1779
M432_4	M135_4	84	1295	571	1020
M432_4	M1577_4	84	1256	1136	1946
M432_4	M1642_4	84	1397	1303	2275
M432_4	M2627_4	84	1086	657	1160
M432_4	M2747_4	84	1198	1131	1988
F1076_4	F111_4	85	1274	1123	1123
F1076_4	F1160_4	85	1268	740	740
F1076_4	F1301_4	85	1294	418	418
F1076_4	F2451_4	85	1343	880	880
F1076_4	F2497_4	85	1198	1075	1075
F1076_4	F906_4	85	1284	460	460
F1076_4	M1649_4	85	1193	468	468
F1076_4	M1945_4	85	1199	358	358
F1076_4	M2118_4	85	1317	723	723
F1076_4	M2128_4	85	1350	434	434
F1076_4	M2313_4	85	1163	160	160
F1076_4	M2414_4	85	1271	1085	1085
F1076_4	M2641_4	85	1222	1186	1186
F111_4	F1076_4	85	1274	1044	1044
F111_4	F1160_4	85	1277	612	612
F111_4	F1301_4	85	1352	339	339
F111_4	F2451_4	85	1355	821	821
F111_4	F2497_4	85	1289	1115	1115
F111_4	F906_4	85	1258	349	349
F111_4	M1649_4	85	1367	447	447
F111_4	M1945_4	85	1216	278	278
F111_4	M2118_4	85	1273	608	608
F111_4	M2128_4	85	1219	316	316
F111_4	M2313_4	85	1173	130	130
F111_4	M2414_4	85	1214	968	968
F111_4	M2641_4	85	1288	1232	1232
F1160_4	F1076_4	85	1268	768	768
F1160_4	F111_4	85	1277	889	889
F1160_4	F1301_4	85	1387	137	137
F1160_4	F2451_4	85	1217	358	358
F1160_4	F2497_4	85	1233	853	853
F1160_4	F906_4	85	1333	176	176
F1160_4	M1649_4	85	1327	214	214
F1160_4	M1945_4	85	1229	134	134
F1160_4	M2118_4	85	1340	316	316
F1160_4	M2128_4	85	1261	143	143
F1160_4	M2313_4	85	1296	46	46
F1160_4	M2414_4	85	1248	726	726
F1160_4	M2641_4	85	1268	1157	1157
F1301_4	F1076_4	85	1294	1063	1247
F1301_4	F111_4	85	1352	1193	1404
F1301_4	F1160_4	85	1387	776	934
F1301_4	F2451_4	85	1232	784	938
F1301_4	F2497_4	85	1364	1219	1442
F1301_4	F906_4	85	1143	316	375
F1301_4	M1649_4	85	1393	502	603
F1301_4	M1945_4	85	1298	350	427
F1301_4	M2118_4	85	1289	650	775
F1301_4	M2128_4	85	1335	421	522
F1301_4	M2313_4	85	1340	174	208
F1301_4	M2414_4	85	1210	1010	1188
F1301_4	M2641_4	85	1107	1071	1279
F2451_4	F1076_4	85	1343	993	993
F2451_4	F111_4	85	1355	1084	1084
F2451_4	F1160_4	85	1217	485	485
F2451_4	F1301_4	85	1232	230	230
F2451_4	F2497_4	85	1259	1053	1053
F2451_4	F906_4	85	1176	278	278
F2451_4	M1649_4	85	1186	294	294
F2451_4	M1945_4	85	1344	199	199
F2451_4	M2118_4	85	1352	531	531
F2451_4	M2128_4	85	1246	238	238
F2451_4	M2313_4	85	1144	82	82
F2451_4	M2414_4	85	1234	897	897
F2451_4	M2641_4	85	1115	1052	1052
F2497_4	F1076_4	85	1198	1178	3126
F2497_4	F111_4	85	1289	1284	3489
F2497_4	F1160_4	85	1233	1167	3132
F2497_4	F1301_4	85	1364	1190	3136
F2497_4	F2451_4	85	1259	1182	3136
F2497_4	F906_4	85	1273	1134	3023
F2497_4	M1649_4	85	1185	1082	2755
F2497_4	M1945_4	85	1250	1060	2839
F2497_4	M2118_4	85	1347	1276	3454
F2497_4	M2128_4	85	1304	1130	2976
F2497_4	M2313_4	85	1298	897	2330
F2497_4	M2414_4	85	1184	1176	3136
F2497_4	M2641_4	85	1212	1210	3228
F906_4	F1076_4	85	1284	1103	2269
F906_4	F111_4	85	1258	1094	2188
F906_4	F1160_4	85	1333	693	1469
F906_4	F1301_4	85	1143	300	620
F906_4	F2451_4	85	1176	717	1446
F906_4	F2497_4	85	1273	1129	2312
F906_4	M1649_4	85	1340	476	988
F906_4	M1945_4	85	1333	334	679
F906_4	M2118_4	85	1236	656	1370
F906_4	M2128_4	85	1324	416	836
F906_4	M2313_4	85	1375	171	347
F906_4	M2414_4	85	1317	1058	2173
F906_4	M2641_4	85	1278	1231	2507
M1649_4	F1076_4	85	1193	730	909
M1649_4	F111_4	85	1367	952	1161
M1649_4	F1160_4	85	1327	341	426
M1649_4	F1301_4	85	1393	149	185
M1649_4	F2451_4	85	1186	382	471
M1649_4	F2497_4	85	1185	856	1059
M1649_4	F906_4	85	1340	170	214
M1649_4	M1945_4	85	1237	108	141
M1649_4	M2118_4	85	1283	328	387
M1649_4	M2128_4	85	1362	152	182
M1649_4	M2313_4	85	1277	50	57
M1649_4	M2414_4	85	1245	766	947
M1649_4	M2641_4	85	1236	1118	1381
M1945_4	F1076_4	85	1199	907	2054
M1945_4	F111_4	85	1216	1003	2322
M1945_4	F1160_4	85	1229	545	1273
M1945_4	F1301_4	85	1298	275	642
M1945_4	F2451_4	85	1344	702	1572
M1945_4	F2497_4	85	1250	1047	2458
M1945_4	F906_4	85	1333	314	745
M1945_4	M1649_4	85	1237	332	787
M1945_4	M2118_4	85	1256	510	1134
M1945_4	M2128_4	85	1195	244	579
M1945_4	M2313_4	85	1227	100	236
M1945_4	M2414_4	85	1078	818	1854
M1945_4	M2641_4	85	1340	1281	2987
M2118_4	F1076_4	85	1317	1173	1173
M2118_4	F111_4	85	1273	1177	1177
M2118_4	F1160_4	85	1340	873	873
M2118_4	F1301_4	85	1289	499	499
M2118_4	F2451_4	85	1352	1005	1005
M2118_4	F2497_4	85	1347	1242	1242
M2118_4	F906_4	85	1236	557	557
M2118_4	M1649_4	85	1283	612	612
M2118_4	M1945_4	85	1256	482	482
M2118_4	M2128_4	85	1218	491	491
M2118_4	M2313_4	85	1339	250	250
M2118_4	M2414_4	85	1184	1045	1045
M2118_4	M2641_4	85	1258	1235	1235
M2128_4	F1076_4	85	1350	963	963
M2128_4	F111_4	85	1219	964	964
M2128_4	F1160_4	85	1261	433	433
M2128_4	F1301_4	85	1335	234	234
M2128_4	F2451_4	85	1246	554	554
M2128_4	F2497_4	85	1304	1058	1058
M2128_4	F906_4	85	1324	282	282
M2128_4	M1649_4	85	1362	299	299
M2128_4	M1945_4	85	1195	167	167
M2128_4	M2118_4	85	1218	401	401
M2128_4	M2313_4	85	1096	71	71
M2128_4	M2414_4	85	1167	808	808
M2128_4	M2641_4	85	1197	1119	1119
M2313_4	F1076_4	85	1163	891	1598
M2313_4	F111_4	85	1173	961	1691
M2313_4	F1160_4	85	1296	547	944
M2313_4	F1301_4	85	1340	264	461
M2313_4	F2451_4	85	1144	595	1048
M2313_4	F2497_4	85	1298	1094	1968
M2313_4	F906_4	85	1375	343	621
M2313_4	M1649_4	85	1277	321	602
M2313_4	M1945_4	85	1227	222	377
M2313_4	M2118_4	85	1339	546	986
M2313_4	M2128_4	85	1096	269	478
M2313_4	M2414_4	85	1204	908	1629
M2313_4	M2641_4	85	1151	1101	1989
M2414_4	F1076_4	85	1271	1178	1178
M2414_4	F111_4	85	1214	1152	1152
M2414_4	F1160_4	85	1248	927	927
M2414_4	F1301_4	85	1210	639	639
M2414_4	F2451_4	85	1234	1009	1009
M2414_4	F2497_4	85	1184	1130	1130
M2414_4	F906_4	85	1317	705	705
M2414_4	M1649_4	85	1245	757	757
M2414_4	M1945_4	85	1078	532	532
M2414_4	M2118_4	85	1184	859	859
M2414_4	M2128_4	85	1167	602	602
M2414_4	M2313_4	85	1204	280	280
M2414_4	M2641_4	85	1296	1277	1277
M2641_4	F1076_4	85	1222	1123	1123
M2641_4	F111_4	85	1288	1205	1205
M2641_4	F1160_4	85	1268	898	898
M2641_4	F1301_4	85	1107	492	492
M2641_4	F2451_4	85	1115	853	853
M2641_4	F2497_4	85	1212	1130	1130
M2641_4	F906_4	85	1278	657	657
M2641_4	M1649_4	85	1236	674	674
M2641_4	M1945_4	85	1340	590	590
M2641_4	M2118_4	85	1258	886	886
M2641_4	M2128_4	85	1197	585	585
M2641_4	M2313_4	85	1151	270	270
M2641_4	M2414_4	85	1296	1183	1183
F1290_4	F1804_4	86	1396	1294	2518
F1290_4	F492_4	86	1316	1079	2138
F1290_4	F59_4	86	1312	754	1512
F1290_4	F734_4	86	1194	1058	2129
F1290_4	M1262_4	86	1340	1142	2250
F1290_4	M1267_4	86	1188	1077	2132
F1290_4	M1415_4	86	1298	181	354
F1290_4	M19_4	86	1245	901	1831
F1290_4	M2003_4	86	1224	1072	2093
F1290_4	M2114_4	86	1150	950	1870
F1290_4	M2495_4	86	1302	865	1708
F1290_4	M282_4	86	1258	334	656
F1290_4	M770_4	86	1208	533	1044
F1804_4	F1290_4	86	1396	1279	1557
F1804_4	F492_4	86	1308	1187	1463
F1804_4	F59_4	86	1243	917	1107
F1804_4	F734_4	86	1329	1265	1549
F1804_4	M1262_4	86	1268	1171	1461
F1804_4	M1267_4	86	1312	1255	1546
F1804_4	M1415_4	86	1261	418	518
F1804_4	M19_4	86	1287	1127	1375
F1804_4	M2003_4	86	1138	1079	1315
F1804_4	M2114_4	86	1406	1316	1655
F1804_4	M2495_4	86	1214	1000	1253
F1804_4	M282_4	86	1425	696	888
F1804_4	M770_4	86	1213	808	1005
F492_4	F1290_4	86	1316	717	742
F492_4	F1804_4	86	1308	993	1023
F492_4	F59_4	86	1278	334	345
F492_4	F734_4	86	1253	853	885
F492_4	M1262_4	86	1165	742	770
F492_4	M1267_4	86	1298	889	924
F492_4	M1415_4	86	1230	59	61
F492_4	M19_4	86	1233	498	516
F492_4	M2003_4	86	1229	791	817
F492_4	M2114_4	86	1321	777	804
F492_4	M2495_4	86	1391	417	429
F492_4	M282_4	86	1330	127	129
F492_4	M770_4	86	1184	196	205
F59_4	F1290_4	86	1312	458	867
F59_4	F1804_4	86	1243	713	1359
F59_4	F492_4	86	1278	446	896
F59_4	F734_4	86	1288	658	1300
F59_4	M1262_4	86	1378	571	1167
F59_4	M1267_4	86	1206	638	1307
F59_4	M1415_4	86	1149	25	45
F59_4	M19_4	86	1295	336	652
F59_4	M2003_4	86	1228	555	1110
F59_4	M2114_4	86	1324	488	960
F59_4	M2495_4	86	1163	192	375
F59_4	M282_4	86	1138	42	82
F59_4	M770_4	86	1138	92	192
F734_4	F1290_4	86	1194	634	634
F734_4	F1804_4	86	1329	984	984
F734_4	F492_4	86	1253	700	700
F734_4	F59_4	86	1288	300	300
F734_4	M1262_4	86	1278	763	763
F734_4	M1267_4	86	1470	1032	1032
F734_4	M1415_4	86	1264	51	51
F734_4	M19_4	86	1445	597	597
F734_4	M2003_4	86	1209	751	751
F734_4	M2114_4	86	1327	727	727
F734_4	M2495_4	86	1224	401	401
F734_4	M282_4	86	1387	117	117
F734_4	M770_4	86	1364	245	245
M1262_4	F1290_4	86	1340	193	193
M1262_4	F1804_4	86	1268	387	387
M1262_4	F492_4	86	1165	203	203
M1262_4	F59_4	86	1378	54	54
M1262_4	F734_4	86	1278	330	330
M1262_4	M1267_4	86	1342	392	392
M1262_4	M1415_4	86	1451	6	6
M1262_4	M19_4	86	1283	129	129
M1262_4	M2003_4	86	1240	289	289
M1262_4	M2114_4	86	1279	214	214
M1262_4	M2495_4	86	1224	82	82
M1262_4	M282_4	86	1356	15	15
M1262_4	M770_4	86	1296	57	57
M1267_4	F1290_4	86	1188	1072	1072
M1267_4	F1804_4	86	1312	1262	1262
M1267_4	F492_4	86	1298	1177	1177
M1267_4	F59_4	86	1206	863	863
M1267_4	F734_4	86	1470	1397	1397
M1267_4	M1262_4	86	1342	1230	1230
M1267_4	M1415_4	86	1284	366	366
M1267_4	M19_4	86	1284	1106	1106
M1267_4	M2003_4	86	1344	1252	1252
M1267_4	M2114_4	86	1240	1141	1141
M1267_4	M2495_4	86	1151	891	891
M1267_4	M282_4	86	1174	519	519
M1267_4	M770_4	86	1237	789	789
M1415_4	F1290_4	86	1298	1254	4510
M1415_4	F1804_4	86	1261	1245	4441
M1415_4	F492_4	86	1230	1196	4334
M1415_4	F59_4	86	1149	1054	3845
M1415_4	F734_4	86	1264	1239	4510
M1415_4	M1262_4	86	1451	1420	5156
M1415_4	M1267_4	86	1284	1272	4683
M1415_4	M19_4	86	1349	1287	4637
M1415_4	M2003_4	86	1246	1222	4512
M1415_4	M2114_4	86	1171	1141	4163
M1415_4	M2495_4	86	1260	1191	4360
M1415_4	M282_4	86	1219	933	3304
M1415_4	M770_4	86	1485	1287	4663
M19_4	F1290_4	86	1245	689	689
M19_4	F1804_4	86	1287	951	951
M19_4	F492_4	86	1233	658	658
M19_4	F59_4	86	1295	301	301
M19_4	F734_4	86	1445	970	970
M19_4	M1262_4	86	1283	783	783
M19_4	M1267_4	86	1284	871	871
M19_4	M1415_4	86	1349	67	67
M19_4	M2003_4	86	1291	787	787
M19_4	M2114_4	86	1403	761	761
M19_4	M2495_4	86	1214	362	362
M19_4	M282_4	86	1165	91	91
M19_4	M770_4	86	1313	211	211
M2003_4	F1290_4	86	1224	1011	1011
M2003_4	F1804_4	86	1138	1051	1051
M2003_4	F492_4	86	1229	1039	1039
M2003_4	F59_4	86	1228	704	704
M2003_4	F734_4	86	1209	1082	1082
M2003_4	M1262_4	86	1240	1055	1055
M2003_4	M1267_4	86	1344	1221	1221
M2003_4	M1415_4	86	1246	208	208
M2003_4	M19_4	86	1291	958	958
M2003_4	M2114_4	86	1262	1070	1070
M2003_4	M2495_4	86	1385	905	905
M2003_4	M282_4	86	1261	350	350
M2003_4	M770_4	86	1206	543	543
M2114_4	F1290_4	86	1150	403	856
M2114_4	F1804_4	86	1406	772	1711
M2114_4	F492_4	86	1321	476	1057
M2114_4	F59_4	86	1324	181	397
M2114_4	F734_4	86	1327	690	1516
M2114_4	M1262_4	86	1279	537	1169
M2114_4	M1267_4	86	1240	658	1393
M2114_4	M1415_4	86	1171	37	75
M2114_4	M19_4	86	1403	358	789
M2114_4	M2003_4	86	1262	557	1171
M2114_4	M2495_4	86	1265	244	534
M2114_4	M282_4	86	1120	57	112
M2114_4	M770_4	86	1288	101	209
M2495_4	F1290_4	86	1302	956	1199
M2495_4	F1804_4	86	1214	1074	1341
M2495_4	F492_4	86	1391	1047	1335
M2495_4	F59_4	86	1163	537	680
M2495_4	F734_4	86	1224	1054	1325
M2495_4	M1262_4	86	1224	981	1212
M2495_4	M1267_4	86	1151	987	1223
M2495_4	M1415_4	86	1260	132	164
M2495_4	M19_4	86	1214	778	948
M2495_4	M2003_4	86	1385	1139	1404
M2495_4	M2114_4	86	1265	970	1221
M2495_4	M282_4	86	1183	232	285
M2495_4	M770_4	86	1260	423	520
M282_4	F1290_4	86	1258	547	745
M282_4	F1804_4	86	1425	908	1230
M282_4	F492_4	86	1330	572	763
M282_4	F59_4	86	1138	199	268
M282_4	F734_4	86	1387	786	1080
M282_4	M1262_4	86	1356	677	926
M282_4	M1267_4	86	1174	728	960
M282_4	M1415_4	86	1219	35	53
M282_4	M19_4	86	1165	375	503
M282_4	M2003_4	86	1261	663	887
M282_4	M2114_4	86	1120	511	698
M282_4	M2495_4	86	1183	266	389
M282_4	M770_4	86	1211	144	199
M770_4	F1290_4	86	1208	414	962
M770_4	F1804_4	86	1213	679	1684
M770_4	F492_4	86	1184	450	1123
M770_4	F59_4	86	1138	150	346
M770_4	F734_4	86	1364	645	1600
M770_4	M1262_4	86	1296	519	1282
M770_4	M1267_4	86	1237	635	1547
M770_4	M1415_4	86	1485	36	91
M770_4	M19_4	86	1313	319	752
M770_4	M2003_4	86	1206	538	1347
M770_4	M2114_4	86	1288	496	1214
M770_4	M2495_4	86	1260	224	508
M770_4	M282_4	86	1211	66	173
F1720_4	F193_4	87	1282	89	89
F1720_4	F553_4	87	1285	437	437
F1720_4	F863_4	87	1282	1030	1030
F1720_4	M1202_4	87	1170	360	360
F1720_4	M1420_4	87	1231	956	956
F1720_4	M1501_4	87	1426	426	426
F1720_4	M1774_4	87	1224	1069	1069
F1720_4	M1858_4	87	1180	180	180
F1720_4	M2342_4	87	1219	1183	1183
F1720_4	M414_4	87	1393	1151	1151
F1720_4	M692_4	87	1337	1014	1014
F1720_4	M702_4	87	1184	499	499
F1720_4	M760_4	87	1281	153	153
F193_4	F1720_4	87	1282	654	1577
F193_4	F553_4	87	1129	711	1714
F193_4	F863_4	87	1327	1219	2921
F193_4	M1202_4	87	1254	720	1719
F193_4	M1420_4	87	1258	1162	2809
F193_4	M1501_4	87	1236	699	1656
F193_4	M1774_4	87	1192	1124	2738
F193_4	M1858_4	87	1338	461	1105
F193_4	M2342_4	87	1202	1189	2866
F193_4	M414_4	87	1134	1060	2540
F193_4	M692_4	87	1371	1231	2903
F193_4	M702_4	87	1225	808	1934
F193_4	M760_4	87	1130	300	712
F553_4	F1720_4	87	1285	155	643
F553_4	F193_4	87	1129	36	137
F553_4	F863_4	87	1187	698	2996
F553_4	M1202_4	87	1063	158	676
F553_4	M1420_4	87	1201	671	2908
F553_4	M1501_4	87	1243	163	697
F553_4	M1774_4	87	1401	955	4131
F553_4	M1858_4	87	1117	70	282
F553_4	M2342_4	87	1100	998	4293
F553_4	M414_4	87	1209	774	3326
F553_4	M692_4	87	1159	627	2678
F553_4	M702_4	87	1276	247	1066
F553_4	M760_4	87	1308	56	227
F863_4	F1720_4	87	1282	54	115
F863_4	F193_4	87	1327	4	12
F863_4	F553_4	87	1187	48	101
F863_4	M1202_4	87	1132	53	98
F863_4	M1420_4	87	1403	338	674
F863_4	M1501_4	87	1293	50	117
F863_4	M1774_4	87	1223	412	859
F863_4	M1858_4	87	1346	27	60
F863_4	M2342_4	87	1217	887	1779
F863_4	M414_4	87	1250	368	726
F863_4	M692_4	87	1231	270	535
F863_4	M702_4	87	1190	75	158
F863_4	M760_4	87	1357	11	25
M1202_4	F1720_4	87	1170	324	608
M1202_4	F193_4	87	1254	92	163
M1202_4	F553_4	87	1063	329	642
M1202_4	F863_4	87	1132	891	1675
M1202_4	M1420_4	87	1335	1070	1988
M1202_4	M1501_4	87	1223	405	749
M1202_4	M1774_4	87	1227	1049	1936
M1202_4	M1858_4	87	1275	181	333
M1202_4	M2342_4	87	1206	1153	2164
M1202_4	M414_4	87	1120	917	1685
M1202_4	M692_4	87	1278	996	1837
M1202_4	M702_4	87	1245	496	912
M1202_4	M760_4	87	1221	142	277
M1420_4	F1720_4	87	1231	92	120
M1420_4	F193_4	87	1258	25	30
M1420_4	F553_4	87	1201	110	140
M1420_4	F863_4	87	1403	606	733
M1420_4	M1202_4	87	1335	117	143
M1420_4	M1501_4	87	1295	97	117
M1420_4	M1774_4	87	1164	608	743
M1420_4	M1858_4	87	1216	49	62
M1420_4	M2342_4	87	1400	1205	1490
M1420_4	M414_4	87	1258	607	772
M1420_4	M692_4	87	1276	496	613
M1420_4	M702_4	87	1354	152	187
M1420_4	M760_4	87	1233	35	45
M1501_4	F1720_4	87	1426	1126	1126
M1501_4	F193_4	87	1236	530	530
M1501_4	F553_4	87	1243	1045	1045
M1501_4	F863_4	87	1293	1253	1253
M1501_4	M1202_4	87	1223	1013	1013
M1501_4	M1420_4	87	1295	1262	1262
M1501_4	M1774_4	87	1192	1168	1168
M1501_4	M1858_4	87	1230	805	805
M1501_4	M2342_4	87	1301	1298	1298
M1501_4	M414_4	87	1366	1333	1333
M1501_4	M692_4	87	1299	1252	1252
M1501_4	M702_4	87	1209	1046	1046
M1501_4	M760_4	87	1252	704	704
M1774_4	F1720_4	87	1224	162	670
M1774_4	F193_4	87	1192	23	102
M1774_4	F553_4	87	1401	260	1083
M1774_4	F863_4	87	1223	738	3033
M1774_4	M1202_4	87	1227	206	840
M1774_4	M1420_4	87	1164	714	3015
M1774_4	M1501_4	87	1192	202	816
M1774_4	M1858_4	87	1296	81	373
M1774_4	M2342_4	87	1066	991	4151
M1774_4	M414_4	87	1309	871	3691
M1774_4	M692_4	87	1247	694	2929
M1774_4	M702_4	87	1192	242	1001
M1774_4	M760_4	87	1164	55	232
M1858_4	F1720_4	87	1180	653	1094
M1858_4	F193_4	87	1338	255	433
M1858_4	F553_4	87	1117	699	1217
M1858_4	F863_4	87	1346	1257	2227
M1858_4	M1202_4	87	1275	776	1355
M1858_4	M1420_4	87	1216	1117	1980
M1858_4	M1501_4	87	1230	706	1239
M1858_4	M1774_4	87	1296	1224	2169
M1858_4	M2342_4	87	1099	1086	1860
M1858_4	M414_4	87	1275	1194	2054
M1858_4	M692_4	87	1169	1079	1865
M1858_4	M702_4	87	1388	960	1673
M1858_4	M760_4	87	1326	415	740
M2342_4	F1720_4	87	1219	495	495
M2342_4	F193_4	87	1202	157	157
M2342_4	F553_4	87	1100	552	552
M2342_4	F863_4	87	1217	1069	1069
M2342_4	M1202_4	87	1206	543	543
M2342_4	M1420_4	87	1400	1219	1219
M2342_4	M1501_4	87	1301	620	620
M2342_4	M1774_4	87	1066	984	984
M2342_4	M1858_4	87	1099	247	247
M2342_4	M414_4	87	1142	1023	1023
M2342_4	M692_4	87	1286	1112	1112
M2342_4	M702_4	87	1400	801	801
M2342_4	M760_4	87	1142	210	210
M414_4	F1720_4	87	1393	45	79
M414_4	F193_4	87	1134	9	15
M414_4	F553_4	87	1209	65	110
M414_4	F863_4	87	1250	387	616
M414_4	M1202_4	87	1120	58	106
M414_4	M1420_4	87	1258	353	588
M414_4	M1501_4	87	1366	63	108
M414_4	M1774_4	87	1309	517	886
M414_4	M1858_4	87	1275	22	34
M414_4	M2342_4	87	1142	849	1393
M414_4	M692_4	87	1278	330	558
M414_4	M702_4	87	1332	78	137
M414_4	M760_4	87	1313	14	23
M692_4	F1720_4	87	1337	870	870
M692_4	F193_4	87	1371	384	384
M692_4	F553_4	87	1159	836	836
M692_4	F863_4	87	1231	1181	1181
M692_4	M1202_4	87	1278	882	882
M692_4	M1420_4	87	1276	1216	1216
M692_4	M1501_4	87	1299	899	899
M692_4	M1774_4	87	1247	1204	1204
M692_4	M1858_4	87	1169	548	548
M692_4	M2342_4	87	1286	1277	1277
M692_4	M414_4	87	1278	1221	1221
M692_4	M702_4	87	1197	915	915
M692_4	M760_4	87	1269	482	482
M702_4	F1720_4	87	1184	887	3270
M702_4	F193_4	87	1225	460	1653
M702_4	F553_4	87	1276	1047	3709
M702_4	F863_4	87	1190	1157	4204
M702_4	M1202_4	87	1245	997	3706
M702_4	M1420_4	87	1354	1306	4816
M702_4	M1501_4	87	1209	961	3541
M702_4	M1774_4	87	1192	1167	4356
M702_4	M1858_4	87	1388	829	3099
M702_4	M2342_4	87	1400	1392	5055
M702_4	M414_4	87	1332	1291	4871
M702_4	M692_4	87	1197	1154	4217
M702_4	M760_4	87	1234	589	2126
M760_4	F1720_4	87	1281	319	478
M760_4	F193_4	87	1130	62	91
M760_4	F553_4	87	1308	392	568
M760_4	F863_4	87	1357	1033	1513
M760_4	M1202_4	87	1221	341	498
M760_4	M1420_4	87	1233	980	1421
M760_4	M1501_4	87	1252	340	499
M760_4	M1774_4	87	1164	968	1427
M760_4	M1858_4	87	1326	175	260
M760_4	M2342_4	87	1142	1097	1641
M760_4	M414_4	87	1313	1031	1522
M760_4	M692_4	87	1269	934	1375
M760_4	M702_4	87	1234	416	603
F1099_4	F1278_4	88	1141	954	954
F1099_4	F2005_4	88	1232	665	665
F1099_4	F2283_4	88	1281	638	638
F1099_4	M1366_4	88	1318	892	892
F1099_4	M1463_4	88	1227	70	70
F1099_4	M1482_4	88	1398	319	319
F1099_4	M2107_4	88	1252	237	237
F1099_4	M2540_4	88	1275	973	973
F1099_4	M385_4	88	1284	46	46
F1099_4	M603_4	88	1055	927	927
F1099_4	M71_4	88	1167	105	105
F1099_4	M771_4	88	1321	1044	1044
F1099_4	M873_4	88	1313	938	938
F1278_4	F1099_4	88	1141	420	420
F1278_4	F2005_4	88	1390	1328	1328
F1278_4	F2283_4	88	1180	1107	1107
F1278_4	M1366_4	88	1160	1128	1128
F1278_4	M1463_4	88	1352	709	709
F1278_4	M1482_4	88	1267	1032	1032
F1278_4	M2107_4	88	1327	1035	1035
F1278_4	M2540_4	88	1418	1392	1392
F1278_4	M385_4	88	1142	465	465
F1278_4	M603_4	88	1219	1204	1204
F1278_4	M71_4	88	1358	851	851
F1278_4	M771_4	88	1129	1110	1110
F1278_4	M873_4	88	1360	1334	1334
F2005_4	F1099_4	88	1232	712	712
F2005_4	F1278_4	88	1390	1380	1380
F2005_4	F2283_4	88	1339	1304	1304
F2005_4	M1366_4	88	1302	1288	1288
F2005_4	M1463_4	88	1341	1009	1009
F2005_4	M1482_4	88	1262	1156	1156
F2005_4	M2107_4	88	1111	1015	1015
F2005_4	M2540_4	88	1203	1193	1193
F2005_4	M385_4	88	1291	775	775
F2005_4	M603_4	88	1249	1247	1247
F2005_4	M71_4	88	1260	983	983
F2005_4	M771_4	88	1250	1240	1240
F2005_4	M873_4	88	1293	1274	1274
F2283_4	F1099_4	88	1281	73	268
F2283_4	F1278_4	88	1180	1066	3870
F2283_4	F2005_4	88	1339	957	3490
F2283_4	M1366_4	88	1293	1047	3726
F2283_4	M1463_4	88	1242	172	605
F2283_4	M1482_4	88	1379	507	1752
F2283_4	M2107_4	88	1267	379	1328
F2283_4	M2540_4	88	1281	1101	4001
F2283_4	M385_4	88	1184	81	283
F2283_4	M603_4	88	1244	1146	4105
F2283_4	M71_4	88	1181	192	704
F2283_4	M771_4	88	1277	1099	3959
F2283_4	M873_4	88	1148	960	3446
M1366_4	F1099_4	88	1318	17	17
M1366_4	F1278_4	88	1160	773	773
M1366_4	F2005_4	88	1302	407	407
M1366_4	F2283_4	88	1293	356	356
M1366_4	M1463_4	88	1220	37	37
M1366_4	M1482_4	88	1155	131	131
M1366_4	M2107_4	88	1279	96	96
M1366_4	M2540_4	88	1254	745	745
M1366_4	M385_4	88	1157	10	10
M1366_4	M603_4	88	1264	885	885
M1366_4	M71_4	88	1223	32	32
M1366_4	M771_4	88	1316	787	787
M1366_4	M873_4	88	1267	587	587
M1463_4	F1099_4	88	1227	924	924
M1463_4	F1278_4	88	1352	1348	1348
M1463_4	F2005_4	88	1341	1330	1330
M1463_4	F2283_4	88	1242	1225	1225
M1463_4	M1366_4	88	1220	1213	1213
M1463_4	M1482_4	88	1429	1386	1386
M1463_4	M2107_4	88	1276	1218	1218
M1463_4	M2540_4	88	1243	1240	1240
M1463_4	M385_4	88	1175	897	897
M1463_4	M603_4	88	1288	1288	1288
M1463_4	M71_4	88	1346	1233	1233
M1463_4	M771_4	88	1360	1356	1356
M1463_4	M873_4	88	1228	1222	1222
M1482_4	F1099_4	88	1398	1096	2305
M1482_4	F1278_4	88	1267	1265	2705
M1482_4	F2005_4	88	1262	1250	2586
M1482_4	F2283_4	88	1379	1370	2835
M1482_4	M1366_4	88	1155	1147	2411
M1482_4	M1463_4	88	1429	1267	2711
M1482_4	M2107_4	88	1180	1144	2361
M1482_4	M2540_4	88	1201	1200	2506
M1482_4	M385_4	88	1236	999	2134
M1482_4	M603_4	88	1262	1261	2646
M1482_4	M71_4	88	1260	1148	2406
M1482_4	M771_4	88	1181	1178	2437
M1482_4	M873_4	88	1243	1237	2527
M2107_4	F1099_4	88	1252	3	3
M2107_4	F1278_4	88	1327	516	516
M2107_4	F2005_4	88	1111	153	153
M2107_4	F2283_4	88	1267	133	133
M2107_4	M1366_4	88	1279	230	230
M2107_4	M1463_4	88	1276	7	7
M2107_4	M1482_4	88	1180	47	47
M2107_4	M2540_4	88	1164	319	319
M2107_4	M385_4	88	1366	6	6
M2107_4	M603_4	88	1157	528	528
M2107_4	M71_4	88	1296	13	13
M2107_4	M771_4	88	1124	319	319
M2107_4	M873_4	88	1262	268	268
M2540_4	F1099_4	88	1275	593	1568
M2540_4	F1278_4	88	1418	1406	3618
M2540_4	F2005_4	88	1203	1158	2932
M2540_4	F2283_4	88	1281	1234	3264
M2540_4	M1366_4	88	1254	1235	3150
M2540_4	M1463_4	88	1243	771	1980
M2540_4	M1482_4	88	1201	1087	2835
M2540_4	M2107_4	88	1164	974	2534
M2540_4	M385_4	88	1364	709	1792
M2540_4	M603_4	88	1373	1363	3574
M2540_4	M71_4	88	1219	870	2240
M2540_4	M771_4	88	1166	1152	2974
M2540_4	M873_4	88	1325	1296	3339
M385_4	F1099_4	88	1284	32	32
M385_4	F1278_4	88	1142	888	888
M385_4	F2005_4	88	1291	571	571
M385_4	F2283_4	88	1184	489	489
M385_4	M1366_4	88	1157	712	712
M385_4	M1463_4	88	1175	73	73
M385_4	M1482_4	88	1236	237	237
M385_4	M2107_4	88	1366	182	182
M385_4	M2540_4	88	1364	964	964
M385_4	M603_4	88	1389	1149	1149
M385_4	M71_4	88	1134	85	85
M385_4	M771_4	88	1263	889	889
M385_4	M873_4	88	1480	876	876
M603_4	F1099_4	88	1055	48	109
M603_4	F1278_4	88	1219	1074	2585
M603_4	F2005_4	88	1249	799	1930
M603_4	F2283_4	88	1244	702	1712
M603_4	M1366_4	88	1264	957	2295
M603_4	M1463_4	88	1288	110	276
M603_4	M1482_4	88	1262	353	837
M603_4	M2107_4	88	1157	256	616
M603_4	M2540_4	88	1373	1142	2717
M603_4	M385_4	88	1389	65	144
M603_4	M71_4	88	1192	140	311
M603_4	M771_4	88	1330	1097	2665
M603_4	M873_4	88	1014	759	1807
M71_4	F1099_4	88	1167	26	26
M71_4	F1278_4	88	1358	1076	1076
M71_4	F2005_4	88	1260	646	646
M71_4	F2283_4	88	1181	506	506
M71_4	M1366_4	88	1223	787	787
M71_4	M1463_4	88	1346	76	76
M71_4	M1482_4	88	1260	268	268
M71_4	M2107_4	88	1296	203	203
M71_4	M2540_4	88	1219	898	898
M71_4	M385_4	88	1134	31	31
M71_4	M603_4	88	1192	987	987
M71_4	M771_4	88	1291	954	954
M71_4	M873_4	88	1267	819	819
M771_4	F1099_4	88	1321	473	486
M771_4	F1278_4	88	1129	1113	1142
M771_4	F2005_4	88	1250	1197	1249
M771_4	F2283_4	88	1277	1225	1255
M771_4	M1366_4	88	1316	1275	1319
M771_4	M1463_4	88	1360	742	750
M771_4	M1482_4	88	1181	997	1032
M771_4	M2107_4	88	1124	891	913
M771_4	M2540_4	88	1166	1152	1190
M771_4	M385_4	88	1263	479	493
M771_4	M603_4	88	1330	1320	1365
M771_4	M71_4	88	1291	807	837
M771_4	M873_4	88	1353	1329	1367
M873_4	F1099_4	88	1313	101	101
M873_4	F1278_4	88	1360	1241	1241
M873_4	F2005_4	88	1293	960	960
M873_4	F2283_4	88	1148	820	820
M873_4	M1366_4	88	1267	1040	1040
M873_4	M1463_4	88	1228	166	166
M873_4	M1482_4	88	1243	516	516
M873_4	M2107_4	88	1262	415	415
M873_4	M2540_4	88	1325	1200	1200
M873_4	M385_4	88	1480	119	119
M873_4	M603_4	88	1014	946	946
M873_4	M71_4	88	1267	231	231
M873_4	M771_4	88	1353	1203	1203
F1153_4	F1241_4	89	1249	207	650
F1153_4	F1425_4	89	1243	923	2941
F1153_4	F1849_4	89	1235	138	484
F1153_4	F2102_4	89	1385	894	2854
F1153_4	F2652_4	89	1473	257	824
F1153_4	F463_4	89	1060	103	346
F1153_4	M1910_4	89	1204	127	395
F1153_4	M1927_4	89	1343	915	2899
F1153_4	M2110_4	89	1202	457	1457
F1153_4	M286_4	89	1291	56	173
F1153_4	M643_4	89	1225	380	1203
F1153_4	M754_4	89	1381	735	2290
F1153_4	M975_4	89	1153	583	1870
F1241_4	F1153_4	89	1249	1052	1225
F1241_4	F1425_4	89	1255	1243	1449
F1241_4	F1849_4	89	1293	1096	1263
F1241_4	F2102_4	89	1206	1187	1383
F1241_4	F2652_4	89	1241	1113	1309
F1241_4	F463_4	89	1311	1081	1240
F1241_4	M1910_4	89	1281	1089	1284
F1241_4	M1927_4	89	1290	1276	1492
F1241_4	M2110_4	89	1375	1331	1548
F1241_4	M286_4	89	1371	887	1028
F1241_4	M643_4	89	1142	1074	1251
F1241_4	M754_4	89	1242	1213	1398
F1241_4	M975_4	89	1294	1261	1477
F1425_4	F1153_4	89	1243	185	185
F1425_4	F1241_4	89	1255	323	323
F1425_4	F1849_4	89	1262	188	188
F1425_4	F2102_4	89	1366	1052	1052
F1425_4	F2652_4	89	1268	343	343
F1425_4	F463_4	89	1295	193	193
F1425_4	M1910_4	89	1430	260	260
F1425_4	M1927_4	89	1265	981	981
F1425_4	M2110_4	89	1214	652	652
F1425_4	M286_4	89	1197	80	80
F1425_4	M643_4	89	1287	567	567
F1425_4	M754_4	89	1226	805	805
F1425_4	M975_4	89	1272	839	839
F1849_4	F1153_4	89	1235	659	2126
F1849_4	F1241_4	89	1293	908	2944
F1849_4	F1425_4	89	1262	1231	4019
F1849_4	F2102_4	89	1252	1198	3869
F1849_4	F2652_4	89	1397	976	3086
F1849_4	F463_4	89	1284	674	2128
F1849_4	M1910_4	89	1202	668	2074
F1849_4	M1927_4	89	1278	1226	3897
F1849_4	M2110_4	89	1226	1073	3432
F1849_4	M286_4	89	1316	434	1372
F1849_4	M643_4	89	1221	1000	3230
F1849_4	M754_4	89	1171	1091	3548
F1849_4	M975_4	89	1244	1144	3709
F2102_4	F1153_4	89	1385	357	357
F2102_4	F1241_4	89	1206	459	459
F2102_4	F1425_4	89	1366	1243	1243
F2102_4	F1849_4	89	1252	292	292
F2102_4	F2652_4	89	1342	548	548
F2102_4	F463_4	89	1162	299	299
F2102_4	M1910_4	89	1289	358	358
F2102_4	M1927_4	89	1331	1164	1164
F2102_4	M2110_4	89	1294	889	889
F2102_4	M286_4	89	1274	140	140
F2102_4	M643_4	89	1185	685	685
F2102_4	M754_4	89	1311	1016	1016
F2102_4	M975_4	89	1288	974	974
F2652_4	F1153_4	89	1473	1211	3434
F2652_4	F1241_4	89	1241	1103	3145
F2652_4	F1425_4	89	1268	1253	3556
F2652_4	F1849_4	89	1397	1108	3113
F2652_4	F2102_4	89	1342	1317	3727
F2652_4	F463_4	89	1094	858	2390
F2652_4	M1910_4	89	1277	1016	2966
F2652_4	M1927_4	89	1377	1350	3856
F2652_4	M2110_4	89	1181	1139	3231
F2652_4	M286_4	89	1188	725	2032
F2652_4	M643_4	89	1221	1149	3289
F2652_4	M754_4	89	1265	1233	3567
F2652_4	M975_4	89	1240	1201	3364
F463_4	F1153_4	89	1060	233	233
F463_4	F1241_4	89	1311	477	477
F463_4	F1425_4	89	1295	1178	1178
F463_4	F1849_4	89	1284	288	288
F463_4	F2102_4	89	1162	979	979
F463_4	F2652_4	89	1094	369	369
F463_4	M1910_4	89	1150	240	240
F463_4	M1927_4	89	1147	959	959
F463_4	M2110_4	89	1143	703	703
F463_4	M286_4	89	1210	124	124
F463_4	M643_4	89	1293	691	691
F463_4	M754_4	89	1254	941	941
F463_4	M975_4	89	1158	861	861
M1910_4	F1153_4	89	1204	203	477
M1910_4	F1241_4	89	1281	373	937
M1910_4	F1425_4	89	1430	1227	3047
M1910_4	F1849_4	89	1202	236	581
M1910_4	F2102_4	89	1289	1008	2449
M1910_4	F2652_4	89	1277	396	983
M1910_4	F463_4	89	1150	199	497
M1910_4	M1927_4	89	1264	991	2475
M1910_4	M2110_4	89	1272	723	1755
M1910_4	M286_4	89	1101	80	204
M1910_4	M643_4	89	1265	534	1295
M1910_4	M754_4	89	1227	828	2065
M1910_4	M975_4	89	1207	795	1950
M1927_4	F1153_4	89	1343	970	1669
M1927_4	F1241_4	89	1290	1067	1779
M1927_4	F1425_4	89	1265	1247	2060
M1927_4	F1849_4	89	1278	920	1532
M1927_4	F2102_4	89	1331	1296	2158
M1927_4	F2652_4	89	1377	1148	1905
M1927_4	F463_4	89	1147	815	1341
M1927_4	M1910_4	89	1264	896	1422
M1927_4	M2110_4	89	1288	1184	1938
M1927_4	M286_4	89	1281	652	1073
M1927_4	M643_4	89	1236	1120	1872
M1927_4	M754_4	89	1400	1347	2218
M1927_4	M975_4	89	1190	1134	1855
M2110_4	F1153_4	89	1202	866	866
M2110_4	F1241_4	89	1375	1117	1117
M2110_4	F1425_4	89	1214	1196	1196
M2110_4	F1849_4	89	1226	865	865
M2110_4	F2102_4	89	1294	1260	1260
M2110_4	F2652_4	89	1181	982	982
M2110_4	F463_4	89	1143	795	795
M2110_4	M1910_4	89	1272	852	852
M2110_4	M1927_4	89	1288	1263	1263
M2110_4	M286_4	89	1188	594	594
M2110_4	M643_4	89	1272	1152	1152
M2110_4	M754_4	89	1206	1163	1163
M2110_4	M975_4	89	1251	1210	1210
M286_4	F1153_4	89	1291	290	290
M286_4	F1241_4	89	1371	481	481
M286_4	F1425_4	89	1197	1085	1085
M286_4	F1849_4	89	1316	274	274
M286_4	F2102_4	89	1274	1041	1041
M286_4	F2652_4	89	1188	393	393
M286_4	F463_4	89	1210	250	250
M286_4	M1910_4	89	1101	253	253
M286_4	M1927_4	89	1281	1088	1088
M286_4	M2110_4	89	1188	727	727
M286_4	M643_4	89	1193	609	609
M286_4	M754_4	89	1130	846	846
M286_4	M975_4	89	1303	948	948
M643_4	F1153_4	89	1225	178	178
M643_4	F1241_4	89	1142	327	327
M643_4	F1425_4	89	1287	1101	1101
M643_4	F1849_4	89	1221	186	186
M643_4	F2102_4	89	1185	898	898
M643_4	F2652_4	89	1221	323	323
M643_4	F463_4	89	1293	203	203
M643_4	M1910_4	89	1265	224	224
M643_4	M1927_4	89	1236	996	996
M643_4	M2110_4	89	1272	693	693
M643_4	M286_4	89	1193	91	91
M643_4	M754_4	89	1259	808	808
M643_4	M975_4	89	1177	763	763
M754_4	F1153_4	89	1381	82	238
M754_4	F1241_4	89	1242	139	383
M754_4	F1425_4	89	1226	802	2137
M754_4	F1849_4	89	1171	70	178
M754_4	F2102_4	89	1311	689	1877
M754_4	F2652_4	89	1265	131	337
M754_4	F463_4	89	1254	57	138
M754_4	M1910_4	89	1227	75	209
M754_4	M1927_4	89	1400	791	2123
M754_4	M2110_4	89	1206	361	944
M754_4	M286_4	89	1130	21	61
M754_4	M643_4	89	1259	278	756
M754_4	M975_4	89	1340	466	1228
M975_4	F1153_4	89	1153	93	122
M975_4	F1241_4	89	1294	177	241
M975_4	F1425_4	89	1272	905	1265
M975_4	F1849_4	89	1244	82	114
M975_4	F2102_4	89	1288	748	1041
M975_4	F2652_4	89	1240	165	216
M975_4	F463_4	89	1158	80	114
M975_4	M1910_4	89	1207	87	117
M975_4	M1927_4	89	1190	746	1045
M975_4	M2110_4	89	1251	406	554
M975_4	M286_4	89	1303	31	41
M975_4	M643_4	89	1177	282	398
M975_4	M754_4	89	1340	572	806
F1483_4	F1706_4	90	1318	1225	2968
F1483_4	F2387_4	90	1296	1242	3095
F1483_4	F2410_4	90	1186	1060	2654
F1483_4	F2460_4	90	1184	1181	2975
F1483_4	F388_4	90	1090	867	2170
F1483_4	F708_4	90	1209	759	1845
F1483_4	M1120_4	90	1220	928	2288
F1483_4	M1321_4	90	1390	384	976
F1483_4	M1818_4	90	1406	1382	3428
F1483_4	M21_4	90	1165	1161	2910
F1483_4	M2642_4	90	1249	1224	2953
F1483_4	M2695_4	90	1212	1037	2511
F1483_4	M37_4	90	1112	1072	2690
F1706_4	F1483_4	90	1318	31	61
F1706_4	F2387_4	90	1360	569	1198
F1706_4	F2410_4	90	1312	328	672
F1706_4	F2460_4	90	1286	1188	2537
F1706_4	F388_4	90	1255	178	387
F1706_4	F708_4	90	1186	67	158
F1706_4	M1120_4	90	1239	136	302
F1706_4	M1321_4	90	1377	20	43
F1706_4	M1818_4	90	1324	838	1803
F1706_4	M21_4	90	1301	1100	2284
F1706_4	M2642_4	90	1233	676	1406
F1706_4	M2695_4	90	1195	211	424
F1706_4	M37_4	90	1271	493	1027
F2387_4	F1483_4	90	1296	86	86
F2387_4	F1706_4	90	1360	755	755
F2387_4	F2410_4	90	1274	654	654
F2387_4	F2460_4	90	1305	1264	1264
F2387_4	F388_4	90	1330	370	370
F2387_4	F708_4	90	1402	202	202
F2387_4	M1120_4	90	1247	285	285
F2387_4	M1321_4	90	1176	50	50
F2387_4	M1818_4	90	1292	1042	1042
F2387_4	M21_4	90	1159	1084	1084
F2387_4	M2642_4	90	1237	934	934
F2387_4	M2695_4	90	1545	582	582
F2387_4	M37_4	90	1245	818	818
F2410_4	F1483_4	90	1186	179	179
F2410_4	F1706_4	90	1312	999	999
F2410_4	F2387_4	90	1274	1038	1038
F2410_4	F2460_4	90	1234	1224	1224
F2410_4	F388_4	90	1329	638	638
F2410_4	F708_4	90	1302	376	376
F2410_4	M1120_4	90	1113	481	481
F2410_4	M1321_4	90	1149	132	132
F2410_4	M1818_4	90	1333	1216	1216
F2410_4	M21_4	90	1314	1282	1282
F2410_4	M2642_4	90	1414	1273	1273
F2410_4	M2695_4	90	1327	778	778
F2410_4	M37_4	90	1300	1084	1084
F2460_4	F1483_4	90	1184	661	661
F2460_4	F1706_4	90	1286	1238	1238
F2460_4	F2387_4	90	1305	1263	1263
F2460_4	F2410_4	90	1234	1166	1166
F2460_4	F388_4	90	1237	1081	1081
F2460_4	F708_4	90	1317	983	983
F2460_4	M1120_4	90	1042	887	887
F2460_4	M1321_4	90	1307	531	531
F2460_4	M1818_4	90	1240	1225	1225
F2460_4	M21_4	90	1348	1341	1341
F2460_4	M2642_4	90	1206	1186	1186
F2460_4	M2695_4	90	1154	1050	1050
F2460_4	M37_4	90	1232	1187	1187
F388_4	F1483_4	90	1090	49	58
F388_4	F1706_4	90	1255	579	714
F388_4	F2387_4	90	1330	766	909
F388_4	F2410_4	90	1329	529	608
F388_4	F2460_4	90	1237	1189	1418
F388_4	F708_4	90	1279	113	130
F388_4	M1120_4	90	1231	215	252
F388_4	M1321_4	90	1240	30	35
F388_4	M1818_4	90	1216	906	1066
F388_4	M21_4	90	1453	1333	1600
F388_4	M2642_4	90	1244	850	1010
F388_4	M2695_4	90	1169	368	453
F388_4	M37_4	90	1183	692	831
F708_4	F1483_4	90	1209	13	17
F708_4	F1706_4	90	1186	159	237
F708_4	F2387_4	90	1402	303	397
F708_4	F2410_4	90	1302	132	186
F708_4	F2460_4	90	1317	1055	1402
F708_4	F388_4	90	1279	72	96
F708_4	M1120_4	90	1324	55	76
F708_4	M1321_4	90	1393	8	15
F708_4	M1818_4	90	1128	349	475
F708_4	M21_4	90	1262	828	1134
F708_4	M2642_4	90	1235	376	530
F708_4	M2695_4	90	1277	93	121
F708_4	M37_4	90	1370	267	367
M1120_4	F1483_4	90	1220	38	38
M1120_4	F1706_4	90	1239	501	501
M1120_4	F2387_4	90	1247	609	609
M1120_4	F2410_4	90	1113	353	353
M1120_4	F2460_4	90	1042	977	977
M1120_4	F388_4	90	1231	174	174
M1120_4	F708_4	90	1324	96	96
M1120_4	M1321_4	90	1175	26	26
M1120_4	M1818_4	90	1199	784	784
M1120_4	M21_4	90	1149	986	986
M1120_4	M2642_4	90	1318	816	816
M1120_4	M2695_4	90	1322	281	281
M1120_4	M37_4	90	1294	607	607
M1321_4	F1483_4	90	1390	344	384
M1321_4	F1706_4	90	1377	1201	1348
M1321_4	F2387_4	90	1176	1076	1208
M1321_4	F2410_4	90	1149	958	1062
M1321_4	F2460_4	90	1307	1299	1445
M1321_4	F388_4	90	1240	817	928
M1321_4	F708_4	90	1393	624	702
M1321_4	M1120_4	90	1175	737	840
M1321_4	M1818_4	90	1320	1258	1417
M1321_4	M21_4	90	1283	1264	1415
M1321_4	M2642_4	90	1259	1171	1317
M1321_4	M2695_4	90	1326	1008	1135
M1321_4	M37_4	90	1281	1147	1288
M1818_4	F1483_4	90	1406	25	25
M1818_4	F1706_4	90	1324	358	358
M1818_4	F2387_4	90	1292	473	473
M1818_4	F2410_4	90	1333	316	316
M1818_4	F2460_4	90	1240	1119	1119
M1818_4	F388_4	90	1216	129	129
M1818_4	F708_4	90	1128	54	54
M1818_4	M1120_4	90	1199	117	117
M1818_4	M1321_4	90	1320	13	13
M1818_4	M21_4	90	1250	1050	1050
M1818_4	M2642_4	90	1248	633	633
M1818_4	M2695_4	90	1250	215	215
M1818_4	M37_4	90	1029	371	371
M21_4	F1483_4	90	1165	11	11
M21_4	F1706_4	90	1301	126	126
M21_4	F2387_4	90	1159	166	166
M21_4	F2410_4	90	1314	94	94
M21_4	F2460_4	90	1348	1002	1002
M21_4	F388_4	90	1453	51	51
M21_4	F708_4	90	1262	20	20
M21_4	M1120_4	90	1149	30	30
M21_4	M1321_4	90	1283	5	5
M21_4	M1818_4	90	1250	342	342
M21_4	M2642_4	90	1294	286	286
M21_4	M2695_4	90	1550	69	69
M21_4	M37_4	90	1272	166	166
M2642_4	F1483_4	90	1249	4	11
M2642_4	F1706_4	90	1233	137	353
M2642_4	F2387_4	90	1237	185	506
M2642_4	F2410_4	90	1414	101	263
M2642_4	F2460_4	90	1206	928	2513
M2642_4	F388_4	90	1244	36	83
M2642_4	F708_4	90	1235	19	52
M2642_4	M1120_4	90	1318	37	103
M2642_4	M1321_4	90	1259	5	14
M2642_4	M1818_4	90	1248	344	888
M2642_4	M21_4	90	1294	797	2105
M2642_4	M2695_4	90	1195	67	183
M2642_4	M37_4	90	1308	229	610
M2695_4	F1483_4	90	1212	7	7
M2695_4	F1706_4	90	1195	74	74
M2695_4	F2387_4	90	1545	133	133
M2695_4	F2410_4	90	1327	62	62
M2695_4	F2460_4	90	1154	729	729
M2695_4	F388_4	90	1169	20	20
M2695_4	F708_4	90	1277	8	8
M2695_4	M1120_4	90	1322	20	20
M2695_4	M1321_4	90	1326	1	1
M2695_4	M1818_4	90	1250	236	236
M2695_4	M21_4	90	1550	692	692
M2695_4	M2642_4	90	1195	160	160
M2695_4	M37_4	90	1267	131	131
M37_4	F1483_4	90	1112	253	261
M37_4	F1706_4	90	1271	1090	1110
M37_4	F2387_4	90	1245	1104	1127
M37_4	F2410_4	90	1300	1065	1088
M37_4	F2460_4	90	1232	1228	1255
M37_4	F388_4	90	1183	787	807
M37_4	F708_4	90	1370	592	597
M37_4	M1120_4	90	1294	778	792
M37_4	M1321_4	90	1281	169	172
M37_4	M1818_4	90	1029	985	1004
M37_4	M21_4	90	1272	1256	1282
M37_4	M2642_4	90	1308	1220	1249
M37_4	M2695_4	90	1267	943	956
F1406_4	F1410_4	91	1452	1243	4205
F1406_4	F1988_4	91	1457	206	709
F1406_4	F247_4	91	1168	745	2552
F1406_4	F419_4	91	1294	1174	3992
F1406_4	F728_4	91	1330	59	211
F1406_4	F747_4	91	1311	1134	3924
F1406_4	M2236_4	91	1312	853	2945
F1406_4	M343_4	91	1258	1051	3686
F1406_4	M47_4	91	1138	953	3279
F1406_4	M481_4	91	1255	420	1464
F1406_4	M564_4	91	1288	1190	4187
F1406_4	M724_4	91	1143	920	3114
F1406_4	M809_4	91	1202	543	1888
F1410_4	F1406_4	91	1452	843	2586
F1410_4	F1988_4	91	1200	44	145
F1410_4	F247_4	91	1134	336	1052
F1410_4	F419_4	91	1250	914	2871
F1410_4	F728_4	91	1153	14	46
F1410_4	F747_4	91	1372	868	2730
F1410_4	M2236_4	91	1365	473	1466
F1410_4	M343_4	91	1321	736	2259
F1410_4	M47_4	91	1320	749	2290
F1410_4	M481_4	91	1175	116	360
F1410_4	M564_4	91	1166	886	2775
F1410_4	M724_4	91	1426	725	2275
F1410_4	M809_4	91	1327	228	750
F1988_4	F1406_4	91	1457	1388	4931
F1988_4	F1410_4	91	1200	1162	4032
F1988_4	F247_4	91	1335	1162	4098
F1988_4	F419_4	91	1279	1258	4378
F1988_4	F728_4	91	1397	261	887
F1988_4	F747_4	91	1369	1325	4575
F1988_4	M2236_4	91	1335	1198	4119
F1988_4	M343_4	91	1188	1144	4013
F1988_4	M47_4	91	1317	1260	4404
F1988_4	M481_4	91	1252	879	3040
F1988_4	M564_4	91	1129	1114	3858
F1988_4	M724_4	91	1178	1122	3770
F1988_4	M809_4	91	1355	1063	3750
F247_4	F1406_4	91	1168	713	2316
F247_4	F1410_4	91	1134	704	2285
F247_4	F1988_4	91	1335	66	211
F247_4	F419_4	91	1246	893	2809
F247_4	F728_4	91	1322	22	70
F247_4	F747_4	91	1109	713	2284
F247_4	M2236_4	91	1418	483	1617
F247_4	M343_4	91	1126	642	2120
F247_4	M47_4	91	1214	743	2401
F247_4	M481_4	91	1387	156	524
F247_4	M564_4	91	1242	967	3100
F247_4	M724_4	91	1431	745	2361
F247_4	M809_4	91	1411	270	854
F419_4	F1406_4	91	1294	500	500
F419_4	F1410_4	91	1250	526	526
F419_4	F1988_4	91	1279	29	29
F419_4	F247_4	91	1246	178	178
F419_4	F728_4	91	1177	10	10
F419_4	F747_4	91	1317	581	581
F419_4	M2236_4	91	1413	228	228
F419_4	M343_4	91	1278	438	438
F419_4	M47_4	91	1351	483	483
F419_4	M481_4	91	1301	72	72
F419_4	M564_4	91	1243	743	743
F419_4	M724_4	91	1209	353	353
F419_4	M809_4	91	1193	122	122
F728_4	F1406_4	91	1330	1147	2981
F728_4	F1410_4	91	1153	999	2612
F728_4	F1988_4	91	1397	182	484
F728_4	F247_4	91	1322	792	2074
F728_4	F419_4	91	1177	1069	2862
F728_4	F747_4	91	1223	1085	2778
F728_4	M2236_4	91	1319	858	2260
F728_4	M343_4	91	1223	1040	2758
F728_4	M47_4	91	1283	1096	2898
F728_4	M481_4	91	1344	427	1121
F728_4	M564_4	91	1217	1133	2946
F728_4	M724_4	91	1368	1090	2857
F728_4	M809_4	91	1268	646	1644
F747_4	F1406_4	91	1311	1046	1046
F747_4	F1410_4	91	1372	1121	1121
F747_4	F1988_4	91	1369	133	133
F747_4	F247_4	91	1109	580	580
F747_4	F419_4	91	1317	1170	1170
F747_4	F728_4	91	1223	47	47
F747_4	M2236_4	91	1328	808	808
F747_4	M343_4	91	1277	1025	1025
F747_4	M47_4	91	1120	904	904
F747_4	M481_4	91	1385	338	338
F747_4	M564_4	91	1164	1030	1030
F747_4	M724_4	91	1350	992	992
F747_4	M809_4	91	1174	434	434
M2236_4	F1406_4	91	1312	1183	1444
M2236_4	F1410_4	91	1365	1260	1521
M2236_4	F1988_4	91	1335	282	333
M2236_4	F247_4	91	1418	1019	1250
M2236_4	F419_4	91	1413	1346	1613
M2236_4	F728_4	91	1319	104	132
M2236_4	F747_4	91	1328	1226	1469
M2236_4	M343_4	91	1294	1182	1423
M2236_4	M47_4	91	1270	1154	1404
M2236_4	M481_4	91	1284	614	743
M2236_4	M564_4	91	1182	1124	1370
M2236_4	M724_4	91	1238	1084	1285
M2236_4	M809_4	91	1377	843	1010
M343_4	F1406_4	91	1258	737	737
M343_4	F1410_4	91	1321	769	769
M343_4	F1988_4	91	1188	29	29
M343_4	F247_4	91	1126	289	289
M343_4	F419_4	91	1278	912	912
M343_4	F728_4	91	1223	19	19
M343_4	F747_4	91	1277	761	761
M343_4	M2236_4	91	1294	443	443
M343_4	M47_4	91	1149	620	620
M343_4	M481_4	91	1319	123	123
M343_4	M564_4	91	1303	969	969
M343_4	M724_4	91	1148	526	526
M343_4	M809_4	91	1321	227	227
M47_4	F1406_4	91	1138	1112	1112
M47_4	F1410_4	91	1320	1295	1295
M47_4	F1988_4	91	1317	793	793
M47_4	F247_4	91	1214	1142	1142
M47_4	F419_4	91	1351	1340	1340
M47_4	F728_4	91	1283	461	461
M47_4	F747_4	91	1120	1102	1102
M47_4	M2236_4	91	1270	1202	1202
M47_4	M343_4	91	1149	1136	1136
M47_4	M481_4	91	1242	1035	1035
M47_4	M564_4	91	1347	1339	1339
M47_4	M724_4	91	1165	1135	1135
M47_4	M809_4	91	1235	1101	1101
M481_4	F1406_4	91	1255	1125	1125
M481_4	F1410_4	91	1175	1072	1072
M481_4	F1988_4	91	1252	225	225
M481_4	F247_4	91	1387	965	965
M481_4	F419_4	91	1301	1235	1235
M481_4	F728_4	91	1344	104	104
M481_4	F747_4	91	1385	1252	1252
M481_4	M2236_4	91	1284	950	950
M481_4	M343_4	91	1319	1184	1184
M481_4	M47_4	91	1242	1088	1088
M481_4	M564_4	91	1249	1195	1195
M481_4	M724_4	91	1218	1031	1031
M481_4	M809_4	91	1307	746	746
M564_4	F1406_4	91	1288	1046	1046
M564_4	F1410_4	91	1166	942	942
M564_4	F1988_4	91	1129	126	126
M564_4	F247_4	91	1242	697	697
M564_4	F419_4	91	1243	1109	1109
M564_4	F728_4	91	1217	53	53
M564_4	F747_4	91	1164	1003	1003
M564_4	M2236_4	91	1182	731	731
M564_4	M343_4	91	1303	1059	1059
M564_4	M47_4	91	1347	1093	1093
M564_4	M481_4	91	1249	355	355
M564_4	M724_4	91	1278	960	960
M564_4	M809_4	91	1349	578	578
M724_4	F1406_4	91	1143	974	3115
M724_4	F1410_4	91	1426	1197	3792
M724_4	F1988_4	91	1178	136	415
M724_4	F247_4	91	1431	845	2627
M724_4	F419_4	91	1209	1108	3482
M724_4	F728_4	91	1368	60	192
M724_4	F747_4	91	1350	1190	3794
M724_4	M2236_4	91	1238	811	2579
M724_4	M343_4	91	1148	966	3036
M724_4	M47_4	91	1165	973	3080
M724_4	M481_4	91	1218	403	1224
M724_4	M564_4	91	1278	1175	3619
M724_4	M809_4	91	1176	544	1735
M809_4	F1406_4	91	1202	590	590
M809_4	F1410_4	91	1327	639	639
M809_4	F1988_4	91	1355	34	34
M809_4	F247_4	91	1411	273	273
M809_4	F419_4	91	1193	761	761
M809_4	F728_4	91	1268	14	14
M809_4	F747_4	91	1174	648	648
M809_4	M2236_4	91	1377	342	342
M809_4	M343_4	91	1321	660	660
M809_4	M47_4	91	1235	572	572
M809_4	M481_4	91	1307	107	107
M809_4	M564_4	91	1349	928	928
M809_4	M724_4	91	1176	464	464
F1264_4	F1510_4	92	1321	152	273
F1264_4	F1575_4	92	1271	139	245
F1264_4	F201_4	92	1320	134	235
F1264_4	F2345_4	92	1264	944	1650
F1264_4	F2464_4	92	1232	467	825
F1264_4	F2735_4	92	1289	1082	1930
F1264_4	F739_4	92	1221	626	1136
F1264_4	F752_4	92	1218	55	92
F1264_4	M1135_4	92	1342	433	760
F1264_4	M145_4	92	1166	337	590
F1264_4	M2478_4	92	1337	702	1217
F1264_4	M2717_4	92	1130	286	498
F1264_4	M935_4	92	1222	495	881
F1510_4	F1264_4	92	1321	1156	3774
F1510_4	F1575_4	92	1201	884	2978
F1510_4	F201_4	92	1283	871	2796
F1510_4	F2345_4	92	1356	1333	4329
F1510_4	F2464_4	92	1314	1191	3827
F1510_4	F2735_4	92	1254	1242	4026
F1510_4	F739_4	92	1151	1104	3622
F1510_4	F752_4	92	1245	575	1944
F1510_4	M1135_4	92	1138	1011	3194
F1510_4	M145_4	92	1323	1171	3684
F1510_4	M2478_4	92	1279	1209	3904
F1510_4	M2717_4	92	1284	1101	3494
F1510_4	M935_4	92	1266	1179	3864
F1575_4	F1264_4	92	1271	941	941
F1575_4	F1510_4	92	1201	603	603
F1575_4	F201_4	92	1249	624	624
F1575_4	F2345_4	92	1301	1253	1253
F1575_4	F2464_4	92	1346	1103	1103
F1575_4	F2735_4	92	1207	1183	1183
F1575_4	F739_4	92	1282	1137	1137
F1575_4	F752_4	92	1198	333	333
F1575_4	M1135_4	92	1244	990	990
F1575_4	M145_4	92	1207	918	918
F1575_4	M2478_4	92	1272	1125	1125
F1575_4	M2717_4	92	1227	885	885
F1575_4	M935_4	92	1222	1055	1055
F201_4	F1264_4	92	1320	815	815
F201_4	F1510_4	92	1283	429	429
F201_4	F1575_4	92	1249	487	487
F201_4	F2345_4	92	1251	1175	1175
F201_4	F2464_4	92	1230	831	831
F201_4	F2735_4	92	1275	1229	1229
F201_4	F739_4	92	1168	962	962
F201_4	F752_4	92	1086	205	205
F201_4	M1135_4	92	1193	819	819
F201_4	M145_4	92	1457	932	932
F201_4	M2478_4	92	1233	1000	1000
F201_4	M2717_4	92	1379	807	807
F201_4	M935_4	92	1196	886	886
F2345_4	F1264_4	92	1264	1180	1741
F2345_4	F1510_4	92	1356	1110	1594
F2345_4	F1575_4	92	1301	1078	1578
F2345_4	F201_4	92	1251	1007	1512
F2345_4	F2464_4	92	1220	1160	1657
F2345_4	F2735_4	92	1261	1254	1905
F2345_4	F739_4	92	1337	1310	1920
F2345_4	F752_4	92	1163	757	1138
F2345_4	M1135_4	92	1318	1247	1839
F2345_4	M145_4	92	1222	1146	1657
F2345_4	M2478_4	92	1099	1074	1555
F2345_4	M2717_4	92	1155	1060	1541
F2345_4	M935_4	92	1148	1107	1656
F2464_4	F1264_4	92	1232	81	137
F2464_4	F1510_4	92	1314	37	75
F2464_4	F1575_4	92	1346	39	59
F2464_4	F201_4	92	1230	31	58
F2464_4	F2345_4	92	1220	482	839
F2464_4	F2735_4	92	1187	639	1102
F2464_4	F739_4	92	1229	210	370
F2464_4	F752_4	92	1262	7	11
F2464_4	M1135_4	92	1336	117	204
F2464_4	M145_4	92	1304	103	181
F2464_4	M2478_4	92	1249	177	320
F2464_4	M2717_4	92	1483	84	143
F2464_4	M935_4	92	1291	163	281
F2735_4	F1264_4	92	1289	359	766
F2735_4	F1510_4	92	1254	148	311
F2735_4	F1575_4	92	1207	152	315
F2735_4	F201_4	92	1275	135	269
F2735_4	F2345_4	92	1261	959	1937
F2735_4	F2464_4	92	1187	395	789
F2735_4	F739_4	92	1302	644	1317
F2735_4	F752_4	92	1316	50	103
F2735_4	M1135_4	92	1281	414	860
F2735_4	M145_4	92	1292	420	869
F2735_4	M2478_4	92	1221	608	1208
F2735_4	M2717_4	92	1172	279	548
F2735_4	M935_4	92	1311	501	1028
F739_4	F1264_4	92	1221	30	96
F739_4	F1510_4	92	1151	7	20
F739_4	F1575_4	92	1282	18	46
F739_4	F201_4	92	1168	16	45
F739_4	F2345_4	92	1337	236	672
F739_4	F2464_4	92	1229	59	145
F739_4	F2735_4	92	1302	451	1228
F739_4	F752_4	92	1226	5	16
F739_4	M1135_4	92	1418	70	196
F739_4	M145_4	92	1144	34	97
F739_4	M2478_4	92	1331	93	244
F739_4	M2717_4	92	1190	38	107
F739_4	M935_4	92	1275	67	179
F752_4	F1264_4	92	1218	197	295
F752_4	F1510_4	92	1245	63	92
F752_4	F1575_4	92	1198	94	139
F752_4	F201_4	92	1086	55	88
F752_4	F2345_4	92	1163	732	1119
F752_4	F2464_4	92	1262	297	458
F752_4	F2735_4	92	1316	970	1433
F752_4	F739_4	92	1226	378	557
F752_4	M1135_4	92	1409	250	380
F752_4	M145_4	92	1178	199	306
F752_4	M2478_4	92	1115	349	505
F752_4	M2717_4	92	1273	179	253
F752_4	M935_4	92	1139	301	468
M1135_4	F1264_4	92	1342	1285	1285
M1135_4	F1510_4	92	1138	1035	1035
M1135_4	F1575_4	92	1244	1137	1137
M1135_4	F201_4	92	1193	1085	1085
M1135_4	F2345_4	92	1318	1314	1314
M1135_4	F2464_4	92	1336	1304	1304
M1135_4	F2735_4	92	1281	1276	1276
M1135_4	F739_4	92	1418	1404	1404
M1135_4	F752_4	92	1409	1149	1149
M1135_4	M145_4	92	1344	1303	1303
M1135_4	M2478_4	92	1288	1266	1266
M1135_4	M2717_4	92	1292	1246	1246
M1135_4	M935_4	92	1292	1267	1267
M145_4	F1264_4	92	1166	1097	1447
M145_4	F1510_4	92	1323	1090	1406
M145_4	F1575_4	92	1207	1031	1354
M145_4	F201_4	92	1457	1207	1599
M145_4	F2345_4	92	1222	1208	1581
M145_4	F2464_4	92	1304	1245	1639
M145_4	F2735_4	92	1292	1284	1688
M145_4	F739_4	92	1144	1117	1425
M145_4	F752_4	92	1178	771	1004
M145_4	M1135_4	92	1344	1276	1659
M145_4	M2478_4	92	1198	1159	1513
M145_4	M2717_4	92	1278	1170	1544
M145_4	M935_4	92	1283	1247	1630
M2478_4	F1264_4	92	1337	1328	1328
M2478_4	F1510_4	92	1279	1243	1243
M2478_4	F1575_4	92	1272	1244	1244
M2478_4	F201_4	92	1233	1178	1178
M2478_4	F2345_4	92	1099	1098	1098
M2478_4	F2464_4	92	1249	1242	1242
M2478_4	F2735_4	92	1221	1221	1221
M2478_4	F739_4	92	1331	1326	1326
M2478_4	F752_4	92	1115	1038	1038
M2478_4	M1135_4	92	1288	1281	1281
M2478_4	M145_4	92	1198	1186	1186
M2478_4	M2717_4	92	1250	1235	1235
M2478_4	M935_4	92	1240	1236	1236
M2717_4	F1264_4	92	1130	268	268
M2717_4	F1510_4	92	1284	118	118
M2717_4	F1575_4	92	1227	136	136
M2717_4	F201_4	92	1379	117	117
M2717_4	F2345_4	92	1155	822	822
M2717_4	F2464_4	92	1483	424	424
M2717_4	F2735_4	92	1172	1005	1005
M2717_4	F739_4	92	1190	519	519
M2717_4	F752_4	92	1273	56	56
M2717_4	M1135_4	92	1292	366	366
M2717_4	M145_4	92	1278	384	384
M2717_4	M2478_4	92	1250	555	555
M2717_4	M935_4	92	1284	459	459
M935_4	F1264_4	92	1222	954	954
M935_4	F1510_4	92	1266	717	717
M935_4	F1575_4	92	1222	724	724
M935_4	F201_4	92	1196	669	669
M935_4	F2345_4	92	1148	1112	1112
M935_4	F2464_4	92	1291	1112	1112
M935_4	F2735_4	92	1311	1282	1282
M935_4	F739_4	92	1275	1161	1161
M935_4	F752_4	92	1139	374	374
M935_4	M1135_4	92	1292	1091	1091
M935_4	M145_4	92	1283	1055	1055
M935_4	M2478_4	92	1240	1127	1127
M935_4	M2717_4	92	1284	973	973
F1038_4	F1198_4	93	1391	508	712
F1038_4	F310_4	93	1182	909	1290
F1038_4	F569_4	93	1341	535	755
F1038_4	F798_4	93	1403	1229	1771
F1038_4	M1114_4	93	1283	1091	1551
F1038_4	M1164_4	93	1216	1087	1532
F1038_4	M1496_4	93	1279	1177	1645
F1038_4	M1948_4	93	1412	1120	1572
F1038_4	M2012_4	93	1394	1359	1945
F1038_4	M2502_4	93	1363	1170	1647
F1038_4	M438_4	93	1290	1210	1688
F1038_4	M623_4	93	1274	101	134
F1038_4	M661_4	93	1271	1242	1774
F1198_4	F1038_4	93	1391	845	845
F1198_4	F310_4	93	1118	603	603
F1198_4	F569_4	93	1220	220	220
F1198_4	F798_4	93	1368	945	945
F1198_4	M1114_4	93	1347	904	904
F1198_4	M1164_4	93	1340	1019	1019
F1198_4	M1496_4	93	1274	1004	1004
F1198_4	M1948_4	93	1163	620	620
F1198_4	M2012_4	93	1446	1328	1328
F1198_4	M2502_4	93	1242	824	824
F1198_4	M438_4	93	1288	1117	1117
F1198_4	M623_4	93	1279	41	41
F1198_4	M661_4	93	1325	1238	1238
F310_4	F1038_4	93	1182	444	444
F310_4	F1198_4	93	1118	65	65
F310_4	F569_4	93	1147	77	77
F310_4	F798_4	93	1294	576	576
F310_4	M1114_4	93	1192	484	484
F310_4	M1164_4	93	1364	689	689
F310_4	M1496_4	93	1263	751	751
F310_4	M1948_4	93	1191	351	351
F310_4	M2012_4	93	1203	954	954
F310_4	M2502_4	93	1395	544	544
F310_4	M438_4	93	1372	941	941
F310_4	M623_4	93	1201	13	13
F310_4	M661_4	93	1258	1052	1052
F569_4	F1038_4	93	1341	1182	1182
F569_4	F1198_4	93	1220	520	520
F569_4	F310_4	93	1147	978	978
F569_4	F798_4	93	1271	1153	1153
F569_4	M1114_4	93	1297	1160	1160
F569_4	M1164_4	93	1352	1249	1249
F569_4	M1496_4	93	1263	1195	1195
F569_4	M1948_4	93	1253	1070	1070
F569_4	M2012_4	93	1162	1143	1143
F569_4	M2502_4	93	1313	1162	1162
F569_4	M438_4	93	1263	1214	1214
F569_4	M623_4	93	1229	125	125
F569_4	M661_4	93	1264	1242	1242
F798_4	F1038_4	93	1403	557	557
F798_4	F1198_4	93	1368	84	84
F798_4	F310_4	93	1294	403	403
F798_4	F569_4	93	1271	103	103
F798_4	M1114_4	93	1250	557	557
F798_4	M1164_4	93	1127	625	625
F798_4	M1496_4	93	1195	738	738
F798_4	M1948_4	93	1170	415	415
F798_4	M2012_4	93	1414	1162	1162
F798_4	M2502_4	93	1316	573	573
F798_4	M438_4	93	1096	788	788
F798_4	M623_4	93	1329	17	17
F798_4	M661_4	93	1411	1199	1199
M1114_4	F1038_4	93	1283	1043	1043
M1114_4	F1198_4	93	1347	484	484
M1114_4	F310_4	93	1192	919	919
M1114_4	F569_4	93	1297	496	496
M1114_4	F798_4	93	1250	1094	1094
M1114_4	M1164_4	93	1242	1126	1126
M1114_4	M1496_4	93	1438	1319	1319
M1114_4	M1948_4	93	1341	1063	1063
M1114_4	M2012_4	93	1324	1274	1274
M1114_4	M2502_4	93	1368	1153	1153
M1114_4	M438_4	93	1421	1354	1354
M1114_4	M623_4	93	1221	93	93
M1114_4	M661_4	93	1334	1306	1306
M1164_4	F1038_4	93	1216	587	813
M1164_4	F1198_4	93	1340	137	180
M1164_4	F310_4	93	1364	515	726
M1164_4	F569_4	93	1352	121	160
M1164_4	F798_4	93	1127	641	917
M1164_4	M1114_4	93	1242	636	912
M1164_4	M1496_4	93	1282	901	1239
M1164_4	M1948_4	93	1286	576	806
M1164_4	M2012_4	93	1337	1148	1579
M1164_4	M2502_4	93	1295	653	955
M1164_4	M438_4	93	1332	1034	1428
M1164_4	M623_4	93	1219	20	27
M1164_4	M661_4	93	1222	1093	1531
M1496_4	F1038_4	93	1279	1200	1200
M1496_4	F1198_4	93	1274	797	797
M1496_4	F310_4	93	1263	1149	1149
M1496_4	F569_4	93	1263	826	826
M1496_4	F798_4	93	1195	1158	1158
M1496_4	M1114_4	93	1438	1367	1367
M1496_4	M1164_4	93	1282	1235	1235
M1496_4	M1948_4	93	1315	1191	1191
M1496_4	M2012_4	93	1265	1243	1243
M1496_4	M2502_4	93	1296	1219	1219
M1496_4	M438_4	93	1184	1170	1170
M1496_4	M623_4	93	1123	229	229
M1496_4	M661_4	93	1097	1087	1087
M1948_4	F1038_4	93	1412	107	107
M1948_4	F1198_4	93	1163	9	9
M1948_4	F310_4	93	1191	63	63
M1948_4	F569_4	93	1253	13	13
M1948_4	F798_4	93	1170	120	120
M1948_4	M1114_4	93	1341	153	153
M1948_4	M1164_4	93	1286	193	193
M1948_4	M1496_4	93	1315	235	235
M1948_4	M2012_4	93	1327	496	496
M1948_4	M2502_4	93	1269	133	133
M1948_4	M438_4	93	1171	316	316
M1948_4	M623_4	93	1187	1	1
M1948_4	M661_4	93	1303	572	572
M2012_4	F1038_4	93	1394	409	409
M2012_4	F1198_4	93	1446	70	70
M2012_4	F310_4	93	1203	314	314
M2012_4	F569_4	93	1162	78	78
M2012_4	F798_4	93	1414	573	573
M2012_4	M1114_4	93	1324	472	472
M2012_4	M1164_4	93	1337	641	641
M2012_4	M1496_4	93	1265	677	677
M2012_4	M1948_4	93	1327	375	375
M2012_4	M2502_4	93	1242	436	436
M2012_4	M438_4	93	1301	862	862
M2012_4	M623_4	93	1209	16	16
M2012_4	M661_4	93	1333	1062	1062
M2502_4	F1038_4	93	1363	1289	1289
M2502_4	F1198_4	93	1242	787	787
M2502_4	F310_4	93	1395	1281	1281
M2502_4	F569_4	93	1313	896	896
M2502_4	F798_4	93	1316	1262	1262
M2502_4	M1114_4	93	1368	1299	1299
M2502_4	M1164_4	93	1295	1262	1262
M2502_4	M1496_4	93	1296	1257	1257
M2502_4	M1948_4	93	1269	1175	1175
M2502_4	M2012_4	93	1242	1231	1231
M2502_4	M438_4	93	1355	1327	1327
M2502_4	M623_4	93	1067	252	252
M2502_4	M661_4	93	1292	1287	1287
M438_4	F1038_4	93	1290	409	409
M438_4	F1198_4	93	1288	72	72
M438_4	F310_4	93	1372	346	346
M438_4	F569_4	93	1263	79	79
M438_4	F798_4	93	1096	424	424
M438_4	M1114_4	93	1421	512	512
M438_4	M1164_4	93	1332	614	614
M438_4	M1496_4	93	1184	628	628
M438_4	M1948_4	93	1171	315	315
M438_4	M2012_4	93	1301	1013	1013
M438_4	M2502_4	93	1355	499	499
M438_4	M623_4	93	1250	11	11
M438_4	M661_4	93	1379	1111	1111
M623_4	F1038_4	93	1274	379	443
M623_4	F1198_4	93	1279	65	75
M623_4	F310_4	93	1201	277	332
M623_4	F569_4	93	1229	65	78
M623_4	F798_4	93	1329	474	545
M623_4	M1114_4	93	1221	425	501
M623_4	M1164_4	93	1219	522	600
M623_4	M1496_4	93	1123	590	701
M623_4	M1948_4	93	1187	313	375
M623_4	M2012_4	93	1209	930	1075
M623_4	M2502_4	93	1067	339	403
M623_4	M438_4	93	1250	780	919
M623_4	M661_4	93	1346	1086	1270
M661_4	F1038_4	93	1271	471	770
M661_4	F1198_4	93	1325	71	111
M661_4	F310_4	93	1258	367	629
M661_4	F569_4	93	1264	80	132
M661_4	F798_4	93	1411	578	951
M661_4	M1114_4	93	1334	526	864
M661_4	M1164_4	93	1222	620	1029
M661_4	M1496_4	93	1097	654	1058
M661_4	M1948_4	93	1303	369	597
M661_4	M2012_4	93	1333	1059	1678
M661_4	M2502_4	93	1292	505	823
M661_4	M438_4	93	1379	957	1585
M661_4	M623_4	93	1346	12	21
F1176_4	F1285_4	94	1067	1060	1478
F1176_4	F1866_4	94	1219	1173	1622
F1176_4	F2726_4	94	1180	1100	1512
F1176_4	F309_4	94	1372	1087	1480
F1176_4	F80_4	94	1458	1393	1926
F1176_4	F896_4	94	1285	1260	1730
F1176_4	M1394_4	94	1223	1206	1669
F1176_4	M1648_4	94	1176	1165	1585
F1176_4	M1749_4	94	1370	956	1300
F1176_4	M2019_4	94	1334	1327	1853
F1176_4	M2266_4	94	1112	995	1396
F1176_4	M2658_4	94	1356	1320	1826
F1176_4	M32_4	94	1235	1220	1712
F1285_4	F1176_4	94	1067	36	36
F1285_4	F1866_4	94	1298	470	470
F1285_4	F2726_4	94	1299	361	361
F1285_4	F309_4	94	1338	120	120
F1285_4	F80_4	94	1201	380	380
F1285_4	F896_4	94	1248	740	740
F1285_4	M1394_4	94	1222	733	733
F1285_4	M1648_4	94	1398	894	894
F1285_4	M1749_4	94	1264	73	73
F1285_4	M2019_4	94	1130	880	880
F1285_4	M2266_4	94	1170	181	181
F1285_4	M2658_4	94	1596	739	739
F1285_4	M32_4	94	1247	855	855
F1866_4	F1176_4	94	1219	55	145
F1866_4	F1285_4	94	1298	1134	3192
F1866_4	F2726_4	94	1186	405	1127
F1866_4	F309_4	94	1191	124	329
F1866_4	F80_4	94	1094	435	1209
F1866_4	F896_4	94	1219	785	2161
F1866_4	M1394_4	94	1130	811	2304
F1866_4	M1648_4	94	1234	894	2507
F1866_4	M1749_4	94	1283	109	300
F1866_4	M2019_4	94	1416	1175	3372
F1866_4	M2266_4	94	1193	227	614
F1866_4	M2658_4	94	1469	796	2270
F1866_4	M32_4	94	1351	952	2713
F2726_4	F1176_4	94	1180	89	129
F2726_4	F1285_4	94	1299	1146	1698
F2726_4	F1866_4	94	1186	615	876
F2726_4	F309_4	94	1364	197	271
F2726_4	F80_4	94	1283	585	827
F2726_4	F896_4	94	1100	781	1104
F2726_4	M1394_4	94	1197	879	1233
F2726_4	M1648_4	94	1220	892	1268
F2726_4	M1749_4	94	1128	114	153
F2726_4	M2019_4	94	1297	1102	1595
F2726_4	M2266_4	94	1118	248	361
F2726_4	M2658_4	94	1140	673	965
F2726_4	M32_4	94	1111	858	1249
F309_4	F1176_4	94	1372	12	12
F309_4	F1285_4	94	1338	505	505
F309_4	F1866_4	94	1191	83	83
F309_4	F2726_4	94	1364	80	80
F309_4	F80_4	94	1091	76	76
F309_4	F896_4	94	1251	192	192
F309_4	M1394_4	94	1280	225	225
F309_4	M1648_4	94	1228	235	235
F309_4	M1749_4	94	1235	8	8
F309_4	M2019_4	94	1275	388	388
F309_4	M2266_4	94	1170	20	20
F309_4	M2658_4	94	1188	128	128
F309_4	M32_4	94	1303	261	261
F80_4	F1176_4	94	1458	404	842
F80_4	F1285_4	94	1201	1173	2394
F80_4	F1866_4	94	1094	954	1987
F80_4	F2726_4	94	1283	1011	2184
F80_4	F309_4	94	1091	523	1050
F80_4	F896_4	94	1164	1085	2228
F80_4	M1394_4	94	1215	1140	2411
F80_4	M1648_4	94	1233	1167	2450
F80_4	M1749_4	94	1341	517	1090
F80_4	M2019_4	94	1256	1221	2571
F80_4	M2266_4	94	1318	860	1785
F80_4	M2658_4	94	1218	1075	2274
F80_4	M32_4	94	1252	1203	2489
F896_4	F1176_4	94	1285	351	351
F896_4	F1285_4	94	1248	1222	1222
F896_4	F1866_4	94	1219	1050	1050
F896_4	F2726_4	94	1100	875	875
F896_4	F309_4	94	1251	631	631
F896_4	F80_4	94	1164	966	966
F896_4	M1394_4	94	1328	1262	1262
F896_4	M1648_4	94	1310	1232	1232
F896_4	M1749_4	94	1252	476	476
F896_4	M2019_4	94	1251	1212	1212
F896_4	M2266_4	94	1324	896	896
F896_4	M2658_4	94	1071	952	952
F896_4	M32_4	94	1305	1239	1239
M1394_4	F1176_4	94	1223	201	201
M1394_4	F1285_4	94	1222	1179	1179
M1394_4	F1866_4	94	1130	870	870
M1394_4	F2726_4	94	1197	796	796
M1394_4	F309_4	94	1280	417	417
M1394_4	F80_4	94	1215	890	890
M1394_4	F896_4	94	1328	1214	1214
M1394_4	M1648_4	94	1247	1138	1138
M1394_4	M1749_4	94	1374	349	349
M1394_4	M2019_4	94	1156	1092	1092
M1394_4	M2266_4	94	1242	621	621
M1394_4	M2658_4	94	1290	1102	1102
M1394_4	M32_4	94	1119	1027	1027
M1648_4	F1176_4	94	1176	32	32
M1648_4	F1285_4	94	1398	953	953
M1648_4	F1866_4	94	1234	289	289
M1648_4	F2726_4	94	1220	166	166
M1648_4	F309_4	94	1228	51	51
M1648_4	F80_4	94	1233	240	240
M1648_4	F896_4	94	1310	554	554
M1648_4	M1394_4	94	1247	558	558
M1648_4	M1749_4	94	1370	29	29
M1648_4	M2019_4	94	1320	810	810
M1648_4	M2266_4	94	1134	106	106
M1648_4	M2658_4	94	1388	396	396
M1648_4	M32_4	94	1191	551	551
M1749_4	F1176_4	94	1370	60	205
M1749_4	F1285_4	94	1264	1060	3866
M1749_4	F1866_4	94	1283	536	1933
M1749_4	F2726_4	94	1128	314	1168
M1749_4	F309_4	94	1235	126	447
M1749_4	F80_4	94	1341	491	1834
M1749_4	F896_4	94	1252	807	2900
M1749_4	M1394_4	94	1374	900	3206
M1749_4	M1648_4	94	1370	919	3308
M1749_4	M2019_4	94	1268	1022	3739
M1749_4	M2266_4	94	1346	208	744
M1749_4	M2658_4	94	1271	587	2189
M1749_4	M32_4	94	1206	832	3025
M2019_4	F1176_4	94	1334	37	37
M2019_4	F1285_4	94	1130	902	902
M2019_4	F1866_4	94	1416	498	498
M2019_4	F2726_4	94	1297	322	322
M2019_4	F309_4	94	1275	87	87
M2019_4	F80_4	94	1256	382	382
M2019_4	F896_4	94	1251	696	696
M2019_4	M1394_4	94	1156	692	692
M2019_4	M1648_4	94	1320	821	821
M2019_4	M1749_4	94	1268	58	58
M2019_4	M2266_4	94	1342	198	198
M2019_4	M2658_4	94	1165	495	495
M2019_4	M32_4	94	1282	799	799
M2266_4	F1176_4	94	1112	88	114
M2266_4	F1285_4	94	1170	1068	1418
M2266_4	F1866_4	94	1193	727	963
M2266_4	F2726_4	94	1118	534	733
M2266_4	F309_4	94	1170	223	284
M2266_4	F80_4	94	1318	711	988
M2266_4	F896_4	94	1324	1030	1401
M2266_4	M1394_4	94	1242	1000	1359
M2266_4	M1648_4	94	1134	928	1250
M2266_4	M1749_4	94	1346	172	227
M2266_4	M2019_4	94	1342	1203	1655
M2266_4	M2658_4	94	1254	835	1097
M2266_4	M32_4	94	1163	938	1281
M2658_4	F1176_4	94	1356	460	460
M2658_4	F1285_4	94	1596	1565	1565
M2658_4	F1866_4	94	1469	1307	1307
M2658_4	F2726_4	94	1140	940	940
M2658_4	F309_4	94	1188	629	629
M2658_4	F80_4	94	1218	1056	1056
M2658_4	F896_4	94	1071	1013	1013
M2658_4	M1394_4	94	1290	1242	1242
M2658_4	M1648_4	94	1388	1348	1348
M2658_4	M1749_4	94	1271	562	562
M2658_4	M2019_4	94	1165	1142	1142
M2658_4	M2266_4	94	1254	901	901
M2658_4	M32_4	94	1303	1250	1250
M32_4	F1176_4	94	1235	233	336
M32_4	F1285_4	94	1247	1206	1701
M32_4	F1866_4	94	1351	1044	1522
M32_4	F2726_4	94	1111	787	1099
M32_4	F309_4	94	1303	476	680
M32_4	F80_4	94	1252	917	1299
M32_4	F896_4	94	1305	1148	1679
M32_4	M1394_4	94	1119	1021	1466
M32_4	M1648_4	94	1191	1108	1569
M32_4	M1749_4	94	1206	356	486
M32_4	M2019_4	94	1282	1238	1752
M32_4	M2266_4	94	1163	589	854
M32_4	M2658_4	94	1303	1085	1544
F1356_4	F25_4	95	1212	130	431
F1356_4	F468_4	95	1213	902	3059
F1356_4	M1336_4	95	1390	113	379
F1356_4	M1425_4	95	1307	1131	3758
F1356_4	M1491_4	95	1139	304	1016
F1356_4	M1543_4	95	1306	1073	3606
F1356_4	M1552_4	95	1159	592	2056
F1356_4	M1621_4	95	1241	1088	3705
F1356_4	M1737_4	95	1256	921	3148
F1356_4	M198_4	95	1363	1238	4164
F1356_4	M2611_4	95	1248	755	2585
F1356_4	M2631_4	95	1195	734	2532
F1356_4	M264_4	95	1349	515	1757
F25_4	F1356_4	95	1212	186	186
F25_4	F468_4	95	1107	516	516
F25_4	M1336_4	95	1318	41	41
F25_4	M1425_4	95	1367	918	918
F25_4	M1491_4	95	1291	144	144
F25_4	M1543_4	95	1239	754	754
F25_4	M1552_4	95	1128	305	305
F25_4	M1621_4	95	1328	871	871
F25_4	M1737_4	95	1308	596	596
F25_4	M198_4	95	1243	935	935
F25_4	M2611_4	95	1206	428	428
F25_4	M2631_4	95	1207	435	435
F25_4	M264_4	95	1315	227	227
F468_4	F1356_4	95	1213	335	335
F468_4	F25_4	95	1107	83	83
F468_4	M1336_4	95	1346	87	87
F468_4	M1425_4	95	1134	922	922
F468_4	M1491_4	95	1274	257	257
F468_4	M1543_4	95	1195	935	935
F468_4	M1552_4	95	1235	500	500
F468_4	M1621_4	95	1363	1107	1107
F468_4	M1737_4	95	1301	850	850
F468_4	M198_4	95	1188	1025	1025
F468_4	M2611_4	95	1213	660	660
F468_4	M2631_4	95	1225	680	680
F468_4	M264_4	95	1300	428	428
M1336_4	F1356_4	95	1390	624	1274
M1336_4	F25_4	95	1318	181	357
M1336_4	F468_4	95	1346	1089	2223
M1336_4	M1425_4	95	1352	1226	2469
M1336_4	M1491_4	95	1107	432	910
M1336_4	M1543_4	95	1202	1060	2103
M1336_4	M1552_4	95	1255	778	1552
M1336_4	M1621_4	95	1269	1141	2286
M1336_4	M1737_4	95	1023	798	1641
M1336_4	M198_4	95	1337	1262	2565
M1336_4	M2611_4	95	1287	935	1911
M1336_4	M2631_4	95	1087	769	1544
M1336_4	M264_4	95	1287	649	1291
M1425_4	F1356_4	95	1307	195	214
M1425_4	F25_4	95	1367	62	71
M1425_4	F468_4	95	1134	537	626
M1425_4	M1336_4	95	1352	55	65
M1425_4	M1491_4	95	1141	139	160
M1425_4	M1543_4	95	1177	725	826
M1425_4	M1552_4	95	1231	336	373
M1425_4	M1621_4	95	1116	761	864
M1425_4	M1737_4	95	1452	716	809
M1425_4	M198_4	95	1240	964	1092
M1425_4	M2611_4	95	1246	454	519
M1425_4	M2631_4	95	1337	538	608
M1425_4	M264_4	95	1317	226	246
M1491_4	F1356_4	95	1139	40	118
M1491_4	F25_4	95	1291	9	24
M1491_4	F468_4	95	1274	209	672
M1491_4	M1336_4	95	1107	9	24
M1491_4	M1425_4	95	1141	359	1111
M1491_4	M1543_4	95	1190	307	895
M1491_4	M1552_4	95	1339	88	286
M1491_4	M1621_4	95	1312	349	1074
M1491_4	M1737_4	95	1104	158	470
M1491_4	M198_4	95	1368	526	1592
M1491_4	M2611_4	95	1235	118	372
M1491_4	M2631_4	95	1268	124	371
M1491_4	M264_4	95	1271	47	154
M1543_4	F1356_4	95	1306	676	1477
M1543_4	F25_4	95	1239	202	462
M1543_4	F468_4	95	1195	998	2164
M1543_4	M1336_4	95	1202	186	397
M1543_4	M1425_4	95	1177	1068	2315
M1543_4	M1491_4	95	1190	524	1083
M1543_4	M1552_4	95	1328	866	1867
M1543_4	M1621_4	95	1157	1056	2309
M1543_4	M1737_4	95	1283	1082	2372
M1543_4	M198_4	95	1262	1191	2557
M1543_4	M2611_4	95	1175	882	1883
M1543_4	M2631_4	95	1205	900	1920
M1543_4	M264_4	95	1387	770	1685
M1552_4	F1356_4	95	1159	35	53
M1552_4	F25_4	95	1128	8	13
M1552_4	F468_4	95	1235	174	288
M1552_4	M1336_4	95	1255	4	6
M1552_4	M1425_4	95	1231	336	552
M1552_4	M1491_4	95	1339	26	49
M1552_4	M1543_4	95	1328	292	467
M1552_4	M1621_4	95	1216	293	462
M1552_4	M1737_4	95	1251	177	271
M1552_4	M198_4	95	1356	485	781
M1552_4	M2611_4	95	1294	110	174
M1552_4	M2631_4	95	1208	125	190
M1552_4	M264_4	95	1346	43	69
M1621_4	F1356_4	95	1241	299	299
M1621_4	F25_4	95	1328	94	94
M1621_4	F468_4	95	1363	819	819
M1621_4	M1336_4	95	1269	70	70
M1621_4	M1425_4	95	1116	881	881
M1621_4	M1491_4	95	1312	250	250
M1621_4	M1543_4	95	1157	891	891
M1621_4	M1552_4	95	1216	474	474
M1621_4	M1737_4	95	1242	753	753
M1621_4	M198_4	95	1313	1138	1138
M1621_4	M2611_4	95	1228	614	614
M1621_4	M2631_4	95	1206	614	614
M1621_4	M264_4	95	1296	398	398
M1737_4	F1356_4	95	1256	573	1892
M1737_4	F25_4	95	1308	175	590
M1737_4	F468_4	95	1301	1061	3508
M1737_4	M1336_4	95	1023	135	461
M1737_4	M1425_4	95	1452	1340	4512
M1737_4	M1491_4	95	1104	404	1294
M1737_4	M1543_4	95	1283	1137	3769
M1737_4	M1552_4	95	1251	790	2593
M1737_4	M1621_4	95	1242	1109	3666
M1737_4	M198_4	95	1313	1250	4149
M1737_4	M2611_4	95	1142	830	2686
M1737_4	M2631_4	95	1332	999	3275
M1737_4	M264_4	95	1467	792	2481
M198_4	F1356_4	95	1363	322	731
M198_4	F25_4	95	1243	72	163
M198_4	F468_4	95	1188	680	1462
M198_4	M1336_4	95	1337	44	104
M198_4	M1425_4	95	1240	940	2023
M198_4	M1491_4	95	1368	233	498
M198_4	M1543_4	95	1262	906	1939
M198_4	M1552_4	95	1356	493	1088
M198_4	M1621_4	95	1313	1004	2208
M198_4	M1737_4	95	1313	775	1703
M198_4	M2611_4	95	1219	540	1176
M198_4	M2631_4	95	1336	612	1301
M198_4	M264_4	95	1186	299	616
M2611_4	F1356_4	95	1248	334	334
M2611_4	F25_4	95	1206	90	90
M2611_4	F468_4	95	1213	797	797
M2611_4	M1336_4	95	1287	85	85
M2611_4	M1425_4	95	1246	1019	1019
M2611_4	M1491_4	95	1235	238	238
M2611_4	M1543_4	95	1175	877	877
M2611_4	M1552_4	95	1294	533	533
M2611_4	M1621_4	95	1228	966	966
M2611_4	M1737_4	95	1142	732	732
M2611_4	M198_4	95	1219	1054	1054
M2611_4	M2631_4	95	1240	642	642
M2611_4	M264_4	95	1303	391	391
M2631_4	F1356_4	95	1195	62	62
M2631_4	F25_4	95	1207	14	14
M2631_4	F468_4	95	1225	263	263
M2631_4	M1336_4	95	1087	6	6
M2631_4	M1425_4	95	1337	474	474
M2631_4	M1491_4	95	1268	48	48
M2631_4	M1543_4	95	1205	378	378
M2631_4	M1552_4	95	1208	102	102
M2631_4	M1621_4	95	1206	427	427
M2631_4	M1737_4	95	1332	233	233
M2631_4	M198_4	95	1336	664	664
M2631_4	M2611_4	95	1240	165	165
M2631_4	M264_4	95	1228	69	69
M264_4	F1356_4	95	1349	487	487
M264_4	F25_4	95	1315	140	140
M264_4	F468_4	95	1300	968	968
M264_4	M1336_4	95	1287	93	93
M264_4	M1425_4	95	1317	1130	1130
M264_4	M1491_4	95	1271	359	359
M264_4	M1543_4	95	1387	1154	1154
M264_4	M1552_4	95	1346	660	660
M264_4	M1621_4	95	1296	1120	1120
M264_4	M1737_4	95	1467	1064	1064
M264_4	M198_4	95	1186	1069	1069
M264_4	M2611_4	95	1303	801	801
M264_4	M2631_4	95	1228	772	772
F1491_4	F1722_4	96	1209	472	472
F1491_4	F2254_4	96	1328	777	777
F1491_4	F2752_4	96	1336	1291	1291
F1491_4	F681_4	96	1089	222	222
F1491_4	F796_4	96	1203	610	610
F1491_4	M1173_4	96	1482	495	495
F1491_4	M1226_4	96	1350	1092	1092
F1491_4	M1307_4	96	1132	370	370
F1491_4	M1630_4	96	1254	1088	1088
F1491_4	M2619_4	96	1398	344	344
F1491_4	M2620_4	96	1213	1148	1148
F1491_4	M320_4	96	1259	884	884
F1491_4	M546_4	96	1269	605	605
F1722_4	F1491_4	96	1209	477	477
F1722_4	F2254_4	96	1218	556	556
F1722_4	F2752_4	96	1200	1110	1110
F1722_4	F681_4	96	1396	220	220
F1722_4	F796_4	96	1386	544	544
F1722_4	M1173_4	96	1234	297	297
F1722_4	M1226_4	96	1302	960	960
F1722_4	M1307_4	96	1196	280	280
F1722_4	M1630_4	96	1352	1133	1133
F1722_4	M2619_4	96	1167	210	210
F1722_4	M2620_4	96	1384	1266	1266
F1722_4	M320_4	96	1170	723	723
F1722_4	M546_4	96	1272	448	448
F2254_4	F1491_4	96	1328	655	1078
F2254_4	F1722_4	96	1218	446	752
F2254_4	F2752_4	96	1225	1172	1937
F2254_4	F681_4	96	1162	210	342
F2254_4	F796_4	96	1175	557	945
F2254_4	M1173_4	96	1289	410	666
F2254_4	M1226_4	96	1129	881	1434
F2254_4	M1307_4	96	1211	365	603
F2254_4	M1630_4	96	1441	1224	2010
F2254_4	M2619_4	96	1190	264	427
F2254_4	M2620_4	96	1235	1145	1897
F2254_4	M320_4	96	1212	816	1318
F2254_4	M546_4	96	1346	592	951
F2752_4	F1491_4	96	1336	1146	1373
F2752_4	F1722_4	96	1200	942	1142
F2752_4	F2254_4	96	1225	1092	1290
F2752_4	F681_4	96	1203	664	787
F2752_4	F796_4	96	1165	979	1169
F2752_4	M1173_4	96	1244	892	1058
F2752_4	M1226_4	96	1240	1183	1425
F2752_4	M1307_4	96	1205	848	1006
F2752_4	M1630_4	96	1326	1287	1578
F2752_4	M2619_4	96	1253	789	921
F2752_4	M2620_4	96	1153	1136	1356
F2752_4	M320_4	96	1354	1246	1483
F2752_4	M546_4	96	1234	1019	1237
F681_4	F1491_4	96	1089	729	1624
F681_4	F1722_4	96	1396	739	1690
F681_4	F2254_4	96	1162	837	1810
F681_4	F2752_4	96	1203	1178	2571
F681_4	F796_4	96	1181	791	1721
F681_4	M1173_4	96	1221	583	1277
F681_4	M1226_4	96	1397	1248	2690
F681_4	M1307_4	96	1327	648	1368
F681_4	M1630_4	96	1144	1054	2299
F681_4	M2619_4	96	1374	538	1148
F681_4	M2620_4	96	1250	1203	2655
F681_4	M320_4	96	1229	995	2190
F681_4	M546_4	96	1316	859	1912
F796_4	F1491_4	96	1203	1076	1076
F796_4	F1722_4	96	1386	1151	1151
F796_4	F2254_4	96	1175	1081	1081
F796_4	F2752_4	96	1165	1162	1162
F796_4	F681_4	96	1181	777	777
F796_4	M1173_4	96	1196	927	927
F796_4	M1226_4	96	1132	1100	1100
F796_4	M1307_4	96	1165	914	914
F796_4	M1630_4	96	1271	1254	1254
F796_4	M2619_4	96	1245	873	873
F796_4	M2620_4	96	1213	1203	1203
F796_4	M320_4	96	1289	1228	1228
F796_4	M546_4	96	1235	1066	1066
M1173_4	F1491_4	96	1482	1216	3689
M1173_4	F1722_4	96	1234	902	2833
M1173_4	F2254_4	96	1289	1129	3485
M1173_4	F2752_4	96	1244	1237	3834
M1173_4	F681_4	96	1221	667	2028
M1173_4	F796_4	96	1196	994	3015
M1173_4	M1226_4	96	1268	1206	3632
M1173_4	M1307_4	96	1306	903	2812
M1173_4	M1630_4	96	1114	1071	3296
M1173_4	M2619_4	96	1206	727	2241
M1173_4	M2620_4	96	1333	1321	4114
M1173_4	M320_4	96	1246	1141	3552
M1173_4	M546_4	96	1382	1127	3529
M1226_4	F1491_4	96	1350	106	106
M1226_4	F1722_4	96	1302	81	81
M1226_4	F2254_4	96	1129	101	101
M1226_4	F2752_4	96	1240	858	858
M1226_4	F681_4	96	1397	28	28
M1226_4	F796_4	96	1132	104	104
M1226_4	M1173_4	96	1268	50	50
M1226_4	M1307_4	96	1282	48	48
M1226_4	M1630_4	96	1205	461	461
M1226_4	M2619_4	96	1352	39	39
M1226_4	M2620_4	96	1250	706	706
M1226_4	M320_4	96	1316	238	238
M1226_4	M546_4	96	1289	91	91
M1307_4	F1491_4	96	1132	380	726
M1307_4	F1722_4	96	1196	300	577
M1307_4	F2254_4	96	1211	488	872
M1307_4	F2752_4	96	1205	1111	2116
M1307_4	F681_4	96	1327	150	272
M1307_4	F796_4	96	1165	417	779
M1307_4	M1173_4	96	1306	292	518
M1307_4	M1226_4	96	1282	878	1651
M1307_4	M1630_4	96	1313	1013	1869
M1307_4	M2619_4	96	1207	165	314
M1307_4	M2620_4	96	1159	1042	1951
M1307_4	M320_4	96	1159	649	1211
M1307_4	M546_4	96	1257	371	716
M1630_4	F1491_4	96	1254	637	637
M1630_4	F1722_4	96	1352	459	459
M1630_4	F2254_4	96	1441	829	829
M1630_4	F2752_4	96	1326	1277	1277
M1630_4	F681_4	96	1144	216	216
M1630_4	F796_4	96	1271	614	614
M1630_4	M1173_4	96	1114	339	339
M1630_4	M1226_4	96	1205	941	941
M1630_4	M1307_4	96	1313	371	371
M1630_4	M2619_4	96	1297	294	294
M1630_4	M2620_4	96	1238	1164	1164
M1630_4	M320_4	96	1309	845	845
M1630_4	M546_4	96	1220	551	551
M2619_4	F1491_4	96	1398	887	1296
M2619_4	F1722_4	96	1167	566	819
M2619_4	F2254_4	96	1190	822	1184
M2619_4	F2752_4	96	1253	1210	1731
M2619_4	F681_4	96	1374	377	510
M2619_4	F796_4	96	1245	754	1087
M2619_4	M1173_4	96	1206	543	778
M2619_4	M1226_4	96	1352	1153	1598
M2619_4	M1307_4	96	1207	506	735
M2619_4	M1630_4	96	1297	1203	1699
M2619_4	M2620_4	96	1089	1040	1488
M2619_4	M320_4	96	1300	1008	1462
M2619_4	M546_4	96	1332	768	1088
M2620_4	F1491_4	96	1213	480	480
M2620_4	F1722_4	96	1384	385	385
M2620_4	F2254_4	96	1235	599	599
M2620_4	F2752_4	96	1153	1092	1092
M2620_4	F681_4	96	1250	165	165
M2620_4	F796_4	96	1213	495	495
M2620_4	M1173_4	96	1333	340	340
M2620_4	M1226_4	96	1250	900	900
M2620_4	M1307_4	96	1159	319	319
M2620_4	M1630_4	96	1238	992	992
M2620_4	M2619_4	96	1089	187	187
M2620_4	M320_4	96	1317	842	842
M2620_4	M546_4	96	1197	439	439
M320_4	F1491_4	96	1259	1172	1172
M320_4	F1722_4	96	1170	1042	1042
M320_4	F2254_4	96	1212	1162	1162
M320_4	F2752_4	96	1354	1350	1350
M320_4	F681_4	96	1229	908	908
M320_4	F796_4	96	1289	1183	1183
M320_4	M1173_4	96	1246	1069	1069
M320_4	M1226_4	96	1316	1291	1291
M320_4	M1307_4	96	1159	969	969
M320_4	M1630_4	96	1309	1297	1297
M320_4	M2619_4	96	1300	1003	1003
M320_4	M2620_4	96	1317	1311	1311
M320_4	M546_4	96	1274	1172	1172
M546_4	F1491_4	96	1269	1155	1941
M546_4	F1722_4	96	1272	1122	1883
M546_4	F2254_4	96	1346	1272	2176
M546_4	F2752_4	96	1234	1225	2090
M546_4	F681_4	96	1316	985	1697
M546_4	F796_4	96	1235	1134	1905
M546_4	M1173_4	96	1382	1145	1995
M546_4	M1226_4	96	1289	1259	2132
M546_4	M1307_4	96	1257	1052	1790
M546_4	M1630_4	96	1220	1199	2052
M546_4	M2619_4	96	1332	1027	1768
M546_4	M2620_4	96	1197	1191	2015
M546_4	M320_4	96	1274	1217	2061
F1023_4	F1665_4	97	1232	1191	1426
F1023_4	F261_4	97	1470	1359	1637
F1023_4	F933_4	97	1305	574	685
F1023_4	M1212_4	97	1268	1033	1217
F1023_4	M1468_4	97	1223	901	1074
F1023_4	M1617_4	97	1191	1106	1296
F1023_4	M1896_4	97	1279	1041	1260
F1023_4	M215_4	97	1137	929	1114
F1023_4	M2602_4	97	1395	1121	1318
F1023_4	M2653_4	97	1415	427	514
F1023_4	M628_4	97	1419	318	381
F1023_4	M664_4	97	1374	958	1158
F1023_4	M887_4	97	1407	725	856
F1665_4	F1023_4	97	1232	1014	1014
F1665_4	F261_4	97	1376	1186	1186
F1665_4	F933_4	97	1285	423	423
F1665_4	M1212_4	97	1184	856	856
F1665_4	M1468_4	97	1151	698	698
F1665_4	M1617_4	97	1204	1052	1052
F1665_4	M1896_4	97	1181	858	858
F1665_4	M215_4	97	1419	984	984
F1665_4	M2602_4	97	1180	833	833
F1665_4	M2653_4	97	1266	242	242
F1665_4	M628_4	97	1210	171	171
F1665_4	M664_4	97	1292	721	721
F1665_4	M887_4	97	1245	477	477
F261_4	F1023_4	97	1470	357	688
F261_4	F1665_4	97	1376	682	1369
F261_4	F933_4	97	1183	49	101
F261_4	M1212_4	97	1215	168	348
F261_4	M1468_4	97	1098	131	261
F261_4	M1617_4	97	1197	410	849
F261_4	M1896_4	97	1202	196	388
F261_4	M215_4	97	1098	168	356
F261_4	M2602_4	97	1353	195	394
F261_4	M2653_4	97	1187	32	69
F261_4	M628_4	97	1289	18	45
F261_4	M664_4	97	1299	103	194
F261_4	M887_4	97	1250	44	81
F933_4	F1023_4	97	1305	1297	5266
F933_4	F1665_4	97	1285	1284	5119
F933_4	F261_4	97	1183	1178	4619
F933_4	M1212_4	97	1236	1208	4805
F933_4	M1468_4	97	1371	1322	5282
F933_4	M1617_4	97	1269	1260	4927
F933_4	M1896_4	97	1099	1076	4206
F933_4	M215_4	97	1354	1331	5241
F933_4	M2602_4	97	1165	1146	4552
F933_4	M2653_4	97	1329	1088	4329
F933_4	M628_4	97	1034	800	3160
F933_4	M664_4	97	1322	1274	5043
F933_4	M887_4	97	1267	1175	4692
M1212_4	F1023_4	97	1268	1024	1024
M1212_4	F1665_4	97	1184	1085	1085
M1212_4	F261_4	97	1215	1005	1005
M1212_4	F933_4	97	1236	376	376
M1212_4	M1468_4	97	1145	629	629
M1212_4	M1617_4	97	1224	1034	1034
M1212_4	M1896_4	97	1438	983	983
M1212_4	M215_4	97	1197	814	814
M1212_4	M2602_4	97	1133	757	757
M1212_4	M2653_4	97	1425	256	256
M1212_4	M628_4	97	1305	176	176
M1212_4	M664_4	97	1199	610	610
M1212_4	M887_4	97	1445	495	495
M1468_4	F1023_4	97	1223	1103	5352
M1468_4	F1665_4	97	1151	1108	5314
M1468_4	F261_4	97	1098	1027	4873
M1468_4	F933_4	97	1371	735	3563
M1468_4	M1212_4	97	1145	954	4659
M1468_4	M1617_4	97	1197	1125	5429
M1468_4	M1896_4	97	1233	1074	5190
M1468_4	M215_4	97	1131	944	4576
M1468_4	M2602_4	97	1346	1145	5548
M1468_4	M2653_4	97	1325	513	2428
M1468_4	M628_4	97	1252	324	1539
M1468_4	M664_4	97	1189	872	4261
M1468_4	M887_4	97	1292	744	3630
M1617_4	F1023_4	97	1191	1060	1060
M1617_4	F1665_4	97	1204	1158	1158
M1617_4	F261_4	97	1197	1105	1105
M1617_4	F933_4	97	1269	585	585
M1617_4	M1212_4	97	1224	996	996
M1617_4	M1468_4	97	1197	878	878
M1617_4	M1896_4	97	1143	908	908
M1617_4	M215_4	97	1206	982	982
M1617_4	M2602_4	97	1209	989	989
M1617_4	M2653_4	97	1290	424	424
M1617_4	M628_4	97	1276	255	255
M1617_4	M664_4	97	1250	867	867
M1617_4	M887_4	97	1174	627	627
M1896_4	F1023_4	97	1279	693	693
M1896_4	F1665_4	97	1181	888	888
M1896_4	F261_4	97	1202	737	737
M1896_4	F933_4	97	1099	125	125
M1896_4	M1212_4	97	1438	552	552
M1896_4	M1468_4	97	1233	340	340
M1896_4	M1617_4	97	1143	760	760
M1896_4	M215_4	97	1157	435	435
M1896_4	M2602_4	97	1215	510	510
M1896_4	M2653_4	97	1250	76	76
M1896_4	M628_4	97	1261	61	61
M1896_4	M664_4	97	1344	345	345
M1896_4	M887_4	97	1253	166	166
M215_4	F1023_4	97	1137	547	547
M215_4	F1665_4	97	1419	1061	1061
M215_4	F261_4	97	1098	643	643
M215_4	F933_4	97	1354	138	138
M215_4	M1212_4	97	1197	433	433
M215_4	M1468_4	97	1131	305	305
M215_4	M1617_4	97	1206	795	795
M215_4	M1896_4	97	1157	434	434
M215_4	M2602_4	97	1138	385	385
M215_4	M2653_4	97	1142	68	68
M215_4	M628_4	97	1285	47	47
M215_4	M664_4	97	1305	278	278
M215_4	M887_4	97	1351	151	151
M2602_4	F1023_4	97	1395	865	865
M2602_4	F1665_4	97	1180	990	990
M2602_4	F261_4	97	1353	926	926
M2602_4	F933_4	97	1165	180	180
M2602_4	M1212_4	97	1133	516	516
M2602_4	M1468_4	97	1346	477	477
M2602_4	M1617_4	97	1209	897	897
M2602_4	M1896_4	97	1215	578	578
M2602_4	M215_4	97	1138	525	525
M2602_4	M2653_4	97	1164	125	125
M2602_4	M628_4	97	1375	67	67
M2602_4	M664_4	97	1208	373	373
M2602_4	M887_4	97	1138	178	178
M2653_4	F1023_4	97	1415	1208	1498
M2653_4	F1665_4	97	1266	1195	1482
M2653_4	F261_4	97	1187	1045	1316
M2653_4	F933_4	97	1329	508	600
M2653_4	M1212_4	97	1425	1049	1309
M2653_4	M1468_4	97	1325	891	1094
M2653_4	M1617_4	97	1290	1158	1446
M2653_4	M1896_4	97	1250	934	1148
M2653_4	M215_4	97	1142	861	1057
M2653_4	M2602_4	97	1164	894	1112
M2653_4	M628_4	97	1312	215	262
M2653_4	M664_4	97	1221	769	972
M2653_4	M887_4	97	1288	523	644
M628_4	F1023_4	97	1419	841	1597
M628_4	F1665_4	97	1210	941	1714
M628_4	F261_4	97	1289	825	1554
M628_4	F933_4	97	1034	139	258
M628_4	M1212_4	97	1305	559	1049
M628_4	M1468_4	97	1252	399	704
M628_4	M1617_4	97	1276	924	1738
M628_4	M1896_4	97	1261	509	920
M628_4	M215_4	97	1285	527	981
M628_4	M2602_4	97	1375	577	1063
M628_4	M2653_4	97	1312	87	151
M628_4	M664_4	97	1262	337	620
M628_4	M887_4	97	1280	202	357
M664_4	F1023_4	97	1374	1309	1309
M664_4	F1665_4	97	1292	1264	1264
M664_4	F261_4	97	1299	1237	1237
M664_4	F933_4	97	1322	902	902
M664_4	M1212_4	97	1199	1094	1094
M664_4	M1468_4	97	1189	1041	1041
M664_4	M1617_4	97	1250	1214	1214
M664_4	M1896_4	97	1344	1225	1225
M664_4	M215_4	97	1305	1191	1191
M664_4	M2602_4	97	1208	1110	1110
M664_4	M2653_4	97	1221	615	615
M664_4	M628_4	97	1262	525	525
M664_4	M887_4	97	1327	945	945
M887_4	F1023_4	97	1407	1367	1367
M887_4	F1665_4	97	1245	1228	1228
M887_4	F261_4	97	1250	1216	1216
M887_4	F933_4	97	1267	1003	1003
M887_4	M1212_4	97	1445	1356	1356
M887_4	M1468_4	97	1292	1184	1184
M887_4	M1617_4	97	1174	1155	1155
M887_4	M1896_4	97	1253	1189	1189
M887_4	M215_4	97	1351	1281	1281
M887_4	M2602_4	97	1138	1094	1094
M887_4	M2653_4	97	1288	874	874
M887_4	M628_4	97	1280	754	754
M887_4	M664_4	97	1327	1207	1207
F1639_4	F1649_4	98	1253	504	504
F1639_4	F1987_4	98	1270	1089	1089
F1639_4	F2210_4	98	1231	491	491
F1639_4	F2483_4	98	1298	887	887
F1639_4	F77_4	98	1123	604	604
F1639_4	M1401_4	98	1431	167	167
F1639_4	M1427_4	98	1286	39	39
F1639_4	M204_4	98	1326	421	421
F1639_4	M226_4	98	1203	516	516
F1639_4	M2316_4	98	1346	618	618
F1639_4	M2474_4	98	1265	201	201
F1639_4	M2501_4	98	1316	168	168
F1639_4	M31_4	98	1228	220	220
F1649_4	F1639_4	98	1253	1225	1945
F1649_4	F1987_4	98	1289	1284	2043
F1649_4	F2210_4	98	1343	1294	2061
F1649_4	F2483_4	98	1259	1249	1966
F1649_4	F77_4	98	1065	1036	1666
F1649_4	M1401_4	98	1303	1106	1718
F1649_4	M1427_4	98	1241	759	1202
F1649_4	M204_4	98	1234	1168	1824
F1649_4	M226_4	98	1149	1115	1802
F1649_4	M2316_4	98	1121	1087	1744
F1649_4	M2474_4	98	1173	1027	1646
F1649_4	M2501_4	98	1198	1026	1666
F1649_4	M31_4	98	1175	1056	1697
F1987_4	F1639_4	98	1270	547	547
F1987_4	F1649_4	98	1289	394	394
F1987_4	F2210_4	98	1303	398	398
F1987_4	F2483_4	98	1246	755	755
F1987_4	F77_4	98	1085	498	498
F1987_4	M1401_4	98	1325	138	138
F1987_4	M1427_4	98	1344	33	33
F1987_4	M204_4	98	1269	303	303
F1987_4	M226_4	98	1100	401	401
F1987_4	M2316_4	98	1228	440	440
F1987_4	M2474_4	98	1358	190	190
F1987_4	M2501_4	98	1146	88	88
F1987_4	M31_4	98	1193	152	152
F2210_4	F1639_4	98	1231	482	1044
F2210_4	F1649_4	98	1343	355	790
F2210_4	F1987_4	98	1303	947	2068
F2210_4	F2483_4	98	1308	723	1618
F2210_4	F77_4	98	1327	531	1174
F2210_4	M1401_4	98	1227	101	212
F2210_4	M1427_4	98	1319	31	62
F2210_4	M204_4	98	1301	305	693
F2210_4	M226_4	98	1251	433	967
F2210_4	M2316_4	98	1290	398	855
F2210_4	M2474_4	98	1271	135	303
F2210_4	M2501_4	98	1434	129	272
F2210_4	M31_4	98	1321	167	362
F2483_4	F1639_4	98	1298	508	1575
F2483_4	F1649_4	98	1259	365	1146
F2483_4	F1987_4	98	1246	951	2951
F2483_4	F2210_4	98	1308	359	1142
F2483_4	F77_4	98	1238	534	1579
F2483_4	M1401_4	98	1296	100	277
F2483_4	M1427_4	98	1317	32	101
F2483_4	M204_4	98	1187	294	880
F2483_4	M226_4	98	1331	425	1309
F2483_4	M2316_4	98	1229	451	1436
F2483_4	M2474_4	98	1254	134	423
F2483_4	M2501_4	98	1216	101	304
F2483_4	M31_4	98	1277	165	485
F77_4	F1639_4	98	1123	382	382
F77_4	F1649_4	98	1065	236	236
F77_4	F1987_4	98	1085	774	774
F77_4	F2210_4	98	1327	312	312
F77_4	F2483_4	98	1238	651	651
F77_4	M1401_4	98	1371	84	84
F77_4	M1427_4	98	1262	29	29
F77_4	M204_4	98	1268	245	245
F77_4	M226_4	98	1256	328	328
F77_4	M2316_4	98	1360	394	394
F77_4	M2474_4	98	1313	116	116
F77_4	M2501_4	98	1304	94	94
F77_4	M31_4	98	1298	124	124
M1401_4	F1639_4	98	1431	1227	1227
M1401_4	F1649_4	98	1303	1001	1001
M1401_4	F1987_4	98	1325	1288	1288
M1401_4	F2210_4	98	1227	954	954
M1401_4	F2483_4	98	1296	1226	1226
M1401_4	F77_4	98	1371	1157	1157
M1401_4	M1427_4	98	1297	247	247
M1401_4	M204_4	98	1227	904	904
M1401_4	M226_4	98	1375	1117	1117
M1401_4	M2316_4	98	1288	1034	1034
M1401_4	M2474_4	98	1368	748	748
M1401_4	M2501_4	98	1235	568	568
M1401_4	M31_4	98	1345	750	750
M1427_4	F1639_4	98	1286	735	2066
M1427_4	F1649_4	98	1241	492	1412
M1427_4	F1987_4	98	1344	1125	3185
M1427_4	F2210_4	98	1319	549	1568
M1427_4	F2483_4	98	1317	952	2693
M1427_4	F77_4	98	1262	737	2139
M1427_4	M1401_4	98	1297	171	478
M1427_4	M204_4	98	1149	407	1162
M1427_4	M226_4	98	1234	578	1614
M1427_4	M2316_4	98	1403	657	1872
M1427_4	M2474_4	98	1484	236	663
M1427_4	M2501_4	98	1432	200	547
M1427_4	M31_4	98	1288	270	729
M204_4	F1639_4	98	1326	697	1077
M204_4	F1649_4	98	1234	468	761
M204_4	F1987_4	98	1269	1060	1721
M204_4	F2210_4	98	1301	515	830
M204_4	F2483_4	98	1187	830	1298
M204_4	F77_4	98	1268	705	1167
M204_4	M1401_4	98	1227	160	266
M204_4	M1427_4	98	1149	40	70
M204_4	M226_4	98	1091	509	826
M204_4	M2316_4	98	1269	603	970
M204_4	M2474_4	98	1268	210	364
M204_4	M2501_4	98	1153	150	225
M204_4	M31_4	98	1341	275	439
M226_4	F1639_4	98	1203	1037	1037
M226_4	F1649_4	98	1149	918	918
M226_4	F1987_4	98	1100	1063	1063
M226_4	F2210_4	98	1251	991	991
M226_4	F2483_4	98	1331	1247	1247
M226_4	F77_4	98	1256	1098	1098
M226_4	M1401_4	98	1375	637	637
M226_4	M1427_4	98	1234	214	214
M226_4	M204_4	98	1091	794	794
M226_4	M2316_4	98	1270	1045	1045
M226_4	M2474_4	98	1240	699	699
M226_4	M2501_4	98	1247	588	588
M226_4	M31_4	98	1306	730	730
M2316_4	F1639_4	98	1346	870	870
M2316_4	F1649_4	98	1121	599	599
M2316_4	F1987_4	98	1228	1102	1102
M2316_4	F2210_4	98	1290	708	708
M2316_4	F2483_4	98	1229	968	968
M2316_4	F77_4	98	1360	868	868
M2316_4	M1401_4	98	1288	274	274
M2316_4	M1427_4	98	1403	63	63
M2316_4	M204_4	98	1269	612	612
M2316_4	M226_4	98	1270	733	733
M2316_4	M2474_4	98	1287	327	327
M2316_4	M2501_4	98	1307	270	270
M2316_4	M31_4	98	1386	409	409
M2474_4	F1639_4	98	1265	870	2267
M2474_4	F1649_4	98	1173	672	1733
M2474_4	F1987_4	98	1358	1255	3165
M2474_4	F2210_4	98	1271	737	1873
M2474_4	F2483_4	98	1254	1065	2699
M2474_4	F77_4	98	1313	920	2283
M2474_4	M1401_4	98	1368	338	919
M2474_4	M1427_4	98	1484	100	258
M2474_4	M204_4	98	1268	648	1621
M2474_4	M226_4	98	1240	814	2059
M2474_4	M2316_4	98	1287	827	2064
M2474_4	M2501_4	98	1200	285	713
M2474_4	M31_4	98	1304	440	1079
M2501_4	F1639_4	98	1316	1277	2603
M2501_4	F1649_4	98	1198	1143	2322
M2501_4	F1987_4	98	1146	1137	2299
M2501_4	F2210_4	98	1434	1371	2812
M2501_4	F2483_4	98	1216	1188	2414
M2501_4	F77_4	98	1304	1272	2588
M2501_4	M1401_4	98	1235	1004	2041
M2501_4	M1427_4	98	1432	775	1536
M2501_4	M204_4	98	1153	1093	2201
M2501_4	M226_4	98	1247	1206	2477
M2501_4	M2316_4	98	1307	1250	2552
M2501_4	M2474_4	98	1200	1032	2112
M2501_4	M31_4	98	1099	961	1959
M31_4	F1639_4	98	1228	873	873
M31_4	F1649_4	98	1175	699	699
M31_4	F1987_4	98	1193	1092	1092
M31_4	F2210_4	98	1321	775	775
M31_4	F2483_4	98	1277	1085	1085
M31_4	F77_4	98	1298	947	947
M31_4	M1401_4	98	1345	320	320
M31_4	M1427_4	98	1288	109	109
M31_4	M204_4	98	1341	710	710
M31_4	M226_4	98	1306	857	857
M31_4	M2316_4	98	1386	868	868
M31_4	M2474_4	98	1304	422	422
M31_4	M2501_4	98	1099	267	267
F1144_4	F1258_4	99	1345	300	512
F1144_4	F1938_4	99	1302	249	395
F1144_4	F2624_4	99	1262	270	443
F1144_4	F518_4	99	1197	102	173
F1144_4	F62_4	99	1336	148	230
F1144_4	F762_4	99	1147	32	46
F1144_4	F851_4	99	1275	7	13
F1144_4	F89_4	99	1215	466	754
F1144_4	M1343_4	99	1306	115	169
F1144_4	M1691_4	99	1418	10	16
F1144_4	M1811_4	99	1472	131	200
F1144_4	M268_4	99	1200	29	46
F1144_4	M2798_4	99	1229	82	131
F1258_4	F1144_4	99	1345	81	81
F1258_4	F1938_4	99	1245	429	429
F1258_4	F2624_4	99	1340	499	499
F1258_4	F518_4	99	1344	289	289
F1258_4	F62_4	99	1181	298	298
F1258_4	F762_4	99	1286	86	86
F1258_4	F851_4	99	1244	22	22
F1258_4	F89_4	99	1357	828	828
F1258_4	M1343_4	99	1408	295	295
F1258_4	M1691_4	99	1320	22	22
F1258_4	M1811_4	99	1226	310	310
F1258_4	M268_4	99	1223	82	82
F1258_4	M2798_4	99	1243	164	164
F1938_4	F1144_4	99	1302	441	1346
F1938_4	F1258_4	99	1245	1080	3321
F1938_4	F2624_4	99	1142	949	2908
F1938_4	F518_4	99	1171	784	2428
F1938_4	F62_4	99	1301	929	2909
F1938_4	F762_4	99	1218	454	1351
F1938_4	F851_4	99	1179	192	578
F1938_4	F89_4	99	1241	1155	3526
F1938_4	M1343_4	99	1366	900	2767
F1938_4	M1691_4	99	1381	144	438
F1938_4	M1811_4	99	1145	799	2479
F1938_4	M268_4	99	1261	436	1366
F1938_4	M2798_4	99	1261	715	2250
F2624_4	F1144_4	99	1262	8	18
F2624_4	F1258_4	99	1340	144	314
F2624_4	F1938_4	99	1142	92	222
F2624_4	F518_4	99	1331	58	126
F2624_4	F62_4	99	1195	55	121
F2624_4	F762_4	99	1256	21	50
F2624_4	F851_4	99	1224	6	16
F2624_4	F89_4	99	1195	254	584
F2624_4	M1343_4	99	1221	48	103
F2624_4	M1691_4	99	1226	5	13
F2624_4	M1811_4	99	1135	57	146
F2624_4	M268_4	99	1223	14	35
F2624_4	M2798_4	99	1245	30	67
F518_4	F1144_4	99	1197	74	86
F518_4	F1258_4	99	1344	696	821
F518_4	F1938_4	99	1171	517	610
F518_4	F2624_4	99	1331	639	747
F518_4	F62_4	99	1227	392	460
F518_4	F762_4	99	1293	120	141
F518_4	F851_4	99	1225	37	41
F518_4	F89_4	99	1370	901	1097
F518_4	M1343_4	99	1190	302	368
F518_4	M1691_4	99	1076	21	28
F518_4	M1811_4	99	1386	408	497
F518_4	M268_4	99	1223	104	127
F518_4	M2798_4	99	1298	228	265
F62_4	F1144_4	99	1336	644	1551
F62_4	F1258_4	99	1181	1084	2683
F62_4	F1938_4	99	1301	1169	2882
F62_4	F2624_4	99	1195	1092	2686
F62_4	F518_4	99	1227	964	2407
F62_4	F762_4	99	1244	641	1591
F62_4	F851_4	99	1269	304	775
F62_4	F89_4	99	1185	1151	2856
F62_4	M1343_4	99	1467	1182	2930
F62_4	M1691_4	99	1154	220	538
F62_4	M1811_4	99	1296	1045	2540
F62_4	M268_4	99	1391	713	1684
F62_4	M2798_4	99	1295	905	2276
F762_4	F1144_4	99	1147	133	336
F762_4	F1258_4	99	1286	804	1985
F762_4	F1938_4	99	1218	679	1653
F762_4	F2624_4	99	1256	769	1887
F762_4	F518_4	99	1293	474	1198
F762_4	F62_4	99	1244	521	1266
F762_4	F851_4	99	1263	45	110
F762_4	F89_4	99	1315	1027	2569
F762_4	M1343_4	99	1245	476	1167
F762_4	M1691_4	99	1093	34	87
F762_4	M1811_4	99	1431	562	1416
F762_4	M268_4	99	1210	170	411
F762_4	M2798_4	99	1153	303	748
F851_4	F1144_4	99	1275	283	283
F851_4	F1258_4	99	1244	941	941
F851_4	F1938_4	99	1179	811	811
F851_4	F2624_4	99	1224	883	883
F851_4	F518_4	99	1225	628	628
F851_4	F62_4	99	1269	742	742
F851_4	F762_4	99	1263	276	276
F851_4	F89_4	99	1090	931	931
F851_4	M1343_4	99	1212	647	647
F851_4	M1691_4	99	1325	84	84
F851_4	M1811_4	99	1256	664	664
F851_4	M268_4	99	1322	282	282
F851_4	M2798_4	99	1260	516	516
F89_4	F1144_4	99	1215	400	522
F89_4	F1258_4	99	1357	1182	1525
F89_4	F1938_4	99	1241	1033	1325
F89_4	F2624_4	99	1195	1024	1347
F89_4	F518_4	99	1370	961	1213
F89_4	F62_4	99	1185	894	1126
F89_4	F762_4	99	1315	513	664
F89_4	F851_4	99	1090	183	233
F89_4	M1343_4	99	1276	880	1108
F89_4	M1691_4	99	1261	145	178
F89_4	M1811_4	99	1268	907	1155
F89_4	M268_4	99	1242	456	596
F89_4	M2798_4	99	1188	699	889
M1343_4	F1144_4	99	1306	971	971
M1343_4	F1258_4	99	1408	1369	1369
M1343_4	F1938_4	99	1366	1324	1324
M1343_4	F2624_4	99	1221	1181	1181
M1343_4	F518_4	99	1190	1101	1101
M1343_4	F62_4	99	1467	1383	1383
M1343_4	F762_4	99	1245	968	968
M1343_4	F851_4	99	1212	643	643
M1343_4	F89_4	99	1276	1254	1254
M1343_4	M1691_4	99	1131	491	491
M1343_4	M1811_4	99	1236	1154	1154
M1343_4	M268_4	99	1308	976	976
M1343_4	M2798_4	99	1336	1161	1161
M1691_4	F1144_4	99	1418	1183	2456
M1691_4	F1258_4	99	1320	1295	2686
M1691_4	F1938_4	99	1381	1352	2750
M1691_4	F2624_4	99	1226	1197	2442
M1691_4	F518_4	99	1076	1020	2072
M1691_4	F62_4	99	1154	1117	2341
M1691_4	F762_4	99	1093	951	1959
M1691_4	F851_4	99	1325	831	1707
M1691_4	F89_4	99	1261	1252	2576
M1691_4	M1343_4	99	1131	1078	2313
M1691_4	M1811_4	99	1139	1097	2239
M1691_4	M268_4	99	1336	1110	2255
M1691_4	M2798_4	99	1256	1161	2432
M1811_4	F1144_4	99	1472	559	817
M1811_4	F1258_4	99	1226	1088	1595
M1811_4	F1938_4	99	1145	994	1477
M1811_4	F2624_4	99	1135	973	1422
M1811_4	F518_4	99	1386	979	1443
M1811_4	F62_4	99	1296	1002	1497
M1811_4	F762_4	99	1431	609	909
M1811_4	F851_4	99	1256	246	360
M1811_4	F89_4	99	1268	1210	1797
M1811_4	M1343_4	99	1236	927	1432
M1811_4	M1691_4	99	1139	151	208
M1811_4	M268_4	99	1127	455	663
M1811_4	M2798_4	99	1265	804	1183
M268_4	F1144_4	99	1200	462	1168
M268_4	F1258_4	99	1223	1068	2854
M268_4	F1938_4	99	1261	1074	2804
M268_4	F2624_4	99	1223	1076	2852
M268_4	F518_4	99	1223	872	2217
M268_4	F62_4	99	1391	1027	2765
M268_4	F762_4	99	1210	466	1199
M268_4	F851_4	99	1322	241	627
M268_4	F89_4	99	1242	1167	3054
M268_4	M1343_4	99	1308	926	2448
M268_4	M1691_4	99	1336	171	433
M268_4	M1811_4	99	1127	831	2207
M268_4	M2798_4	99	1317	798	2090
M2798_4	F1144_4	99	1229	854	854
M2798_4	F1258_4	99	1243	1211	1211
M2798_4	F1938_4	99	1261	1210	1210
M2798_4	F2624_4	99	1245	1197	1197
M2798_4	F518_4	99	1298	1179	1179
M2798_4	F62_4	99	1295	1199	1199
M2798_4	F762_4	99	1153	809	809
M2798_4	F851_4	99	1260	570	570
M2798_4	F89_4	99	1188	1170	1170
M2798_4	M1343_4	99	1336	1213	1213
M2798_4	M1691_4	99	1256	454	454
M2798_4	M1811_4	99	1265	1168	1168
M2798_4	M268_4	99	1317	951	951
F1195_4	F1496_4	100	1192	599	936
F1195_4	F2402_4	100	1268	114	186
F1195_4	F2423_4	100	1271	85	129
F1195_4	F2745_4	100	1181	219	342
F1195_4	F319_4	100	1310	10	12
F1195_4	F68_4	100	1357	87	140
F1195_4	M1022_4	100	1278	222	347
F1195_4	M1109_4	100	1235	192	291
F1195_4	M476_4	100	1206	34	50
F1195_4	M630_4	100	1144	13	21
F1195_4	M769_4	100	1297	92	141
F1195_4	M8_4	100	1242	180	292
F1195_4	M968_4	100	1270	297	460
F1496_4	F1195_4	100	1192	643	1427
F1496_4	F2402_4	100	1237	742	1572
F1496_4	F2423_4	100	1389	808	1802
F1496_4	F2745_4	100	1291	1054	2288
F1496_4	F319_4	100	1150	129	303
F1496_4	F68_4	100	1351	810	1715
F1496_4	M1022_4	100	1246	985	2094
F1496_4	M1109_4	100	1398	1078	2263
F1496_4	M476_4	100	1315	476	1056
F1496_4	M630_4	100	1044	179	381
F1496_4	M769_4	100	1164	646	1415
F1496_4	M8_4	100	1156	888	1899
F1496_4	M968_4	100	1305	1100	2372
F2402_4	F1195_4	100	1268	811	2278
F2402_4	F1496_4	100	1237	1195	3354
F2402_4	F2423_4	100	1255	825	2270
F2402_4	F2745_4	100	1239	1093	3019
F2402_4	F319_4	100	1191	213	570
F2402_4	F68_4	100	1363	935	2632
F2402_4	M1022_4	100	1214	1031	2935
F2402_4	M1109_4	100	1135	932	2535
F2402_4	M476_4	100	1324	556	1560
F2402_4	M630_4	100	1170	267	716
F2402_4	M769_4	100	1242	764	2103
F2402_4	M8_4	100	1259	1024	2895
F2402_4	M968_4	100	1116	1005	2852
F2423_4	F1195_4	100	1271	152	152
F2423_4	F1496_4	100	1389	942	942
F2423_4	F2402_4	100	1255	198	198
F2423_4	F2745_4	100	1214	440	440
F2423_4	F319_4	100	1248	11	11
F2423_4	F68_4	100	1358	213	213
F2423_4	M1022_4	100	1305	413	413
F2423_4	M1109_4	100	1545	448	448
F2423_4	M476_4	100	1161	85	85
F2423_4	M630_4	100	1304	27	27
F2423_4	M769_4	100	1228	137	137
F2423_4	M8_4	100	1314	343	343
F2423_4	M968_4	100	1243	515	515
F2745_4	F1195_4	100	1181	720	1671
F2745_4	F1496_4	100	1291	1233	2838
F2745_4	F2402_4	100	1239	790	1891
F2745_4	F2423_4	100	1214	741	1746
F2745_4	F319_4	100	1302	167	401
F2745_4	F68_4	100	1222	794	1868
F2745_4	M1022_4	100	1371	1149	2728
F2745_4	M1109_4	100	1098	898	2109
F2745_4	M476_4	100	1257	487	1177
F2745_4	M630_4	100	1316	275	667
F2745_4	M769_4	100	1341	787	1845
F2745_4	M8_4	100	1275	1023	2422
F2745_4	M968_4	100	1301	1142	2755
F319_4	F1195_4	100	1310	29	40
F319_4	F1496_4	100	1150	239	357
F319_4	F2402_4	100	1191	27	43
F319_4	F2423_4	100	1248	38	51
F319_4	F2745_4	100	1302	95	130
F319_4	F68_4	100	1324	29	41
F319_4	M1022_4	100	1380	80	110
F319_4	M1109_4	100	1191	48	64
F319_4	M476_4	100	1057	8	10
F319_4	M630_4	100	1198	5	6
F319_4	M769_4	100	1255	29	35
F319_4	M8_4	100	1230	72	88
F319_4	M968_4	100	1263	107	139
F68_4	F1195_4	100	1357	664	664
F68_4	F1496_4	100	1351	1258	1258
F68_4	F2402_4	100	1363	705	705
F68_4	F2423_4	100	1358	708	708
F68_4	F2745_4	100	1222	949	949
F68_4	F319_4	100	1324	135	135
F68_4	M1022_4	100	1085	832	832
F68_4	M1109_4	100	1166	842	842
F68_4	M476_4	100	1333	380	380
F68_4	M630_4	100	1352	222	222
F68_4	M769_4	100	1267	563	563
F68_4	M8_4	100	1096	791	791
F68_4	M968_4	100	1270	1038	1038
M1022_4	F1195_4	100	1278	1013	1197
M1022_4	F1496_4	100	1246	1229	1480
M1022_4	F2402_4	100	1214	1027	1222
M1022_4	F2423_4	100	1305	1076	1269
M1022_4	F2745_4	100	1371	1275	1510
M1022_4	F319_4	100	1380	439	522
M1022_4	F68_4	100	1085	901	1096
M1022_4	M1109_4	100	1278	1187	1438
M1022_4	M476_4	100	1263	795	953
M1022_4	M630_4	100	1174	477	586
M1022_4	M769_4	100	1151	910	1069
M1022_4	M8_4	100	1226	1138	1378
M1022_4	M968_4	100	1243	1178	1378
M1109_4	F1195_4	100	1235	152	152
M1109_4	F1496_4	100	1398	923	923
M1109_4	F2402_4	100	1135	159	159
M1109_4	F2423_4	100	1545	204	204
M1109_4	F2745_4	100	1098	338	338
M1109_4	F319_4	100	1191	11	11
M1109_4	F68_4	100	1166	165	165
M1109_4	M1022_4	100	1278	384	384
M1109_4	M476_4	100	1309	71	71
M1109_4	M630_4	100	1267	34	34
M1109_4	M769_4	100	1246	135	135
M1109_4	M8_4	100	1179	326	326
M1109_4	M968_4	100	1388	532	532
M476_4	F1195_4	100	1206	858	858
M476_4	F1496_4	100	1315	1287	1287
M476_4	F2402_4	100	1324	1047	1047
M476_4	F2423_4	100	1161	845	845
M476_4	F2745_4	100	1257	1159	1159
M476_4	F319_4	100	1057	236	236
M476_4	F68_4	100	1333	1014	1014
M476_4	M1022_4	100	1263	1152	1152
M476_4	M1109_4	100	1309	1128	1128
M476_4	M630_4	100	1280	411	411
M476_4	M769_4	100	1150	811	811
M476_4	M8_4	100	1208	1035	1035
M476_4	M968_4	100	1299	1201	1201
M630_4	F1195_4	100	1144	727	1415
M630_4	F1496_4	100	1044	1007	1925
M630_4	F2402_4	100	1170	772	1501
M630_4	F2423_4	100	1304	853	1691
M630_4	F2745_4	100	1316	1130	2229
M630_4	F319_4	100	1198	179	354
M630_4	F68_4	100	1352	924	1813
M630_4	M1022_4	100	1174	1007	1949
M630_4	M1109_4	100	1267	1036	2029
M630_4	M476_4	100	1280	516	1047
M630_4	M769_4	100	1371	820	1646
M630_4	M8_4	100	1213	985	1937
M630_4	M968_4	100	1169	1030	2031
M769_4	F1195_4	100	1297	951	1521
M769_4	F1496_4	100	1164	1144	1800
M769_4	F2402_4	100	1242	968	1574
M769_4	F2423_4	100	1228	926	1487
M769_4	F2745_4	100	1341	1227	2024
M769_4	F319_4	100	1255	283	450
M769_4	F68_4	100	1267	965	1588
M769_4	M1022_4	100	1151	1046	1704
M769_4	M1109_4	100	1246	1104	1777
M769_4	M476_4	100	1150	641	1045
M769_4	M630_4	100	1371	454	723
M769_4	M8_4	100	1446	1260	2047
M769_4	M968_4	100	1250	1154	1810
M8_4	F1195_4	100	1242	55	55
M8_4	F1496_4	100	1156	447	447
M8_4	F2402_4	100	1259	54	54
M8_4	F2423_4	100	1314	73	73
M8_4	F2745_4	100	1275	164	164
M8_4	F319_4	100	1230	9	9
M8_4	F68_4	100	1096	51	51
M8_4	M1022_4	100	1226	184	184
M8_4	M1109_4	100	1179	133	133
M8_4	M476_4	100	1208	22	22
M8_4	M630_4	100	1213	7	7
M8_4	M769_4	100	1446	54	54
M8_4	M968_4	100	1166	217	217
M968_4	F1195_4	100	1270	71	71
M968_4	F1496_4	100	1305	550	550
M968_4	F2402_4	100	1116	72	72
M968_4	F2423_4	100	1243	59	59
M968_4	F2745_4	100	1301	200	200
M968_4	F319_4	100	1263	7	7
M968_4	F68_4	100	1270	63	63
M968_4	M1022_4	100	1243	161	161
M968_4	M1109_4	100	1388	162	162
M968_4	M476_4	100	1299	23	23
M968_4	M630_4	100	1169	9	9
M968_4	M769_4	100	1250	46	46
M968_4	M8_4	100	1166	136	136
F1158_4	F1260_4	101	1226	851	1597
F1158_4	F2297_4	101	1262	516	931
F1158_4	F2459_4	101	1311	991	1846
F1158_4	F800_4	101	1547	1257	2340
F1158_4	M1092_4	101	1305	412	798
F1158_4	M1223_4	101	1347	385	722
F1158_4	M1511_4	101	1259	1020	1908
F1158_4	M1512_4	101	1283	996	1882
F1158_4	M2171_4	101	1239	433	813
F1158_4	M2179_4	101	1340	531	962
F1158_4	M672_4	101	1248	284	546
F1158_4	M752_4	101	1156	994	1866
F1158_4	M903_4	101	1366	577	1115
F1260_4	F1158_4	101	1226	1180	2314
F1260_4	F2297_4	101	1221	903	1808
F1260_4	F2459_4	101	1279	1182	2250
F1260_4	F800_4	101	1240	1176	2215
F1260_4	M1092_4	101	1245	832	1608
F1260_4	M1223_4	101	1250	780	1498
F1260_4	M1511_4	101	1143	1092	2117
F1260_4	M1512_4	101	1246	1156	2216
F1260_4	M2171_4	101	1400	1031	2002
F1260_4	M2179_4	101	1289	954	1843
F1260_4	M672_4	101	1193	636	1231
F1260_4	M752_4	101	1292	1259	2491
F1260_4	M903_4	101	1276	961	1836
F2297_4	F1158_4	101	1262	703	703
F2297_4	F1260_4	101	1221	426	426
F2297_4	F2459_4	101	1370	563	563
F2297_4	F800_4	101	1204	608	608
F2297_4	M1092_4	101	1307	123	123
F2297_4	M1223_4	101	1253	93	93
F2297_4	M1511_4	101	1136	557	557
F2297_4	M1512_4	101	1319	578	578
F2297_4	M2171_4	101	1307	154	154
F2297_4	M2179_4	101	1338	179	179
F2297_4	M672_4	101	1187	66	66
F2297_4	M752_4	101	1369	844	844
F2297_4	M903_4	101	1349	218	218
F2459_4	F1158_4	101	1311	1030	1030
F2459_4	F1260_4	101	1279	754	754
F2459_4	F2297_4	101	1370	391	391
F2459_4	F800_4	101	1205	841	841
F2459_4	M1092_4	101	1255	273	273
F2459_4	M1223_4	101	1266	237	237
F2459_4	M1511_4	101	1316	944	944
F2459_4	M1512_4	101	1305	844	844
F2459_4	M2171_4	101	1423	384	384
F2459_4	M2179_4	101	1314	355	355
F2459_4	M672_4	101	1266	180	180
F2459_4	M752_4	101	1343	1085	1085
F2459_4	M903_4	101	1147	335	335
F800_4	F1158_4	101	1547	1266	2783
F800_4	F1260_4	101	1240	823	1808
F800_4	F2297_4	101	1204	432	951
F800_4	F2459_4	101	1205	862	1862
F800_4	M1092_4	101	1284	352	793
F800_4	M1223_4	101	1160	264	572
F800_4	M1511_4	101	1294	976	2211
F800_4	M1512_4	101	1332	996	2224
F800_4	M2171_4	101	1180	388	901
F800_4	M2179_4	101	1136	355	792
F800_4	M672_4	101	1261	212	460
F800_4	M752_4	101	1250	1050	2335
F800_4	M903_4	101	1472	525	1209
M1092_4	F1158_4	101	1305	1184	1184
M1092_4	F1260_4	101	1245	1041	1041
M1092_4	F2297_4	101	1307	723	723
M1092_4	F2459_4	101	1255	1070	1070
M1092_4	F800_4	101	1284	1156	1156
M1092_4	M1223_4	101	1135	467	467
M1092_4	M1511_4	101	1141	1022	1022
M1092_4	M1512_4	101	1173	1005	1005
M1092_4	M2171_4	101	1235	707	707
M1092_4	M2179_4	101	1348	786	786
M1092_4	M672_4	101	1189	429	429
M1092_4	M752_4	101	1253	1173	1173
M1092_4	M903_4	101	1274	739	739
M1223_4	F1158_4	101	1347	1097	1190
M1223_4	F1260_4	101	1250	771	836
M1223_4	F2297_4	101	1253	403	434
M1223_4	F2459_4	101	1266	854	936
M1223_4	F800_4	101	1160	865	937
M1223_4	M1092_4	101	1135	267	290
M1223_4	M1511_4	101	1399	1033	1130
M1223_4	M1512_4	101	1370	947	1039
M1223_4	M2171_4	101	1244	363	401
M1223_4	M2179_4	101	1290	373	407
M1223_4	M672_4	101	1167	154	169
M1223_4	M752_4	101	1181	963	1053
M1223_4	M903_4	101	1128	364	404
M1511_4	F1158_4	101	1259	994	1554
M1511_4	F1260_4	101	1143	700	1097
M1511_4	F2297_4	101	1136	372	540
M1511_4	F2459_4	101	1316	905	1406
M1511_4	F800_4	101	1294	1010	1575
M1511_4	M1092_4	101	1141	293	435
M1511_4	M1223_4	101	1399	299	466
M1511_4	M1512_4	101	1337	940	1434
M1511_4	M2171_4	101	1318	431	639
M1511_4	M2179_4	101	1195	377	576
M1511_4	M672_4	101	1246	214	318
M1511_4	M752_4	101	1130	946	1454
M1511_4	M903_4	101	1263	456	716
M1512_4	F1158_4	101	1283	984	984
M1512_4	F1260_4	101	1246	760	760
M1512_4	F2297_4	101	1319	412	412
M1512_4	F2459_4	101	1305	890	890
M1512_4	F800_4	101	1332	1006	1006
M1512_4	M1092_4	101	1173	251	251
M1512_4	M1223_4	101	1370	290	290
M1512_4	M1511_4	101	1337	959	959
M1512_4	M2171_4	101	1380	390	390
M1512_4	M2179_4	101	1147	318	318
M1512_4	M672_4	101	1213	182	182
M1512_4	M752_4	101	1310	1063	1063
M1512_4	M903_4	101	1178	383	383
M2171_4	F1158_4	101	1239	1180	1180
M2171_4	F1260_4	101	1400	1224	1224
M2171_4	F2297_4	101	1307	881	881
M2171_4	F2459_4	101	1423	1307	1307
M2171_4	F800_4	101	1180	1088	1088
M2171_4	M1092_4	101	1235	691	691
M2171_4	M1223_4	101	1244	662	662
M2171_4	M1511_4	101	1318	1202	1202
M2171_4	M1512_4	101	1380	1250	1250
M2171_4	M2179_4	101	1260	830	830
M2171_4	M672_4	101	1163	527	527
M2171_4	M752_4	101	1202	1153	1153
M2171_4	M903_4	101	1232	830	830
M2179_4	F1158_4	101	1340	933	2912
M2179_4	F1260_4	101	1289	571	1802
M2179_4	F2297_4	101	1338	283	889
M2179_4	F2459_4	101	1314	705	2219
M2179_4	F800_4	101	1136	701	2182
M2179_4	M1092_4	101	1348	201	646
M2179_4	M1223_4	101	1290	148	445
M2179_4	M1511_4	101	1195	747	2314
M2179_4	M1512_4	101	1147	664	2095
M2179_4	M2171_4	101	1260	254	828
M2179_4	M672_4	101	1167	122	379
M2179_4	M752_4	101	1172	842	2596
M2179_4	M903_4	101	1214	276	871
M672_4	F1158_4	101	1248	831	2148
M672_4	F1260_4	101	1193	509	1328
M672_4	F2297_4	101	1187	233	660
M672_4	F2459_4	101	1266	610	1639
M672_4	F800_4	101	1261	784	2027
M672_4	M1092_4	101	1189	160	438
M672_4	M1223_4	101	1167	116	320
M672_4	M1511_4	101	1246	663	1780
M672_4	M1512_4	101	1213	610	1641
M672_4	M2171_4	101	1163	215	612
M672_4	M2179_4	101	1167	208	562
M672_4	M752_4	101	1251	886	2319
M672_4	M903_4	101	1318	238	633
M752_4	F1158_4	101	1156	434	434
M752_4	F1260_4	101	1292	283	283
M752_4	F2297_4	101	1369	119	119
M752_4	F2459_4	101	1343	375	375
M752_4	F800_4	101	1250	433	433
M752_4	M1092_4	101	1253	54	54
M752_4	M1223_4	101	1181	61	61
M752_4	M1511_4	101	1130	361	361
M752_4	M1512_4	101	1310	359	359
M752_4	M2171_4	101	1202	78	78
M752_4	M2179_4	101	1172	77	77
M752_4	M672_4	101	1251	37	37
M752_4	M903_4	101	1235	102	102
M903_4	F1158_4	101	1366	1106	3162
M903_4	F1260_4	101	1276	804	2213
M903_4	F2297_4	101	1349	482	1359
M903_4	F2459_4	101	1147	801	2229
M903_4	F800_4	101	1472	1141	3108
M903_4	M1092_4	101	1274	330	922
M903_4	M1223_4	101	1128	246	667
M903_4	M1511_4	101	1263	950	2647
M903_4	M1512_4	101	1178	872	2424
M903_4	M2171_4	101	1232	406	1112
M903_4	M2179_4	101	1214	443	1231
M903_4	M672_4	101	1318	226	608
M903_4	M752_4	101	1235	1040	2874
F1033_4	F1156_4	102	1318	1261	2009
F1033_4	F1353_4	102	1086	1034	1648
F1033_4	F1729_4	102	1320	662	1044
F1033_4	F1832_4	102	1205	338	527
F1033_4	F2157_4	102	1213	602	954
F1033_4	F2432_4	102	1347	614	978
F1033_4	F2512_4	102	1112	663	1046
F1033_4	F816_4	102	1435	1188	1872
F1033_4	M1531_4	102	1361	942	1488
F1033_4	M1704_4	102	1277	941	1469
F1033_4	M1999_4	102	1227	1030	1615
F1033_4	M2656_4	102	1334	907	1434
F1033_4	M39_4	102	1366	1101	1763
F1156_4	F1033_4	102	1318	1158	1158
F1156_4	F1353_4	102	1222	1214	1214
F1156_4	F1729_4	102	1270	1152	1152
F1156_4	F1832_4	102	1322	1052	1052
F1156_4	F2157_4	102	1226	1116	1116
F1156_4	F2432_4	102	1386	1269	1269
F1156_4	F2512_4	102	1156	1092	1092
F1156_4	F816_4	102	1212	1190	1190
F1156_4	M1531_4	102	1237	1193	1193
F1156_4	M1704_4	102	1315	1273	1273
F1156_4	M1999_4	102	1176	1157	1157
F1156_4	M2656_4	102	1246	1193	1193
F1156_4	M39_4	102	1347	1321	1321
F1353_4	F1033_4	102	1086	934	2884
F1353_4	F1156_4	102	1222	1218	3669
F1353_4	F1729_4	102	1344	1209	3702
F1353_4	F1832_4	102	1216	957	2977
F1353_4	F2157_4	102	1324	1192	3666
F1353_4	F2432_4	102	1395	1235	3808
F1353_4	F2512_4	102	1230	1160	3605
F1353_4	F816_4	102	1225	1201	3725
F1353_4	M1531_4	102	1364	1288	4041
F1353_4	M1704_4	102	1141	1096	3338
F1353_4	M1999_4	102	1278	1250	3818
F1353_4	M2656_4	102	1436	1376	4349
F1353_4	M39_4	102	1209	1182	3733
F1729_4	F1033_4	102	1320	477	477
F1729_4	F1156_4	102	1270	1204	1204
F1729_4	F1353_4	102	1344	1278	1278
F1729_4	F1832_4	102	1248	292	292
F1729_4	F2157_4	102	1272	537	537
F1729_4	F2432_4	102	1283	536	536
F1729_4	F2512_4	102	1177	637	637
F1729_4	F816_4	102	1440	1097	1097
F1729_4	M1531_4	102	1111	704	704
F1729_4	M1704_4	102	1298	930	930
F1729_4	M1999_4	102	1169	926	926
F1729_4	M2656_4	102	1237	772	772
F1729_4	M39_4	102	1075	879	879
F1832_4	F1033_4	102	1205	858	858
F1832_4	F1156_4	102	1322	1305	1305
F1832_4	F1353_4	102	1216	1198	1198
F1832_4	F1729_4	102	1248	963	963
F1832_4	F2157_4	102	1385	1059	1059
F1832_4	F2432_4	102	1423	1071	1071
F1832_4	F2512_4	102	1208	1013	1013
F1832_4	F816_4	102	1208	1141	1141
F1832_4	M1531_4	102	1182	1030	1030
F1832_4	M1704_4	102	1357	1224	1224
F1832_4	M1999_4	102	1315	1239	1239
F1832_4	M2656_4	102	1340	1145	1145
F1832_4	M39_4	102	1293	1211	1211
F2157_4	F1033_4	102	1213	165	306
F2157_4	F1156_4	102	1226	1060	2032
F2157_4	F1353_4	102	1324	1152	2185
F2157_4	F1729_4	102	1272	275	527
F2157_4	F1832_4	102	1385	124	229
F2157_4	F2432_4	102	1257	245	432
F2157_4	F2512_4	102	1260	359	679
F2157_4	F816_4	102	1217	651	1200
F2157_4	M1531_4	102	1309	485	888
F2157_4	M1704_4	102	1116	498	959
F2157_4	M1999_4	102	1390	831	1560
F2157_4	M2656_4	102	1271	441	834
F2157_4	M39_4	102	1129	636	1188
F2432_4	F1033_4	102	1347	502	546
F2432_4	F1156_4	102	1386	1328	1424
F2432_4	F1353_4	102	1395	1327	1455
F2432_4	F1729_4	102	1283	557	591
F2432_4	F1832_4	102	1423	353	386
F2432_4	F2157_4	102	1257	528	570
F2432_4	F2512_4	102	1394	821	904
F2432_4	F816_4	102	1439	1132	1211
F2432_4	M1531_4	102	1336	849	931
F2432_4	M1704_4	102	1195	853	933
F2432_4	M1999_4	102	1400	1154	1249
F2432_4	M2656_4	102	1250	792	858
F2432_4	M39_4	102	1195	968	1050
F2512_4	F1033_4	102	1112	339	626
F2512_4	F1156_4	102	1156	1069	1994
F2512_4	F1353_4	102	1230	1144	2165
F2512_4	F1729_4	102	1177	451	876
F2512_4	F1832_4	102	1208	205	390
F2512_4	F2157_4	102	1260	438	805
F2512_4	F2432_4	102	1394	454	855
F2512_4	F816_4	102	1247	891	1647
F2512_4	M1531_4	102	1108	609	1164
F2512_4	M1704_4	102	1281	820	1571
F2512_4	M1999_4	102	1093	806	1501
F2512_4	M2656_4	102	1134	606	1109
F2512_4	M39_4	102	1167	877	1652
F816_4	F1033_4	102	1435	133	354
F816_4	F1156_4	102	1212	962	2786
F816_4	F1353_4	102	1225	959	2747
F816_4	F1729_4	102	1440	217	613
F816_4	F1832_4	102	1208	77	244
F816_4	F2157_4	102	1217	168	479
F816_4	F2432_4	102	1439	168	488
F816_4	F2512_4	102	1247	221	642
F816_4	M1531_4	102	1125	280	852
F816_4	M1704_4	102	1345	458	1279
F816_4	M1999_4	102	1368	639	1881
F816_4	M2656_4	102	1165	333	995
F816_4	M39_4	102	1364	591	1753
M1531_4	F1033_4	102	1361	78	244
M1531_4	F1156_4	102	1237	814	2603
M1531_4	F1353_4	102	1364	908	2890
M1531_4	F1729_4	102	1111	86	266
M1531_4	F1832_4	102	1182	44	151
M1531_4	F2157_4	102	1309	89	291
M1531_4	F2432_4	102	1336	82	262
M1531_4	F2512_4	102	1108	135	419
M1531_4	F816_4	102	1125	296	950
M1531_4	M1704_4	102	1211	231	744
M1531_4	M1999_4	102	1269	402	1233
M1531_4	M2656_4	102	1397	197	588
M1531_4	M39_4	102	1326	384	1165
M1704_4	F1033_4	102	1277	60	69
M1704_4	F1156_4	102	1315	818	986
M1704_4	F1353_4	102	1141	717	879
M1704_4	F1729_4	102	1298	89	103
M1704_4	F1832_4	102	1357	36	44
M1704_4	F2157_4	102	1116	60	67
M1704_4	F2432_4	102	1195	77	94
M1704_4	F2512_4	102	1281	122	146
M1704_4	F816_4	102	1345	308	367
M1704_4	M1531_4	102	1211	176	211
M1704_4	M1999_4	102	1323	358	422
M1704_4	M2656_4	102	1209	170	201
M1704_4	M39_4	102	1373	360	427
M1999_4	F1033_4	102	1227	148	452
M1999_4	F1156_4	102	1176	943	2994
M1999_4	F1353_4	102	1278	1059	3303
M1999_4	F1729_4	102	1169	199	577
M1999_4	F1832_4	102	1315	82	254
M1999_4	F2157_4	102	1390	241	765
M1999_4	F2432_4	102	1400	192	616
M1999_4	F2512_4	102	1093	241	708
M1999_4	F816_4	102	1368	577	1775
M1999_4	M1531_4	102	1269	338	1043
M1999_4	M1704_4	102	1323	484	1458
M1999_4	M2656_4	102	1222	333	1000
M1999_4	M39_4	102	1233	610	1849
M2656_4	F1033_4	102	1334	54	100
M2656_4	F1156_4	102	1246	710	1479
M2656_4	F1353_4	102	1436	827	1731
M2656_4	F1729_4	102	1237	65	138
M2656_4	F1832_4	102	1340	26	55
M2656_4	F2157_4	102	1271	73	148
M2656_4	F2432_4	102	1250	63	123
M2656_4	F2512_4	102	1134	71	158
M2656_4	F816_4	102	1165	203	431
M2656_4	M1531_4	102	1397	130	268
M2656_4	M1704_4	102	1209	168	361
M2656_4	M1999_4	102	1222	282	591
M2656_4	M39_4	102	1326	282	603
M39_4	F1033_4	102	1366	165	165
M39_4	F1156_4	102	1347	1094	1094
M39_4	F1353_4	102	1209	974	974
M39_4	F1729_4	102	1075	191	191
M39_4	F1832_4	102	1293	92	92
M39_4	F2157_4	102	1129	170	170
M39_4	F2432_4	102	1195	167	167
M39_4	F2512_4	102	1167	269	269
M39_4	F816_4	102	1364	667	667
M39_4	M1531_4	102	1326	385	385
M39_4	M1704_4	102	1373	504	504
M39_4	M1999_4	102	1233	609	609
M39_4	M2656_4	102	1326	361	361
F1561_4	F1583_4	103	1050	572	572
F1561_4	F1607_4	103	1239	769	769
F1561_4	F1761_4	103	1269	76	76
F1561_4	F2446_4	103	1355	304	304
F1561_4	F2607_4	103	1289	666	666
F1561_4	F337_4	103	1323	781	781
F1561_4	F529_4	103	1256	14	14
F1561_4	M1697_4	103	1237	349	349
F1561_4	M2121_4	103	1280	66	66
F1561_4	M2241_4	103	1285	117	117
F1561_4	M2572_4	103	1158	159	159
F1561_4	M2681_4	103	1310	152	152
F1561_4	M871_4	103	1320	114	114
F1583_4	F1561_4	103	1050	743	743
F1583_4	F1607_4	103	1189	1103	1103
F1583_4	F1761_4	103	1119	421	421
F1583_4	F2446_4	103	1161	828	828
F1583_4	F2607_4	103	1209	1109	1109
F1583_4	F337_4	103	1141	1066	1066
F1583_4	F529_4	103	1161	77	77
F1583_4	M1697_4	103	1129	844	844
F1583_4	M2121_4	103	1146	405	405
F1583_4	M2241_4	103	1121	550	550
F1583_4	M2572_4	103	1111	666	666
F1583_4	M2681_4	103	1237	692	692
F1583_4	M871_4	103	1333	569	569
F1607_4	F1561_4	103	1239	218	218
F1607_4	F1583_4	103	1189	556	556
F1607_4	F1761_4	103	1291	66	66
F1607_4	F2446_4	103	1224	217	217
F1607_4	F2607_4	103	1322	564	564
F1607_4	F337_4	103	1439	774	774
F1607_4	F529_4	103	1165	7	7
F1607_4	M1697_4	103	1299	263	263
F1607_4	M2121_4	103	1329	59	59
F1607_4	M2241_4	103	1263	104	104
F1607_4	M2572_4	103	1332	151	151
F1607_4	M2681_4	103	1342	129	129
F1607_4	M871_4	103	1262	92	92
F1761_4	F1561_4	103	1269	1109	1109
F1761_4	F1583_4	103	1119	1075	1075
F1761_4	F1607_4	103	1291	1258	1258
F1761_4	F2446_4	103	1186	1030	1030
F1761_4	F2607_4	103	1286	1242	1242
F1761_4	F337_4	103	1135	1115	1115
F1761_4	F529_4	103	1154	220	220
F1761_4	M1697_4	103	1264	1137	1137
F1761_4	M2121_4	103	1333	814	814
F1761_4	M2241_4	103	1173	864	864
F1761_4	M2572_4	103	1215	956	956
F1761_4	M2681_4	103	1171	944	944
F1761_4	M871_4	103	1272	879	879
F2446_4	F1561_4	103	1355	117	345
F2446_4	F1583_4	103	1161	364	1087
F2446_4	F1607_4	103	1224	503	1511
F2446_4	F1761_4	103	1186	43	128
F2446_4	F2607_4	103	1165	331	1003
F2446_4	F337_4	103	1284	500	1480
F2446_4	F529_4	103	1372	4	9
F2446_4	M1697_4	103	1179	130	399
F2446_4	M2121_4	103	1208	20	58
F2446_4	M2241_4	103	1240	61	174
F2446_4	M2572_4	103	1244	74	184
F2446_4	M2681_4	103	1331	83	232
F2446_4	M871_4	103	1295	39	122
F2607_4	F1561_4	103	1289	1229	1229
F2607_4	F1583_4	103	1209	1183	1183
F2607_4	F1607_4	103	1322	1309	1309
F2607_4	F1761_4	103	1286	1034	1034
F2607_4	F2446_4	103	1165	1089	1089
F2607_4	F337_4	103	1358	1346	1346
F2607_4	F529_4	103	1173	403	403
F2607_4	M1697_4	103	1335	1283	1283
F2607_4	M2121_4	103	1296	1001	1001
F2607_4	M2241_4	103	1290	1123	1123
F2607_4	M2572_4	103	1257	1126	1126
F2607_4	M2681_4	103	1285	1141	1141
F2607_4	M871_4	103	1084	920	920
F337_4	F1561_4	103	1323	323	347
F337_4	F1583_4	103	1141	702	750
F337_4	F1607_4	103	1439	987	1072
F337_4	F1761_4	103	1135	74	77
F337_4	F2446_4	103	1284	343	370
F337_4	F2607_4	103	1358	770	832
F337_4	F529_4	103	1187	9	10
F337_4	M1697_4	103	1161	394	426
F337_4	M2121_4	103	1369	99	104
F337_4	M2241_4	103	1204	154	158
F337_4	M2572_4	103	1119	205	219
F337_4	M2681_4	103	1351	238	258
F337_4	M871_4	103	1340	147	164
F529_4	F1561_4	103	1256	601	601
F529_4	F1583_4	103	1161	920	920
F529_4	F1607_4	103	1165	974	974
F529_4	F1761_4	103	1154	214	214
F529_4	F2446_4	103	1372	632	632
F529_4	F2607_4	103	1173	906	906
F529_4	F337_4	103	1187	987	987
F529_4	M1697_4	103	1207	669	669
F529_4	M2121_4	103	1260	202	202
F529_4	M2241_4	103	1282	342	342
F529_4	M2572_4	103	1370	463	463
F529_4	M2681_4	103	1173	404	404
F529_4	M871_4	103	1249	302	302
M1697_4	F1561_4	103	1237	341	658
M1697_4	F1583_4	103	1129	678	1284
M1697_4	F1607_4	103	1299	853	1581
M1697_4	F1761_4	103	1264	97	182
M1697_4	F2446_4	103	1179	267	521
M1697_4	F2607_4	103	1335	786	1546
M1697_4	F337_4	103	1161	776	1531
M1697_4	F529_4	103	1207	17	30
M1697_4	M2121_4	103	1226	85	164
M1697_4	M2241_4	103	1205	152	294
M1697_4	M2572_4	103	1297	227	447
M1697_4	M2681_4	103	1280	192	369
M1697_4	M871_4	103	1063	117	210
M2121_4	F1561_4	103	1280	855	855
M2121_4	F1583_4	103	1146	1000	1000
M2121_4	F1607_4	103	1329	1226	1226
M2121_4	F1761_4	103	1333	446	446
M2121_4	F2446_4	103	1208	810	810
M2121_4	F2607_4	103	1296	1145	1145
M2121_4	F337_4	103	1369	1268	1268
M2121_4	F529_4	103	1260	79	79
M2121_4	M1697_4	103	1226	891	891
M2121_4	M2241_4	103	1396	644	644
M2121_4	M2572_4	103	1429	770	770
M2121_4	M2681_4	103	1380	730	730
M2121_4	M871_4	103	1310	519	519
M2241_4	F1561_4	103	1285	1192	2935
M2241_4	F1583_4	103	1121	1099	2642
M2241_4	F1607_4	103	1263	1241	3057
M2241_4	F1761_4	103	1173	849	2034
M2241_4	F2446_4	103	1240	1143	2849
M2241_4	F2607_4	103	1290	1265	3059
M2241_4	F337_4	103	1204	1182	2907
M2241_4	F529_4	103	1282	347	846
M2241_4	M1697_4	103	1205	1119	2750
M2241_4	M2121_4	103	1396	1008	2434
M2241_4	M2572_4	103	1212	1062	2596
M2241_4	M2681_4	103	1343	1149	2795
M2241_4	M871_4	103	1389	1110	2781
M2572_4	F1561_4	103	1158	975	2566
M2572_4	F1583_4	103	1111	1056	2930
M2572_4	F1607_4	103	1332	1293	3510
M2572_4	F1761_4	103	1215	616	1699
M2572_4	F2446_4	103	1244	1014	2816
M2572_4	F2607_4	103	1257	1191	3247
M2572_4	F337_4	103	1119	1076	2876
M2572_4	F529_4	103	1370	201	568
M2572_4	M1697_4	103	1297	1136	3084
M2572_4	M2121_4	103	1429	734	1995
M2572_4	M2241_4	103	1212	777	2150
M2572_4	M2681_4	103	1250	888	2380
M2572_4	M871_4	103	1181	719	2006
M2681_4	F1561_4	103	1310	1144	1144
M2681_4	F1583_4	103	1237	1183	1183
M2681_4	F1607_4	103	1342	1292	1292
M2681_4	F1761_4	103	1171	675	675
M2681_4	F2446_4	103	1331	1146	1146
M2681_4	F2607_4	103	1285	1238	1238
M2681_4	F337_4	103	1351	1327	1327
M2681_4	F529_4	103	1173	181	181
M2681_4	M1697_4	103	1280	1127	1127
M2681_4	M2121_4	103	1380	782	782
M2681_4	M2241_4	103	1343	951	951
M2681_4	M2572_4	103	1250	979	979
M2681_4	M871_4	103	1302	897	897
M871_4	F1561_4	103	1320	993	1898
M871_4	F1583_4	103	1333	1240	2339
M871_4	F1607_4	103	1262	1209	2364
M871_4	F1761_4	103	1272	534	1020
M871_4	F2446_4	103	1295	989	1884
M871_4	F2607_4	103	1084	1000	1921
M871_4	F337_4	103	1340	1271	2422
M871_4	F529_4	103	1249	113	230
M871_4	M1697_4	103	1063	859	1680
M871_4	M2121_4	103	1310	522	1046
M871_4	M2241_4	103	1389	784	1539
M871_4	M2572_4	103	1181	752	1465
M871_4	M2681_4	103	1302	815	1521
F1674_4	F16_4	104	1290	89	303
F1674_4	F221_4	104	1298	162	505
F1674_4	F427_4	104	1283	235	799
F1674_4	F974_4	104	1279	1053	3356
F1674_4	M1574_4	104	1285	362	1197
F1674_4	M1608_4	104	1282	322	1038
F1674_4	M2045_4	104	1105	333	1079
F1674_4	M2300_4	104	1256	274	864
F1674_4	M2400_4	104	1313	353	1160
F1674_4	M2518_4	104	1203	607	2008
F1674_4	M676_4	104	1249	245	789
F1674_4	M950_4	104	1130	838	2781
F1674_4	M982_4	104	1288	463	1477
F16_4	F1674_4	104	1290	851	1095
F16_4	F221_4	104	1175	732	950
F16_4	F427_4	104	1280	953	1250
F16_4	F974_4	104	1236	1216	1567
F16_4	M1574_4	104	1447	1198	1540
F16_4	M1608_4	104	1334	1057	1351
F16_4	M2045_4	104	1383	1184	1516
F16_4	M2300_4	104	1220	935	1197
F16_4	M2400_4	104	1209	998	1297
F16_4	M2518_4	104	1248	1164	1495
F16_4	M676_4	104	1155	869	1111
F16_4	M950_4	104	1347	1317	1701
F16_4	M982_4	104	1364	1157	1467
F221_4	F1674_4	104	1298	67	109
F221_4	F16_4	104	1175	34	62
F221_4	F427_4	104	1205	73	120
F221_4	F974_4	104	1255	742	1160
F221_4	M1574_4	104	1235	127	206
F221_4	M1608_4	104	1408	130	194
F221_4	M2045_4	104	1226	148	242
F221_4	M2300_4	104	1292	105	156
F221_4	M2400_4	104	1435	146	232
F221_4	M2518_4	104	1295	336	518
F221_4	M676_4	104	1309	78	115
F221_4	M950_4	104	1154	559	848
F221_4	M982_4	104	1406	185	282
F427_4	F1674_4	104	1283	69	248
F427_4	F16_4	104	1280	40	147
F427_4	F221_4	104	1205	48	171
F427_4	F974_4	104	1382	861	3056
F427_4	M1574_4	104	1179	153	578
F427_4	M1608_4	104	1269	167	608
F427_4	M2045_4	104	1199	173	620
F427_4	M2300_4	104	1244	111	406
F427_4	M2400_4	104	1405	204	754
F427_4	M2518_4	104	1183	368	1293
F427_4	M676_4	104	1203	93	348
F427_4	M950_4	104	1319	671	2423
F427_4	M982_4	104	1243	207	761
F974_4	F1674_4	104	1279	22	22
F974_4	F16_4	104	1236	11	11
F974_4	F221_4	104	1255	25	25
F974_4	F427_4	104	1382	35	35
F974_4	M1574_4	104	1219	47	47
F974_4	M1608_4	104	1336	54	54
F974_4	M2045_4	104	1300	81	81
F974_4	M2300_4	104	1268	48	48
F974_4	M2400_4	104	1449	63	63
F974_4	M2518_4	104	1251	130	130
F974_4	M676_4	104	1204	31	31
F974_4	M950_4	104	1207	343	343
F974_4	M982_4	104	1428	76	76
M1574_4	F1674_4	104	1285	265	649
M1574_4	F16_4	104	1447	181	426
M1574_4	F221_4	104	1235	238	589
M1574_4	F427_4	104	1179	300	725
M1574_4	F974_4	104	1219	1085	2780
M1574_4	M1608_4	104	1145	402	999
M1574_4	M2045_4	104	1249	544	1355
M1574_4	M2300_4	104	1239	391	930
M1574_4	M2400_4	104	1175	439	1072
M1574_4	M2518_4	104	1184	763	1862
M1574_4	M676_4	104	1294	400	976
M1574_4	M950_4	104	1272	1074	2690
M1574_4	M982_4	104	1200	527	1310
M1608_4	F1674_4	104	1282	425	870
M1608_4	F16_4	104	1334	294	632
M1608_4	F221_4	104	1408	433	918
M1608_4	F427_4	104	1269	506	1085
M1608_4	F974_4	104	1336	1250	2629
M1608_4	M1574_4	104	1145	625	1352
M1608_4	M2045_4	104	1238	753	1585
M1608_4	M2300_4	104	1240	568	1225
M1608_4	M2400_4	104	1275	687	1445
M1608_4	M2518_4	104	1113	884	1865
M1608_4	M676_4	104	1235	571	1184
M1608_4	M950_4	104	1318	1177	2491
M1608_4	M982_4	104	1152	725	1538
M2045_4	F1674_4	104	1105	542	542
M2045_4	F16_4	104	1383	445	445
M2045_4	F221_4	104	1226	535	535
M2045_4	F427_4	104	1199	655	655
M2045_4	F974_4	104	1300	1256	1256
M2045_4	M1574_4	104	1249	827	827
M2045_4	M1608_4	104	1238	798	798
M2045_4	M2300_4	104	1294	783	783
M2045_4	M2400_4	104	1255	868	868
M2045_4	M2518_4	104	1302	1088	1088
M2045_4	M676_4	104	1269	709	709
M2045_4	M950_4	104	1228	1150	1150
M2045_4	M982_4	104	1238	898	898
M2300_4	F1674_4	104	1256	563	563
M2300_4	F16_4	104	1220	349	349
M2300_4	F221_4	104	1292	570	570
M2300_4	F427_4	104	1244	691	691
M2300_4	F974_4	104	1268	1212	1212
M2300_4	M1574_4	104	1239	839	839
M2300_4	M1608_4	104	1240	825	825
M2300_4	M2045_4	104	1294	903	903
M2300_4	M2400_4	104	1132	757	757
M2300_4	M2518_4	104	1229	1055	1055
M2300_4	M676_4	104	1289	709	709
M2300_4	M950_4	104	1256	1159	1159
M2300_4	M982_4	104	1236	909	909
M2400_4	F1674_4	104	1313	50	50
M2400_4	F16_4	104	1209	30	30
M2400_4	F221_4	104	1435	42	42
M2400_4	F427_4	104	1405	68	68
M2400_4	F974_4	104	1449	807	807
M2400_4	M1574_4	104	1175	105	105
M2400_4	M1608_4	104	1275	95	95
M2400_4	M2045_4	104	1255	116	116
M2400_4	M2300_4	104	1132	82	82
M2400_4	M2518_4	104	1225	270	270
M2400_4	M676_4	104	1375	84	84
M2400_4	M950_4	104	1123	484	484
M2400_4	M982_4	104	1438	166	166
M2518_4	F1674_4	104	1203	222	573
M2518_4	F16_4	104	1248	127	317
M2518_4	F221_4	104	1295	196	480
M2518_4	F427_4	104	1183	272	624
M2518_4	F974_4	104	1251	1066	2644
M2518_4	M1574_4	104	1184	384	890
M2518_4	M1608_4	104	1113	335	792
M2518_4	M2045_4	104	1302	460	1168
M2518_4	M2300_4	104	1229	316	797
M2518_4	M2400_4	104	1225	441	1081
M2518_4	M676_4	104	1228	279	685
M2518_4	M950_4	104	1162	925	2298
M2518_4	M982_4	104	1251	474	1127
M676_4	F1674_4	104	1249	395	1006
M676_4	F16_4	104	1155	200	507
M676_4	F221_4	104	1309	339	875
M676_4	F427_4	104	1203	442	1149
M676_4	F974_4	104	1204	1100	2993
M676_4	M1574_4	104	1294	649	1735
M676_4	M1608_4	104	1235	560	1454
M676_4	M2045_4	104	1269	689	1822
M676_4	M2300_4	104	1289	540	1364
M676_4	M2400_4	104	1375	668	1722
M676_4	M2518_4	104	1228	915	2436
M676_4	M950_4	104	1332	1157	3015
M676_4	M982_4	104	1338	759	1974
M950_4	F1674_4	104	1130	162	410
M950_4	F16_4	104	1347	119	269
M950_4	F221_4	104	1154	156	373
M950_4	F427_4	104	1319	247	588
M950_4	F974_4	104	1207	995	2346
M950_4	M1574_4	104	1272	365	851
M950_4	M1608_4	104	1318	343	796
M950_4	M2045_4	104	1228	391	930
M950_4	M2300_4	104	1256	255	613
M950_4	M2400_4	104	1123	303	676
M950_4	M2518_4	104	1162	585	1381
M950_4	M676_4	104	1332	274	635
M950_4	M982_4	104	1272	433	994
M982_4	F1674_4	104	1288	812	2601
M982_4	F16_4	104	1364	652	2010
M982_4	F221_4	104	1406	881	2791
M982_4	F427_4	104	1243	859	2722
M982_4	F974_4	104	1428	1395	4449
M982_4	M1574_4	104	1200	961	3051
M982_4	M1608_4	104	1152	893	2864
M982_4	M2045_4	104	1238	1043	3346
M982_4	M2300_4	104	1236	939	2965
M982_4	M2400_4	104	1438	1169	3717
M982_4	M2518_4	104	1251	1140	3617
M982_4	M676_4	104	1338	942	2948
M982_4	M950_4	104	1272	1223	3889
F1185_4	F1192_4	105	1088	252	408
F1185_4	F1814_4	105	1236	382	634
F1185_4	F1821_4	105	1119	96	158
F1185_4	F1844_4	105	1367	68	112
F1185_4	F1872_4	105	1103	56	93
F1185_4	F2205_4	105	1144	91	154
F1185_4	F2289_4	105	1370	592	972
F1185_4	F748_4	105	1327	116	180
F1185_4	M1075_4	105	1274	627	1017
F1185_4	M1907_4	105	1214	604	1013
F1185_4	M2789_4	105	1431	94	162
F1185_4	M443_4	105	1213	784	1265
F1185_4	M964_4	105	1152	1004	1659
F1192_4	F1185_4	105	1088	723	1042
F1192_4	F1814_4	105	1216	534	794
F1192_4	F1821_4	105	1128	157	235
F1192_4	F1844_4	105	1291	102	144
F1192_4	F1872_4	105	1268	94	129
F1192_4	F2205_4	105	1223	153	219
F1192_4	F2289_4	105	1219	680	1009
F1192_4	F748_4	105	1207	163	235
F1192_4	M1075_4	105	1206	775	1155
F1192_4	M1907_4	105	1256	798	1157
F1192_4	M2789_4	105	1275	160	238
F1192_4	M443_4	105	1213	951	1384
F1192_4	M964_4	105	1366	1261	1807
F1814_4	F1185_4	105	1236	1027	1123
F1814_4	F1192_4	105	1216	646	700
F1814_4	F1821_4	105	1266	315	350
F1814_4	F1844_4	105	1048	157	177
F1814_4	F1872_4	105	1378	205	228
F1814_4	F2205_4	105	1142	249	266
F1814_4	F2289_4	105	1226	882	971
F1814_4	F748_4	105	1291	317	343
F1814_4	M1075_4	105	1189	910	1004
F1814_4	M1907_4	105	1341	1044	1142
F1814_4	M2789_4	105	1299	305	346
F1814_4	M443_4	105	1229	1073	1172
F1814_4	M964_4	105	1196	1154	1279
F1821_4	F1185_4	105	1119	543	543
F1821_4	F1192_4	105	1128	242	242
F1821_4	F1814_4	105	1266	304	304
F1821_4	F1844_4	105	1208	48	48
F1821_4	F1872_4	105	1317	50	50
F1821_4	F2205_4	105	1327	76	76
F1821_4	F2289_4	105	1229	455	455
F1821_4	F748_4	105	1274	91	91
F1821_4	M1075_4	105	1211	540	540
F1821_4	M1907_4	105	1220	512	512
F1821_4	M2789_4	105	1338	72	72
F1821_4	M443_4	105	1184	740	740
F1821_4	M964_4	105	1266	1058	1058
F1844_4	F1185_4	105	1367	837	1910
F1844_4	F1192_4	105	1291	375	836
F1844_4	F1814_4	105	1048	427	922
F1844_4	F1821_4	105	1208	141	330
F1844_4	F1872_4	105	1125	81	177
F1844_4	F2205_4	105	1290	124	303
F1844_4	F2289_4	105	1294	674	1541
F1844_4	F748_4	105	1356	133	305
F1844_4	M1075_4	105	1282	770	1739
F1844_4	M1907_4	105	1160	657	1455
F1844_4	M2789_4	105	1201	108	266
F1844_4	M443_4	105	1309	983	2219
F1844_4	M964_4	105	1137	1045	2413
F1872_4	F1185_4	105	1103	964	964
F1872_4	F1192_4	105	1268	773	773
F1872_4	F1814_4	105	1378	983	983
F1872_4	F1821_4	105	1317	427	427
F1872_4	F1844_4	105	1125	258	258
F1872_4	F2205_4	105	1298	391	391
F1872_4	F2289_4	105	1205	977	977
F1872_4	F748_4	105	1250	425	425
F1872_4	M1075_4	105	1423	1226	1226
F1872_4	M1907_4	105	1264	1064	1064
F1872_4	M2789_4	105	1318	402	402
F1872_4	M443_4	105	1363	1253	1253
F1872_4	M964_4	105	1327	1296	1296
F2205_4	F1185_4	105	1144	339	833
F2205_4	F1192_4	105	1223	106	258
F2205_4	F1814_4	105	1142	144	351
F2205_4	F1821_4	105	1327	42	94
F2205_4	F1844_4	105	1290	16	42
F2205_4	F1872_4	105	1298	21	62
F2205_4	F2289_4	105	1134	239	590
F2205_4	F748_4	105	1271	39	100
F2205_4	M1075_4	105	1237	312	795
F2205_4	M1907_4	105	1243	300	750
F2205_4	M2789_4	105	1255	34	82
F2205_4	M443_4	105	1284	498	1231
F2205_4	M964_4	105	1298	907	2286
F2289_4	F1185_4	105	1370	829	829
F2289_4	F1192_4	105	1219	378	378
F2289_4	F1814_4	105	1226	459	459
F2289_4	F1821_4	105	1229	152	152
F2289_4	F1844_4	105	1294	79	79
F2289_4	F1872_4	105	1205	81	81
F2289_4	F2205_4	105	1134	111	111
F2289_4	F748_4	105	1306	116	116
F2289_4	M1075_4	105	1193	689	689
F2289_4	M1907_4	105	1305	734	734
F2289_4	M2789_4	105	1219	117	117
F2289_4	M443_4	105	1250	912	912
F2289_4	M964_4	105	1242	1119	1119
F748_4	F1185_4	105	1327	1240	1924
F748_4	F1192_4	105	1207	991	1568
F748_4	F1814_4	105	1291	1104	1700
F748_4	F1821_4	105	1274	739	1153
F748_4	F1844_4	105	1356	564	852
F748_4	F1872_4	105	1250	530	843
F748_4	F2205_4	105	1271	700	1050
F748_4	F2289_4	105	1306	1204	1834
F748_4	M1075_4	105	1293	1206	1865
F748_4	M1907_4	105	1267	1169	1798
F748_4	M2789_4	105	1271	648	961
F748_4	M443_4	105	1249	1211	1880
F748_4	M964_4	105	1326	1315	2024
M1075_4	F1185_4	105	1274	177	340
M1075_4	F1192_4	105	1206	55	92
M1075_4	F1814_4	105	1189	60	122
M1075_4	F1821_4	105	1211	10	20
M1075_4	F1844_4	105	1282	7	14
M1075_4	F1872_4	105	1423	13	22
M1075_4	F2205_4	105	1237	11	21
M1075_4	F2289_4	105	1193	99	196
M1075_4	F748_4	105	1293	12	22
M1075_4	M1907_4	105	1281	131	244
M1075_4	M2789_4	105	1275	14	30
M1075_4	M443_4	105	1301	298	580
M1075_4	M964_4	105	1188	567	1088
M1907_4	F1185_4	105	1214	378	1127
M1907_4	F1192_4	105	1256	142	434
M1907_4	F1814_4	105	1341	180	526
M1907_4	F1821_4	105	1220	48	135
M1907_4	F1844_4	105	1160	17	57
M1907_4	F1872_4	105	1264	25	68
M1907_4	F2205_4	105	1243	40	124
M1907_4	F2289_4	105	1305	301	884
M1907_4	F748_4	105	1267	29	96
M1907_4	M1075_4	105	1281	342	1013
M1907_4	M2789_4	105	1319	41	95
M1907_4	M443_4	105	1189	498	1476
M1907_4	M964_4	105	1293	955	2882
M2789_4	F1185_4	105	1431	1413	1413
M2789_4	F1192_4	105	1275	1197	1197
M2789_4	F1814_4	105	1299	1249	1249
M2789_4	F1821_4	105	1338	1113	1113
M2789_4	F1844_4	105	1201	841	841
M2789_4	F1872_4	105	1318	928	928
M2789_4	F2205_4	105	1255	1007	1007
M2789_4	F2289_4	105	1219	1186	1186
M2789_4	F748_4	105	1271	1051	1051
M2789_4	M1075_4	105	1275	1251	1251
M2789_4	M1907_4	105	1319	1300	1300
M2789_4	M443_4	105	1309	1292	1292
M2789_4	M964_4	105	1376	1375	1375
M443_4	F1185_4	105	1213	1019	1019
M443_4	F1192_4	105	1213	706	706
M443_4	F1814_4	105	1229	795	795
M443_4	F1821_4	105	1184	351	351
M443_4	F1844_4	105	1309	215	215
M443_4	F1872_4	105	1363	254	254
M443_4	F2205_4	105	1284	345	345
M443_4	F2289_4	105	1250	979	979
M443_4	F748_4	105	1249	362	362
M443_4	M1075_4	105	1301	1057	1057
M443_4	M1907_4	105	1189	925	925
M443_4	M2789_4	105	1309	288	288
M443_4	M964_4	105	1247	1196	1196
M964_4	F1185_4	105	1152	1110	1110
M964_4	F1192_4	105	1366	1207	1207
M964_4	F1814_4	105	1196	1082	1082
M964_4	F1821_4	105	1266	860	860
M964_4	F1844_4	105	1137	627	627
M964_4	F1872_4	105	1327	708	708
M964_4	F2205_4	105	1298	864	864
M964_4	F2289_4	105	1242	1186	1186
M964_4	F748_4	105	1326	884	884
M964_4	M1075_4	105	1188	1140	1140
M964_4	M1907_4	105	1293	1233	1233
M964_4	M2789_4	105	1376	870	870
M964_4	M443_4	105	1247	1222	1222
F1589_4	F1646_4	106	1214	991	3564
F1589_4	F1856_4	106	1443	1017	3531
F1589_4	F2181_4	106	1424	1402	4920
F1589_4	F2490_4	106	1233	838	2950
F1589_4	F901_4	106	1319	758	2661
F1589_4	M1156_4	106	1286	836	2945
F1589_4	M2061_4	106	1251	239	891
F1589_4	M2351_4	106	1235	819	2902
F1589_4	M2556_4	106	1337	1273	4504
F1589_4	M2764_4	106	1331	547	1947
F1589_4	M29_4	106	1219	1105	3903
F1589_4	M723_4	106	1166	848	2959
F1589_4	M748_4	106	1218	159	548
F1646_4	F1589_4	106	1214	250	250
F1646_4	F1856_4	106	1134	961	961
F1646_4	F2181_4	106	1223	1213	1213
F1646_4	F2490_4	106	1098	926	926
F1646_4	F901_4	106	1216	894	894
F1646_4	M1156_4	106	1149	934	934
F1646_4	M2061_4	106	1315	428	428
F1646_4	M2351_4	106	1202	991	991
F1646_4	M2556_4	106	1252	1214	1214
F1646_4	M2764_4	106	1228	703	703
F1646_4	M29_4	106	1203	1141	1141
F1646_4	M723_4	106	1174	1004	1004
F1646_4	M748_4	106	1137	312	312
F1856_4	F1589_4	106	1443	67	257
F1856_4	F1646_4	106	1134	742	2778
F1856_4	F2181_4	106	1274	1224	4563
F1856_4	F2490_4	106	1219	582	2181
F1856_4	F901_4	106	1216	429	1650
F1856_4	M1156_4	106	1145	508	1901
F1856_4	M2061_4	106	1328	107	388
F1856_4	M2351_4	106	1222	558	2002
F1856_4	M2556_4	106	1363	1178	4341
F1856_4	M2764_4	106	1306	235	868
F1856_4	M29_4	106	1257	982	3750
F1856_4	M723_4	106	1338	690	2580
F1856_4	M748_4	106	1149	77	299
F2181_4	F1589_4	106	1424	291	291
F2181_4	F1646_4	106	1223	1088	1088
F2181_4	F1856_4	106	1274	1065	1065
F2181_4	F2490_4	106	1183	975	975
F2181_4	F901_4	106	1410	990	990
F2181_4	M1156_4	106	1121	888	888
F2181_4	M2061_4	106	1277	356	356
F2181_4	M2351_4	106	1300	1017	1017
F2181_4	M2556_4	106	1273	1247	1247
F2181_4	M2764_4	106	1245	716	716
F2181_4	M29_4	106	1232	1177	1177
F2181_4	M723_4	106	1179	991	991
F2181_4	M748_4	106	1296	327	327
F2490_4	F1589_4	106	1233	153	250
F2490_4	F1646_4	106	1098	894	1493
F2490_4	F1856_4	106	1219	867	1490
F2490_4	F2181_4	106	1183	1171	1996
F2490_4	F901_4	106	1400	794	1387
F2490_4	M1156_4	106	1227	808	1383
F2490_4	M2061_4	106	1257	216	354
F2490_4	M2351_4	106	1119	741	1245
F2490_4	M2556_4	106	1283	1219	2122
F2490_4	M2764_4	106	1314	553	967
F2490_4	M29_4	106	1253	1125	1874
F2490_4	M723_4	106	1229	905	1600
F2490_4	M748_4	106	1173	171	302
F901_4	F1589_4	106	1319	360	1161
F901_4	F1646_4	106	1216	1117	3592
F901_4	F1856_4	106	1216	1064	3468
F901_4	F2181_4	106	1410	1401	4608
F901_4	F2490_4	106	1400	1217	3992
F901_4	M1156_4	106	1293	1128	3660
F901_4	M2061_4	106	1178	448	1428
F901_4	M2351_4	106	1204	1032	3410
F901_4	M2556_4	106	1320	1292	4132
F901_4	M2764_4	106	1382	889	2901
F901_4	M29_4	106	1242	1191	3811
F901_4	M723_4	106	1242	1095	3463
F901_4	M748_4	106	1123	364	1130
M1156_4	F1589_4	106	1286	89	89
M1156_4	F1646_4	106	1149	863	863
M1156_4	F1856_4	106	1145	698	698
M1156_4	F2181_4	106	1121	1101	1101
M1156_4	F2490_4	106	1227	754	754
M1156_4	F901_4	106	1293	619	619
M1156_4	M2061_4	106	1174	139	139
M1156_4	M2351_4	106	1354	753	753
M1156_4	M2556_4	106	1264	1150	1150
M1156_4	M2764_4	106	1282	391	391
M1156_4	M29_4	106	1215	1045	1045
M1156_4	M723_4	106	1116	759	759
M1156_4	M748_4	106	1260	113	113
M2061_4	F1589_4	106	1251	747	747
M2061_4	F1646_4	106	1315	1289	1289
M2061_4	F1856_4	106	1328	1291	1291
M2061_4	F2181_4	106	1277	1275	1275
M2061_4	F2490_4	106	1257	1215	1215
M2061_4	F901_4	106	1178	1121	1121
M2061_4	M1156_4	106	1174	1135	1135
M2061_4	M2351_4	106	1354	1315	1315
M2061_4	M2556_4	106	1339	1333	1333
M2061_4	M2764_4	106	1176	1056	1056
M2061_4	M29_4	106	1319	1306	1306
M2061_4	M723_4	106	1252	1219	1219
M2061_4	M748_4	106	1180	840	840
M2351_4	F1589_4	106	1235	365	1418
M2351_4	F1646_4	106	1202	1121	4322
M2351_4	F1856_4	106	1222	1089	4292
M2351_4	F2181_4	106	1300	1297	5027
M2351_4	F2490_4	106	1119	1008	3843
M2351_4	F901_4	106	1204	934	3742
M2351_4	M1156_4	106	1354	1188	4622
M2351_4	M2061_4	106	1354	566	2247
M2351_4	M2556_4	106	1358	1342	5131
M2351_4	M2764_4	106	1383	962	3811
M2351_4	M29_4	106	1309	1250	4888
M2351_4	M723_4	106	1470	1343	5381
M2351_4	M748_4	106	1255	417	1575
M2556_4	F1589_4	106	1337	160	529
M2556_4	F1646_4	106	1252	1029	3412
M2556_4	F1856_4	106	1363	964	3329
M2556_4	F2181_4	106	1273	1251	4092
M2556_4	F2490_4	106	1283	909	3070
M2556_4	F901_4	106	1320	733	2416
M2556_4	M1156_4	106	1264	816	2695
M2556_4	M2061_4	106	1339	209	676
M2556_4	M2351_4	106	1358	909	3045
M2556_4	M2764_4	106	1300	498	1662
M2556_4	M29_4	106	1286	1172	3862
M2556_4	M723_4	106	1215	867	2861
M2556_4	M748_4	106	1261	171	549
M2764_4	F1589_4	106	1331	361	749
M2764_4	F1646_4	106	1228	1152	2449
M2764_4	F1856_4	106	1306	1147	2421
M2764_4	F2181_4	106	1245	1239	2600
M2764_4	F2490_4	106	1314	1149	2411
M2764_4	F901_4	106	1382	1123	2322
M2764_4	M1156_4	106	1282	1101	2293
M2764_4	M2061_4	106	1176	494	1064
M2764_4	M2351_4	106	1383	1197	2438
M2764_4	M2556_4	106	1300	1279	2739
M2764_4	M29_4	106	1258	1213	2498
M2764_4	M723_4	106	1234	1118	2312
M2764_4	M748_4	106	1269	444	944
M29_4	F1589_4	106	1219	191	191
M29_4	F1646_4	106	1203	1034	1034
M29_4	F1856_4	106	1257	993	993
M29_4	F2181_4	106	1232	1217	1217
M29_4	F2490_4	106	1253	951	951
M29_4	F901_4	106	1242	814	814
M29_4	M1156_4	106	1215	876	876
M29_4	M2061_4	106	1319	341	341
M29_4	M2351_4	106	1309	952	952
M29_4	M2556_4	106	1286	1238	1238
M29_4	M2764_4	106	1258	603	603
M29_4	M723_4	106	1228	1006	1006
M29_4	M748_4	106	1181	221	221
M723_4	F1589_4	106	1166	285	1095
M723_4	F1646_4	106	1174	1064	4030
M723_4	F1856_4	106	1338	1141	4251
M723_4	F2181_4	106	1179	1173	4418
M723_4	F2490_4	106	1229	1073	4097
M723_4	F901_4	106	1242	947	3594
M723_4	M1156_4	106	1116	913	3520
M723_4	M2061_4	106	1252	456	1754
M723_4	M2351_4	106	1470	1228	4673
M723_4	M2556_4	106	1215	1186	4557
M723_4	M2764_4	106	1234	744	2766
M723_4	M29_4	106	1228	1183	4527
M723_4	M748_4	106	1186	343	1267
M748_4	F1589_4	106	1218	113	113
M748_4	F1646_4	106	1137	883	883
M748_4	F1856_4	106	1149	780	780
M748_4	F2181_4	106	1296	1274	1274
M748_4	F2490_4	106	1173	786	786
M748_4	F901_4	106	1123	531	531
M748_4	M1156_4	106	1260	743	743
M748_4	M2061_4	106	1180	178	178
M748_4	M2351_4	106	1255	781	781
M748_4	M2556_4	106	1261	1187	1187
M748_4	M2764_4	106	1269	428	428
M748_4	M29_4	106	1181	1006	1006
M748_4	M723_4	106	1186	822	822
F1167_4	F1555_4	107	1231	817	1227
F1167_4	F1593_4	107	1370	1261	1917
F1167_4	F1613_4	107	1362	1146	1746
F1167_4	F1839_4	107	1375	268	396
F1167_4	F2123_4	107	1391	1242	1858
F1167_4	F2612_4	107	1273	1093	1721
F1167_4	M1051_4	107	1227	898	1340
F1167_4	M1294_4	107	1318	1064	1594
F1167_4	M1384_4	107	1177	834	1256
F1167_4	M1514_4	107	1256	940	1401
F1167_4	M2356_4	107	1194	1134	1706
F1167_4	M646_4	107	1220	962	1438
F1167_4	M687_4	107	1206	371	579
F1555_4	F1167_4	107	1231	432	432
F1555_4	F1593_4	107	1369	1064	1064
F1555_4	F1613_4	107	1310	861	861
F1555_4	F1839_4	107	1257	99	99
F1555_4	F2123_4	107	1366	1038	1038
F1555_4	F2612_4	107	1120	758	758
F1555_4	M1051_4	107	1265	592	592
F1555_4	M1294_4	107	1306	807	807
F1555_4	M1384_4	107	1305	656	656
F1555_4	M1514_4	107	1253	652	652
F1555_4	M2356_4	107	1244	1112	1112
F1555_4	M646_4	107	1287	729	729
F1555_4	M687_4	107	1124	172	172
F1593_4	F1167_4	107	1370	243	829
F1593_4	F1555_4	107	1369	285	935
F1593_4	F1613_4	107	1252	547	1875
F1593_4	F1839_4	107	1453	55	179
F1593_4	F2123_4	107	1347	728	2461
F1593_4	F2612_4	107	1274	606	2142
F1593_4	M1051_4	107	1343	376	1279
F1593_4	M1294_4	107	1325	506	1738
F1593_4	M1384_4	107	1321	348	1179
F1593_4	M1514_4	107	1284	412	1403
F1593_4	M2356_4	107	1222	939	3204
F1593_4	M646_4	107	1216	432	1464
F1593_4	M687_4	107	1268	87	303
F1613_4	F1167_4	107	1362	387	387
F1613_4	F1555_4	107	1310	432	432
F1613_4	F1593_4	107	1252	934	934
F1613_4	F1839_4	107	1185	66	66
F1613_4	F2123_4	107	1313	933	933
F1613_4	F2612_4	107	1251	760	760
F1613_4	M1051_4	107	1212	499	499
F1613_4	M1294_4	107	1225	646	646
F1613_4	M1384_4	107	1322	526	526
F1613_4	M1514_4	107	1316	586	586
F1613_4	M2356_4	107	1244	1085	1085
F1613_4	M646_4	107	1185	584	584
F1613_4	M687_4	107	1380	158	158
F1839_4	F1167_4	107	1375	246	246
F1839_4	F1555_4	107	1257	286	286
F1839_4	F1593_4	107	1453	933	933
F1839_4	F1613_4	107	1185	586	586
F1839_4	F2123_4	107	1301	762	762
F1839_4	F2612_4	107	1204	621	621
F1839_4	M1051_4	107	1309	410	410
F1839_4	M1294_4	107	1227	550	550
F1839_4	M1384_4	107	1228	392	392
F1839_4	M1514_4	107	1358	493	493
F1839_4	M2356_4	107	1232	1004	1004
F1839_4	M646_4	107	1225	461	461
F1839_4	M687_4	107	1346	93	93
F2123_4	F1167_4	107	1391	1216	3138
F2123_4	F1555_4	107	1366	1229	3168
F2123_4	F1593_4	107	1347	1314	3304
F2123_4	F1613_4	107	1313	1259	3218
F2123_4	F1839_4	107	1301	723	1869
F2123_4	F2612_4	107	1117	1077	2756
F2123_4	M1051_4	107	1131	1053	2697
F2123_4	M1294_4	107	1246	1183	3083
F2123_4	M1384_4	107	1285	1195	3015
F2123_4	M1514_4	107	1326	1251	3258
F2123_4	M2356_4	107	1253	1239	3131
F2123_4	M646_4	107	1118	1050	2732
F2123_4	M687_4	107	1250	857	2172
F2612_4	F1167_4	107	1273	56	209
F2612_4	F1555_4	107	1120	71	311
F2612_4	F1593_4	107	1274	369	1468
F2612_4	F1613_4	107	1251	225	923
F2612_4	F1839_4	107	1204	13	55
F2612_4	F2123_4	107	1117	262	991
F2612_4	M1051_4	107	1372	102	416
F2612_4	M1294_4	107	1407	206	815
F2612_4	M1384_4	107	1165	114	441
F2612_4	M1514_4	107	1581	171	685
F2612_4	M2356_4	107	1317	613	2468
F2612_4	M646_4	107	1122	124	488
F2612_4	M687_4	107	1265	26	112
M1051_4	F1167_4	107	1227	816	1359
M1051_4	F1555_4	107	1265	913	1514
M1051_4	F1593_4	107	1343	1255	2100
M1051_4	F1613_4	107	1212	1077	1829
M1051_4	F1839_4	107	1309	362	620
M1051_4	F2123_4	107	1131	1052	1748
M1051_4	F2612_4	107	1372	1236	2080
M1051_4	M1294_4	107	1338	1161	2015
M1051_4	M1384_4	107	1289	1016	1689
M1051_4	M1514_4	107	1282	1040	1791
M1051_4	M2356_4	107	1380	1345	2251
M1051_4	M646_4	107	1216	1011	1703
M1051_4	M687_4	107	1214	477	799
M1294_4	F1167_4	107	1318	178	366
M1294_4	F1555_4	107	1306	219	432
M1294_4	F1593_4	107	1325	739	1591
M1294_4	F1613_4	107	1225	513	1050
M1294_4	F1839_4	107	1227	33	65
M1294_4	F2123_4	107	1246	614	1259
M1294_4	F2612_4	107	1407	632	1365
M1294_4	M1051_4	107	1338	319	659
M1294_4	M1384_4	107	1174	271	559
M1294_4	M1514_4	107	1413	427	881
M1294_4	M2356_4	107	1126	852	1776
M1294_4	M646_4	107	1074	305	644
M1294_4	M687_4	107	1316	64	121
M1384_4	F1167_4	107	1177	483	483
M1384_4	F1555_4	107	1305	634	634
M1384_4	F1593_4	107	1321	1137	1137
M1384_4	F1613_4	107	1322	1004	1004
M1384_4	F1839_4	107	1228	145	145
M1384_4	F2123_4	107	1285	1061	1061
M1384_4	F2612_4	107	1165	917	917
M1384_4	M1051_4	107	1289	739	739
M1384_4	M1294_4	107	1174	812	812
M1384_4	M1514_4	107	1342	860	860
M1384_4	M2356_4	107	1318	1243	1243
M1384_4	M646_4	107	1453	976	976
M1384_4	M687_4	107	1417	326	326
M1514_4	F1167_4	107	1256	650	650
M1514_4	F1555_4	107	1253	740	740
M1514_4	F1593_4	107	1284	1135	1135
M1514_4	F1613_4	107	1316	1068	1068
M1514_4	F1839_4	107	1358	230	230
M1514_4	F2123_4	107	1326	1144	1144
M1514_4	F2612_4	107	1581	1306	1306
M1514_4	M1051_4	107	1282	849	849
M1514_4	M1294_4	107	1413	1112	1112
M1514_4	M1384_4	107	1342	898	898
M1514_4	M2356_4	107	1290	1214	1214
M1514_4	M646_4	107	1196	888	888
M1514_4	M687_4	107	1250	329	329
M2356_4	F1167_4	107	1194	110	273
M2356_4	F1555_4	107	1244	151	387
M2356_4	F1593_4	107	1222	547	1438
M2356_4	F1613_4	107	1244	374	989
M2356_4	F1839_4	107	1232	27	72
M2356_4	F2123_4	107	1253	456	1151
M2356_4	F2612_4	107	1317	365	945
M2356_4	M1051_4	107	1380	192	495
M2356_4	M1294_4	107	1126	277	708
M2356_4	M1384_4	107	1318	200	490
M2356_4	M1514_4	107	1290	233	617
M2356_4	M646_4	107	1331	279	703
M2356_4	M687_4	107	1179	37	105
M646_4	F1167_4	107	1220	185	471
M646_4	F1555_4	107	1287	265	698
M646_4	F1593_4	107	1216	726	1874
M646_4	F1613_4	107	1185	542	1436
M646_4	F1839_4	107	1225	43	104
M646_4	F2123_4	107	1118	604	1607
M646_4	F2612_4	107	1122	493	1282
M646_4	M1051_4	107	1216	312	808
M646_4	M1294_4	107	1074	400	1060
M646_4	M1384_4	107	1453	394	1039
M646_4	M1514_4	107	1196	384	1017
M646_4	M2356_4	107	1331	1037	2774
M646_4	M687_4	107	1298	89	227
M687_4	F1167_4	107	1206	663	1913
M687_4	F1555_4	107	1124	670	2000
M687_4	F1593_4	107	1268	1143	3375
M687_4	F1613_4	107	1380	1149	3279
M687_4	F1839_4	107	1346	290	843
M687_4	F2123_4	107	1250	1113	3307
M687_4	F2612_4	107	1265	1083	3143
M687_4	M1051_4	107	1214	878	2511
M687_4	M1294_4	107	1316	1050	3024
M687_4	M1384_4	107	1417	1005	2999
M687_4	M1514_4	107	1250	937	2733
M687_4	M2356_4	107	1179	1126	3290
M687_4	M646_4	107	1298	1016	2879
F1482_4	F2471_4	108	1292	1142	1142
F1482_4	F2526_4	108	1215	1107	1107
F1482_4	F258_4	108	1146	887	887
F1482_4	F2706_4	108	1273	996	996
F1482_4	F2760_4	108	1187	937	937
F1482_4	F355_4	108	1353	797	797
F1482_4	F857_4	108	1370	1262	1262
F1482_4	M1099_4	108	1325	909	909
F1482_4	M1745_4	108	1202	371	371
F1482_4	M2264_4	108	1290	972	972
F1482_4	M2702_4	108	1232	810	810
F1482_4	M284_4	108	1138	1077	1077
F1482_4	M818_4	108	1258	1114	1114
F2471_4	F1482_4	108	1292	296	505
F2471_4	F2526_4	108	1089	445	793
F2471_4	F258_4	108	1271	269	488
F2471_4	F2706_4	108	1227	283	494
F2471_4	F2760_4	108	1203	259	505
F2471_4	F355_4	108	1256	127	239
F2471_4	F857_4	108	1461	655	1180
F2471_4	M1099_4	108	1321	206	387
F2471_4	M1745_4	108	1301	46	86
F2471_4	M2264_4	108	1304	274	466
F2471_4	M2702_4	108	1333	180	313
F2471_4	M284_4	108	1361	812	1470
F2471_4	M818_4	108	1345	520	933
F2526_4	F1482_4	108	1215	648	1557
F2526_4	F2471_4	108	1089	715	1677
F2526_4	F258_4	108	1364	692	1636
F2526_4	F2706_4	108	1082	579	1355
F2526_4	F2760_4	108	1276	638	1499
F2526_4	F355_4	108	1288	349	864
F2526_4	F857_4	108	1341	1005	2421
F2526_4	M1099_4	108	1326	520	1235
F2526_4	M1745_4	108	1293	153	355
F2526_4	M2264_4	108	1297	568	1346
F2526_4	M2702_4	108	1238	422	984
F2526_4	M284_4	108	1348	1121	2626
F2526_4	M818_4	108	1500	1070	2547
F258_4	F1482_4	108	1146	915	1085
F258_4	F2471_4	108	1271	1126	1322
F258_4	F2526_4	108	1364	1230	1418
F258_4	F2706_4	108	1263	999	1193
F258_4	F2760_4	108	1189	913	1058
F258_4	F355_4	108	1155	657	805
F258_4	F857_4	108	1223	1125	1328
F258_4	M1099_4	108	1158	807	956
F258_4	M1745_4	108	1226	385	466
F258_4	M2264_4	108	1290	957	1123
F258_4	M2702_4	108	1414	928	1094
F258_4	M284_4	108	1223	1173	1395
F258_4	M818_4	108	1258	1113	1324
F2706_4	F1482_4	108	1273	580	650
F2706_4	F2471_4	108	1227	692	789
F2706_4	F2526_4	108	1082	686	773
F2706_4	F258_4	108	1263	522	600
F2706_4	F2760_4	108	1197	494	566
F2706_4	F355_4	108	1107	218	248
F2706_4	F857_4	108	1217	851	959
F2706_4	M1099_4	108	1214	360	404
F2706_4	M1745_4	108	1400	106	129
F2706_4	M2264_4	108	1223	468	532
F2706_4	M2702_4	108	1209	379	432
F2706_4	M284_4	108	1406	1126	1307
F2706_4	M818_4	108	1295	847	968
F2760_4	F1482_4	108	1187	237	237
F2760_4	F2471_4	108	1203	352	352
F2760_4	F2526_4	108	1276	473	473
F2760_4	F258_4	108	1189	237	237
F2760_4	F2706_4	108	1197	226	226
F2760_4	F355_4	108	1376	97	97
F2760_4	F857_4	108	1213	465	465
F2760_4	M1099_4	108	1185	140	140
F2760_4	M1745_4	108	1439	42	42
F2760_4	M2264_4	108	1254	198	198
F2760_4	M2702_4	108	1312	151	151
F2760_4	M284_4	108	1212	617	617
F2760_4	M818_4	108	1210	433	433
F355_4	F1482_4	108	1353	876	2912
F355_4	F2471_4	108	1256	903	3059
F355_4	F2526_4	108	1288	990	3270
F355_4	F258_4	108	1155	682	2394
F355_4	F2706_4	108	1107	675	2321
F355_4	F2760_4	108	1376	805	2643
F355_4	F857_4	108	1244	992	3393
F355_4	M1099_4	108	1229	569	1852
F355_4	M1745_4	108	1386	185	598
F355_4	M2264_4	108	1308	707	2400
F355_4	M2702_4	108	1239	534	1787
F355_4	M284_4	108	1212	1062	3576
F355_4	M818_4	108	1199	918	3052
F857_4	F1482_4	108	1370	1230	1230
F857_4	F2471_4	108	1461	1354	1354
F857_4	F2526_4	108	1341	1266	1266
F857_4	F258_4	108	1223	1059	1059
F857_4	F2706_4	108	1217	1051	1051
F857_4	F2760_4	108	1213	1044	1044
F857_4	F355_4	108	1244	900	900
F857_4	M1099_4	108	1204	972	972
F857_4	M1745_4	108	1360	592	592
F857_4	M2264_4	108	1340	1145	1145
F857_4	M2702_4	108	1259	1011	1011
F857_4	M284_4	108	1229	1195	1195
F857_4	M818_4	108	1236	1159	1159
M1099_4	F1482_4	108	1325	1291	2424
M1099_4	F2471_4	108	1321	1284	2534
M1099_4	F2526_4	108	1326	1301	2516
M1099_4	F258_4	108	1158	1104	2198
M1099_4	F2706_4	108	1214	1169	2249
M1099_4	F2760_4	108	1185	1127	2197
M1099_4	F355_4	108	1229	1086	2059
M1099_4	F857_4	108	1204	1184	2306
M1099_4	M1745_4	108	1261	916	1774
M1099_4	M2264_4	108	1213	1146	2155
M1099_4	M2702_4	108	1178	1091	2131
M1099_4	M284_4	108	1403	1393	2722
M1099_4	M818_4	108	1238	1215	2371
M1745_4	F1482_4	108	1202	821	1004
M1745_4	F2471_4	108	1301	1012	1227
M1745_4	F2526_4	108	1293	1058	1329
M1745_4	F258_4	108	1226	813	1024
M1745_4	F2706_4	108	1400	916	1136
M1745_4	F2760_4	108	1439	946	1200
M1745_4	F355_4	108	1386	587	724
M1745_4	F857_4	108	1360	1137	1413
M1745_4	M1099_4	108	1261	645	819
M1745_4	M2264_4	108	1205	720	875
M1745_4	M2702_4	108	1427	715	877
M1745_4	M284_4	108	1318	1183	1506
M1745_4	M818_4	108	1242	1009	1228
M2264_4	F1482_4	108	1290	1172	1172
M2264_4	F2471_4	108	1304	1216	1216
M2264_4	F2526_4	108	1297	1220	1220
M2264_4	F258_4	108	1290	1131	1131
M2264_4	F2706_4	108	1223	1088	1088
M2264_4	F2760_4	108	1254	1116	1116
M2264_4	F355_4	108	1308	960	960
M2264_4	F857_4	108	1340	1286	1286
M2264_4	M1099_4	108	1213	995	995
M2264_4	M1745_4	108	1205	575	575
M2264_4	M2702_4	108	1227	1010	1010
M2264_4	M284_4	108	1525	1487	1487
M2264_4	M818_4	108	1251	1171	1171
M2702_4	F1482_4	108	1232	1005	1531
M2702_4	F2471_4	108	1333	1179	1767
M2702_4	F2526_4	108	1238	1128	1712
M2702_4	F258_4	108	1414	1163	1768
M2702_4	F2706_4	108	1209	975	1488
M2702_4	F2760_4	108	1312	1057	1576
M2702_4	F355_4	108	1239	787	1176
M2702_4	F857_4	108	1259	1158	1699
M2702_4	M1099_4	108	1178	878	1288
M2702_4	M1745_4	108	1427	459	712
M2702_4	M2264_4	108	1227	929	1410
M2702_4	M284_4	108	1186	1130	1759
M2702_4	M818_4	108	1283	1186	1839
M284_4	F1482_4	108	1138	1060	1060
M284_4	F2471_4	108	1361	1310	1310
M284_4	F2526_4	108	1348	1297	1297
M284_4	F258_4	108	1223	1117	1117
M284_4	F2706_4	108	1406	1285	1285
M284_4	F2760_4	108	1212	1113	1113
M284_4	F355_4	108	1212	977	977
M284_4	F857_4	108	1229	1186	1186
M284_4	M1099_4	108	1403	1222	1222
M284_4	M1745_4	108	1318	775	775
M284_4	M2264_4	108	1525	1406	1406
M284_4	M2702_4	108	1186	1025	1025
M284_4	M818_4	108	1228	1179	1179
M818_4	F1482_4	108	1258	488	488
M818_4	F2471_4	108	1345	727	727
M818_4	F2526_4	108	1500	855	855
M818_4	F258_4	108	1258	476	476
M818_4	F2706_4	108	1295	441	441
M818_4	F2760_4	108	1210	456	456
M818_4	F355_4	108	1199	208	208
M818_4	F857_4	108	1236	782	782
M818_4	M1099_4	108	1238	298	298
M818_4	M1745_4	108	1242	87	87
M818_4	M2264_4	108	1251	397	397
M818_4	M2702_4	108	1283	291	291
M818_4	M284_4	108	1228	925	925
F137_4	F1386_4	109	1272	788	788
F137_4	F158_4	109	1103	705	705
F137_4	F1683_4	109	1338	168	168
F137_4	F1915_4	109	1337	154	154
F137_4	F2136_4	109	1225	351	351
F137_4	M1073_4	109	1313	68	68
F137_4	M1290_4	109	1210	539	539
F137_4	M1656_4	109	1274	26	26
F137_4	M2512_4	109	1244	566	566
F137_4	M2599_4	109	1255	160	160
F137_4	M2713_4	109	1284	161	161
F137_4	M606_4	109	1268	82	82
F137_4	M709_4	109	1255	600	600
F1386_4	F137_4	109	1272	514	1700
F1386_4	F158_4	109	1239	1130	3634
F1386_4	F1683_4	109	1153	580	1905
F1386_4	F1915_4	109	1278	568	1827
F1386_4	F2136_4	109	1237	904	2932
F1386_4	M1073_4	109	1423	374	1194
F1386_4	M1290_4	109	1230	1010	3312
F1386_4	M1656_4	109	1316	171	591
F1386_4	M2512_4	109	1169	980	3202
F1386_4	M2599_4	109	1375	662	2212
F1386_4	M2713_4	109	1202	552	1772
F1386_4	M606_4	109	1381	443	1439
F1386_4	M709_4	109	1155	989	3294
F158_4	F137_4	109	1103	180	363
F158_4	F1386_4	109	1239	950	2067
F158_4	F1683_4	109	1286	280	594
F158_4	F1915_4	109	1389	274	565
F158_4	F2136_4	109	1342	558	1204
F158_4	M1073_4	109	1315	114	244
F158_4	M1290_4	109	1165	685	1528
F158_4	M1656_4	109	1347	58	129
F158_4	M2512_4	109	1285	783	1673
F158_4	M2599_4	109	1188	264	579
F158_4	M2713_4	109	1210	219	454
F158_4	M606_4	109	1267	169	387
F158_4	M709_4	109	1445	877	1899
F1683_4	F137_4	109	1338	1249	1249
F1683_4	F1386_4	109	1153	1148	1148
F1683_4	F158_4	109	1286	1279	1279
F1683_4	F1915_4	109	1162	1101	1101
F1683_4	F2136_4	109	1311	1279	1279
F1683_4	M1073_4	109	1303	1109	1109
F1683_4	M1290_4	109	1270	1255	1255
F1683_4	M1656_4	109	1356	1006	1006
F1683_4	M2512_4	109	1172	1164	1164
F1683_4	M2599_4	109	1336	1273	1273
F1683_4	M2713_4	109	1397	1307	1307
F1683_4	M606_4	109	1266	1113	1113
F1683_4	M709_4	109	1246	1236	1236
F1915_4	F137_4	109	1337	251	251
F1915_4	F1386_4	109	1278	1013	1013
F1915_4	F158_4	109	1389	1082	1082
F1915_4	F1683_4	109	1162	324	324
F1915_4	F2136_4	109	1200	602	602
F1915_4	M1073_4	109	1307	140	140
F1915_4	M1290_4	109	1314	831	831
F1915_4	M1656_4	109	1171	51	51
F1915_4	M2512_4	109	1282	845	845
F1915_4	M2599_4	109	1249	303	303
F1915_4	M2713_4	109	1219	277	277
F1915_4	M606_4	109	1260	199	199
F1915_4	M709_4	109	1247	877	877
F2136_4	F137_4	109	1225	921	921
F2136_4	F1386_4	109	1237	1207	1207
F2136_4	F158_4	109	1342	1323	1323
F2136_4	F1683_4	109	1311	1072	1072
F2136_4	F1915_4	109	1200	947	947
F2136_4	M1073_4	109	1297	762	762
F2136_4	M1290_4	109	1315	1232	1232
F2136_4	M1656_4	109	1230	492	492
F2136_4	M2512_4	109	1367	1321	1321
F2136_4	M2599_4	109	1342	1065	1065
F2136_4	M2713_4	109	1306	1045	1045
F2136_4	M606_4	109	1168	774	774
F2136_4	M709_4	109	1293	1228	1228
M1073_4	F137_4	109	1313	228	243
M1073_4	F1386_4	109	1423	1091	1220
M1073_4	F158_4	109	1315	1021	1142
M1073_4	F1683_4	109	1303	305	337
M1073_4	F1915_4	109	1307	283	314
M1073_4	F2136_4	109	1297	604	665
M1073_4	M1290_4	109	1334	786	867
M1073_4	M1656_4	109	1243	54	60
M1073_4	M2512_4	109	1234	804	887
M1073_4	M2599_4	109	1209	265	296
M1073_4	M2713_4	109	1188	260	291
M1073_4	M606_4	109	1272	183	199
M1073_4	M709_4	109	1162	755	833
M1290_4	F137_4	109	1210	311	1477
M1290_4	F1386_4	109	1230	1038	4858
M1290_4	F158_4	109	1165	976	4567
M1290_4	F1683_4	109	1270	422	2056
M1290_4	F1915_4	109	1314	363	1727
M1290_4	F2136_4	109	1315	729	3396
M1290_4	M1073_4	109	1334	183	790
M1290_4	M1656_4	109	1184	95	431
M1290_4	M2512_4	109	1287	955	4521
M1290_4	M2599_4	109	1224	389	1824
M1290_4	M2713_4	109	1221	377	1758
M1290_4	M606_4	109	1288	240	1121
M1290_4	M709_4	109	1244	917	4384
M1656_4	F137_4	109	1274	325	325
M1656_4	F1386_4	109	1316	1136	1136
M1656_4	F158_4	109	1347	1122	1122
M1656_4	F1683_4	109	1356	448	448
M1656_4	F1915_4	109	1171	347	347
M1656_4	F2136_4	109	1230	716	716
M1656_4	M1073_4	109	1243	185	185
M1656_4	M1290_4	109	1184	822	822
M1656_4	M2512_4	109	1268	936	936
M1656_4	M2599_4	109	1425	463	463
M1656_4	M2713_4	109	1182	348	348
M1656_4	M606_4	109	1223	221	221
M1656_4	M709_4	109	1381	1021	1021
M2512_4	F137_4	109	1244	638	638
M2512_4	F1386_4	109	1169	1104	1104
M2512_4	F158_4	109	1285	1197	1197
M2512_4	F1683_4	109	1172	733	733
M2512_4	F1915_4	109	1282	702	702
M2512_4	F2136_4	109	1367	1076	1076
M2512_4	M1073_4	109	1234	408	408
M2512_4	M1290_4	109	1287	1117	1117
M2512_4	M1656_4	109	1268	257	257
M2512_4	M2599_4	109	1456	867	867
M2512_4	M2713_4	109	1267	709	709
M2512_4	M606_4	109	1376	540	540
M2512_4	M709_4	109	1274	1142	1142
M2599_4	F137_4	109	1255	449	620
M2599_4	F1386_4	109	1375	1240	1677
M2599_4	F158_4	109	1188	1062	1473
M2599_4	F1683_4	109	1336	660	885
M2599_4	F1915_4	109	1249	518	700
M2599_4	F2136_4	109	1342	897	1188
M2599_4	M1073_4	109	1209	271	365
M2599_4	M1290_4	109	1224	972	1279
M2599_4	M1656_4	109	1425	135	182
M2599_4	M2512_4	109	1456	1212	1657
M2599_4	M2713_4	109	1239	547	760
M2599_4	M606_4	109	1315	393	537
M2599_4	M709_4	109	1179	996	1362
M2713_4	F137_4	109	1284	187	279
M2713_4	F1386_4	109	1202	893	1303
M2713_4	F158_4	109	1210	889	1303
M2713_4	F1683_4	109	1397	312	479
M2713_4	F1915_4	109	1219	212	289
M2713_4	F2136_4	109	1306	529	773
M2713_4	M1073_4	109	1188	94	129
M2713_4	M1290_4	109	1221	661	976
M2713_4	M1656_4	109	1182	58	76
M2713_4	M2512_4	109	1267	753	1097
M2713_4	M2599_4	109	1239	235	350
M2713_4	M606_4	109	1137	114	166
M2713_4	M709_4	109	1323	763	1065
M606_4	F137_4	109	1268	151	163
M606_4	F1386_4	109	1381	985	1084
M606_4	F158_4	109	1267	883	957
M606_4	F1683_4	109	1266	239	257
M606_4	F1915_4	109	1260	200	217
M606_4	F2136_4	109	1168	446	488
M606_4	M1073_4	109	1272	94	101
M606_4	M1290_4	109	1288	623	682
M606_4	M1656_4	109	1223	36	39
M606_4	M2512_4	109	1376	764	839
M606_4	M2599_4	109	1315	222	248
M606_4	M2713_4	109	1137	163	178
M606_4	M709_4	109	1127	626	687
M709_4	F137_4	109	1255	502	502
M709_4	F1386_4	109	1155	1049	1049
M709_4	F158_4	109	1445	1319	1319
M709_4	F1683_4	109	1246	628	628
M709_4	F1915_4	109	1247	577	577
M709_4	F2136_4	109	1293	968	968
M709_4	M1073_4	109	1162	286	286
M709_4	M1290_4	109	1244	1006	1006
M709_4	M1656_4	109	1381	164	164
M709_4	M2512_4	109	1274	1064	1064
M709_4	M2599_4	109	1179	566	566
M709_4	M2713_4	109	1323	594	594
M709_4	M606_4	109	1127	376	376
F108_4	F1394_4	110	1315	310	310
F108_4	F1436_4	110	1320	852	852
F108_4	F1691_4	110	1343	311	311
F108_4	F1918_4	110	1186	75	75
F108_4	F2133_4	110	1093	30	30
F108_4	F217_4	110	1188	566	566
F108_4	F2347_4	110	1277	99	99
F108_4	M1163_4	110	1210	241	241
F108_4	M1174_4	110	1430	168	168
F108_4	M1769_4	110	1274	203	203
F108_4	M2081_4	110	1255	350	350
F108_4	M2320_4	110	1226	54	54
F108_4	M631_4	110	1281	35	35
F1394_4	F108_4	110	1315	770	1075
F1394_4	F1436_4	110	1350	1196	1692
F1394_4	F1691_4	110	1227	679	970
F1394_4	F1918_4	110	1268	255	372
F1394_4	F2133_4	110	1260	149	203
F1394_4	F217_4	110	1307	1033	1469
F1394_4	F2347_4	110	1303	334	466
F1394_4	M1163_4	110	1221	544	757
F1394_4	M1174_4	110	1351	498	714
F1394_4	M1769_4	110	1258	509	716
F1394_4	M2081_4	110	1363	810	1149
F1394_4	M2320_4	110	1055	160	211
F1394_4	M631_4	110	1216	127	173
F1436_4	F108_4	110	1320	394	1584
F1436_4	F1394_4	110	1350	322	1223
F1436_4	F1691_4	110	1182	300	1159
F1436_4	F1918_4	110	1287	80	330
F1436_4	F2133_4	110	1162	55	221
F1436_4	F217_4	110	1221	634	2518
F1436_4	F2347_4	110	1250	149	601
F1436_4	M1163_4	110	1279	266	1019
F1436_4	M1174_4	110	1349	176	734
F1436_4	M1769_4	110	1276	232	924
F1436_4	M2081_4	110	1127	348	1344
F1436_4	M2320_4	110	1226	69	276
F1436_4	M631_4	110	1262	35	148
F1691_4	F108_4	110	1343	1146	1146
F1691_4	F1394_4	110	1227	1032	1032
F1691_4	F1436_4	110	1182	1136	1136
F1691_4	F1918_4	110	1117	534	534
F1691_4	F2133_4	110	1303	487	487
F1691_4	F217_4	110	1147	1077	1077
F1691_4	F2347_4	110	1295	787	787
F1691_4	M1163_4	110	1285	1015	1015
F1691_4	M1174_4	110	1200	818	818
F1691_4	M1769_4	110	1352	996	996
F1691_4	M2081_4	110	1231	1051	1051
F1691_4	M2320_4	110	1189	542	542
F1691_4	M631_4	110	1350	420	420
F1918_4	F108_4	110	1186	1038	1038
F1918_4	F1394_4	110	1268	1111	1111
F1918_4	F1436_4	110	1287	1254	1254
F1918_4	F1691_4	110	1117	979	979
F1918_4	F2133_4	110	1377	560	560
F1918_4	F217_4	110	1356	1302	1302
F1918_4	F2347_4	110	1369	909	909
F1918_4	M1163_4	110	1344	1112	1112
F1918_4	M1174_4	110	1405	1022	1022
F1918_4	M1769_4	110	1260	994	994
F1918_4	M2081_4	110	1298	1167	1167
F1918_4	M2320_4	110	1319	654	654
F1918_4	M631_4	110	1293	436	436
F2133_4	F108_4	110	1093	642	1006
F2133_4	F1394_4	110	1260	673	1006
F2133_4	F1436_4	110	1162	1000	1561
F2133_4	F1691_4	110	1303	670	1062
F2133_4	F1918_4	110	1377	218	329
F2133_4	F217_4	110	1196	938	1469
F2133_4	F2347_4	110	1437	358	546
F2133_4	M1163_4	110	1286	589	910
F2133_4	M1174_4	110	1254	409	639
F2133_4	M1769_4	110	1140	420	685
F2133_4	M2081_4	110	1228	725	1142
F2133_4	M2320_4	110	1504	205	313
F2133_4	M631_4	110	1212	113	176
F217_4	F108_4	110	1188	809	1045
F217_4	F1394_4	110	1307	816	1042
F217_4	F1436_4	110	1221	1110	1416
F217_4	F1691_4	110	1147	722	897
F217_4	F1918_4	110	1356	285	355
F217_4	F2133_4	110	1196	176	220
F217_4	F2347_4	110	1292	428	542
F217_4	M1163_4	110	1252	694	942
F217_4	M1174_4	110	1163	491	611
F217_4	M1769_4	110	1299	619	807
F217_4	M2081_4	110	1226	830	1060
F217_4	M2320_4	110	1329	272	351
F217_4	M631_4	110	1293	185	231
F2347_4	F108_4	110	1277	856	856
F2347_4	F1394_4	110	1303	795	795
F2347_4	F1436_4	110	1250	1111	1111
F2347_4	F1691_4	110	1295	760	760
F2347_4	F1918_4	110	1369	283	283
F2347_4	F2133_4	110	1437	220	220
F2347_4	F217_4	110	1292	1056	1056
F2347_4	M1163_4	110	1361	693	693
F2347_4	M1174_4	110	1488	567	567
F2347_4	M1769_4	110	1235	572	572
F2347_4	M2081_4	110	1139	718	718
F2347_4	M2320_4	110	1175	227	227
F2347_4	M631_4	110	1295	160	160
M1163_4	F108_4	110	1210	1012	1341
M1163_4	F1394_4	110	1221	942	1254
M1163_4	F1436_4	110	1279	1223	1599
M1163_4	F1691_4	110	1285	1007	1309
M1163_4	F1918_4	110	1344	518	698
M1163_4	F2133_4	110	1286	392	513
M1163_4	F217_4	110	1252	1156	1520
M1163_4	F2347_4	110	1361	716	937
M1163_4	M1174_4	110	1390	843	1077
M1163_4	M1769_4	110	1278	846	1136
M1163_4	M2081_4	110	1280	1068	1406
M1163_4	M2320_4	110	1267	489	631
M1163_4	M631_4	110	1403	365	486
M1174_4	F108_4	110	1430	1354	2001
M1174_4	F1394_4	110	1351	1258	1815
M1174_4	F1436_4	110	1349	1337	1952
M1174_4	F1691_4	110	1200	1124	1628
M1174_4	F1918_4	110	1405	1053	1550
M1174_4	F2133_4	110	1254	792	1164
M1174_4	F217_4	110	1163	1148	1683
M1174_4	F2347_4	110	1488	1219	1801
M1174_4	M1163_4	110	1390	1285	1894
M1174_4	M1769_4	110	1208	1068	1537
M1174_4	M2081_4	110	1240	1171	1690
M1174_4	M2320_4	110	1342	928	1312
M1174_4	M631_4	110	1403	799	1149
M1769_4	F108_4	110	1274	1110	3410
M1769_4	F1394_4	110	1258	1063	3253
M1769_4	F1436_4	110	1276	1231	3732
M1769_4	F1691_4	110	1352	1127	3440
M1769_4	F1918_4	110	1260	631	1933
M1769_4	F2133_4	110	1140	427	1280
M1769_4	F217_4	110	1299	1221	3775
M1769_4	F2347_4	110	1235	777	2391
M1769_4	M1163_4	110	1278	1049	3191
M1769_4	M1174_4	110	1208	887	2727
M1769_4	M2081_4	110	1252	1110	3380
M1769_4	M2320_4	110	1479	697	2180
M1769_4	M631_4	110	1181	437	1329
M2081_4	F108_4	110	1255	643	1087
M2081_4	F1394_4	110	1363	635	1126
M2081_4	F1436_4	110	1127	945	1666
M2081_4	F1691_4	110	1231	531	917
M2081_4	F1918_4	110	1298	187	321
M2081_4	F2133_4	110	1228	84	143
M2081_4	F217_4	110	1226	877	1516
M2081_4	F2347_4	110	1139	244	421
M2081_4	M1163_4	110	1280	497	846
M2081_4	M1174_4	110	1240	347	614
M2081_4	M1769_4	110	1252	432	736
M2081_4	M2320_4	110	1194	155	265
M2081_4	M631_4	110	1157	79	138
M2320_4	F108_4	110	1226	648	1082
M2320_4	F1394_4	110	1055	471	821
M2320_4	F1436_4	110	1226	1026	1743
M2320_4	F1691_4	110	1189	563	987
M2320_4	F1918_4	110	1319	177	299
M2320_4	F2133_4	110	1504	144	250
M2320_4	F217_4	110	1329	980	1729
M2320_4	F2347_4	110	1175	252	419
M2320_4	M1163_4	110	1267	500	886
M2320_4	M1174_4	110	1342	387	696
M2320_4	M1769_4	110	1479	487	825
M2320_4	M2081_4	110	1194	580	1047
M2320_4	M631_4	110	1273	99	198
M631_4	F108_4	110	1281	736	736
M631_4	F1394_4	110	1216	654	654
M631_4	F1436_4	110	1262	1105	1105
M631_4	F1691_4	110	1350	690	690
M631_4	F1918_4	110	1293	220	220
M631_4	F2133_4	110	1212	137	137
M631_4	F217_4	110	1293	999	999
M631_4	F2347_4	110	1295	318	318
M631_4	M1163_4	110	1403	593	593
M631_4	M1174_4	110	1403	448	448
M631_4	M1769_4	110	1181	390	390
M631_4	M2081_4	110	1157	662	662
M631_4	M2320_4	110	1273	169	169
F1262_4	F1355_4	111	1294	95	182
F1262_4	F2004_4	111	1147	188	369
F1262_4	F2165_4	111	1451	188	370
F1262_4	F2187_4	111	1283	137	257
F1262_4	F2295_4	111	1393	1305	2504
F1262_4	F2654_4	111	1308	221	397
F1262_4	M1312_4	111	1355	434	811
F1262_4	M1469_4	111	1095	109	205
F1262_4	M1920_4	111	1215	342	643
F1262_4	M2476_4	111	1240	125	246
F1262_4	M462_4	111	1140	59	110
F1262_4	M719_4	111	1296	53	103
F1262_4	M901_4	111	1262	357	676
F1355_4	F1262_4	111	1294	97	97
F1355_4	F2004_4	111	1281	334	334
F1355_4	F2165_4	111	1414	358	358
F1355_4	F2187_4	111	1254	171	171
F1355_4	F2295_4	111	1266	1227	1227
F1355_4	F2654_4	111	1108	332	332
F1355_4	M1312_4	111	1189	556	556
F1355_4	M1469_4	111	1269	166	166
F1355_4	M1920_4	111	1247	509	509
F1355_4	M2476_4	111	1287	246	246
F1355_4	M462_4	111	1258	114	114
F1355_4	M719_4	111	1461	126	126
F1355_4	M901_4	111	1269	515	515
F2004_4	F1262_4	111	1147	132	132
F2004_4	F1355_4	111	1281	233	233
F2004_4	F2165_4	111	1197	432	432
F2004_4	F2187_4	111	1266	306	306
F2004_4	F2295_4	111	1298	1271	1271
F2004_4	F2654_4	111	1275	514	514
F2004_4	M1312_4	111	1262	763	763
F2004_4	M1469_4	111	1299	235	235
F2004_4	M1920_4	111	1310	736	736
F2004_4	M2476_4	111	1238	337	337
F2004_4	M462_4	111	1279	155	155
F2004_4	M719_4	111	1162	141	141
F2004_4	M901_4	111	1232	705	705
F2165_4	F1262_4	111	1451	473	473
F2165_4	F1355_4	111	1414	696	696
F2165_4	F2004_4	111	1197	831	831
F2165_4	F2187_4	111	1299	743	743
F2165_4	F2295_4	111	1211	1203	1203
F2165_4	F2654_4	111	1345	976	976
F2165_4	M1312_4	111	1258	1073	1073
F2165_4	M1469_4	111	1311	676	676
F2165_4	M1920_4	111	1146	952	952
F2165_4	M2476_4	111	1334	829	829
F2165_4	M462_4	111	1127	445	445
F2165_4	M719_4	111	1152	458	458
F2165_4	M901_4	111	1273	1058	1058
F2187_4	F1262_4	111	1283	247	287
F2187_4	F1355_4	111	1254	385	447
F2187_4	F2004_4	111	1266	685	781
F2187_4	F2165_4	111	1299	608	700
F2187_4	F2295_4	111	1112	1100	1294
F2187_4	F2654_4	111	1148	598	711
F2187_4	M1312_4	111	1221	869	1009
F2187_4	M1469_4	111	1241	365	431
F2187_4	M1920_4	111	1093	763	889
F2187_4	M2476_4	111	1300	491	570
F2187_4	M462_4	111	1315	263	309
F2187_4	M719_4	111	1303	274	331
F2187_4	M901_4	111	1209	785	916
F2295_4	F1262_4	111	1393	92	92
F2295_4	F1355_4	111	1266	140	140
F2295_4	F2004_4	111	1298	295	295
F2295_4	F2165_4	111	1211	224	224
F2295_4	F2187_4	111	1112	141	141
F2295_4	F2654_4	111	1123	254	254
F2295_4	M1312_4	111	1228	498	498
F2295_4	M1469_4	111	1240	130	130
F2295_4	M1920_4	111	1073	426	426
F2295_4	M2476_4	111	1220	189	189
F2295_4	M462_4	111	1294	73	73
F2295_4	M719_4	111	1263	88	88
F2295_4	M901_4	111	1210	403	403
F2654_4	F1262_4	111	1308	436	1136
F2654_4	F1355_4	111	1108	533	1385
F2654_4	F2004_4	111	1275	907	2309
F2654_4	F2165_4	111	1345	913	2334
F2654_4	F2187_4	111	1148	627	1574
F2654_4	F2295_4	111	1123	1111	2813
F2654_4	M1312_4	111	1223	1041	2615
F2654_4	M1469_4	111	1350	725	1813
F2654_4	M1920_4	111	1177	1007	2515
F2654_4	M2476_4	111	1264	752	1824
F2654_4	M462_4	111	1134	443	1132
F2654_4	M719_4	111	1208	491	1207
F2654_4	M901_4	111	1322	1100	2733
M1312_4	F1262_4	111	1355	239	239
M1312_4	F1355_4	111	1189	354	354
M1312_4	F2004_4	111	1262	603	603
M1312_4	F2165_4	111	1258	564	564
M1312_4	F2187_4	111	1221	399	399
M1312_4	F2295_4	111	1228	1209	1209
M1312_4	F2654_4	111	1223	649	649
M1312_4	M1469_4	111	1163	363	363
M1312_4	M1920_4	111	1185	794	794
M1312_4	M2476_4	111	1249	451	451
M1312_4	M462_4	111	1236	229	229
M1312_4	M719_4	111	1281	248	248
M1312_4	M901_4	111	1276	825	825
M1469_4	F1262_4	111	1095	21	21
M1469_4	F1355_4	111	1269	63	63
M1469_4	F2004_4	111	1299	145	145
M1469_4	F2165_4	111	1311	99	99
M1469_4	F2187_4	111	1241	78	78
M1469_4	F2295_4	111	1240	1102	1102
M1469_4	F2654_4	111	1350	141	141
M1469_4	M1312_4	111	1163	265	265
M1469_4	M1920_4	111	1191	226	226
M1469_4	M2476_4	111	1221	68	68
M1469_4	M462_4	111	1162	32	32
M1469_4	M719_4	111	1244	36	36
M1469_4	M901_4	111	1297	236	236
M1920_4	F1262_4	111	1215	343	1330
M1920_4	F1355_4	111	1247	546	2011
M1920_4	F2004_4	111	1310	838	3137
M1920_4	F2165_4	111	1146	726	2691
M1920_4	F2187_4	111	1093	522	1948
M1920_4	F2295_4	111	1073	1066	3974
M1920_4	F2654_4	111	1177	795	2986
M1920_4	M1312_4	111	1185	951	3520
M1920_4	M1469_4	111	1191	551	2080
M1920_4	M2476_4	111	1200	655	2452
M1920_4	M462_4	111	1363	454	1725
M1920_4	M719_4	111	1225	362	1334
M1920_4	M901_4	111	1187	920	3429
M2476_4	F1262_4	111	1240	237	237
M2476_4	F1355_4	111	1287	388	388
M2476_4	F2004_4	111	1238	657	657
M2476_4	F2165_4	111	1334	626	626
M2476_4	F2187_4	111	1300	463	463
M2476_4	F2295_4	111	1220	1208	1208
M2476_4	F2654_4	111	1264	710	710
M2476_4	M1312_4	111	1249	905	905
M2476_4	M1469_4	111	1221	404	404
M2476_4	M1920_4	111	1200	817	817
M2476_4	M462_4	111	1239	275	275
M2476_4	M719_4	111	1085	263	263
M2476_4	M901_4	111	1252	862	862
M462_4	F1262_4	111	1140	491	699
M462_4	F1355_4	111	1258	710	1032
M462_4	F2004_4	111	1279	980	1460
M462_4	F2165_4	111	1127	845	1230
M462_4	F2187_4	111	1315	815	1233
M462_4	F2295_4	111	1294	1290	1895
M462_4	F2654_4	111	1134	891	1265
M462_4	M1312_4	111	1236	1088	1576
M462_4	M1469_4	111	1162	686	1006
M462_4	M1920_4	111	1363	1198	1734
M462_4	M2476_4	111	1239	804	1171
M462_4	M719_4	111	1106	565	805
M462_4	M901_4	111	1317	1155	1684
M719_4	F1262_4	111	1296	144	260
M719_4	F1355_4	111	1461	326	553
M719_4	F2004_4	111	1162	488	856
M719_4	F2165_4	111	1152	372	608
M719_4	F2187_4	111	1303	324	576
M719_4	F2295_4	111	1263	1234	2105
M719_4	F2654_4	111	1208	480	851
M719_4	M1312_4	111	1281	781	1319
M719_4	M1469_4	111	1244	250	439
M719_4	M1920_4	111	1225	721	1248
M719_4	M2476_4	111	1085	307	512
M719_4	M462_4	111	1106	168	311
M719_4	M901_4	111	1261	718	1237
M901_4	F1262_4	111	1262	41	144
M901_4	F1355_4	111	1269	103	347
M901_4	F2004_4	111	1232	186	668
M901_4	F2165_4	111	1273	175	618
M901_4	F2187_4	111	1209	121	449
M901_4	F2295_4	111	1210	1133	4199
M901_4	F2654_4	111	1322	224	812
M901_4	M1312_4	111	1276	411	1497
M901_4	M1469_4	111	1297	92	332
M901_4	M1920_4	111	1187	330	1180
M901_4	M2476_4	111	1252	119	445
M901_4	M462_4	111	1317	53	202
M901_4	M719_4	111	1261	61	235
F1348_4	F1652_4	112	1244	958	958
F1348_4	F2141_4	112	1212	278	278
F1348_4	F2722_4	112	1395	282	282
F1348_4	M1180_4	112	1232	604	604
F1348_4	M1193_4	112	1199	237	237
F1348_4	M1684_4	112	1288	244	244
F1348_4	M2250_4	112	1158	420	420
F1348_4	M2280_4	112	1170	24	24
F1348_4	M2297_4	112	1239	946	946
F1348_4	M2590_4	112	1220	80	80
F1348_4	M2758_4	112	1285	752	752
F1348_4	M36_4	112	1252	446	446
F1348_4	M786_4	112	1428	15	15
F1652_4	F1348_4	112	1244	44	91
F1652_4	F2141_4	112	1367	106	251
F1652_4	F2722_4	112	1324	93	244
F1652_4	M1180_4	112	1287	270	669
F1652_4	M1193_4	112	1335	87	213
F1652_4	M1684_4	112	1290	73	169
F1652_4	M2250_4	112	1239	158	402
F1652_4	M2280_4	112	1318	8	21
F1652_4	M2297_4	112	1321	602	1485
F1652_4	M2590_4	112	1192	27	58
F1652_4	M2758_4	112	1213	346	822
F1652_4	M36_4	112	1147	152	379
F1652_4	M786_4	112	1220	4	9
F2141_4	F1348_4	112	1212	24	54
F2141_4	F1652_4	112	1367	409	808
F2141_4	F2722_4	112	1256	40	72
F2141_4	M1180_4	112	1332	165	334
F2141_4	M1193_4	112	1265	38	76
F2141_4	M1684_4	112	1171	38	80
F2141_4	M2250_4	112	1196	77	149
F2141_4	M2280_4	112	1099	8	15
F2141_4	M2297_4	112	1353	421	814
F2141_4	M2590_4	112	1389	10	18
F2141_4	M2758_4	112	1352	262	515
F2141_4	M36_4	112	1140	99	190
F2141_4	M786_4	112	1244	5	9
F2722_4	F1348_4	112	1395	748	748
F2722_4	F1652_4	112	1324	1270	1270
F2722_4	F2141_4	112	1256	885	885
F2722_4	M1180_4	112	1350	1196	1196
F2722_4	M1193_4	112	1197	800	800
F2722_4	M1684_4	112	1313	793	793
F2722_4	M2250_4	112	1388	1128	1128
F2722_4	M2280_4	112	1297	191	191
F2722_4	M2297_4	112	1267	1223	1223
F2722_4	M2590_4	112	1426	454	454
F2722_4	M2758_4	112	1257	1167	1167
F2722_4	M36_4	112	1224	1027	1027
F2722_4	M786_4	112	1198	139	139
M1180_4	F1348_4	112	1232	603	603
M1180_4	F1652_4	112	1287	1236	1236
M1180_4	F2141_4	112	1332	936	936
M1180_4	F2722_4	112	1350	868	868
M1180_4	M1193_4	112	1287	792	792
M1180_4	M1684_4	112	1215	711	711
M1180_4	M2250_4	112	1321	1047	1047
M1180_4	M2280_4	112	1183	168	168
M1180_4	M2297_4	112	1397	1331	1331
M1180_4	M2590_4	112	1305	422	422
M1180_4	M2758_4	112	1203	1082	1082
M1180_4	M36_4	112	1433	1177	1177
M1180_4	M786_4	112	1295	112	112
M1193_4	F1348_4	112	1199	7	7
M1193_4	F1652_4	112	1335	131	131
M1193_4	F2141_4	112	1265	12	12
M1193_4	F2722_4	112	1197	14	14
M1193_4	M1180_4	112	1287	50	50
M1193_4	M1684_4	112	1350	9	9
M1193_4	M2250_4	112	1294	33	33
M1193_4	M2280_4	112	1262	2	2
M1193_4	M2297_4	112	1228	162	162
M1193_4	M2590_4	112	1378	4	4
M1193_4	M2758_4	112	1210	71	71
M1193_4	M36_4	112	1271	36	36
M1193_4	M786_4	112	1305	0	0
M1684_4	F1348_4	112	1288	156	156
M1684_4	F1652_4	112	1290	955	955
M1684_4	F2141_4	112	1171	291	291
M1684_4	F2722_4	112	1313	244	244
M1684_4	M1180_4	112	1215	617	617
M1684_4	M1193_4	112	1350	274	274
M1684_4	M2250_4	112	1290	468	468
M1684_4	M2280_4	112	1254	27	27
M1684_4	M2297_4	112	1244	977	977
M1684_4	M2590_4	112	1296	81	81
M1684_4	M2758_4	112	1233	735	735
M1684_4	M36_4	112	1206	449	449
M1684_4	M786_4	112	1323	19	19
M2250_4	F1348_4	112	1158	191	325
M2250_4	F1652_4	112	1239	980	1658
M2250_4	F2141_4	112	1196	334	539
M2250_4	F2722_4	112	1388	305	524
M2250_4	M1180_4	112	1321	763	1300
M2250_4	M1193_4	112	1294	308	526
M2250_4	M1684_4	112	1290	266	451
M2250_4	M2280_4	112	1376	38	58
M2250_4	M2297_4	112	1327	1070	1841
M2250_4	M2590_4	112	1389	90	161
M2250_4	M2758_4	112	1288	842	1389
M2250_4	M36_4	112	1196	531	914
M2250_4	M786_4	112	1301	21	30
M2280_4	F1348_4	112	1170	522	522
M2280_4	F1652_4	112	1318	1234	1234
M2280_4	F2141_4	112	1099	687	687
M2280_4	F2722_4	112	1297	724	724
M2280_4	M1180_4	112	1183	1002	1002
M2280_4	M1193_4	112	1262	728	728
M2280_4	M1684_4	112	1254	630	630
M2280_4	M2250_4	112	1376	1018	1018
M2280_4	M2297_4	112	1265	1191	1191
M2280_4	M2590_4	112	1075	284	284
M2280_4	M2758_4	112	1291	1132	1132
M2280_4	M36_4	112	1313	1006	1006
M2280_4	M786_4	112	1464	109	109
M2297_4	F1348_4	112	1239	120	120
M2297_4	F1652_4	112	1321	973	973
M2297_4	F2141_4	112	1353	265	265
M2297_4	F2722_4	112	1267	224	224
M2297_4	M1180_4	112	1397	625	625
M2297_4	M1193_4	112	1228	198	198
M2297_4	M1684_4	112	1244	179	179
M2297_4	M2250_4	112	1327	396	396
M2297_4	M2280_4	112	1265	28	28
M2297_4	M2590_4	112	1238	56	56
M2297_4	M2758_4	112	1315	747	747
M2297_4	M36_4	112	1320	448	448
M2297_4	M786_4	112	1193	17	17
M2590_4	F1348_4	112	1220	142	258
M2590_4	F1652_4	112	1192	840	1527
M2590_4	F2141_4	112	1389	310	572
M2590_4	F2722_4	112	1426	260	481
M2590_4	M1180_4	112	1305	617	1126
M2590_4	M1193_4	112	1378	252	449
M2590_4	M1684_4	112	1296	205	366
M2590_4	M2250_4	112	1389	467	835
M2590_4	M2280_4	112	1075	26	46
M2590_4	M2297_4	112	1238	911	1652
M2590_4	M2758_4	112	1240	693	1264
M2590_4	M36_4	112	1193	405	732
M2590_4	M786_4	112	1307	17	28
M2758_4	F1348_4	112	1285	109	109
M2758_4	F1652_4	112	1213	822	822
M2758_4	F2141_4	112	1352	234	234
M2758_4	F2722_4	112	1257	194	194
M2758_4	M1180_4	112	1203	489	489
M2758_4	M1193_4	112	1210	176	176
M2758_4	M1684_4	112	1233	145	145
M2758_4	M2250_4	112	1288	398	398
M2758_4	M2280_4	112	1291	26	26
M2758_4	M2297_4	112	1315	891	891
M2758_4	M2590_4	112	1240	63	63
M2758_4	M36_4	112	1194	384	384
M2758_4	M786_4	112	1331	21	21
M36_4	F1348_4	112	1252	13	34
M36_4	F1652_4	112	1147	201	595
M36_4	F2141_4	112	1140	35	111
M36_4	F2722_4	112	1224	21	64
M36_4	M1180_4	112	1433	83	267
M36_4	M1193_4	112	1271	19	52
M36_4	M1684_4	112	1206	18	55
M36_4	M2250_4	112	1196	49	159
M36_4	M2280_4	112	1313	1	2
M36_4	M2297_4	112	1320	260	787
M36_4	M2590_4	112	1193	9	29
M36_4	M2758_4	112	1194	117	357
M36_4	M786_4	112	1281	0	0
M786_4	F1348_4	112	1428	646	646
M786_4	F1652_4	112	1220	1144	1144
M786_4	F2141_4	112	1244	786	786
M786_4	F2722_4	112	1198	698	698
M786_4	M1180_4	112	1295	1098	1098
M786_4	M1193_4	112	1305	752	752
M786_4	M1684_4	112	1323	646	646
M786_4	M2250_4	112	1301	983	983
M786_4	M2280_4	112	1464	137	137
M786_4	M2297_4	112	1193	1130	1130
M786_4	M2590_4	112	1307	351	351
M786_4	M2758_4	112	1331	1176	1176
M786_4	M36_4	112	1281	994	994
F1203_4	F1253_4	113	1192	1147	2141
F1203_4	F1657_4	113	1309	1208	2235
F1203_4	F2233_4	113	1285	1248	2328
F1203_4	F2473_4	113	1236	1031	1937
F1203_4	F253_4	113	1290	1219	2260
F1203_4	F2610_4	113	1179	952	1749
F1203_4	F828_4	113	1283	1275	2338
F1203_4	M1765_4	113	1167	1140	2093
F1203_4	M2557_4	113	1228	1100	2016
F1203_4	M346_4	113	1269	1207	2206
F1203_4	M556_4	113	1184	1132	2060
F1203_4	M657_4	113	1204	1074	1972
F1203_4	M66_4	113	1320	1295	2437
F1253_4	F1203_4	113	1192	145	145
F1253_4	F1657_4	113	1391	795	795
F1253_4	F2233_4	113	1278	915	915
F1253_4	F2473_4	113	1262	373	373
F1253_4	F253_4	113	1233	729	729
F1253_4	F2610_4	113	1258	380	380
F1253_4	F828_4	113	1258	1178	1178
F1253_4	M1765_4	113	1278	1006	1006
F1253_4	M2557_4	113	1327	499	499
F1253_4	M346_4	113	1281	770	770
F1253_4	M556_4	113	1219	832	832
F1253_4	M657_4	113	1118	495	495
F1253_4	M66_4	113	1209	991	991
F1657_4	F1203_4	113	1309	1	2
F1657_4	F1253_4	113	1391	80	234
F1657_4	F2233_4	113	1351	71	208
F1657_4	F2473_4	113	1268	15	45
F1657_4	F253_4	113	1424	59	192
F1657_4	F2610_4	113	1341	9	35
F1657_4	F828_4	113	1360	376	1198
F1657_4	M1765_4	113	1400	127	411
F1657_4	M2557_4	113	1159	14	41
F1657_4	M346_4	113	1287	54	165
F1657_4	M556_4	113	1142	58	179
F1657_4	M657_4	113	1364	25	85
F1657_4	M66_4	113	1186	129	403
F2233_4	F1203_4	113	1285	56	223
F2233_4	F1253_4	113	1278	541	2211
F2233_4	F1657_4	113	1351	417	1706
F2233_4	F2473_4	113	1294	171	715
F2233_4	F253_4	113	1166	359	1478
F2233_4	F2610_4	113	1238	152	626
F2233_4	F828_4	113	1265	1056	4290
F2233_4	M1765_4	113	1422	784	3307
F2233_4	M2557_4	113	1351	264	1092
F2233_4	M346_4	113	1193	432	1747
F2233_4	M556_4	113	1305	547	2237
F2233_4	M657_4	113	1260	267	1102
F2233_4	M66_4	113	1138	739	3048
F2473_4	F1203_4	113	1236	6	19
F2473_4	F1253_4	113	1262	77	222
F2473_4	F1657_4	113	1268	47	125
F2473_4	F2233_4	113	1294	94	273
F2473_4	F253_4	113	1183	36	102
F2473_4	F2610_4	113	1128	7	22
F2473_4	F828_4	113	1255	411	1156
F2473_4	M1765_4	113	1150	116	312
F2473_4	M2557_4	113	1304	29	77
F2473_4	M346_4	113	1216	60	160
F2473_4	M556_4	113	1191	62	155
F2473_4	M657_4	113	1142	32	82
F2473_4	M66_4	113	1249	196	545
F253_4	F1203_4	113	1290	196	443
F253_4	F1253_4	113	1233	912	2119
F253_4	F1657_4	113	1424	915	2090
F253_4	F2233_4	113	1166	928	2130
F253_4	F2473_4	113	1183	455	1079
F253_4	F2610_4	113	1245	471	1125
F253_4	F828_4	113	1318	1266	2933
F253_4	M1765_4	113	1147	957	2193
F253_4	M2557_4	113	1230	590	1373
F253_4	M346_4	113	1271	894	2144
F253_4	M556_4	113	1185	862	1978
F253_4	M657_4	113	1290	697	1646
F253_4	M66_4	113	1215	1072	2483
F2610_4	F1203_4	113	1179	857	857
F2610_4	F1253_4	113	1258	1237	1237
F2610_4	F1657_4	113	1341	1283	1283
F2610_4	F2233_4	113	1238	1220	1220
F2610_4	F2473_4	113	1128	1010	1010
F2610_4	F253_4	113	1245	1214	1214
F2610_4	F828_4	113	1238	1233	1233
F2610_4	M1765_4	113	1219	1196	1196
F2610_4	M2557_4	113	1362	1262	1262
F2610_4	M346_4	113	1266	1240	1240
F2610_4	M556_4	113	1277	1243	1243
F2610_4	M657_4	113	1268	1201	1201
F2610_4	M66_4	113	1227	1218	1218
F828_4	F1203_4	113	1283	193	210
F828_4	F1253_4	113	1258	915	956
F828_4	F1657_4	113	1360	809	860
F828_4	F2233_4	113	1265	960	1005
F828_4	F2473_4	113	1255	441	459
F828_4	F253_4	113	1318	835	879
F828_4	F2610_4	113	1238	398	420
F828_4	M1765_4	113	1296	1071	1139
F828_4	M2557_4	113	1182	537	559
F828_4	M346_4	113	1271	847	886
F828_4	M556_4	113	1241	847	904
F828_4	M657_4	113	1151	563	591
F828_4	M66_4	113	1171	974	1025
M1765_4	F1203_4	113	1167	22	22
M1765_4	F1253_4	113	1278	385	385
M1765_4	F1657_4	113	1400	289	289
M1765_4	F2233_4	113	1422	474	474
M1765_4	F2473_4	113	1150	95	95
M1765_4	F253_4	113	1147	286	286
M1765_4	F2610_4	113	1219	91	91
M1765_4	F828_4	113	1296	981	981
M1765_4	M2557_4	113	1262	159	159
M1765_4	M346_4	113	1171	282	282
M1765_4	M556_4	113	1211	345	345
M1765_4	M657_4	113	1173	167	167
M1765_4	M66_4	113	1080	559	559
M2557_4	F1203_4	113	1228	247	247
M2557_4	F1253_4	113	1327	1069	1069
M2557_4	F1657_4	113	1159	816	816
M2557_4	F2233_4	113	1351	1115	1115
M2557_4	F2473_4	113	1304	580	580
M2557_4	F253_4	113	1230	872	872
M2557_4	F2610_4	113	1362	567	567
M2557_4	F828_4	113	1182	1142	1142
M2557_4	M1765_4	113	1262	1092	1092
M2557_4	M346_4	113	1060	788	788
M2557_4	M556_4	113	1203	939	939
M2557_4	M657_4	113	1302	757	757
M2557_4	M66_4	113	1278	1152	1152
M346_4	F1203_4	113	1269	40	40
M346_4	F1253_4	113	1281	474	474
M346_4	F1657_4	113	1287	327	327
M346_4	F2233_4	113	1193	489	489
M346_4	F2473_4	113	1216	144	144
M346_4	F253_4	113	1271	361	361
M346_4	F2610_4	113	1266	116	116
M346_4	F828_4	113	1271	1013	1013
M346_4	M1765_4	113	1171	578	578
M346_4	M2557_4	113	1060	151	151
M346_4	M556_4	113	1227	425	425
M346_4	M657_4	113	1250	236	236
M346_4	M66_4	113	1297	795	795
M556_4	F1203_4	113	1184	174	335
M556_4	F1253_4	113	1219	904	1626
M556_4	F1657_4	113	1142	699	1257
M556_4	F2233_4	113	1305	1005	1830
M556_4	F2473_4	113	1191	438	791
M556_4	F253_4	113	1185	801	1492
M556_4	F2610_4	113	1277	419	742
M556_4	F828_4	113	1241	1181	2208
M556_4	M1765_4	113	1211	981	1814
M556_4	M2557_4	113	1203	586	1085
M556_4	M346_4	113	1227	834	1540
M556_4	M657_4	113	1493	776	1407
M556_4	M66_4	113	1187	1034	1927
M657_4	F1203_4	113	1204	308	591
M657_4	F1253_4	113	1118	948	1739
M657_4	F1657_4	113	1364	1019	1786
M657_4	F2233_4	113	1260	1071	1919
M657_4	F2473_4	113	1142	603	1087
M657_4	F253_4	113	1290	1024	1844
M657_4	F2610_4	113	1268	640	1142
M657_4	F828_4	113	1151	1111	2002
M657_4	M1765_4	113	1173	1060	1939
M657_4	M2557_4	113	1302	771	1377
M657_4	M346_4	113	1250	996	1797
M657_4	M556_4	113	1493	1252	2270
M657_4	M66_4	113	1217	1141	2101
M66_4	F1203_4	113	1320	18	18
M66_4	F1253_4	113	1209	193	193
M66_4	F1657_4	113	1186	128	128
M66_4	F2233_4	113	1138	236	236
M66_4	F2473_4	113	1249	50	50
M66_4	F253_4	113	1215	132	132
M66_4	F2610_4	113	1227	37	37
M66_4	F828_4	113	1171	629	629
M66_4	M1765_4	113	1080	263	263
M66_4	M2557_4	113	1278	75	75
M66_4	M346_4	113	1297	175	175
M66_4	M556_4	113	1187	198	198
M66_4	M657_4	113	1217	100	100
F1513_4	F2560_4	114	1187	1022	2436
F1513_4	F346_4	114	1185	1125	2603
F1513_4	F521_4	114	1166	1152	2679
F1513_4	F947_4	114	1298	1053	2467
F1513_4	F969_4	114	1282	1256	2922
F1513_4	M1319_4	114	1310	1211	2814
F1513_4	M1369_4	114	1251	1232	2905
F1513_4	M142_4	114	1227	1099	2542
F1513_4	M1788_4	114	1353	1067	2527
F1513_4	M209_4	114	1249	998	2346
F1513_4	M2579_4	114	1269	1250	2892
F1513_4	M351_4	114	1267	1086	2587
F1513_4	M509_4	114	1119	981	2205
F2560_4	F1513_4	114	1187	695	695
F2560_4	F346_4	114	1188	896	896
F2560_4	F521_4	114	1171	1086	1086
F2560_4	F947_4	114	1288	474	474
F2560_4	F969_4	114	1493	1276	1276
F2560_4	M1319_4	114	1390	920	920
F2560_4	M1369_4	114	1382	1216	1216
F2560_4	M142_4	114	1216	643	643
F2560_4	M1788_4	114	1252	399	399
F2560_4	M209_4	114	1325	435	435
F2560_4	M2579_4	114	1171	1060	1060
F2560_4	M351_4	114	1275	573	573
F2560_4	M509_4	114	1320	643	643
F346_4	F1513_4	114	1185	281	334
F346_4	F2560_4	114	1188	185	216
F346_4	F521_4	114	1189	824	979
F346_4	F947_4	114	1374	159	189
F346_4	F969_4	114	1212	669	802
F346_4	M1319_4	114	1245	335	402
F346_4	M1369_4	114	1466	941	1142
F346_4	M142_4	114	1267	248	290
F346_4	M1788_4	114	1315	118	136
F346_4	M209_4	114	1321	149	176
F346_4	M2579_4	114	1398	871	1024
F346_4	M351_4	114	1352	206	254
F346_4	M509_4	114	1243	217	253
F521_4	F1513_4	114	1166	597	597
F521_4	F2560_4	114	1171	460	460
F521_4	F346_4	114	1189	821	821
F521_4	F947_4	114	1414	351	351
F521_4	F969_4	114	1188	956	956
F521_4	M1319_4	114	1211	687	687
F521_4	M1369_4	114	1306	1109	1109
F521_4	M142_4	114	1358	612	612
F521_4	M1788_4	114	1157	301	301
F521_4	M209_4	114	1217	353	353
F521_4	M2579_4	114	1362	1155	1155
F521_4	M351_4	114	1238	474	474
F521_4	M509_4	114	1168	490	490
F947_4	F1513_4	114	1298	952	952
F947_4	F2560_4	114	1288	756	756
F947_4	F346_4	114	1374	1158	1158
F947_4	F521_4	114	1414	1337	1337
F947_4	F969_4	114	1380	1261	1261
F947_4	M1319_4	114	1336	998	998
F947_4	M1369_4	114	1341	1250	1250
F947_4	M142_4	114	1203	776	776
F947_4	M1788_4	114	1190	508	508
F947_4	M209_4	114	1174	566	566
F947_4	M2579_4	114	1309	1226	1226
F947_4	M351_4	114	1177	703	703
F947_4	M509_4	114	1240	802	802
F969_4	F1513_4	114	1282	418	645
F969_4	F2560_4	114	1493	322	488
F969_4	F346_4	114	1212	594	891
F969_4	F521_4	114	1188	885	1332
F969_4	F947_4	114	1380	187	296
F969_4	M1319_4	114	1401	505	774
F969_4	M1369_4	114	1209	883	1337
F969_4	M142_4	114	1320	335	516
F969_4	M1788_4	114	1204	143	217
F969_4	M209_4	114	1113	155	236
F969_4	M2579_4	114	1236	851	1266
F969_4	M351_4	114	1143	239	374
F969_4	M509_4	114	1169	286	435
M1319_4	F1513_4	114	1310	1180	1180
M1319_4	F2560_4	114	1390	1162	1162
M1319_4	F346_4	114	1245	1184	1184
M1319_4	F521_4	114	1211	1194	1194
M1319_4	F947_4	114	1336	976	976
M1319_4	F969_4	114	1401	1359	1359
M1319_4	M1369_4	114	1241	1216	1216
M1319_4	M142_4	114	1227	1065	1065
M1319_4	M1788_4	114	1376	1018	1018
M1319_4	M209_4	114	1249	952	952
M1319_4	M2579_4	114	1288	1263	1263
M1319_4	M351_4	114	1248	1049	1049
M1319_4	M509_4	114	1328	1129	1129
M1369_4	F1513_4	114	1251	1087	1869
M1369_4	F2560_4	114	1382	1049	1758
M1369_4	F346_4	114	1466	1342	2258
M1369_4	F521_4	114	1306	1277	2146
M1369_4	F947_4	114	1341	911	1524
M1369_4	F969_4	114	1209	1153	1971
M1369_4	M1319_4	114	1241	1084	1849
M1369_4	M142_4	114	1372	1114	1876
M1369_4	M1788_4	114	1146	771	1287
M1369_4	M209_4	114	1173	810	1387
M1369_4	M2579_4	114	1403	1334	2266
M1369_4	M351_4	114	1337	1042	1713
M1369_4	M509_4	114	1206	988	1699
M142_4	F1513_4	114	1227	309	456
M142_4	F2560_4	114	1216	179	262
M142_4	F346_4	114	1267	469	684
M142_4	F521_4	114	1358	939	1368
M142_4	F947_4	114	1203	105	154
M142_4	F969_4	114	1320	722	1077
M142_4	M1319_4	114	1227	346	514
M142_4	M1369_4	114	1372	862	1271
M142_4	M1788_4	114	1365	119	189
M142_4	M209_4	114	1167	112	155
M142_4	M2579_4	114	1157	738	1056
M142_4	M351_4	114	1382	229	333
M142_4	M509_4	114	1272	212	308
M1788_4	F1513_4	114	1353	830	830
M1788_4	F2560_4	114	1252	559	559
M1788_4	F346_4	114	1315	982	982
M1788_4	F521_4	114	1157	1058	1058
M1788_4	F947_4	114	1190	385	385
M1788_4	F969_4	114	1204	1022	1022
M1788_4	M1319_4	114	1376	906	906
M1788_4	M1369_4	114	1146	1032	1032
M1788_4	M142_4	114	1365	739	739
M1788_4	M209_4	114	1202	410	410
M1788_4	M2579_4	114	1234	1105	1105
M1788_4	M351_4	114	1253	607	607
M1788_4	M509_4	114	1316	691	691
M209_4	F1513_4	114	1249	1075	1746
M209_4	F2560_4	114	1325	971	1616
M209_4	F346_4	114	1321	1204	1971
M209_4	F521_4	114	1217	1185	1958
M209_4	F947_4	114	1174	765	1261
M209_4	F969_4	114	1113	1073	1696
M209_4	M1319_4	114	1249	1089	1758
M209_4	M1369_4	114	1173	1136	1875
M209_4	M142_4	114	1167	933	1528
M209_4	M1788_4	114	1202	797	1326
M209_4	M2579_4	114	1291	1260	2103
M209_4	M351_4	114	1368	1015	1663
M209_4	M509_4	114	1311	1030	1681
M2579_4	F1513_4	114	1269	972	1909
M2579_4	F2560_4	114	1171	732	1429
M2579_4	F346_4	114	1398	1185	2309
M2579_4	F521_4	114	1362	1304	2503
M2579_4	F947_4	114	1309	682	1339
M2579_4	F969_4	114	1236	1124	2139
M2579_4	M1319_4	114	1288	1014	1897
M2579_4	M1369_4	114	1403	1333	2564
M2579_4	M142_4	114	1157	785	1555
M2579_4	M1788_4	114	1234	615	1221
M2579_4	M209_4	114	1291	669	1273
M2579_4	M351_4	114	1239	807	1521
M2579_4	M509_4	114	1250	851	1634
M351_4	F1513_4	114	1267	141	141
M351_4	F2560_4	114	1275	97	97
M351_4	F346_4	114	1352	270	270
M351_4	F521_4	114	1238	567	567
M351_4	F947_4	114	1177	52	52
M351_4	F969_4	114	1143	414	414
M351_4	M1319_4	114	1248	171	171
M351_4	M1369_4	114	1337	552	552
M351_4	M142_4	114	1382	115	115
M351_4	M1788_4	114	1253	50	50
M351_4	M209_4	114	1368	58	58
M351_4	M2579_4	114	1239	500	500
M351_4	M509_4	114	1317	92	92
M509_4	F1513_4	114	1119	210	448
M509_4	F2560_4	114	1320	155	338
M509_4	F346_4	114	1243	374	806
M509_4	F521_4	114	1168	690	1513
M509_4	F947_4	114	1240	71	161
M509_4	F969_4	114	1169	565	1161
M509_4	M1319_4	114	1328	255	531
M509_4	M1369_4	114	1206	647	1407
M509_4	M142_4	114	1272	167	367
M509_4	M1788_4	114	1316	96	195
M509_4	M209_4	114	1311	85	193
M509_4	M2579_4	114	1250	705	1491
M509_4	M351_4	114	1317	166	366
F1266_4	F1699_4	115	1319	418	418
F1266_4	F1958_4	115	1171	519	519
F1266_4	F2020_4	115	1213	1083	1083
F1266_4	F2293_4	115	1119	728	728
F1266_4	F2479_4	115	1243	1211	1211
F1266_4	F458_4	115	1341	1102	1102
F1266_4	F721_4	115	1290	1165	1165
F1266_4	M2063_4	115	1177	1141	1141
F1266_4	M2106_4	115	1266	432	432
F1266_4	M484_4	115	1356	982	982
F1266_4	M523_4	115	1262	1189	1189
F1266_4	M610_4	115	1257	1096	1096
F1266_4	M679_4	115	1197	114	114
F1699_4	F1266_4	115	1319	243	704
F1699_4	F1958_4	115	1447	388	1125
F1699_4	F2020_4	115	1287	966	2869
F1699_4	F2293_4	115	1395	601	1801
F1699_4	F2479_4	115	1327	1257	3703
F1699_4	F458_4	115	1243	860	2481
F1699_4	F721_4	115	1134	912	2641
F1699_4	M2063_4	115	1162	1090	3270
F1699_4	M2106_4	115	1238	260	792
F1699_4	M484_4	115	1182	644	1889
F1699_4	M523_4	115	1172	1055	3139
F1699_4	M610_4	115	1091	812	2387
F1699_4	M679_4	115	1395	71	201
F1958_4	F1266_4	115	1171	311	311
F1958_4	F1699_4	115	1447	360	360
F1958_4	F2020_4	115	1306	1094	1094
F1958_4	F2293_4	115	1254	695	695
F1958_4	F2479_4	115	1311	1263	1263
F1958_4	F458_4	115	1201	945	945
F1958_4	F721_4	115	1291	1126	1126
F1958_4	M2063_4	115	1355	1313	1313
F1958_4	M2106_4	115	1222	390	390
F1958_4	M484_4	115	1353	907	907
F1958_4	M523_4	115	1197	1133	1133
F1958_4	M610_4	115	1256	1087	1087
F1958_4	M679_4	115	1123	65	65
F2020_4	F1266_4	115	1213	83	134
F2020_4	F1699_4	115	1287	108	190
F2020_4	F1958_4	115	1306	172	294
F2020_4	F2293_4	115	1359	312	548
F2020_4	F2479_4	115	1174	1019	1673
F2020_4	F458_4	115	1170	546	894
F2020_4	F721_4	115	1212	741	1277
F2020_4	M2063_4	115	1151	1006	1666
F2020_4	M2106_4	115	1144	122	196
F2020_4	M484_4	115	1272	438	732
F2020_4	M523_4	115	1218	977	1677
F2020_4	M610_4	115	1209	695	1169
F2020_4	M679_4	115	1296	18	33
F2293_4	F1266_4	115	1119	75	75
F2293_4	F1699_4	115	1395	97	97
F2293_4	F1958_4	115	1254	134	134
F2293_4	F2020_4	115	1359	692	692
F2293_4	F2479_4	115	1205	1018	1018
F2293_4	F458_4	115	1233	510	510
F2293_4	F721_4	115	1219	753	753
F2293_4	M2063_4	115	1339	1145	1145
F2293_4	M2106_4	115	1372	99	99
F2293_4	M484_4	115	1388	430	430
F2293_4	M523_4	115	1319	1013	1013
F2293_4	M610_4	115	1465	804	804
F2293_4	M679_4	115	1170	17	17
F2479_4	F1266_4	115	1243	153	356
F2479_4	F1699_4	115	1327	146	378
F2479_4	F1958_4	115	1311	227	569
F2479_4	F2020_4	115	1174	753	1980
F2479_4	F2293_4	115	1205	402	990
F2479_4	F458_4	115	1336	743	1944
F2479_4	F721_4	115	1202	831	2128
F2479_4	M2063_4	115	1178	1073	2722
F2479_4	M2106_4	115	1360	153	386
F2479_4	M484_4	115	1182	521	1321
F2479_4	M523_4	115	1313	1131	2809
F2479_4	M610_4	115	1232	836	2083
F2479_4	M679_4	115	1214	25	60
F458_4	F1266_4	115	1341	355	355
F458_4	F1699_4	115	1243	323	323
F458_4	F1958_4	115	1201	473	473
F458_4	F2020_4	115	1170	975	975
F458_4	F2293_4	115	1233	703	703
F458_4	F2479_4	115	1336	1286	1286
F458_4	F721_4	115	1180	1036	1036
F458_4	M2063_4	115	1229	1197	1197
F458_4	M2106_4	115	1427	426	426
F458_4	M484_4	115	1340	889	889
F458_4	M523_4	115	1380	1298	1298
F458_4	M610_4	115	1226	1066	1066
F458_4	M679_4	115	1151	67	67
F721_4	F1266_4	115	1290	163	648
F721_4	F1699_4	115	1134	127	512
F721_4	F1958_4	115	1291	238	961
F721_4	F2020_4	115	1212	813	3347
F721_4	F2293_4	115	1219	398	1555
F721_4	F2479_4	115	1202	1101	4473
F721_4	F458_4	115	1180	663	2688
F721_4	M2063_4	115	1360	1232	5089
F721_4	M2106_4	115	1276	187	774
F721_4	M484_4	115	1274	585	2384
F721_4	M523_4	115	1207	1058	4264
F721_4	M610_4	115	1173	803	3223
F721_4	M679_4	115	1182	40	144
M2063_4	F1266_4	115	1177	68	68
M2063_4	F1699_4	115	1162	59	59
M2063_4	F1958_4	115	1355	130	130
M2063_4	F2020_4	115	1151	527	527
M2063_4	F2293_4	115	1339	218	218
M2063_4	F2479_4	115	1178	942	942
M2063_4	F458_4	115	1229	472	472
M2063_4	F721_4	115	1360	744	744
M2063_4	M2106_4	115	1412	94	94
M2063_4	M484_4	115	1157	293	293
M2063_4	M523_4	115	1261	907	907
M2063_4	M610_4	115	1257	611	611
M2063_4	M679_4	115	1326	14	14
M2106_4	F1266_4	115	1266	845	1205
M2106_4	F1699_4	115	1238	843	1200
M2106_4	F1958_4	115	1222	982	1425
M2106_4	F2020_4	115	1144	1109	1605
M2106_4	F2293_4	115	1372	1225	1752
M2106_4	F2479_4	115	1360	1351	1964
M2106_4	F458_4	115	1427	1355	1957
M2106_4	F721_4	115	1276	1253	1811
M2106_4	M2063_4	115	1412	1407	2001
M2106_4	M484_4	115	1257	1159	1669
M2106_4	M523_4	115	1291	1280	1872
M2106_4	M610_4	115	1335	1297	1873
M2106_4	M679_4	115	1154	319	477
M484_4	F1266_4	115	1356	828	828
M484_4	F1699_4	115	1182	682	682
M484_4	F1958_4	115	1353	952	952
M484_4	F2020_4	115	1272	1226	1226
M484_4	F2293_4	115	1388	1178	1178
M484_4	F2479_4	115	1182	1170	1170
M484_4	F458_4	115	1340	1261	1261
M484_4	F721_4	115	1274	1228	1228
M484_4	M2063_4	115	1157	1147	1147
M484_4	M2106_4	115	1257	820	820
M484_4	M523_4	115	1230	1212	1212
M484_4	M610_4	115	1263	1220	1220
M484_4	M679_4	115	1239	266	266
M523_4	F1266_4	115	1262	44	44
M523_4	F1699_4	115	1172	30	30
M523_4	F1958_4	115	1197	67	67
M523_4	F2020_4	115	1218	434	434
M523_4	F2293_4	115	1319	163	163
M523_4	F2479_4	115	1313	962	962
M523_4	F458_4	115	1380	384	384
M523_4	F721_4	115	1207	498	498
M523_4	M2063_4	115	1261	930	930
M523_4	M2106_4	115	1291	51	51
M523_4	M484_4	115	1230	233	233
M523_4	M610_4	115	1247	425	425
M523_4	M679_4	115	1163	9	9
M610_4	F1266_4	115	1257	864	864
M610_4	F1699_4	115	1091	743	743
M610_4	F1958_4	115	1256	1019	1019
M610_4	F2020_4	115	1209	1182	1182
M610_4	F2293_4	115	1465	1296	1296
M610_4	F2479_4	115	1232	1228	1228
M610_4	F458_4	115	1226	1165	1165
M610_4	F721_4	115	1173	1141	1141
M610_4	M2063_4	115	1257	1252	1252
M610_4	M2106_4	115	1335	948	948
M610_4	M484_4	115	1263	1176	1176
M610_4	M523_4	115	1247	1237	1237
M610_4	M679_4	115	1252	362	362
M679_4	F1266_4	115	1197	718	1717
M679_4	F1699_4	115	1395	808	1985
M679_4	F1958_4	115	1123	790	1939
M679_4	F2020_4	115	1296	1240	2951
M679_4	F2293_4	115	1170	987	2397
M679_4	F2479_4	115	1214	1206	2977
M679_4	F458_4	115	1151	1073	2644
M679_4	F721_4	115	1182	1148	2732
M679_4	M2063_4	115	1326	1314	3170
M679_4	M2106_4	115	1154	727	1727
M679_4	M484_4	115	1239	1085	2677
M679_4	M523_4	115	1163	1147	2753
M679_4	M610_4	115	1252	1200	2863
F1645_4	F2219_4	116	1126	509	1027
F1645_4	F2673_4	116	1368	136	270
F1645_4	F3_4	116	1364	1288	2471
F1645_4	F55_4	116	1313	123	243
F1645_4	F591_4	116	1230	169	335
F1645_4	F694_4	116	1318	1144	2174
F1645_4	M1089_4	116	1226	329	638
F1645_4	M1185_4	116	1198	29	59
F1645_4	M1371_4	116	1341	911	1773
F1645_4	M2113_4	116	1200	239	471
F1645_4	M222_4	116	1129	972	1886
F1645_4	M2489_4	116	1248	473	916
F1645_4	M560_4	116	1246	228	456
F2219_4	F1645_4	116	1126	908	1760
F2219_4	F2673_4	116	1138	90	177
F2219_4	F3_4	116	1361	1227	2345
F2219_4	F55_4	116	1098	81	162
F2219_4	F591_4	116	1206	82	145
F2219_4	F694_4	116	1131	937	1758
F2219_4	M1089_4	116	1294	256	462
F2219_4	M1185_4	116	1504	17	31
F2219_4	M1371_4	116	1341	810	1569
F2219_4	M2113_4	116	1138	145	291
F2219_4	M222_4	116	1269	1036	1981
F2219_4	M2489_4	116	1097	303	577
F2219_4	M560_4	116	1376	161	311
F2673_4	F1645_4	116	1368	1294	3983
F2673_4	F2219_4	116	1138	802	2527
F2673_4	F3_4	116	1403	1374	4315
F2673_4	F55_4	116	1298	281	890
F2673_4	F591_4	116	1152	303	921
F2673_4	F694_4	116	1297	1243	3823
F2673_4	M1089_4	116	1370	686	2117
F2673_4	M1185_4	116	1307	75	223
F2673_4	M1371_4	116	1161	1014	3067
F2673_4	M2113_4	116	1206	479	1507
F2673_4	M222_4	116	1309	1248	3831
F2673_4	M2489_4	116	1368	905	2825
F2673_4	M560_4	116	1216	479	1494
F3_4	F1645_4	116	1364	1257	2914
F3_4	F2219_4	116	1361	841	1948
F3_4	F2673_4	116	1403	325	725
F3_4	F55_4	116	1408	244	574
F3_4	F591_4	116	1258	285	648
F3_4	F694_4	116	1265	1178	2651
F3_4	M1089_4	116	1219	521	1197
F3_4	M1185_4	116	1322	87	205
F3_4	M1371_4	116	1442	1203	2829
F3_4	M2113_4	116	1222	451	1054
F3_4	M222_4	116	1284	1197	2744
F3_4	M2489_4	116	1260	730	1730
F3_4	M560_4	116	1171	401	952
F55_4	F1645_4	116	1313	1258	3138
F55_4	F2219_4	116	1098	768	1952
F55_4	F2673_4	116	1298	402	1034
F55_4	F3_4	116	1408	1381	3473
F55_4	F591_4	116	1352	424	1082
F55_4	F694_4	116	1331	1278	3114
F55_4	M1089_4	116	1214	646	1626
F55_4	M1185_4	116	1233	93	236
F55_4	M1371_4	116	1302	1132	2813
F55_4	M2113_4	116	1047	454	1133
F55_4	M222_4	116	1298	1229	3116
F55_4	M2489_4	116	1170	757	1950
F55_4	M560_4	116	1296	564	1466
F591_4	F1645_4	116	1230	1183	1183
F591_4	F2219_4	116	1206	923	923
F591_4	F2673_4	116	1152	423	423
F591_4	F3_4	116	1258	1244	1244
F591_4	F55_4	116	1352	410	410
F591_4	F694_4	116	1353	1318	1318
F591_4	M1089_4	116	1190	727	727
F591_4	M1185_4	116	1517	151	151
F591_4	M1371_4	116	1306	1173	1173
F591_4	M2113_4	116	1239	660	660
F591_4	M222_4	116	1236	1200	1200
F591_4	M2489_4	116	1152	810	810
F591_4	M560_4	116	1278	634	634
F694_4	F1645_4	116	1318	1249	1249
F694_4	F2219_4	116	1131	839	839
F694_4	F2673_4	116	1297	420	420
F694_4	F3_4	116	1265	1247	1247
F694_4	F55_4	116	1331	361	361
F694_4	F591_4	116	1353	394	394
F694_4	M1089_4	116	1195	657	657
F694_4	M1185_4	116	1226	99	99
F694_4	M1371_4	116	1191	1059	1059
F694_4	M2113_4	116	1274	592	592
F694_4	M222_4	116	1240	1183	1183
F694_4	M2489_4	116	1295	866	866
F694_4	M560_4	116	1361	629	629
M1089_4	F1645_4	116	1226	1105	1105
M1089_4	F2219_4	116	1294	701	701
M1089_4	F2673_4	116	1370	230	230
M1089_4	F3_4	116	1219	1164	1164
M1089_4	F55_4	116	1214	174	174
M1089_4	F591_4	116	1190	198	198
M1089_4	F694_4	116	1195	1082	1082
M1089_4	M1185_4	116	1127	37	37
M1089_4	M1371_4	116	1280	985	985
M1089_4	M2113_4	116	1274	359	359
M1089_4	M222_4	116	1109	1006	1006
M1089_4	M2489_4	116	1159	531	531
M1089_4	M560_4	116	1210	292	292
M1185_4	F1645_4	116	1198	955	1006
M1185_4	F2219_4	116	1504	466	492
M1185_4	F2673_4	116	1307	93	98
M1185_4	F3_4	116	1322	1202	1265
M1185_4	F55_4	116	1233	76	78
M1185_4	F591_4	116	1517	110	118
M1185_4	F694_4	116	1226	996	1040
M1185_4	M1089_4	116	1127	216	228
M1185_4	M1371_4	116	1214	690	731
M1185_4	M2113_4	116	1270	153	162
M1185_4	M222_4	116	1251	1007	1053
M1185_4	M2489_4	116	1221	338	358
M1185_4	M560_4	116	1194	147	156
M1371_4	F1645_4	116	1341	770	1687
M1371_4	F2219_4	116	1341	185	400
M1371_4	F2673_4	116	1161	34	67
M1371_4	F3_4	116	1442	1106	2351
M1371_4	F55_4	116	1302	28	65
M1371_4	F591_4	116	1306	46	102
M1371_4	F694_4	116	1191	696	1523
M1371_4	M1089_4	116	1280	76	153
M1371_4	M1185_4	116	1214	5	10
M1371_4	M2113_4	116	1145	45	97
M1371_4	M222_4	116	1277	746	1611
M1371_4	M2489_4	116	1229	129	273
M1371_4	M560_4	116	1126	66	140
M2113_4	F1645_4	116	1200	956	956
M2113_4	F2219_4	116	1138	328	328
M2113_4	F2673_4	116	1206	82	82
M2113_4	F3_4	116	1222	1117	1117
M2113_4	F55_4	116	1047	65	65
M2113_4	F591_4	116	1239	98	98
M2113_4	F694_4	116	1274	1057	1057
M2113_4	M1089_4	116	1274	253	253
M2113_4	M1185_4	116	1270	23	23
M2113_4	M1371_4	116	1145	673	673
M2113_4	M222_4	116	1374	1119	1119
M2113_4	M2489_4	116	1375	382	382
M2113_4	M560_4	116	1328	174	174
M222_4	F1645_4	116	1129	897	2301
M222_4	F2219_4	116	1269	443	1175
M222_4	F2673_4	116	1309	116	300
M222_4	F3_4	116	1284	1178	3067
M222_4	F55_4	116	1298	81	204
M222_4	F591_4	116	1236	89	238
M222_4	F694_4	116	1240	1038	2643
M222_4	M1089_4	116	1109	213	572
M222_4	M1185_4	116	1251	21	58
M222_4	M1371_4	116	1277	791	1993
M222_4	M2113_4	116	1374	206	525
M222_4	M2489_4	116	1245	362	896
M222_4	M560_4	116	1230	183	455
M2489_4	F1645_4	116	1248	1005	1005
M2489_4	F2219_4	116	1097	432	432
M2489_4	F2673_4	116	1368	148	148
M2489_4	F3_4	116	1260	1181	1181
M2489_4	F55_4	116	1170	105	105
M2489_4	F591_4	116	1152	110	110
M2489_4	F694_4	116	1295	1109	1109
M2489_4	M1089_4	116	1159	295	295
M2489_4	M1185_4	116	1221	28	28
M2489_4	M1371_4	116	1229	800	800
M2489_4	M2113_4	116	1375	219	219
M2489_4	M222_4	116	1245	1067	1067
M2489_4	M560_4	116	1249	199	199
M560_4	F1645_4	116	1246	1182	3992
M560_4	F2219_4	116	1376	1021	3539
M560_4	F2673_4	116	1216	391	1340
M560_4	F3_4	116	1171	1142	3937
M560_4	F55_4	116	1296	366	1291
M560_4	F591_4	116	1278	407	1369
M560_4	F694_4	116	1361	1304	4416
M560_4	M1089_4	116	1210	688	2340
M560_4	M1185_4	116	1194	97	342
M560_4	M1371_4	116	1126	1000	3470
M560_4	M2113_4	116	1328	594	2081
M560_4	M222_4	116	1230	1188	4161
M560_4	M2489_4	116	1249	864	2953
F1466_4	F1831_4	117	1288	418	1725
F1466_4	F2356_4	117	1316	230	914
F1466_4	F2759_4	117	1236	278	1129
F1466_4	F348_4	117	1238	491	2029
F1466_4	F605_4	117	1053	275	1177
F1466_4	M1306_4	117	1337	680	2822
F1466_4	M1567_4	117	1221	278	1170
F1466_4	M1639_4	117	1245	503	2043
F1466_4	M1652_4	117	1190	506	2083
F1466_4	M1678_4	117	1294	486	2075
F1466_4	M1848_4	117	1246	775	3278
F1466_4	M2417_4	117	1332	838	3429
F1466_4	M2770_4	117	1296	584	2419
F1831_4	F1466_4	117	1288	337	337
F1831_4	F2356_4	117	1383	569	569
F1831_4	F2759_4	117	1449	680	680
F1831_4	F348_4	117	1266	869	869
F1831_4	F605_4	117	1503	802	802
F1831_4	M1306_4	117	1234	949	949
F1831_4	M1567_4	117	1212	576	576
F1831_4	M1639_4	117	1353	915	915
F1831_4	M1652_4	117	1291	866	866
F1831_4	M1678_4	117	1130	712	712
F1831_4	M1848_4	117	1161	977	977
F1831_4	M2417_4	117	1117	948	948
F1831_4	M2770_4	117	1264	884	884
F2356_4	F1466_4	117	1316	768	1793
F2356_4	F1831_4	117	1383	1186	2762
F2356_4	F2759_4	117	1208	946	2227
F2356_4	F348_4	117	1330	1185	2798
F2356_4	F605_4	117	1371	1110	2622
F2356_4	M1306_4	117	1219	1112	2627
F2356_4	M1567_4	117	1285	992	2308
F2356_4	M1639_4	117	1208	1102	2565
F2356_4	M1652_4	117	1323	1202	2898
F2356_4	M1678_4	117	1220	1072	2537
F2356_4	M1848_4	117	1222	1171	2665
F2356_4	M2417_4	117	1228	1167	2724
F2356_4	M2770_4	117	1080	981	2348
F2759_4	F1466_4	117	1236	796	796
F2759_4	F1831_4	117	1449	1277	1277
F2759_4	F2356_4	117	1208	938	938
F2759_4	F348_4	117	1378	1274	1274
F2759_4	F605_4	117	1146	979	979
F2759_4	M1306_4	117	1103	1033	1033
F2759_4	M1567_4	117	1512	1237	1237
F2759_4	M1639_4	117	1216	1096	1096
F2759_4	M1652_4	117	1232	1123	1123
F2759_4	M1678_4	117	1161	1028	1028
F2759_4	M1848_4	117	1511	1462	1462
F2759_4	M2417_4	117	1183	1147	1147
F2759_4	M2770_4	117	1236	1142	1142
F348_4	F1466_4	117	1238	342	342
F348_4	F1831_4	117	1266	725	725
F348_4	F2356_4	117	1330	563	563
F348_4	F2759_4	117	1378	702	702
F348_4	F605_4	117	1239	673	673
F348_4	M1306_4	117	1148	896	896
F348_4	M1567_4	117	1251	633	633
F348_4	M1639_4	117	1198	826	826
F348_4	M1652_4	117	1265	919	919
F348_4	M1678_4	117	1280	843	843
F348_4	M1848_4	117	1333	1136	1136
F348_4	M2417_4	117	1369	1184	1184
F348_4	M2770_4	117	1255	940	940
F605_4	F1466_4	117	1053	217	486
F605_4	F1831_4	117	1503	729	1741
F605_4	F2356_4	117	1371	430	1043
F605_4	F2759_4	117	1146	427	1010
F605_4	F348_4	117	1239	683	1578
F605_4	M1306_4	117	1192	775	1858
F605_4	M1567_4	117	1250	488	1103
F605_4	M1639_4	117	1335	779	1833
F605_4	M1652_4	117	1247	737	1715
F605_4	M1678_4	117	1292	716	1682
F605_4	M1848_4	117	1171	924	2154
F605_4	M2417_4	117	1234	956	2224
F605_4	M2770_4	117	1161	731	1725
M1306_4	F1466_4	117	1337	162	288
M1306_4	F1831_4	117	1234	437	842
M1306_4	F2356_4	117	1219	263	513
M1306_4	F2759_4	117	1103	275	517
M1306_4	F348_4	117	1148	504	929
M1306_4	F605_4	117	1192	370	699
M1306_4	M1567_4	117	1136	283	546
M1306_4	M1639_4	117	1365	607	1171
M1306_4	M1652_4	117	1289	592	1137
M1306_4	M1678_4	117	1163	472	903
M1306_4	M1848_4	117	1267	847	1572
M1306_4	M2417_4	117	1242	834	1522
M1306_4	M2770_4	117	1168	563	1048
M1567_4	F1466_4	117	1221	434	995
M1567_4	F1831_4	117	1212	760	1809
M1567_4	F2356_4	117	1285	645	1542
M1567_4	F2759_4	117	1512	842	2071
M1567_4	F348_4	117	1251	934	2284
M1567_4	F605_4	117	1250	737	1752
M1567_4	M1306_4	117	1136	914	2192
M1567_4	M1639_4	117	1282	921	2191
M1567_4	M1652_4	117	1210	890	2139
M1567_4	M1678_4	117	1288	920	2246
M1567_4	M1848_4	117	1124	991	2355
M1567_4	M2417_4	117	1380	1200	2873
M1567_4	M2770_4	117	1206	952	2220
M1639_4	F1466_4	117	1245	346	1471
M1639_4	F1831_4	117	1353	775	3319
M1639_4	F2356_4	117	1208	491	2035
M1639_4	F2759_4	117	1216	567	2296
M1639_4	F348_4	117	1198	799	3326
M1639_4	F605_4	117	1335	700	2954
M1639_4	M1306_4	117	1365	1024	4328
M1639_4	M1567_4	117	1282	578	2427
M1639_4	M1652_4	117	1273	860	3540
M1639_4	M1678_4	117	1281	831	3441
M1639_4	M1848_4	117	1158	960	4061
M1639_4	M2417_4	117	1299	1094	4693
M1639_4	M2770_4	117	1298	898	3772
M1652_4	F1466_4	117	1190	278	278
M1652_4	F1831_4	117	1291	637	637
M1652_4	F2356_4	117	1323	459	459
M1652_4	F2759_4	117	1232	478	478
M1652_4	F348_4	117	1265	775	775
M1652_4	F605_4	117	1247	600	600
M1652_4	M1306_4	117	1289	902	902
M1652_4	M1567_4	117	1210	501	501
M1652_4	M1639_4	117	1273	780	780
M1652_4	M1678_4	117	1388	825	825
M1652_4	M1848_4	117	1277	1000	1000
M1652_4	M2417_4	117	1266	1015	1015
M1652_4	M2770_4	117	1462	984	984
M1678_4	F1466_4	117	1294	243	771
M1678_4	F1831_4	117	1130	518	1586
M1678_4	F2356_4	117	1220	375	1153
M1678_4	F2759_4	117	1161	427	1280
M1678_4	F348_4	117	1280	704	2130
M1678_4	F605_4	117	1292	517	1560
M1678_4	M1306_4	117	1163	750	2319
M1678_4	M1567_4	117	1288	458	1367
M1678_4	M1639_4	117	1281	722	2204
M1678_4	M1652_4	117	1388	786	2362
M1678_4	M1848_4	117	1255	955	2846
M1678_4	M2417_4	117	1275	947	2839
M1678_4	M2770_4	117	1344	807	2479
M1848_4	F1466_4	117	1246	50	83
M1848_4	F1831_4	117	1161	191	332
M1848_4	F2356_4	117	1222	118	207
M1848_4	F2759_4	117	1511	165	302
M1848_4	F348_4	117	1333	302	514
M1848_4	F605_4	117	1171	150	251
M1848_4	M1306_4	117	1267	382	631
M1848_4	M1567_4	117	1124	140	248
M1848_4	M1639_4	117	1158	250	410
M1848_4	M1652_4	117	1277	322	547
M1848_4	M1678_4	117	1255	250	420
M1848_4	M2417_4	117	1297	514	870
M1848_4	M2770_4	117	1173	295	513
M2417_4	F1466_4	117	1332	497	726
M2417_4	F1831_4	117	1117	816	1218
M2417_4	F2356_4	117	1228	671	996
M2417_4	F2759_4	117	1183	736	1117
M2417_4	F348_4	117	1369	1030	1506
M2417_4	F605_4	117	1234	804	1216
M2417_4	M1306_4	117	1242	1035	1554
M2417_4	M1567_4	117	1380	804	1202
M2417_4	M1639_4	117	1299	1002	1490
M2417_4	M1652_4	117	1266	1011	1505
M2417_4	M1678_4	117	1275	957	1395
M2417_4	M1848_4	117	1297	1175	1792
M2417_4	M2770_4	117	1322	1067	1595
M2770_4	F1466_4	117	1296	275	275
M2770_4	F1831_4	117	1264	673	673
M2770_4	F2356_4	117	1080	401	401
M2770_4	F2759_4	117	1236	519	519
M2770_4	F348_4	117	1255	770	770
M2770_4	F605_4	117	1161	578	578
M2770_4	M1306_4	117	1168	834	834
M2770_4	M1567_4	117	1206	478	478
M2770_4	M1639_4	117	1298	847	847
M2770_4	M1652_4	117	1462	952	952
M2770_4	M1678_4	117	1344	782	782
M2770_4	M1848_4	117	1173	940	940
M2770_4	M2417_4	117	1322	1081	1081
F1505_4	F1919_4	118	1244	191	447
F1505_4	F2463_4	118	1224	381	881
F1505_4	F2500_4	118	1250	428	1035
F1505_4	F308_4	118	1173	72	178
F1505_4	F689_4	118	1298	244	554
F1505_4	F878_4	118	1247	228	534
F1505_4	M1018_4	118	1132	83	195
F1505_4	M1517_4	118	1484	34	74
F1505_4	M1660_4	118	1365	22	46
F1505_4	M1762_4	118	1262	705	1684
F1505_4	M1930_4	118	1304	176	420
F1505_4	M2262_4	118	1214	386	926
F1505_4	M2401_4	118	1302	405	919
F1919_4	F1505_4	118	1244	33	73
F1919_4	F2463_4	118	1244	277	569
F1919_4	F2500_4	118	1222	331	636
F1919_4	F308_4	118	1231	60	111
F1919_4	F689_4	118	1286	190	420
F1919_4	F878_4	118	1263	161	338
F1919_4	M1018_4	118	1242	62	125
F1919_4	M1517_4	118	1244	19	35
F1919_4	M1660_4	118	1201	20	33
F1919_4	M1762_4	118	1344	674	1303
F1919_4	M1930_4	118	1219	126	245
F1919_4	M2262_4	118	1197	272	519
F1919_4	M2401_4	118	1270	291	551
F2463_4	F1505_4	118	1224	60	60
F2463_4	F1919_4	118	1244	246	246
F2463_4	F2500_4	118	1139	495	495
F2463_4	F308_4	118	1226	113	113
F2463_4	F689_4	118	1272	346	346
F2463_4	F878_4	118	1357	348	348
F2463_4	M1018_4	118	1425	150	150
F2463_4	M1517_4	118	1136	46	46
F2463_4	M1660_4	118	1284	27	27
F2463_4	M1762_4	118	1303	862	862
F2463_4	M1930_4	118	1253	226	226
F2463_4	M2262_4	118	1349	466	466
F2463_4	M2401_4	118	1238	479	479
F2500_4	F1505_4	118	1250	16	16
F2500_4	F1919_4	118	1222	88	88
F2500_4	F2463_4	118	1139	188	188
F2500_4	F308_4	118	1236	43	43
F2500_4	F689_4	118	1213	137	137
F2500_4	F878_4	118	1156	96	96
F2500_4	M1018_4	118	1242	43	43
F2500_4	M1517_4	118	1487	27	27
F2500_4	M1660_4	118	1292	16	16
F2500_4	M1762_4	118	1182	438	438
F2500_4	M1930_4	118	1269	86	86
F2500_4	M2262_4	118	1297	212	212
F2500_4	M2401_4	118	1152	182	182
F308_4	F1505_4	118	1173	12	12
F308_4	F1919_4	118	1231	87	87
F308_4	F2463_4	118	1226	199	199
F308_4	F2500_4	118	1236	223	223
F308_4	F689_4	118	1114	103	103
F308_4	F878_4	118	1295	98	98
F308_4	M1018_4	118	1187	31	31
F308_4	M1517_4	118	1239	18	18
F308_4	M1660_4	118	1305	6	6
F308_4	M1762_4	118	1286	496	496
F308_4	M1930_4	118	1354	78	78
F308_4	M2262_4	118	1292	165	165
F308_4	M2401_4	118	1165	173	173
F689_4	F1505_4	118	1298	91	282
F689_4	F1919_4	118	1286	350	1118
F689_4	F2463_4	118	1272	631	2060
F689_4	F2500_4	118	1213	653	2009
F689_4	F308_4	118	1114	145	485
F689_4	F878_4	118	1159	386	1231
F689_4	M1018_4	118	1277	194	637
F689_4	M1517_4	118	1171	91	300
F689_4	M1660_4	118	1113	38	118
F689_4	M1762_4	118	1219	919	2960
F689_4	M1930_4	118	1255	328	988
F689_4	M2262_4	118	1484	729	2308
F689_4	M2401_4	118	1206	593	1850
F878_4	F1505_4	118	1247	863	1079
F878_4	F1919_4	118	1263	1169	1497
F878_4	F2463_4	118	1357	1316	1729
F878_4	F2500_4	118	1156	1131	1452
F878_4	F308_4	118	1295	1038	1306
F878_4	F689_4	118	1159	1092	1419
F878_4	M1018_4	118	1250	992	1276
F878_4	M1517_4	118	1330	846	1075
F878_4	M1660_4	118	1203	634	827
F878_4	M1762_4	118	1164	1150	1477
F878_4	M1930_4	118	1262	1123	1462
F878_4	M2262_4	118	1236	1179	1514
F878_4	M2401_4	118	1313	1261	1611
M1018_4	F1505_4	118	1132	201	374
M1018_4	F1919_4	118	1242	589	1094
M1018_4	F2463_4	118	1425	1015	1872
M1018_4	F2500_4	118	1242	969	1791
M1018_4	F308_4	118	1187	363	636
M1018_4	F689_4	118	1277	749	1398
M1018_4	F878_4	118	1250	712	1278
M1018_4	M1517_4	118	1282	191	347
M1018_4	M1660_4	118	1209	119	214
M1018_4	M1762_4	118	1343	1207	2237
M1018_4	M1930_4	118	1110	542	1019
M1018_4	M2262_4	118	1262	885	1604
M1018_4	M2401_4	118	1371	982	1780
M1517_4	F1505_4	118	1484	231	355
M1517_4	F1919_4	118	1244	574	927
M1517_4	F2463_4	118	1136	793	1258
M1517_4	F2500_4	118	1487	1036	1617
M1517_4	F308_4	118	1239	297	473
M1517_4	F689_4	118	1171	656	1067
M1517_4	F878_4	118	1330	687	1115
M1517_4	M1018_4	118	1282	353	551
M1517_4	M1660_4	118	1317	118	200
M1517_4	M1762_4	118	1135	996	1586
M1517_4	M1930_4	118	1155	505	811
M1517_4	M2262_4	118	1259	829	1347
M1517_4	M2401_4	118	1156	816	1297
M1660_4	F1505_4	118	1365	19	28
M1660_4	F1919_4	118	1201	102	172
M1660_4	F2463_4	118	1284	244	404
M1660_4	F2500_4	118	1292	286	454
M1660_4	F308_4	118	1305	43	88
M1660_4	F689_4	118	1113	119	192
M1660_4	F878_4	118	1203	124	220
M1660_4	M1018_4	118	1209	54	85
M1660_4	M1517_4	118	1317	25	47
M1660_4	M1762_4	118	1351	549	963
M1660_4	M1930_4	118	1153	85	129
M1660_4	M2262_4	118	1317	241	412
M1660_4	M2401_4	118	1220	228	377
M1762_4	F1505_4	118	1262	228	228
M1762_4	F1919_4	118	1344	706	706
M1762_4	F2463_4	118	1303	932	932
M1762_4	F2500_4	118	1182	889	889
M1762_4	F308_4	118	1286	404	404
M1762_4	F689_4	118	1219	760	760
M1762_4	F878_4	118	1164	641	641
M1762_4	M1018_4	118	1343	449	449
M1762_4	M1517_4	118	1135	184	184
M1762_4	M1660_4	118	1351	130	130
M1762_4	M1930_4	118	1232	603	603
M1762_4	M2262_4	118	1329	945	945
M1762_4	M2401_4	118	1261	934	934
M1930_4	F1505_4	118	1304	97	312
M1930_4	F1919_4	118	1219	347	1017
M1930_4	F2463_4	118	1253	612	1786
M1930_4	F2500_4	118	1269	679	2036
M1930_4	F308_4	118	1354	186	544
M1930_4	F689_4	118	1255	459	1399
M1930_4	F878_4	118	1262	391	1136
M1930_4	M1018_4	118	1110	144	425
M1930_4	M1517_4	118	1155	64	169
M1930_4	M1660_4	118	1153	51	149
M1930_4	M1762_4	118	1232	907	2668
M1930_4	M2262_4	118	1282	570	1686
M1930_4	M2401_4	118	1171	550	1576
M2262_4	F1505_4	118	1214	418	418
M2262_4	F1919_4	118	1197	846	846
M2262_4	F2463_4	118	1349	1146	1146
M2262_4	F2500_4	118	1297	1146	1146
M2262_4	F308_4	118	1292	569	569
M2262_4	F689_4	118	1484	1136	1136
M2262_4	F878_4	118	1236	904	904
M2262_4	M1018_4	118	1262	625	625
M2262_4	M1517_4	118	1259	355	355
M2262_4	M1660_4	118	1317	242	242
M2262_4	M1762_4	118	1329	1268	1268
M2262_4	M1930_4	118	1282	877	877
M2262_4	M2401_4	118	1113	945	945
M2401_4	F1505_4	118	1302	75	186
M2401_4	F1919_4	118	1270	295	716
M2401_4	F2463_4	118	1238	509	1216
M2401_4	F2500_4	118	1152	525	1262
M2401_4	F308_4	118	1165	103	248
M2401_4	F689_4	118	1206	382	881
M2401_4	F878_4	118	1313	308	750
M2401_4	M1018_4	118	1371	156	369
M2401_4	M1517_4	118	1156	50	123
M2401_4	M1660_4	118	1220	30	74
M2401_4	M1762_4	118	1261	851	2009
M2401_4	M1930_4	118	1171	255	598
M2401_4	M2262_4	118	1113	433	1003
F1594_4	F1605_4	119	1257	1010	1959
F1594_4	F1820_4	119	1305	649	1225
F1594_4	F2734_4	119	1224	1120	2149
F1594_4	F2794_4	119	1167	754	1487
F1594_4	F496_4	119	1232	760	1491
F1594_4	F510_4	119	1318	123	228
F1594_4	F589_4	119	1228	1192	2289
F1594_4	F935_4	119	1182	934	1763
F1594_4	M2092_4	119	1201	505	978
F1594_4	M2547_4	119	1164	728	1344
F1594_4	M390_4	119	1289	914	1721
F1594_4	M598_4	119	1206	464	913
F1594_4	M890_4	119	1251	621	1193
F1605_4	F1594_4	119	1257	328	328
F1605_4	F1820_4	119	1138	546	546
F1605_4	F2734_4	119	1321	1206	1206
F1605_4	F2794_4	119	1259	801	801
F1605_4	F496_4	119	1112	594	594
F1605_4	F510_4	119	1130	103	103
F1605_4	F589_4	119	1151	1107	1107
F1605_4	F935_4	119	1170	887	887
F1605_4	M2092_4	119	1203	456	456
F1605_4	M2547_4	119	1187	724	724
F1605_4	M390_4	119	1279	825	825
F1605_4	M598_4	119	1234	435	435
F1605_4	M890_4	119	1363	663	663
F1820_4	F1594_4	119	1305	195	195
F1820_4	F1605_4	119	1138	676	676
F1820_4	F2734_4	119	1367	1114	1114
F1820_4	F2794_4	119	1285	490	490
F1820_4	F496_4	119	1255	481	481
F1820_4	F510_4	119	1301	46	46
F1820_4	F589_4	119	1220	1107	1107
F1820_4	F935_4	119	1144	669	669
F1820_4	M2092_4	119	1325	293	293
F1820_4	M2547_4	119	1245	462	462
F1820_4	M390_4	119	1319	610	610
F1820_4	M598_4	119	1420	257	257
F1820_4	M890_4	119	1252	317	317
F2734_4	F1594_4	119	1224	101	130
F2734_4	F1605_4	119	1321	537	697
F2734_4	F1820_4	119	1367	235	306
F2734_4	F2794_4	119	1245	289	381
F2734_4	F496_4	119	1303	324	409
F2734_4	F510_4	119	1215	17	25
F2734_4	F589_4	119	1150	997	1303
F2734_4	F935_4	119	1318	584	749
F2734_4	M2092_4	119	1202	162	206
F2734_4	M2547_4	119	1502	327	416
F2734_4	M390_4	119	1315	409	533
F2734_4	M598_4	119	1273	134	174
F2734_4	M890_4	119	1104	164	196
F2794_4	F1594_4	119	1167	616	653
F2794_4	F1605_4	119	1259	1131	1189
F2794_4	F1820_4	119	1285	939	981
F2794_4	F2734_4	119	1245	1209	1292
F2794_4	F496_4	119	1279	1051	1102
F2794_4	F510_4	119	1212	268	285
F2794_4	F589_4	119	1264	1252	1322
F2794_4	F935_4	119	1153	1058	1132
F2794_4	M2092_4	119	1404	927	965
F2794_4	M2547_4	119	1228	987	1062
F2794_4	M390_4	119	1191	1025	1077
F2794_4	M598_4	119	1218	732	783
F2794_4	M890_4	119	1109	808	862
F496_4	F1594_4	119	1232	123	295
F496_4	F1605_4	119	1112	629	1495
F496_4	F1820_4	119	1255	300	698
F496_4	F2734_4	119	1303	1033	2392
F496_4	F2794_4	119	1279	448	1032
F496_4	F510_4	119	1266	34	79
F496_4	F589_4	119	1223	1097	2541
F496_4	F935_4	119	1264	726	1758
F496_4	M2092_4	119	1254	238	572
F496_4	M2547_4	119	1276	424	1007
F496_4	M390_4	119	1341	556	1289
F496_4	M598_4	119	1442	241	532
F496_4	M890_4	119	1253	324	752
F510_4	F1594_4	119	1318	293	293
F510_4	F1605_4	119	1130	788	788
F510_4	F1820_4	119	1301	550	550
F510_4	F2734_4	119	1215	1102	1102
F510_4	F2794_4	119	1212	669	669
F510_4	F496_4	119	1266	646	646
F510_4	F589_4	119	1113	1061	1061
F510_4	F935_4	119	1222	896	896
F510_4	M2092_4	119	1383	484	484
F510_4	M2547_4	119	1155	612	612
F510_4	M390_4	119	1100	674	674
F510_4	M598_4	119	1354	410	410
F510_4	M890_4	119	1248	508	508
F589_4	F1594_4	119	1228	327	670
F589_4	F1605_4	119	1151	880	1835
F589_4	F1820_4	119	1220	555	1150
F589_4	F2734_4	119	1150	1051	2129
F589_4	F2794_4	119	1264	759	1541
F589_4	F496_4	119	1223	683	1440
F589_4	F510_4	119	1113	90	184
F589_4	F935_4	119	1360	1036	2194
F589_4	M2092_4	119	1207	470	990
F589_4	M2547_4	119	1275	732	1449
F589_4	M390_4	119	1290	822	1700
F589_4	M598_4	119	1195	400	814
F589_4	M890_4	119	1183	535	1105
F935_4	F1594_4	119	1182	157	157
F935_4	F1605_4	119	1170	680	680
F935_4	F1820_4	119	1144	311	311
F935_4	F2734_4	119	1318	1109	1109
F935_4	F2794_4	119	1153	457	457
F935_4	F496_4	119	1264	489	489
F935_4	F510_4	119	1222	46	46
F935_4	F589_4	119	1360	1248	1248
F935_4	M2092_4	119	1163	208	208
F935_4	M2547_4	119	1150	446	446
F935_4	M390_4	119	1240	563	563
F935_4	M598_4	119	1308	229	229
F935_4	M890_4	119	1139	292	292
M2092_4	F1594_4	119	1201	147	147
M2092_4	F1605_4	119	1203	633	633
M2092_4	F1820_4	119	1325	337	337
M2092_4	F2734_4	119	1202	958	958
M2092_4	F2794_4	119	1404	525	525
M2092_4	F496_4	119	1254	394	394
M2092_4	F510_4	119	1383	55	55
M2092_4	F589_4	119	1207	1069	1069
M2092_4	F935_4	119	1163	634	634
M2092_4	M2547_4	119	1340	428	428
M2092_4	M390_4	119	1119	487	487
M2092_4	M598_4	119	1360	214	214
M2092_4	M890_4	119	1308	290	290
M2547_4	F1594_4	119	1164	333	711
M2547_4	F1605_4	119	1187	924	1872
M2547_4	F1820_4	119	1245	617	1263
M2547_4	F2734_4	119	1502	1393	2817
M2547_4	F2794_4	119	1228	787	1633
M2547_4	F496_4	119	1276	757	1603
M2547_4	F510_4	119	1155	105	227
M2547_4	F589_4	119	1275	1223	2562
M2547_4	F935_4	119	1150	920	1889
M2547_4	M2092_4	119	1340	572	1219
M2547_4	M390_4	119	1124	744	1546
M2547_4	M598_4	119	1240	477	1003
M2547_4	M890_4	119	1199	599	1245
M390_4	F1594_4	119	1289	193	193
M390_4	F1605_4	119	1279	736	736
M390_4	F1820_4	119	1319	371	371
M390_4	F2734_4	119	1315	1093	1093
M390_4	F2794_4	119	1191	505	505
M390_4	F496_4	119	1341	484	484
M390_4	F510_4	119	1100	36	36
M390_4	F589_4	119	1290	1171	1171
M390_4	F935_4	119	1240	727	727
M390_4	M2092_4	119	1119	233	233
M390_4	M2547_4	119	1124	430	430
M390_4	M598_4	119	1422	278	278
M390_4	M890_4	119	1200	316	316
M598_4	F1594_4	119	1206	90	90
M598_4	F1605_4	119	1234	550	550
M598_4	F1820_4	119	1420	262	262
M598_4	F2734_4	119	1273	919	919
M598_4	F2794_4	119	1218	354	354
M598_4	F496_4	119	1442	386	386
M598_4	F510_4	119	1354	27	27
M598_4	F589_4	119	1195	1031	1031
M598_4	F935_4	119	1308	613	613
M598_4	M2092_4	119	1360	197	197
M598_4	M2547_4	119	1240	372	372
M598_4	M390_4	119	1422	460	460
M598_4	M890_4	119	1267	247	247
M890_4	F1594_4	119	1251	10	30
M890_4	F1605_4	119	1363	74	284
M890_4	F1820_4	119	1252	30	120
M890_4	F2734_4	119	1104	191	691
M890_4	F2794_4	119	1109	44	180
M890_4	F496_4	119	1253	40	162
M890_4	F510_4	119	1248	2	10
M890_4	F589_4	119	1183	419	1628
M890_4	F935_4	119	1139	71	291
M890_4	M2092_4	119	1308	15	56
M890_4	M2547_4	119	1199	42	178
M890_4	M390_4	119	1200	45	175
M890_4	M598_4	119	1267	10	34
F1215_4	F1582_4	120	1293	788	788
F1215_4	F1805_4	120	1238	400	400
F1215_4	F1812_4	120	1555	314	314
F1215_4	F1850_4	120	1188	226	226
F1215_4	F1922_4	120	1328	586	586
F1215_4	F2469_4	120	1325	465	465
F1215_4	F2571_4	120	1201	74	74
F1215_4	F2656_4	120	1277	562	562
F1215_4	F2755_4	120	1181	96	96
F1215_4	F293_4	120	1356	751	751
F1215_4	M1532_4	120	1389	35	35
F1215_4	M1951_4	120	1102	136	136
F1215_4	M2238_4	120	994	675	675
F1582_4	F1215_4	120	1293	259	259
F1582_4	F1805_4	120	1340	316	316
F1582_4	F1812_4	120	1188	190	190
F1582_4	F1850_4	120	1280	167	167
F1582_4	F1922_4	120	1367	522	522
F1582_4	F2469_4	120	1239	345	345
F1582_4	F2571_4	120	1238	40	40
F1582_4	F2656_4	120	1226	499	499
F1582_4	F2755_4	120	1086	67	67
F1582_4	F293_4	120	1285	627	627
F1582_4	M1532_4	120	1193	14	14
F1582_4	M1951_4	120	1498	131	131
F1582_4	M2238_4	120	1309	782	782
F1805_4	F1215_4	120	1238	33	33
F1805_4	F1582_4	120	1340	155	155
F1805_4	F1812_4	120	1293	24	24
F1805_4	F1850_4	120	1466	23	23
F1805_4	F1922_4	120	1357	74	74
F1805_4	F2469_4	120	1359	60	60
F1805_4	F2571_4	120	1379	2	2
F1805_4	F2656_4	120	1356	80	80
F1805_4	F2755_4	120	1098	2	2
F1805_4	F293_4	120	1211	100	100
F1805_4	M1532_4	120	1246	0	0
F1805_4	M1951_4	120	1421	13	13
F1805_4	M2238_4	120	1180	180	180
F1812_4	F1215_4	120	1555	1359	1359
F1812_4	F1582_4	120	1188	1160	1160
F1812_4	F1805_4	120	1293	1154	1154
F1812_4	F1850_4	120	1238	1003	1003
F1812_4	F1922_4	120	1283	1199	1199
F1812_4	F2469_4	120	1389	1278	1278
F1812_4	F2571_4	120	1111	614	614
F1812_4	F2656_4	120	1463	1368	1368
F1812_4	F2755_4	120	1294	780	780
F1812_4	F293_4	120	1355	1314	1314
F1812_4	M1532_4	120	1343	355	355
F1812_4	M1951_4	120	1252	916	916
F1812_4	M2238_4	120	1133	1106	1106
F1850_4	F1215_4	120	1188	585	1012
F1850_4	F1582_4	120	1280	1051	1815
F1850_4	F1805_4	120	1466	791	1381
F1850_4	F1812_4	120	1238	509	865
F1850_4	F1922_4	120	1240	890	1536
F1850_4	F2469_4	120	1277	799	1388
F1850_4	F2571_4	120	1217	197	335
F1850_4	F2656_4	120	1155	833	1465
F1850_4	F2755_4	120	1434	273	465
F1850_4	F293_4	120	1324	1028	1776
F1850_4	M1532_4	120	1255	60	105
F1850_4	M1951_4	120	1291	366	639
F1850_4	M2238_4	120	1333	1161	1962
F1922_4	F1215_4	120	1328	974	2077
F1922_4	F1582_4	120	1367	1260	2577
F1922_4	F1805_4	120	1357	1045	2156
F1922_4	F1812_4	120	1283	822	1739
F1922_4	F1850_4	120	1240	787	1653
F1922_4	F2469_4	120	1280	1037	2120
F1922_4	F2571_4	120	1167	400	836
F1922_4	F2656_4	120	1303	1140	2432
F1922_4	F2755_4	120	1184	455	924
F1922_4	F293_4	120	1317	1175	2461
F1922_4	M1532_4	120	1143	129	269
F1922_4	M1951_4	120	1299	655	1335
F1922_4	M2238_4	120	1173	1117	2388
F2469_4	F1215_4	120	1325	206	206
F2469_4	F1582_4	120	1239	497	497
F2469_4	F1805_4	120	1359	222	222
F2469_4	F1812_4	120	1389	152	152
F2469_4	F1850_4	120	1277	117	117
F2469_4	F1922_4	120	1280	377	377
F2469_4	F2571_4	120	1321	41	41
F2469_4	F2656_4	120	1255	368	368
F2469_4	F2755_4	120	1354	56	56
F2469_4	F293_4	120	1286	478	478
F2469_4	M1532_4	120	1241	15	15
F2469_4	M1951_4	120	1238	85	85
F2469_4	M2238_4	120	1311	675	675
F2571_4	F1215_4	120	1201	864	864
F2571_4	F1582_4	120	1238	1154	1154
F2571_4	F1805_4	120	1379	1023	1023
F2571_4	F1812_4	120	1111	716	716
F2571_4	F1850_4	120	1217	748	748
F2571_4	F1922_4	120	1167	986	986
F2571_4	F2469_4	120	1321	1045	1045
F2571_4	F2656_4	120	1351	1170	1170
F2571_4	F2755_4	120	1169	438	438
F2571_4	F293_4	120	1304	1170	1170
F2571_4	M1532_4	120	1349	152	152
F2571_4	M1951_4	120	1326	694	694
F2571_4	M2238_4	120	1253	1160	1160
F2656_4	F1215_4	120	1277	348	820
F2656_4	F1582_4	120	1226	781	1809
F2656_4	F1805_4	120	1356	422	940
F2656_4	F1812_4	120	1463	320	691
F2656_4	F1850_4	120	1155	233	505
F2656_4	F1922_4	120	1303	615	1411
F2656_4	F2469_4	120	1255	469	1079
F2656_4	F2571_4	120	1351	87	180
F2656_4	F2755_4	120	1322	104	224
F2656_4	F293_4	120	1325	765	1738
F2656_4	M1532_4	120	1221	31	70
F2656_4	M1951_4	120	1226	179	434
F2656_4	M2238_4	120	1274	904	2083
F2755_4	F1215_4	120	1181	127	127
F2755_4	F1582_4	120	1086	349	349
F2755_4	F1805_4	120	1098	124	124
F2755_4	F1812_4	120	1294	103	103
F2755_4	F1850_4	120	1434	94	94
F2755_4	F1922_4	120	1184	221	221
F2755_4	F2469_4	120	1354	184	184
F2755_4	F2571_4	120	1169	22	22
F2755_4	F2656_4	120	1322	269	269
F2755_4	F293_4	120	1279	386	386
F2755_4	M1532_4	120	1292	6	6
F2755_4	M1951_4	120	1193	68	68
F2755_4	M2238_4	120	1139	481	481
F293_4	F1215_4	120	1356	806	1257
F293_4	F1582_4	120	1285	1094	1702
F293_4	F1805_4	120	1211	779	1214
F293_4	F1812_4	120	1355	689	1085
F293_4	F1850_4	120	1324	631	939
F293_4	F1922_4	120	1317	1056	1649
F293_4	F2469_4	120	1286	899	1375
F293_4	F2571_4	120	1304	274	428
F293_4	F2656_4	120	1325	1037	1609
F293_4	F2755_4	120	1279	339	541
F293_4	M1532_4	120	1290	77	117
F293_4	M1951_4	120	1196	437	695
F293_4	M2238_4	120	1203	1104	1740
M1532_4	F1215_4	120	1389	1247	1426
M1532_4	F1582_4	120	1193	1162	1319
M1532_4	F1805_4	120	1246	1128	1261
M1532_4	F1812_4	120	1343	1153	1335
M1532_4	F1850_4	120	1255	1058	1186
M1532_4	F1922_4	120	1143	1095	1248
M1532_4	F2469_4	120	1241	1162	1311
M1532_4	F2571_4	120	1349	822	952
M1532_4	F2656_4	120	1221	1168	1346
M1532_4	F2755_4	120	1292	865	997
M1532_4	F293_4	120	1290	1239	1415
M1532_4	M1951_4	120	1190	919	1032
M1532_4	M2238_4	120	1181	1158	1336
M1951_4	F1215_4	120	1102	1042	3221
M1951_4	F1582_4	120	1498	1475	4606
M1951_4	F1805_4	120	1421	1367	4235
M1951_4	F1812_4	120	1252	1166	3513
M1951_4	F1850_4	120	1291	1182	3587
M1951_4	F1922_4	120	1299	1266	3863
M1951_4	F2469_4	120	1238	1191	3659
M1951_4	F2571_4	120	1326	1038	3176
M1951_4	F2656_4	120	1226	1194	3731
M1951_4	F2755_4	120	1193	994	3017
M1951_4	F293_4	120	1196	1181	3588
M1951_4	M1532_4	120	1190	545	1679
M1951_4	M2238_4	120	1085	1075	3232
M2238_4	F1215_4	120	994	207	207
M2238_4	F1582_4	120	1309	704	704
M2238_4	F1805_4	120	1180	293	293
M2238_4	F1812_4	120	1133	203	203
M2238_4	F1850_4	120	1333	185	185
M2238_4	F1922_4	120	1173	488	488
M2238_4	F2469_4	120	1311	437	437
M2238_4	F2571_4	120	1253	53	53
M2238_4	F2656_4	120	1274	521	521
M2238_4	F2755_4	120	1139	63	63
M2238_4	F293_4	120	1203	586	586
M2238_4	M1532_4	120	1181	9	9
M2238_4	M1951_4	120	1085	115	115
F1366_4	F1981_4	121	1374	1066	3715
F1366_4	F711_4	121	1393	1000	3437
F1366_4	M1272_4	121	1241	1230	4316
F1366_4	M2363_4	121	1298	1218	4238
F1366_4	M2420_4	121	1263	1187	4246
F1366_4	M2553_4	121	1145	1118	3965
F1366_4	M308_4	121	1384	1267	4394
F1366_4	M579_4	121	1376	1293	4510
F1366_4	M629_4	121	1274	1163	4066
F1366_4	M675_4	121	1258	1236	4286
F1366_4	M747_4	121	1232	987	3587
F1366_4	M751_4	121	1193	900	3105
F1366_4	M885_4	121	1157	1094	4013
F1981_4	F1366_4	121	1374	1365	4860
F1981_4	F711_4	121	1334	1006	3557
F1981_4	M1272_4	121	1256	1243	4394
F1981_4	M2363_4	121	1200	1147	4168
F1981_4	M2420_4	121	1315	1255	4427
F1981_4	M2553_4	121	1275	1255	4495
F1981_4	M308_4	121	1380	1264	4493
F1981_4	M579_4	121	1315	1222	4322
F1981_4	M629_4	121	1164	1089	3944
F1981_4	M675_4	121	1250	1235	4441
F1981_4	M747_4	121	1361	1086	3910
F1981_4	M751_4	121	1347	1023	3686
F1981_4	M885_4	121	1409	1360	4888
F711_4	F1366_4	121	1393	1354	1480
F711_4	F1981_4	121	1334	768	839
F711_4	M1272_4	121	1200	1165	1272
F711_4	M2363_4	121	1199	1048	1150
F711_4	M2420_4	121	1368	1192	1305
F711_4	M2553_4	121	1333	1260	1367
F711_4	M308_4	121	1435	1156	1267
F711_4	M579_4	121	1518	1293	1422
F711_4	M629_4	121	1225	1026	1122
F711_4	M675_4	121	1232	1185	1301
F711_4	M747_4	121	1205	749	826
F711_4	M751_4	121	1158	627	679
F711_4	M885_4	121	1181	1091	1201
M1272_4	F1366_4	121	1241	1184	2762
M1272_4	F1981_4	121	1256	432	945
M1272_4	F711_4	121	1200	337	759
M1272_4	M2363_4	121	1116	822	1882
M1272_4	M2420_4	121	1414	1019	2324
M1272_4	M2553_4	121	1136	1005	2285
M1272_4	M308_4	121	1218	699	1600
M1272_4	M579_4	121	1271	878	2013
M1272_4	M629_4	121	1271	805	1854
M1272_4	M675_4	121	1166	1077	2441
M1272_4	M747_4	121	1163	466	1068
M1272_4	M751_4	121	1131	330	736
M1272_4	M885_4	121	1384	1092	2539
M2363_4	F1366_4	121	1298	1280	1280
M2363_4	F1981_4	121	1200	864	864
M2363_4	F711_4	121	1199	805	805
M2363_4	M1272_4	121	1116	1105	1105
M2363_4	M2420_4	121	1221	1132	1132
M2363_4	M2553_4	121	1317	1280	1280
M2363_4	M308_4	121	1252	1095	1095
M2363_4	M579_4	121	1342	1226	1226
M2363_4	M629_4	121	1334	1190	1190
M2363_4	M675_4	121	1298	1266	1266
M2363_4	M747_4	121	1161	866	866
M2363_4	M751_4	121	1276	857	857
M2363_4	M885_4	121	1271	1200	1200
M2420_4	F1366_4	121	1263	1235	1625
M2420_4	F1981_4	121	1315	734	1013
M2420_4	F711_4	121	1368	666	893
M2420_4	M1272_4	121	1414	1372	1844
M2420_4	M2363_4	121	1221	1073	1408
M2420_4	M2553_4	121	1363	1296	1720
M2420_4	M308_4	121	1204	929	1220
M2420_4	M579_4	121	1267	1049	1390
M2420_4	M629_4	121	1094	901	1200
M2420_4	M675_4	121	1261	1206	1627
M2420_4	M747_4	121	1155	684	917
M2420_4	M751_4	121	1297	662	889
M2420_4	M885_4	121	1223	1101	1447
M2553_4	F1366_4	121	1145	1115	1115
M2553_4	F1981_4	121	1275	640	640
M2553_4	F711_4	121	1333	551	551
M2553_4	M1272_4	121	1136	1099	1099
M2553_4	M2363_4	121	1317	1115	1115
M2553_4	M2420_4	121	1363	1140	1140
M2553_4	M308_4	121	1313	958	958
M2553_4	M579_4	121	1343	1071	1071
M2553_4	M629_4	121	1211	947	947
M2553_4	M675_4	121	1312	1255	1255
M2553_4	M747_4	121	1161	592	592
M2553_4	M751_4	121	1246	566	566
M2553_4	M885_4	121	1475	1307	1307
M308_4	F1366_4	121	1384	1320	3163
M308_4	F1981_4	121	1380	546	1316
M308_4	F711_4	121	1435	489	1169
M308_4	M1272_4	121	1218	1166	2840
M308_4	M2363_4	121	1252	983	2319
M308_4	M2420_4	121	1204	931	2214
M308_4	M2553_4	121	1313	1202	2952
M308_4	M579_4	121	1307	956	2297
M308_4	M629_4	121	1259	883	2070
M308_4	M675_4	121	1218	1147	2779
M308_4	M747_4	121	1175	537	1273
M308_4	M751_4	121	1176	444	1057
M308_4	M885_4	121	1281	1044	2485
M579_4	F1366_4	121	1376	1221	3421
M579_4	F1981_4	121	1315	288	807
M579_4	F711_4	121	1518	248	711
M579_4	M1272_4	121	1271	1136	3213
M579_4	M2363_4	121	1342	752	2083
M579_4	M2420_4	121	1267	695	1979
M579_4	M2553_4	121	1343	1052	2942
M579_4	M308_4	121	1307	508	1440
M579_4	M629_4	121	1433	669	1898
M579_4	M675_4	121	1194	988	2729
M579_4	M747_4	121	1246	291	781
M579_4	M751_4	121	1338	233	639
M579_4	M885_4	121	1403	894	2445
M629_4	F1366_4	121	1274	1147	1147
M629_4	F1981_4	121	1164	241	241
M629_4	F711_4	121	1225	201	201
M629_4	M1272_4	121	1271	1172	1172
M629_4	M2363_4	121	1334	752	752
M629_4	M2420_4	121	1094	637	637
M629_4	M2553_4	121	1211	953	953
M629_4	M308_4	121	1259	478	478
M629_4	M579_4	121	1433	762	762
M629_4	M675_4	121	1194	1007	1007
M629_4	M747_4	121	1151	302	302
M629_4	M751_4	121	1323	255	255
M629_4	M885_4	121	1202	761	761
M675_4	F1366_4	121	1258	764	1209
M675_4	F1981_4	121	1250	48	86
M675_4	F711_4	121	1232	47	66
M675_4	M1272_4	121	1166	682	1066
M675_4	M2363_4	121	1298	228	356
M675_4	M2420_4	121	1261	247	396
M675_4	M2553_4	121	1312	549	907
M675_4	M308_4	121	1218	117	192
M675_4	M579_4	121	1194	174	293
M675_4	M629_4	121	1194	165	287
M675_4	M747_4	121	1371	73	115
M675_4	M751_4	121	1284	42	77
M675_4	M885_4	121	1258	317	521
M747_4	F1366_4	121	1232	1156	1687
M747_4	F1981_4	121	1361	382	576
M747_4	F711_4	121	1205	295	423
M747_4	M1272_4	121	1163	1071	1626
M747_4	M2363_4	121	1161	800	1192
M747_4	M2420_4	121	1155	796	1194
M747_4	M2553_4	121	1161	999	1474
M747_4	M308_4	121	1175	614	912
M747_4	M579_4	121	1246	774	1118
M747_4	M629_4	121	1151	687	1031
M747_4	M675_4	121	1371	1246	1893
M747_4	M751_4	121	1200	310	450
M747_4	M885_4	121	1362	995	1472
M751_4	F1366_4	121	1193	1188	1188
M751_4	F1981_4	121	1347	1216	1216
M751_4	F711_4	121	1158	1039	1039
M751_4	M1272_4	121	1131	1127	1127
M751_4	M2363_4	121	1276	1247	1247
M751_4	M2420_4	121	1297	1270	1270
M751_4	M2553_4	121	1246	1236	1236
M751_4	M308_4	121	1176	1140	1140
M751_4	M579_4	121	1338	1303	1303
M751_4	M629_4	121	1323	1299	1299
M751_4	M675_4	121	1284	1279	1279
M751_4	M747_4	121	1200	1125	1125
M751_4	M885_4	121	1228	1215	1215
M885_4	F1366_4	121	1157	1105	1105
M885_4	F1981_4	121	1409	602	602
M885_4	F711_4	121	1181	418	418
M885_4	M1272_4	121	1384	1335	1335
M885_4	M2363_4	121	1271	1011	1011
M885_4	M2420_4	121	1223	957	957
M885_4	M2553_4	121	1475	1359	1359
M885_4	M308_4	121	1281	816	816
M885_4	M579_4	121	1403	1004	1004
M885_4	M629_4	121	1202	878	878
M885_4	M675_4	121	1258	1182	1182
M885_4	M747_4	121	1362	620	620
M885_4	M751_4	121	1228	440	440
F1463_4	F1937_4	122	1190	1158	1158
F1463_4	F1951_4	122	1370	1155	1155
F1463_4	F2368_4	122	1295	1245	1245
F1463_4	F24_4	122	1211	818	818
F1463_4	F443_4	122	1261	1099	1099
F1463_4	F488_4	122	1150	424	424
F1463_4	F533_4	122	1454	1404	1404
F1463_4	F869_4	122	1189	1053	1053
F1463_4	M1031_4	122	1245	600	600
F1463_4	M1544_4	122	1261	1065	1065
F1463_4	M2088_4	122	1241	807	807
F1463_4	M278_4	122	1155	1004	1004
F1463_4	M711_4	122	1249	991	991
F1937_4	F1463_4	122	1190	1060	1060
F1937_4	F1951_4	122	1222	1185	1185
F1937_4	F2368_4	122	1376	1365	1365
F1937_4	F24_4	122	1186	1079	1079
F1937_4	F443_4	122	1276	1240	1240
F1937_4	F488_4	122	1277	904	904
F1937_4	F533_4	122	1394	1385	1385
F1937_4	F869_4	122	1318	1280	1280
F1937_4	M1031_4	122	1258	1036	1036
F1937_4	M1544_4	122	1195	1154	1154
F1937_4	M2088_4	122	1285	1155	1155
F1937_4	M278_4	122	1218	1188	1188
F1937_4	M711_4	122	1363	1288	1288
F1951_4	F1463_4	122	1370	511	1698
F1951_4	F1937_4	122	1222	1125	3734
F1951_4	F2368_4	122	1322	1197	3947
F1951_4	F24_4	122	1230	555	1807
F1951_4	F443_4	122	1210	925	3048
F1951_4	F488_4	122	1260	229	786
F1951_4	F533_4	122	1264	1145	3957
F1951_4	F869_4	122	1182	926	3082
F1951_4	M1031_4	122	1157	312	1031
F1951_4	M1544_4	122	1275	870	2876
F1951_4	M2088_4	122	1307	585	1927
F1951_4	M278_4	122	1353	1029	3490
F1951_4	M711_4	122	1256	783	2588
F2368_4	F1463_4	122	1295	974	974
F2368_4	F1937_4	122	1376	1359	1359
F2368_4	F1951_4	122	1322	1226	1226
F2368_4	F24_4	122	1212	998	998
F2368_4	F443_4	122	1166	1093	1093
F2368_4	F488_4	122	1291	745	745
F2368_4	F533_4	122	1287	1265	1265
F2368_4	F869_4	122	1310	1238	1238
F2368_4	M1031_4	122	1350	927	927
F2368_4	M1544_4	122	1232	1131	1131
F2368_4	M2088_4	122	1269	1024	1024
F2368_4	M278_4	122	1323	1248	1248
F2368_4	M711_4	122	1352	1218	1218
F24_4	F1463_4	122	1211	76	211
F24_4	F1937_4	122	1186	683	1992
F24_4	F1951_4	122	1230	204	555
F24_4	F2368_4	122	1212	612	1717
F24_4	F443_4	122	1138	259	720
F24_4	F488_4	122	1107	19	56
F24_4	F533_4	122	1321	652	1842
F24_4	F869_4	122	1329	319	832
F24_4	M1031_4	122	1162	54	151
F24_4	M1544_4	122	1172	188	539
F24_4	M2088_4	122	1346	87	220
F24_4	M278_4	122	1206	242	677
F24_4	M711_4	122	1327	186	506
F443_4	F1463_4	122	1261	237	363
F443_4	F1937_4	122	1276	1087	1626
F443_4	F1951_4	122	1210	564	818
F443_4	F2368_4	122	1166	913	1341
F443_4	F24_4	122	1138	267	416
F443_4	F488_4	122	1259	85	120
F443_4	F533_4	122	1341	1063	1572
F443_4	F869_4	122	1141	680	1038
F443_4	M1031_4	122	1275	196	279
F443_4	M1544_4	122	1163	517	745
F443_4	M2088_4	122	1270	318	478
F443_4	M278_4	122	1177	614	916
F443_4	M711_4	122	1314	494	729
F488_4	F1463_4	122	1150	78	78
F488_4	F1937_4	122	1277	791	791
F488_4	F1951_4	122	1260	289	289
F488_4	F2368_4	122	1291	695	695
F488_4	F24_4	122	1107	99	99
F488_4	F443_4	122	1259	311	311
F488_4	F533_4	122	1187	635	635
F488_4	F869_4	122	1246	359	359
F488_4	M1031_4	122	1519	87	87
F488_4	M1544_4	122	1242	244	244
F488_4	M2088_4	122	1334	98	98
F488_4	M278_4	122	1207	288	288
F488_4	M711_4	122	1242	201	201
F533_4	F1463_4	122	1454	96	125
F533_4	F1937_4	122	1394	798	999
F533_4	F1951_4	122	1264	244	313
F533_4	F2368_4	122	1287	621	766
F533_4	F24_4	122	1321	97	122
F533_4	F443_4	122	1341	328	433
F533_4	F488_4	122	1187	24	33
F533_4	F869_4	122	1345	362	462
F533_4	M1031_4	122	1227	60	76
F533_4	M1544_4	122	1362	216	281
F533_4	M2088_4	122	1252	104	133
F533_4	M278_4	122	1227	298	381
F533_4	M711_4	122	1351	188	246
F869_4	F1463_4	122	1189	985	1200
F869_4	F1937_4	122	1318	1307	1531
F869_4	F1951_4	122	1182	1122	1363
F869_4	F2368_4	122	1310	1295	1572
F869_4	F24_4	122	1329	1162	1391
F869_4	F443_4	122	1141	1105	1319
F869_4	F488_4	122	1246	823	997
F869_4	F533_4	122	1345	1329	1554
F869_4	M1031_4	122	1266	994	1168
F869_4	M1544_4	122	1444	1363	1623
F869_4	M2088_4	122	1169	1020	1217
F869_4	M278_4	122	1359	1321	1599
F869_4	M711_4	122	1237	1142	1363
M1031_4	F1463_4	122	1245	397	397
M1031_4	F1937_4	122	1258	1173	1173
M1031_4	F1951_4	122	1157	784	784
M1031_4	F2368_4	122	1350	1223	1223
M1031_4	F24_4	122	1162	500	500
M1031_4	F443_4	122	1275	942	942
M1031_4	F488_4	122	1519	262	262
M1031_4	F533_4	122	1227	1124	1124
M1031_4	F869_4	122	1266	983	983
M1031_4	M1544_4	122	1306	865	865
M1031_4	M2088_4	122	1153	505	505
M1031_4	M278_4	122	1271	941	941
M1031_4	M711_4	122	1210	727	727
M1544_4	F1463_4	122	1261	445	445
M1544_4	F1937_4	122	1195	1113	1113
M1544_4	F1951_4	122	1275	845	845
M1544_4	F2368_4	122	1232	1097	1097
M1544_4	F24_4	122	1172	507	507
M1544_4	F443_4	122	1163	843	843
M1544_4	F488_4	122	1242	217	217
M1544_4	F533_4	122	1362	1226	1226
M1544_4	F869_4	122	1444	1114	1114
M1544_4	M1031_4	122	1306	368	368
M1544_4	M2088_4	122	1262	544	544
M1544_4	M278_4	122	1247	885	885
M1544_4	M711_4	122	1252	765	765
M2088_4	F1463_4	122	1241	66	75
M2088_4	F1937_4	122	1285	697	775
M2088_4	F1951_4	122	1307	244	273
M2088_4	F2368_4	122	1269	576	663
M2088_4	F24_4	122	1346	84	93
M2088_4	F443_4	122	1270	262	299
M2088_4	F488_4	122	1334	24	29
M2088_4	F533_4	122	1252	638	725
M2088_4	F869_4	122	1169	284	321
M2088_4	M1031_4	122	1153	37	41
M2088_4	M1544_4	122	1262	201	228
M2088_4	M278_4	122	1318	288	339
M2088_4	M711_4	122	1299	153	173
M278_4	F1463_4	122	1155	309	309
M278_4	F1937_4	122	1218	1089	1089
M278_4	F1951_4	122	1353	752	752
M278_4	F2368_4	122	1323	1114	1114
M278_4	F24_4	122	1206	396	396
M278_4	F443_4	122	1177	768	768
M278_4	F488_4	122	1207	160	160
M278_4	F533_4	122	1227	1055	1055
M278_4	F869_4	122	1359	927	927
M278_4	M1031_4	122	1271	260	260
M278_4	M1544_4	122	1247	671	671
M278_4	M2088_4	122	1318	401	401
M278_4	M711_4	122	1306	630	630
M711_4	F1463_4	122	1249	653	944
M711_4	F1937_4	122	1363	1301	1896
M711_4	F1951_4	122	1256	978	1388
M711_4	F2368_4	122	1352	1264	1808
M711_4	F24_4	122	1327	750	1089
M711_4	F443_4	122	1314	1054	1505
M711_4	F488_4	122	1242	308	425
M711_4	F533_4	122	1351	1274	1826
M711_4	F869_4	122	1237	1044	1481
M711_4	M1031_4	122	1210	494	724
M711_4	M1544_4	122	1252	973	1424
M711_4	M2088_4	122	1299	742	1062
M711_4	M278_4	122	1306	1079	1564
F1100_4	F1577_4	123	1094	1027	2156
F1100_4	F2015_4	123	1117	720	1498
F1100_4	F520_4	123	1356	1258	2573
F1100_4	M1234_4	123	1217	1042	2168
F1100_4	M1706_4	123	1057	490	1021
F1100_4	M1736_4	123	1214	763	1627
F1100_4	M1891_4	123	1305	1196	2507
F1100_4	M2005_4	123	1225	675	1379
F1100_4	M2099_4	123	1261	857	1849
F1100_4	M2119_4	123	1409	1034	2187
F1100_4	M2150_4	123	1267	629	1283
F1100_4	M732_4	123	1139	720	1481
F1100_4	M742_4	123	1230	893	1842
F1577_4	F1100_4	123	1094	162	512
F1577_4	F2015_4	123	1232	144	431
F1577_4	F520_4	123	1269	668	2060
F1577_4	M1234_4	123	1251	424	1273
F1577_4	M1706_4	123	1159	93	278
F1577_4	M1736_4	123	1389	182	537
F1577_4	M1891_4	123	1088	579	1757
F1577_4	M2005_4	123	1357	147	444
F1577_4	M2099_4	123	1429	239	757
F1577_4	M2119_4	123	1330	272	832
F1577_4	M2150_4	123	1242	100	307
F1577_4	M732_4	123	1180	168	553
F1577_4	M742_4	123	1206	210	650
F2015_4	F1100_4	123	1117	188	188
F2015_4	F1577_4	123	1232	844	844
F2015_4	F520_4	123	1379	846	846
F2015_4	M1234_4	123	1398	600	600
F2015_4	M1706_4	123	1180	122	122
F2015_4	M1736_4	123	1426	263	263
F2015_4	M1891_4	123	1063	650	650
F2015_4	M2005_4	123	1195	172	172
F2015_4	M2099_4	123	1186	231	231
F2015_4	M2119_4	123	1284	344	344
F2015_4	M2150_4	123	1167	140	140
F2015_4	M732_4	123	1323	266	266
F2015_4	M742_4	123	1213	317	317
F520_4	F1100_4	123	1356	44	151
F520_4	F1577_4	123	1269	426	1596
F520_4	F2015_4	123	1379	62	229
F520_4	M1234_4	123	1203	163	582
F520_4	M1706_4	123	1274	25	83
F520_4	M1736_4	123	1183	43	153
F520_4	M1891_4	123	1320	343	1202
F520_4	M2005_4	123	1287	37	116
F520_4	M2099_4	123	1309	79	306
F520_4	M2119_4	123	1192	105	359
F520_4	M2150_4	123	1170	35	126
F520_4	M732_4	123	1330	71	260
F520_4	M742_4	123	1375	92	302
M1234_4	F1100_4	123	1217	914	914
M1234_4	F1577_4	123	1251	1217	1217
M1234_4	F2015_4	123	1398	1059	1059
M1234_4	F520_4	123	1203	1159	1159
M1234_4	M1706_4	123	1360	844	844
M1234_4	M1736_4	123	1334	989	989
M1234_4	M1891_4	123	1262	1209	1209
M1234_4	M2005_4	123	1268	904	904
M1234_4	M2099_4	123	1297	1079	1079
M1234_4	M2119_4	123	1244	1035	1035
M1234_4	M2150_4	123	1083	711	711
M1234_4	M732_4	123	1303	987	987
M1234_4	M742_4	123	1423	1185	1185
M1706_4	F1100_4	123	1057	976	2907
M1706_4	F1577_4	123	1159	1152	3525
M1706_4	F2015_4	123	1180	1078	3256
M1706_4	F520_4	123	1274	1261	3788
M1706_4	M1234_4	123	1360	1320	3956
M1706_4	M1736_4	123	1082	1003	2989
M1706_4	M1891_4	123	1228	1210	3640
M1706_4	M2005_4	123	1292	1137	3489
M1706_4	M2099_4	123	1307	1208	3713
M1706_4	M2119_4	123	1213	1149	3423
M1706_4	M2150_4	123	1263	1090	3346
M1706_4	M732_4	123	1361	1230	3715
M1706_4	M742_4	123	1323	1248	3755
M1736_4	F1100_4	123	1214	94	94
M1736_4	F1577_4	123	1389	700	700
M1736_4	F2015_4	123	1426	120	120
M1736_4	F520_4	123	1183	459	459
M1736_4	M1234_4	123	1334	353	353
M1736_4	M1706_4	123	1082	54	54
M1736_4	M1891_4	123	1293	513	513
M1736_4	M2005_4	123	1231	81	81
M1736_4	M2099_4	123	1213	141	141
M1736_4	M2119_4	123	1263	159	159
M1736_4	M2150_4	123	1317	67	67
M1736_4	M732_4	123	1237	116	116
M1736_4	M742_4	123	1316	167	167
M1891_4	F1100_4	123	1305	716	716
M1891_4	F1577_4	123	1088	992	992
M1891_4	F2015_4	123	1063	591	591
M1891_4	F520_4	123	1320	1183	1183
M1891_4	M1234_4	123	1262	1030	1030
M1891_4	M1706_4	123	1228	487	487
M1891_4	M1736_4	123	1293	722	722
M1891_4	M2005_4	123	1225	600	600
M1891_4	M2099_4	123	1218	712	712
M1891_4	M2119_4	123	1184	806	806
M1891_4	M2150_4	123	1253	515	515
M1891_4	M732_4	123	1280	725	725
M1891_4	M742_4	123	1281	862	862
M2005_4	F1100_4	123	1225	86	91
M2005_4	F1577_4	123	1357	614	658
M2005_4	F2015_4	123	1195	102	107
M2005_4	F520_4	123	1287	470	500
M2005_4	M1234_4	123	1268	249	265
M2005_4	M1706_4	123	1292	59	66
M2005_4	M1736_4	123	1231	97	105
M2005_4	M1891_4	123	1225	430	469
M2005_4	M2099_4	123	1162	110	121
M2005_4	M2119_4	123	1368	164	175
M2005_4	M2150_4	123	1225	54	56
M2005_4	M732_4	123	1278	87	91
M2005_4	M742_4	123	1260	133	140
M2099_4	F1100_4	123	1261	813	3545
M2099_4	F1577_4	123	1429	1364	5912
M2099_4	F2015_4	123	1186	777	3432
M2099_4	F520_4	123	1309	1218	5376
M2099_4	M1234_4	123	1297	1109	4763
M2099_4	M1706_4	123	1307	672	2944
M2099_4	M1736_4	123	1213	815	3516
M2099_4	M1891_4	123	1218	1134	4947
M2099_4	M2005_4	123	1162	683	2823
M2099_4	M2119_4	123	1192	936	4126
M2099_4	M2150_4	123	1329	682	3005
M2099_4	M732_4	123	1266	849	3617
M2099_4	M742_4	123	1235	894	3905
M2119_4	F1100_4	123	1409	381	381
M2119_4	F1577_4	123	1330	1082	1082
M2119_4	F2015_4	123	1284	379	379
M2119_4	F520_4	123	1192	886	886
M2119_4	M1234_4	123	1244	729	729
M2119_4	M1706_4	123	1213	228	228
M2119_4	M1736_4	123	1263	354	354
M2119_4	M1891_4	123	1184	880	880
M2119_4	M2005_4	123	1368	354	354
M2119_4	M2099_4	123	1192	419	419
M2119_4	M2150_4	123	1189	202	202
M2119_4	M732_4	123	1130	325	325
M2119_4	M742_4	123	1180	431	431
M2150_4	F1100_4	123	1267	117	285
M2150_4	F1577_4	123	1242	675	1696
M2150_4	F2015_4	123	1167	100	253
M2150_4	F520_4	123	1170	537	1302
M2150_4	M1234_4	123	1083	321	822
M2150_4	M1706_4	123	1263	63	154
M2150_4	M1736_4	123	1317	142	356
M2150_4	M1891_4	123	1253	564	1399
M2150_4	M2005_4	123	1225	98	238
M2150_4	M2099_4	123	1329	170	413
M2150_4	M2119_4	123	1189	182	431
M2150_4	M732_4	123	1372	138	360
M2150_4	M742_4	123	1210	177	428
M732_4	F1100_4	123	1139	132	184
M732_4	F1577_4	123	1180	718	960
M732_4	F2015_4	123	1323	165	225
M732_4	F520_4	123	1330	656	890
M732_4	M1234_4	123	1303	426	567
M732_4	M1706_4	123	1361	91	127
M732_4	M1736_4	123	1237	135	187
M732_4	M1891_4	123	1280	611	832
M732_4	M2005_4	123	1278	138	186
M732_4	M2099_4	123	1266	180	255
M732_4	M2119_4	123	1130	231	317
M732_4	M2150_4	123	1372	102	139
M732_4	M742_4	123	1309	217	296
M742_4	F1100_4	123	1230	151	169
M742_4	F1577_4	123	1206	761	817
M742_4	F2015_4	123	1213	156	178
M742_4	F520_4	123	1375	724	775
M742_4	M1234_4	123	1423	495	529
M742_4	M1706_4	123	1323	92	95
M742_4	M1736_4	123	1316	161	171
M742_4	M1891_4	123	1281	638	690
M742_4	M2005_4	123	1260	107	115
M742_4	M2099_4	123	1235	205	221
M742_4	M2119_4	123	1180	232	256
M742_4	M2150_4	123	1210	89	98
M742_4	M732_4	123	1309	167	176
F1029_4	F1199_4	124	1434	431	431
F1029_4	F1304_4	124	1417	524	524
F1029_4	F190_4	124	1133	552	552
F1029_4	F2089_4	124	1164	189	189
F1029_4	F777_4	124	1188	295	295
F1029_4	M144_4	124	1220	1175	1175
F1029_4	M1873_4	124	1320	1189	1189
F1029_4	M1968_4	124	1330	951	951
F1029_4	M1971_4	124	1282	441	441
F1029_4	M2193_4	124	1169	65	65
F1029_4	M393_4	124	1094	285	285
F1029_4	M647_4	124	1256	1026	1026
F1029_4	M99_4	124	1080	811	811
F1199_4	F1029_4	124	1434	1410	1930
F1199_4	F1304_4	124	1281	993	1334
F1199_4	F190_4	124	1219	997	1381
F1199_4	F2089_4	124	1340	634	857
F1199_4	F777_4	124	1217	758	1042
F1199_4	M144_4	124	1294	1288	1745
F1199_4	M1873_4	124	1263	1227	1651
F1199_4	M1968_4	124	1199	1119	1527
F1199_4	M1971_4	124	1299	954	1279
F1199_4	M2193_4	124	1231	267	371
F1199_4	M393_4	124	1245	789	1063
F1199_4	M647_4	124	1134	1067	1400
F1199_4	M99_4	124	1145	1083	1443
F1304_4	F1029_4	124	1417	1390	1390
F1304_4	F1199_4	124	1281	917	917
F1304_4	F190_4	124	1222	1019	1019
F1304_4	F2089_4	124	1143	541	541
F1304_4	F777_4	124	1329	846	846
F1304_4	M144_4	124	1398	1391	1391
F1304_4	M1873_4	124	1330	1300	1300
F1304_4	M1968_4	124	1252	1169	1169
F1304_4	M1971_4	124	1240	906	906
F1304_4	M2193_4	124	1427	296	296
F1304_4	M393_4	124	1311	828	828
F1304_4	M647_4	124	1223	1180	1180
F1304_4	M99_4	124	1291	1214	1214
F190_4	F1029_4	124	1133	1092	3342
F190_4	F1199_4	124	1219	591	1879
F190_4	F1304_4	124	1222	682	2231
F190_4	F2089_4	124	1217	322	1039
F190_4	F777_4	124	1229	532	1664
F190_4	M144_4	124	1236	1213	3979
F190_4	M1873_4	124	1145	1094	3540
F190_4	M1968_4	124	1232	1076	3474
F190_4	M1971_4	124	1262	671	2146
F190_4	M2193_4	124	1159	130	423
F190_4	M393_4	124	1268	576	1885
F190_4	M647_4	124	1178	1074	3421
F190_4	M99_4	124	1156	1005	3244
F2089_4	F1029_4	124	1164	1138	1138
F2089_4	F1199_4	124	1340	813	813
F2089_4	F1304_4	124	1143	786	786
F2089_4	F190_4	124	1217	943	943
F2089_4	F777_4	124	1119	588	588
F2089_4	M144_4	124	1247	1239	1239
F2089_4	M1873_4	124	1226	1185	1185
F2089_4	M1968_4	124	1176	1063	1063
F2089_4	M1971_4	124	1254	842	842
F2089_4	M2193_4	124	1266	240	240
F2089_4	M393_4	124	1258	697	697
F2089_4	M647_4	124	1477	1359	1359
F2089_4	M99_4	124	1221	1115	1115
F777_4	F1029_4	124	1188	1182	3633
F777_4	F1199_4	124	1217	1041	3180
F777_4	F1304_4	124	1329	1166	3526
F777_4	F190_4	124	1229	1151	3464
F777_4	F2089_4	124	1119	786	2386
F777_4	M144_4	124	1419	1413	4287
F777_4	M1873_4	124	1213	1204	3680
F777_4	M1968_4	124	1342	1308	4004
F777_4	M1971_4	124	1309	1144	3463
F777_4	M2193_4	124	1235	508	1499
F777_4	M393_4	124	1223	1010	2946
F777_4	M647_4	124	1295	1268	3821
F777_4	M99_4	124	1282	1250	3735
M144_4	F1029_4	124	1220	1129	1129
M144_4	F1199_4	124	1294	371	371
M144_4	F1304_4	124	1398	524	524
M144_4	F190_4	124	1236	580	580
M144_4	F2089_4	124	1247	183	183
M144_4	F777_4	124	1419	359	359
M144_4	M1873_4	124	1235	1095	1095
M144_4	M1968_4	124	1231	892	892
M144_4	M1971_4	124	1269	420	420
M144_4	M2193_4	124	1243	66	66
M144_4	M393_4	124	1278	324	324
M144_4	M647_4	124	1269	1003	1003
M144_4	M99_4	124	1283	964	964
M1873_4	F1029_4	124	1320	1032	1614
M1873_4	F1199_4	124	1263	157	255
M1873_4	F1304_4	124	1330	213	324
M1873_4	F190_4	124	1145	266	400
M1873_4	F2089_4	124	1226	58	91
M1873_4	F777_4	124	1213	117	189
M1873_4	M144_4	124	1235	1086	1657
M1873_4	M1968_4	124	1219	556	856
M1873_4	M1971_4	124	1247	171	257
M1873_4	M2193_4	124	1135	28	47
M1873_4	M393_4	124	1373	124	194
M1873_4	M647_4	124	1066	572	896
M1873_4	M99_4	124	1236	603	952
M1968_4	F1029_4	124	1330	1322	1322
M1968_4	F1199_4	124	1199	1005	1005
M1968_4	F1304_4	124	1252	1087	1087
M1968_4	F190_4	124	1232	1131	1131
M1968_4	F2089_4	124	1176	760	760
M1968_4	F777_4	124	1342	1077	1077
M1968_4	M144_4	124	1231	1226	1226
M1968_4	M1873_4	124	1219	1206	1206
M1968_4	M1971_4	124	1108	944	944
M1968_4	M2193_4	124	1240	481	481
M1968_4	M393_4	124	1184	929	929
M1968_4	M647_4	124	1297	1259	1259
M1968_4	M99_4	124	1266	1225	1225
M1971_4	F1029_4	124	1282	1269	1269
M1971_4	F1199_4	124	1299	880	880
M1971_4	F1304_4	124	1240	944	944
M1971_4	F190_4	124	1262	1056	1056
M1971_4	F2089_4	124	1254	595	595
M1971_4	F777_4	124	1309	830	830
M1971_4	M144_4	124	1269	1257	1257
M1971_4	M1873_4	124	1247	1219	1219
M1971_4	M1968_4	124	1108	1036	1036
M1971_4	M2193_4	124	1250	275	275
M1971_4	M393_4	124	1291	795	795
M1971_4	M647_4	124	1102	1054	1054
M1971_4	M99_4	124	1189	1133	1133
M2193_4	F1029_4	124	1169	1125	1125
M2193_4	F1199_4	124	1231	629	629
M2193_4	F1304_4	124	1427	841	841
M2193_4	F190_4	124	1159	805	805
M2193_4	F2089_4	124	1266	353	353
M2193_4	F777_4	124	1235	547	547
M2193_4	M144_4	124	1243	1222	1222
M2193_4	M1873_4	124	1135	1071	1071
M2193_4	M1968_4	124	1240	1045	1045
M2193_4	M1971_4	124	1250	683	683
M2193_4	M393_4	124	1303	539	539
M2193_4	M647_4	124	1289	1137	1137
M2193_4	M99_4	124	1310	1144	1144
M393_4	F1029_4	124	1094	1061	1061
M393_4	F1199_4	124	1245	615	615
M393_4	F1304_4	124	1311	758	758
M393_4	F190_4	124	1268	867	867
M393_4	F2089_4	124	1258	362	362
M393_4	F777_4	124	1223	529	529
M393_4	M144_4	124	1278	1255	1255
M393_4	M1873_4	124	1373	1301	1301
M393_4	M1968_4	124	1184	1013	1013
M393_4	M1971_4	124	1291	716	716
M393_4	M2193_4	124	1303	141	141
M393_4	M647_4	124	1349	1208	1208
M393_4	M99_4	124	1286	1137	1137
M647_4	F1029_4	124	1256	1158	1293
M647_4	F1199_4	124	1134	362	406
M647_4	F1304_4	124	1223	475	536
M647_4	F190_4	124	1178	574	634
M647_4	F2089_4	124	1477	239	269
M647_4	F777_4	124	1295	340	379
M647_4	M144_4	124	1269	1222	1349
M647_4	M1873_4	124	1066	963	1062
M647_4	M1968_4	124	1297	967	1074
M647_4	M1971_4	124	1102	376	418
M647_4	M2193_4	124	1289	70	74
M647_4	M393_4	124	1349	363	401
M647_4	M99_4	124	1342	1035	1136
M99_4	F1029_4	124	1080	1009	1009
M99_4	F1199_4	124	1145	381	381
M99_4	F1304_4	124	1291	532	532
M99_4	F190_4	124	1156	586	586
M99_4	F2089_4	124	1221	192	192
M99_4	F777_4	124	1282	373	373
M99_4	M144_4	124	1283	1240	1240
M99_4	M1873_4	124	1236	1142	1142
M99_4	M1968_4	124	1266	978	978
M99_4	M1971_4	124	1189	459	459
M99_4	M2193_4	124	1310	90	90
M99_4	M393_4	124	1286	375	375
M99_4	M647_4	124	1342	1093	1093
F1559_4	F1788_4	125	1348	410	1148
F1559_4	F2394_4	125	1204	804	2182
F1559_4	F2499_4	125	1292	1102	2985
F1559_4	F620_4	125	1302	265	741
F1559_4	F75_4	125	1268	1086	2836
F1559_4	F955_4	125	1240	521	1396
F1559_4	M1337_4	125	1248	484	1317
F1559_4	M228_4	125	1156	902	2407
F1559_4	M2494_4	125	1205	1131	2982
F1559_4	M2595_4	125	1408	438	1151
F1559_4	M406_4	125	1426	461	1206
F1559_4	M420_4	125	1364	174	493
F1559_4	M574_4	125	1280	998	2683
F1788_4	F1559_4	125	1348	1313	1313
F1788_4	F2394_4	125	1204	787	787
F1788_4	F2499_4	125	1143	981	981
F1788_4	F620_4	125	1208	275	275
F1788_4	F75_4	125	1238	1103	1103
F1788_4	F955_4	125	1232	535	535
F1788_4	M1337_4	125	1298	491	491
F1788_4	M228_4	125	1331	1072	1072
F1788_4	M2494_4	125	1228	1160	1160
F1788_4	M2595_4	125	1277	403	403
F1788_4	M406_4	125	1209	413	413
F1788_4	M420_4	125	1224	163	163
F1788_4	M574_4	125	1256	921	921
F2394_4	F1559_4	125	1204	720	720
F2394_4	F1788_4	125	1204	27	27
F2394_4	F2499_4	125	1298	310	310
F2394_4	F620_4	125	1452	21	21
F2394_4	F75_4	125	1212	274	274
F2394_4	F955_4	125	1370	47	47
F2394_4	M1337_4	125	1286	30	30
F2394_4	M228_4	125	1297	185	185
F2394_4	M2494_4	125	1212	495	495
F2394_4	M2595_4	125	1370	28	28
F2394_4	M406_4	125	1321	29	29
F2394_4	M420_4	125	1344	9	9
F2394_4	M574_4	125	1248	143	143
F2499_4	F1559_4	125	1292	1259	2630
F2499_4	F1788_4	125	1143	327	659
F2499_4	F2394_4	125	1298	778	1578
F2499_4	F620_4	125	1168	258	548
F2499_4	F75_4	125	1304	1122	2381
F2499_4	F955_4	125	1229	503	1056
F2499_4	M1337_4	125	1279	438	925
F2499_4	M228_4	125	1467	1157	2436
F2499_4	M2494_4	125	1299	1229	2612
F2499_4	M2595_4	125	1205	353	720
F2499_4	M406_4	125	1336	430	867
F2499_4	M420_4	125	1137	135	269
F2499_4	M574_4	125	1157	852	1796
F620_4	F1559_4	125	1302	959	959
F620_4	F1788_4	125	1208	43	43
F620_4	F2394_4	125	1452	204	204
F620_4	F2499_4	125	1168	442	442
F620_4	F75_4	125	1328	502	502
F620_4	F955_4	125	1202	85	85
F620_4	M1337_4	125	1318	80	80
F620_4	M228_4	125	1133	319	319
F620_4	M2494_4	125	1238	734	734
F620_4	M2595_4	125	1169	51	51
F620_4	M406_4	125	1132	51	51
F620_4	M420_4	125	1343	16	16
F620_4	M574_4	125	1206	247	247
F75_4	F1559_4	125	1268	1050	1050
F75_4	F1788_4	125	1238	75	75
F75_4	F2394_4	125	1212	269	269
F75_4	F2499_4	125	1304	658	658
F75_4	F620_4	125	1328	69	69
F75_4	F955_4	125	1364	154	154
F75_4	M1337_4	125	1218	95	95
F75_4	M228_4	125	1338	509	509
F75_4	M2494_4	125	1324	977	977
F75_4	M2595_4	125	1262	92	92
F75_4	M406_4	125	1275	91	91
F75_4	M420_4	125	1332	29	29
F75_4	M574_4	125	1315	438	438
F955_4	F1559_4	125	1240	635	1682
F955_4	F1788_4	125	1232	18	46
F955_4	F2394_4	125	1370	67	182
F955_4	F2499_4	125	1229	199	498
F955_4	F620_4	125	1202	12	29
F955_4	F75_4	125	1364	233	612
F955_4	M1337_4	125	1310	19	45
F955_4	M228_4	125	1064	117	312
F955_4	M2494_4	125	1240	412	1083
F955_4	M2595_4	125	1228	22	65
F955_4	M406_4	125	1228	18	50
F955_4	M420_4	125	1269	5	14
F955_4	M574_4	125	1331	105	267
M1337_4	F1559_4	125	1248	1198	1198
M1337_4	F1788_4	125	1298	370	370
M1337_4	F2394_4	125	1286	741	741
M1337_4	F2499_4	125	1279	1063	1063
M1337_4	F620_4	125	1318	253	253
M1337_4	F75_4	125	1218	1042	1042
M1337_4	F955_4	125	1310	461	461
M1337_4	M228_4	125	1270	936	936
M1337_4	M2494_4	125	1250	1171	1171
M1337_4	M2595_4	125	1393	394	394
M1337_4	M406_4	125	1397	423	423
M1337_4	M420_4	125	1264	129	129
M1337_4	M574_4	125	1194	883	883
M228_4	F1559_4	125	1156	853	1650
M228_4	F1788_4	125	1331	51	104
M228_4	F2394_4	125	1297	146	291
M228_4	F2499_4	125	1467	516	962
M228_4	F620_4	125	1133	27	49
M228_4	F75_4	125	1338	492	946
M228_4	F955_4	125	1064	64	121
M228_4	M1337_4	125	1270	69	139
M228_4	M2494_4	125	1357	789	1544
M228_4	M2595_4	125	1288	47	94
M228_4	M406_4	125	1151	42	77
M228_4	M420_4	125	1243	14	24
M228_4	M574_4	125	1154	231	438
M2494_4	F1559_4	125	1205	992	1950
M2494_4	F1788_4	125	1228	82	160
M2494_4	F2394_4	125	1212	231	469
M2494_4	F2499_4	125	1299	657	1278
M2494_4	F620_4	125	1238	58	128
M2494_4	F75_4	125	1324	669	1260
M2494_4	F955_4	125	1240	114	203
M2494_4	M1337_4	125	1250	97	190
M2494_4	M228_4	125	1357	506	989
M2494_4	M2595_4	125	1272	94	175
M2494_4	M406_4	125	1272	100	187
M2494_4	M420_4	125	1231	29	61
M2494_4	M574_4	125	1151	379	774
M2595_4	F1559_4	125	1408	1395	1395
M2595_4	F1788_4	125	1277	819	819
M2595_4	F2394_4	125	1370	1187	1187
M2595_4	F2499_4	125	1205	1159	1159
M2595_4	F620_4	125	1169	607	607
M2595_4	F75_4	125	1262	1220	1220
M2595_4	F955_4	125	1228	892	892
M2595_4	M1337_4	125	1393	981	981
M2595_4	M228_4	125	1288	1211	1211
M2595_4	M2494_4	125	1272	1250	1250
M2595_4	M406_4	125	1241	832	832
M2595_4	M420_4	125	1252	437	437
M2595_4	M574_4	125	1128	1027	1027
M406_4	F1559_4	125	1426	1272	1272
M406_4	F1788_4	125	1209	155	155
M406_4	F2394_4	125	1321	428	428
M406_4	F2499_4	125	1336	894	894
M406_4	F620_4	125	1132	93	93
M406_4	F75_4	125	1275	839	839
M406_4	F955_4	125	1228	207	207
M406_4	M1337_4	125	1397	236	236
M406_4	M228_4	125	1151	620	620
M406_4	M2494_4	125	1272	1049	1049
M406_4	M2595_4	125	1241	129	129
M406_4	M420_4	125	1339	55	55
M406_4	M574_4	125	1286	594	594
M420_4	F1559_4	125	1364	1292	3279
M420_4	F1788_4	125	1224	300	698
M420_4	F2394_4	125	1344	745	1901
M420_4	F2499_4	125	1137	918	2297
M420_4	F620_4	125	1343	216	561
M420_4	F75_4	125	1332	1093	2730
M420_4	F955_4	125	1269	461	1133
M420_4	M1337_4	125	1264	363	889
M420_4	M228_4	125	1243	896	2198
M420_4	M2494_4	125	1231	1136	2830
M420_4	M2595_4	125	1252	296	750
M420_4	M406_4	125	1339	355	900
M420_4	M574_4	125	1297	854	2117
M574_4	F1559_4	125	1280	1189	2031
M574_4	F1788_4	125	1256	203	378
M574_4	F2394_4	125	1248	505	890
M574_4	F2499_4	125	1157	857	1503
M574_4	F620_4	125	1206	141	235
M574_4	F75_4	125	1315	987	1771
M574_4	F955_4	125	1331	298	554
M574_4	M1337_4	125	1194	265	468
M574_4	M228_4	125	1154	709	1254
M574_4	M2494_4	125	1151	1026	1818
M574_4	M2595_4	125	1128	174	306
M574_4	M406_4	125	1286	246	434
M574_4	M420_4	125	1297	72	132
F1175_4	F1225_4	126	1285	216	421
F1175_4	F1796_4	126	1219	508	1076
F1175_4	F2056_4	126	1286	654	1344
F1175_4	F2407_4	126	1233	1000	2106
F1175_4	F2729_4	126	1354	320	661
F1175_4	F680_4	126	1193	182	370
F1175_4	M1002_4	126	1339	422	913
F1175_4	M1853_4	126	1280	609	1275
F1175_4	M1898_4	126	1172	167	340
F1175_4	M1962_4	126	1294	208	431
F1175_4	M2077_4	126	1196	109	226
F1175_4	M230_4	126	1416	389	843
F1175_4	M776_4	126	1249	512	1096
F1225_4	F1175_4	126	1285	9	23
F1225_4	F1796_4	126	1232	212	602
F1225_4	F2056_4	126	1288	312	878
F1225_4	F2407_4	126	1178	707	1975
F1225_4	F2729_4	126	1250	93	229
F1225_4	F680_4	126	1182	72	199
F1225_4	M1002_4	126	1277	154	435
F1225_4	M1853_4	126	1277	266	752
F1225_4	M1898_4	126	1268	77	206
F1225_4	M1962_4	126	1289	80	221
F1225_4	M2077_4	126	1307	40	100
F1225_4	M230_4	126	1329	139	383
F1225_4	M776_4	126	1168	217	564
F1796_4	F1175_4	126	1219	48	48
F1796_4	F1225_4	126	1232	286	286
F1796_4	F2056_4	126	1282	802	802
F1796_4	F2407_4	126	1344	1207	1207
F1796_4	F2729_4	126	1262	421	421
F1796_4	F680_4	126	1289	337	337
F1796_4	M1002_4	126	1287	521	521
F1796_4	M1853_4	126	1127	649	649
F1796_4	M1898_4	126	1223	301	301
F1796_4	M1962_4	126	1290	344	344
F1796_4	M2077_4	126	1209	212	212
F1796_4	M230_4	126	1130	468	468
F1796_4	M776_4	126	1231	665	665
F2056_4	F1175_4	126	1286	214	214
F2056_4	F1225_4	126	1288	786	786
F2056_4	F1796_4	126	1282	1101	1101
F2056_4	F2407_4	126	1210	1167	1167
F2056_4	F2729_4	126	1340	954	954
F2056_4	F680_4	126	1317	824	824
F2056_4	M1002_4	126	1193	934	934
F2056_4	M1853_4	126	1154	1012	1012
F2056_4	M1898_4	126	1147	698	698
F2056_4	M1962_4	126	1187	733	733
F2056_4	M2077_4	126	1144	560	560
F2056_4	M230_4	126	1294	1003	1003
F2056_4	M776_4	126	1272	1069	1069
F2407_4	F1175_4	126	1233	54	54
F2407_4	F1225_4	126	1178	300	300
F2407_4	F1796_4	126	1344	795	795
F2407_4	F2056_4	126	1210	787	787
F2407_4	F2729_4	126	1168	407	407
F2407_4	F680_4	126	1156	322	322
F2407_4	M1002_4	126	1381	617	617
F2407_4	M1853_4	126	1220	794	794
F2407_4	M1898_4	126	1226	349	349
F2407_4	M1962_4	126	1243	357	357
F2407_4	M2077_4	126	1310	249	249
F2407_4	M230_4	126	1266	552	552
F2407_4	M776_4	126	1262	703	703
F2729_4	F1175_4	126	1354	20	20
F2729_4	F1225_4	126	1250	85	85
F2729_4	F1796_4	126	1262	277	277
F2729_4	F2056_4	126	1340	347	347
F2729_4	F2407_4	126	1168	736	736
F2729_4	F680_4	126	1196	72	72
F2729_4	M1002_4	126	1293	158	158
F2729_4	M1853_4	126	1297	296	296
F2729_4	M1898_4	126	1359	73	73
F2729_4	M1962_4	126	1336	78	78
F2729_4	M2077_4	126	1164	47	47
F2729_4	M230_4	126	1294	144	144
F2729_4	M776_4	126	1311	241	241
F680_4	F1175_4	126	1193	90	240
F680_4	F1225_4	126	1182	486	1227
F680_4	F1796_4	126	1289	918	2420
F680_4	F2056_4	126	1317	1013	2617
F680_4	F2407_4	126	1156	1105	2824
F680_4	F2729_4	126	1196	626	1576
F680_4	M1002_4	126	1326	775	2004
F680_4	M1853_4	126	1331	995	2549
F680_4	M1898_4	126	1246	502	1284
F680_4	M1962_4	126	1245	512	1290
F680_4	M2077_4	126	1231	328	853
F680_4	M230_4	126	1219	731	1873
F680_4	M776_4	126	1366	999	2543
M1002_4	F1175_4	126	1339	440	704
M1002_4	F1225_4	126	1277	1017	1567
M1002_4	F1796_4	126	1287	1199	1853
M1002_4	F2056_4	126	1193	1121	1705
M1002_4	F2407_4	126	1381	1366	2102
M1002_4	F2729_4	126	1293	1087	1654
M1002_4	F680_4	126	1326	1053	1578
M1002_4	M1853_4	126	1214	1151	1740
M1002_4	M1898_4	126	1164	898	1408
M1002_4	M1962_4	126	1169	920	1404
M1002_4	M2077_4	126	1214	851	1293
M1002_4	M230_4	126	1264	1110	1664
M1002_4	M776_4	126	1276	1190	1809
M1853_4	F1175_4	126	1280	114	114
M1853_4	F1225_4	126	1277	523	523
M1853_4	F1796_4	126	1127	810	810
M1853_4	F2056_4	126	1154	898	898
M1853_4	F2407_4	126	1220	1152	1152
M1853_4	F2729_4	126	1297	675	675
M1853_4	F680_4	126	1331	600	600
M1853_4	M1002_4	126	1214	798	798
M1853_4	M1898_4	126	1308	542	542
M1853_4	M1962_4	126	1230	543	543
M1853_4	M2077_4	126	1289	434	434
M1853_4	M230_4	126	1128	703	703
M1853_4	M776_4	126	1378	1031	1031
M1898_4	F1175_4	126	1172	13	30
M1898_4	F1225_4	126	1268	73	185
M1898_4	F1796_4	126	1223	231	580
M1898_4	F2056_4	126	1147	225	551
M1898_4	F2407_4	126	1226	743	1804
M1898_4	F2729_4	126	1359	102	262
M1898_4	F680_4	126	1246	73	186
M1898_4	M1002_4	126	1164	124	332
M1898_4	M1853_4	126	1308	267	671
M1898_4	M1962_4	126	1238	60	154
M1898_4	M2077_4	126	1267	41	112
M1898_4	M230_4	126	1383	127	329
M1898_4	M776_4	126	1211	193	467
M1962_4	F1175_4	126	1294	30	30
M1962_4	F1225_4	126	1289	232	232
M1962_4	F1796_4	126	1290	567	567
M1962_4	F2056_4	126	1187	602	602
M1962_4	F2407_4	126	1243	1057	1057
M1962_4	F2729_4	126	1336	318	318
M1962_4	F680_4	126	1245	220	220
M1962_4	M1002_4	126	1169	386	386
M1962_4	M1853_4	126	1230	633	633
M1962_4	M1898_4	126	1238	199	199
M1962_4	M2077_4	126	1309	151	151
M1962_4	M230_4	126	1333	401	401
M1962_4	M776_4	126	1234	567	567
M2077_4	F1175_4	126	1196	165	165
M2077_4	F1225_4	126	1307	775	775
M2077_4	F1796_4	126	1209	1031	1031
M2077_4	F2056_4	126	1144	985	985
M2077_4	F2407_4	126	1310	1270	1270
M2077_4	F2729_4	126	1164	789	789
M2077_4	F680_4	126	1231	749	749
M2077_4	M1002_4	126	1214	933	933
M2077_4	M1853_4	126	1289	1119	1119
M2077_4	M1898_4	126	1267	732	732
M2077_4	M1962_4	126	1309	802	802
M2077_4	M230_4	126	1146	854	854
M2077_4	M776_4	126	1297	1091	1091
M230_4	F1175_4	126	1416	70	70
M230_4	F1225_4	126	1329	367	367
M230_4	F1796_4	126	1130	692	692
M230_4	F2056_4	126	1294	894	894
M230_4	F2407_4	126	1266	1151	1151
M230_4	F2729_4	126	1294	481	481
M230_4	F680_4	126	1219	355	355
M230_4	M1002_4	126	1264	578	578
M230_4	M1853_4	126	1128	746	746
M230_4	M1898_4	126	1383	402	402
M230_4	M1962_4	126	1333	396	396
M230_4	M2077_4	126	1146	227	227
M230_4	M776_4	126	1350	769	769
M776_4	F1175_4	126	1249	20	20
M776_4	F1225_4	126	1168	134	134
M776_4	F1796_4	126	1231	457	457
M776_4	F2056_4	126	1272	541	541
M776_4	F2407_4	126	1262	979	979
M776_4	F2729_4	126	1311	231	231
M776_4	F680_4	126	1366	183	183
M776_4	M1002_4	126	1276	307	307
M776_4	M1853_4	126	1378	553	553
M776_4	M1898_4	126	1211	136	136
M776_4	M1962_4	126	1234	156	156
M776_4	M2077_4	126	1297	116	116
M776_4	M230_4	126	1350	286	286
F1031_4	F1398_4	127	1323	129	348
F1031_4	F2031_4	127	1308	68	187
F1031_4	F2296_4	127	1167	132	362
F1031_4	F2316_4	127	1327	5	14
F1031_4	F486_4	127	1226	32	89
F1031_4	F603_4	127	1211	95	236
F1031_4	F767_4	127	1288	55	128
F1031_4	M1131_4	127	1274	182	460
F1031_4	M1219_4	127	1299	157	382
F1031_4	M1829_4	127	1271	282	739
F1031_4	M2085_4	127	1266	871	2257
F1031_4	M2635_4	127	1192	76	192
F1031_4	M2724_4	127	1152	53	139
F1398_4	F1031_4	127	1323	1258	1258
F1398_4	F2031_4	127	1369	961	961
F1398_4	F2296_4	127	1303	1085	1085
F1398_4	F2316_4	127	1263	319	319
F1398_4	F486_4	127	1521	808	808
F1398_4	F603_4	127	1387	1095	1095
F1398_4	F767_4	127	1285	872	872
F1398_4	M1131_4	127	1136	1031	1031
F1398_4	M1219_4	127	1268	1088	1088
F1398_4	M1829_4	127	1236	1148	1148
F1398_4	M2085_4	127	1183	1171	1171
F1398_4	M2635_4	127	1353	1045	1045
F1398_4	M2724_4	127	1259	853	853
F2031_4	F1031_4	127	1308	888	2706
F2031_4	F1398_4	127	1369	418	1334
F2031_4	F2296_4	127	1247	428	1332
F2031_4	F2316_4	127	1215	43	121
F2031_4	F486_4	127	1223	125	392
F2031_4	F603_4	127	1167	378	1193
F2031_4	F767_4	127	1344	236	702
F2031_4	M1131_4	127	1245	566	1735
F2031_4	M1219_4	127	1267	452	1311
F2031_4	M1829_4	127	1213	721	2194
F2031_4	M2085_4	127	1243	1159	3491
F2031_4	M2635_4	127	1475	401	1279
F2031_4	M2724_4	127	1167	249	792
F2296_4	F1031_4	127	1167	1041	1041
F2296_4	F1398_4	127	1303	892	892
F2296_4	F2031_4	127	1247	647	647
F2296_4	F2316_4	127	1157	146	146
F2296_4	F486_4	127	1134	390	390
F2296_4	F603_4	127	1212	811	811
F2296_4	F767_4	127	1265	586	586
F2296_4	M1131_4	127	1264	970	970
F2296_4	M1219_4	127	1170	845	845
F2296_4	M1829_4	127	1180	1025	1025
F2296_4	M2085_4	127	1275	1255	1255
F2296_4	M2635_4	127	1387	848	848
F2296_4	M2724_4	127	1222	614	614
F2316_4	F1031_4	127	1327	934	2167
F2316_4	F1398_4	127	1263	455	1035
F2316_4	F2031_4	127	1215	279	659
F2316_4	F2296_4	127	1157	418	933
F2316_4	F486_4	127	1194	141	339
F2316_4	F603_4	127	1229	437	974
F2316_4	F767_4	127	1153	235	526
F2316_4	M1131_4	127	1209	594	1373
F2316_4	M1219_4	127	1119	471	1102
F2316_4	M1829_4	127	1223	806	1882
F2316_4	M2085_4	127	1306	1200	2773
F2316_4	M2635_4	127	1326	426	1003
F2316_4	M2724_4	127	1322	277	655
F486_4	F1031_4	127	1226	786	1797
F486_4	F1398_4	127	1521	444	1027
F486_4	F2031_4	127	1223	220	512
F486_4	F2296_4	127	1134	337	780
F486_4	F2316_4	127	1194	36	75
F486_4	F603_4	127	1381	395	919
F486_4	F767_4	127	1402	249	582
F486_4	M1131_4	127	1147	507	1192
F486_4	M1219_4	127	1290	433	990
F486_4	M1829_4	127	1274	725	1685
F486_4	M2085_4	127	1178	1070	2580
F486_4	M2635_4	127	1354	332	744
F486_4	M2724_4	127	1096	188	439
F603_4	F1031_4	127	1211	1086	4277
F603_4	F1398_4	127	1387	916	3712
F603_4	F2031_4	127	1167	574	2325
F603_4	F2296_4	127	1212	774	3022
F603_4	F2316_4	127	1229	148	576
F603_4	F486_4	127	1381	448	1716
F603_4	F767_4	127	1344	639	2568
F603_4	M1131_4	127	1260	971	3888
F603_4	M1219_4	127	1152	813	3312
F603_4	M1829_4	127	1331	1118	4416
F603_4	M2085_4	127	1298	1268	5063
F603_4	M2635_4	127	1182	695	2780
F603_4	M2724_4	127	1205	590	2341
F767_4	F1031_4	127	1288	628	628
F767_4	F1398_4	127	1285	269	269
F767_4	F2031_4	127	1344	148	148
F767_4	F2296_4	127	1265	221	221
F767_4	F2316_4	127	1153	17	17
F767_4	F486_4	127	1402	75	75
F767_4	F603_4	127	1344	222	222
F767_4	M1131_4	127	1189	344	344
F767_4	M1219_4	127	1298	279	279
F767_4	M1829_4	127	1184	504	504
F767_4	M2085_4	127	1413	1152	1152
F767_4	M2635_4	127	1278	199	199
F767_4	M2724_4	127	1296	116	116
M1131_4	F1031_4	127	1274	1002	2285
M1131_4	F1398_4	127	1136	550	1247
M1131_4	F2031_4	127	1245	374	829
M1131_4	F2296_4	127	1264	582	1284
M1131_4	F2316_4	127	1209	57	136
M1131_4	F486_4	127	1147	214	450
M1131_4	F603_4	127	1260	538	1222
M1131_4	F767_4	127	1189	305	676
M1131_4	M1219_4	127	1342	710	1655
M1131_4	M1829_4	127	1342	995	2177
M1131_4	M2085_4	127	1149	1076	2394
M1131_4	M2635_4	127	1289	488	1060
M1131_4	M2724_4	127	1230	347	779
M1219_4	F1031_4	127	1299	1250	1250
M1219_4	F1398_4	127	1268	1102	1102
M1219_4	F2031_4	127	1267	958	958
M1219_4	F2296_4	127	1170	1004	1004
M1219_4	F2316_4	127	1119	307	307
M1219_4	F486_4	127	1290	770	770
M1219_4	F603_4	127	1152	994	994
M1219_4	F767_4	127	1298	1011	1011
M1219_4	M1131_4	127	1342	1203	1203
M1219_4	M1829_4	127	1305	1250	1250
M1219_4	M2085_4	127	1143	1137	1137
M1219_4	M2635_4	127	1345	1092	1092
M1219_4	M2724_4	127	1268	934	934
M1829_4	F1031_4	127	1271	1207	1207
M1829_4	F1398_4	127	1236	1071	1071
M1829_4	F2031_4	127	1213	907	907
M1829_4	F2296_4	127	1180	1011	1011
M1829_4	F2316_4	127	1223	323	323
M1829_4	F486_4	127	1274	739	739
M1829_4	F603_4	127	1331	1092	1092
M1829_4	F767_4	127	1184	852	852
M1829_4	M1131_4	127	1342	1205	1205
M1829_4	M1219_4	127	1305	1131	1131
M1829_4	M2085_4	127	1324	1311	1311
M1829_4	M2635_4	127	1250	1024	1024
M1829_4	M2724_4	127	1288	935	935
M2085_4	F1031_4	127	1266	918	918
M2085_4	F1398_4	127	1183	454	454
M2085_4	F2031_4	127	1243	319	319
M2085_4	F2296_4	127	1275	538	538
M2085_4	F2316_4	127	1306	64	64
M2085_4	F486_4	127	1178	170	170
M2085_4	F603_4	127	1298	495	495
M2085_4	F767_4	127	1413	344	344
M2085_4	M1131_4	127	1149	617	617
M2085_4	M1219_4	127	1143	520	520
M2085_4	M1829_4	127	1324	888	888
M2085_4	M2635_4	127	1089	386	386
M2085_4	M2724_4	127	1334	323	323
M2635_4	F1031_4	127	1192	943	943
M2635_4	F1398_4	127	1353	666	666
M2635_4	F2031_4	127	1475	487	487
M2635_4	F2296_4	127	1387	659	659
M2635_4	F2316_4	127	1326	97	97
M2635_4	F486_4	127	1354	274	274
M2635_4	F603_4	127	1182	555	555
M2635_4	F767_4	127	1278	374	374
M2635_4	M1131_4	127	1289	805	805
M2635_4	M1219_4	127	1345	736	736
M2635_4	M1829_4	127	1250	912	912
M2635_4	M2085_4	127	1089	1027	1027
M2635_4	M2724_4	127	1276	418	418
M2724_4	F1031_4	127	1152	952	952
M2724_4	F1398_4	127	1259	656	656
M2724_4	F2031_4	127	1167	424	424
M2724_4	F2296_4	127	1222	642	642
M2724_4	F2316_4	127	1322	97	97
M2724_4	F486_4	127	1096	232	232
M2724_4	F603_4	127	1205	570	570
M2724_4	F767_4	127	1296	452	452
M2724_4	M1131_4	127	1230	821	821
M2724_4	M1219_4	127	1268	737	737
M2724_4	M1829_4	127	1288	974	974
M2724_4	M2085_4	127	1334	1283	1283
M2724_4	M2635_4	127	1276	564	564
F1892_4	F2209_4	128	1416	1044	1044
F1892_4	F2272_4	128	1325	315	315
F1892_4	F343_4	128	1248	272	272
F1892_4	F378_4	128	1217	765	765
F1892_4	M1361_4	128	1346	730	730
F1892_4	M2652_4	128	1156	954	954
F1892_4	M2690_4	128	1332	396	396
F1892_4	M2694_4	128	1277	1123	1123
F1892_4	M269_4	128	1291	447	447
F1892_4	M45_4	128	1289	661	661
F1892_4	M733_4	128	1076	953	953
F1892_4	M800_4	128	1376	383	383
F1892_4	M966_4	128	1259	1230	1230
F2209_4	F1892_4	128	1416	763	763
F2209_4	F2272_4	128	1165	334	334
F2209_4	F343_4	128	1147	304	304
F2209_4	F378_4	128	1185	789	789
F2209_4	M1361_4	128	1272	788	788
F2209_4	M2652_4	128	1274	1106	1106
F2209_4	M2690_4	128	1259	498	498
F2209_4	M2694_4	128	1320	1211	1211
F2209_4	M269_4	128	1208	518	518
F2209_4	M45_4	128	1334	793	793
F2209_4	M733_4	128	1262	1178	1178
F2209_4	M800_4	128	1167	412	412
F2209_4	M966_4	128	1155	1129	1129
F2272_4	F1892_4	128	1325	465	1317
F2272_4	F2209_4	128	1165	724	1963
F2272_4	F343_4	128	1303	199	538
F2272_4	F378_4	128	1292	687	1873
F2272_4	M1361_4	128	1156	498	1367
F2272_4	M2652_4	128	1163	874	2331
F2272_4	M2690_4	128	1403	315	839
F2272_4	M2694_4	128	1356	1142	3150
F2272_4	M269_4	128	1440	364	1009
F2272_4	M45_4	128	1283	569	1599
F2272_4	M733_4	128	1269	1103	2988
F2272_4	M800_4	128	1217	252	685
F2272_4	M966_4	128	1146	1112	3049
F343_4	F1892_4	128	1248	386	433
F343_4	F2209_4	128	1147	680	750
F343_4	F2272_4	128	1303	178	200
F343_4	F378_4	128	1330	623	707
F343_4	M1361_4	128	1440	596	670
F343_4	M2652_4	128	1361	947	1045
F343_4	M2690_4	128	1445	287	316
F343_4	M2694_4	128	1190	948	1051
F343_4	M269_4	128	1125	235	267
F343_4	M45_4	128	1229	445	493
F343_4	M733_4	128	1334	1075	1185
F343_4	M800_4	128	1366	248	272
F343_4	M966_4	128	1158	1097	1208
F378_4	F1892_4	128	1217	317	317
F378_4	F2209_4	128	1185	622	622
F378_4	F2272_4	128	1292	131	131
F378_4	F343_4	128	1330	133	133
F378_4	M1361_4	128	1223	381	381
F378_4	M2652_4	128	1196	788	788
F378_4	M2690_4	128	1239	211	211
F378_4	M2694_4	128	1130	832	832
F378_4	M269_4	128	1216	190	190
F378_4	M45_4	128	1164	386	386
F378_4	M733_4	128	1286	991	991
F378_4	M800_4	128	1251	168	168
F378_4	M966_4	128	1163	1097	1097
M1361_4	F1892_4	128	1346	69	225
M1361_4	F2209_4	128	1272	197	708
M1361_4	F2272_4	128	1156	28	111
M1361_4	F343_4	128	1440	22	70
M1361_4	F378_4	128	1223	111	400
M1361_4	M2652_4	128	1252	295	1054
M1361_4	M2690_4	128	1226	33	94
M1361_4	M2694_4	128	1177	382	1360
M1361_4	M269_4	128	1202	35	141
M1361_4	M45_4	128	1286	85	305
M1361_4	M733_4	128	1162	424	1491
M1361_4	M800_4	128	1282	30	112
M1361_4	M966_4	128	1173	876	3135
M2652_4	F1892_4	128	1156	125	125
M2652_4	F2209_4	128	1274	343	343
M2652_4	F2272_4	128	1163	45	45
M2652_4	F343_4	128	1361	53	53
M2652_4	F378_4	128	1196	215	215
M2652_4	M1361_4	128	1252	194	194
M2652_4	M2690_4	128	1206	81	81
M2652_4	M2694_4	128	1233	622	622
M2652_4	M269_4	128	1189	78	78
M2652_4	M45_4	128	1231	175	175
M2652_4	M733_4	128	1327	747	747
M2652_4	M800_4	128	1198	70	70
M2652_4	M966_4	128	1120	955	955
M2690_4	F1892_4	128	1332	572	1276
M2690_4	F2209_4	128	1259	867	1887
M2690_4	F2272_4	128	1403	315	692
M2690_4	F343_4	128	1445	285	626
M2690_4	F378_4	128	1239	692	1571
M2690_4	M1361_4	128	1226	606	1358
M2690_4	M2652_4	128	1206	940	2110
M2690_4	M2694_4	128	1217	1014	2219
M2690_4	M269_4	128	1330	389	858
M2690_4	M45_4	128	1198	595	1362
M2690_4	M733_4	128	1227	1073	2358
M2690_4	M800_4	128	1244	320	719
M2690_4	M966_4	128	1259	1223	2735
M2694_4	F1892_4	128	1277	66	75
M2694_4	F2209_4	128	1320	218	281
M2694_4	F2272_4	128	1356	21	29
M2694_4	F343_4	128	1190	18	22
M2694_4	F378_4	128	1130	94	115
M2694_4	M1361_4	128	1177	72	96
M2694_4	M2652_4	128	1233	285	379
M2694_4	M2690_4	128	1217	37	48
M2694_4	M269_4	128	1354	51	61
M2694_4	M45_4	128	1294	93	119
M2694_4	M733_4	128	1316	495	629
M2694_4	M800_4	128	1245	34	48
M2694_4	M966_4	128	1341	1024	1347
M269_4	F1892_4	128	1291	433	1243
M269_4	F2209_4	128	1208	735	2096
M269_4	F2272_4	128	1440	224	628
M269_4	F343_4	128	1125	181	496
M269_4	F378_4	128	1216	608	1779
M269_4	M1361_4	128	1202	486	1360
M269_4	M2652_4	128	1189	856	2436
M269_4	M2690_4	128	1330	266	768
M269_4	M2694_4	128	1354	1093	3148
M269_4	M45_4	128	1201	443	1268
M269_4	M733_4	128	1200	1011	2921
M269_4	M800_4	128	1260	221	604
M269_4	M966_4	128	1355	1307	3741
M45_4	F1892_4	128	1289	1152	1152
M45_4	F2209_4	128	1334	1281	1281
M45_4	F2272_4	128	1283	940	940
M45_4	F343_4	128	1229	862	862
M45_4	F378_4	128	1164	1081	1081
M45_4	M1361_4	128	1286	1184	1184
M45_4	M2652_4	128	1231	1196	1196
M45_4	M2690_4	128	1198	975	975
M45_4	M2694_4	128	1294	1274	1274
M45_4	M269_4	128	1201	996	996
M45_4	M733_4	128	1259	1249	1249
M45_4	M800_4	128	1376	1060	1060
M45_4	M966_4	128	1283	1281	1281
M733_4	F1892_4	128	1076	490	751
M733_4	F2209_4	128	1262	928	1351
M733_4	F2272_4	128	1269	289	417
M733_4	F343_4	128	1334	288	439
M733_4	F378_4	128	1286	772	1142
M733_4	M1361_4	128	1162	584	874
M733_4	M2652_4	128	1327	1062	1610
M733_4	M2690_4	128	1227	355	532
M733_4	M2694_4	128	1316	1118	1663
M733_4	M269_4	128	1200	394	603
M733_4	M45_4	128	1259	661	991
M733_4	M800_4	128	1189	299	440
M733_4	M966_4	128	1202	1169	1751
M800_4	F1892_4	128	1376	533	533
M800_4	F2209_4	128	1167	752	752
M800_4	F2272_4	128	1217	210	210
M800_4	F343_4	128	1366	189	189
M800_4	F378_4	128	1251	637	637
M800_4	M1361_4	128	1282	587	587
M800_4	M2652_4	128	1198	908	908
M800_4	M2690_4	128	1244	308	308
M800_4	M2694_4	128	1245	1020	1020
M800_4	M269_4	128	1260	328	328
M800_4	M45_4	128	1376	599	599
M800_4	M733_4	128	1189	1018	1018
M800_4	M966_4	128	1288	1246	1246
M966_4	F1892_4	128	1259	600	1846
M966_4	F2209_4	128	1155	843	2585
M966_4	F2272_4	128	1146	273	839
M966_4	F343_4	128	1158	243	764
M966_4	F378_4	128	1163	739	2320
M966_4	M1361_4	128	1173	646	1971
M966_4	M2652_4	128	1120	902	2867
M966_4	M2690_4	128	1259	388	1234
M966_4	M2694_4	128	1341	1190	3709
M966_4	M269_4	128	1355	463	1455
M966_4	M45_4	128	1283	707	2132
M966_4	M733_4	128	1202	1065	3248
M966_4	M800_4	128	1288	346	1023
F191_4	F1970_4	129	1153	172	172
F191_4	F2253_4	129	1212	266	266
F191_4	F2367_4	129	1281	242	242
F191_4	F2369_4	129	1254	183	183
F191_4	F2718_4	129	1296	50	50
F191_4	F476_4	129	1262	285	285
F191_4	F537_4	129	1353	542	542
F191_4	F940_4	129	1302	599	599
F191_4	M1256_4	129	1258	135	135
F191_4	M16_4	129	1358	143	143
F191_4	M245_4	129	1432	659	659
F191_4	M341_4	129	1269	714	714
F191_4	M90_4	129	1392	809	809
F1970_4	F191_4	129	1153	731	731
F1970_4	F2253_4	129	1218	675	675
F1970_4	F2367_4	129	1238	571	571
F1970_4	F2369_4	129	1161	509	509
F1970_4	F2718_4	129	1299	178	178
F1970_4	F476_4	129	1228	685	685
F1970_4	F537_4	129	1157	844	844
F1970_4	F940_4	129	1226	975	975
F1970_4	M1256_4	129	1315	414	414
F1970_4	M16_4	129	1204	351	351
F1970_4	M245_4	129	1181	953	953
F1970_4	M341_4	129	1243	1063	1063
F1970_4	M90_4	129	1322	1121	1121
F2253_4	F191_4	129	1212	949	949
F2253_4	F1970_4	129	1218	709	709
F2253_4	F2367_4	129	1222	745	745
F2253_4	F2369_4	129	1199	692	692
F2253_4	F2718_4	129	1278	269	269
F2253_4	F476_4	129	1350	927	927
F2253_4	F537_4	129	1201	1008	1008
F2253_4	F940_4	129	1199	1043	1043
F2253_4	M1256_4	129	1244	532	532
F2253_4	M16_4	129	1278	547	547
F2253_4	M245_4	129	1314	1175	1175
F2253_4	M341_4	129	1290	1184	1184
F2253_4	M90_4	129	1498	1367	1367
F2367_4	F191_4	129	1281	651	942
F2367_4	F1970_4	129	1238	390	536
F2367_4	F2253_4	129	1222	506	714
F2367_4	F2369_4	129	1285	365	520
F2367_4	F2718_4	129	1317	131	183
F2367_4	F476_4	129	1164	496	707
F2367_4	F537_4	129	1278	746	1057
F2367_4	F940_4	129	1335	896	1295
F2367_4	M1256_4	129	1193	201	285
F2367_4	M16_4	129	1274	237	337
F2367_4	M245_4	129	1135	793	1132
F2367_4	M341_4	129	1203	888	1257
F2367_4	M90_4	129	1355	1009	1456
F2369_4	F191_4	129	1254	183	708
F2369_4	F1970_4	129	1161	81	324
F2369_4	F2253_4	129	1199	120	494
F2369_4	F2367_4	129	1285	98	371
F2369_4	F2718_4	129	1250	22	85
F2369_4	F476_4	129	1258	159	655
F2369_4	F537_4	129	1165	281	1114
F2369_4	F940_4	129	1299	359	1388
F2369_4	M1256_4	129	1271	49	202
F2369_4	M16_4	129	1188	51	211
F2369_4	M245_4	129	1143	305	1234
F2369_4	M341_4	129	1198	428	1721
F2369_4	M90_4	129	1140	375	1514
F2718_4	F191_4	129	1296	877	877
F2718_4	F1970_4	129	1299	635	635
F2718_4	F2253_4	129	1278	790	790
F2718_4	F2367_4	129	1317	684	684
F2718_4	F2369_4	129	1250	567	567
F2718_4	F476_4	129	1294	811	811
F2718_4	F537_4	129	1153	915	915
F2718_4	F940_4	129	1177	974	974
F2718_4	M1256_4	129	1214	424	424
F2718_4	M16_4	129	1362	460	460
F2718_4	M245_4	129	1276	1063	1063
F2718_4	M341_4	129	1264	1088	1088
F2718_4	M90_4	129	1221	1047	1047
F476_4	F191_4	129	1262	1173	1573
F476_4	F1970_4	129	1228	1049	1413
F476_4	F2253_4	129	1350	1193	1605
F476_4	F2367_4	129	1164	997	1323
F476_4	F2369_4	129	1258	1061	1406
F476_4	F2718_4	129	1294	680	916
F476_4	F537_4	129	1138	1084	1403
F476_4	F940_4	129	1407	1353	1796
F476_4	M1256_4	129	1350	1017	1363
F476_4	M16_4	129	1220	916	1227
F476_4	M245_4	129	1368	1319	1757
F476_4	M341_4	129	1333	1304	1731
F476_4	M90_4	129	1306	1259	1654
F537_4	F191_4	129	1353	1275	1275
F537_4	F1970_4	129	1157	1006	1006
F537_4	F2253_4	129	1201	1087	1087
F537_4	F2367_4	129	1278	1150	1150
F537_4	F2369_4	129	1165	1009	1009
F537_4	F2718_4	129	1153	704	704
F537_4	F476_4	129	1138	1055	1055
F537_4	F940_4	129	1276	1247	1247
F537_4	M1256_4	129	1454	1179	1179
F537_4	M16_4	129	1291	1027	1027
F537_4	M245_4	129	1240	1203	1203
F537_4	M341_4	129	1183	1151	1151
F537_4	M90_4	129	1159	1135	1135
F940_4	F191_4	129	1302	730	730
F940_4	F1970_4	129	1226	421	421
F940_4	F2253_4	129	1199	560	560
F940_4	F2367_4	129	1335	522	522
F940_4	F2369_4	129	1299	445	445
F940_4	F2718_4	129	1177	97	97
F940_4	F476_4	129	1407	674	674
F940_4	F537_4	129	1276	835	835
F940_4	M1256_4	129	1257	312	312
F940_4	M16_4	129	1287	281	281
F940_4	M245_4	129	1366	997	997
F940_4	M341_4	129	1285	1001	1001
F940_4	M90_4	129	1203	899	899
M1256_4	F191_4	129	1258	971	1659
M1256_4	F1970_4	129	1315	765	1279
M1256_4	F2253_4	129	1244	851	1451
M1256_4	F2367_4	129	1193	708	1201
M1256_4	F2369_4	129	1271	729	1237
M1256_4	F2718_4	129	1214	264	461
M1256_4	F476_4	129	1350	969	1666
M1256_4	F537_4	129	1454	1236	2100
M1256_4	F940_4	129	1257	1117	1836
M1256_4	M16_4	129	1271	589	995
M1256_4	M245_4	129	1117	993	1677
M1256_4	M341_4	129	1269	1173	1974
M1256_4	M90_4	129	1235	1127	1939
M16_4	F191_4	129	1358	995	995
M16_4	F1970_4	129	1204	635	635
M16_4	F2253_4	129	1278	832	832
M16_4	F2367_4	129	1274	710	710
M16_4	F2369_4	129	1188	618	618
M16_4	F2718_4	129	1362	284	284
M16_4	F476_4	129	1220	805	805
M16_4	F537_4	129	1291	1064	1064
M16_4	F940_4	129	1287	1105	1105
M16_4	M1256_4	129	1271	489	489
M16_4	M245_4	129	1339	1150	1150
M16_4	M341_4	129	1168	1038	1038
M16_4	M90_4	129	1278	1134	1134
M245_4	F191_4	129	1432	91	91
M245_4	F1970_4	129	1181	32	32
M245_4	F2253_4	129	1314	66	66
M245_4	F2367_4	129	1135	35	35
M245_4	F2369_4	129	1143	42	42
M245_4	F2718_4	129	1276	9	9
M245_4	F476_4	129	1368	72	72
M245_4	F537_4	129	1240	157	157
M245_4	F940_4	129	1366	199	199
M245_4	M1256_4	129	1117	27	27
M245_4	M16_4	129	1339	29	29
M245_4	M341_4	129	1317	249	249
M245_4	M90_4	129	1316	244	244
M341_4	F191_4	129	1269	326	417
M341_4	F1970_4	129	1243	150	186
M341_4	F2253_4	129	1290	247	310
M341_4	F2367_4	129	1203	157	195
M341_4	F2369_4	129	1198	150	194
M341_4	F2718_4	129	1264	45	56
M341_4	F476_4	129	1333	286	365
M341_4	F537_4	129	1183	461	576
M341_4	F940_4	129	1285	536	668
M341_4	M1256_4	129	1269	104	137
M341_4	M16_4	129	1168	101	128
M341_4	M245_4	129	1317	555	703
M341_4	M90_4	129	1194	638	842
M90_4	F191_4	129	1392	474	474
M90_4	F1970_4	129	1322	248	248
M90_4	F2253_4	129	1498	396	396
M90_4	F2367_4	129	1355	285	285
M90_4	F2369_4	129	1140	213	213
M90_4	F2718_4	129	1221	56	56
M90_4	F476_4	129	1306	365	365
M90_4	F537_4	129	1159	571	571
M90_4	F940_4	129	1203	675	675
M90_4	M1256_4	129	1235	149	149
M90_4	M16_4	129	1278	160	160
M90_4	M245_4	129	1316	752	752
M90_4	M341_4	129	1194	750	750
F1020_4	F1069_4	130	1166	383	1251
F1020_4	F140_4	130	1246	334	1042
F1020_4	F149_4	130	1272	636	1964
F1020_4	F1598_4	130	1095	79	262
F1020_4	F220_4	130	1238	432	1392
F1020_4	F2277_4	130	1277	822	2658
F1020_4	F237_4	130	1214	609	1942
F1020_4	M1632_4	130	1311	1059	3350
F1020_4	M1730_4	130	1232	40	136
F1020_4	M2268_4	130	1230	813	2540
F1020_4	M2427_4	130	1212	757	2455
F1020_4	M2742_4	130	1135	1095	3469
F1020_4	M658_4	130	1309	1137	3595
F1069_4	F1020_4	130	1166	205	316
F1069_4	F140_4	130	1251	239	364
F1069_4	F149_4	130	1198	497	752
F1069_4	F1598_4	130	1225	43	63
F1069_4	F220_4	130	1124	322	488
F1069_4	F2277_4	130	1266	689	1047
F1069_4	F237_4	130	1319	562	865
F1069_4	M1632_4	130	1218	891	1376
F1069_4	M1730_4	130	1185	24	36
F1069_4	M2268_4	130	1290	689	1068
F1069_4	M2427_4	130	1434	726	1082
F1069_4	M2742_4	130	1326	1253	1950
F1069_4	M658_4	130	1317	1106	1682
F140_4	F1020_4	130	1246	261	261
F140_4	F1069_4	130	1251	329	329
F140_4	F149_4	130	1210	517	517
F140_4	F1598_4	130	1266	57	57
F140_4	F220_4	130	1296	380	380
F140_4	F2277_4	130	1256	746	746
F140_4	F237_4	130	1278	605	605
F140_4	M1632_4	130	1334	981	981
F140_4	M1730_4	130	1382	23	23
F140_4	M2268_4	130	1324	763	763
F140_4	M2427_4	130	1272	649	649
F140_4	M2742_4	130	1182	1131	1131
F140_4	M658_4	130	1374	1170	1170
F149_4	F1020_4	130	1272	717	717
F149_4	F1069_4	130	1198	781	781
F149_4	F140_4	130	1210	708	708
F149_4	F1598_4	130	1277	248	248
F149_4	F220_4	130	1226	858	858
F149_4	F2277_4	130	1194	1042	1042
F149_4	F237_4	130	1376	1154	1154
F149_4	M1632_4	130	1165	1107	1107
F149_4	M1730_4	130	1266	152	152
F149_4	M2268_4	130	1389	1187	1187
F149_4	M2427_4	130	1363	1165	1165
F149_4	M2742_4	130	1240	1233	1233
F149_4	M658_4	130	1203	1164	1164
F1598_4	F1020_4	130	1095	72	72
F1598_4	F1069_4	130	1225	110	110
F1598_4	F140_4	130	1266	83	83
F1598_4	F149_4	130	1277	234	234
F1598_4	F220_4	130	1261	123	123
F1598_4	F2277_4	130	1231	365	365
F1598_4	F237_4	130	1304	238	238
F1598_4	M1632_4	130	1258	558	558
F1598_4	M1730_4	130	1317	8	8
F1598_4	M2268_4	130	1277	290	290
F1598_4	M2427_4	130	1246	283	283
F1598_4	M2742_4	130	1257	1066	1066
F1598_4	M658_4	130	1375	811	811
F220_4	F1020_4	130	1238	522	522
F220_4	F1069_4	130	1124	592	592
F220_4	F140_4	130	1296	585	585
F220_4	F149_4	130	1226	867	867
F220_4	F1598_4	130	1261	152	152
F220_4	F2277_4	130	1083	909	909
F220_4	F237_4	130	1375	987	987
F220_4	M1632_4	130	1311	1184	1184
F220_4	M1730_4	130	1188	88	88
F220_4	M2268_4	130	1212	968	968
F220_4	M2427_4	130	1205	941	941
F220_4	M2742_4	130	1161	1140	1140
F220_4	M658_4	130	1277	1187	1187
F2277_4	F1020_4	130	1277	471	1195
F2277_4	F1069_4	130	1266	575	1438
F2277_4	F140_4	130	1256	532	1326
F2277_4	F149_4	130	1194	787	1974
F2277_4	F1598_4	130	1231	137	351
F2277_4	F220_4	130	1083	556	1387
F2277_4	F237_4	130	1192	783	1990
F2277_4	M1632_4	130	1258	1103	2798
F2277_4	M1730_4	130	1326	81	194
F2277_4	M2268_4	130	1067	822	2085
F2277_4	M2427_4	130	1370	1010	2488
F2277_4	M2742_4	130	1153	1139	2836
F2277_4	M658_4	130	1193	1110	2763
F237_4	F1020_4	130	1214	497	592
F237_4	F1069_4	130	1319	579	706
F237_4	F140_4	130	1278	483	597
F237_4	F149_4	130	1376	905	1097
F237_4	F1598_4	130	1304	146	176
F237_4	F220_4	130	1375	708	886
F237_4	F2277_4	130	1192	974	1176
F237_4	M1632_4	130	1228	1081	1308
F237_4	M1730_4	130	1118	73	95
F237_4	M2268_4	130	1395	1064	1278
F237_4	M2427_4	130	1178	828	1011
F237_4	M2742_4	130	1203	1177	1436
F237_4	M658_4	130	1209	1117	1367
M1632_4	F1020_4	130	1311	126	126
M1632_4	F1069_4	130	1218	140	140
M1632_4	F140_4	130	1334	150	150
M1632_4	F149_4	130	1165	288	288
M1632_4	F1598_4	130	1258	24	24
M1632_4	F220_4	130	1311	216	216
M1632_4	F2277_4	130	1258	451	451
M1632_4	F237_4	130	1228	319	319
M1632_4	M1730_4	130	1285	11	11
M1632_4	M2268_4	130	1316	468	468
M1632_4	M2427_4	130	1248	415	415
M1632_4	M2742_4	130	1142	1025	1025
M1632_4	M658_4	130	1317	916	916
M1730_4	F1020_4	130	1232	221	331
M1730_4	F1069_4	130	1185	265	404
M1730_4	F140_4	130	1382	296	462
M1730_4	F149_4	130	1266	526	829
M1730_4	F1598_4	130	1317	51	76
M1730_4	F220_4	130	1188	311	473
M1730_4	F2277_4	130	1326	741	1151
M1730_4	F237_4	130	1118	483	729
M1730_4	M1632_4	130	1285	951	1468
M1730_4	M2268_4	130	1240	622	955
M1730_4	M2427_4	130	1253	609	936
M1730_4	M2742_4	130	1347	1280	1988
M1730_4	M658_4	130	1150	944	1491
M2268_4	F1020_4	130	1230	1113	2486
M2268_4	F1069_4	130	1290	1212	2685
M2268_4	F140_4	130	1324	1221	2731
M2268_4	F149_4	130	1389	1350	3050
M2268_4	F1598_4	130	1277	903	1943
M2268_4	F220_4	130	1212	1158	2572
M2268_4	F2277_4	130	1067	1054	2341
M2268_4	F237_4	130	1395	1360	2951
M2268_4	M1632_4	130	1316	1308	2978
M2268_4	M1730_4	130	1240	653	1442
M2268_4	M2427_4	130	1333	1314	2945
M2268_4	M2742_4	130	1203	1202	2741
M2268_4	M658_4	130	1341	1336	2962
M2427_4	F1020_4	130	1212	802	802
M2427_4	F1069_4	130	1434	1035	1035
M2427_4	F140_4	130	1272	893	893
M2427_4	F149_4	130	1363	1164	1164
M2427_4	F1598_4	130	1246	374	374
M2427_4	F220_4	130	1205	948	948
M2427_4	F2277_4	130	1370	1274	1274
M2427_4	F237_4	130	1178	1020	1020
M2427_4	M1632_4	130	1248	1198	1198
M2427_4	M1730_4	130	1253	193	193
M2427_4	M2268_4	130	1333	1199	1199
M2427_4	M2742_4	130	1469	1458	1458
M2427_4	M658_4	130	1332	1299	1299
M2742_4	F1020_4	130	1135	385	385
M2742_4	F1069_4	130	1326	518	518
M2742_4	F140_4	130	1182	412	412
M2742_4	F149_4	130	1240	761	761
M2742_4	F1598_4	130	1257	109	109
M2742_4	F220_4	130	1161	538	538
M2742_4	F2277_4	130	1153	891	891
M2742_4	F237_4	130	1203	750	750
M2742_4	M1632_4	130	1142	988	988
M2742_4	M1730_4	130	1347	60	60
M2742_4	M2268_4	130	1203	883	883
M2742_4	M2427_4	130	1469	1028	1028
M2742_4	M658_4	130	1343	1233	1233
M658_4	F1020_4	130	1309	414	1123
M658_4	F1069_4	130	1317	505	1362
M658_4	F140_4	130	1374	489	1367
M658_4	F149_4	130	1203	714	1947
M658_4	F1598_4	130	1375	116	341
M658_4	F220_4	130	1277	571	1525
M658_4	F2277_4	130	1193	853	2285
M658_4	F237_4	130	1209	732	2003
M658_4	M1632_4	130	1317	1130	3101
M658_4	M1730_4	130	1150	50	130
M658_4	M2268_4	130	1341	946	2582
M658_4	M2427_4	130	1332	875	2393
M658_4	M2742_4	130	1343	1308	3631
F118_4	F1739_4	131	1249	1169	1169
F118_4	F175_4	131	1251	875	875
F118_4	F2249_4	131	1332	456	456
F118_4	F2772_4	131	1237	1137	1137
F118_4	F287_4	131	1254	585	585
F118_4	F507_4	131	1363	252	252
F118_4	F807_4	131	1413	222	222
F118_4	M1091_4	131	1348	459	459
F118_4	M1743_4	131	1270	299	299
F118_4	M1928_4	131	1263	534	534
F118_4	M2483_4	131	1276	905	905
F118_4	M737_4	131	1396	1306	1306
F118_4	M939_4	131	1261	581	581
F1739_4	F118_4	131	1249	443	443
F1739_4	F175_4	131	1268	1019	1019
F1739_4	F2249_4	131	1330	597	597
F1739_4	F2772_4	131	1139	1086	1086
F1739_4	F287_4	131	1274	723	723
F1739_4	F507_4	131	1245	365	365
F1739_4	F807_4	131	1430	352	352
F1739_4	M1091_4	131	1276	569	569
F1739_4	M1743_4	131	1178	406	406
F1739_4	M1928_4	131	1248	685	685
F1739_4	M2483_4	131	1164	895	895
F1739_4	M737_4	131	1222	1172	1172
F1739_4	M939_4	131	1322	734	734
F175_4	F118_4	131	1251	212	212
F175_4	F1739_4	131	1268	1114	1114
F175_4	F2249_4	131	1269	272	272
F175_4	F2772_4	131	1210	1041	1041
F175_4	F287_4	131	1348	442	442
F175_4	F507_4	131	1269	140	140
F175_4	F807_4	131	1253	98	98
F175_4	M1091_4	131	1161	254	254
F175_4	M1743_4	131	1233	171	171
F175_4	M1928_4	131	1304	353	353
F175_4	M2483_4	131	1273	722	722
F175_4	M737_4	131	1337	1145	1145
F175_4	M939_4	131	1275	384	384
F2249_4	F118_4	131	1332	214	214
F2249_4	F1739_4	131	1330	1140	1140
F2249_4	F175_4	131	1269	674	674
F2249_4	F2772_4	131	1278	1084	1084
F2249_4	F287_4	131	1234	372	372
F2249_4	F507_4	131	1328	137	137
F2249_4	F807_4	131	1210	101	101
F2249_4	M1091_4	131	1305	232	232
F2249_4	M1743_4	131	1106	133	133
F2249_4	M1928_4	131	1286	339	339
F2249_4	M2483_4	131	1303	710	710
F2249_4	M737_4	131	1374	1168	1168
F2249_4	M939_4	131	1245	375	375
F2772_4	F118_4	131	1237	151	196
F2772_4	F1739_4	131	1139	909	1280
F2772_4	F175_4	131	1210	534	755
F2772_4	F2249_4	131	1278	212	294
F2772_4	F287_4	131	1203	301	406
F2772_4	F507_4	131	1172	93	123
F2772_4	F807_4	131	1387	76	110
F2772_4	M1091_4	131	1155	181	262
F2772_4	M1743_4	131	1346	136	191
F2772_4	M1928_4	131	1392	274	366
F2772_4	M2483_4	131	1217	541	759
F2772_4	M737_4	131	1235	1025	1440
F2772_4	M939_4	131	1250	286	398
F287_4	F118_4	131	1254	569	1947
F287_4	F1739_4	131	1274	1250	4374
F287_4	F175_4	131	1348	1104	3855
F287_4	F2249_4	131	1234	663	2340
F287_4	F2772_4	131	1203	1157	4050
F287_4	F507_4	131	1266	471	1659
F287_4	F807_4	131	1083	337	1172
F287_4	M1091_4	131	1237	642	2293
F287_4	M1743_4	131	1161	470	1619
F287_4	M1928_4	131	1237	761	2698
F287_4	M2483_4	131	1363	1134	4027
F287_4	M737_4	131	1212	1170	4065
F287_4	M939_4	131	1425	943	3317
F507_4	F118_4	131	1363	411	668
F507_4	F1739_4	131	1245	1168	1917
F507_4	F175_4	131	1269	939	1514
F507_4	F2249_4	131	1328	472	770
F507_4	F2772_4	131	1172	1094	1803
F507_4	F287_4	131	1266	621	1017
F507_4	F807_4	131	1188	217	352
F507_4	M1091_4	131	1127	384	627
F507_4	M1743_4	131	1300	325	500
F507_4	M1928_4	131	1215	559	907
F507_4	M2483_4	131	1268	942	1544
F507_4	M737_4	131	1189	1102	1778
F507_4	M939_4	131	1418	699	1166
F807_4	F118_4	131	1413	164	164
F807_4	F1739_4	131	1430	1189	1189
F807_4	F175_4	131	1253	653	653
F807_4	F2249_4	131	1210	197	197
F807_4	F2772_4	131	1387	1140	1140
F807_4	F287_4	131	1083	293	293
F807_4	F507_4	131	1188	109	109
F807_4	M1091_4	131	1378	221	221
F807_4	M1743_4	131	1217	118	118
F807_4	M1928_4	131	1282	281	281
F807_4	M2483_4	131	1240	612	612
F807_4	M737_4	131	1273	1060	1060
F807_4	M939_4	131	1226	277	277
M1091_4	F118_4	131	1348	262	737
M1091_4	F1739_4	131	1276	1143	3171
M1091_4	F175_4	131	1161	743	2040
M1091_4	F2249_4	131	1305	324	886
M1091_4	F2772_4	131	1155	1030	2862
M1091_4	F287_4	131	1237	446	1243
M1091_4	F507_4	131	1127	166	466
M1091_4	F807_4	131	1378	150	426
M1091_4	M1743_4	131	1241	225	651
M1091_4	M1928_4	131	1324	451	1257
M1091_4	M2483_4	131	1233	761	2191
M1091_4	M737_4	131	1231	1100	3099
M1091_4	M939_4	131	1146	412	1144
M1743_4	F118_4	131	1270	106	106
M1743_4	F1739_4	131	1178	899	899
M1743_4	F175_4	131	1233	463	463
M1743_4	F2249_4	131	1106	122	122
M1743_4	F2772_4	131	1346	952	952
M1743_4	F287_4	131	1161	195	195
M1743_4	F507_4	131	1300	84	84
M1743_4	F807_4	131	1217	57	57
M1743_4	M1091_4	131	1241	144	144
M1743_4	M1928_4	131	1260	209	209
M1743_4	M2483_4	131	1306	513	513
M1743_4	M737_4	131	1257	892	892
M1743_4	M939_4	131	1212	185	185
M1928_4	F118_4	131	1263	1002	1559
M1928_4	F1739_4	131	1248	1235	1923
M1928_4	F175_4	131	1304	1252	1960
M1928_4	F2249_4	131	1286	1075	1687
M1928_4	F2772_4	131	1392	1378	2224
M1928_4	F287_4	131	1237	1103	1722
M1928_4	F507_4	131	1215	842	1312
M1928_4	F807_4	131	1282	786	1184
M1928_4	M1091_4	131	1324	1107	1737
M1928_4	M1743_4	131	1260	919	1452
M1928_4	M2483_4	131	1340	1287	2024
M1928_4	M737_4	131	1263	1248	1968
M1928_4	M939_4	131	1429	1260	1980
M2483_4	F118_4	131	1276	274	1206
M2483_4	F1739_4	131	1164	1063	4431
M2483_4	F175_4	131	1273	857	3621
M2483_4	F2249_4	131	1303	366	1499
M2483_4	F2772_4	131	1217	1114	4699
M2483_4	F287_4	131	1363	543	2371
M2483_4	F507_4	131	1268	194	852
M2483_4	F807_4	131	1240	148	626
M2483_4	M1091_4	131	1233	344	1472
M2483_4	M1743_4	131	1306	258	1062
M2483_4	M1928_4	131	1340	472	2007
M2483_4	M737_4	131	1268	1149	4879
M2483_4	M939_4	131	1284	477	2089
M737_4	F118_4	131	1396	441	477
M737_4	F1739_4	131	1222	1154	1234
M737_4	F175_4	131	1337	1021	1103
M737_4	F2249_4	131	1374	541	586
M737_4	F2772_4	131	1235	1155	1233
M737_4	F287_4	131	1212	633	687
M737_4	F507_4	131	1189	286	304
M737_4	F807_4	131	1273	251	269
M737_4	M1091_4	131	1231	495	539
M737_4	M1743_4	131	1257	358	379
M737_4	M1928_4	131	1263	624	672
M737_4	M2483_4	131	1268	935	1016
M737_4	M939_4	131	1236	636	696
M939_4	F118_4	131	1261	419	541
M939_4	F1739_4	131	1322	1265	1637
M939_4	F175_4	131	1275	1022	1346
M939_4	F2249_4	131	1245	542	710
M939_4	F2772_4	131	1250	1189	1564
M939_4	F287_4	131	1425	841	1099
M939_4	F507_4	131	1418	386	510
M939_4	F807_4	131	1226	274	365
M939_4	M1091_4	131	1146	489	660
M939_4	M1743_4	131	1212	410	516
M939_4	M1928_4	131	1429	769	992
M939_4	M2483_4	131	1284	1049	1358
M939_4	M737_4	131	1236	1182	1539
F2090_4	F2352_4	132	1406	454	454
F2090_4	F583_4	132	1364	150	150
F2090_4	F644_4	132	1141	503	503
F2090_4	F949_4	132	1137	169	169
F2090_4	M1067_4	132	1291	785	785
F2090_4	M1698_4	132	1436	616	616
F2090_4	M2105_4	132	1235	917	917
F2090_4	M2185_4	132	1245	911	911
F2090_4	M2289_4	132	1100	503	503
F2090_4	M276_4	132	1200	134	134
F2090_4	M740_4	132	1236	367	367
F2090_4	M870_4	132	1189	957	957
F2090_4	M892_4	132	1233	46	46
F2352_4	F2090_4	132	1406	19	19
F2352_4	F583_4	132	1315	20	20
F2352_4	F644_4	132	1402	102	102
F2352_4	F949_4	132	1240	25	25
F2352_4	M1067_4	132	1524	213	213
F2352_4	M1698_4	132	1144	98	98
F2352_4	M2105_4	132	1340	342	342
F2352_4	M2185_4	132	1319	293	293
F2352_4	M2289_4	132	1162	112	112
F2352_4	M276_4	132	1167	17	17
F2352_4	M740_4	132	1181	43	43
F2352_4	M870_4	132	1089	334	334
F2352_4	M892_4	132	1354	3	3
F583_4	F2090_4	132	1364	1128	1128
F583_4	F2352_4	132	1315	1257	1257
F583_4	F644_4	132	1270	1229	1229
F583_4	F949_4	132	1351	1244	1244
F583_4	M1067_4	132	1304	1294	1294
F583_4	M1698_4	132	1309	1284	1284
F583_4	M2105_4	132	1234	1229	1229
F583_4	M2185_4	132	1306	1293	1293
F583_4	M2289_4	132	1397	1354	1354
F583_4	M276_4	132	1266	1123	1123
F583_4	M740_4	132	1325	1265	1265
F583_4	M870_4	132	1298	1294	1294
F583_4	M892_4	132	1130	749	749
F644_4	F2090_4	132	1141	317	528
F644_4	F2352_4	132	1402	914	1456
F644_4	F583_4	132	1270	519	859
F644_4	F949_4	132	1165	522	866
F644_4	M1067_4	132	1230	1078	1756
F644_4	M1698_4	132	1154	859	1420
F644_4	M2105_4	132	1145	1080	1785
F644_4	M2185_4	132	1228	1118	1857
F644_4	M2289_4	132	1134	901	1472
F644_4	M276_4	132	1135	420	701
F644_4	M740_4	132	1191	768	1270
F644_4	M870_4	132	1304	1231	2006
F644_4	M892_4	132	1296	168	275
F949_4	F2090_4	132	1137	151	213
F949_4	F2352_4	132	1240	524	730
F949_4	F583_4	132	1351	262	373
F949_4	F644_4	132	1165	609	863
F949_4	M1067_4	132	1274	866	1232
F949_4	M1698_4	132	1368	712	1000
F949_4	M2105_4	132	1326	1101	1552
F949_4	M2185_4	132	1341	1055	1492
F949_4	M2289_4	132	1296	749	1097
F949_4	M276_4	132	1340	248	345
F949_4	M740_4	132	1254	505	734
F949_4	M870_4	132	1225	1055	1532
F949_4	M892_4	132	1229	57	92
M1067_4	F2090_4	132	1291	132	132
M1067_4	F2352_4	132	1524	576	576
M1067_4	F583_4	132	1304	224	224
M1067_4	F644_4	132	1230	577	577
M1067_4	F949_4	132	1274	261	261
M1067_4	M1698_4	132	1250	580	580
M1067_4	M2105_4	132	1413	1135	1135
M1067_4	M2185_4	132	1158	886	886
M1067_4	M2289_4	132	1384	707	707
M1067_4	M276_4	132	1282	197	197
M1067_4	M740_4	132	1402	495	495
M1067_4	M870_4	132	1412	1173	1173
M1067_4	M892_4	132	1246	56	56
M1698_4	F2090_4	132	1436	106	251
M1698_4	F2352_4	132	1144	290	704
M1698_4	F583_4	132	1309	147	367
M1698_4	F644_4	132	1154	401	978
M1698_4	F949_4	132	1368	168	393
M1698_4	M1067_4	132	1250	679	1630
M1698_4	M2105_4	132	1427	988	2370
M1698_4	M2185_4	132	1126	757	1797
M1698_4	M2289_4	132	1346	517	1218
M1698_4	M276_4	132	1244	120	292
M1698_4	M740_4	132	1301	327	786
M1698_4	M870_4	132	1238	929	2233
M1698_4	M892_4	132	1142	29	54
M2105_4	F2090_4	132	1235	31	87
M2105_4	F2352_4	132	1340	145	423
M2105_4	F583_4	132	1234	55	159
M2105_4	F644_4	132	1145	180	572
M2105_4	F949_4	132	1326	67	204
M2105_4	M1067_4	132	1413	356	1072
M2105_4	M1698_4	132	1427	209	632
M2105_4	M2185_4	132	1118	425	1298
M2105_4	M2289_4	132	1217	200	612
M2105_4	M276_4	132	1293	41	132
M2105_4	M740_4	132	1296	117	337
M2105_4	M870_4	132	1199	574	1742
M2105_4	M892_4	132	1207	12	39
M2185_4	F2090_4	132	1245	159	159
M2185_4	F2352_4	132	1319	522	522
M2185_4	F583_4	132	1306	245	245
M2185_4	F644_4	132	1228	661	661
M2185_4	F949_4	132	1341	272	272
M2185_4	M1067_4	132	1158	791	791
M2185_4	M1698_4	132	1126	583	583
M2185_4	M2105_4	132	1118	913	913
M2185_4	M2289_4	132	1270	738	738
M2185_4	M276_4	132	1273	206	206
M2185_4	M740_4	132	1307	517	517
M2185_4	M870_4	132	1175	996	996
M2185_4	M892_4	132	1250	53	53
M2289_4	F2090_4	132	1100	235	516
M2289_4	F2352_4	132	1162	648	1432
M2289_4	F583_4	132	1397	422	954
M2289_4	F644_4	132	1134	752	1674
M2289_4	F949_4	132	1296	413	917
M2289_4	M1067_4	132	1384	1105	2478
M2289_4	M1698_4	132	1346	876	1921
M2289_4	M2105_4	132	1217	1093	2358
M2289_4	M2185_4	132	1270	1112	2423
M2289_4	M276_4	132	1256	346	779
M2289_4	M740_4	132	1330	703	1563
M2289_4	M870_4	132	1156	1040	2287
M2289_4	M892_4	132	1285	81	182
M276_4	F2090_4	132	1200	88	88
M276_4	F2352_4	132	1167	299	299
M276_4	F583_4	132	1266	126	126
M276_4	F644_4	132	1135	403	403
M276_4	F949_4	132	1340	164	164
M276_4	M1067_4	132	1282	652	652
M276_4	M1698_4	132	1244	394	394
M276_4	M2105_4	132	1293	880	880
M276_4	M2185_4	132	1273	829	829
M276_4	M2289_4	132	1256	484	484
M276_4	M740_4	132	1261	297	297
M276_4	M870_4	132	1215	896	896
M276_4	M892_4	132	1240	34	34
M740_4	F2090_4	132	1236	57	166
M740_4	F2352_4	132	1181	231	679
M740_4	F583_4	132	1325	106	310
M740_4	F644_4	132	1191	316	888
M740_4	F949_4	132	1254	108	329
M740_4	M1067_4	132	1402	590	1780
M740_4	M1698_4	132	1301	290	854
M740_4	M2105_4	132	1296	778	2285
M740_4	M2185_4	132	1307	728	2208
M740_4	M2289_4	132	1330	418	1253
M740_4	M276_4	132	1261	67	195
M740_4	M870_4	132	1319	834	2563
M740_4	M892_4	132	1325	17	48
M870_4	F2090_4	132	1189	155	155
M870_4	F2352_4	132	1089	458	458
M870_4	F583_4	132	1298	261	261
M870_4	F644_4	132	1304	702	702
M870_4	F949_4	132	1225	280	280
M870_4	M1067_4	132	1412	1010	1010
M870_4	M1698_4	132	1238	645	645
M870_4	M2105_4	132	1199	1019	1019
M870_4	M2185_4	132	1175	965	965
M870_4	M2289_4	132	1156	702	702
M870_4	M276_4	132	1215	207	207
M870_4	M740_4	132	1319	508	508
M870_4	M892_4	132	1274	75	75
M892_4	F2090_4	132	1233	19	42
M892_4	F2352_4	132	1354	133	360
M892_4	F583_4	132	1130	41	99
M892_4	F644_4	132	1296	198	491
M892_4	F949_4	132	1229	42	108
M892_4	M1067_4	132	1246	308	762
M892_4	M1698_4	132	1142	148	396
M892_4	M2105_4	132	1207	481	1273
M892_4	M2185_4	132	1250	460	1212
M892_4	M2289_4	132	1285	196	519
M892_4	M276_4	132	1240	32	98
M892_4	M740_4	132	1325	112	285
M892_4	M870_4	132	1274	577	1496
F1129_4	F1340_4	133	1230	995	995
F1129_4	F1845_4	133	1279	773	773
F1129_4	F1882_4	133	1395	340	340
F1129_4	F1964_4	133	1165	677	677
F1129_4	F2172_4	133	1355	891	891
F1129_4	F781_4	133	1176	536	536
F1129_4	M1546_4	133	1454	1176	1176
F1129_4	M2004_4	133	1270	414	414
F1129_4	M2407_4	133	1297	381	381
F1129_4	M2515_4	133	1327	193	193
F1129_4	M345_4	133	1192	1084	1084
F1129_4	M738_4	133	1213	794	794
F1129_4	M762_4	133	1338	458	458
F1340_4	F1129_4	133	1230	1069	2097
F1340_4	F1845_4	133	1294	1149	2200
F1340_4	F1882_4	133	1281	826	1577
F1340_4	F1964_4	133	1305	1156	2241
F1340_4	F2172_4	133	1141	1032	1975
F1340_4	F781_4	133	1257	1014	1997
F1340_4	M1546_4	133	1237	1198	2324
F1340_4	M2004_4	133	1236	903	1774
F1340_4	M2407_4	133	1377	947	1835
F1340_4	M2515_4	133	1171	522	965
F1340_4	M345_4	133	1278	1257	2409
F1340_4	M738_4	133	1186	1080	2097
F1340_4	M762_4	133	1331	942	1829
F1845_4	F1129_4	133	1279	548	1107
F1845_4	F1340_4	133	1294	913	1858
F1845_4	F1882_4	133	1385	258	526
F1845_4	F1964_4	133	1263	628	1210
F1845_4	F2172_4	133	1346	701	1387
F1845_4	F781_4	133	1427	494	986
F1845_4	M1546_4	133	1247	926	1905
F1845_4	M2004_4	133	1293	322	668
F1845_4	M2407_4	133	1218	249	507
F1845_4	M2515_4	133	1272	98	202
F1845_4	M345_4	133	1195	1033	2076
F1845_4	M738_4	133	1200	618	1232
F1845_4	M762_4	133	1258	292	587
F1882_4	F1129_4	133	1395	1196	1861
F1882_4	F1340_4	133	1281	1214	1882
F1882_4	F1845_4	133	1385	1239	1915
F1882_4	F1964_4	133	1242	1093	1640
F1882_4	F2172_4	133	1259	1123	1722
F1882_4	F781_4	133	1136	897	1375
F1882_4	M1546_4	133	1285	1227	1927
F1882_4	M2004_4	133	1222	869	1363
F1882_4	M2407_4	133	1451	972	1519
F1882_4	M2515_4	133	1190	500	804
F1882_4	M345_4	133	1375	1352	2074
F1882_4	M738_4	133	1358	1198	1834
F1882_4	M762_4	133	1222	886	1387
F1964_4	F1129_4	133	1165	1135	3897
F1964_4	F1340_4	133	1305	1297	4340
F1964_4	F1845_4	133	1263	1230	4262
F1964_4	F1882_4	133	1242	1112	3858
F1964_4	F2172_4	133	1279	1249	4198
F1964_4	F781_4	133	1259	1221	4144
F1964_4	M1546_4	133	1124	1123	3868
F1964_4	M2004_4	133	1366	1288	4392
F1964_4	M2407_4	133	1322	1236	4198
F1964_4	M2515_4	133	1193	1014	3511
F1964_4	M345_4	133	1265	1264	4294
F1964_4	M738_4	133	1270	1249	4271
F1964_4	M762_4	133	1283	1205	4087
F2172_4	F1129_4	133	1355	1257	2716
F2172_4	F1340_4	133	1141	1112	2459
F2172_4	F1845_4	133	1346	1247	2724
F2172_4	F1882_4	133	1259	949	2111
F2172_4	F1964_4	133	1279	1198	2612
F2172_4	F781_4	133	1168	1049	2329
F2172_4	M1546_4	133	1313	1282	2831
F2172_4	M2004_4	133	1203	1022	2215
F2172_4	M2407_4	133	1182	954	2064
F2172_4	M2515_4	133	1200	703	1549
F2172_4	M345_4	133	1170	1159	2516
F2172_4	M738_4	133	1101	1037	2161
F2172_4	M762_4	133	1177	989	2155
F781_4	F1129_4	133	1176	933	933
F781_4	F1340_4	133	1257	1177	1177
F781_4	F1845_4	133	1427	1151	1151
F781_4	F1882_4	133	1136	616	616
F781_4	F1964_4	133	1259	1064	1064
F781_4	F2172_4	133	1168	979	979
F781_4	M1546_4	133	1162	1058	1058
F781_4	M2004_4	133	1263	776	776
F781_4	M2407_4	133	1526	877	877
F781_4	M2515_4	133	1201	388	388
F781_4	M345_4	133	1123	1091	1091
F781_4	M738_4	133	1178	996	996
F781_4	M762_4	133	1226	740	740
M1546_4	F1129_4	133	1454	690	924
M1546_4	F1340_4	133	1237	942	1269
M1546_4	F1845_4	133	1247	647	863
M1546_4	F1882_4	133	1285	248	334
M1546_4	F1964_4	133	1124	594	813
M1546_4	F2172_4	133	1313	752	1022
M1546_4	F781_4	133	1162	451	624
M1546_4	M2004_4	133	1302	368	494
M1546_4	M2407_4	133	1274	313	423
M1546_4	M2515_4	133	1343	120	153
M1546_4	M345_4	133	1077	971	1290
M1546_4	M738_4	133	1370	794	1079
M1546_4	M762_4	133	1343	394	519
M2004_4	F1129_4	133	1270	688	688
M2004_4	F1340_4	133	1236	993	993
M2004_4	F1845_4	133	1293	773	773
M2004_4	F1882_4	133	1222	276	276
M2004_4	F1964_4	133	1366	809	809
M2004_4	F2172_4	133	1203	768	768
M2004_4	F781_4	133	1263	575	575
M2004_4	M1546_4	133	1302	1051	1051
M2004_4	M2407_4	133	1308	377	377
M2004_4	M2515_4	133	1161	148	148
M2004_4	M345_4	133	1254	1144	1144
M2004_4	M738_4	133	1304	826	826
M2004_4	M762_4	133	1302	434	434
M2407_4	F1129_4	133	1297	412	412
M2407_4	F1340_4	133	1377	836	836
M2407_4	F1845_4	133	1218	432	432
M2407_4	F1882_4	133	1451	162	162
M2407_4	F1964_4	133	1322	501	501
M2407_4	F2172_4	133	1182	450	450
M2407_4	F781_4	133	1526	356	356
M2407_4	M1546_4	133	1274	741	741
M2407_4	M2004_4	133	1308	177	177
M2407_4	M2515_4	133	1259	61	61
M2407_4	M345_4	133	1165	929	929
M2407_4	M738_4	133	1297	537	537
M2407_4	M762_4	133	1389	203	203
M2515_4	F1129_4	133	1327	232	324
M2515_4	F1340_4	133	1171	444	600
M2515_4	F1845_4	133	1272	261	363
M2515_4	F1882_4	133	1190	49	62
M2515_4	F1964_4	133	1193	234	331
M2515_4	F2172_4	133	1200	247	349
M2515_4	F781_4	133	1201	152	221
M2515_4	M1546_4	133	1343	495	675
M2515_4	M2004_4	133	1161	88	112
M2515_4	M2407_4	133	1259	71	111
M2515_4	M345_4	133	1232	734	1042
M2515_4	M738_4	133	1224	233	340
M2515_4	M762_4	133	1329	98	134
M345_4	F1129_4	133	1192	631	1286
M345_4	F1340_4	133	1278	1008	2017
M345_4	F1845_4	133	1195	699	1418
M345_4	F1882_4	133	1375	336	674
M345_4	F1964_4	133	1265	757	1551
M345_4	F2172_4	133	1170	757	1557
M345_4	F781_4	133	1123	492	991
M345_4	M1546_4	133	1077	856	1664
M345_4	M2004_4	133	1254	415	846
M345_4	M2407_4	133	1165	329	675
M345_4	M2515_4	133	1232	161	333
M345_4	M738_4	133	1228	760	1545
M345_4	M762_4	133	1262	429	886
M738_4	F1129_4	133	1213	121	121
M738_4	F1340_4	133	1186	268	268
M738_4	F1845_4	133	1200	129	129
M738_4	F1882_4	133	1358	34	34
M738_4	F1964_4	133	1270	133	133
M738_4	F2172_4	133	1101	140	140
M738_4	F781_4	133	1178	74	74
M738_4	M1546_4	133	1370	359	359
M738_4	M2004_4	133	1304	45	45
M738_4	M2407_4	133	1297	47	47
M738_4	M2515_4	133	1224	14	14
M738_4	M345_4	133	1228	578	578
M738_4	M762_4	133	1406	60	60
M762_4	F1129_4	133	1338	390	1098
M762_4	F1340_4	133	1331	759	2146
M762_4	F1845_4	133	1258	444	1279
M762_4	F1882_4	133	1222	122	364
M762_4	F1964_4	133	1283	446	1221
M762_4	F2172_4	133	1177	487	1314
M762_4	F781_4	133	1226	303	831
M762_4	M1546_4	133	1343	833	2274
M762_4	M2004_4	133	1302	211	553
M762_4	M2407_4	133	1389	181	483
M762_4	M2515_4	133	1329	73	172
M762_4	M345_4	133	1262	1000	2803
M762_4	M738_4	133	1406	530	1487
F1381_4	F1664_4	134	1277	1197	2417
F1381_4	F2303_4	134	1321	615	1223
F1381_4	F2438_4	134	1311	1127	2254
F1381_4	F2452_4	134	1264	959	1955
F1381_4	F2529_4	134	1265	953	1949
F1381_4	F2769_4	134	1268	1072	2194
F1381_4	F365_4	134	1262	860	1747
F1381_4	F586_4	134	1061	271	552
F1381_4	M1578_4	134	1105	717	1513
F1381_4	M2369_4	134	1302	1120	2275
F1381_4	M2697_4	134	1358	1115	2331
F1381_4	M2773_4	134	1197	1159	2289
F1381_4	M993_4	134	1279	652	1319
F1664_4	F1381_4	134	1277	932	3636
F1664_4	F2303_4	134	1228	356	1409
F1664_4	F2438_4	134	1412	1040	4183
F1664_4	F2452_4	134	1278	759	3008
F1664_4	F2529_4	134	1281	808	3065
F1664_4	F2769_4	134	1163	841	3332
F1664_4	F365_4	134	1174	557	2179
F1664_4	F586_4	134	1170	174	667
F1664_4	M1578_4	134	1278	593	2369
F1664_4	M2369_4	134	1181	926	3669
F1664_4	M2697_4	134	1369	928	3616
F1664_4	M2773_4	134	1278	1199	4741
F1664_4	M993_4	134	1291	450	1771
F2303_4	F1381_4	134	1321	1108	1108
F2303_4	F1664_4	134	1228	1159	1159
F2303_4	F2438_4	134	1262	1101	1101
F2303_4	F2452_4	134	1337	1025	1025
F2303_4	F2529_4	134	1343	1035	1035
F2303_4	F2769_4	134	1211	1023	1023
F2303_4	F365_4	134	1275	854	854
F2303_4	F586_4	134	1383	353	353
F2303_4	M1578_4	134	1376	906	906
F2303_4	M2369_4	134	1293	1144	1144
F2303_4	M2697_4	134	1277	1056	1056
F2303_4	M2773_4	134	1262	1219	1219
F2303_4	M993_4	134	1142	613	613
F2438_4	F1381_4	134	1311	995	3144
F2438_4	F1664_4	134	1412	1284	4108
F2438_4	F2303_4	134	1262	435	1407
F2438_4	F2452_4	134	1401	916	2879
F2438_4	F2529_4	134	1147	784	2455
F2438_4	F2769_4	134	1302	1000	3112
F2438_4	F365_4	134	1357	748	2276
F2438_4	F586_4	134	1203	220	678
F2438_4	M1578_4	134	1203	654	2086
F2438_4	M2369_4	134	1081	879	2822
F2438_4	M2697_4	134	1261	948	2980
F2438_4	M2773_4	134	1457	1384	4336
F2438_4	M993_4	134	1167	491	1509
F2452_4	F1381_4	134	1264	1220	1220
F2452_4	F1664_4	134	1278	1259	1259
F2452_4	F2303_4	134	1337	1067	1067
F2452_4	F2438_4	134	1401	1342	1342
F2452_4	F2529_4	134	1180	1084	1084
F2452_4	F2769_4	134	1222	1165	1165
F2452_4	F365_4	134	1197	1050	1050
F2452_4	F586_4	134	1305	772	772
F2452_4	M1578_4	134	1273	1114	1114
F2452_4	M2369_4	134	1231	1184	1184
F2452_4	M2697_4	134	1272	1214	1214
F2452_4	M2773_4	134	1372	1363	1363
F2452_4	M993_4	134	1096	890	890
F2529_4	F1381_4	134	1265	1085	1177
F2529_4	F1664_4	134	1281	1216	1292
F2529_4	F2303_4	134	1343	698	739
F2529_4	F2438_4	134	1147	1015	1092
F2529_4	F2452_4	134	1180	956	1026
F2529_4	F2769_4	134	1158	1016	1085
F2529_4	F365_4	134	1249	882	948
F2529_4	F586_4	134	1241	406	431
F2529_4	M1578_4	134	1575	1093	1186
F2529_4	M2369_4	134	1352	1209	1295
F2529_4	M2697_4	134	1239	1055	1132
F2529_4	M2773_4	134	1243	1215	1281
F2529_4	M993_4	134	1234	725	767
F2769_4	F1381_4	134	1268	1074	1074
F2769_4	F1664_4	134	1163	1099	1099
F2769_4	F2303_4	134	1211	515	515
F2769_4	F2438_4	134	1302	1090	1090
F2769_4	F2452_4	134	1222	909	909
F2769_4	F2529_4	134	1158	883	883
F2769_4	F365_4	134	1231	824	824
F2769_4	F586_4	134	1331	317	317
F2769_4	M1578_4	134	1293	823	823
F2769_4	M2369_4	134	1162	971	971
F2769_4	M2697_4	134	1226	1006	1006
F2769_4	M2773_4	134	1277	1241	1241
F2769_4	M993_4	134	1217	614	614
F365_4	F1381_4	134	1262	1235	2883
F365_4	F1664_4	134	1174	1165	2748
F365_4	F2303_4	134	1275	1116	2622
F365_4	F2438_4	134	1357	1334	3097
F365_4	F2452_4	134	1197	1159	2685
F365_4	F2529_4	134	1249	1217	2886
F365_4	F2769_4	134	1231	1195	2805
F365_4	F586_4	134	1280	966	2288
F365_4	M1578_4	134	1351	1266	2997
F365_4	M2369_4	134	1348	1321	3047
F365_4	M2697_4	134	1251	1228	2919
F365_4	M2773_4	134	1357	1352	3248
F365_4	M993_4	134	1180	1058	2412
F586_4	F1381_4	134	1061	816	820
F586_4	F1664_4	134	1170	1054	1062
F586_4	F2303_4	134	1383	454	459
F586_4	F2438_4	134	1203	928	936
F586_4	F2452_4	134	1305	852	861
F586_4	F2529_4	134	1241	853	868
F586_4	F2769_4	134	1331	1020	1035
F586_4	F365_4	134	1280	699	710
F586_4	M1578_4	134	1275	715	722
F586_4	M2369_4	134	1288	1025	1038
F586_4	M2697_4	134	1289	963	976
F586_4	M2773_4	134	1322	1262	1275
F586_4	M993_4	134	1260	493	498
M1578_4	F1381_4	134	1105	459	459
M1578_4	F1664_4	134	1278	830	830
M1578_4	F2303_4	134	1376	136	136
M1578_4	F2438_4	134	1203	470	470
M1578_4	F2452_4	134	1273	348	348
M1578_4	F2529_4	134	1575	487	487
M1578_4	F2769_4	134	1293	517	517
M1578_4	F365_4	134	1351	271	271
M1578_4	F586_4	134	1275	60	60
M1578_4	M2369_4	134	1221	566	566
M1578_4	M2697_4	134	1333	483	483
M1578_4	M2773_4	134	1318	1054	1054
M1578_4	M993_4	134	1291	165	165
M2369_4	F1381_4	134	1302	1199	2537
M2369_4	F1664_4	134	1181	1153	2431
M2369_4	F2303_4	134	1293	854	1882
M2369_4	F2438_4	134	1081	1002	2175
M2369_4	F2452_4	134	1231	1047	2186
M2369_4	F2529_4	134	1352	1179	2502
M2369_4	F2769_4	134	1162	1079	2283
M2369_4	F365_4	134	1348	1099	2288
M2369_4	F586_4	134	1288	592	1213
M2369_4	M1578_4	134	1221	971	2028
M2369_4	M2697_4	134	1086	991	2084
M2369_4	M2773_4	134	1198	1180	2499
M2369_4	M993_4	134	1195	835	1805
M2697_4	F1381_4	134	1358	929	929
M2697_4	F1664_4	134	1369	1157	1157
M2697_4	F2303_4	134	1277	292	292
M2697_4	F2438_4	134	1261	865	865
M2697_4	F2452_4	134	1272	681	681
M2697_4	F2529_4	134	1239	677	677
M2697_4	F2769_4	134	1226	807	807
M2697_4	F365_4	134	1251	548	548
M2697_4	F586_4	134	1289	143	143
M2697_4	M1578_4	134	1333	548	548
M2697_4	M2369_4	134	1086	762	762
M2697_4	M2773_4	134	1309	1207	1207
M2697_4	M993_4	134	1309	421	421
M2773_4	F1381_4	134	1197	904	904
M2773_4	F1664_4	134	1278	1137	1137
M2773_4	F2303_4	134	1262	379	379
M2773_4	F2438_4	134	1457	1108	1108
M2773_4	F2452_4	134	1372	875	875
M2773_4	F2529_4	134	1243	768	768
M2773_4	F2769_4	134	1277	912	912
M2773_4	F365_4	134	1357	682	682
M2773_4	F586_4	134	1322	196	196
M2773_4	M1578_4	134	1318	641	641
M2773_4	M2369_4	134	1198	935	935
M2773_4	M2697_4	134	1309	906	906
M2773_4	M993_4	134	1153	426	426
M993_4	F1381_4	134	1279	864	864
M993_4	F1664_4	134	1291	1115	1115
M993_4	F2303_4	134	1142	280	280
M993_4	F2438_4	134	1167	819	819
M993_4	F2452_4	134	1096	595	595
M993_4	F2529_4	134	1234	681	681
M993_4	F2769_4	134	1217	833	833
M993_4	F365_4	134	1180	476	476
M993_4	F586_4	134	1260	172	172
M993_4	M1578_4	134	1291	521	521
M993_4	M2369_4	134	1195	864	864
M993_4	M2697_4	134	1309	838	838
M993_4	M2773_4	134	1153	1058	1058
F1112_4	F1448_4	135	1302	148	148
F1112_4	F2231_4	135	1358	923	923
F1112_4	F2393_4	135	1184	655	655
F1112_4	F479_4	135	1207	46	46
F1112_4	F685_4	135	1195	380	380
F1112_4	M102_4	135	1279	157	157
F1112_4	M1231_4	135	1243	738	738
F1112_4	M1795_4	135	1331	393	393
F1112_4	M2340_4	135	1348	483	483
F1112_4	M2378_4	135	1233	120	120
F1112_4	M2487_4	135	1262	407	407
F1112_4	M324_4	135	1391	44	44
F1112_4	M330_4	135	1421	42	42
F1448_4	F1112_4	135	1302	192	192
F1448_4	F2231_4	135	1246	1150	1150
F1448_4	F2393_4	135	1295	1150	1150
F1448_4	F479_4	135	1142	215	215
F1448_4	F685_4	135	1297	945	945
F1448_4	M102_4	135	1307	528	528
F1448_4	M1231_4	135	1407	1272	1272
F1448_4	M1795_4	135	1262	875	875
F1448_4	M2340_4	135	1229	935	935
F1448_4	M2378_4	135	1263	488	488
F1448_4	M2487_4	135	1310	961	961
F1448_4	M324_4	135	1223	217	217
F1448_4	M330_4	135	1133	150	150
F2231_4	F1112_4	135	1358	244	477
F2231_4	F1448_4	135	1246	590	1179
F2231_4	F2393_4	135	1206	1092	2137
F2231_4	F479_4	135	1366	311	620
F2231_4	F685_4	135	1152	869	1682
F2231_4	M102_4	135	1275	631	1298
F2231_4	M1231_4	135	1529	1411	2783
F2231_4	M1795_4	135	1439	1078	2110
F2231_4	M2340_4	135	1188	973	1964
F2231_4	M2378_4	135	1289	586	1177
F2231_4	M2487_4	135	1282	991	1975
F2231_4	M324_4	135	1328	254	513
F2231_4	M330_4	135	1216	204	398
F2393_4	F1112_4	135	1184	195	254
F2393_4	F1448_4	135	1295	565	699
F2393_4	F2231_4	135	1206	1106	1394
F2393_4	F479_4	135	1142	217	274
F2393_4	F685_4	135	1252	939	1160
F2393_4	M102_4	135	1393	619	779
F2393_4	M1231_4	135	1365	1236	1537
F2393_4	M1795_4	135	1317	911	1133
F2393_4	M2340_4	135	1190	923	1207
F2393_4	M2378_4	135	1355	525	663
F2393_4	M2487_4	135	1280	955	1197
F2393_4	M324_4	135	1201	210	255
F2393_4	M330_4	135	1296	202	250
F479_4	F1112_4	135	1207	335	335
F479_4	F1448_4	135	1142	719	719
F479_4	F2231_4	135	1366	1321	1321
F479_4	F2393_4	135	1142	1097	1097
F479_4	F685_4	135	1180	1011	1011
F479_4	M102_4	135	1286	825	825
F479_4	M1231_4	135	1424	1367	1367
F479_4	M1795_4	135	1299	1078	1078
F479_4	M2340_4	135	1305	1174	1174
F479_4	M2378_4	135	1301	779	779
F479_4	M2487_4	135	1212	1053	1053
F479_4	M324_4	135	1486	482	482
F479_4	M330_4	135	1184	304	304
F685_4	F1112_4	135	1195	36	95
F685_4	F1448_4	135	1297	131	339
F685_4	F2231_4	135	1152	739	1893
F685_4	F2393_4	135	1252	636	1690
F685_4	F479_4	135	1180	32	91
F685_4	M102_4	135	1271	109	304
F685_4	M1231_4	135	1379	805	2149
F685_4	M1795_4	135	1360	339	919
F685_4	M2340_4	135	1243	412	1086
F685_4	M2378_4	135	1207	84	233
F685_4	M2487_4	135	1336	383	1029
F685_4	M324_4	135	1252	43	122
F685_4	M330_4	135	1213	39	108
M102_4	F1112_4	135	1279	540	949
M102_4	F1448_4	135	1307	1016	1887
M102_4	F2231_4	135	1275	1257	2321
M102_4	F2393_4	135	1393	1344	2442
M102_4	F479_4	135	1286	583	1088
M102_4	F685_4	135	1271	1146	2150
M102_4	M1231_4	135	1182	1146	2166
M102_4	M1795_4	135	1176	1065	1991
M102_4	M2340_4	135	1203	1127	2074
M102_4	M2378_4	135	1256	911	1662
M102_4	M2487_4	135	1177	1086	1990
M102_4	M324_4	135	1232	591	1067
M102_4	M330_4	135	1102	472	885
M1231_4	F1112_4	135	1243	1041	1041
M1231_4	F1448_4	135	1407	1342	1342
M1231_4	F2231_4	135	1529	1526	1526
M1231_4	F2393_4	135	1365	1361	1361
M1231_4	F479_4	135	1424	1220	1220
M1231_4	F685_4	135	1379	1354	1354
M1231_4	M102_4	135	1182	1112	1112
M1231_4	M1795_4	135	1262	1236	1236
M1231_4	M2340_4	135	1276	1267	1267
M1231_4	M2378_4	135	1197	1134	1134
M1231_4	M2487_4	135	1275	1261	1261
M1231_4	M324_4	135	1307	1126	1126
M1231_4	M330_4	135	1370	1138	1138
M1795_4	F1112_4	135	1331	17	33
M1795_4	F1448_4	135	1262	80	178
M1795_4	F2231_4	135	1439	698	1478
M1795_4	F2393_4	135	1317	488	1023
M1795_4	F479_4	135	1299	18	43
M1795_4	F685_4	135	1360	218	439
M1795_4	M102_4	135	1176	51	96
M1795_4	M1231_4	135	1262	536	1125
M1795_4	M2340_4	135	1426	323	665
M1795_4	M2378_4	135	1194	53	112
M1795_4	M2487_4	135	1324	251	542
M1795_4	M324_4	135	1205	26	50
M1795_4	M330_4	135	1179	20	40
M2340_4	F1112_4	135	1348	411	411
M2340_4	F1448_4	135	1229	846	846
M2340_4	F2231_4	135	1188	1152	1152
M2340_4	F2393_4	135	1190	1137	1137
M2340_4	F479_4	135	1305	492	492
M2340_4	F685_4	135	1243	1073	1073
M2340_4	M102_4	135	1203	762	762
M2340_4	M1231_4	135	1276	1214	1214
M2340_4	M1795_4	135	1426	1232	1232
M2340_4	M2378_4	135	1299	840	840
M2340_4	M2487_4	135	1477	1300	1300
M2340_4	M324_4	135	1344	472	472
M2340_4	M330_4	135	1117	376	376
M2378_4	F1112_4	135	1233	843	843
M2378_4	F1448_4	135	1263	1117	1117
M2378_4	F2231_4	135	1289	1280	1280
M2378_4	F2393_4	135	1355	1336	1336
M2378_4	F479_4	135	1301	945	945
M2378_4	F685_4	135	1207	1173	1173
M2378_4	M102_4	135	1256	1117	1117
M2378_4	M1231_4	135	1197	1183	1183
M2378_4	M1795_4	135	1194	1154	1154
M2378_4	M2340_4	135	1299	1277	1277
M2378_4	M2487_4	135	1284	1244	1244
M2378_4	M324_4	135	1278	913	913
M2378_4	M330_4	135	1145	762	762
M2487_4	F1112_4	135	1262	170	464
M2487_4	F1448_4	135	1310	524	1313
M2487_4	F2231_4	135	1282	1146	2862
M2487_4	F2393_4	135	1280	1100	2844
M2487_4	F479_4	135	1212	187	495
M2487_4	F685_4	135	1336	904	2274
M2487_4	M102_4	135	1177	437	1091
M2487_4	M1231_4	135	1275	1145	2859
M2487_4	M1795_4	135	1324	874	2232
M2487_4	M2340_4	135	1477	1120	2811
M2487_4	M2378_4	135	1284	447	1147
M2487_4	M324_4	135	1093	166	397
M2487_4	M330_4	135	1282	154	382
M324_4	F1112_4	135	1391	1210	1210
M324_4	F1448_4	135	1223	1181	1181
M324_4	F2231_4	135	1328	1322	1322
M324_4	F2393_4	135	1201	1198	1198
M324_4	F479_4	135	1486	1340	1340
M324_4	F685_4	135	1252	1244	1244
M324_4	M102_4	135	1232	1181	1181
M324_4	M1231_4	135	1307	1303	1303
M324_4	M1795_4	135	1205	1195	1195
M324_4	M2340_4	135	1344	1336	1336
M324_4	M2378_4	135	1278	1233	1233
M324_4	M2487_4	135	1093	1078	1078
M324_4	M330_4	135	1330	1152	1152
M330_4	F1112_4	135	1421	94	94
M330_4	F1448_4	135	1133	257	257
M330_4	F2231_4	135	1216	1006	1006
M330_4	F2393_4	135	1296	997	997
M330_4	F479_4	135	1184	105	105
M330_4	F685_4	135	1213	637	637
M330_4	M102_4	135	1102	265	265
M330_4	M1231_4	135	1370	1063	1063
M330_4	M1795_4	135	1179	548	548
M330_4	M2340_4	135	1117	666	666
M330_4	M2378_4	135	1145	243	243
M330_4	M2487_4	135	1282	646	646
M330_4	M324_4	135	1330	105	105
F1098_4	F1509_4	136	1216	64	134
F1098_4	F1546_4	136	1311	497	1047
F1098_4	F1929_4	136	1260	1117	2407
F1098_4	F206_4	136	1349	653	1408
F1098_4	F2763_4	136	1310	378	801
F1098_4	F340_4	136	1275	1056	2234
F1098_4	F399_4	136	1320	588	1239
F1098_4	F814_4	136	1226	765	1624
F1098_4	F961_4	136	1363	474	977
F1098_4	M1001_4	136	1282	119	276
F1098_4	M2382_4	136	1082	720	1505
F1098_4	M2593_4	136	1238	244	496
F1098_4	M609_4	136	1370	448	945
F1509_4	F1098_4	136	1216	755	755
F1509_4	F1546_4	136	1315	786	786
F1509_4	F1929_4	136	1396	1322	1322
F1509_4	F206_4	136	1322	969	969
F1509_4	F2763_4	136	1202	623	623
F1509_4	F340_4	136	1293	1210	1210
F1509_4	F399_4	136	1307	866	866
F1509_4	F814_4	136	1320	1071	1071
F1509_4	F961_4	136	1369	801	801
F1509_4	M1001_4	136	1307	314	314
F1509_4	M2382_4	136	1287	1075	1075
F1509_4	M2593_4	136	1213	514	514
F1509_4	M609_4	136	1207	697	697
F1546_4	F1098_4	136	1311	327	327
F1546_4	F1509_4	136	1315	41	41
F1546_4	F1929_4	136	1231	961	961
F1546_4	F206_4	136	1159	418	418
F1546_4	F2763_4	136	1253	230	230
F1546_4	F340_4	136	1218	942	942
F1546_4	F399_4	136	1228	375	375
F1546_4	F814_4	136	1310	679	679
F1546_4	F961_4	136	1268	309	309
F1546_4	M1001_4	136	1120	61	61
F1546_4	M2382_4	136	1218	674	674
F1546_4	M2593_4	136	1261	182	182
F1546_4	M609_4	136	1323	324	324
F1929_4	F1098_4	136	1260	134	355
F1929_4	F1509_4	136	1396	22	52
F1929_4	F1546_4	136	1231	129	333
F1929_4	F206_4	136	1300	224	521
F1929_4	F2763_4	136	1161	96	247
F1929_4	F340_4	136	1265	655	1639
F1929_4	F399_4	136	1164	165	418
F1929_4	F814_4	136	1229	313	782
F1929_4	F961_4	136	1280	128	328
F1929_4	M1001_4	136	1347	33	84
F1929_4	M2382_4	136	1157	370	937
F1929_4	M2593_4	136	1278	67	163
F1929_4	M609_4	136	1333	140	344
F206_4	F1098_4	136	1349	216	556
F206_4	F1509_4	136	1322	26	65
F206_4	F1546_4	136	1159	161	406
F206_4	F1929_4	136	1300	911	2287
F206_4	F2763_4	136	1215	142	378
F206_4	F340_4	136	1135	715	1829
F206_4	F399_4	136	1288	262	665
F206_4	F814_4	136	1275	449	1125
F206_4	F961_4	136	1210	189	499
F206_4	M1001_4	136	1268	45	136
F206_4	M2382_4	136	1358	535	1362
F206_4	M2593_4	136	1349	118	299
F206_4	M609_4	136	1274	200	491
F2763_4	F1098_4	136	1310	288	612
F2763_4	F1509_4	136	1202	42	100
F2763_4	F1546_4	136	1253	282	617
F2763_4	F1929_4	136	1161	908	2015
F2763_4	F206_4	136	1215	382	824
F2763_4	F340_4	136	1310	977	2115
F2763_4	F399_4	136	1282	379	792
F2763_4	F814_4	136	1244	558	1227
F2763_4	F961_4	136	1343	313	716
F2763_4	M1001_4	136	1169	76	169
F2763_4	M2382_4	136	1196	573	1290
F2763_4	M2593_4	136	1304	137	299
F2763_4	M609_4	136	1104	239	550
F340_4	F1098_4	136	1275	292	1465
F340_4	F1509_4	136	1293	30	160
F340_4	F1546_4	136	1218	229	1236
F340_4	F1929_4	136	1265	981	4950
F340_4	F206_4	136	1135	360	1796
F340_4	F2763_4	136	1310	211	1086
F340_4	F399_4	136	1204	311	1548
F340_4	F814_4	136	1305	591	2970
F340_4	F961_4	136	1193	234	1159
F340_4	M1001_4	136	1256	73	371
F340_4	M2382_4	136	1343	626	3144
F340_4	M2593_4	136	1080	104	519
F340_4	M609_4	136	1294	270	1373
F399_4	F1098_4	136	1320	220	235
F399_4	F1509_4	136	1307	25	26
F399_4	F1546_4	136	1228	220	235
F399_4	F1929_4	136	1164	794	858
F399_4	F206_4	136	1288	331	361
F399_4	F2763_4	136	1282	162	173
F399_4	F340_4	136	1204	795	860
F399_4	F814_4	136	1379	482	505
F399_4	F961_4	136	1203	179	191
F399_4	M1001_4	136	1143	39	41
F399_4	M2382_4	136	1343	568	613
F399_4	M2593_4	136	1121	94	105
F399_4	M609_4	136	1266	194	214
F814_4	F1098_4	136	1226	60	98
F814_4	F1509_4	136	1320	12	18
F814_4	F1546_4	136	1310	90	129
F814_4	F1929_4	136	1229	526	749
F814_4	F206_4	136	1275	131	192
F814_4	F2763_4	136	1244	61	85
F814_4	F340_4	136	1305	499	734
F814_4	F399_4	136	1379	128	194
F814_4	F961_4	136	1178	65	94
F814_4	M1001_4	136	1275	14	22
F814_4	M2382_4	136	1374	272	396
F814_4	M2593_4	136	1237	40	56
F814_4	M609_4	136	1243	81	122
F961_4	F1098_4	136	1363	389	551
F961_4	F1509_4	136	1369	72	107
F961_4	F1546_4	136	1268	413	586
F961_4	F1929_4	136	1280	1068	1538
F961_4	F206_4	136	1210	490	723
F961_4	F2763_4	136	1343	288	405
F961_4	F340_4	136	1193	938	1326
F961_4	F399_4	136	1203	430	605
F961_4	F814_4	136	1178	626	899
F961_4	M1001_4	136	1202	83	116
F961_4	M2382_4	136	1136	645	902
F961_4	M2593_4	136	1319	182	248
F961_4	M609_4	136	1331	383	551
M1001_4	F1098_4	136	1282	941	941
M1001_4	F1509_4	136	1307	287	287
M1001_4	F1546_4	136	1120	843	843
M1001_4	F1929_4	136	1347	1303	1303
M1001_4	F206_4	136	1268	1058	1058
M1001_4	F2763_4	136	1169	761	761
M1001_4	F340_4	136	1256	1206	1206
M1001_4	F399_4	136	1143	904	904
M1001_4	F814_4	136	1275	1138	1138
M1001_4	F961_4	136	1202	892	892
M1001_4	M2382_4	136	1333	1193	1193
M1001_4	M2593_4	136	1179	640	640
M1001_4	M609_4	136	1239	909	909
M2382_4	F1098_4	136	1082	456	570
M2382_4	F1509_4	136	1287	95	120
M2382_4	F1546_4	136	1218	559	733
M2382_4	F1929_4	136	1157	1051	1306
M2382_4	F206_4	136	1358	786	1014
M2382_4	F2763_4	136	1196	388	488
M2382_4	F340_4	136	1343	1178	1465
M2382_4	F399_4	136	1343	689	868
M2382_4	F814_4	136	1374	958	1230
M2382_4	F961_4	136	1136	458	578
M2382_4	M1001_4	136	1333	169	217
M2382_4	M2593_4	136	1273	346	458
M2382_4	M609_4	136	1266	522	669
M2593_4	F1098_4	136	1238	203	401
M2593_4	F1509_4	136	1213	26	49
M2593_4	F1546_4	136	1261	232	499
M2593_4	F1929_4	136	1278	880	1857
M2593_4	F206_4	136	1349	346	687
M2593_4	F2763_4	136	1304	160	351
M2593_4	F340_4	136	1080	691	1487
M2593_4	F399_4	136	1121	287	579
M2593_4	F814_4	136	1237	460	930
M2593_4	F961_4	136	1319	218	464
M2593_4	M1001_4	136	1179	46	97
M2593_4	M2382_4	136	1273	544	1122
M2593_4	M609_4	136	1175	217	427
M609_4	F1098_4	136	1370	1111	1111
M609_4	F1509_4	136	1207	430	430
M609_4	F1546_4	136	1323	1102	1102
M609_4	F1929_4	136	1333	1315	1315
M609_4	F206_4	136	1274	1097	1097
M609_4	F2763_4	136	1104	842	842
M609_4	F340_4	136	1294	1264	1264
M609_4	F399_4	136	1266	1091	1091
M609_4	F814_4	136	1243	1157	1157
M609_4	F961_4	136	1331	1072	1072
M609_4	M1001_4	136	1239	568	568
M609_4	M2382_4	136	1266	1168	1168
M609_4	M2593_4	136	1175	782	782
F1528_4	F1630_4	137	1064	163	202
F1528_4	F2754_4	137	1205	299	393
F1528_4	F29_4	137	1285	1082	1356
F1528_4	F398_4	137	1345	457	586
F1528_4	M1215_4	137	1309	1202	1490
F1528_4	M1522_4	137	1210	218	273
F1528_4	M1941_4	137	1317	91	122
F1528_4	M1964_4	137	1230	695	870
F1528_4	M2098_4	137	1410	1151	1426
F1528_4	M2525_4	137	1316	68	84
F1528_4	M2597_4	137	1243	457	568
F1528_4	M553_4	137	1335	589	753
F1528_4	M682_4	137	1254	338	436
F1630_4	F1528_4	137	1064	809	809
F1630_4	F2754_4	137	1176	245	245
F1630_4	F29_4	137	1225	927	927
F1630_4	F398_4	137	1327	346	346
F1630_4	M1215_4	137	1273	1160	1160
F1630_4	M1522_4	137	1219	189	189
F1630_4	M1941_4	137	1416	82	82
F1630_4	M1964_4	137	1403	713	713
F1630_4	M2098_4	137	1335	1008	1008
F1630_4	M2525_4	137	1127	56	56
F1630_4	M2597_4	137	1384	449	449
F1630_4	M553_4	137	1287	487	487
F1630_4	M682_4	137	1224	313	313
F2754_4	F1528_4	137	1205	1011	2665
F2754_4	F1630_4	137	1176	211	576
F2754_4	F29_4	137	1145	978	2570
F2754_4	F398_4	137	1313	487	1285
F2754_4	M1215_4	137	1300	1225	3199
F2754_4	M1522_4	137	1344	276	748
F2754_4	M1941_4	137	1356	120	319
F2754_4	M1964_4	137	1270	795	2066
F2754_4	M2098_4	137	1325	1118	2965
F2754_4	M2525_4	137	1115	76	224
F2754_4	M2597_4	137	1168	481	1334
F2754_4	M553_4	137	1244	635	1702
F2754_4	M682_4	137	1473	482	1249
F29_4	F1528_4	137	1285	562	562
F29_4	F1630_4	137	1225	54	54
F29_4	F2754_4	137	1145	72	72
F29_4	F398_4	137	1332	126	126
F29_4	M1215_4	137	1251	856	856
F29_4	M1522_4	137	1342	58	58
F29_4	M1941_4	137	1237	15	15
F29_4	M1964_4	137	1171	233	233
F29_4	M2098_4	137	1299	569	569
F29_4	M2525_4	137	1271	16	16
F29_4	M2597_4	137	1290	166	166
F29_4	M553_4	137	1257	150	150
F29_4	M682_4	137	1224	81	81
F398_4	F1528_4	137	1345	655	655
F398_4	F1630_4	137	1327	57	57
F398_4	F2754_4	137	1313	113	113
F398_4	F29_4	137	1332	725	725
F398_4	M1215_4	137	1404	1045	1045
F398_4	M1522_4	137	1347	81	81
F398_4	M1941_4	137	1353	19	19
F398_4	M1964_4	137	1149	281	281
F398_4	M2098_4	137	1278	638	638
F398_4	M2525_4	137	1452	23	23
F398_4	M2597_4	137	1126	131	131
F398_4	M553_4	137	1205	203	203
F398_4	M682_4	137	1231	103	103
M1215_4	F1528_4	137	1309	1039	1039
M1215_4	F1630_4	137	1273	187	187
M1215_4	F2754_4	137	1300	333	333
M1215_4	F29_4	137	1251	1031	1031
M1215_4	F398_4	137	1404	442	442
M1215_4	M1522_4	137	1131	159	159
M1215_4	M1941_4	137	1287	74	74
M1215_4	M1964_4	137	1257	693	693
M1215_4	M2098_4	137	1383	1123	1123
M1215_4	M2525_4	137	1454	53	53
M1215_4	M2597_4	137	1378	523	523
M1215_4	M553_4	137	1132	503	503
M1215_4	M682_4	137	1227	313	313
M1522_4	F1528_4	137	1210	1030	3665
M1522_4	F1630_4	137	1219	266	957
M1522_4	F2754_4	137	1344	405	1455
M1522_4	F29_4	137	1342	1137	4019
M1522_4	F398_4	137	1347	524	1733
M1522_4	M1215_4	137	1131	1079	3752
M1522_4	M1941_4	137	1308	120	417
M1522_4	M1964_4	137	1245	819	2903
M1522_4	M2098_4	137	1363	1153	3964
M1522_4	M2525_4	137	1220	85	300
M1522_4	M2597_4	137	1246	544	1890
M1522_4	M553_4	137	1349	701	2395
M1522_4	M682_4	137	1278	436	1540
M1941_4	F1528_4	137	1317	756	2298
M1941_4	F1630_4	137	1416	98	314
M1941_4	F2754_4	137	1356	140	435
M1941_4	F29_4	137	1237	736	2299
M1941_4	F398_4	137	1353	169	552
M1941_4	M1215_4	137	1287	1014	3267
M1941_4	M1522_4	137	1308	77	234
M1941_4	M1964_4	137	1339	404	1215
M1941_4	M2098_4	137	1304	739	2322
M1941_4	M2525_4	137	1327	23	72
M1941_4	M2597_4	137	1164	170	536
M1941_4	M553_4	137	1230	219	677
M1941_4	M682_4	137	1151	120	401
M1964_4	F1528_4	137	1230	842	1778
M1964_4	F1630_4	137	1403	120	267
M1964_4	F2754_4	137	1270	160	353
M1964_4	F29_4	137	1171	855	1831
M1964_4	F398_4	137	1149	227	506
M1964_4	M1215_4	137	1257	1085	2350
M1964_4	M1522_4	137	1245	115	222
M1964_4	M1941_4	137	1339	40	74
M1964_4	M2098_4	137	1299	908	1993
M1964_4	M2525_4	137	1135	38	86
M1964_4	M2597_4	137	1227	314	671
M1964_4	M553_4	137	1260	380	818
M1964_4	M682_4	137	1293	231	501
M2098_4	F1528_4	137	1410	604	604
M2098_4	F1630_4	137	1335	41	41
M2098_4	F2754_4	137	1325	74	74
M2098_4	F29_4	137	1299	656	656
M2098_4	F398_4	137	1278	118	118
M2098_4	M1215_4	137	1383	918	918
M2098_4	M1522_4	137	1363	47	47
M2098_4	M1941_4	137	1304	13	13
M2098_4	M1964_4	137	1299	261	261
M2098_4	M2525_4	137	1236	13	13
M2098_4	M2597_4	137	1447	154	154
M2098_4	M553_4	137	1203	152	152
M2098_4	M682_4	137	1281	76	76
M2525_4	F1528_4	137	1316	1031	2859
M2525_4	F1630_4	137	1127	160	470
M2525_4	F2754_4	137	1115	293	793
M2525_4	F29_4	137	1271	1048	2962
M2525_4	F398_4	137	1452	420	1177
M2525_4	M1215_4	137	1454	1335	3672
M2525_4	M1522_4	137	1220	188	530
M2525_4	M1941_4	137	1327	86	252
M2525_4	M1964_4	137	1135	647	1789
M2525_4	M2098_4	137	1236	966	2702
M2525_4	M2597_4	137	1057	370	1046
M2525_4	M553_4	137	1275	484	1387
M2525_4	M682_4	137	1218	298	847
M2597_4	F1528_4	137	1243	1065	2345
M2597_4	F1630_4	137	1384	284	613
M2597_4	F2754_4	137	1168	372	815
M2597_4	F29_4	137	1290	1126	2502
M2597_4	F398_4	137	1126	411	892
M2597_4	M1215_4	137	1378	1289	2796
M2597_4	M1522_4	137	1246	260	537
M2597_4	M1941_4	137	1164	100	214
M2597_4	M1964_4	137	1227	792	1740
M2597_4	M2098_4	137	1447	1196	2627
M2597_4	M2525_4	137	1057	63	137
M2597_4	M553_4	137	1258	636	1350
M2597_4	M682_4	137	1192	386	807
M553_4	F1528_4	137	1335	732	1005
M553_4	F1630_4	137	1287	57	74
M553_4	F2754_4	137	1244	128	165
M553_4	F29_4	137	1257	752	970
M553_4	F398_4	137	1205	131	176
M553_4	M1215_4	137	1132	873	1158
M553_4	M1522_4	137	1349	70	93
M553_4	M1941_4	137	1230	21	28
M553_4	M1964_4	137	1260	349	470
M553_4	M2098_4	137	1203	655	869
M553_4	M2525_4	137	1275	24	31
M553_4	M2597_4	137	1258	180	227
M553_4	M682_4	137	1245	117	152
M682_4	F1528_4	137	1254	1244	4845
M682_4	F1630_4	137	1224	993	3820
M682_4	F2754_4	137	1473	1329	4962
M682_4	F29_4	137	1224	1206	4556
M682_4	F398_4	137	1231	1124	4226
M682_4	M1215_4	137	1227	1218	4642
M682_4	M1522_4	137	1278	1068	4101
M682_4	M1941_4	137	1151	723	2826
M682_4	M1964_4	137	1293	1261	4786
M682_4	M2098_4	137	1281	1267	4802
M682_4	M2525_4	137	1218	696	2621
M682_4	M2597_4	137	1192	1119	4227
M682_4	M553_4	137	1245	1179	4494
F1242_4	F1682_4	138	1383	977	977
F1242_4	F1795_4	138	1198	737	737
F1242_4	F2472_4	138	1287	1167	1167
F1242_4	F324_4	138	1341	1253	1253
F1242_4	F585_4	138	1160	1018	1018
F1242_4	F831_4	138	1217	1198	1198
F1242_4	M1189_4	138	1188	1155	1155
F1242_4	M1368_4	138	1325	663	663
F1242_4	M1824_4	138	1408	1060	1060
F1242_4	M2312_4	138	1352	1331	1331
F1242_4	M2440_4	138	1316	682	682
F1242_4	M529_4	138	1347	1333	1333
F1242_4	M607_4	138	1241	962	962
F1682_4	F1242_4	138	1383	36	36
F1682_4	F1795_4	138	1302	15	15
F1682_4	F2472_4	138	1278	100	100
F1682_4	F324_4	138	1359	155	155
F1682_4	F585_4	138	1349	94	94
F1682_4	F831_4	138	1204	475	475
F1682_4	M1189_4	138	1285	279	279
F1682_4	M1368_4	138	1493	14	14
F1682_4	M1824_4	138	1237	39	39
F1682_4	M2312_4	138	1326	353	353
F1682_4	M2440_4	138	1212	11	11
F1682_4	M529_4	138	1233	762	762
F1682_4	M607_4	138	1229	38	38
F1795_4	F1242_4	138	1198	216	472
F1795_4	F1682_4	138	1302	190	429
F1795_4	F2472_4	138	1237	459	1016
F1795_4	F324_4	138	1230	585	1284
F1795_4	F585_4	138	1281	441	1011
F1795_4	F831_4	138	1197	971	2157
F1795_4	M1189_4	138	1295	814	1888
F1795_4	M1368_4	138	1301	66	159
F1795_4	M1824_4	138	1241	208	443
F1795_4	M2312_4	138	1236	890	1968
F1795_4	M2440_4	138	1249	85	183
F1795_4	M529_4	138	1239	1141	2531
F1795_4	M607_4	138	1186	230	506
F2472_4	F1242_4	138	1287	367	827
F2472_4	F1682_4	138	1278	353	764
F2472_4	F1795_4	138	1237	222	493
F2472_4	F324_4	138	1293	832	1827
F2472_4	F585_4	138	1253	638	1394
F2472_4	F831_4	138	1385	1242	2828
F2472_4	M1189_4	138	1163	918	2044
F2472_4	M1368_4	138	1340	175	373
F2472_4	M1824_4	138	1284	364	783
F2472_4	M2312_4	138	1277	1070	2390
F2472_4	M2440_4	138	1321	149	325
F2472_4	M529_4	138	1234	1173	2590
F2472_4	M607_4	138	1303	429	995
F324_4	F1242_4	138	1341	525	1363
F324_4	F1682_4	138	1359	483	1198
F324_4	F1795_4	138	1230	318	837
F324_4	F2472_4	138	1293	890	2242
F324_4	F585_4	138	1140	717	1844
F324_4	F831_4	138	1291	1211	3124
F324_4	M1189_4	138	1372	1155	2945
F324_4	M1368_4	138	1247	233	606
F324_4	M1824_4	138	1262	522	1315
F324_4	M2312_4	138	1260	1124	2852
F324_4	M2440_4	138	1212	224	540
F324_4	M529_4	138	1386	1348	3325
F324_4	M607_4	138	1235	527	1299
F585_4	F1242_4	138	1160	82	157
F585_4	F1682_4	138	1349	88	169
F585_4	F1795_4	138	1281	65	121
F585_4	F2472_4	138	1253	269	518
F585_4	F324_4	138	1140	334	636
F585_4	F831_4	138	1265	877	1718
F585_4	M1189_4	138	1232	498	984
F585_4	M1368_4	138	1217	35	72
F585_4	M1824_4	138	1342	98	178
F585_4	M2312_4	138	1270	663	1258
F585_4	M2440_4	138	1113	26	51
F585_4	M529_4	138	1292	1061	2006
F585_4	M607_4	138	1307	116	227
F831_4	F1242_4	138	1217	786	1091
F831_4	F1682_4	138	1204	702	982
F831_4	F1795_4	138	1197	568	769
F831_4	F2472_4	138	1385	1168	1575
F831_4	F324_4	138	1291	1158	1555
F831_4	F585_4	138	1265	1026	1420
F831_4	M1189_4	138	1206	1133	1585
F831_4	M1368_4	138	1288	484	658
F831_4	M1824_4	138	1389	867	1193
F831_4	M2312_4	138	1227	1173	1584
F831_4	M2440_4	138	1315	491	654
F831_4	M529_4	138	1280	1265	1736
F831_4	M607_4	138	1267	882	1202
M1189_4	F1242_4	138	1188	591	2100
M1189_4	F1682_4	138	1285	576	2027
M1189_4	F1795_4	138	1295	477	1703
M1189_4	F2472_4	138	1163	899	3247
M1189_4	F324_4	138	1372	1143	4049
M1189_4	F585_4	138	1232	885	3189
M1189_4	F831_4	138	1206	1150	4120
M1189_4	M1368_4	138	1192	313	1081
M1189_4	M1824_4	138	1188	622	2252
M1189_4	M2312_4	138	1283	1210	4364
M1189_4	M2440_4	138	1336	382	1407
M1189_4	M529_4	138	1185	1156	4126
M1189_4	M607_4	138	1305	723	2670
M1368_4	F1242_4	138	1325	26	26
M1368_4	F1682_4	138	1493	35	35
M1368_4	F1795_4	138	1301	18	18
M1368_4	F2472_4	138	1340	96	96
M1368_4	F324_4	138	1247	172	172
M1368_4	F585_4	138	1217	74	74
M1368_4	F831_4	138	1288	532	532
M1368_4	M1189_4	138	1192	239	239
M1368_4	M1824_4	138	1163	32	32
M1368_4	M2312_4	138	1256	310	310
M1368_4	M2440_4	138	1197	12	12
M1368_4	M529_4	138	1294	775	775
M1368_4	M607_4	138	1200	50	50
M1824_4	F1242_4	138	1408	54	54
M1824_4	F1682_4	138	1237	33	33
M1824_4	F1795_4	138	1241	21	21
M1824_4	F2472_4	138	1284	175	175
M1824_4	F324_4	138	1262	215	215
M1824_4	F585_4	138	1342	118	118
M1824_4	F831_4	138	1389	706	706
M1824_4	M1189_4	138	1188	304	304
M1824_4	M1368_4	138	1163	25	25
M1824_4	M2312_4	138	1497	518	518
M1824_4	M2440_4	138	1155	15	15
M1824_4	M529_4	138	1222	882	882
M1824_4	M607_4	138	1296	63	63
M2312_4	F1242_4	138	1352	143	158
M2312_4	F1682_4	138	1326	118	133
M2312_4	F1795_4	138	1236	50	56
M2312_4	F2472_4	138	1277	337	390
M2312_4	F324_4	138	1260	410	466
M2312_4	F585_4	138	1270	292	331
M2312_4	F831_4	138	1227	935	1071
M2312_4	M1189_4	138	1283	612	695
M2312_4	M1368_4	138	1256	59	67
M2312_4	M1824_4	138	1497	153	179
M2312_4	M2440_4	138	1221	40	42
M2312_4	M529_4	138	1153	1007	1126
M2312_4	M607_4	138	1156	170	189
M2440_4	F1242_4	138	1316	261	652
M2440_4	F1682_4	138	1212	213	533
M2440_4	F1795_4	138	1249	167	389
M2440_4	F2472_4	138	1321	605	1424
M2440_4	F324_4	138	1212	663	1632
M2440_4	F585_4	138	1113	455	1106
M2440_4	F831_4	138	1315	1143	2805
M2440_4	M1189_4	138	1336	915	2223
M2440_4	M1368_4	138	1197	102	236
M2440_4	M1824_4	138	1155	261	644
M2440_4	M2312_4	138	1221	983	2398
M2440_4	M529_4	138	1253	1168	2855
M2440_4	M607_4	138	1291	316	797
M529_4	F1242_4	138	1347	1325	1325
M529_4	F1682_4	138	1233	1200	1200
M529_4	F1795_4	138	1239	1198	1198
M529_4	F2472_4	138	1234	1228	1228
M529_4	F324_4	138	1386	1382	1382
M529_4	F585_4	138	1292	1283	1283
M529_4	F831_4	138	1280	1278	1278
M529_4	M1189_4	138	1185	1184	1184
M529_4	M1368_4	138	1294	1233	1233
M529_4	M1824_4	138	1222	1198	1198
M529_4	M2312_4	138	1153	1153	1153
M529_4	M2440_4	138	1253	1187	1187
M529_4	M607_4	138	1224	1212	1212
M607_4	F1242_4	138	1241	981	981
M607_4	F1682_4	138	1229	899	899
M607_4	F1795_4	138	1186	779	779
M607_4	F2472_4	138	1303	1204	1204
M607_4	F324_4	138	1235	1157	1157
M607_4	F585_4	138	1307	1196	1196
M607_4	F831_4	138	1267	1256	1256
M607_4	M1189_4	138	1305	1262	1262
M607_4	M1368_4	138	1200	657	657
M607_4	M1824_4	138	1296	1021	1021
M607_4	M2312_4	138	1156	1137	1137
M607_4	M2440_4	138	1291	694	694
M607_4	M529_4	138	1224	1221	1221
F1288_4	F1719_4	139	1237	127	179
F1288_4	F1753_4	139	1313	772	1138
F1288_4	F2274_4	139	1280	37	53
F1288_4	F2354_4	139	1279	47	64
F1288_4	F2357_4	139	1249	573	862
F1288_4	F265_4	139	1423	146	232
F1288_4	F47_4	139	1263	75	109
F1288_4	F713_4	139	1161	619	894
F1288_4	M1529_4	139	1414	12	16
F1288_4	M1668_4	139	1295	330	506
F1288_4	M1847_4	139	1204	577	820
F1288_4	M2090_4	139	1308	31	44
F1288_4	M2253_4	139	1271	519	765
F1719_4	F1288_4	139	1237	895	3408
F1719_4	F1753_4	139	1217	778	2990
F1719_4	F2274_4	139	1198	48	191
F1719_4	F2354_4	139	1286	49	194
F1719_4	F2357_4	139	1249	621	2408
F1719_4	F265_4	139	1351	149	555
F1719_4	F47_4	139	1347	95	351
F1719_4	F713_4	139	1281	752	2877
F1719_4	M1529_4	139	1155	17	59
F1719_4	M1668_4	139	1275	401	1506
F1719_4	M1847_4	139	1232	626	2361
F1719_4	M2090_4	139	1261	15	62
F1719_4	M2253_4	139	1447	640	2406
F1753_4	F1288_4	139	1313	1218	1218
F1753_4	F1719_4	139	1217	511	511
F1753_4	F2274_4	139	1199	244	244
F1753_4	F2354_4	139	1363	217	217
F1753_4	F2357_4	139	1441	1178	1178
F1753_4	F265_4	139	1215	453	453
F1753_4	F47_4	139	1335	360	360
F1753_4	F713_4	139	1168	1025	1025
F1753_4	M1529_4	139	1182	81	81
F1753_4	M1668_4	139	1313	904	904
F1753_4	M1847_4	139	1292	1070	1070
F1753_4	M2090_4	139	1291	138	138
F1753_4	M2253_4	139	1300	1052	1052
F2274_4	F1288_4	139	1280	1266	1266
F2274_4	F1719_4	139	1198	995	995
F2274_4	F1753_4	139	1199	1172	1172
F2274_4	F2354_4	139	1198	649	649
F2274_4	F2357_4	139	1403	1359	1359
F2274_4	F265_4	139	1346	1072	1072
F2274_4	F47_4	139	1249	871	871
F2274_4	F713_4	139	1324	1296	1296
F2274_4	M1529_4	139	1313	444	444
F2274_4	M1668_4	139	1223	1140	1140
F2274_4	M1847_4	139	1295	1259	1259
F2274_4	M2090_4	139	1245	502	502
F2274_4	M2253_4	139	1309	1259	1259
F2354_4	F1288_4	139	1279	455	455
F2354_4	F1719_4	139	1286	38	38
F2354_4	F1753_4	139	1363	369	369
F2354_4	F2274_4	139	1198	18	18
F2354_4	F2357_4	139	1224	174	174
F2354_4	F265_4	139	1137	21	21
F2354_4	F47_4	139	1291	22	22
F2354_4	F713_4	139	1390	296	296
F2354_4	M1529_4	139	1338	4	4
F2354_4	M1668_4	139	1294	97	97
F2354_4	M1847_4	139	1330	255	255
F2354_4	M2090_4	139	1181	2	2
F2354_4	M2253_4	139	1335	198	198
F2357_4	F1288_4	139	1249	1231	1231
F2357_4	F1719_4	139	1249	989	989
F2357_4	F1753_4	139	1441	1413	1413
F2357_4	F2274_4	139	1403	758	758
F2357_4	F2354_4	139	1224	619	619
F2357_4	F265_4	139	1395	1041	1041
F2357_4	F47_4	139	1228	800	800
F2357_4	F713_4	139	1332	1283	1283
F2357_4	M1529_4	139	1308	416	416
F2357_4	M1668_4	139	1226	1117	1117
F2357_4	M1847_4	139	1222	1172	1172
F2357_4	M2090_4	139	1162	415	415
F2357_4	M2253_4	139	1372	1309	1309
F265_4	F1288_4	139	1423	1320	1320
F265_4	F1719_4	139	1351	563	563
F265_4	F1753_4	139	1215	1093	1093
F265_4	F2274_4	139	1346	253	253
F265_4	F2354_4	139	1137	188	188
F265_4	F2357_4	139	1395	1172	1172
F265_4	F47_4	139	1205	323	323
F265_4	F713_4	139	1188	1034	1034
F265_4	M1529_4	139	1250	114	114
F265_4	M1668_4	139	1450	956	956
F265_4	M1847_4	139	1295	1076	1076
F265_4	M2090_4	139	1226	140	140
F265_4	M2253_4	139	1375	1098	1098
F47_4	F1288_4	139	1263	1205	1205
F47_4	F1719_4	139	1347	626	626
F47_4	F1753_4	139	1335	1229	1229
F47_4	F2274_4	139	1249	281	281
F47_4	F2354_4	139	1291	276	276
F47_4	F2357_4	139	1228	1045	1045
F47_4	F265_4	139	1205	507	507
F47_4	F713_4	139	1225	1102	1102
F47_4	M1529_4	139	1217	111	111
F47_4	M1668_4	139	1382	989	989
F47_4	M1847_4	139	1346	1183	1183
F47_4	M2090_4	139	1175	131	131
F47_4	M2253_4	139	1126	933	933
F713_4	F1288_4	139	1161	813	813
F713_4	F1719_4	139	1281	129	129
F713_4	F1753_4	139	1168	679	679
F713_4	F2274_4	139	1324	52	52
F713_4	F2354_4	139	1390	37	37
F713_4	F2357_4	139	1332	505	505
F713_4	F265_4	139	1188	107	107
F713_4	F47_4	139	1225	66	66
F713_4	M1529_4	139	1216	19	19
F713_4	M1668_4	139	1270	320	320
F713_4	M1847_4	139	1258	555	555
F713_4	M2090_4	139	1216	21	21
F713_4	M2253_4	139	1275	487	487
M1529_4	F1288_4	139	1414	1343	1343
M1529_4	F1719_4	139	1155	613	613
M1529_4	F1753_4	139	1182	1099	1099
M1529_4	F2274_4	139	1313	360	360
M1529_4	F2354_4	139	1338	335	335
M1529_4	F2357_4	139	1308	1147	1147
M1529_4	F265_4	139	1250	642	642
M1529_4	F47_4	139	1217	454	454
M1529_4	F713_4	139	1216	1115	1115
M1529_4	M1668_4	139	1136	836	836
M1529_4	M1847_4	139	1308	1168	1168
M1529_4	M2090_4	139	1209	188	188
M1529_4	M2253_4	139	1193	1054	1054
M1668_4	F1288_4	139	1295	1031	2463
M1668_4	F1719_4	139	1275	220	493
M1668_4	F1753_4	139	1313	931	2148
M1668_4	F2274_4	139	1223	89	211
M1668_4	F2354_4	139	1294	77	188
M1668_4	F2357_4	139	1226	683	1649
M1668_4	F265_4	139	1450	221	552
M1668_4	F47_4	139	1382	139	338
M1668_4	F713_4	139	1270	880	2065
M1668_4	M1529_4	139	1136	35	82
M1668_4	M1847_4	139	1228	796	1938
M1668_4	M2090_4	139	1262	35	82
M1668_4	M2253_4	139	1198	657	1530
M1847_4	F1288_4	139	1204	1140	1140
M1847_4	F1719_4	139	1232	546	546
M1847_4	F1753_4	139	1292	1190	1190
M1847_4	F2274_4	139	1295	253	253
M1847_4	F2354_4	139	1330	236	236
M1847_4	F2357_4	139	1222	1033	1033
M1847_4	F265_4	139	1295	571	571
M1847_4	F47_4	139	1346	413	413
M1847_4	F713_4	139	1258	1110	1110
M1847_4	M1529_4	139	1308	115	115
M1847_4	M1668_4	139	1228	848	848
M1847_4	M2090_4	139	1270	142	142
M1847_4	M2253_4	139	1240	998	998
M2090_4	F1288_4	139	1308	1300	3983
M2090_4	F1719_4	139	1261	1169	3449
M2090_4	F1753_4	139	1291	1285	3822
M2090_4	F2274_4	139	1245	991	2979
M2090_4	F2354_4	139	1181	939	2818
M2090_4	F2357_4	139	1162	1149	3501
M2090_4	F265_4	139	1226	1128	3384
M2090_4	F47_4	139	1175	1039	3108
M2090_4	F713_4	139	1216	1208	3675
M2090_4	M1529_4	139	1209	742	2163
M2090_4	M1668_4	139	1262	1221	3678
M2090_4	M1847_4	139	1270	1252	3721
M2090_4	M2253_4	139	1156	1141	3447
M2253_4	F1288_4	139	1271	610	610
M2253_4	F1719_4	139	1447	64	64
M2253_4	F1753_4	139	1300	514	514
M2253_4	F2274_4	139	1309	21	21
M2253_4	F2354_4	139	1335	19	19
M2253_4	F2357_4	139	1372	327	327
M2253_4	F265_4	139	1375	56	56
M2253_4	F47_4	139	1126	28	28
M2253_4	F713_4	139	1275	422	422
M2253_4	M1529_4	139	1193	9	9
M2253_4	M1668_4	139	1198	137	137
M2253_4	M1847_4	139	1240	319	319
M2253_4	M2090_4	139	1156	9	9
F1221_4	F186_4	140	1200	137	137
F1221_4	F2156_4	140	1348	802	802
F1221_4	F2373_4	140	1266	943	943
F1221_4	F2528_4	140	1226	935	935
F1221_4	F2541_4	140	1193	761	761
F1221_4	F2623_4	140	1301	701	701
F1221_4	F383_4	140	1148	795	795
F1221_4	F827_4	140	1236	446	446
F1221_4	M1068_4	140	1280	285	285
F1221_4	M1671_4	140	1219	402	402
F1221_4	M2261_4	140	1330	120	120
F1221_4	M2385_4	140	1162	117	117
F1221_4	M681_4	140	1338	612	612
F186_4	F1221_4	140	1200	1078	1078
F186_4	F2156_4	140	1395	779	779
F186_4	F2373_4	140	1324	917	917
F186_4	F2528_4	140	1302	922	922
F186_4	F2541_4	140	1265	737	737
F186_4	F2623_4	140	1214	642	642
F186_4	F383_4	140	1094	726	726
F186_4	F827_4	140	1306	446	446
F186_4	M1068_4	140	1139	228	228
F186_4	M1671_4	140	1143	341	341
F186_4	M2261_4	140	1230	127	127
F186_4	M2385_4	140	1205	97	97
F186_4	M681_4	140	1286	543	543
F2156_4	F1221_4	140	1348	1320	3296
F2156_4	F186_4	140	1395	712	1719
F2156_4	F2373_4	140	1155	1122	2754
F2156_4	F2528_4	140	1261	1210	3032
F2156_4	F2541_4	140	1336	1238	3010
F2156_4	F2623_4	140	1194	1092	2644
F2156_4	F383_4	140	1186	1125	2762
F2156_4	F827_4	140	1292	1086	2717
F2156_4	M1068_4	140	1347	962	2377
F2156_4	M1671_4	140	1232	974	2405
F2156_4	M2261_4	140	1244	626	1585
F2156_4	M2385_4	140	1234	599	1516
F2156_4	M681_4	140	1171	1031	2525
F2373_4	F1221_4	140	1266	1256	3067
F2373_4	F186_4	140	1324	660	1651
F2373_4	F2156_4	140	1155	1072	2659
F2373_4	F2528_4	140	1236	1191	2885
F2373_4	F2541_4	140	1254	1168	2891
F2373_4	F2623_4	140	1184	1093	2624
F2373_4	F383_4	140	1227	1173	2895
F2373_4	F827_4	140	1116	928	2275
F2373_4	M1068_4	140	1214	849	2067
F2373_4	M1671_4	140	1082	878	2130
F2373_4	M2261_4	140	1313	685	1698
F2373_4	M2385_4	140	1319	659	1655
F2373_4	M681_4	140	1228	1087	2689
F2528_4	F1221_4	140	1226	1199	3286
F2528_4	F186_4	140	1302	351	932
F2528_4	F2156_4	140	1261	1036	2855
F2528_4	F2373_4	140	1236	1108	2989
F2528_4	F2541_4	140	1334	1112	3055
F2528_4	F2623_4	140	1209	941	2592
F2528_4	F383_4	140	1285	1131	3153
F2528_4	F827_4	140	1152	746	1982
F2528_4	M1068_4	140	1297	567	1529
F2528_4	M1671_4	140	1408	840	2263
F2528_4	M2261_4	140	1264	352	963
F2528_4	M2385_4	140	1293	335	891
F2528_4	M681_4	140	1280	921	2584
F2541_4	F1221_4	140	1193	1086	1086
F2541_4	F186_4	140	1265	187	187
F2541_4	F2156_4	140	1336	929	929
F2541_4	F2373_4	140	1254	971	971
F2541_4	F2528_4	140	1334	1043	1043
F2541_4	F2623_4	140	1156	709	709
F2541_4	F383_4	140	1235	927	927
F2541_4	F827_4	140	1234	545	545
F2541_4	M1068_4	140	1303	358	358
F2541_4	M1671_4	140	1302	493	493
F2541_4	M2261_4	140	1225	157	157
F2541_4	M2385_4	140	1312	178	178
F2541_4	M681_4	140	1277	679	679
F2623_4	F1221_4	140	1301	1275	1275
F2623_4	F186_4	140	1214	592	592
F2623_4	F2156_4	140	1194	1102	1102
F2623_4	F2373_4	140	1184	1143	1143
F2623_4	F2528_4	140	1209	1162	1162
F2623_4	F2541_4	140	1156	1079	1079
F2623_4	F383_4	140	1243	1186	1186
F2623_4	F827_4	140	1330	1083	1083
F2623_4	M1068_4	140	1289	884	884
F2623_4	M1671_4	140	1231	968	968
F2623_4	M2261_4	140	1143	551	551
F2623_4	M2385_4	140	1329	672	672
F2623_4	M681_4	140	1333	1145	1145
F383_4	F1221_4	140	1148	1106	1106
F383_4	F186_4	140	1094	291	291
F383_4	F2156_4	140	1186	998	998
F383_4	F2373_4	140	1227	1091	1091
F383_4	F2528_4	140	1285	1158	1158
F383_4	F2541_4	140	1235	1008	1008
F383_4	F2623_4	140	1243	971	971
F383_4	F827_4	140	1220	823	823
F383_4	M1068_4	140	1327	610	610
F383_4	M1671_4	140	1400	801	801
F383_4	M2261_4	140	1239	351	351
F383_4	M2385_4	140	1438	366	366
F383_4	M681_4	140	1204	860	860
F827_4	F1221_4	140	1236	1232	1232
F827_4	F186_4	140	1306	1128	1128
F827_4	F2156_4	140	1292	1276	1276
F827_4	F2373_4	140	1116	1110	1110
F827_4	F2528_4	140	1152	1142	1142
F827_4	F2541_4	140	1234	1222	1222
F827_4	F2623_4	140	1330	1307	1307
F827_4	F383_4	140	1220	1215	1215
F827_4	M1068_4	140	1262	1180	1180
F827_4	M1671_4	140	1222	1162	1162
F827_4	M2261_4	140	1173	976	976
F827_4	M2385_4	140	1390	1181	1181
F827_4	M681_4	140	1196	1158	1158
M1068_4	F1221_4	140	1280	1056	3143
M1068_4	F186_4	140	1139	73	236
M1068_4	F2156_4	140	1347	615	1816
M1068_4	F2373_4	140	1214	706	2128
M1068_4	F2528_4	140	1297	749	2247
M1068_4	F2541_4	140	1303	576	1709
M1068_4	F2623_4	140	1289	503	1522
M1068_4	F383_4	140	1327	736	2238
M1068_4	F827_4	140	1262	319	999
M1068_4	M1671_4	140	1286	240	706
M1068_4	M2261_4	140	1283	72	238
M1068_4	M2385_4	140	1254	59	169
M1068_4	M681_4	140	1204	357	1061
M1671_4	F1221_4	140	1219	1208	1424
M1671_4	F186_4	140	1143	583	695
M1671_4	F2156_4	140	1232	1151	1376
M1671_4	F2373_4	140	1082	1041	1235
M1671_4	F2528_4	140	1408	1343	1634
M1671_4	F2541_4	140	1302	1225	1486
M1671_4	F2623_4	140	1231	1104	1311
M1671_4	F383_4	140	1400	1331	1544
M1671_4	F827_4	140	1222	1026	1222
M1671_4	M1068_4	140	1286	949	1139
M1671_4	M2261_4	140	1330	683	823
M1671_4	M2385_4	140	1270	659	807
M1671_4	M681_4	140	1206	1046	1261
M2261_4	F1221_4	140	1330	1107	2945
M2261_4	F186_4	140	1230	74	208
M2261_4	F2156_4	140	1244	578	1520
M2261_4	F2373_4	140	1313	770	2127
M2261_4	F2528_4	140	1264	771	1997
M2261_4	F2541_4	140	1225	579	1579
M2261_4	F2623_4	140	1143	452	1168
M2261_4	F383_4	140	1239	683	1778
M2261_4	F827_4	140	1173	287	792
M2261_4	M1068_4	140	1283	174	458
M2261_4	M1671_4	140	1330	257	687
M2261_4	M2385_4	140	1325	80	215
M2261_4	M681_4	140	1341	387	1021
M2385_4	F1221_4	140	1162	496	898
M2385_4	F186_4	140	1205	12	17
M2385_4	F2156_4	140	1234	141	242
M2385_4	F2373_4	140	1319	219	383
M2385_4	F2528_4	140	1293	243	427
M2385_4	F2541_4	140	1312	139	258
M2385_4	F2623_4	140	1329	125	221
M2385_4	F383_4	140	1438	228	411
M2385_4	F827_4	140	1390	61	103
M2385_4	M1068_4	140	1254	34	73
M2385_4	M1671_4	140	1270	36	69
M2385_4	M2261_4	140	1325	17	36
M2385_4	M681_4	140	1330	91	166
M681_4	F1221_4	140	1338	1327	3833
M681_4	F186_4	140	1286	717	2027
M681_4	F2156_4	140	1171	1108	3138
M681_4	F2373_4	140	1228	1184	3472
M681_4	F2528_4	140	1280	1235	3512
M681_4	F2541_4	140	1277	1206	3484
M681_4	F2623_4	140	1333	1230	3567
M681_4	F383_4	140	1204	1163	3335
M681_4	F827_4	140	1196	1030	2972
M681_4	M1068_4	140	1204	915	2619
M681_4	M1671_4	140	1206	1015	2910
M681_4	M2261_4	140	1341	752	2110
M681_4	M2385_4	140	1330	740	2146
F1300_4	F1461_4	141	1279	9	9
F1300_4	F1498_4	141	1287	685	752
F1300_4	F1522_4	141	1096	541	581
F1300_4	F2527_4	141	1307	839	891
F1300_4	F269_4	141	1246	784	838
F1300_4	F2700_4	141	1262	1070	1160
F1300_4	F2738_4	141	1232	86	97
F1300_4	F928_4	141	1467	865	944
F1300_4	M1186_4	141	1176	382	422
F1300_4	M1228_4	141	1291	525	575
F1300_4	M2062_4	141	1380	193	205
F1300_4	M2629_4	141	1189	214	232
F1300_4	M360_4	141	1318	187	198
F1461_4	F1300_4	141	1279	1125	1125
F1461_4	F1498_4	141	1122	1061	1061
F1461_4	F1522_4	141	1449	1364	1364
F1461_4	F2527_4	141	1253	1212	1212
F1461_4	F269_4	141	1363	1321	1321
F1461_4	F2700_4	141	1487	1474	1474
F1461_4	F2738_4	141	1329	795	795
F1461_4	F928_4	141	1412	1362	1362
F1461_4	M1186_4	141	1252	1139	1139
F1461_4	M1228_4	141	1345	1246	1246
F1461_4	M2062_4	141	1247	958	958
F1461_4	M2629_4	141	1248	984	984
F1461_4	M360_4	141	1235	882	882
F1498_4	F1300_4	141	1287	668	668
F1498_4	F1461_4	141	1122	24	24
F1498_4	F1522_4	141	1160	790	790
F1498_4	F2527_4	141	1334	1045	1045
F1498_4	F269_4	141	1152	910	910
F1498_4	F2700_4	141	1251	1149	1149
F1498_4	F2738_4	141	1376	244	244
F1498_4	F928_4	141	1233	964	964
F1498_4	M1186_4	141	1367	777	777
F1498_4	M1228_4	141	1275	802	802
F1498_4	M2062_4	141	1228	401	401
F1498_4	M2629_4	141	1249	455	455
F1498_4	M360_4	141	1143	297	297
F1522_4	F1300_4	141	1096	439	1053
F1522_4	F1461_4	141	1449	17	43
F1522_4	F1498_4	141	1160	677	1634
F1522_4	F2527_4	141	1322	930	2247
F1522_4	F269_4	141	1272	921	2202
F1522_4	F2700_4	141	1356	1180	2839
F1522_4	F2738_4	141	1196	135	360
F1522_4	F928_4	141	1201	855	2117
F1522_4	M1186_4	141	1392	588	1451
F1522_4	M1228_4	141	1276	619	1484
F1522_4	M2062_4	141	1323	282	664
F1522_4	M2629_4	141	1194	273	677
F1522_4	M360_4	141	1420	253	590
F2527_4	F1300_4	141	1307	1030	1030
F2527_4	F1461_4	141	1253	69	69
F2527_4	F1498_4	141	1334	1198	1198
F2527_4	F1522_4	141	1322	1150	1150
F2527_4	F269_4	141	1208	1146	1146
F2527_4	F2700_4	141	1397	1369	1369
F2527_4	F2738_4	141	1217	541	541
F2527_4	F928_4	141	1147	1061	1061
F2527_4	M1186_4	141	1297	1042	1042
F2527_4	M1228_4	141	1297	1087	1087
F2527_4	M2062_4	141	1325	763	763
F2527_4	M2629_4	141	1263	754	754
F2527_4	M360_4	141	1114	622	622
F269_4	F1300_4	141	1246	862	1984
F269_4	F1461_4	141	1363	60	154
F269_4	F1498_4	141	1152	992	2345
F269_4	F1522_4	141	1272	1038	2464
F269_4	F2527_4	141	1208	1093	2621
F269_4	F2700_4	141	1203	1162	2738
F269_4	F2738_4	141	1412	497	1181
F269_4	F928_4	141	1337	1191	2871
F269_4	M1186_4	141	1377	1008	2336
F269_4	M1228_4	141	1276	1002	2322
F269_4	M2062_4	141	1357	699	1654
F269_4	M2629_4	141	1312	697	1691
F269_4	M360_4	141	1298	612	1492
F2700_4	F1300_4	141	1262	565	565
F2700_4	F1461_4	141	1487	17	17
F2700_4	F1498_4	141	1251	809	809
F2700_4	F1522_4	141	1356	849	849
F2700_4	F2527_4	141	1397	1076	1076
F2700_4	F269_4	141	1203	918	918
F2700_4	F2738_4	141	1324	175	175
F2700_4	F928_4	141	1206	871	871
F2700_4	M1186_4	141	1251	667	667
F2700_4	M1228_4	141	1221	666	666
F2700_4	M2062_4	141	1186	328	328
F2700_4	M2629_4	141	1193	354	354
F2700_4	M360_4	141	1153	279	279
F2738_4	F1300_4	141	1232	1175	2115
F2738_4	F1461_4	141	1329	350	620
F2738_4	F1498_4	141	1376	1351	2418
F2738_4	F1522_4	141	1196	1163	2117
F2738_4	F2527_4	141	1217	1202	2170
F2738_4	F269_4	141	1412	1387	2429
F2738_4	F2700_4	141	1324	1322	2342
F2738_4	F928_4	141	1234	1215	2172
F2738_4	M1186_4	141	1281	1233	2195
F2738_4	M1228_4	141	1266	1234	2237
F2738_4	M2062_4	141	1359	1223	2196
F2738_4	M2629_4	141	1313	1183	2095
F2738_4	M360_4	141	1164	1020	1867
F928_4	F1300_4	141	1467	838	838
F928_4	F1461_4	141	1412	28	28
F928_4	F1498_4	141	1233	966	966
F928_4	F1522_4	141	1201	854	854
F928_4	F2527_4	141	1147	939	939
F928_4	F269_4	141	1337	1136	1136
F928_4	F2700_4	141	1206	1126	1126
F928_4	F2738_4	141	1234	242	242
F928_4	M1186_4	141	1265	792	792
F928_4	M1228_4	141	1111	720	720
F928_4	M2062_4	141	1192	446	446
F928_4	M2629_4	141	1281	532	532
F928_4	M360_4	141	1316	419	419
M1186_4	F1300_4	141	1176	418	418
M1186_4	F1461_4	141	1252	15	15
M1186_4	F1498_4	141	1367	747	747
M1186_4	F1522_4	141	1392	710	710
M1186_4	F2527_4	141	1297	836	836
M1186_4	F269_4	141	1377	904	904
M1186_4	F2700_4	141	1251	1079	1079
M1186_4	F2738_4	141	1281	121	121
M1186_4	F928_4	141	1265	831	831
M1186_4	M1228_4	141	1340	548	548
M1186_4	M2062_4	141	1309	241	241
M1186_4	M2629_4	141	1243	236	236
M1186_4	M360_4	141	1250	232	232
M1228_4	F1300_4	141	1291	284	284
M1228_4	F1461_4	141	1345	9	9
M1228_4	F1498_4	141	1275	488	488
M1228_4	F1522_4	141	1276	441	441
M1228_4	F2527_4	141	1297	605	605
M1228_4	F269_4	141	1276	671	671
M1228_4	F2700_4	141	1221	916	916
M1228_4	F2738_4	141	1266	76	76
M1228_4	F928_4	141	1111	540	540
M1228_4	M1186_4	141	1340	304	304
M1228_4	M2062_4	141	1368	143	143
M1228_4	M2629_4	141	1282	144	144
M1228_4	M360_4	141	1347	117	117
M2062_4	F1300_4	141	1380	667	667
M2062_4	F1461_4	141	1247	23	23
M2062_4	F1498_4	141	1228	843	843
M2062_4	F1522_4	141	1323	869	869
M2062_4	F2527_4	141	1325	1025	1025
M2062_4	F269_4	141	1357	1085	1085
M2062_4	F2700_4	141	1186	1087	1087
M2062_4	F2738_4	141	1359	211	211
M2062_4	F928_4	141	1192	918	918
M2062_4	M1186_4	141	1309	675	675
M2062_4	M1228_4	141	1368	795	795
M2062_4	M2629_4	141	1387	496	496
M2062_4	M360_4	141	1315	317	317
M2629_4	F1300_4	141	1189	401	627
M2629_4	F1461_4	141	1248	13	21
M2629_4	F1498_4	141	1249	660	1037
M2629_4	F1522_4	141	1194	608	935
M2629_4	F2527_4	141	1263	834	1283
M2629_4	F269_4	141	1312	903	1369
M2629_4	F2700_4	141	1193	1024	1578
M2629_4	F2738_4	141	1313	142	190
M2629_4	F928_4	141	1281	855	1305
M2629_4	M1186_4	141	1243	445	699
M2629_4	M1228_4	141	1282	572	882
M2629_4	M2062_4	141	1387	229	377
M2629_4	M360_4	141	1235	195	298
M360_4	F1300_4	141	1318	737	771
M360_4	F1461_4	141	1235	37	38
M360_4	F1498_4	141	1143	846	895
M360_4	F1522_4	141	1420	1044	1090
M360_4	F2527_4	141	1114	923	979
M360_4	F269_4	141	1298	1103	1150
M360_4	F2700_4	141	1153	1080	1145
M360_4	F2738_4	141	1164	239	249
M360_4	F928_4	141	1316	1095	1145
M360_4	M1186_4	141	1250	767	801
M360_4	M1228_4	141	1347	885	935
M360_4	M2062_4	141	1315	494	511
M360_4	M2629_4	141	1235	492	521
F1358_4	F1586_4	142	1228	713	713
F1358_4	F1731_4	142	1240	1077	1077
F1358_4	F2003_4	142	1307	1300	1300
F1358_4	F2312_4	142	1157	1112	1112
F1358_4	F2409_4	142	1315	1307	1307
F1358_4	F2453_4	142	1306	1113	1113
F1358_4	F2686_4	142	1256	1180	1180
F1358_4	F2695_4	142	1336	1198	1198
F1358_4	F357_4	142	1308	767	767
F1358_4	M114_4	142	1160	765	765
F1358_4	M1572_4	142	1231	1131	1131
F1358_4	M1616_4	142	1319	1132	1132
F1358_4	M1870_4	142	1272	1146	1146
F1586_4	F1358_4	142	1228	948	1825
F1586_4	F1731_4	142	1283	1068	1999
F1586_4	F2003_4	142	1296	1266	2480
F1586_4	F2312_4	142	1148	1080	2051
F1586_4	F2409_4	142	1233	1227	2336
F1586_4	F2453_4	142	1325	1049	2025
F1586_4	F2686_4	142	1193	1079	2084
F1586_4	F2695_4	142	1226	1035	1973
F1586_4	F357_4	142	1363	680	1323
F1586_4	M114_4	142	1111	654	1251
F1586_4	M1572_4	142	1235	1120	2125
F1586_4	M1616_4	142	1214	961	1850
F1586_4	M1870_4	142	1272	1092	2092
F1731_4	F1358_4	142	1240	1121	1121
F1731_4	F1586_4	142	1283	953	953
F1731_4	F2003_4	142	1335	1327	1327
F1731_4	F2312_4	142	1381	1344	1344
F1731_4	F2409_4	142	1285	1283	1283
F1731_4	F2453_4	142	1222	1103	1103
F1731_4	F2686_4	142	1343	1302	1302
F1731_4	F2695_4	142	1307	1231	1231
F1731_4	F357_4	142	1321	990	990
F1731_4	M114_4	142	1333	1073	1073
F1731_4	M1572_4	142	1158	1114	1114
F1731_4	M1616_4	142	1369	1268	1268
F1731_4	M1870_4	142	1166	1107	1107
F2003_4	F1358_4	142	1307	45	45
F2003_4	F1586_4	142	1296	9	9
F2003_4	F1731_4	142	1335	62	62
F2003_4	F2312_4	142	1317	195	195
F2003_4	F2409_4	142	1302	706	706
F2003_4	F2453_4	142	1269	43	43
F2003_4	F2686_4	142	1302	144	144
F2003_4	F2695_4	142	1200	54	54
F2003_4	F357_4	142	1421	12	12
F2003_4	M114_4	142	1231	15	15
F2003_4	M1572_4	142	1339	120	120
F2003_4	M1616_4	142	1310	41	41
F2003_4	M1870_4	142	1335	72	72
F2312_4	F1358_4	142	1157	154	192
F2312_4	F1586_4	142	1148	43	56
F2312_4	F1731_4	142	1381	252	313
F2312_4	F2003_4	142	1317	968	1159
F2312_4	F2409_4	142	1341	1103	1338
F2312_4	F2453_4	142	1243	177	229
F2312_4	F2686_4	142	1341	473	576
F2312_4	F2695_4	142	1213	236	268
F2312_4	F357_4	142	1311	49	66
F2312_4	M114_4	142	1333	72	92
F2312_4	M1572_4	142	1203	343	430
F2312_4	M1616_4	142	1273	190	227
F2312_4	M1870_4	142	1258	281	334
F2409_4	F1358_4	142	1315	1155	2654
F2409_4	F1586_4	142	1233	825	1807
F2409_4	F1731_4	142	1285	1171	2659
F2409_4	F2003_4	142	1302	1291	2963
F2409_4	F2312_4	142	1341	1302	2974
F2409_4	F2453_4	142	1164	1042	2317
F2409_4	F2686_4	142	1411	1363	3207
F2409_4	F2695_4	142	1324	1237	2812
F2409_4	F357_4	142	1133	766	1774
F2409_4	M114_4	142	1439	1063	2465
F2409_4	M1572_4	142	1152	1101	2498
F2409_4	M1616_4	142	1327	1196	2747
F2409_4	M1870_4	142	1247	1164	2647
F2453_4	F1358_4	142	1306	974	974
F2453_4	F1586_4	142	1325	642	642
F2453_4	F1731_4	142	1222	1021	1021
F2453_4	F2003_4	142	1269	1248	1248
F2453_4	F2312_4	142	1243	1184	1184
F2453_4	F2409_4	142	1164	1153	1153
F2453_4	F2686_4	142	1329	1209	1209
F2453_4	F2695_4	142	1317	1121	1121
F2453_4	F357_4	142	1246	574	574
F2453_4	M114_4	142	1225	708	708
F2453_4	M1572_4	142	1337	1198	1198
F2453_4	M1616_4	142	1099	899	899
F2453_4	M1870_4	142	1187	1016	1016
F2686_4	F1358_4	142	1256	82	299
F2686_4	F1586_4	142	1193	20	70
F2686_4	F1731_4	142	1343	150	536
F2686_4	F2003_4	142	1302	754	2763
F2686_4	F2312_4	142	1341	416	1561
F2686_4	F2409_4	142	1411	1000	3752
F2686_4	F2453_4	142	1329	110	434
F2686_4	F2695_4	142	1336	143	521
F2686_4	F357_4	142	1334	35	132
F2686_4	M114_4	142	1186	36	139
F2686_4	M1572_4	142	1221	231	832
F2686_4	M1616_4	142	1207	92	339
F2686_4	M1870_4	142	1303	179	653
F2695_4	F1358_4	142	1336	710	710
F2695_4	F1586_4	142	1226	302	302
F2695_4	F1731_4	142	1307	835	835
F2695_4	F2003_4	142	1200	1135	1135
F2695_4	F2312_4	142	1213	1030	1030
F2695_4	F2409_4	142	1324	1286	1286
F2695_4	F2453_4	142	1317	723	723
F2695_4	F2686_4	142	1336	1027	1027
F2695_4	F357_4	142	1100	277	277
F2695_4	M114_4	142	1261	366	366
F2695_4	M1572_4	142	1381	1041	1041
F2695_4	M1616_4	142	1171	687	687
F2695_4	M1870_4	142	1358	908	908
F357_4	F1358_4	142	1308	634	2311
F357_4	F1586_4	142	1363	290	1021
F357_4	F1731_4	142	1321	770	2673
F357_4	F2003_4	142	1421	1353	4765
F357_4	F2312_4	142	1311	1081	3848
F357_4	F2409_4	142	1133	1095	3896
F357_4	F2453_4	142	1246	653	2308
F357_4	F2686_4	142	1334	1021	3625
F357_4	F2695_4	142	1100	660	2386
F357_4	M114_4	142	1212	340	1209
F357_4	M1572_4	142	1361	1008	3529
F357_4	M1616_4	142	1141	592	2095
F357_4	M1870_4	142	1261	790	2797
M114_4	F1358_4	142	1160	331	331
M114_4	F1586_4	142	1111	104	104
M114_4	F1731_4	142	1333	432	432
M114_4	F2003_4	142	1231	1061	1061
M114_4	F2312_4	142	1333	881	881
M114_4	F2409_4	142	1439	1322	1322
M114_4	F2453_4	142	1225	352	352
M114_4	F2686_4	142	1186	657	657
M114_4	F2695_4	142	1261	484	484
M114_4	F357_4	142	1212	125	125
M114_4	M1572_4	142	1279	596	596
M114_4	M1616_4	142	1304	389	389
M114_4	M1870_4	142	1126	445	445
M1572_4	F1358_4	142	1231	462	767
M1572_4	F1586_4	142	1235	171	276
M1572_4	F1731_4	142	1158	539	874
M1572_4	F2003_4	142	1339	1210	1929
M1572_4	F2312_4	142	1203	910	1497
M1572_4	F2409_4	142	1152	1072	1733
M1572_4	F2453_4	142	1337	533	864
M1572_4	F2686_4	142	1221	783	1277
M1572_4	F2695_4	142	1381	635	1036
M1572_4	F357_4	142	1361	171	270
M1572_4	M114_4	142	1279	247	394
M1572_4	M1616_4	142	1180	487	774
M1572_4	M1870_4	142	1218	599	977
M1616_4	F1358_4	142	1319	675	675
M1616_4	F1586_4	142	1214	271	271
M1616_4	F1731_4	142	1369	806	806
M1616_4	F2003_4	142	1310	1242	1242
M1616_4	F2312_4	142	1273	1042	1042
M1616_4	F2409_4	142	1327	1292	1292
M1616_4	F2453_4	142	1099	577	577
M1616_4	F2686_4	142	1207	933	933
M1616_4	F2695_4	142	1171	688	688
M1616_4	F357_4	142	1141	252	252
M1616_4	M114_4	142	1304	393	393
M1616_4	M1572_4	142	1180	871	871
M1616_4	M1870_4	142	1354	886	886
M1870_4	F1358_4	142	1272	963	1704
M1870_4	F1586_4	142	1272	561	982
M1870_4	F1731_4	142	1166	950	1722
M1870_4	F2003_4	142	1335	1308	2348
M1870_4	F2312_4	142	1258	1173	2057
M1870_4	F2409_4	142	1247	1231	2179
M1870_4	F2453_4	142	1187	899	1622
M1870_4	F2686_4	142	1303	1173	2087
M1870_4	F2695_4	142	1358	1108	1972
M1870_4	F357_4	142	1261	557	990
M1870_4	M114_4	142	1126	610	1091
M1870_4	M1572_4	142	1218	1059	1867
M1870_4	M1616_4	142	1354	1063	1911
F1284_4	F2117_4	143	1252	308	733
F1284_4	F2621_4	143	1223	1130	2659
F1284_4	F338_4	143	1173	406	930
F1284_4	F688_4	143	1306	1136	2763
F1284_4	F976_4	143	1186	892	2129
F1284_4	M1419_4	143	1113	780	1854
F1284_4	M1733_4	143	1358	1247	2986
F1284_4	M1944_4	143	1455	744	1816
F1284_4	M2112_4	143	1367	1229	2960
F1284_4	M2174_4	143	1205	691	1650
F1284_4	M2746_4	143	1236	511	1217
F1284_4	M340_4	143	1237	207	475
F1284_4	M730_4	143	1240	633	1513
F2117_4	F1284_4	143	1252	347	347
F2117_4	F2621_4	143	1264	1043	1043
F2117_4	F338_4	143	1323	228	228
F2117_4	F688_4	143	1292	879	879
F2117_4	F976_4	143	1243	698	698
F2117_4	M1419_4	143	1130	538	538
F2117_4	M1733_4	143	1352	1089	1089
F2117_4	M1944_4	143	1458	376	376
F2117_4	M2112_4	143	1318	1015	1015
F2117_4	M2174_4	143	1203	424	424
F2117_4	M2746_4	143	1302	238	238
F2117_4	M340_4	143	1251	90	90
F2117_4	M730_4	143	1274	308	308
F2621_4	F1284_4	143	1223	867	1008
F2621_4	F2117_4	143	1264	625	740
F2621_4	F338_4	143	1335	812	927
F2621_4	F688_4	143	1210	1136	1328
F2621_4	F976_4	143	1109	976	1116
F2621_4	M1419_4	143	1234	1072	1196
F2621_4	M1733_4	143	1157	1127	1326
F2621_4	M1944_4	143	1201	886	1019
F2621_4	M2112_4	143	1250	1202	1379
F2621_4	M2174_4	143	1162	916	1055
F2621_4	M2746_4	143	1265	825	962
F2621_4	M340_4	143	1071	390	442
F2621_4	M730_4	143	1348	972	1098
F338_4	F1284_4	143	1173	128	128
F338_4	F2117_4	143	1323	51	51
F338_4	F2621_4	143	1335	819	819
F338_4	F688_4	143	1209	504	504
F338_4	F976_4	143	1326	392	392
F338_4	M1419_4	143	1353	270	270
F338_4	M1733_4	143	1267	732	732
F338_4	M1944_4	143	1195	133	133
F338_4	M2112_4	143	1306	705	705
F338_4	M2174_4	143	1191	168	168
F338_4	M2746_4	143	1303	90	90
F338_4	M340_4	143	1150	29	29
F338_4	M730_4	143	1320	143	143
F688_4	F1284_4	143	1306	589	1556
F688_4	F2117_4	143	1292	288	747
F688_4	F2621_4	143	1210	1092	2814
F688_4	F338_4	143	1209	383	1023
F688_4	F976_4	143	1302	988	2581
F688_4	M1419_4	143	1169	808	2149
F688_4	M1733_4	143	1243	1124	2880
F688_4	M1944_4	143	1263	601	1518
F688_4	M2112_4	143	1582	1401	3563
F688_4	M2174_4	143	1389	729	1951
F688_4	M2746_4	143	1304	451	1175
F688_4	M340_4	143	1138	176	457
F688_4	M730_4	143	1275	550	1389
F976_4	F1284_4	143	1186	753	2004
F976_4	F2117_4	143	1243	479	1254
F976_4	F2621_4	143	1109	1060	2850
F976_4	F338_4	143	1326	672	1818
F976_4	F688_4	143	1302	1177	3234
F976_4	M1419_4	143	1337	1088	2915
F976_4	M1733_4	143	1357	1288	3501
F976_4	M1944_4	143	1296	845	2251
F976_4	M2112_4	143	1201	1125	3018
F976_4	M2174_4	143	1264	915	2461
F976_4	M2746_4	143	1099	617	1660
F976_4	M340_4	143	1308	348	934
F976_4	M730_4	143	1226	787	2139
M1419_4	F1284_4	143	1113	368	849
M1419_4	F2117_4	143	1130	147	375
M1419_4	F2621_4	143	1234	1063	2494
M1419_4	F338_4	143	1353	251	603
M1419_4	F688_4	143	1169	857	2045
M1419_4	F976_4	143	1337	842	2003
M1419_4	M1733_4	143	1240	1046	2501
M1419_4	M1944_4	143	1258	447	1092
M1419_4	M2112_4	143	1273	1051	2472
M1419_4	M2174_4	143	1307	504	1153
M1419_4	M2746_4	143	1400	360	860
M1419_4	M340_4	143	1207	114	259
M1419_4	M730_4	143	1200	360	832
M1733_4	F1284_4	143	1358	1070	4298
M1733_4	F2117_4	143	1352	817	3314
M1733_4	F2621_4	143	1157	1136	4503
M1733_4	F338_4	143	1267	851	3414
M1733_4	F688_4	143	1243	1207	4835
M1733_4	F976_4	143	1357	1264	5074
M1733_4	M1419_4	143	1240	1120	4477
M1733_4	M1944_4	143	1240	998	3900
M1733_4	M2112_4	143	1262	1226	4832
M1733_4	M2174_4	143	1180	1007	4017
M1733_4	M2746_4	143	1299	948	3793
M1733_4	M340_4	143	1310	580	2321
M1733_4	M730_4	143	1305	1052	4106
M1944_4	F1284_4	143	1455	1215	1215
M1944_4	F2117_4	143	1458	923	923
M1944_4	F2621_4	143	1201	1186	1186
M1944_4	F338_4	143	1195	894	894
M1944_4	F688_4	143	1263	1228	1228
M1944_4	F976_4	143	1296	1233	1233
M1944_4	M1419_4	143	1258	1166	1166
M1944_4	M1733_4	143	1240	1215	1215
M1944_4	M2112_4	143	1400	1380	1380
M1944_4	M2174_4	143	1375	1221	1221
M1944_4	M2746_4	143	1278	1018	1018
M1944_4	M340_4	143	1262	668	668
M1944_4	M730_4	143	1291	1121	1121
M2112_4	F1284_4	143	1367	757	757
M2112_4	F2117_4	143	1318	421	421
M2112_4	F2621_4	143	1250	1173	1173
M2112_4	F338_4	143	1306	574	574
M2112_4	F688_4	143	1582	1404	1404
M2112_4	F976_4	143	1201	987	987
M2112_4	M1419_4	143	1273	974	974
M2112_4	M1733_4	143	1262	1185	1185
M2112_4	M1944_4	143	1400	808	808
M2112_4	M2174_4	143	1179	758	758
M2112_4	M2746_4	143	1312	623	623
M2112_4	M340_4	143	1330	283	283
M2112_4	M730_4	143	1167	686	686
M2174_4	F1284_4	143	1205	579	910
M2174_4	F2117_4	143	1203	285	457
M2174_4	F2621_4	143	1162	1063	1730
M2174_4	F338_4	143	1191	355	588
M2174_4	F688_4	143	1389	1179	1928
M2174_4	F976_4	143	1264	957	1518
M2174_4	M1419_4	143	1307	912	1501
M2174_4	M1733_4	143	1180	1064	1759
M2174_4	M1944_4	143	1375	651	1072
M2174_4	M2112_4	143	1179	1027	1634
M2174_4	M2746_4	143	1156	450	707
M2174_4	M340_4	143	1397	218	341
M2174_4	M730_4	143	1289	578	941
M2746_4	F1284_4	143	1236	517	517
M2746_4	F2117_4	143	1302	283	283
M2746_4	F2621_4	143	1265	1154	1154
M2746_4	F338_4	143	1303	359	359
M2746_4	F688_4	143	1304	1076	1076
M2746_4	F976_4	143	1099	798	798
M2746_4	M1419_4	143	1400	925	925
M2746_4	M1733_4	143	1299	1168	1168
M2746_4	M1944_4	143	1278	554	554
M2746_4	M2112_4	143	1312	1138	1138
M2746_4	M2174_4	143	1156	601	601
M2746_4	M340_4	143	1329	200	200
M2746_4	M730_4	143	1201	535	535
M340_4	F1284_4	143	1237	708	708
M340_4	F2117_4	143	1251	382	382
M340_4	F2621_4	143	1071	1005	1005
M340_4	F338_4	143	1150	495	495
M340_4	F688_4	143	1138	1014	1014
M340_4	F976_4	143	1308	1082	1082
M340_4	M1419_4	143	1207	919	919
M340_4	M1733_4	143	1310	1236	1236
M340_4	M1944_4	143	1262	724	724
M340_4	M2112_4	143	1330	1222	1222
M340_4	M2174_4	143	1397	947	947
M340_4	M2746_4	143	1329	641	641
M340_4	M730_4	143	1254	745	745
M730_4	F1284_4	143	1240	751	2604
M730_4	F2117_4	143	1274	452	1551
M730_4	F2621_4	143	1348	1281	4384
M730_4	F338_4	143	1320	610	2024
M730_4	F688_4	143	1275	1173	3871
M730_4	F976_4	143	1226	1044	3580
M730_4	M1419_4	143	1200	951	3250
M730_4	M1733_4	143	1305	1241	4264
M730_4	M1944_4	143	1291	781	2648
M730_4	M2112_4	143	1167	1075	3708
M730_4	M2174_4	143	1289	900	3094
M730_4	M2746_4	143	1201	642	2153
M730_4	M340_4	143	1254	318	1040
F1186_4	F1511_4	144	1268	979	979
F1186_4	F1694_4	144	1340	698	698
F1186_4	F1734_4	144	1310	1277	1277
F1186_4	F192_4	144	1296	1220	1220
F1186_4	F2370_4	144	1269	1132	1132
F1186_4	F2493_4	144	1263	745	745
F1186_4	F339_4	144	1181	1086	1086
F1186_4	F761_4	144	1279	783	783
F1186_4	F971_4	144	1222	920	920
F1186_4	M2047_4	144	1230	1206	1206
F1186_4	M2104_4	144	1241	988	988
F1186_4	M2643_4	144	1260	973	973
F1186_4	M344_4	144	1350	1205	1205
F1511_4	F1186_4	144	1268	966	966
F1511_4	F1694_4	144	1323	602	602
F1511_4	F1734_4	144	1292	1259	1259
F1511_4	F192_4	144	1280	1183	1183
F1511_4	F2370_4	144	1273	1068	1068
F1511_4	F2493_4	144	1386	718	718
F1511_4	F339_4	144	1162	1041	1041
F1511_4	F761_4	144	1312	759	759
F1511_4	F971_4	144	1308	949	949
F1511_4	M2047_4	144	1346	1313	1313
F1511_4	M2104_4	144	1267	987	987
F1511_4	M2643_4	144	1388	1013	1013
F1511_4	M344_4	144	1286	1148	1148
F1694_4	F1186_4	144	1340	523	1165
F1694_4	F1511_4	144	1323	461	1040
F1694_4	F1734_4	144	1328	1202	2627
F1694_4	F192_4	144	1109	814	1809
F1694_4	F2370_4	144	995	558	1210
F1694_4	F2493_4	144	1397	310	689
F1694_4	F339_4	144	1207	835	1805
F1694_4	F761_4	144	1129	244	548
F1694_4	F971_4	144	1274	504	1132
F1694_4	M2047_4	144	1261	1143	2510
F1694_4	M2104_4	144	1289	549	1191
F1694_4	M2643_4	144	1301	517	1142
F1694_4	M344_4	144	1317	793	1736
F1734_4	F1186_4	144	1310	1182	1248
F1734_4	F1511_4	144	1292	1117	1161
F1734_4	F1694_4	144	1328	943	981
F1734_4	F192_4	144	1235	1197	1263
F1734_4	F2370_4	144	1172	1117	1182
F1734_4	F2493_4	144	1318	1000	1049
F1734_4	F339_4	144	1179	1130	1184
F1734_4	F761_4	144	1343	1053	1116
F1734_4	F971_4	144	1308	1153	1218
F1734_4	M2047_4	144	1308	1295	1356
F1734_4	M2104_4	144	1144	1034	1077
F1734_4	M2643_4	144	1287	1155	1209
F1734_4	M344_4	144	1139	1091	1145
F192_4	F1186_4	144	1296	719	879
F192_4	F1511_4	144	1280	678	823
F192_4	F1694_4	144	1109	335	415
F192_4	F1734_4	144	1235	1168	1400
F192_4	F2370_4	144	1279	919	1119
F192_4	F2493_4	144	1213	410	505
F192_4	F339_4	144	1085	872	1043
F192_4	F761_4	144	1419	549	635
F192_4	F971_4	144	1183	628	758
F192_4	M2047_4	144	1210	1126	1366
F192_4	M2104_4	144	1233	731	889
F192_4	M2643_4	144	1352	768	928
F192_4	M344_4	144	1303	1031	1228
F2370_4	F1186_4	144	1269	626	1418
F2370_4	F1511_4	144	1273	560	1229
F2370_4	F1694_4	144	995	217	472
F2370_4	F1734_4	144	1172	1093	2491
F2370_4	F192_4	144	1279	1032	2261
F2370_4	F2493_4	144	1329	377	811
F2370_4	F339_4	144	1378	1045	2333
F2370_4	F761_4	144	1168	364	794
F2370_4	F971_4	144	1237	574	1274
F2370_4	M2047_4	144	1129	1047	2285
F2370_4	M2104_4	144	1186	615	1417
F2370_4	M2643_4	144	1252	604	1313
F2370_4	M344_4	144	1251	889	2000
F2493_4	F1186_4	144	1263	177	177
F2493_4	F1511_4	144	1386	170	170
F2493_4	F1694_4	144	1397	64	64
F2493_4	F1734_4	144	1318	930	930
F2493_4	F192_4	144	1213	488	488
F2493_4	F2370_4	144	1329	339	339
F2493_4	F339_4	144	1076	361	361
F2493_4	F761_4	144	1326	102	102
F2493_4	F971_4	144	1269	189	189
F2493_4	M2047_4	144	1227	847	847
F2493_4	M2104_4	144	1337	194	194
F2493_4	M2643_4	144	1285	157	157
F2493_4	M344_4	144	1109	364	364
F339_4	F1186_4	144	1181	14	31
F339_4	F1511_4	144	1162	13	40
F339_4	F1694_4	144	1207	9	26
F339_4	F1734_4	144	1179	200	424
F339_4	F192_4	144	1085	65	154
F339_4	F2370_4	144	1378	30	68
F339_4	F2493_4	144	1076	6	9
F339_4	F761_4	144	1093	3	6
F339_4	F971_4	144	1204	11	27
F339_4	M2047_4	144	1216	173	394
F339_4	M2104_4	144	1336	22	48
F339_4	M2643_4	144	1229	13	27
F339_4	M344_4	144	1215	37	85
F761_4	F1186_4	144	1279	480	1260
F761_4	F1511_4	144	1312	480	1267
F761_4	F1694_4	144	1129	174	430
F761_4	F1734_4	144	1343	1219	3096
F761_4	F192_4	144	1419	1006	2682
F761_4	F2370_4	144	1168	635	1667
F761_4	F2493_4	144	1326	257	673
F761_4	F339_4	144	1093	722	1832
F761_4	F971_4	144	1276	468	1229
F761_4	M2047_4	144	1154	1030	2697
F761_4	M2104_4	144	1210	497	1306
F761_4	M2643_4	144	1168	425	1093
F761_4	M344_4	144	1263	775	2025
F971_4	F1186_4	144	1222	746	746
F971_4	F1511_4	144	1308	740	740
F971_4	F1694_4	144	1274	411	411
F971_4	F1734_4	144	1308	1238	1238
F971_4	F192_4	144	1183	1037	1037
F971_4	F2370_4	144	1237	935	935
F971_4	F2493_4	144	1269	507	507
F971_4	F339_4	144	1204	1022	1022
F971_4	F761_4	144	1276	511	511
F971_4	M2047_4	144	1152	1098	1098
F971_4	M2104_4	144	1249	805	805
F971_4	M2643_4	144	1313	766	766
F971_4	M344_4	144	1292	1012	1012
M2047_4	F1186_4	144	1230	104	112
M2047_4	F1511_4	144	1346	111	126
M2047_4	F1694_4	144	1261	43	46
M2047_4	F1734_4	144	1308	797	917
M2047_4	F192_4	144	1210	351	406
M2047_4	F2370_4	144	1129	203	239
M2047_4	F2493_4	144	1227	54	61
M2047_4	F339_4	144	1216	288	334
M2047_4	F761_4	144	1154	50	58
M2047_4	F971_4	144	1152	73	82
M2047_4	M2104_4	144	1344	138	156
M2047_4	M2643_4	144	1271	122	136
M2047_4	M344_4	144	1250	268	315
M2104_4	F1186_4	144	1241	767	959
M2104_4	F1511_4	144	1267	708	887
M2104_4	F1694_4	144	1289	434	523
M2104_4	F1734_4	144	1144	1094	1374
M2104_4	F192_4	144	1233	1041	1313
M2104_4	F2370_4	144	1186	878	1088
M2104_4	F2493_4	144	1337	510	648
M2104_4	F339_4	144	1336	1092	1366
M2104_4	F761_4	144	1210	464	573
M2104_4	F971_4	144	1249	704	878
M2104_4	M2047_4	144	1344	1297	1586
M2104_4	M2643_4	144	1248	745	909
M2104_4	M344_4	144	1234	962	1199
M2643_4	F1186_4	144	1260	813	813
M2643_4	F1511_4	144	1388	836	836
M2643_4	F1694_4	144	1301	438	438
M2643_4	F1734_4	144	1287	1242	1242
M2643_4	F192_4	144	1352	1203	1203
M2643_4	F2370_4	144	1252	928	928
M2643_4	F2493_4	144	1285	520	520
M2643_4	F339_4	144	1229	1035	1035
M2643_4	F761_4	144	1168	509	509
M2643_4	F971_4	144	1313	794	794
M2643_4	M2047_4	144	1271	1226	1226
M2643_4	M2104_4	144	1248	821	821
M2643_4	M344_4	144	1473	1200	1200
M344_4	F1186_4	144	1350	475	475
M344_4	F1511_4	144	1286	390	390
M344_4	F1694_4	144	1317	201	201
M344_4	F1734_4	144	1139	998	998
M344_4	F192_4	144	1303	890	890
M344_4	F2370_4	144	1251	601	601
M344_4	F2493_4	144	1109	207	207
M344_4	F339_4	144	1215	731	731
M344_4	F761_4	144	1263	221	221
M344_4	F971_4	144	1292	417	417
M344_4	M2047_4	144	1250	1075	1075
M344_4	M2104_4	144	1234	467	467
M344_4	M2643_4	144	1473	512	512
F1055_4	F1196_4	145	1437	367	1248
F1055_4	F1454_4	145	1172	652	2160
F1055_4	F1723_4	145	1329	968	3291
F1055_4	F2016_4	145	1206	271	932
F1055_4	F2204_4	145	1190	497	1673
F1055_4	F2389_4	145	1291	381	1321
F1055_4	F801_4	145	1310	248	828
F1055_4	F811_4	145	1420	254	859
F1055_4	M1293_4	145	1284	614	2036
F1055_4	M1486_4	145	1186	825	2770
F1055_4	M148_4	145	1175	848	2709
F1055_4	M2712_4	145	1338	813	2622
F1055_4	M288_4	145	1225	216	707
F1196_4	F1055_4	145	1437	178	178
F1196_4	F1454_4	145	1299	494	494
F1196_4	F1723_4	145	1333	712	712
F1196_4	F2016_4	145	1308	158	158
F1196_4	F2204_4	145	1191	288	288
F1196_4	F2389_4	145	1347	246	246
F1196_4	F801_4	145	1190	128	128
F1196_4	F811_4	145	1177	122	122
F1196_4	M1293_4	145	1175	347	347
F1196_4	M1486_4	145	1288	644	644
F1196_4	M148_4	145	1088	606	606
F1196_4	M2712_4	145	1299	541	541
F1196_4	M288_4	145	1244	106	106
F1454_4	F1055_4	145	1172	387	1234
F1454_4	F1196_4	145	1299	438	1380
F1454_4	F1723_4	145	1290	1067	3413
F1454_4	F2016_4	145	1324	418	1335
F1454_4	F2204_4	145	1248	636	2022
F1454_4	F2389_4	145	1300	574	1835
F1454_4	F801_4	145	1273	353	1174
F1454_4	F811_4	145	1223	336	1095
F1454_4	M1293_4	145	1198	722	2258
F1454_4	M1486_4	145	1443	1139	3644
F1454_4	M148_4	145	1344	1082	3475
F1454_4	M2712_4	145	1308	948	3090
F1454_4	M288_4	145	1365	350	1117
F1723_4	F1055_4	145	1329	50	50
F1723_4	F1196_4	145	1333	53	53
F1723_4	F1454_4	145	1290	206	206
F1723_4	F2016_4	145	1205	59	59
F1723_4	F2204_4	145	1191	109	109
F1723_4	F2389_4	145	1342	89	89
F1723_4	F801_4	145	1244	39	39
F1723_4	F811_4	145	1315	52	52
F1723_4	M1293_4	145	1149	115	115
F1723_4	M1486_4	145	1135	272	272
F1723_4	M148_4	145	1249	390	390
F1723_4	M2712_4	145	1226	237	237
F1723_4	M288_4	145	1237	37	37
F2016_4	F1055_4	145	1206	181	181
F2016_4	F1196_4	145	1308	223	223
F2016_4	F1454_4	145	1324	613	613
F2016_4	F1723_4	145	1205	793	793
F2016_4	F2204_4	145	1236	395	395
F2016_4	F2389_4	145	1358	328	328
F2016_4	F801_4	145	1358	165	165
F2016_4	F811_4	145	1248	153	153
F2016_4	M1293_4	145	1240	445	445
F2016_4	M1486_4	145	1309	764	764
F2016_4	M148_4	145	1379	843	843
F2016_4	M2712_4	145	1333	714	714
F2016_4	M288_4	145	1153	128	128
F2204_4	F1055_4	145	1190	84	84
F2204_4	F1196_4	145	1191	95	95
F2204_4	F1454_4	145	1248	357	357
F2204_4	F1723_4	145	1191	508	508
F2204_4	F2016_4	145	1236	95	95
F2204_4	F2389_4	145	1214	137	137
F2204_4	F801_4	145	1422	104	104
F2204_4	F811_4	145	1120	73	73
F2204_4	M1293_4	145	1368	292	292
F2204_4	M1486_4	145	1253	518	518
F2204_4	M148_4	145	1368	597	597
F2204_4	M2712_4	145	1240	390	390
F2204_4	M288_4	145	1171	68	68
F2389_4	F1055_4	145	1291	815	3296
F2389_4	F1196_4	145	1347	857	3495
F2389_4	F1454_4	145	1300	1141	4498
F2389_4	F1723_4	145	1342	1265	4989
F2389_4	F2016_4	145	1358	841	3482
F2389_4	F2204_4	145	1214	985	3937
F2389_4	F801_4	145	1284	717	2826
F2389_4	F811_4	145	1341	735	3020
F2389_4	M1293_4	145	1213	1045	4222
F2389_4	M1486_4	145	1273	1188	4718
F2389_4	M148_4	145	1317	1232	4876
F2389_4	M2712_4	145	1078	975	3977
F2389_4	M288_4	145	1121	609	2463
F801_4	F1055_4	145	1310	695	2967
F801_4	F1196_4	145	1190	673	2783
F801_4	F1454_4	145	1273	1068	4506
F801_4	F1723_4	145	1244	1142	4809
F801_4	F2016_4	145	1358	703	2910
F801_4	F2204_4	145	1422	1010	4208
F801_4	F2389_4	145	1284	816	3451
F801_4	F811_4	145	1167	562	2342
F801_4	M1293_4	145	1289	1009	4209
F801_4	M1486_4	145	1372	1223	5128
F801_4	M148_4	145	1240	1130	4679
F801_4	M2712_4	145	1260	1109	4610
F801_4	M288_4	145	1265	557	2346
F811_4	F1055_4	145	1420	69	69
F811_4	F1196_4	145	1177	78	78
F811_4	F1454_4	145	1223	277	277
F811_4	F1723_4	145	1315	445	445
F811_4	F2016_4	145	1248	90	90
F811_4	F2204_4	145	1120	139	139
F811_4	F2389_4	145	1341	133	133
F811_4	F801_4	145	1167	60	60
F811_4	M1293_4	145	1096	182	182
F811_4	M1486_4	145	1202	377	377
F811_4	M148_4	145	1241	440	440
F811_4	M2712_4	145	1195	308	308
F811_4	M288_4	145	1304	38	38
M1293_4	F1055_4	145	1284	111	111
M1293_4	F1196_4	145	1175	94	94
M1293_4	F1454_4	145	1198	310	310
M1293_4	F1723_4	145	1149	490	490
M1293_4	F2016_4	145	1240	80	80
M1293_4	F2204_4	145	1368	214	214
M1293_4	F2389_4	145	1213	138	138
M1293_4	F801_4	145	1289	98	98
M1293_4	F811_4	145	1096	57	57
M1293_4	M1486_4	145	1153	472	472
M1293_4	M148_4	145	1301	562	562
M1293_4	M2712_4	145	1294	404	404
M1293_4	M288_4	145	1473	86	86
M1486_4	F1055_4	145	1186	501	501
M1486_4	F1196_4	145	1288	582	582
M1486_4	F1454_4	145	1443	1145	1145
M1486_4	F1723_4	145	1135	992	992
M1486_4	F2016_4	145	1309	533	533
M1486_4	F2204_4	145	1253	776	776
M1486_4	F2389_4	145	1273	681	681
M1486_4	F801_4	145	1372	511	511
M1486_4	F811_4	145	1202	463	463
M1486_4	M1293_4	145	1153	823	823
M1486_4	M148_4	145	1226	1078	1078
M1486_4	M2712_4	145	1451	1180	1180
M1486_4	M288_4	145	1377	484	484
M148_4	F1055_4	145	1175	257	383
M148_4	F1196_4	145	1088	268	379
M148_4	F1454_4	145	1344	764	1088
M148_4	F1723_4	145	1249	888	1298
M148_4	F2016_4	145	1379	310	446
M148_4	F2204_4	145	1368	590	909
M148_4	F2389_4	145	1317	423	604
M148_4	F801_4	145	1240	251	357
M148_4	F811_4	145	1241	242	336
M148_4	M1293_4	145	1301	658	956
M148_4	M1486_4	145	1226	877	1260
M148_4	M2712_4	145	1186	741	1087
M148_4	M288_4	145	1353	241	359
M2712_4	F1055_4	145	1338	349	349
M2712_4	F1196_4	145	1299	329	329
M2712_4	F1454_4	145	1308	767	767
M2712_4	F1723_4	145	1226	894	894
M2712_4	F2016_4	145	1333	345	345
M2712_4	F2204_4	145	1240	520	520
M2712_4	F2389_4	145	1078	343	343
M2712_4	F801_4	145	1260	280	280
M2712_4	F811_4	145	1195	257	257
M2712_4	M1293_4	145	1294	670	670
M2712_4	M1486_4	145	1451	1006	1006
M2712_4	M148_4	145	1186	852	852
M2712_4	M288_4	145	1155	213	213
M288_4	F1055_4	145	1225	713	1497
M288_4	F1196_4	145	1244	766	1517
M288_4	F1454_4	145	1365	1179	2408
M288_4	F1723_4	145	1237	1152	2377
M288_4	F2016_4	145	1153	647	1319
M288_4	F2204_4	145	1171	865	1813
M288_4	F2389_4	145	1121	777	1612
M288_4	F801_4	145	1265	658	1417
M288_4	F811_4	145	1304	665	1301
M288_4	M1293_4	145	1473	1204	2503
M288_4	M1486_4	145	1377	1238	2577
M288_4	M148_4	145	1353	1249	2568
M288_4	M2712_4	145	1155	1024	2041
F1251_4	F2332_4	146	1343	432	432
F1251_4	F2420_4	146	1245	981	981
F1251_4	F2550_4	146	1309	415	415
F1251_4	F581_4	146	1182	108	108
F1251_4	M1076_4	146	1301	822	822
F1251_4	M1197_4	146	1254	200	200
F1251_4	M1322_4	146	1177	454	454
F1251_4	M1530_4	146	1328	1076	1076
F1251_4	M1612_4	146	1283	491	491
F1251_4	M1634_4	146	1499	195	195
F1251_4	M2318_4	146	1260	185	185
F1251_4	M803_4	146	1263	109	109
F1251_4	M95_4	146	1262	126	126
F2332_4	F1251_4	146	1343	926	926
F2332_4	F2420_4	146	1247	1037	1037
F2332_4	F2550_4	146	1352	496	496
F2332_4	F581_4	146	1427	180	180
F2332_4	M1076_4	146	1261	843	843
F2332_4	M1197_4	146	1192	203	203
F2332_4	M1322_4	146	1260	553	553
F2332_4	M1530_4	146	1259	1031	1031
F2332_4	M1612_4	146	1337	554	554
F2332_4	M1634_4	146	1239	185	185
F2332_4	M2318_4	146	1278	192	192
F2332_4	M803_4	146	1206	101	101
F2332_4	M95_4	146	1084	106	106
F2420_4	F1251_4	146	1245	1101	1101
F2420_4	F2332_4	146	1247	826	826
F2420_4	F2550_4	146	1265	822	822
F2420_4	F581_4	146	1462	460	460
F2420_4	M1076_4	146	1141	1020	1020
F2420_4	M1197_4	146	1136	509	509
F2420_4	M1322_4	146	1384	1025	1025
F2420_4	M1530_4	146	1270	1196	1196
F2420_4	M1612_4	146	1329	960	960
F2420_4	M1634_4	146	1357	528	528
F2420_4	M2318_4	146	1263	491	491
F2420_4	M803_4	146	1335	334	334
F2420_4	M95_4	146	1126	319	319
F2550_4	F1251_4	146	1309	1236	2985
F2550_4	F2332_4	146	1352	1027	2464
F2550_4	F2420_4	146	1265	1226	2990
F2550_4	F581_4	146	1310	605	1430
F2550_4	M1076_4	146	1330	1235	3023
F2550_4	M1197_4	146	1430	825	1988
F2550_4	M1322_4	146	1328	1109	2773
F2550_4	M1530_4	146	1304	1270	3130
F2550_4	M1612_4	146	1184	989	2387
F2550_4	M1634_4	146	1164	611	1469
F2550_4	M2318_4	146	1182	643	1563
F2550_4	M803_4	146	1369	525	1282
F2550_4	M95_4	146	1207	519	1268
F581_4	F1251_4	146	1182	941	941
F581_4	F2332_4	146	1427	737	737
F581_4	F2420_4	146	1462	1315	1315
F581_4	F2550_4	146	1310	648	648
F581_4	M1076_4	146	1293	997	997
F581_4	M1197_4	146	1403	412	412
F581_4	M1322_4	146	1282	772	772
F581_4	M1530_4	146	1159	1032	1032
F581_4	M1612_4	146	1146	669	669
F581_4	M1634_4	146	1284	308	308
F581_4	M2318_4	146	1277	304	304
F581_4	M803_4	146	1181	187	187
F581_4	M95_4	146	1166	197	197
M1076_4	F1251_4	146	1301	1114	1114
M1076_4	F2332_4	146	1261	802	802
M1076_4	F2420_4	146	1141	1053	1053
M1076_4	F2550_4	146	1330	830	830
M1076_4	F581_4	146	1293	359	359
M1076_4	M1197_4	146	1281	532	532
M1076_4	M1322_4	146	1177	800	800
M1076_4	M1530_4	146	1284	1195	1195
M1076_4	M1612_4	146	1136	761	761
M1076_4	M1634_4	146	1273	475	475
M1076_4	M2318_4	146	1219	426	426
M1076_4	M803_4	146	1356	312	312
M1076_4	M95_4	146	1224	307	307
M1197_4	F1251_4	146	1254	1131	1935
M1197_4	F2332_4	146	1192	827	1443
M1197_4	F2420_4	146	1136	1074	1878
M1197_4	F2550_4	146	1430	1014	1742
M1197_4	F581_4	146	1403	494	841
M1197_4	M1076_4	146	1281	1155	1991
M1197_4	M1322_4	146	1376	1049	1851
M1197_4	M1530_4	146	1334	1277	2213
M1197_4	M1612_4	146	1165	856	1509
M1197_4	M1634_4	146	1182	510	875
M1197_4	M2318_4	146	1375	598	1009
M1197_4	M803_4	146	1082	340	588
M1197_4	M95_4	146	1365	462	803
M1322_4	F1251_4	146	1177	1116	1862
M1322_4	F2332_4	146	1260	1032	1721
M1322_4	F2420_4	146	1384	1351	2252
M1322_4	F2550_4	146	1328	1131	1940
M1322_4	F581_4	146	1282	751	1285
M1322_4	M1076_4	146	1177	1110	1831
M1322_4	M1197_4	146	1376	938	1590
M1322_4	M1530_4	146	1336	1298	2133
M1322_4	M1612_4	146	1165	1027	1702
M1322_4	M1634_4	146	1157	772	1299
M1322_4	M2318_4	146	1457	932	1566
M1322_4	M803_4	146	1308	659	1075
M1322_4	M95_4	146	1449	774	1297
M1530_4	F1251_4	146	1328	1161	1726
M1530_4	F2332_4	146	1259	856	1288
M1530_4	F2420_4	146	1270	1213	1814
M1530_4	F2550_4	146	1304	849	1215
M1530_4	F581_4	146	1159	353	506
M1530_4	M1076_4	146	1284	1141	1680
M1530_4	M1197_4	146	1334	573	863
M1530_4	M1322_4	146	1336	1003	1443
M1530_4	M1612_4	146	1367	1000	1448
M1530_4	M1634_4	146	1276	486	711
M1530_4	M2318_4	146	1342	507	749
M1530_4	M803_4	146	1199	329	501
M1530_4	M95_4	146	1219	356	541
M1612_4	F1251_4	146	1283	1187	2690
M1612_4	F2332_4	146	1337	1023	2321
M1612_4	F2420_4	146	1329	1278	2832
M1612_4	F2550_4	146	1184	906	2037
M1612_4	F581_4	146	1146	473	1099
M1612_4	M1076_4	146	1136	1042	2390
M1612_4	M1197_4	146	1165	678	1513
M1612_4	M1322_4	146	1165	963	2098
M1612_4	M1530_4	146	1367	1313	2931
M1612_4	M1634_4	146	1204	641	1468
M1612_4	M2318_4	146	1306	645	1474
M1612_4	M803_4	146	1186	418	957
M1612_4	M95_4	146	1264	498	1095
M1634_4	F1251_4	146	1499	1000	1000
M1634_4	F2332_4	146	1239	450	450
M1634_4	F2420_4	146	1357	1077	1077
M1634_4	F2550_4	146	1164	370	370
M1634_4	F581_4	146	1284	131	131
M1634_4	M1076_4	146	1273	848	848
M1634_4	M1197_4	146	1182	188	188
M1634_4	M1322_4	146	1157	496	496
M1634_4	M1530_4	146	1276	1064	1064
M1634_4	M1612_4	146	1204	514	514
M1634_4	M2318_4	146	1185	161	161
M1634_4	M803_4	146	1264	128	128
M1634_4	M95_4	146	1280	135	135
M2318_4	F1251_4	146	1260	1109	1109
M2318_4	F2332_4	146	1278	885	885
M2318_4	F2420_4	146	1263	1193	1193
M2318_4	F2550_4	146	1182	801	801
M2318_4	F581_4	146	1277	404	404
M2318_4	M1076_4	146	1219	1070	1070
M2318_4	M1197_4	146	1375	611	611
M2318_4	M1322_4	146	1457	1111	1111
M2318_4	M1530_4	146	1342	1272	1272
M2318_4	M1612_4	146	1306	943	943
M2318_4	M1634_4	146	1185	511	511
M2318_4	M803_4	146	1347	410	410
M2318_4	M95_4	146	1403	459	459
M803_4	F1251_4	146	1263	1130	3730
M803_4	F2332_4	146	1206	776	2529
M803_4	F2420_4	146	1335	1259	4183
M803_4	F2550_4	146	1369	906	3006
M803_4	F581_4	146	1181	356	1192
M803_4	M1076_4	146	1356	1197	3908
M803_4	M1197_4	146	1082	490	1667
M803_4	M1322_4	146	1308	957	3186
M803_4	M1530_4	146	1199	1148	3850
M803_4	M1612_4	146	1186	853	2776
M803_4	M1634_4	146	1264	476	1591
M803_4	M2318_4	146	1347	502	1700
M803_4	M95_4	146	1259	360	1176
M95_4	F1251_4	146	1262	651	858
M95_4	F2332_4	146	1084	247	307
M95_4	F2420_4	146	1126	789	1022
M95_4	F2550_4	146	1207	248	326
M95_4	F581_4	146	1166	69	89
M95_4	M1076_4	146	1224	618	790
M95_4	M1197_4	146	1365	119	157
M95_4	M1322_4	146	1449	389	489
M95_4	M1530_4	146	1219	849	1101
M95_4	M1612_4	146	1264	335	435
M95_4	M1634_4	146	1280	117	149
M95_4	M2318_4	146	1403	108	137
M95_4	M803_4	146	1259	74	92
F1016_4	F1142_4	147	1062	374	374
F1016_4	F1173_4	147	1315	633	633
F1016_4	F1204_4	147	1391	1163	1163
F1016_4	F188_4	147	1292	999	999
F1016_4	F2073_4	147	1205	559	559
F1016_4	F2075_4	147	1193	1116	1116
F1016_4	F2292_4	147	1276	716	716
F1016_4	F2321_4	147	1187	1122	1122
F1016_4	F2555_4	147	1288	473	473
F1016_4	F2618_4	147	1214	406	406
F1016_4	F2703_4	147	1207	897	897
F1016_4	F447_4	147	1290	1007	1007
F1016_4	F705_4	147	1347	802	802
F1142_4	F1016_4	147	1062	154	193
F1142_4	F1173_4	147	1223	213	268
F1142_4	F1204_4	147	1245	660	822
F1142_4	F188_4	147	1225	553	711
F1142_4	F2073_4	147	1319	199	252
F1142_4	F2075_4	147	1179	932	1190
F1142_4	F2292_4	147	1134	241	308
F1142_4	F2321_4	147	1436	1145	1451
F1142_4	F2555_4	147	1529	178	220
F1142_4	F2618_4	147	1360	144	182
F1142_4	F2703_4	147	1342	517	659
F1142_4	F447_4	147	1484	665	842
F1142_4	F705_4	147	1319	334	419
F1173_4	F1016_4	147	1315	1040	1968
F1173_4	F1142_4	147	1223	891	1723
F1173_4	F1204_4	147	1298	1251	2365
F1173_4	F188_4	147	1298	1231	2435
F1173_4	F2073_4	147	1219	940	1820
F1173_4	F2075_4	147	1188	1173	2289
F1173_4	F2292_4	147	1347	1164	2286
F1173_4	F2321_4	147	1166	1152	2304
F1173_4	F2555_4	147	1228	927	1823
F1173_4	F2618_4	147	1255	835	1609
F1173_4	F2703_4	147	1210	1118	2258
F1173_4	F447_4	147	1456	1368	2633
F1173_4	F705_4	147	1246	1095	2127
F1204_4	F1016_4	147	1391	261	261
F1204_4	F1142_4	147	1245	198	198
F1204_4	F1173_4	147	1298	287	287
F1204_4	F188_4	147	1201	618	618
F1204_4	F2073_4	147	1096	192	192
F1204_4	F2075_4	147	1203	987	987
F1204_4	F2292_4	147	1348	364	364
F1204_4	F2321_4	147	1248	1016	1016
F1204_4	F2555_4	147	1270	194	194
F1204_4	F2618_4	147	1366	176	176
F1204_4	F2703_4	147	1173	528	528
F1204_4	F447_4	147	1198	588	588
F1204_4	F705_4	147	1313	405	405
F188_4	F1016_4	147	1292	602	2031
F188_4	F1142_4	147	1225	488	1646
F188_4	F1173_4	147	1298	692	2421
F188_4	F1204_4	147	1201	1043	3666
F188_4	F2073_4	147	1319	635	2200
F188_4	F2075_4	147	1344	1288	4604
F188_4	F2292_4	147	1302	780	2835
F188_4	F2321_4	147	1341	1274	4477
F188_4	F2555_4	147	1204	546	1958
F188_4	F2618_4	147	1362	516	1820
F188_4	F2703_4	147	1163	877	3012
F188_4	F447_4	147	1237	1008	3528
F188_4	F705_4	147	1224	783	2736
F2073_4	F1016_4	147	1205	480	996
F2073_4	F1142_4	147	1319	482	951
F2073_4	F1173_4	147	1219	583	1183
F2073_4	F1204_4	147	1096	881	1765
F2073_4	F188_4	147	1319	1032	2052
F2073_4	F2075_4	147	1297	1207	2481
F2073_4	F2292_4	147	1269	687	1461
F2073_4	F2321_4	147	1330	1237	2528
F2073_4	F2555_4	147	1248	463	995
F2073_4	F2618_4	147	1250	419	891
F2073_4	F2703_4	147	1140	814	1685
F2073_4	F447_4	147	1437	1116	2293
F2073_4	F705_4	147	1192	659	1323
F2075_4	F1016_4	147	1193	1077	2040
F2075_4	F1142_4	147	1179	1013	1919
F2075_4	F1173_4	147	1188	1088	2039
F2075_4	F1204_4	147	1203	1182	2204
F2075_4	F188_4	147	1344	1319	2543
F2075_4	F2073_4	147	1297	1138	2143
F2075_4	F2292_4	147	1356	1261	2414
F2075_4	F2321_4	147	1244	1236	2293
F2075_4	F2555_4	147	1048	918	1759
F2075_4	F2618_4	147	1152	971	1833
F2075_4	F2703_4	147	1211	1178	2238
F2075_4	F447_4	147	1176	1153	2238
F2075_4	F705_4	147	1368	1294	2440
F2292_4	F1016_4	147	1276	832	832
F2292_4	F1142_4	147	1134	618	618
F2292_4	F1173_4	147	1347	947	947
F2292_4	F1204_4	147	1348	1242	1242
F2292_4	F188_4	147	1302	1174	1174
F2292_4	F2073_4	147	1269	803	803
F2292_4	F2075_4	147	1356	1311	1311
F2292_4	F2321_4	147	1222	1196	1196
F2292_4	F2555_4	147	1364	800	800
F2292_4	F2618_4	147	1302	711	711
F2292_4	F2703_4	147	1187	1023	1023
F2292_4	F447_4	147	1115	998	998
F2292_4	F705_4	147	1320	1026	1026
F2321_4	F1016_4	147	1187	819	1209
F2321_4	F1142_4	147	1436	894	1335
F2321_4	F1173_4	147	1166	879	1344
F2321_4	F1204_4	147	1248	1172	1784
F2321_4	F188_4	147	1341	1201	1808
F2321_4	F2073_4	147	1330	905	1357
F2321_4	F2075_4	147	1244	1218	1825
F2321_4	F2292_4	147	1222	983	1469
F2321_4	F2555_4	147	1482	942	1401
F2321_4	F2618_4	147	1290	735	1135
F2321_4	F2703_4	147	1220	1086	1638
F2321_4	F447_4	147	1190	1075	1621
F2321_4	F705_4	147	1215	998	1527
F2555_4	F1016_4	147	1288	298	753
F2555_4	F1142_4	147	1529	258	626
F2555_4	F1173_4	147	1228	331	833
F2555_4	F1204_4	147	1270	836	2109
F2555_4	F188_4	147	1204	709	1822
F2555_4	F2073_4	147	1248	271	728
F2555_4	F2075_4	147	1048	898	2253
F2555_4	F2292_4	147	1364	443	1082
F2555_4	F2321_4	147	1482	1262	3169
F2555_4	F2618_4	147	1245	189	465
F2555_4	F2703_4	147	1318	669	1707
F2555_4	F447_4	147	1396	777	1947
F2555_4	F705_4	147	1295	487	1205
F2618_4	F1016_4	147	1214	241	1340
F2618_4	F1142_4	147	1360	188	979
F2618_4	F1173_4	147	1255	283	1537
F2618_4	F1204_4	147	1366	826	4509
F2618_4	F188_4	147	1362	708	3775
F2618_4	F2073_4	147	1250	221	1210
F2618_4	F2075_4	147	1152	966	5333
F2618_4	F2292_4	147	1302	366	2013
F2618_4	F2321_4	147	1290	1067	5781
F2618_4	F2555_4	147	1245	205	1139
F2618_4	F2703_4	147	1088	490	2630
F2618_4	F447_4	147	1258	657	3616
F2618_4	F705_4	147	1212	365	1929
F2703_4	F1016_4	147	1207	939	939
F2703_4	F1142_4	147	1342	995	995
F2703_4	F1173_4	147	1210	1005	1005
F2703_4	F1204_4	147	1173	1128	1128
F2703_4	F188_4	147	1163	1111	1111
F2703_4	F2073_4	147	1140	878	878
F2703_4	F2075_4	147	1211	1202	1202
F2703_4	F2292_4	147	1187	1045	1045
F2703_4	F2321_4	147	1220	1204	1204
F2703_4	F2555_4	147	1318	1002	1002
F2703_4	F2618_4	147	1088	782	782
F2703_4	F447_4	147	1407	1336	1336
F2703_4	F705_4	147	1256	1113	1113
F447_4	F1016_4	147	1290	461	461
F447_4	F1142_4	147	1484	399	399
F447_4	F1173_4	147	1456	609	609
F447_4	F1204_4	147	1198	948	948
F447_4	F188_4	147	1237	902	902
F447_4	F2073_4	147	1437	524	524
F447_4	F2075_4	147	1176	1074	1074
F447_4	F2292_4	147	1115	527	527
F447_4	F2321_4	147	1190	1099	1099
F447_4	F2555_4	147	1396	387	387
F447_4	F2618_4	147	1258	331	331
F447_4	F2703_4	147	1407	889	889
F447_4	F705_4	147	1273	666	666
F705_4	F1016_4	147	1347	410	850
F705_4	F1142_4	147	1319	309	682
F705_4	F1173_4	147	1246	417	873
F705_4	F1204_4	147	1313	970	2027
F705_4	F188_4	147	1224	788	1633
F705_4	F2073_4	147	1192	319	687
F705_4	F2075_4	147	1368	1202	2519
F705_4	F2292_4	147	1320	548	1102
F705_4	F2321_4	147	1215	1077	2316
F705_4	F2555_4	147	1295	342	693
F705_4	F2618_4	147	1212	225	460
F705_4	F2703_4	147	1256	737	1521
F705_4	F447_4	147	1273	836	1814
F1246_4	F1784_4	148	1227	878	878
F1246_4	F2414_4	148	1287	703	703
F1246_4	F2688_4	148	1313	146	146
F1246_4	F334_4	148	1125	187	187
F1246_4	F909_4	148	1307	271	271
F1246_4	F963_4	148	1266	95	95
F1246_4	M1318_4	148	1260	335	335
F1246_4	M1451_4	148	1303	352	352
F1246_4	M2290_4	148	1288	109	109
F1246_4	M2509_4	148	1110	345	345
F1246_4	M2622_4	148	1165	18	18
F1246_4	M2799_4	148	1248	360	360
F1246_4	M427_4	148	1224	287	287
F1784_4	F1246_4	148	1227	516	866
F1784_4	F2414_4	148	1312	643	1074
F1784_4	F2688_4	148	1275	101	174
F1784_4	F334_4	148	1212	183	308
F1784_4	F909_4	148	1245	205	352
F1784_4	F963_4	148	1221	80	138
F1784_4	M1318_4	148	1208	297	480
F1784_4	M1451_4	148	1239	291	484
F1784_4	M2290_4	148	1474	83	131
F1784_4	M2509_4	148	1294	330	543
F1784_4	M2622_4	148	1369	15	29
F1784_4	M2799_4	148	1191	284	477
F1784_4	M427_4	148	1347	256	427
F2414_4	F1246_4	148	1287	808	808
F2414_4	F1784_4	148	1312	1077	1077
F2414_4	F2688_4	148	1252	219	219
F2414_4	F334_4	148	1206	315	315
F2414_4	F909_4	148	1115	344	344
F2414_4	F963_4	148	1332	174	174
F2414_4	M1318_4	148	1301	542	542
F2414_4	M1451_4	148	1177	444	444
F2414_4	M2290_4	148	1318	132	132
F2414_4	M2509_4	148	1393	620	620
F2414_4	M2622_4	148	1140	24	24
F2414_4	M2799_4	148	1227	514	514
F2414_4	M427_4	148	1475	535	535
F2688_4	F1246_4	148	1313	1036	1036
F2688_4	F1784_4	148	1275	1127	1127
F2688_4	F2414_4	148	1252	1020	1020
F2688_4	F334_4	148	1211	558	558
F2688_4	F909_4	148	1234	548	548
F2688_4	F963_4	148	1186	281	281
F2688_4	M1318_4	148	1276	765	765
F2688_4	M1451_4	148	1318	760	760
F2688_4	M2290_4	148	1220	277	277
F2688_4	M2509_4	148	1278	788	788
F2688_4	M2622_4	148	1341	85	85
F2688_4	M2799_4	148	1226	725	725
F2688_4	M427_4	148	1267	679	679
F334_4	F1246_4	148	1125	426	426
F334_4	F1784_4	148	1212	696	696
F334_4	F2414_4	148	1206	505	505
F334_4	F2688_4	148	1211	90	90
F334_4	F909_4	148	1211	128	128
F334_4	F963_4	148	1156	61	61
F334_4	M1318_4	148	1294	229	229
F334_4	M1451_4	148	1357	235	235
F334_4	M2290_4	148	1161	54	54
F334_4	M2509_4	148	1272	274	274
F334_4	M2622_4	148	1414	10	10
F334_4	M2799_4	148	1283	229	229
F334_4	M427_4	148	1165	163	163
F909_4	F1246_4	148	1307	938	1457
F909_4	F1784_4	148	1245	1044	1685
F909_4	F2414_4	148	1115	812	1338
F909_4	F2688_4	148	1234	275	431
F909_4	F334_4	148	1211	389	644
F909_4	F963_4	148	1152	190	313
F909_4	M1318_4	148	1258	582	944
F909_4	M1451_4	148	1326	606	962
F909_4	M2290_4	148	1224	181	292
F909_4	M2509_4	148	1285	634	1021
F909_4	M2622_4	148	1300	56	84
F909_4	M2799_4	148	1251	580	940
F909_4	M427_4	148	1127	471	721
F963_4	F1246_4	148	1266	1149	1635
F963_4	F1784_4	148	1221	1184	1742
F963_4	F2414_4	148	1332	1229	1786
F963_4	F2688_4	148	1186	639	895
F963_4	F334_4	148	1156	779	1133
F963_4	F909_4	148	1152	808	1159
F963_4	M1318_4	148	1347	1043	1453
F963_4	M1451_4	148	1297	1037	1529
F963_4	M2290_4	148	1216	580	854
F963_4	M2509_4	148	1341	1112	1624
F963_4	M2622_4	148	1214	190	285
F963_4	M2799_4	148	1198	976	1418
F963_4	M427_4	148	1341	1009	1468
M1318_4	F1246_4	148	1260	1183	3179
M1318_4	F1784_4	148	1208	1172	3164
M1318_4	F2414_4	148	1301	1223	3396
M1318_4	F2688_4	148	1276	833	2274
M1318_4	F334_4	148	1294	979	2740
M1318_4	F909_4	148	1258	992	2733
M1318_4	F963_4	148	1347	756	2086
M1318_4	M1451_4	148	1344	1134	3186
M1318_4	M2290_4	148	1109	630	1717
M1318_4	M2509_4	148	1226	1057	2811
M1318_4	M2622_4	148	1112	231	616
M1318_4	M2799_4	148	1145	979	2747
M1318_4	M427_4	148	1221	1006	2770
M1451_4	F1246_4	148	1303	714	714
M1451_4	F1784_4	148	1239	896	896
M1451_4	F2414_4	148	1177	689	689
M1451_4	F2688_4	148	1318	161	161
M1451_4	F334_4	148	1357	240	240
M1451_4	F909_4	148	1326	299	299
M1451_4	F963_4	148	1297	103	103
M1451_4	M1318_4	148	1344	396	396
M1451_4	M2290_4	148	1304	103	103
M1451_4	M2509_4	148	1263	386	386
M1451_4	M2622_4	148	1206	24	24
M1451_4	M2799_4	148	1338	409	409
M1451_4	M427_4	148	1313	348	348
M2290_4	F1246_4	148	1288	1042	3184
M2290_4	F1784_4	148	1474	1359	4170
M2290_4	F2414_4	148	1318	1138	3435
M2290_4	F2688_4	148	1220	443	1397
M2290_4	F334_4	148	1161	530	1642
M2290_4	F909_4	148	1224	597	1803
M2290_4	F963_4	148	1216	351	1066
M2290_4	M1318_4	148	1109	718	2200
M2290_4	M1451_4	148	1304	856	2639
M2290_4	M2509_4	148	1295	860	2644
M2290_4	M2622_4	148	1065	83	249
M2290_4	M2799_4	148	1273	806	2490
M2290_4	M427_4	148	1357	809	2554
M2509_4	F1246_4	148	1110	733	733
M2509_4	F1784_4	148	1294	1057	1057
M2509_4	F2414_4	148	1393	992	992
M2509_4	F2688_4	148	1278	272	272
M2509_4	F334_4	148	1272	372	372
M2509_4	F909_4	148	1285	435	435
M2509_4	F963_4	148	1341	224	224
M2509_4	M1318_4	148	1226	542	542
M2509_4	M1451_4	148	1263	561	561
M2509_4	M2290_4	148	1295	186	186
M2509_4	M2622_4	148	1249	39	39
M2509_4	M2799_4	148	1414	617	617
M2509_4	M427_4	148	1199	488	488
M2622_4	F1246_4	148	1165	753	1914
M2622_4	F1784_4	148	1369	1106	2736
M2622_4	F2414_4	148	1140	811	2009
M2622_4	F2688_4	148	1341	224	542
M2622_4	F334_4	148	1414	350	870
M2622_4	F909_4	148	1300	380	935
M2622_4	F963_4	148	1214	141	364
M2622_4	M1318_4	148	1112	459	1105
M2622_4	M1451_4	148	1206	464	1159
M2622_4	M2290_4	148	1065	121	318
M2622_4	M2509_4	148	1249	526	1328
M2622_4	M2799_4	148	1231	549	1384
M2622_4	M427_4	148	1204	419	1008
M2799_4	F1246_4	148	1248	795	795
M2799_4	F1784_4	148	1191	963	963
M2799_4	F2414_4	148	1227	846	846
M2799_4	F2688_4	148	1226	232	232
M2799_4	F334_4	148	1283	336	336
M2799_4	F909_4	148	1251	406	406
M2799_4	F963_4	148	1198	152	152
M2799_4	M1318_4	148	1145	486	486
M2799_4	M1451_4	148	1338	551	551
M2799_4	M2290_4	148	1273	162	162
M2799_4	M2509_4	148	1414	655	655
M2799_4	M2622_4	148	1231	28	28
M2799_4	M427_4	148	1137	430	430
M427_4	F1246_4	148	1224	589	846
M427_4	F1784_4	148	1347	913	1306
M427_4	F2414_4	148	1475	784	1115
M427_4	F2688_4	148	1267	128	198
M427_4	F334_4	148	1165	159	223
M427_4	F909_4	148	1127	209	289
M427_4	F963_4	148	1341	108	149
M427_4	M1318_4	148	1221	320	449
M427_4	M1451_4	148	1313	327	458
M427_4	M2290_4	148	1357	100	143
M427_4	M2509_4	148	1199	333	464
M427_4	M2622_4	148	1204	19	24
M427_4	M2799_4	148	1137	287	389
F156_4	F1985_4	149	1348	1268	5026
F156_4	F2474_4	149	1259	1225	4830
F156_4	F377_4	149	1396	1395	5453
F156_4	F505_4	149	1166	1134	4412
F156_4	F697_4	149	1103	966	3777
F156_4	F772_4	149	1174	1156	4505
F156_4	M1040_4	149	1207	1189	4703
F156_4	M1053_4	149	1136	1078	4184
F156_4	M1274_4	149	1186	677	2703
F156_4	M2448_4	149	1240	1011	3979
F156_4	M2645_4	149	1238	1033	4080
F156_4	M41_4	149	1207	920	3544
F156_4	M866_4	149	1342	1161	4647
F1985_4	F156_4	149	1348	683	1184
F1985_4	F2474_4	149	1113	841	1419
F1985_4	F377_4	149	1174	1142	1922
F1985_4	F505_4	149	1275	1089	1815
F1985_4	F697_4	149	1141	465	779
F1985_4	F772_4	149	1440	1235	2083
F1985_4	M1040_4	149	1154	1004	1705
F1985_4	M1053_4	149	1249	850	1417
F1985_4	M1274_4	149	1313	197	340
F1985_4	M2448_4	149	1236	432	737
F1985_4	M2645_4	149	1302	531	870
F1985_4	M41_4	149	1417	417	703
F1985_4	M866_4	149	1193	510	905
F2474_4	F156_4	149	1259	726	726
F2474_4	F1985_4	149	1113	770	770
F2474_4	F377_4	149	1253	1229	1229
F2474_4	F505_4	149	1289	1124	1124
F2474_4	F697_4	149	1385	730	730
F2474_4	F772_4	149	1249	1116	1116
F2474_4	M1040_4	149	1412	1275	1275
F2474_4	M1053_4	149	1368	1013	1013
F2474_4	M1274_4	149	1258	230	230
F2474_4	M2448_4	149	1407	620	620
F2474_4	M2645_4	149	1127	537	537
F2474_4	M41_4	149	1254	445	445
F2474_4	M866_4	149	1240	588	588
F377_4	F156_4	149	1396	796	796
F377_4	F1985_4	149	1174	817	817
F377_4	F2474_4	149	1253	1040	1040
F377_4	F505_4	149	1256	1119	1119
F377_4	F697_4	149	1270	673	673
F377_4	F772_4	149	1244	1109	1109
F377_4	M1040_4	149	1389	1260	1260
F377_4	M1053_4	149	1278	960	960
F377_4	M1274_4	149	1139	219	219
F377_4	M2448_4	149	1192	515	515
F377_4	M2645_4	149	1305	631	631
F377_4	M41_4	149	1203	429	429
F377_4	M866_4	149	1373	683	683
F505_4	F156_4	149	1166	837	837
F505_4	F1985_4	149	1275	1046	1046
F505_4	F2474_4	149	1289	1148	1148
F505_4	F377_4	149	1256	1245	1245
F505_4	F697_4	149	1197	785	785
F505_4	F772_4	149	1242	1149	1149
F505_4	M1040_4	149	1252	1181	1181
F505_4	M1053_4	149	1255	1069	1069
F505_4	M1274_4	149	1273	374	374
F505_4	M2448_4	149	1391	846	846
F505_4	M2645_4	149	1235	759	759
F505_4	M41_4	149	1199	620	620
F505_4	M866_4	149	1224	763	763
F697_4	F156_4	149	1103	986	986
F697_4	F1985_4	149	1141	1061	1061
F697_4	F2474_4	149	1385	1337	1337
F697_4	F377_4	149	1270	1265	1265
F697_4	F505_4	149	1197	1161	1161
F697_4	F772_4	149	1244	1218	1218
F697_4	M1040_4	149	1324	1299	1299
F697_4	M1053_4	149	1258	1182	1182
F697_4	M1274_4	149	1390	784	784
F697_4	M2448_4	149	1314	1076	1076
F697_4	M2645_4	149	1352	1163	1163
F697_4	M41_4	149	1349	1025	1025
F697_4	M866_4	149	1369	1145	1145
F772_4	F156_4	149	1174	274	757
F772_4	F1985_4	149	1440	469	1314
F772_4	F2474_4	149	1249	647	1824
F772_4	F377_4	149	1244	1151	3100
F772_4	F505_4	149	1242	726	2011
F772_4	F697_4	149	1244	208	556
F772_4	M1040_4	149	1258	818	2241
F772_4	M1053_4	149	1150	431	1167
F772_4	M1274_4	149	1464	61	170
F772_4	M2448_4	149	1273	176	476
F772_4	M2645_4	149	1377	207	607
F772_4	M41_4	149	1331	137	389
F772_4	M866_4	149	1344	201	579
M1040_4	F156_4	149	1207	553	577
M1040_4	F1985_4	149	1154	693	727
M1040_4	F2474_4	149	1412	1047	1094
M1040_4	F377_4	149	1389	1346	1423
M1040_4	F505_4	149	1252	1035	1078
M1040_4	F697_4	149	1324	542	569
M1040_4	F772_4	149	1258	1072	1127
M1040_4	M1053_4	149	1210	789	830
M1040_4	M1274_4	149	1154	140	145
M1040_4	M2448_4	149	1236	398	414
M1040_4	M2645_4	149	1255	469	495
M1040_4	M41_4	149	1229	326	342
M1040_4	M866_4	149	1273	508	541
M1053_4	F156_4	149	1136	218	261
M1053_4	F1985_4	149	1249	406	487
M1053_4	F2474_4	149	1368	691	848
M1053_4	F377_4	149	1278	1182	1399
M1053_4	F505_4	149	1255	762	916
M1053_4	F697_4	149	1258	211	260
M1053_4	F772_4	149	1150	748	907
M1053_4	M1040_4	149	1210	789	950
M1053_4	M1274_4	149	1261	48	59
M1053_4	M2448_4	149	1268	178	206
M1053_4	M2645_4	149	1250	229	274
M1053_4	M41_4	149	1110	110	135
M1053_4	M866_4	149	1153	190	235
M1274_4	F156_4	149	1186	649	649
M1274_4	F1985_4	149	1313	852	852
M1274_4	F2474_4	149	1258	1028	1028
M1274_4	F377_4	149	1139	1119	1119
M1274_4	F505_4	149	1273	1096	1096
M1274_4	F697_4	149	1390	664	664
M1274_4	F772_4	149	1464	1300	1300
M1274_4	M1040_4	149	1154	1042	1042
M1274_4	M1053_4	149	1261	937	937
M1274_4	M2448_4	149	1220	487	487
M1274_4	M2645_4	149	1335	609	609
M1274_4	M41_4	149	1321	430	430
M1274_4	M866_4	149	1374	630	630
M2448_4	F156_4	149	1240	551	551
M2448_4	F1985_4	149	1236	708	708
M2448_4	F2474_4	149	1407	1035	1035
M2448_4	F377_4	149	1192	1151	1151
M2448_4	F505_4	149	1391	1112	1112
M2448_4	F697_4	149	1314	478	478
M2448_4	F772_4	149	1273	1036	1036
M2448_4	M1040_4	149	1236	1034	1034
M2448_4	M1053_4	149	1268	851	851
M2448_4	M1274_4	149	1220	151	151
M2448_4	M2645_4	149	1277	471	471
M2448_4	M41_4	149	1232	316	316
M2448_4	M866_4	149	1382	505	505
M2645_4	F156_4	149	1238	750	1801
M2645_4	F1985_4	149	1302	980	2389
M2645_4	F2474_4	149	1127	964	2388
M2645_4	F377_4	149	1305	1294	3086
M2645_4	F505_4	149	1235	1127	2720
M2645_4	F697_4	149	1352	757	1867
M2645_4	F772_4	149	1377	1254	3019
M2645_4	M1040_4	149	1255	1154	2785
M2645_4	M1053_4	149	1250	1002	2393
M2645_4	M1274_4	149	1335	293	701
M2645_4	M2448_4	149	1277	648	1600
M2645_4	M41_4	149	1294	551	1343
M2645_4	M866_4	149	1205	677	1656
M41_4	F156_4	149	1207	742	742
M41_4	F1985_4	149	1417	1014	1014
M41_4	F2474_4	149	1254	1084	1084
M41_4	F377_4	149	1203	1190	1190
M41_4	F505_4	149	1199	1057	1057
M41_4	F697_4	149	1349	749	749
M41_4	F772_4	149	1331	1209	1209
M41_4	M1040_4	149	1229	1136	1136
M41_4	M1053_4	149	1110	869	869
M41_4	M1274_4	149	1321	264	264
M41_4	M2448_4	149	1232	572	572
M41_4	M2645_4	149	1294	701	701
M41_4	M866_4	149	1398	711	711
M866_4	F156_4	149	1342	155	155
M866_4	F1985_4	149	1193	230	230
M866_4	F2474_4	149	1240	419	419
M866_4	F377_4	149	1373	1220	1220
M866_4	F505_4	149	1224	602	602
M866_4	F697_4	149	1369	143	143
M866_4	F772_4	149	1344	672	672
M866_4	M1040_4	149	1273	653	653
M866_4	M1053_4	149	1153	302	302
M866_4	M1274_4	149	1374	34	34
M866_4	M2448_4	149	1382	115	115
M866_4	M2645_4	149	1205	132	132
M866_4	M41_4	149	1398	87	87
F1191_4	F132_4	150	1132	150	150
F1191_4	F1390_4	150	1217	204	204
F1191_4	F2366_4	150	1250	517	517
F1191_4	F390_4	150	1367	383	383
F1191_4	F655_4	150	1210	577	577
F1191_4	F717_4	150	1177	235	235
F1191_4	M1058_4	150	1187	408	408
F1191_4	M1069_4	150	1188	255	255
F1191_4	M1237_4	150	1244	27	27
F1191_4	M1403_4	150	1234	299	299
F1191_4	M357_4	150	1244	192	192
F1191_4	M666_4	150	1199	328	328
F1191_4	M852_4	150	1204	126	126
F132_4	F1191_4	150	1132	374	870
F132_4	F1390_4	150	1375	256	590
F132_4	F2366_4	150	1257	542	1194
F132_4	F390_4	150	1279	407	896
F132_4	F655_4	150	1354	675	1536
F132_4	F717_4	150	1264	258	577
F132_4	M1058_4	150	1246	433	961
F132_4	M1069_4	150	1327	299	684
F132_4	M1237_4	150	1275	37	84
F132_4	M1403_4	150	1138	296	678
F132_4	M357_4	150	1345	237	520
F132_4	M666_4	150	1195	373	871
F132_4	M852_4	150	1166	138	308
F1390_4	F1191_4	150	1217	721	721
F1390_4	F132_4	150	1375	471	471
F1390_4	F2366_4	150	1156	809	809
F1390_4	F390_4	150	1268	711	711
F1390_4	F655_4	150	1282	959	959
F1390_4	F717_4	150	1138	505	505
F1390_4	M1058_4	150	1252	809	809
F1390_4	M1069_4	150	1256	567	567
F1390_4	M1237_4	150	1224	99	99
F1390_4	M1403_4	150	1162	631	631
F1390_4	M357_4	150	1196	440	440
F1390_4	M666_4	150	1334	756	756
F1390_4	M852_4	150	1221	356	356
F2366_4	F1191_4	150	1250	582	1868
F2366_4	F132_4	150	1257	266	872
F2366_4	F1390_4	150	1156	334	1082
F2366_4	F390_4	150	1465	641	2054
F2366_4	F655_4	150	1306	820	2627
F2366_4	F717_4	150	1278	374	1210
F2366_4	M1058_4	150	1262	610	2026
F2366_4	M1069_4	150	1292	431	1393
F2366_4	M1237_4	150	1470	72	235
F2366_4	M1403_4	150	1078	397	1281
F2366_4	M357_4	150	1417	366	1233
F2366_4	M666_4	150	1277	539	1729
F2366_4	M852_4	150	1152	232	779
F390_4	F1191_4	150	1367	1137	1708
F390_4	F132_4	150	1279	812	1208
F390_4	F1390_4	150	1268	861	1324
F390_4	F2366_4	150	1465	1303	1962
F390_4	F655_4	150	1151	1034	1535
F390_4	F717_4	150	1186	840	1257
F390_4	M1058_4	150	1193	1019	1527
F390_4	M1069_4	150	1284	948	1443
F390_4	M1237_4	150	1345	302	470
F390_4	M1403_4	150	1196	937	1430
F390_4	M357_4	150	1071	713	1079
F390_4	M666_4	150	1308	1047	1600
F390_4	M852_4	150	1105	616	912
F655_4	F1191_4	150	1210	133	287
F655_4	F132_4	150	1354	46	93
F655_4	F1390_4	150	1282	75	149
F655_4	F2366_4	150	1306	224	477
F655_4	F390_4	150	1151	93	210
F655_4	F717_4	150	1193	64	139
F655_4	M1058_4	150	1173	169	340
F655_4	M1069_4	150	1230	88	200
F655_4	M1237_4	150	1089	4	13
F655_4	M1403_4	150	1166	92	179
F655_4	M357_4	150	1234	65	142
F655_4	M666_4	150	1304	136	265
F655_4	M852_4	150	1143	29	62
F717_4	F1191_4	150	1177	1144	1144
F717_4	F132_4	150	1264	1148	1148
F717_4	F1390_4	150	1138	1065	1065
F717_4	F2366_4	150	1278	1246	1246
F717_4	F390_4	150	1186	1148	1148
F717_4	F655_4	150	1193	1168	1168
F717_4	M1058_4	150	1312	1283	1283
F717_4	M1069_4	150	1236	1157	1157
F717_4	M1237_4	150	1377	863	863
F717_4	M1403_4	150	1266	1190	1190
F717_4	M357_4	150	1171	1065	1065
F717_4	M666_4	150	1372	1308	1308
F717_4	M852_4	150	1464	1302	1302
M1058_4	F1191_4	150	1187	1035	3197
M1058_4	F132_4	150	1246	850	2633
M1058_4	F1390_4	150	1252	910	2878
M1058_4	F2366_4	150	1262	1138	3644
M1058_4	F390_4	150	1193	1028	3163
M1058_4	F655_4	150	1173	1072	3302
M1058_4	F717_4	150	1312	1032	3343
M1058_4	M1069_4	150	1224	939	2939
M1058_4	M1237_4	150	1445	378	1232
M1058_4	M1403_4	150	1365	1127	3669
M1058_4	M357_4	150	1176	864	2781
M1058_4	M666_4	150	1234	1026	3240
M1058_4	M852_4	150	1375	862	2812
M1069_4	F1191_4	150	1188	963	3091
M1069_4	F132_4	150	1327	804	2532
M1069_4	F1390_4	150	1256	859	2705
M1069_4	F2366_4	150	1292	1127	3477
M1069_4	F390_4	150	1284	1028	3316
M1069_4	F655_4	150	1230	1117	3560
M1069_4	F717_4	150	1236	864	2781
M1069_4	M1058_4	150	1224	1013	3148
M1069_4	M1237_4	150	1378	307	1010
M1069_4	M1403_4	150	1139	870	2766
M1069_4	M357_4	150	1306	860	2647
M1069_4	M666_4	150	1240	999	3121
M1069_4	M852_4	150	1380	778	2501
M1237_4	F1191_4	150	1244	1196	1196
M1237_4	F132_4	150	1275	1155	1155
M1237_4	F1390_4	150	1224	1142	1142
M1237_4	F2366_4	150	1470	1429	1429
M1237_4	F390_4	150	1345	1295	1295
M1237_4	F655_4	150	1089	1074	1074
M1237_4	F717_4	150	1377	1291	1291
M1237_4	M1058_4	150	1445	1397	1397
M1237_4	M1069_4	150	1378	1292	1292
M1237_4	M1403_4	150	1184	1121	1121
M1237_4	M357_4	150	1504	1377	1377
M1237_4	M666_4	150	1231	1187	1187
M1237_4	M852_4	150	1302	1147	1147
M1403_4	F1191_4	150	1234	924	2235
M1403_4	F132_4	150	1138	540	1293
M1403_4	F1390_4	150	1162	675	1611
M1403_4	F2366_4	150	1078	871	2033
M1403_4	F390_4	150	1196	838	1940
M1403_4	F655_4	150	1166	992	2379
M1403_4	F717_4	150	1266	773	1836
M1403_4	M1058_4	150	1365	1037	2434
M1403_4	M1069_4	150	1139	693	1657
M1403_4	M1237_4	150	1184	188	431
M1403_4	M357_4	150	1271	693	1667
M1403_4	M666_4	150	1127	802	1917
M1403_4	M852_4	150	1307	561	1318
M357_4	F1191_4	150	1244	1041	3493
M357_4	F132_4	150	1345	854	2904
M357_4	F1390_4	150	1196	813	2747
M357_4	F2366_4	150	1417	1251	4176
M357_4	F390_4	150	1071	881	2927
M357_4	F655_4	150	1234	1112	3689
M357_4	F717_4	150	1171	844	2827
M357_4	M1058_4	150	1176	995	3305
M357_4	M1069_4	150	1306	953	3212
M357_4	M1237_4	150	1504	344	1151
M357_4	M1403_4	150	1271	1012	3366
M357_4	M666_4	150	1289	1067	3586
M357_4	M852_4	150	1232	684	2251
M666_4	F1191_4	150	1199	841	841
M666_4	F132_4	150	1195	534	534
M666_4	F1390_4	150	1334	739	739
M666_4	F2366_4	150	1277	1036	1036
M666_4	F390_4	150	1308	920	920
M666_4	F655_4	150	1304	1077	1077
M666_4	F717_4	150	1372	816	816
M666_4	M1058_4	150	1234	936	936
M666_4	M1069_4	150	1240	742	742
M666_4	M1237_4	150	1231	149	149
M666_4	M1403_4	150	1127	751	751
M666_4	M357_4	150	1289	649	649
M666_4	M852_4	150	1244	513	513
M852_4	F1191_4	150	1204	124	330
M852_4	F132_4	150	1166	49	129
M852_4	F1390_4	150	1221	87	201
M852_4	F2366_4	150	1152	186	458
M852_4	F390_4	150	1105	103	285
M852_4	F655_4	150	1143	232	608
M852_4	F717_4	150	1464	108	290
M852_4	M1058_4	150	1375	178	465
M852_4	M1069_4	150	1380	102	257
M852_4	M1237_4	150	1302	11	28
M852_4	M1403_4	150	1307	109	295
M852_4	M357_4	150	1232	48	127
M852_4	M666_4	150	1244	123	331
F157_4	F1686_4	151	1222	316	316
F157_4	F2742_4	151	1235	714	714
F157_4	F41_4	151	1442	1368	1368
F157_4	F822_4	151	1262	828	828
F157_4	M1233_4	151	1369	805	805
F157_4	M1464_4	151	1232	965	965
F157_4	M1506_4	151	1372	575	575
F157_4	M2006_4	151	1262	708	708
F157_4	M2362_4	151	1292	422	422
F157_4	M2644_4	151	1303	317	317
F157_4	M358_4	151	1153	1035	1035
F157_4	M823_4	151	1196	340	340
F157_4	M983_4	151	1285	1020	1020
F1686_4	F157_4	151	1222	970	970
F1686_4	F2742_4	151	1369	728	728
F1686_4	F41_4	151	1346	1273	1273
F1686_4	F822_4	151	1345	835	835
F1686_4	M1233_4	151	1263	697	697
F1686_4	M1464_4	151	1275	996	996
F1686_4	M1506_4	151	1279	533	533
F1686_4	M2006_4	151	1272	699	699
F1686_4	M2362_4	151	1305	386	386
F1686_4	M2644_4	151	1115	270	270
F1686_4	M358_4	151	1271	1096	1096
F1686_4	M823_4	151	1249	382	382
F1686_4	M983_4	151	1186	926	926
F2742_4	F157_4	151	1235	936	1685
F2742_4	F1686_4	151	1369	292	498
F2742_4	F41_4	151	1243	1154	2041
F2742_4	F822_4	151	1213	713	1241
F2742_4	M1233_4	151	1172	594	1047
F2742_4	M1464_4	151	1280	893	1599
F2742_4	M1506_4	151	1309	470	808
F2742_4	M2006_4	151	1296	602	1059
F2742_4	M2362_4	151	1396	365	685
F2742_4	M2644_4	151	1251	277	503
F2742_4	M358_4	151	1329	1133	2033
F2742_4	M823_4	151	1452	389	730
F2742_4	M983_4	151	1396	997	1729
F41_4	F157_4	151	1442	871	871
F41_4	F1686_4	151	1346	158	158
F41_4	F2742_4	151	1243	398	398
F41_4	F822_4	151	1441	580	580
F41_4	M1233_4	151	1240	398	398
F41_4	M1464_4	151	1143	672	672
F41_4	M1506_4	151	1303	297	297
F41_4	M2006_4	151	1341	407	407
F41_4	M2362_4	151	1217	196	196
F41_4	M2644_4	151	1290	146	146
F41_4	M358_4	151	1201	909	909
F41_4	M823_4	151	1381	188	188
F41_4	M983_4	151	1234	711	711
F822_4	F157_4	151	1262	944	944
F822_4	F1686_4	151	1345	291	291
F822_4	F2742_4	151	1213	565	565
F822_4	F41_4	151	1441	1339	1339
F822_4	M1233_4	151	1153	576	576
F822_4	M1464_4	151	1234	877	877
F822_4	M1506_4	151	1261	432	432
F822_4	M2006_4	151	1378	650	650
F822_4	M2362_4	151	1202	322	322
F822_4	M2644_4	151	1290	223	223
F822_4	M358_4	151	1272	1093	1093
F822_4	M823_4	151	1228	306	306
F822_4	M983_4	151	1396	982	982
M1233_4	F157_4	151	1369	1135	1135
M1233_4	F1686_4	151	1263	426	426
M1233_4	F2742_4	151	1172	747	747
M1233_4	F41_4	151	1240	1188	1188
M1233_4	F822_4	151	1153	799	799
M1233_4	M1464_4	151	1262	1051	1051
M1233_4	M1506_4	151	1322	650	650
M1233_4	M2006_4	151	1251	748	748
M1233_4	M2362_4	151	1201	431	431
M1233_4	M2644_4	151	1300	404	404
M1233_4	M358_4	151	1120	1027	1027
M1233_4	M823_4	151	1274	438	438
M1233_4	M983_4	151	1237	1021	1021
M1464_4	F157_4	151	1232	1055	1055
M1464_4	F1686_4	151	1275	424	424
M1464_4	F2742_4	151	1280	825	825
M1464_4	F41_4	151	1143	1095	1095
M1464_4	F822_4	151	1234	893	893
M1464_4	M1233_4	151	1262	799	799
M1464_4	M1506_4	151	1203	611	611
M1464_4	M2006_4	151	1349	832	832
M1464_4	M2362_4	151	1222	472	472
M1464_4	M2644_4	151	1241	388	388
M1464_4	M358_4	151	1342	1248	1248
M1464_4	M823_4	151	1278	490	490
M1464_4	M983_4	151	1182	997	997
M1506_4	F157_4	151	1372	913	913
M1506_4	F1686_4	151	1279	159	159
M1506_4	F2742_4	151	1309	531	531
M1506_4	F41_4	151	1303	1168	1168
M1506_4	F822_4	151	1261	570	570
M1506_4	M1233_4	151	1322	502	502
M1506_4	M1464_4	151	1203	765	765
M1506_4	M2006_4	151	1125	400	400
M1506_4	M2362_4	151	1215	250	250
M1506_4	M2644_4	151	1245	158	158
M1506_4	M358_4	151	1220	968	968
M1506_4	M823_4	151	1185	196	196
M1506_4	M983_4	151	1414	868	868
M2006_4	F157_4	151	1262	1242	2282
M2006_4	F1686_4	151	1272	1073	1961
M2006_4	F2742_4	151	1296	1233	2295
M2006_4	F41_4	151	1341	1337	2540
M2006_4	F822_4	151	1378	1325	2421
M2006_4	M1233_4	151	1251	1186	2142
M2006_4	M1464_4	151	1349	1326	2509
M2006_4	M1506_4	151	1125	1025	1893
M2006_4	M2362_4	151	1322	1152	2153
M2006_4	M2644_4	151	1186	992	1841
M2006_4	M358_4	151	1258	1254	2306
M2006_4	M823_4	151	1383	1176	2142
M2006_4	M983_4	151	1193	1169	2195
M2362_4	F157_4	151	1292	1156	1156
M2362_4	F1686_4	151	1305	531	531
M2362_4	F2742_4	151	1396	1035	1035
M2362_4	F41_4	151	1217	1190	1190
M2362_4	F822_4	151	1202	923	923
M2362_4	M1233_4	151	1201	865	865
M2362_4	M1464_4	151	1222	1077	1077
M2362_4	M1506_4	151	1215	728	728
M2362_4	M2006_4	151	1322	926	926
M2362_4	M2644_4	151	1208	468	468
M2362_4	M358_4	151	1318	1233	1233
M2362_4	M823_4	151	1296	580	580
M2362_4	M983_4	151	1235	1093	1093
M2644_4	F157_4	151	1303	173	272
M2644_4	F1686_4	151	1115	11	18
M2644_4	F2742_4	151	1251	56	91
M2644_4	F41_4	151	1290	528	901
M2644_4	F822_4	151	1290	58	105
M2644_4	M1233_4	151	1300	68	112
M2644_4	M1464_4	151	1241	157	246
M2644_4	M1506_4	151	1245	38	64
M2644_4	M2006_4	151	1186	51	91
M2644_4	M2362_4	151	1208	16	28
M2644_4	M358_4	151	1202	264	445
M2644_4	M823_4	151	1287	20	33
M2644_4	M983_4	151	1409	156	267
M358_4	F157_4	151	1153	890	1009
M358_4	F1686_4	151	1271	283	317
M358_4	F2742_4	151	1329	655	729
M358_4	F41_4	151	1201	1123	1255
M358_4	F822_4	151	1272	725	800
M358_4	M1233_4	151	1120	533	592
M358_4	M1464_4	151	1342	993	1128
M358_4	M1506_4	151	1220	456	511
M358_4	M2006_4	151	1258	627	697
M358_4	M2362_4	151	1318	365	414
M358_4	M2644_4	151	1202	264	288
M358_4	M823_4	151	1165	291	328
M358_4	M983_4	151	1195	893	992
M823_4	F157_4	151	1196	1088	1088
M823_4	F1686_4	151	1249	587	587
M823_4	F2742_4	151	1452	1119	1119
M823_4	F41_4	151	1381	1338	1338
M823_4	F822_4	151	1228	1000	1000
M823_4	M1233_4	151	1274	996	996
M823_4	M1464_4	151	1278	1170	1170
M823_4	M1506_4	151	1185	797	797
M823_4	M2006_4	151	1383	1031	1031
M823_4	M2362_4	151	1296	682	682
M823_4	M2644_4	151	1287	570	570
M823_4	M358_4	151	1165	1116	1116
M823_4	M983_4	151	1181	1075	1075
M983_4	F157_4	151	1285	1020	1020
M983_4	F1686_4	151	1186	297	297
M983_4	F2742_4	151	1396	758	758
M983_4	F41_4	151	1234	1175	1175
M983_4	F822_4	151	1396	865	865
M983_4	M1233_4	151	1237	689	689
M983_4	M1464_4	151	1182	911	911
M983_4	M1506_4	151	1414	553	553
M983_4	M2006_4	151	1193	663	663
M983_4	M2362_4	151	1235	375	375
M983_4	M2644_4	151	1409	332	332
M983_4	M358_4	151	1195	1068	1068
M983_4	M823_4	151	1181	335	335
F1050_4	F1209_4	152	1174	1035	3933
F1050_4	F1273_4	152	1360	1269	4767
F1050_4	F1415_4	152	1275	1096	4291
F1050_4	F1488_4	152	1467	862	3317
F1050_4	F2392_4	152	1385	1197	4431
F1050_4	F609_4	152	1091	369	1422
F1050_4	F737_4	152	1129	196	749
F1050_4	M1917_4	152	1321	555	2094
F1050_4	M2072_4	152	1213	927	3551
F1050_4	M216_4	152	1215	905	3464
F1050_4	M2276_4	152	1269	371	1387
F1050_4	M2769_4	152	1301	1056	4046
F1050_4	M990_4	152	1168	733	2791
F1209_4	F1050_4	152	1174	59	59
F1209_4	F1273_4	152	1203	1062	1062
F1209_4	F1415_4	152	1283	959	959
F1209_4	F1488_4	152	1346	525	525
F1209_4	F2392_4	152	1246	920	920
F1209_4	F609_4	152	1173	223	223
F1209_4	F737_4	152	1311	127	127
F1209_4	M1917_4	152	1330	337	337
F1209_4	M2072_4	152	1226	825	825
F1209_4	M216_4	152	1099	620	620
F1209_4	M2276_4	152	1243	202	202
F1209_4	M2769_4	152	1301	877	877
F1209_4	M990_4	152	1263	516	516
F1273_4	F1050_4	152	1360	4	4
F1273_4	F1209_4	152	1203	117	117
F1273_4	F1415_4	152	1237	122	122
F1273_4	F1488_4	152	1138	32	32
F1273_4	F2392_4	152	1162	87	87
F1273_4	F609_4	152	1246	17	17
F1273_4	F737_4	152	1268	4	4
F1273_4	M1917_4	152	1291	14	14
F1273_4	M2072_4	152	1242	89	89
F1273_4	M216_4	152	1269	55	55
F1273_4	M2276_4	152	1301	10	10
F1273_4	M2769_4	152	1373	100	100
F1273_4	M990_4	152	1223	37	37
F1415_4	F1050_4	152	1275	9	12
F1415_4	F1209_4	152	1283	353	414
F1415_4	F1273_4	152	1237	544	661
F1415_4	F1488_4	152	1243	99	120
F1415_4	F2392_4	152	1208	284	358
F1415_4	F609_4	152	1237	34	41
F1415_4	F737_4	152	1395	21	29
F1415_4	M1917_4	152	1120	46	50
F1415_4	M2072_4	152	1365	241	285
F1415_4	M216_4	152	1169	147	174
F1415_4	M2276_4	152	1165	25	33
F1415_4	M2769_4	152	1252	266	326
F1415_4	M990_4	152	1181	85	93
F1488_4	F1050_4	152	1467	35	94
F1488_4	F1209_4	152	1346	726	1862
F1488_4	F1273_4	152	1138	822	2077
F1488_4	F1415_4	152	1243	589	1526
F1488_4	F2392_4	152	1339	630	1634
F1488_4	F609_4	152	1199	91	235
F1488_4	F737_4	152	1134	27	87
F1488_4	M1917_4	152	1202	135	350
F1488_4	M2072_4	152	1349	534	1404
F1488_4	M216_4	152	1218	383	1002
F1488_4	M2276_4	152	1121	64	174
F1488_4	M2769_4	152	1227	570	1467
F1488_4	M990_4	152	1325	274	721
F2392_4	F1050_4	152	1385	66	70
F2392_4	F1209_4	152	1246	918	954
F2392_4	F1273_4	152	1162	1000	1052
F2392_4	F1415_4	152	1208	853	887
F2392_4	F1488_4	152	1339	456	478
F2392_4	F609_4	152	1245	240	252
F2392_4	F737_4	152	1295	92	93
F2392_4	M1917_4	152	1450	342	354
F2392_4	M2072_4	152	1246	736	762
F2392_4	M216_4	152	1187	588	606
F2392_4	M2276_4	152	1290	178	184
F2392_4	M2769_4	152	1299	833	874
F2392_4	M990_4	152	1232	507	531
F609_4	F1050_4	152	1091	117	117
F609_4	F1209_4	152	1173	1012	1012
F609_4	F1273_4	152	1246	1173	1173
F609_4	F1415_4	152	1237	1056	1056
F609_4	F1488_4	152	1199	684	684
F609_4	F2392_4	152	1245	1040	1040
F609_4	F737_4	152	1193	199	199
F609_4	M1917_4	152	1303	541	541
F609_4	M2072_4	152	1262	1002	1002
F609_4	M216_4	152	1212	884	884
F609_4	M2276_4	152	1132	320	320
F609_4	M2769_4	152	1207	1000	1000
F609_4	M990_4	152	1164	705	705
F737_4	F1050_4	152	1129	607	1207
F737_4	F1209_4	152	1311	1295	2548
F737_4	F1273_4	152	1268	1256	2430
F737_4	F1415_4	152	1395	1380	2671
F737_4	F1488_4	152	1134	1071	2117
F737_4	F2392_4	152	1295	1273	2533
F737_4	F609_4	152	1193	1012	1991
F737_4	M1917_4	152	1268	1127	2181
F737_4	M2072_4	152	1243	1214	2434
F737_4	M216_4	152	1377	1338	2670
F737_4	M2276_4	152	1131	894	1773
F737_4	M2769_4	152	1196	1175	2395
F737_4	M990_4	152	1153	1076	2161
M1917_4	F1050_4	152	1321	66	101
M1917_4	F1209_4	152	1330	929	1382
M1917_4	F1273_4	152	1291	1090	1652
M1917_4	F1415_4	152	1120	746	1117
M1917_4	F1488_4	152	1202	395	559
M1917_4	F2392_4	152	1450	969	1409
M1917_4	F609_4	152	1303	213	334
M1917_4	F737_4	152	1268	71	105
M1917_4	M2072_4	152	1382	814	1241
M1917_4	M216_4	152	1183	581	827
M1917_4	M2276_4	152	1214	140	199
M1917_4	M2769_4	152	1276	814	1237
M1917_4	M990_4	152	1273	448	675
M2072_4	F1050_4	152	1213	65	150
M2072_4	F1209_4	152	1226	951	2087
M2072_4	F1273_4	152	1242	1129	2514
M2072_4	F1415_4	152	1365	972	2235
M2072_4	F1488_4	152	1349	566	1285
M2072_4	F2392_4	152	1246	904	2042
M2072_4	F609_4	152	1262	257	607
M2072_4	F737_4	152	1243	132	289
M2072_4	M1917_4	152	1382	369	818
M2072_4	M216_4	152	1139	657	1498
M2072_4	M2276_4	152	1342	199	445
M2072_4	M2769_4	152	1336	949	2083
M2072_4	M990_4	152	1291	573	1269
M216_4	F1050_4	152	1215	59	59
M216_4	F1209_4	152	1099	819	819
M216_4	F1273_4	152	1269	1119	1119
M216_4	F1415_4	152	1169	824	824
M216_4	F1488_4	152	1218	480	480
M216_4	F2392_4	152	1187	843	843
M216_4	F609_4	152	1212	250	250
M216_4	F737_4	152	1377	141	141
M216_4	M1917_4	152	1183	311	311
M216_4	M2072_4	152	1139	708	708
M216_4	M2276_4	152	1259	176	176
M216_4	M2769_4	152	1245	847	847
M216_4	M990_4	152	1278	549	549
M2276_4	F1050_4	152	1269	9	11
M2276_4	F1209_4	152	1243	383	532
M2276_4	F1273_4	152	1301	629	865
M2276_4	F1415_4	152	1165	342	462
M2276_4	F1488_4	152	1121	95	126
M2276_4	F2392_4	152	1290	342	451
M2276_4	F609_4	152	1132	43	55
M2276_4	F737_4	152	1131	15	21
M2276_4	M1917_4	152	1214	54	75
M2276_4	M2072_4	152	1342	307	424
M2276_4	M216_4	152	1259	201	282
M2276_4	M2769_4	152	1171	286	405
M2276_4	M990_4	152	1310	124	175
M2769_4	F1050_4	152	1301	25	25
M2769_4	F1209_4	152	1301	707	707
M2769_4	F1273_4	152	1373	1012	1012
M2769_4	F1415_4	152	1252	633	633
M2769_4	F1488_4	152	1227	240	240
M2769_4	F2392_4	152	1299	621	621
M2769_4	F609_4	152	1207	101	101
M2769_4	F737_4	152	1196	41	41
M2769_4	M1917_4	152	1276	133	133
M2769_4	M2072_4	152	1336	549	549
M2769_4	M216_4	152	1245	421	421
M2769_4	M2276_4	152	1171	66	66
M2769_4	M990_4	152	1305	270	270
M990_4	F1050_4	152	1168	78	78
M990_4	F1209_4	152	1263	1068	1068
M990_4	F1273_4	152	1223	1142	1142
M990_4	F1415_4	152	1181	957	957
M990_4	F1488_4	152	1325	664	664
M990_4	F2392_4	152	1232	997	997
M990_4	F609_4	152	1164	331	331
M990_4	F737_4	152	1153	156	156
M990_4	M1917_4	152	1273	485	485
M990_4	M2072_4	152	1291	934	934
M990_4	M216_4	152	1278	871	871
M990_4	M2276_4	152	1310	250	250
M990_4	M2769_4	152	1305	988	988
F1008_4	F1848_4	153	1118	1011	1011
F1008_4	F2288_4	153	1383	769	769
F1008_4	F2605_4	153	1243	517	517
F1008_4	F686_4	153	1299	731	731
F1008_4	F85_4	153	1236	635	635
F1008_4	F897_4	153	1208	17	17
F1008_4	M1581_4	153	1343	434	434
F1008_4	M2127_4	153	1195	547	547
F1008_4	M2334_4	153	1350	758	758
F1008_4	M2469_4	153	1342	747	747
F1008_4	M2730_4	153	1077	1051	1051
F1008_4	M301_4	153	1281	268	268
F1008_4	M451_4	153	1330	504	504
F1848_4	F1008_4	153	1118	831	2073
F1848_4	F2288_4	153	1209	1089	2748
F1848_4	F2605_4	153	1411	1170	2882
F1848_4	F686_4	153	1172	1048	2604
F1848_4	F85_4	153	1232	1065	2705
F1848_4	F897_4	153	1273	85	224
F1848_4	M1581_4	153	1317	976	2335
F1848_4	M2127_4	153	1394	1145	2827
F1848_4	M2334_4	153	1356	1204	2994
F1848_4	M2469_4	153	1469	1305	3277
F1848_4	M2730_4	153	1311	1302	3195
F1848_4	M301_4	153	1248	764	1888
F1848_4	M451_4	153	1221	951	2415
F2288_4	F1008_4	153	1383	525	525
F2288_4	F1848_4	153	1209	1139	1139
F2288_4	F2605_4	153	1225	668	668
F2288_4	F686_4	153	1167	791	791
F2288_4	F85_4	153	1232	796	796
F2288_4	F897_4	153	1211	23	23
F2288_4	M1581_4	153	1259	518	518
F2288_4	M2127_4	153	1173	673	673
F2288_4	M2334_4	153	1290	864	864
F2288_4	M2469_4	153	1287	797	797
F2288_4	M2730_4	153	1203	1181	1181
F2288_4	M301_4	153	1226	309	309
F2288_4	M451_4	153	1257	600	600
F2605_4	F1008_4	153	1243	1065	3935
F2605_4	F1848_4	153	1411	1404	5247
F2605_4	F2288_4	153	1225	1173	4534
F2605_4	F686_4	153	1347	1296	4954
F2605_4	F85_4	153	1091	1046	3990
F2605_4	F897_4	153	1247	196	756
F2605_4	M1581_4	153	1145	984	3731
F2605_4	M2127_4	153	1263	1172	4405
F2605_4	M2334_4	153	1504	1439	5433
F2605_4	M2469_4	153	1170	1096	4155
F2605_4	M2730_4	153	1400	1397	5311
F2605_4	M301_4	153	1198	943	3479
F2605_4	M451_4	153	1405	1273	4883
F686_4	F1008_4	153	1299	1068	1068
F686_4	F1848_4	153	1172	1166	1166
F686_4	F2288_4	153	1167	1094	1094
F686_4	F2605_4	153	1347	1191	1191
F686_4	F85_4	153	1286	1186	1186
F686_4	F897_4	153	1294	158	158
F686_4	M1581_4	153	1267	1072	1072
F686_4	M2127_4	153	1113	1004	1004
F686_4	M2334_4	153	1239	1164	1164
F686_4	M2469_4	153	1168	1102	1102
F686_4	M2730_4	153	1305	1302	1302
F686_4	M301_4	153	1413	1050	1050
F686_4	M451_4	153	1273	1122	1122
F85_4	F1008_4	153	1236	1018	1018
F85_4	F1848_4	153	1232	1221	1221
F85_4	F2288_4	153	1232	1153	1153
F85_4	F2605_4	153	1091	977	977
F85_4	F686_4	153	1286	1209	1209
F85_4	F897_4	153	1291	125	125
F85_4	M1581_4	153	1263	1026	1026
F85_4	M2127_4	153	1277	1158	1158
F85_4	M2334_4	153	1168	1101	1101
F85_4	M2469_4	153	1339	1238	1238
F85_4	M2730_4	153	1146	1145	1145
F85_4	M301_4	153	1249	922	922
F85_4	M451_4	153	1099	962	962
F897_4	F1008_4	153	1208	115	325
F897_4	F1848_4	153	1273	952	2682
F897_4	F2288_4	153	1211	331	949
F897_4	F2605_4	153	1247	195	549
F897_4	F686_4	153	1294	329	912
F897_4	F85_4	153	1291	276	784
F897_4	M1581_4	153	1392	145	414
F897_4	M2127_4	153	1247	252	740
F897_4	M2334_4	153	1149	285	828
F897_4	M2469_4	153	1420	316	878
F897_4	M2730_4	153	1391	1239	3425
F897_4	M301_4	153	1353	81	241
F897_4	M451_4	153	1408	191	541
M1581_4	F1008_4	153	1343	596	596
M1581_4	F1848_4	153	1317	1259	1259
M1581_4	F2288_4	153	1259	916	916
M1581_4	F2605_4	153	1145	673	673
M1581_4	F686_4	153	1267	948	948
M1581_4	F85_4	153	1263	852	852
M1581_4	F897_4	153	1392	29	29
M1581_4	M2127_4	153	1257	777	777
M1581_4	M2334_4	153	1357	946	946
M1581_4	M2469_4	153	1386	992	992
M1581_4	M2730_4	153	1155	1131	1131
M1581_4	M301_4	153	1143	369	369
M1581_4	M451_4	153	1257	682	682
M2127_4	F1008_4	153	1195	646	2005
M2127_4	F1848_4	153	1394	1356	4215
M2127_4	F2288_4	153	1173	929	2933
M2127_4	F2605_4	153	1263	858	2706
M2127_4	F686_4	153	1113	864	2673
M2127_4	F85_4	153	1277	956	3106
M2127_4	F897_4	153	1247	27	80
M2127_4	M1581_4	153	1257	682	2117
M2127_4	M2334_4	153	1285	977	3092
M2127_4	M2469_4	153	1263	960	2995
M2127_4	M2730_4	153	1266	1255	3990
M2127_4	M301_4	153	1268	506	1549
M2127_4	M451_4	153	1290	779	2505
M2334_4	F1008_4	153	1350	814	2475
M2334_4	F1848_4	153	1356	1331	4189
M2334_4	F2288_4	153	1290	1097	3371
M2334_4	F2605_4	153	1504	1135	3498
M2334_4	F686_4	153	1239	1041	3241
M2334_4	F85_4	153	1168	979	2970
M2334_4	F897_4	153	1149	63	191
M2334_4	M1581_4	153	1357	874	2628
M2334_4	M2127_4	153	1285	993	3066
M2334_4	M2469_4	153	1258	1058	3311
M2334_4	M2730_4	153	1216	1208	3734
M2334_4	M301_4	153	1367	665	2041
M2334_4	M451_4	153	1235	843	2622
M2469_4	F1008_4	153	1342	1117	1117
M2469_4	F1848_4	153	1469	1456	1456
M2469_4	F2288_4	153	1287	1211	1211
M2469_4	F2605_4	153	1170	1065	1065
M2469_4	F686_4	153	1168	1099	1099
M2469_4	F85_4	153	1339	1229	1229
M2469_4	F897_4	153	1420	168	168
M2469_4	M1581_4	153	1386	1155	1155
M2469_4	M2127_4	153	1263	1139	1139
M2469_4	M2334_4	153	1258	1177	1177
M2469_4	M2730_4	153	1251	1249	1249
M2469_4	M301_4	153	1345	987	987
M2469_4	M451_4	153	1216	1052	1052
M2730_4	F1008_4	153	1077	511	511
M2730_4	F1848_4	153	1311	1258	1258
M2730_4	F2288_4	153	1203	900	900
M2730_4	F2605_4	153	1400	867	867
M2730_4	F686_4	153	1305	1019	1019
M2730_4	F85_4	153	1146	860	860
M2730_4	F897_4	153	1391	37	37
M2730_4	M1581_4	153	1155	614	614
M2730_4	M2127_4	153	1266	835	835
M2730_4	M2334_4	153	1216	911	911
M2730_4	M2469_4	153	1251	907	907
M2730_4	M301_4	153	1250	463	463
M2730_4	M451_4	153	1291	768	768
M301_4	F1008_4	153	1281	513	513
M301_4	F1848_4	153	1248	1175	1175
M301_4	F2288_4	153	1226	858	858
M301_4	F2605_4	153	1198	687	687
M301_4	F686_4	153	1413	1008	1008
M301_4	F85_4	153	1249	808	808
M301_4	F897_4	153	1353	29	29
M301_4	M1581_4	153	1143	501	501
M301_4	M2127_4	153	1268	780	780
M301_4	M2334_4	153	1367	957	957
M301_4	M2469_4	153	1345	929	929
M301_4	M2730_4	153	1250	1229	1229
M301_4	M451_4	153	1413	743	743
M451_4	F1008_4	153	1330	867	3218
M451_4	F1848_4	153	1221	1196	4430
M451_4	F2288_4	153	1257	1077	3896
M451_4	F2605_4	153	1405	1095	4127
M451_4	F686_4	153	1273	1093	4010
M451_4	F85_4	153	1099	921	3366
M451_4	F897_4	153	1408	69	244
M451_4	M1581_4	153	1257	855	3190
M451_4	M2127_4	153	1290	1039	3749
M451_4	M2334_4	153	1235	1070	3946
M451_4	M2469_4	153	1216	1007	3604
M451_4	M2730_4	153	1291	1284	4768
M451_4	M301_4	153	1413	772	2785
F1021_4	F1558_4	154	1225	81	127
F1021_4	F177_4	154	1399	86	136
F1021_4	F2290_4	154	1166	583	888
F1021_4	F2391_4	154	1259	307	464
F1021_4	F891_4	154	1221	130	204
F1021_4	M1100_4	154	1127	54	81
F1021_4	M1455_4	154	1148	1026	1516
F1021_4	M1465_4	154	1434	143	229
F1021_4	M2444_4	154	1252	83	121
F1021_4	M2577_4	154	1379	286	431
F1021_4	M260_4	154	1427	295	451
F1021_4	M648_4	154	1345	700	1093
F1021_4	M979_4	154	1180	42	58
F1558_4	F1021_4	154	1225	1180	1180
F1558_4	F177_4	154	1231	965	965
F1558_4	F2290_4	154	1300	1282	1282
F1558_4	F2391_4	154	1347	1271	1271
F1558_4	F891_4	154	1190	1032	1032
F1558_4	M1100_4	154	1107	834	834
F1558_4	M1455_4	154	1071	1067	1067
F1558_4	M1465_4	154	1258	1101	1101
F1558_4	M2444_4	154	1303	1040	1040
F1558_4	M2577_4	154	1373	1292	1292
F1558_4	M260_4	154	1208	1140	1140
F1558_4	M648_4	154	1245	1219	1219
F1558_4	M979_4	154	1116	720	720
F177_4	F1021_4	154	1399	1350	1350
F177_4	F1558_4	154	1231	786	786
F177_4	F2290_4	154	1374	1333	1333
F177_4	F2391_4	154	1310	1188	1188
F177_4	F891_4	154	1216	964	964
F177_4	M1100_4	154	1268	842	842
F177_4	M1455_4	154	1287	1284	1284
F177_4	M1465_4	154	1313	1022	1022
F177_4	M2444_4	154	1273	881	881
F177_4	M2577_4	154	1093	984	984
F177_4	M260_4	154	1263	1139	1139
F177_4	M648_4	154	1364	1327	1327
F177_4	M979_4	154	1341	715	715
F2290_4	F1021_4	154	1166	923	923
F2290_4	F1558_4	154	1300	350	350
F2290_4	F177_4	154	1374	373	373
F2290_4	F2391_4	154	1320	795	795
F2290_4	F891_4	154	1250	520	520
F2290_4	M1100_4	154	1254	299	299
F2290_4	M1455_4	154	1326	1292	1292
F2290_4	M1465_4	154	1279	535	535
F2290_4	M2444_4	154	1346	388	388
F2290_4	M2577_4	154	1211	742	742
F2290_4	M260_4	154	1224	781	781
F2290_4	M648_4	154	1375	1206	1206
F2290_4	M979_4	154	1188	216	216
F2391_4	F1021_4	154	1259	599	648
F2391_4	F1558_4	154	1347	122	130
F2391_4	F177_4	154	1310	123	134
F2391_4	F2290_4	154	1320	868	941
F2391_4	F891_4	154	1349	189	200
F2391_4	M1100_4	154	1295	112	121
F2391_4	M1455_4	154	1355	1267	1352
F2391_4	M1465_4	154	1352	227	244
F2391_4	M2444_4	154	1336	125	138
F2391_4	M2577_4	154	1293	387	414
F2391_4	M260_4	154	1251	391	422
F2391_4	M648_4	154	1304	869	923
F2391_4	M979_4	154	1360	70	77
F891_4	F1021_4	154	1221	297	297
F891_4	F1558_4	154	1190	30	30
F891_4	F177_4	154	1216	37	37
F891_4	F2290_4	154	1250	439	439
F891_4	F2391_4	154	1349	178	178
F891_4	M1100_4	154	1248	33	33
F891_4	M1455_4	154	1244	1031	1031
F891_4	M1465_4	154	1228	71	71
F891_4	M2444_4	154	1329	33	33
F891_4	M2577_4	154	1354	140	140
F891_4	M260_4	154	1274	149	149
F891_4	M648_4	154	1198	420	420
F891_4	M979_4	154	1159	25	25
M1100_4	F1021_4	154	1127	1038	1038
M1100_4	F1558_4	154	1107	571	571
M1100_4	F177_4	154	1268	631	631
M1100_4	F2290_4	154	1254	1181	1181
M1100_4	F2391_4	154	1295	1055	1055
M1100_4	F891_4	154	1248	837	837
M1100_4	M1455_4	154	1273	1263	1263
M1100_4	M1465_4	154	1184	788	788
M1100_4	M2444_4	154	1393	759	759
M1100_4	M2577_4	154	1318	1109	1109
M1100_4	M260_4	154	1179	976	976
M1100_4	M648_4	154	1220	1161	1161
M1100_4	M979_4	154	1263	449	449
M1455_4	F1021_4	154	1148	441	999
M1455_4	F1558_4	154	1071	57	136
M1455_4	F177_4	154	1287	90	221
M1455_4	F2290_4	154	1326	700	1631
M1455_4	F2391_4	154	1355	314	760
M1455_4	F891_4	154	1244	108	261
M1455_4	M1100_4	154	1273	60	146
M1455_4	M1465_4	154	1354	151	355
M1455_4	M2444_4	154	1415	92	210
M1455_4	M2577_4	154	1182	260	609
M1455_4	M260_4	154	1289	274	665
M1455_4	M648_4	154	1325	695	1658
M1455_4	M979_4	154	1256	33	70
M1465_4	F1021_4	154	1434	1141	1141
M1465_4	F1558_4	154	1258	320	320
M1465_4	F177_4	154	1313	394	394
M1465_4	F2290_4	154	1279	1116	1116
M1465_4	F2391_4	154	1352	910	910
M1465_4	F891_4	154	1228	542	542
M1465_4	M1100_4	154	1184	309	309
M1465_4	M1455_4	154	1354	1331	1331
M1465_4	M2444_4	154	1216	365	365
M1465_4	M2577_4	154	1211	754	754
M1465_4	M260_4	154	1412	929	929
M1465_4	M648_4	154	1112	972	972
M1465_4	M979_4	154	1285	237	237
M2444_4	F1021_4	154	1252	678	980
M2444_4	F1558_4	154	1303	143	212
M2444_4	F177_4	154	1273	145	209
M2444_4	F2290_4	154	1346	914	1306
M2444_4	F2391_4	154	1336	500	712
M2444_4	F891_4	154	1329	245	339
M2444_4	M1100_4	154	1393	143	220
M2444_4	M1455_4	154	1415	1340	1957
M2444_4	M1465_4	154	1216	236	352
M2444_4	M2577_4	154	1234	460	661
M2444_4	M260_4	154	1330	499	737
M2444_4	M648_4	154	1237	842	1221
M2444_4	M979_4	154	1116	69	91
M2577_4	F1021_4	154	1379	578	2000
M2577_4	F1558_4	154	1373	88	306
M2577_4	F177_4	154	1093	84	286
M2577_4	F2290_4	154	1211	664	2253
M2577_4	F2391_4	154	1293	322	1058
M2577_4	F891_4	154	1354	180	610
M2577_4	M1100_4	154	1318	63	225
M2577_4	M1455_4	154	1182	1077	3567
M2577_4	M1465_4	154	1211	145	475
M2577_4	M2444_4	154	1234	93	304
M2577_4	M260_4	154	1357	346	1099
M2577_4	M648_4	154	1250	691	2352
M2577_4	M979_4	154	1324	51	168
M260_4	F1021_4	154	1427	577	577
M260_4	F1558_4	154	1208	60	60
M260_4	F177_4	154	1263	64	64
M260_4	F2290_4	154	1224	678	678
M260_4	F2391_4	154	1251	297	297
M260_4	F891_4	154	1274	135	135
M260_4	M1100_4	154	1179	62	62
M260_4	M1455_4	154	1289	1155	1155
M260_4	M1465_4	154	1412	155	155
M260_4	M2444_4	154	1330	93	93
M260_4	M2577_4	154	1357	307	307
M260_4	M648_4	154	1373	726	726
M260_4	M979_4	154	1218	35	35
M648_4	F1021_4	154	1345	910	2202
M648_4	F1558_4	154	1245	211	522
M648_4	F177_4	154	1364	247	613
M648_4	F2290_4	154	1375	1081	2664
M648_4	F2391_4	154	1304	637	1579
M648_4	F891_4	154	1198	337	842
M648_4	M1100_4	154	1220	182	469
M648_4	M1455_4	154	1325	1277	3109
M648_4	M1465_4	154	1112	306	773
M648_4	M2444_4	154	1237	241	581
M648_4	M2577_4	154	1250	597	1470
M648_4	M260_4	154	1373	682	1684
M648_4	M979_4	154	1222	117	285
M979_4	F1021_4	154	1180	681	681
M979_4	F1558_4	154	1116	122	122
M979_4	F177_4	154	1341	190	190
M979_4	F2290_4	154	1188	848	848
M979_4	F2391_4	154	1360	512	512
M979_4	F891_4	154	1159	239	239
M979_4	M1100_4	154	1263	142	142
M979_4	M1455_4	154	1256	1203	1203
M979_4	M1465_4	154	1285	276	276
M979_4	M2444_4	154	1116	137	137
M979_4	M2577_4	154	1324	518	518
M979_4	M260_4	154	1218	480	480
M979_4	M648_4	154	1222	859	859
F122_4	F1458_4	155	1222	561	1495
F122_4	F1525_4	155	1253	1150	3182
F122_4	F1581_4	155	1420	1257	3530
F122_4	F2711_4	155	1229	1182	3276
F122_4	F890_4	155	1184	1096	2968
F122_4	F998_4	155	1325	1155	3098
F122_4	M1375_4	155	1247	1143	3064
F122_4	M1452_4	155	1183	678	1861
F122_4	M1911_4	155	1247	1231	3314
F122_4	M2136_4	155	1346	1284	3586
F122_4	M2795_4	155	1183	502	1381
F122_4	M369_4	155	1122	1062	2912
F122_4	M734_4	155	1294	845	2348
F1458_4	F122_4	155	1222	351	351
F1458_4	F1525_4	155	1240	369	369
F1458_4	F1581_4	155	1310	326	326
F1458_4	F2711_4	155	1310	613	613
F1458_4	F890_4	155	1301	433	433
F1458_4	F998_4	155	1294	304	304
F1458_4	M1375_4	155	1247	370	370
F1458_4	M1452_4	155	1189	52	52
F1458_4	M1911_4	155	1272	962	962
F1458_4	M2136_4	155	1207	606	606
F1458_4	M2795_4	155	1287	34	34
F1458_4	M369_4	155	1244	502	502
F1458_4	M734_4	155	1309	104	104
F1525_4	F122_4	155	1253	746	746
F1525_4	F1458_4	155	1240	128	128
F1525_4	F1581_4	155	1214	700	700
F1525_4	F2711_4	155	1150	896	896
F1525_4	F890_4	155	1225	831	831
F1525_4	F998_4	155	1227	631	631
F1525_4	M1375_4	155	1332	889	889
F1525_4	M1452_4	155	1322	207	207
F1525_4	M1911_4	155	1325	1222	1222
F1525_4	M2136_4	155	1264	990	990
F1525_4	M2795_4	155	1396	127	127
F1525_4	M369_4	155	1195	875	875
F1525_4	M734_4	155	1166	253	253
F1581_4	F122_4	155	1420	1348	1348
F1581_4	F1458_4	155	1310	762	762
F1581_4	F1525_4	155	1214	1149	1149
F1581_4	F2711_4	155	1347	1312	1312
F1581_4	F890_4	155	1281	1210	1210
F1581_4	F998_4	155	1295	1200	1200
F1581_4	M1375_4	155	1342	1274	1274
F1581_4	M1452_4	155	1198	800	800
F1581_4	M1911_4	155	1154	1143	1143
F1581_4	M2136_4	155	1196	1168	1168
F1581_4	M2795_4	155	1398	768	768
F1581_4	M369_4	155	1261	1221	1221
F1581_4	M734_4	155	1191	880	880
F2711_4	F122_4	155	1229	1151	1164
F2711_4	F1458_4	155	1310	700	708
F2711_4	F1525_4	155	1150	1082	1091
F2711_4	F1581_4	155	1347	1246	1263
F2711_4	F890_4	155	1225	1166	1179
F2711_4	F998_4	155	1121	991	1005
F2711_4	M1375_4	155	1177	1097	1112
F2711_4	M1452_4	155	1484	919	927
F2711_4	M1911_4	155	1229	1217	1230
F2711_4	M2136_4	155	1283	1249	1260
F2711_4	M2795_4	155	1175	625	629
F2711_4	M369_4	155	1297	1259	1278
F2711_4	M734_4	155	1259	929	941
F890_4	F122_4	155	1184	1073	1073
F890_4	F1458_4	155	1301	551	551
F890_4	F1525_4	155	1225	1113	1113
F890_4	F1581_4	155	1281	1108	1108
F890_4	F2711_4	155	1225	1175	1175
F890_4	F998_4	155	1223	1064	1064
F890_4	M1375_4	155	1205	1077	1077
F890_4	M1452_4	155	1213	628	628
F890_4	M1911_4	155	1323	1302	1302
F890_4	M2136_4	155	1412	1358	1358
F890_4	M2795_4	155	1255	508	508
F890_4	M369_4	155	1098	1019	1019
F890_4	M734_4	155	1349	881	881
F998_4	F122_4	155	1325	1120	1250
F998_4	F1458_4	155	1294	391	435
F998_4	F1525_4	155	1227	1024	1160
F998_4	F1581_4	155	1295	1028	1181
F998_4	F2711_4	155	1121	1037	1178
F998_4	F890_4	155	1223	1069	1216
F998_4	M1375_4	155	1419	1199	1373
F998_4	M1452_4	155	1230	472	538
F998_4	M1911_4	155	1257	1231	1389
F998_4	M2136_4	155	1340	1239	1396
F998_4	M2795_4	155	1080	286	323
F998_4	M369_4	155	1278	1137	1273
F998_4	M734_4	155	1156	561	635
M1375_4	F122_4	155	1247	993	993
M1375_4	F1458_4	155	1247	297	297
M1375_4	F1525_4	155	1332	1057	1057
M1375_4	F1581_4	155	1342	985	985
M1375_4	F2711_4	155	1177	1065	1065
M1375_4	F890_4	155	1205	1003	1003
M1375_4	F998_4	155	1419	945	945
M1375_4	M1452_4	155	1365	394	394
M1375_4	M1911_4	155	1260	1199	1199
M1375_4	M2136_4	155	1326	1183	1183
M1375_4	M2795_4	155	1458	300	300
M1375_4	M369_4	155	1171	995	995
M1375_4	M734_4	155	1238	517	517
M1452_4	F122_4	155	1183	269	487
M1452_4	F1458_4	155	1189	27	46
M1452_4	F1525_4	155	1322	312	614
M1452_4	F1581_4	155	1198	190	361
M1452_4	F2711_4	155	1484	609	1132
M1452_4	F890_4	155	1213	326	617
M1452_4	F998_4	155	1230	205	376
M1452_4	M1375_4	155	1365	317	620
M1452_4	M1911_4	155	1367	925	1748
M1452_4	M2136_4	155	1262	498	932
M1452_4	M2795_4	155	1375	26	50
M1452_4	M369_4	155	1396	443	827
M1452_4	M734_4	155	1327	77	155
M1911_4	F122_4	155	1247	308	308
M1911_4	F1458_4	155	1272	27	27
M1911_4	F1525_4	155	1325	296	296
M1911_4	F1581_4	155	1154	221	221
M1911_4	F2711_4	155	1229	506	506
M1911_4	F890_4	155	1323	382	382
M1911_4	F998_4	155	1257	194	194
M1911_4	M1375_4	155	1260	310	310
M1911_4	M1452_4	155	1367	57	57
M1911_4	M2136_4	155	1437	590	590
M1911_4	M2795_4	155	1243	26	26
M1911_4	M369_4	155	1205	397	397
M1911_4	M734_4	155	1350	74	74
M2136_4	F122_4	155	1346	129	129
M2136_4	F1458_4	155	1207	9	9
M2136_4	F1525_4	155	1264	117	117
M2136_4	F1581_4	155	1196	90	90
M2136_4	F2711_4	155	1283	242	242
M2136_4	F890_4	155	1412	158	158
M2136_4	F998_4	155	1340	68	68
M2136_4	M1375_4	155	1326	126	126
M2136_4	M1452_4	155	1262	14	14
M2136_4	M1911_4	155	1437	577	577
M2136_4	M2795_4	155	1238	10	10
M2136_4	M369_4	155	1200	183	183
M2136_4	M734_4	155	1293	29	29
M2795_4	F122_4	155	1183	1018	3503
M2795_4	F1458_4	155	1287	449	1607
M2795_4	F1525_4	155	1396	1239	4343
M2795_4	F1581_4	155	1398	1194	4249
M2795_4	F2711_4	155	1175	1126	3961
M2795_4	F890_4	155	1255	1116	3978
M2795_4	F998_4	155	1080	883	3116
M2795_4	M1375_4	155	1458	1280	4536
M2795_4	M1452_4	155	1375	653	2315
M2795_4	M1911_4	155	1243	1217	4343
M2795_4	M2136_4	155	1238	1173	4165
M2795_4	M369_4	155	1234	1141	4028
M2795_4	M734_4	155	1190	683	2398
M369_4	F122_4	155	1122	236	519
M369_4	F1458_4	155	1244	23	58
M369_4	F1525_4	155	1195	244	533
M369_4	F1581_4	155	1261	237	531
M369_4	F2711_4	155	1297	510	1150
M369_4	F890_4	155	1098	274	635
M369_4	F998_4	155	1278	193	440
M369_4	M1375_4	155	1171	244	545
M369_4	M1452_4	155	1396	36	83
M369_4	M1911_4	155	1205	790	1787
M369_4	M2136_4	155	1200	445	976
M369_4	M2795_4	155	1234	26	59
M369_4	M734_4	155	1262	60	129
M734_4	F122_4	155	1294	382	382
M734_4	F1458_4	155	1309	38	38
M734_4	F1525_4	155	1166	376	376
M734_4	F1581_4	155	1191	289	289
M734_4	F2711_4	155	1259	666	666
M734_4	F890_4	155	1349	483	483
M734_4	F998_4	155	1156	220	220
M734_4	M1375_4	155	1238	416	416
M734_4	M1452_4	155	1327	75	75
M734_4	M1911_4	155	1350	1022	1022
M734_4	M2136_4	155	1293	631	631
M734_4	M2795_4	155	1190	37	37
M734_4	M369_4	155	1262	528	528
F1318_4	F2440_4	156	1230	674	674
F1318_4	F2715_4	156	1237	74	74
F1318_4	F302_4	156	1184	327	327
F1318_4	F64_4	156	1148	53	53
F1318_4	F707_4	156	1164	75	75
F1318_4	M1217_4	156	1239	112	112
F1318_4	M1993_4	156	1256	917	917
F1318_4	M2109_4	156	1296	825	825
F1318_4	M2189_4	156	1262	548	548
F1318_4	M2443_4	156	1196	363	363
F1318_4	M2689_4	156	1240	810	810
F1318_4	M2731_4	156	1347	729	729
F1318_4	M311_4	156	1338	780	780
F2440_4	F1318_4	156	1230	1078	2351
F2440_4	F2715_4	156	1369	238	515
F2440_4	F302_4	156	1253	686	1469
F2440_4	F64_4	156	1265	185	369
F2440_4	F707_4	156	1213	237	506
F2440_4	M1217_4	156	1278	303	644
F2440_4	M1993_4	156	1319	1181	2600
F2440_4	M2109_4	156	1269	1067	2248
F2440_4	M2189_4	156	1308	926	1994
F2440_4	M2443_4	156	1318	795	1726
F2440_4	M2689_4	156	1292	1108	2387
F2440_4	M2731_4	156	1111	881	1889
F2440_4	M311_4	156	1186	996	2172
F2715_4	F1318_4	156	1237	1069	1069
F2715_4	F2440_4	156	1369	1081	1081
F2715_4	F302_4	156	1362	714	714
F2715_4	F64_4	156	1222	184	184
F2715_4	F707_4	156	1333	267	267
F2715_4	M1217_4	156	1220	227	227
F2715_4	M1993_4	156	1215	1089	1089
F2715_4	M2109_4	156	1294	1101	1101
F2715_4	M2189_4	156	1269	893	893
F2715_4	M2443_4	156	1326	764	764
F2715_4	M2689_4	156	1225	1037	1037
F2715_4	M2731_4	156	1266	1003	1003
F2715_4	M311_4	156	1310	1049	1049
F302_4	F1318_4	156	1184	1133	1133
F302_4	F2440_4	156	1253	1145	1145
F302_4	F2715_4	156	1362	428	428
F302_4	F64_4	156	1328	375	375
F302_4	F707_4	156	1270	472	472
F302_4	M1217_4	156	1228	502	502
F302_4	M1993_4	156	1275	1219	1219
F302_4	M2109_4	156	1295	1204	1204
F302_4	M2189_4	156	1379	1177	1177
F302_4	M2443_4	156	1267	954	954
F302_4	M2689_4	156	1248	1171	1171
F302_4	M2731_4	156	1149	1028	1028
F302_4	M311_4	156	1268	1184	1184
F64_4	F1318_4	156	1148	1142	1142
F64_4	F2440_4	156	1265	1251	1251
F64_4	F2715_4	156	1222	1033	1033
F64_4	F302_4	156	1328	1289	1289
F64_4	F707_4	156	1105	971	971
F64_4	M1217_4	156	1115	984	984
F64_4	M1993_4	156	1291	1288	1288
F64_4	M2109_4	156	1434	1423	1423
F64_4	M2189_4	156	1335	1311	1311
F64_4	M2443_4	156	1210	1181	1181
F64_4	M2689_4	156	1325	1313	1313
F64_4	M2731_4	156	1231	1224	1224
F64_4	M311_4	156	1342	1332	1332
F707_4	F1318_4	156	1164	1138	1138
F707_4	F2440_4	156	1213	1158	1158
F707_4	F2715_4	156	1333	632	632
F707_4	F302_4	156	1270	1087	1087
F707_4	F64_4	156	1105	512	512
F707_4	M1217_4	156	1281	767	767
F707_4	M1993_4	156	1313	1284	1284
F707_4	M2109_4	156	1228	1180	1180
F707_4	M2189_4	156	1231	1144	1144
F707_4	M2443_4	156	1325	1152	1152
F707_4	M2689_4	156	1234	1185	1185
F707_4	M2731_4	156	1199	1134	1134
F707_4	M311_4	156	1209	1161	1161
M1217_4	F1318_4	156	1239	1167	1167
M1217_4	F2440_4	156	1278	1146	1146
M1217_4	F2715_4	156	1220	419	419
M1217_4	F302_4	156	1228	918	918
M1217_4	F64_4	156	1115	353	353
M1217_4	F707_4	156	1281	502	502
M1217_4	M1993_4	156	1234	1186	1186
M1217_4	M2109_4	156	1262	1200	1200
M1217_4	M2189_4	156	1117	981	981
M1217_4	M2443_4	156	1293	1050	1050
M1217_4	M2689_4	156	1211	1135	1135
M1217_4	M2731_4	156	1286	1180	1180
M1217_4	M311_4	156	1127	1047	1047
M1993_4	F1318_4	156	1256	1179	1179
M1993_4	F2440_4	156	1319	1190	1190
M1993_4	F2715_4	156	1215	390	390
M1993_4	F302_4	156	1275	941	941
M1993_4	F64_4	156	1291	353	353
M1993_4	F707_4	156	1313	481	481
M1993_4	M1217_4	156	1234	486	486
M1993_4	M2109_4	156	1274	1184	1184
M1993_4	M2189_4	156	1338	1140	1140
M1993_4	M2443_4	156	1306	967	967
M1993_4	M2689_4	156	1295	1209	1209
M1993_4	M2731_4	156	1269	1151	1151
M1993_4	M311_4	156	1190	1093	1093
M2109_4	F1318_4	156	1296	1097	1097
M2109_4	F2440_4	156	1269	901	901
M2109_4	F2715_4	156	1294	141	141
M2109_4	F302_4	156	1295	557	557
M2109_4	F64_4	156	1434	144	144
M2109_4	F707_4	156	1228	192	192
M2109_4	M1217_4	156	1262	232	232
M2109_4	M1993_4	156	1274	1107	1107
M2109_4	M2189_4	156	1260	778	778
M2109_4	M2443_4	156	1324	646	646
M2109_4	M2689_4	156	1330	1046	1046
M2109_4	M2731_4	156	1320	936	936
M2109_4	M311_4	156	1193	917	917
M2189_4	F1318_4	156	1262	1195	1710
M2189_4	F2440_4	156	1308	1159	1604
M2189_4	F2715_4	156	1269	440	605
M2189_4	F302_4	156	1379	1019	1432
M2189_4	F64_4	156	1335	399	587
M2189_4	F707_4	156	1231	427	613
M2189_4	M1217_4	156	1117	433	611
M2189_4	M1993_4	156	1338	1277	1831
M2189_4	M2109_4	156	1260	1180	1645
M2189_4	M2443_4	156	1136	883	1222
M2189_4	M2689_4	156	1195	1117	1556
M2189_4	M2731_4	156	1187	1079	1486
M2189_4	M311_4	156	1352	1229	1746
M2443_4	F1318_4	156	1196	1118	1118
M2443_4	F2440_4	156	1318	1143	1143
M2443_4	F2715_4	156	1326	350	350
M2443_4	F302_4	156	1267	875	875
M2443_4	F64_4	156	1210	278	278
M2443_4	F707_4	156	1325	415	415
M2443_4	M1217_4	156	1293	459	459
M2443_4	M1993_4	156	1306	1221	1221
M2443_4	M2109_4	156	1324	1216	1216
M2443_4	M2189_4	156	1136	933	933
M2443_4	M2689_4	156	1373	1229	1229
M2443_4	M2731_4	156	1268	1121	1121
M2443_4	M311_4	156	1329	1189	1189
M2689_4	F1318_4	156	1240	1206	1995
M2689_4	F2440_4	156	1292	1226	2109
M2689_4	F2715_4	156	1225	632	1140
M2689_4	F302_4	156	1248	1060	1809
M2689_4	F64_4	156	1325	605	1050
M2689_4	F707_4	156	1234	652	1122
M2689_4	M1217_4	156	1211	743	1289
M2689_4	M1993_4	156	1295	1275	2133
M2689_4	M2109_4	156	1330	1278	2212
M2689_4	M2189_4	156	1195	1124	1971
M2689_4	M2443_4	156	1373	1190	2078
M2689_4	M2731_4	156	1362	1293	2198
M2689_4	M311_4	156	1314	1270	2152
M2731_4	F1318_4	156	1347	706	902
M2731_4	F2440_4	156	1111	441	552
M2731_4	F2715_4	156	1266	40	49
M2731_4	F302_4	156	1149	198	246
M2731_4	F64_4	156	1231	31	40
M2731_4	F707_4	156	1199	54	71
M2731_4	M1217_4	156	1286	65	88
M2731_4	M1993_4	156	1269	773	978
M2731_4	M2109_4	156	1320	674	853
M2731_4	M2189_4	156	1187	339	441
M2731_4	M2443_4	156	1268	248	320
M2731_4	M2689_4	156	1362	691	884
M2731_4	M311_4	156	1300	580	725
M311_4	F1318_4	156	1338	889	889
M311_4	F2440_4	156	1186	614	614
M311_4	F2715_4	156	1310	77	77
M311_4	F302_4	156	1268	328	328
M311_4	F64_4	156	1342	46	46
M311_4	F707_4	156	1209	73	73
M311_4	M1217_4	156	1127	94	94
M311_4	M1993_4	156	1190	868	868
M311_4	M2109_4	156	1193	743	743
M311_4	M2189_4	156	1352	605	605
M311_4	M2443_4	156	1329	387	387
M311_4	M2689_4	156	1314	848	848
M311_4	M2731_4	156	1300	686	686
F1324_4	F214_4	157	1210	37	76
F1324_4	F2264_4	157	1221	92	224
F1324_4	F2328_4	157	1265	33	65
F1324_4	F2782_4	157	1123	465	1087
F1324_4	F364_4	157	1463	4	7
F1324_4	F397_4	157	1161	20	32
F1324_4	F621_4	157	1413	258	549
F1324_4	F97_4	157	1264	15	28
F1324_4	M189_4	157	1321	69	165
F1324_4	M2207_4	157	1290	33	74
F1324_4	M2716_4	157	1304	68	153
F1324_4	M2738_4	157	1140	105	225
F1324_4	M996_4	157	1353	88	203
F214_4	F1324_4	157	1210	485	485
F214_4	F2264_4	157	1247	369	369
F214_4	F2328_4	157	1372	206	206
F214_4	F2782_4	157	1437	1131	1131
F214_4	F364_4	157	1310	28	28
F214_4	F397_4	157	1380	119	119
F214_4	F621_4	157	1274	683	683
F214_4	F97_4	157	1293	89	89
F214_4	M189_4	157	1277	333	333
F214_4	M2207_4	157	1296	118	118
F214_4	M2716_4	157	1250	291	291
F214_4	M2738_4	157	1151	451	451
F214_4	M996_4	157	1217	364	364
F2264_4	F1324_4	157	1221	918	1002
F2264_4	F214_4	157	1247	536	581
F2264_4	F2328_4	157	1107	468	511
F2264_4	F2782_4	157	1218	1139	1226
F2264_4	F364_4	157	1182	106	122
F2264_4	F397_4	157	1184	271	289
F2264_4	F621_4	157	1208	975	1055
F2264_4	F97_4	157	1356	320	348
F2264_4	M189_4	157	1234	749	838
F2264_4	M2207_4	157	1279	423	458
F2264_4	M2716_4	157	1340	762	822
F2264_4	M2738_4	157	1422	1036	1130
F2264_4	M996_4	157	1274	789	858
F2328_4	F1324_4	157	1265	1094	1137
F2328_4	F214_4	157	1372	856	883
F2328_4	F2264_4	157	1107	889	922
F2328_4	F2782_4	157	1111	1077	1114
F2328_4	F364_4	157	1236	193	204
F2328_4	F397_4	157	1238	436	450
F2328_4	F621_4	157	1095	997	1028
F2328_4	F97_4	157	1227	492	502
F2328_4	M189_4	157	1263	961	1000
F2328_4	M2207_4	157	1321	635	659
F2328_4	M2716_4	157	1226	897	928
F2328_4	M2738_4	157	1328	1144	1192
F2328_4	M996_4	157	1360	1021	1054
F2782_4	F1324_4	157	1123	1089	1984
F2782_4	F214_4	157	1437	1281	2382
F2782_4	F2264_4	157	1218	1156	2193
F2782_4	F2328_4	157	1111	990	1858
F2782_4	F364_4	157	1283	664	1253
F2782_4	F397_4	157	1339	1047	1965
F2782_4	F621_4	157	1231	1210	2324
F2782_4	F97_4	157	1279	1031	1949
F2782_4	M189_4	157	1337	1264	2339
F2782_4	M2207_4	157	1191	1004	1894
F2782_4	M2716_4	157	1252	1171	2156
F2782_4	M2738_4	157	1157	1120	2121
F2782_4	M996_4	157	1142	1087	2058
F364_4	F1324_4	157	1463	669	931
F364_4	F214_4	157	1310	210	287
F364_4	F2264_4	157	1182	380	511
F364_4	F2328_4	157	1236	198	265
F364_4	F2782_4	157	1283	1054	1394
F364_4	F397_4	157	1295	95	130
F364_4	F621_4	157	1256	673	891
F364_4	F97_4	157	1338	124	156
F364_4	M189_4	157	1190	356	485
F364_4	M2207_4	157	1262	126	175
F364_4	M2716_4	157	1191	323	441
F364_4	M2738_4	157	1206	509	687
F364_4	M996_4	157	1242	364	495
F397_4	F1324_4	157	1161	727	727
F397_4	F214_4	157	1380	412	412
F397_4	F2264_4	157	1184	619	619
F397_4	F2328_4	157	1238	353	353
F397_4	F2782_4	157	1339	1217	1217
F397_4	F364_4	157	1295	72	72
F397_4	F621_4	157	1380	1037	1037
F397_4	F97_4	157	1147	202	202
F397_4	M189_4	157	1059	494	494
F397_4	M2207_4	157	1287	287	287
F397_4	M2716_4	157	1244	578	578
F397_4	M2738_4	157	1270	781	781
F397_4	M996_4	157	1199	578	578
F621_4	F1324_4	157	1413	1190	3659
F621_4	F214_4	157	1274	718	2228
F621_4	F2264_4	157	1208	923	2792
F621_4	F2328_4	157	1095	630	2032
F621_4	F2782_4	157	1231	1186	3798
F621_4	F364_4	157	1256	154	473
F621_4	F397_4	157	1380	467	1401
F621_4	F97_4	157	1264	484	1492
F621_4	M189_4	157	1241	921	2819
F621_4	M2207_4	157	1278	584	1825
F621_4	M2716_4	157	1270	889	2759
F621_4	M2738_4	157	1408	1153	3627
F621_4	M996_4	157	1319	998	3100
F97_4	F1324_4	157	1264	781	1495
F97_4	F214_4	157	1293	314	619
F97_4	F2264_4	157	1356	670	1333
F97_4	F2328_4	157	1227	313	595
F97_4	F2782_4	157	1279	1115	2153
F97_4	F364_4	157	1338	58	111
F97_4	F397_4	157	1147	172	330
F97_4	F621_4	157	1264	873	1715
F97_4	M189_4	157	1260	560	1107
F97_4	M2207_4	157	1264	223	456
F97_4	M2716_4	157	1372	543	1034
F97_4	M2738_4	157	1225	704	1344
F97_4	M996_4	157	1159	495	984
M189_4	F1324_4	157	1321	1273	2661
M189_4	F214_4	157	1277	1169	2355
M189_4	F2264_4	157	1234	1189	2400
M189_4	F2328_4	157	1263	1150	2417
M189_4	F2782_4	157	1337	1331	2726
M189_4	F364_4	157	1190	665	1378
M189_4	F397_4	157	1059	879	1815
M189_4	F621_4	157	1241	1221	2475
M189_4	F97_4	157	1260	1022	2098
M189_4	M2207_4	157	1327	1157	2327
M189_4	M2716_4	157	1136	1081	2158
M189_4	M2738_4	157	1244	1206	2412
M189_4	M996_4	157	1164	1117	2268
M2207_4	F1324_4	157	1290	1260	3277
M2207_4	F214_4	157	1296	1187	3094
M2207_4	F2264_4	157	1279	1237	3301
M2207_4	F2328_4	157	1321	1233	3235
M2207_4	F2782_4	157	1191	1188	3127
M2207_4	F364_4	157	1262	743	1984
M2207_4	F397_4	157	1287	1091	2865
M2207_4	F621_4	157	1278	1268	3251
M2207_4	F97_4	157	1264	1073	2765
M2207_4	M189_4	157	1327	1286	3422
M2207_4	M2716_4	157	1286	1218	3199
M2207_4	M2738_4	157	1269	1241	3296
M2207_4	M996_4	157	1249	1200	3168
M2716_4	F1324_4	157	1304	830	2433
M2716_4	F214_4	157	1250	359	1038
M2716_4	F2264_4	157	1340	662	1927
M2716_4	F2328_4	157	1226	320	941
M2716_4	F2782_4	157	1252	1118	3217
M2716_4	F364_4	157	1191	52	153
M2716_4	F397_4	157	1244	163	462
M2716_4	F621_4	157	1270	907	2624
M2716_4	F97_4	157	1372	194	589
M2716_4	M189_4	157	1136	527	1553
M2716_4	M2207_4	157	1286	241	740
M2716_4	M2738_4	157	1292	730	2137
M2716_4	M996_4	157	1325	577	1707
M2738_4	F1324_4	157	1140	597	597
M2738_4	F214_4	157	1151	227	227
M2738_4	F2264_4	157	1422	504	504
M2738_4	F2328_4	157	1328	245	245
M2738_4	F2782_4	157	1157	949	949
M2738_4	F364_4	157	1206	39	39
M2738_4	F397_4	157	1270	128	128
M2738_4	F621_4	157	1408	839	839
M2738_4	F97_4	157	1225	136	136
M2738_4	M189_4	157	1244	427	427
M2738_4	M2207_4	157	1269	152	152
M2738_4	M2716_4	157	1292	413	413
M2738_4	M996_4	157	1292	445	445
M996_4	F1324_4	157	1353	626	626
M996_4	F214_4	157	1217	214	214
M996_4	F2264_4	157	1274	440	440
M996_4	F2328_4	157	1360	223	223
M996_4	F2782_4	157	1142	906	906
M996_4	F364_4	157	1242	34	34
M996_4	F397_4	157	1199	104	104
M996_4	F621_4	157	1319	732	732
M996_4	F97_4	157	1159	96	96
M996_4	M189_4	157	1164	381	381
M996_4	M2207_4	157	1249	145	145
M996_4	M2716_4	157	1325	359	359
M996_4	M2738_4	157	1292	546	546
F1067_4	F2178_4	158	1336	1321	1321
F1067_4	F2415_4	158	1154	992	992
F1067_4	F2509_4	158	1306	1172	1172
F1067_4	F2563_4	158	1353	1239	1239
F1067_4	F608_4	158	1261	700	700
F1067_4	F664_4	158	1196	425	425
F1067_4	F806_4	158	1264	1198	1198
F1067_4	M2070_4	158	1226	865	865
F1067_4	M2257_4	158	1116	1079	1079
F1067_4	M2584_4	158	1280	1047	1047
F1067_4	M2692_4	158	1151	979	979
F1067_4	M2752_4	158	1290	1140	1140
F1067_4	M375_4	158	1280	1206	1206
F2178_4	F1067_4	158	1336	1296	1296
F2178_4	F2415_4	158	1228	845	845
F2178_4	F2509_4	158	1346	1006	1006
F2178_4	F2563_4	158	1275	990	990
F2178_4	F608_4	158	1257	386	386
F2178_4	F664_4	158	1377	242	242
F2178_4	F806_4	158	1209	1041	1041
F2178_4	M2070_4	158	1297	581	581
F2178_4	M2257_4	158	1188	1107	1107
F2178_4	M2584_4	158	1256	775	775
F2178_4	M2692_4	158	1379	932	932
F2178_4	M2752_4	158	1249	955	955
F2178_4	M375_4	158	1278	1094	1094
F2415_4	F1067_4	158	1154	1098	1098
F2415_4	F2178_4	158	1228	1153	1153
F2415_4	F2509_4	158	1286	797	797
F2415_4	F2563_4	158	1310	870	870
F2415_4	F608_4	158	1175	265	265
F2415_4	F664_4	158	1191	103	103
F2415_4	F806_4	158	1214	932	932
F2415_4	M2070_4	158	1266	429	429
F2415_4	M2257_4	158	1342	1204	1204
F2415_4	M2584_4	158	1226	579	579
F2415_4	M2692_4	158	1297	668	668
F2415_4	M2752_4	158	1214	736	736
F2415_4	M375_4	158	1287	961	961
F2509_4	F1067_4	158	1306	1134	3696
F2509_4	F2178_4	158	1346	1144	3758
F2509_4	F2415_4	158	1286	345	1112
F2509_4	F2563_4	158	1331	499	1629
F2509_4	F608_4	158	1253	82	264
F2509_4	F664_4	158	1355	52	149
F2509_4	F806_4	158	1165	553	1802
F2509_4	M2070_4	158	1277	165	548
F2509_4	M2257_4	158	1310	894	2819
F2509_4	M2584_4	158	1408	281	907
F2509_4	M2692_4	158	1125	248	804
F2509_4	M2752_4	158	1374	403	1320
F2509_4	M375_4	158	1138	533	1704
F2563_4	F1067_4	158	1353	1257	4985
F2563_4	F2178_4	158	1275	1157	4692
F2563_4	F2415_4	158	1310	555	2203
F2563_4	F2509_4	158	1331	657	2657
F2563_4	F608_4	158	1210	148	583
F2563_4	F664_4	158	1255	83	326
F2563_4	F806_4	158	1204	793	3259
F2563_4	M2070_4	158	1277	248	1051
F2563_4	M2257_4	158	1387	1121	4423
F2563_4	M2584_4	158	1232	409	1612
F2563_4	M2692_4	158	1323	520	2099
F2563_4	M2752_4	158	1249	577	2265
F2563_4	M375_4	158	1198	767	3082
F608_4	F1067_4	158	1261	1186	1186
F608_4	F2178_4	158	1257	1168	1168
F608_4	F2415_4	158	1175	592	592
F608_4	F2509_4	158	1253	700	700
F608_4	F2563_4	158	1210	737	737
F608_4	F664_4	158	1263	102	102
F608_4	F806_4	158	1296	942	942
F608_4	M2070_4	158	1159	312	312
F608_4	M2257_4	158	1261	1095	1095
F608_4	M2584_4	158	1192	492	492
F608_4	M2692_4	158	1240	558	558
F608_4	M2752_4	158	1261	702	702
F608_4	M375_4	158	1355	965	965
F664_4	F1067_4	158	1196	649	649
F664_4	F2178_4	158	1377	737	737
F664_4	F2415_4	158	1191	99	99
F664_4	F2509_4	158	1355	131	131
F664_4	F2563_4	158	1255	142	142
F664_4	F608_4	158	1263	16	16
F664_4	F806_4	158	1276	235	235
F664_4	M2070_4	158	1297	28	28
F664_4	M2257_4	158	1263	378	378
F664_4	M2584_4	158	1334	61	61
F664_4	M2692_4	158	1321	91	91
F664_4	M2752_4	158	1189	85	85
F664_4	M375_4	158	1272	209	209
F806_4	F1067_4	158	1264	1210	1210
F806_4	F2178_4	158	1209	1141	1141
F806_4	F2415_4	158	1214	704	704
F806_4	F2509_4	158	1165	765	765
F806_4	F2563_4	158	1204	824	824
F806_4	F608_4	158	1296	285	285
F806_4	F664_4	158	1276	139	139
F806_4	M2070_4	158	1421	497	497
F806_4	M2257_4	158	1281	1141	1141
F806_4	M2584_4	158	1316	626	626
F806_4	M2692_4	158	1182	658	658
F806_4	M2752_4	158	1161	717	717
F806_4	M375_4	158	1209	964	964
M2070_4	F1067_4	158	1226	1161	1161
M2070_4	F2178_4	158	1297	1223	1223
M2070_4	F2415_4	158	1266	687	687
M2070_4	F2509_4	158	1277	762	762
M2070_4	F2563_4	158	1277	814	814
M2070_4	F608_4	158	1159	241	241
M2070_4	F664_4	158	1297	127	127
M2070_4	F806_4	158	1421	1072	1072
M2070_4	M2257_4	158	1137	1009	1009
M2070_4	M2584_4	158	1283	579	579
M2070_4	M2692_4	158	1393	733	733
M2070_4	M2752_4	158	1299	805	805
M2070_4	M375_4	158	1283	957	957
M2257_4	F1067_4	158	1116	842	842
M2257_4	F2178_4	158	1188	882	882
M2257_4	F2415_4	158	1342	224	224
M2257_4	F2509_4	158	1310	278	278
M2257_4	F2563_4	158	1387	367	367
M2257_4	F608_4	158	1261	68	68
M2257_4	F664_4	158	1263	15	15
M2257_4	F806_4	158	1281	495	495
M2257_4	M2070_4	158	1137	81	81
M2257_4	M2584_4	158	1287	182	182
M2257_4	M2692_4	158	1160	222	222
M2257_4	M2752_4	158	1261	266	266
M2257_4	M375_4	158	1339	473	473
M2584_4	F1067_4	158	1280	805	805
M2584_4	F2178_4	158	1256	765	765
M2584_4	F2415_4	158	1226	113	113
M2584_4	F2509_4	158	1408	185	185
M2584_4	F2563_4	158	1232	189	189
M2584_4	F608_4	158	1192	27	27
M2584_4	F664_4	158	1334	13	13
M2584_4	F806_4	158	1316	300	300
M2584_4	M2070_4	158	1283	56	56
M2584_4	M2257_4	158	1287	488	488
M2584_4	M2692_4	158	1219	107	107
M2584_4	M2752_4	158	1062	134	134
M2584_4	M375_4	158	1274	282	282
M2692_4	F1067_4	158	1151	1061	1061
M2692_4	F2178_4	158	1379	1253	1253
M2692_4	F2415_4	158	1297	527	527
M2692_4	F2509_4	158	1125	482	482
M2692_4	F2563_4	158	1323	689	689
M2692_4	F608_4	158	1240	156	156
M2692_4	F664_4	158	1321	77	77
M2692_4	F806_4	158	1182	771	771
M2692_4	M2070_4	158	1393	262	262
M2692_4	M2257_4	158	1160	901	901
M2692_4	M2584_4	158	1219	361	361
M2692_4	M2752_4	158	1326	631	631
M2692_4	M375_4	158	1381	875	875
M2752_4	F1067_4	158	1290	1270	1270
M2752_4	F2178_4	158	1249	1230	1230
M2752_4	F2415_4	158	1214	995	995
M2752_4	F2509_4	158	1374	1192	1192
M2752_4	F2563_4	158	1249	1087	1087
M2752_4	F608_4	158	1261	641	641
M2752_4	F664_4	158	1189	362	362
M2752_4	F806_4	158	1161	1069	1069
M2752_4	M2070_4	158	1299	843	843
M2752_4	M2257_4	158	1261	1209	1209
M2752_4	M2584_4	158	1062	813	813
M2752_4	M2692_4	158	1326	1094	1094
M2752_4	M375_4	158	1380	1280	1280
M375_4	F1067_4	158	1280	937	2569
M375_4	F2178_4	158	1278	883	2434
M375_4	F2415_4	158	1287	179	494
M375_4	F2509_4	158	1138	226	578
M375_4	F2563_4	158	1198	231	655
M375_4	F608_4	158	1355	44	129
M375_4	F664_4	158	1272	18	49
M375_4	F806_4	158	1209	370	1016
M375_4	M2070_4	158	1283	63	172
M375_4	M2257_4	158	1339	671	1840
M375_4	M2584_4	158	1274	130	376
M375_4	M2692_4	158	1381	167	449
M375_4	M2752_4	158	1380	243	686
F1351_4	F1619_4	159	1317	970	970
F1351_4	F2059_4	159	1351	1114	1114
F1351_4	F2068_4	159	1230	53	53
F1351_4	F2258_4	159	1373	904	904
F1351_4	F2372_4	159	1243	1003	1003
F1351_4	F631_4	159	1242	815	815
F1351_4	F6_4	159	1260	879	879
F1351_4	F942_4	159	1180	213	213
F1351_4	M1032_4	159	1196	608	608
F1351_4	M1661_4	159	1260	302	302
F1351_4	M2135_4	159	1080	926	926
F1351_4	M524_4	159	1190	1143	1143
F1351_4	M81_4	159	1364	320	320
F1619_4	F1351_4	159	1317	606	799
F1619_4	F2059_4	159	1230	933	1238
F1619_4	F2068_4	159	1241	28	36
F1619_4	F2258_4	159	1457	731	962
F1619_4	F2372_4	159	1328	924	1199
F1619_4	F631_4	159	1272	656	857
F1619_4	F6_4	159	1291	690	938
F1619_4	F942_4	159	1343	150	201
F1619_4	M1032_4	159	1182	409	549
F1619_4	M1661_4	159	1240	177	240
F1619_4	M2135_4	159	1345	1047	1394
F1619_4	M524_4	159	1272	1198	1615
F1619_4	M81_4	159	1187	196	272
F2059_4	F1351_4	159	1351	993	2850
F2059_4	F1619_4	159	1230	1010	2998
F2059_4	F2068_4	159	1315	89	276
F2059_4	F2258_4	159	1238	931	2674
F2059_4	F2372_4	159	1199	1049	3139
F2059_4	F631_4	159	1089	864	2612
F2059_4	F6_4	159	1127	902	2685
F2059_4	F942_4	159	1177	349	1018
F2059_4	M1032_4	159	1233	800	2329
F2059_4	M1661_4	159	1219	422	1296
F2059_4	M2135_4	159	1388	1269	3823
F2059_4	M524_4	159	1287	1245	3692
F2059_4	M81_4	159	1253	482	1393
F2068_4	F1351_4	159	1230	1085	1085
F2068_4	F1619_4	159	1241	1154	1154
F2068_4	F2059_4	159	1315	1253	1253
F2068_4	F2258_4	159	1213	1068	1068
F2068_4	F2372_4	159	1297	1235	1235
F2068_4	F631_4	159	1291	1119	1119
F2068_4	F6_4	159	1162	1033	1033
F2068_4	F942_4	159	1100	525	525
F2068_4	M1032_4	159	1144	913	913
F2068_4	M1661_4	159	1355	760	760
F2068_4	M2135_4	159	1256	1196	1196
F2068_4	M524_4	159	1164	1147	1147
F2068_4	M81_4	159	1368	774	774
F2258_4	F1351_4	159	1373	1329	4569
F2258_4	F1619_4	159	1457	1423	4936
F2258_4	F2059_4	159	1238	1227	4152
F2258_4	F2068_4	159	1213	493	1722
F2258_4	F2372_4	159	1122	1106	3884
F2258_4	F631_4	159	1316	1270	4344
F2258_4	F6_4	159	1210	1175	4038
F2258_4	F942_4	159	1321	1034	3482
F2258_4	M1032_4	159	1273	1204	4160
F2258_4	M1661_4	159	1197	1012	3433
F2258_4	M2135_4	159	1269	1257	4313
F2258_4	M524_4	159	1176	1174	4094
F2258_4	M81_4	159	1240	1056	3623
F2372_4	F1351_4	159	1243	869	869
F2372_4	F1619_4	159	1328	1065	1065
F2372_4	F2059_4	159	1199	1063	1063
F2372_4	F2068_4	159	1297	88	88
F2372_4	F2258_4	159	1122	804	804
F2372_4	F631_4	159	1258	868	868
F2372_4	F6_4	159	1268	950	950
F2372_4	F942_4	159	1370	317	317
F2372_4	M1032_4	159	1246	698	698
F2372_4	M1661_4	159	1394	426	426
F2372_4	M2135_4	159	1293	1156	1156
F2372_4	M524_4	159	1198	1172	1172
F2372_4	M81_4	159	1284	407	407
F631_4	F1351_4	159	1242	496	496
F631_4	F1619_4	159	1272	712	712
F631_4	F2059_4	159	1089	755	755
F631_4	F2068_4	159	1291	24	24
F631_4	F2258_4	159	1316	590	590
F631_4	F2372_4	159	1258	795	795
F631_4	F6_4	159	1290	606	606
F631_4	F942_4	159	1238	98	98
F631_4	M1032_4	159	1248	346	346
F631_4	M1661_4	159	1467	149	149
F631_4	M2135_4	159	1370	1000	1000
F631_4	M524_4	159	1223	1100	1100
F631_4	M81_4	159	1225	151	151
F6_4	F1351_4	159	1260	962	962
F6_4	F1619_4	159	1291	1078	1078
F6_4	F2059_4	159	1127	1021	1021
F6_4	F2068_4	159	1162	99	99
F6_4	F2258_4	159	1210	957	957
F6_4	F2372_4	159	1268	1126	1126
F6_4	F631_4	159	1290	998	998
F6_4	F942_4	159	1225	409	409
F6_4	M1032_4	159	1222	784	784
F6_4	M1661_4	159	1406	505	505
F6_4	M2135_4	159	1301	1211	1211
F6_4	M524_4	159	1333	1301	1301
F6_4	M81_4	159	1267	510	510
F942_4	F1351_4	159	1180	991	991
F942_4	F1619_4	159	1343	1204	1204
F942_4	F2059_4	159	1177	1098	1098
F942_4	F2068_4	159	1100	145	145
F942_4	F2258_4	159	1321	1127	1127
F942_4	F2372_4	159	1370	1262	1262
F942_4	F631_4	159	1238	1056	1056
F942_4	F6_4	159	1225	1064	1064
F942_4	M1032_4	159	1320	1005	1005
F942_4	M1661_4	159	1296	648	648
F942_4	M2135_4	159	1247	1183	1183
F942_4	M524_4	159	1163	1147	1147
F942_4	M81_4	159	1336	701	701
M1032_4	F1351_4	159	1196	388	388
M1032_4	F1619_4	159	1182	555	555
M1032_4	F2059_4	159	1233	764	764
M1032_4	F2068_4	159	1144	14	14
M1032_4	F2258_4	159	1273	463	463
M1032_4	F2372_4	159	1246	694	694
M1032_4	F631_4	159	1248	442	442
M1032_4	F6_4	159	1222	512	512
M1032_4	F942_4	159	1320	76	76
M1032_4	M1661_4	159	1227	89	89
M1032_4	M2135_4	159	1288	840	840
M1032_4	M524_4	159	1177	1040	1040
M1032_4	M81_4	159	1255	121	121
M1661_4	F1351_4	159	1260	432	432
M1661_4	F1619_4	159	1240	633	633
M1661_4	F2059_4	159	1219	814	814
M1661_4	F2068_4	159	1355	30	30
M1661_4	F2258_4	159	1197	525	525
M1661_4	F2372_4	159	1394	835	835
M1661_4	F631_4	159	1467	583	583
M1661_4	F6_4	159	1406	673	673
M1661_4	F942_4	159	1296	104	104
M1661_4	M1032_4	159	1227	344	344
M1661_4	M2135_4	159	1386	959	959
M1661_4	M524_4	159	1200	1089	1089
M1661_4	M81_4	159	1177	134	134
M2135_4	F1351_4	159	1080	1011	1011
M2135_4	F1619_4	159	1345	1295	1295
M2135_4	F2059_4	159	1388	1363	1363
M2135_4	F2068_4	159	1256	392	392
M2135_4	F2258_4	159	1269	1191	1191
M2135_4	F2372_4	159	1293	1262	1262
M2135_4	F631_4	159	1370	1279	1279
M2135_4	F6_4	159	1301	1249	1249
M2135_4	F942_4	159	1247	823	823
M2135_4	M1032_4	159	1288	1163	1163
M2135_4	M1661_4	159	1386	1031	1031
M2135_4	M524_4	159	1245	1241	1241
M2135_4	M81_4	159	1259	982	982
M524_4	F1351_4	159	1190	733	808
M524_4	F1619_4	159	1272	923	1018
M524_4	F2059_4	159	1287	1075	1188
M524_4	F2068_4	159	1164	54	61
M524_4	F2258_4	159	1176	778	857
M524_4	F2372_4	159	1198	971	1068
M524_4	F631_4	159	1223	766	834
M524_4	F6_4	159	1333	872	953
M524_4	F942_4	159	1163	241	258
M524_4	M1032_4	159	1177	602	668
M524_4	M1661_4	159	1200	287	311
M524_4	M2135_4	159	1245	1090	1177
M524_4	M81_4	159	1267	361	386
M81_4	F1351_4	159	1364	1254	2038
M81_4	F1619_4	159	1187	1145	1819
M81_4	F2059_4	159	1253	1225	2033
M81_4	F2068_4	159	1368	347	544
M81_4	F2258_4	159	1240	1162	1842
M81_4	F2372_4	159	1284	1241	2038
M81_4	F631_4	159	1225	1145	1876
M81_4	F6_4	159	1267	1184	1926
M81_4	F942_4	159	1336	874	1434
M81_4	M1032_4	159	1255	1092	1791
M81_4	M1661_4	159	1177	818	1335
M81_4	M2135_4	159	1259	1233	2010
M81_4	M524_4	159	1267	1260	2040
F1236_4	F1282_4	160	1454	373	373
F1236_4	F1617_4	160	1404	1061	1061
F1236_4	F434_4	160	1285	624	624
F1236_4	F626_4	160	1294	675	675
F1236_4	F884_4	160	1253	734	734
F1236_4	M1145_4	160	1315	196	196
F1236_4	M187_4	160	1266	527	527
F1236_4	M2026_4	160	1129	810	810
F1236_4	M2058_4	160	1154	1007	1007
F1236_4	M2240_4	160	1337	962	962
F1236_4	M331_4	160	1190	1166	1166
F1236_4	M421_4	160	1363	831	831
F1236_4	M767_4	160	1300	337	337
F1282_4	F1236_4	160	1454	660	1437
F1282_4	F1617_4	160	1453	984	2168
F1282_4	F434_4	160	1284	480	1065
F1282_4	F626_4	160	1216	502	1129
F1282_4	F884_4	160	1094	507	1119
F1282_4	M1145_4	160	1201	124	275
F1282_4	M187_4	160	1293	406	903
F1282_4	M2026_4	160	1254	814	1756
F1282_4	M2058_4	160	1399	1174	2667
F1282_4	M2240_4	160	1222	752	1627
F1282_4	M331_4	160	1221	1163	2609
F1282_4	M421_4	160	1337	649	1409
F1282_4	M767_4	160	1471	262	592
F1617_4	F1236_4	160	1404	703	1515
F1617_4	F1282_4	160	1453	335	723
F1617_4	F434_4	160	1338	608	1297
F1617_4	F626_4	160	1399	701	1516
F1617_4	F884_4	160	1145	586	1194
F1617_4	M1145_4	160	1297	168	351
F1617_4	M187_4	160	1226	439	923
F1617_4	M2026_4	160	1261	871	1884
F1617_4	M2058_4	160	1307	1146	2475
F1617_4	M2240_4	160	1322	929	2013
F1617_4	M331_4	160	1326	1288	2890
F1617_4	M421_4	160	1402	821	1770
F1617_4	M767_4	160	1237	266	564
F434_4	F1236_4	160	1285	760	2547
F434_4	F1282_4	160	1284	361	1224
F434_4	F1617_4	160	1338	1070	3638
F434_4	F626_4	160	1245	714	2471
F434_4	F884_4	160	1140	674	2312
F434_4	M1145_4	160	1297	247	816
F434_4	M187_4	160	1460	643	2159
F434_4	M2026_4	160	1313	990	3333
F434_4	M2058_4	160	1225	1078	3685
F434_4	M2240_4	160	1249	954	3271
F434_4	M331_4	160	1355	1326	4600
F434_4	M421_4	160	1201	764	2619
F434_4	M767_4	160	1149	320	1106
F626_4	F1236_4	160	1294	269	269
F626_4	F1282_4	160	1216	92	92
F626_4	F1617_4	160	1399	626	626
F626_4	F434_4	160	1245	246	246
F626_4	F884_4	160	1259	328	328
F626_4	M1145_4	160	1097	46	46
F626_4	M187_4	160	1137	152	152
F626_4	M2026_4	160	1179	461	461
F626_4	M2058_4	160	1206	778	778
F626_4	M2240_4	160	1357	542	542
F626_4	M331_4	160	1195	1073	1073
F626_4	M421_4	160	1485	372	372
F626_4	M767_4	160	1266	86	86
F884_4	F1236_4	160	1253	348	348
F884_4	F1282_4	160	1094	106	106
F884_4	F1617_4	160	1145	608	608
F884_4	F434_4	160	1140	282	282
F884_4	F626_4	160	1259	325	325
F884_4	M1145_4	160	1334	80	80
F884_4	M187_4	160	1178	198	198
F884_4	M2026_4	160	1244	604	604
F884_4	M2058_4	160	1182	802	802
F884_4	M2240_4	160	1215	555	555
F884_4	M331_4	160	1247	1154	1154
F884_4	M421_4	160	1241	362	362
F884_4	M767_4	160	1232	107	107
M1145_4	F1236_4	160	1315	502	502
M1145_4	F1282_4	160	1201	175	175
M1145_4	F1617_4	160	1297	790	790
M1145_4	F434_4	160	1297	401	401
M1145_4	F626_4	160	1097	417	417
M1145_4	F884_4	160	1334	495	495
M1145_4	M187_4	160	1269	314	314
M1145_4	M2026_4	160	1220	652	652
M1145_4	M2058_4	160	1160	865	865
M1145_4	M2240_4	160	1246	659	659
M1145_4	M331_4	160	1347	1276	1276
M1145_4	M421_4	160	1294	512	512
M1145_4	M767_4	160	1375	174	174
M187_4	F1236_4	160	1266	787	2075
M187_4	F1282_4	160	1293	361	980
M187_4	F1617_4	160	1226	989	2624
M187_4	F434_4	160	1460	813	2135
M187_4	F626_4	160	1137	649	1733
M187_4	F884_4	160	1178	762	2027
M187_4	M1145_4	160	1269	236	657
M187_4	M2026_4	160	1223	923	2422
M187_4	M2058_4	160	1099	996	2728
M187_4	M2240_4	160	1283	968	2578
M187_4	M331_4	160	1336	1307	3492
M187_4	M421_4	160	1150	741	1967
M187_4	M767_4	160	1078	332	869
M2026_4	F1236_4	160	1129	641	2023
M2026_4	F1282_4	160	1254	314	992
M2026_4	F1617_4	160	1261	968	3104
M2026_4	F434_4	160	1313	659	2023
M2026_4	F626_4	160	1179	659	2015
M2026_4	F884_4	160	1244	708	2247
M2026_4	M1145_4	160	1220	223	709
M2026_4	M187_4	160	1223	546	1726
M2026_4	M2058_4	160	1355	1183	3692
M2026_4	M2240_4	160	1357	1021	3258
M2026_4	M331_4	160	1291	1269	4003
M2026_4	M421_4	160	1289	754	2384
M2026_4	M767_4	160	1239	323	1000
M2058_4	F1236_4	160	1154	225	225
M2058_4	F1282_4	160	1399	98	98
M2058_4	F1617_4	160	1307	493	493
M2058_4	F434_4	160	1225	205	205
M2058_4	F626_4	160	1206	211	211
M2058_4	F884_4	160	1182	202	202
M2058_4	M1145_4	160	1160	31	31
M2058_4	M187_4	160	1099	119	119
M2058_4	M2026_4	160	1355	448	448
M2058_4	M2240_4	160	1342	465	465
M2058_4	M331_4	160	1282	1138	1138
M2058_4	M421_4	160	1314	274	274
M2058_4	M767_4	160	1175	66	66
M2240_4	F1236_4	160	1337	66	66
M2240_4	F1282_4	160	1222	8	8
M2240_4	F1617_4	160	1322	126	126
M2240_4	F434_4	160	1249	48	48
M2240_4	F626_4	160	1357	52	52
M2240_4	F884_4	160	1215	61	61
M2240_4	M1145_4	160	1246	12	12
M2240_4	M187_4	160	1283	33	33
M2240_4	M2026_4	160	1357	89	89
M2240_4	M2058_4	160	1342	261	261
M2240_4	M331_4	160	1118	664	664
M2240_4	M421_4	160	1372	55	55
M2240_4	M767_4	160	1386	11	11
M331_4	F1236_4	160	1190	739	739
M331_4	F1282_4	160	1221	381	381
M331_4	F1617_4	160	1326	1051	1051
M331_4	F434_4	160	1355	742	742
M331_4	F626_4	160	1195	704	704
M331_4	F884_4	160	1247	737	737
M331_4	M1145_4	160	1347	263	263
M331_4	M187_4	160	1336	600	600
M331_4	M2026_4	160	1291	972	972
M331_4	M2058_4	160	1282	1153	1153
M331_4	M2240_4	160	1118	840	840
M331_4	M421_4	160	1291	799	799
M331_4	M767_4	160	1191	312	312
M421_4	F1236_4	160	1363	138	210
M421_4	F1282_4	160	1337	39	54
M421_4	F1617_4	160	1402	277	401
M421_4	F434_4	160	1201	78	101
M421_4	F626_4	160	1485	127	174
M421_4	F884_4	160	1241	125	183
M421_4	M1145_4	160	1294	27	35
M421_4	M187_4	160	1150	59	87
M421_4	M2026_4	160	1289	218	308
M421_4	M2058_4	160	1314	526	729
M421_4	M2240_4	160	1372	251	357
M421_4	M331_4	160	1291	981	1382
M421_4	M767_4	160	1313	37	47
M767_4	F1236_4	160	1300	450	600
M767_4	F1282_4	160	1471	187	246
M767_4	F1617_4	160	1237	726	944
M767_4	F434_4	160	1149	347	468
M767_4	F626_4	160	1266	419	532
M767_4	F884_4	160	1232	482	638
M767_4	M1145_4	160	1375	114	147
M767_4	M187_4	160	1078	230	302
M767_4	M2026_4	160	1239	644	831
M767_4	M2058_4	160	1175	855	1133
M767_4	M2240_4	160	1386	744	956
M767_4	M331_4	160	1191	1127	1497
M767_4	M421_4	160	1313	483	629
F1219_4	F1489_4	161	1301	612	1471
F1219_4	F2224_4	161	1292	421	990
F1219_4	F2572_4	161	1111	874	2079
F1219_4	F669_4	161	1179	922	2191
F1219_4	M1500_4	161	1233	937	2258
F1219_4	M1686_4	161	1271	63	145
F1219_4	M1855_4	161	1219	1002	2299
F1219_4	M2317_4	161	1250	1235	2936
F1219_4	M2449_4	161	1205	1019	2468
F1219_4	M2536_4	161	1224	1168	2783
F1219_4	M257_4	161	1296	905	2206
F1219_4	M590_4	161	1278	822	1927
F1219_4	M684_4	161	1267	896	2172
F1489_4	F1219_4	161	1301	991	991
F1489_4	F2224_4	161	1211	421	421
F1489_4	F2572_4	161	1189	906	906
F1489_4	F669_4	161	1343	1068	1068
F1489_4	M1500_4	161	1256	942	942
F1489_4	M1686_4	161	1434	90	90
F1489_4	M1855_4	161	1154	927	927
F1489_4	M2317_4	161	1302	1284	1284
F1489_4	M2449_4	161	1325	1083	1083
F1489_4	M2536_4	161	1239	1179	1179
F1489_4	M257_4	161	1320	909	909
F1489_4	M590_4	161	1319	833	833
F1489_4	M684_4	161	1211	848	848
F2224_4	F1219_4	161	1292	1090	1090
F2224_4	F1489_4	161	1211	683	683
F2224_4	F2572_4	161	1331	1082	1082
F2224_4	F669_4	161	1222	1042	1042
F2224_4	M1500_4	161	1199	976	976
F2224_4	M1686_4	161	1316	121	121
F2224_4	M1855_4	161	1188	1053	1053
F2224_4	M2317_4	161	1240	1228	1228
F2224_4	M2449_4	161	1252	1095	1095
F2224_4	M2536_4	161	1290	1247	1247
F2224_4	M257_4	161	1192	914	914
F2224_4	M590_4	161	1326	957	957
F2224_4	M684_4	161	1509	1157	1157
F2572_4	F1219_4	161	1111	432	569
F2572_4	F1489_4	161	1189	173	220
F2572_4	F2224_4	161	1331	116	157
F2572_4	F669_4	161	1394	553	750
F2572_4	M1500_4	161	1381	521	713
F2572_4	M1686_4	161	1403	21	28
F2572_4	M1855_4	161	1220	630	850
F2572_4	M2317_4	161	1274	1194	1600
F2572_4	M2449_4	161	1144	568	762
F2572_4	M2536_4	161	1372	1100	1466
F2572_4	M257_4	161	1361	468	640
F2572_4	M590_4	161	1222	319	416
F2572_4	M684_4	161	1184	377	507
F669_4	F1219_4	161	1179	772	983
F669_4	F1489_4	161	1343	463	601
F669_4	F2224_4	161	1222	284	373
F669_4	F2572_4	161	1394	847	1086
F669_4	M1500_4	161	1273	802	1024
F669_4	M1686_4	161	1283	45	63
F669_4	M1855_4	161	1272	946	1200
F669_4	M2317_4	161	1185	1153	1478
F669_4	M2449_4	161	1133	836	1042
F669_4	M2536_4	161	1432	1322	1661
F669_4	M257_4	161	1112	652	820
F669_4	M590_4	161	1276	698	886
F669_4	M684_4	161	1216	712	896
M1500_4	F1219_4	161	1233	925	1334
M1500_4	F1489_4	161	1256	527	725
M1500_4	F2224_4	161	1199	342	514
M1500_4	F2572_4	161	1381	993	1416
M1500_4	F669_4	161	1273	957	1329
M1500_4	M1686_4	161	1081	52	76
M1500_4	M1855_4	161	1243	970	1371
M1500_4	M2317_4	161	1274	1254	1764
M1500_4	M2449_4	161	1192	963	1349
M1500_4	M2536_4	161	1361	1285	1814
M1500_4	M257_4	161	1286	855	1209
M1500_4	M590_4	161	1138	665	972
M1500_4	M684_4	161	1318	884	1261
M1686_4	F1219_4	161	1271	333	333
M1686_4	F1489_4	161	1434	117	117
M1686_4	F2224_4	161	1316	64	64
M1686_4	F2572_4	161	1403	354	354
M1686_4	F669_4	161	1283	362	362
M1686_4	M1500_4	161	1081	261	261
M1686_4	M1855_4	161	1186	401	401
M1686_4	M2317_4	161	1184	1054	1054
M1686_4	M2449_4	161	1144	385	385
M1686_4	M2536_4	161	1312	896	896
M1686_4	M257_4	161	1247	257	257
M1686_4	M590_4	161	1226	223	223
M1686_4	M684_4	161	1371	268	268
M1855_4	F1219_4	161	1219	567	1454
M1855_4	F1489_4	161	1154	224	550
M1855_4	F2224_4	161	1188	142	381
M1855_4	F2572_4	161	1220	544	1358
M1855_4	F669_4	161	1272	644	1634
M1855_4	M1500_4	161	1243	551	1386
M1855_4	M1686_4	161	1186	28	68
M1855_4	M2317_4	161	1171	1125	2807
M1855_4	M2449_4	161	1255	717	1758
M1855_4	M2536_4	161	1312	1076	2629
M1855_4	M257_4	161	1242	502	1272
M1855_4	M590_4	161	1261	405	1007
M1855_4	M684_4	161	1164	452	1132
M2317_4	F1219_4	161	1250	867	867
M2317_4	F1489_4	161	1302	509	509
M2317_4	F2224_4	161	1240	315	315
M2317_4	F2572_4	161	1274	856	856
M2317_4	F669_4	161	1185	859	859
M2317_4	M1500_4	161	1274	855	855
M2317_4	M1686_4	161	1184	45	45
M2317_4	M1855_4	161	1171	874	874
M2317_4	M2449_4	161	1222	968	968
M2317_4	M2536_4	161	1349	1252	1252
M2317_4	M257_4	161	1257	787	787
M2317_4	M590_4	161	1280	694	694
M2317_4	M684_4	161	1165	743	743
M2449_4	F1219_4	161	1205	1150	2851
M2449_4	F1489_4	161	1325	1122	2848
M2449_4	F2224_4	161	1252	956	2384
M2449_4	F2572_4	161	1144	1093	2715
M2449_4	F669_4	161	1133	1092	2721
M2449_4	M1500_4	161	1192	1114	2738
M2449_4	M1686_4	161	1144	301	759
M2449_4	M1855_4	161	1255	1208	3072
M2449_4	M2317_4	161	1222	1219	3099
M2449_4	M2536_4	161	1257	1251	3141
M2449_4	M257_4	161	1252	1178	2891
M2449_4	M590_4	161	1279	1166	2929
M2449_4	M684_4	161	1216	1149	2947
M2536_4	F1219_4	161	1224	750	2744
M2536_4	F1489_4	161	1239	347	1207
M2536_4	F2224_4	161	1290	257	950
M2536_4	F2572_4	161	1372	793	2797
M2536_4	F669_4	161	1432	879	3134
M2536_4	M1500_4	161	1361	784	2831
M2536_4	M1686_4	161	1312	37	152
M2536_4	M1855_4	161	1312	894	3105
M2536_4	M2317_4	161	1349	1316	4751
M2536_4	M2449_4	161	1257	874	3171
M2536_4	M257_4	161	1247	641	2316
M2536_4	M590_4	161	1203	511	1824
M2536_4	M684_4	161	1312	688	2427
M257_4	F1219_4	161	1296	1087	1087
M257_4	F1489_4	161	1320	756	756
M257_4	F2224_4	161	1192	550	550
M257_4	F2572_4	161	1361	1134	1134
M257_4	F669_4	161	1112	966	966
M257_4	M1500_4	161	1286	1067	1067
M257_4	M1686_4	161	1247	122	122
M257_4	M1855_4	161	1242	1080	1080
M257_4	M2317_4	161	1257	1244	1244
M257_4	M2449_4	161	1252	1099	1099
M257_4	M2536_4	161	1247	1207	1207
M257_4	M590_4	161	1384	1020	1020
M257_4	M684_4	161	1243	959	959
M590_4	F1219_4	161	1278	1198	1198
M590_4	F1489_4	161	1319	1042	1042
M590_4	F2224_4	161	1326	908	908
M590_4	F2572_4	161	1222	1129	1129
M590_4	F669_4	161	1276	1204	1204
M590_4	M1500_4	161	1138	1044	1044
M590_4	M1686_4	161	1226	235	235
M590_4	M1855_4	161	1261	1213	1213
M590_4	M2317_4	161	1280	1274	1274
M590_4	M2449_4	161	1279	1233	1233
M590_4	M2536_4	161	1203	1189	1189
M590_4	M257_4	161	1384	1260	1260
M590_4	M684_4	161	1236	1113	1113
M684_4	F1219_4	161	1267	266	725
M684_4	F1489_4	161	1211	67	174
M684_4	F2224_4	161	1509	49	138
M684_4	F2572_4	161	1184	229	637
M684_4	F669_4	161	1216	261	755
M684_4	M1500_4	161	1318	231	661
M684_4	M1686_4	161	1371	3	9
M684_4	M1855_4	161	1164	328	903
M684_4	M2317_4	161	1165	995	2833
M684_4	M2449_4	161	1216	350	976
M684_4	M2536_4	161	1312	816	2327
M684_4	M257_4	161	1243	194	517
M684_4	M590_4	161	1236	154	425
F1117_4	F1146_4	162	1245	518	518
F1117_4	F1751_4	162	1181	598	598
F1117_4	F2436_4	162	1270	512	512
F1117_4	F2485_4	162	1234	212	212
F1117_4	F2758_4	162	1241	1041	1041
F1117_4	F889_4	162	1203	1150	1150
F1117_4	M1295_4	162	1200	1186	1186
F1117_4	M2117_4	162	1158	1012	1012
F1117_4	M2251_4	162	1267	972	972
F1117_4	M2308_4	162	1336	272	272
F1117_4	M361_4	162	1302	344	344
F1117_4	M677_4	162	1270	1123	1123
F1117_4	M981_4	162	1363	687	687
F1146_4	F1117_4	162	1245	187	187
F1146_4	F1751_4	162	1168	68	68
F1146_4	F2436_4	162	1176	38	38
F1146_4	F2485_4	162	1357	13	13
F1146_4	F2758_4	162	1260	259	259
F1146_4	F889_4	162	1168	595	595
F1146_4	M1295_4	162	1204	944	944
F1146_4	M2117_4	162	1452	404	404
F1146_4	M2251_4	162	1355	206	206
F1146_4	M2308_4	162	1325	19	19
F1146_4	M361_4	162	1219	22	22
F1146_4	M677_4	162	1195	359	359
F1146_4	M981_4	162	1322	76	76
F1751_4	F1117_4	162	1181	386	1865
F1751_4	F1146_4	162	1168	85	399
F1751_4	F2436_4	162	1253	99	450
F1751_4	F2485_4	162	1235	27	131
F1751_4	F2758_4	162	1281	517	2605
F1751_4	F889_4	162	1336	994	4766
F1751_4	M1295_4	162	1263	1129	5486
F1751_4	M2117_4	162	1297	631	2992
F1751_4	M2251_4	162	1339	408	2002
F1751_4	M2308_4	162	1370	34	180
F1751_4	M361_4	162	1109	54	287
F1751_4	M677_4	162	1236	643	3029
F1751_4	M981_4	162	1147	122	610
F2436_4	F1117_4	162	1270	934	934
F2436_4	F1146_4	162	1176	426	426
F2436_4	F1751_4	162	1253	538	538
F2436_4	F2485_4	162	1257	178	178
F2436_4	F2758_4	162	1210	962	962
F2436_4	F889_4	162	1158	1095	1095
F2436_4	M1295_4	162	1220	1191	1191
F2436_4	M2117_4	162	1189	1006	1006
F2436_4	M2251_4	162	1295	926	926
F2436_4	M2308_4	162	1361	244	244
F2436_4	M361_4	162	1259	293	293
F2436_4	M677_4	162	1216	1056	1056
F2436_4	M981_4	162	1410	569	569
F2485_4	F1117_4	162	1234	656	1560
F2485_4	F1146_4	162	1357	235	524
F2485_4	F1751_4	162	1235	326	768
F2485_4	F2436_4	162	1257	195	474
F2485_4	F2758_4	162	1166	724	1684
F2485_4	F889_4	162	1287	1138	2632
F2485_4	M1295_4	162	1119	1067	2382
F2485_4	M2117_4	162	1342	953	2145
F2485_4	M2251_4	162	1238	636	1434
F2485_4	M2308_4	162	1295	99	235
F2485_4	M361_4	162	1204	125	302
F2485_4	M677_4	162	1148	831	1914
F2485_4	M981_4	162	1410	310	692
F2758_4	F1117_4	162	1241	1131	2531
F2758_4	F1146_4	162	1260	831	1789
F2758_4	F1751_4	162	1281	957	2018
F2758_4	F2436_4	162	1210	778	1729
F2758_4	F2485_4	162	1166	419	954
F2758_4	F889_4	162	1412	1395	3125
F2758_4	M1295_4	162	1201	1195	2686
F2758_4	M2117_4	162	1149	1095	2375
F2758_4	M2251_4	162	1305	1184	2649
F2758_4	M2308_4	162	1187	475	1017
F2758_4	M361_4	162	1241	637	1378
F2758_4	M677_4	162	1226	1187	2612
F2758_4	M981_4	162	1193	863	1893
F889_4	F1117_4	162	1203	1061	3384
F889_4	F1146_4	162	1168	652	2069
F889_4	F1751_4	162	1336	886	2813
F889_4	F2436_4	162	1158	681	2219
F889_4	F2485_4	162	1287	404	1278
F889_4	F2758_4	162	1412	1279	4117
F889_4	M1295_4	162	1181	1171	3797
F889_4	M2117_4	162	1232	1168	3815
F889_4	M2251_4	162	1191	1041	3355
F889_4	M2308_4	162	1248	460	1502
F889_4	M361_4	162	1226	526	1725
F889_4	M677_4	162	1333	1258	3950
F889_4	M981_4	162	1213	789	2535
M1295_4	F1117_4	162	1200	1157	1157
M1295_4	F1146_4	162	1204	1048	1048
M1295_4	F1751_4	162	1263	1135	1135
M1295_4	F2436_4	162	1220	1062	1062
M1295_4	F2485_4	162	1119	691	691
M1295_4	F2758_4	162	1201	1178	1178
M1295_4	F889_4	162	1181	1179	1179
M1295_4	M2117_4	162	1226	1208	1208
M1295_4	M2251_4	162	1270	1237	1237
M1295_4	M2308_4	162	1271	878	878
M1295_4	M361_4	162	1185	886	886
M1295_4	M677_4	162	1258	1246	1246
M1295_4	M981_4	162	1401	1252	1252
M2117_4	F1117_4	162	1158	859	859
M2117_4	F1146_4	162	1452	490	490
M2117_4	F1751_4	162	1297	579	579
M2117_4	F2436_4	162	1189	394	394
M2117_4	F2485_4	162	1342	192	192
M2117_4	F2758_4	162	1149	919	919
M2117_4	F889_4	162	1232	1158	1158
M2117_4	M1295_4	162	1226	1207	1207
M2117_4	M2251_4	162	1226	876	876
M2117_4	M2308_4	162	1329	221	221
M2117_4	M361_4	162	1300	297	297
M2117_4	M677_4	162	1189	1040	1040
M2117_4	M981_4	162	1217	485	485
M2251_4	F1117_4	162	1267	611	863
M2251_4	F1146_4	162	1355	219	318
M2251_4	F1751_4	162	1339	308	442
M2251_4	F2436_4	162	1295	193	279
M2251_4	F2485_4	162	1238	75	117
M2251_4	F2758_4	162	1305	739	1059
M2251_4	F889_4	162	1191	1016	1480
M2251_4	M1295_4	162	1270	1208	1734
M2251_4	M2117_4	162	1226	841	1231
M2251_4	M2308_4	162	1399	99	130
M2251_4	M361_4	162	1325	124	174
M2251_4	M677_4	162	1353	951	1369
M2251_4	M981_4	162	1252	244	352
M2308_4	F1117_4	162	1336	849	1603
M2308_4	F1146_4	162	1325	297	568
M2308_4	F1751_4	162	1370	443	837
M2308_4	F2436_4	162	1361	323	638
M2308_4	F2485_4	162	1295	107	221
M2308_4	F2758_4	162	1187	830	1559
M2308_4	F889_4	162	1248	1142	2162
M2308_4	M1295_4	162	1271	1229	2382
M2308_4	M2117_4	162	1329	1036	1994
M2308_4	M2251_4	162	1399	857	1642
M2308_4	M361_4	162	1233	177	322
M2308_4	M677_4	162	1377	1103	2093
M2308_4	M981_4	162	1307	376	725
M361_4	F1117_4	162	1302	1221	2421
M361_4	F1146_4	162	1219	933	1856
M361_4	F1751_4	162	1109	927	1838
M361_4	F2436_4	162	1259	949	1866
M361_4	F2485_4	162	1204	609	1224
M361_4	F2758_4	162	1241	1206	2353
M361_4	F889_4	162	1226	1214	2374
M361_4	M1295_4	162	1185	1182	2311
M361_4	M2117_4	162	1300	1271	2525
M361_4	M2251_4	162	1325	1248	2485
M361_4	M2308_4	162	1233	664	1298
M361_4	M677_4	162	1202	1172	2320
M361_4	M981_4	162	1265	1013	2031
M677_4	F1117_4	162	1270	740	1215
M677_4	F1146_4	162	1195	280	438
M677_4	F1751_4	162	1236	389	648
M677_4	F2436_4	162	1216	264	423
M677_4	F2485_4	162	1148	88	150
M677_4	F2758_4	162	1226	879	1399
M677_4	F889_4	162	1333	1199	1980
M677_4	M1295_4	162	1258	1217	2033
M677_4	M2117_4	162	1189	890	1454
M677_4	M2251_4	162	1353	800	1350
M677_4	M2308_4	162	1377	138	227
M677_4	M361_4	162	1202	150	270
M677_4	M981_4	162	1159	331	578
M981_4	F1117_4	162	1363	921	921
M981_4	F1146_4	162	1322	347	347
M981_4	F1751_4	162	1147	367	367
M981_4	F2436_4	162	1410	368	368
M981_4	F2485_4	162	1410	134	134
M981_4	F2758_4	162	1193	854	854
M981_4	F889_4	162	1213	1118	1118
M981_4	M1295_4	162	1401	1358	1358
M981_4	M2117_4	162	1217	979	979
M981_4	M2251_4	162	1252	806	806
M981_4	M2308_4	162	1307	164	164
M981_4	M361_4	162	1265	217	217
M981_4	M677_4	162	1159	951	951
F1019_4	F1091_4	163	1248	625	1674
F1019_4	F1297_4	163	1221	256	674
F1019_4	F1721_4	163	1450	200	510
F1019_4	F2371_4	163	1280	182	483
F1019_4	F290_4	163	1354	1298	3512
F1019_4	F535_4	163	1301	79	214
F1019_4	F574_4	163	1165	181	492
F1019_4	M1113_4	163	1288	656	1820
F1019_4	M1472_4	163	1324	457	1269
F1019_4	M1901_4	163	1365	137	388
F1019_4	M1976_4	163	1253	897	2388
F1019_4	M2195_4	163	1178	122	332
F1019_4	M2606_4	163	1188	36	97
F1091_4	F1019_4	163	1248	999	2087
F1091_4	F1297_4	163	1197	951	1982
F1091_4	F1721_4	163	1178	836	1778
F1091_4	F2371_4	163	1277	839	1787
F1091_4	F290_4	163	1163	1160	2478
F1091_4	F535_4	163	1257	542	1107
F1091_4	F574_4	163	1278	897	1889
F1091_4	M1113_4	163	1335	1255	2720
F1091_4	M1472_4	163	1261	1103	2293
F1091_4	M1901_4	163	1346	847	1829
F1091_4	M1976_4	163	1259	1226	2570
F1091_4	M2195_4	163	1298	775	1635
F1091_4	M2606_4	163	1243	377	788
F1297_4	F1019_4	163	1221	830	1374
F1297_4	F1091_4	163	1197	1034	1753
F1297_4	F1721_4	163	1230	679	1155
F1297_4	F2371_4	163	1230	555	933
F1297_4	F290_4	163	1253	1242	2092
F1297_4	F535_4	163	1291	345	559
F1297_4	F574_4	163	1186	642	1093
F1297_4	M1113_4	163	1347	1200	2009
F1297_4	M1472_4	163	1325	1041	1724
F1297_4	M1901_4	163	1179	520	877
F1297_4	M1976_4	163	1219	1156	1929
F1297_4	M2195_4	163	1176	507	847
F1297_4	M2606_4	163	1193	247	404
F1721_4	F1019_4	163	1450	235	342
F1721_4	F1091_4	163	1178	487	713
F1721_4	F1297_4	163	1230	197	284
F1721_4	F2371_4	163	1249	127	194
F1721_4	F290_4	163	1148	1087	1597
F1721_4	F535_4	163	1318	55	82
F1721_4	F574_4	163	1154	127	199
F1721_4	M1113_4	163	1258	534	770
F1721_4	M1472_4	163	1255	363	546
F1721_4	M1901_4	163	1246	107	148
F1721_4	M1976_4	163	1252	827	1220
F1721_4	M2195_4	163	1281	101	141
F1721_4	M2606_4	163	1271	33	48
F2371_4	F1019_4	163	1280	825	1771
F2371_4	F1091_4	163	1277	1109	2405
F2371_4	F1297_4	163	1230	777	1661
F2371_4	F1721_4	163	1249	658	1454
F2371_4	F290_4	163	1272	1266	2762
F2371_4	F535_4	163	1404	371	850
F2371_4	F574_4	163	1281	676	1483
F2371_4	M1113_4	163	1434	1251	2700
F2371_4	M1472_4	163	1301	1015	2174
F2371_4	M1901_4	163	1324	629	1343
F2371_4	M1976_4	163	1293	1220	2650
F2371_4	M2195_4	163	1234	517	1143
F2371_4	M2606_4	163	1222	235	521
F290_4	F1019_4	163	1354	52	95
F290_4	F1091_4	163	1163	148	296
F290_4	F1297_4	163	1253	39	57
F290_4	F1721_4	163	1148	23	41
F290_4	F2371_4	163	1272	18	33
F290_4	F535_4	163	1208	8	15
F290_4	F574_4	163	1293	29	58
F290_4	M1113_4	163	1154	138	263
F290_4	M1472_4	163	1138	91	178
F290_4	M1901_4	163	1293	32	62
F290_4	M1976_4	163	1177	314	621
F290_4	M2195_4	163	1401	19	37
F290_4	M2606_4	163	1187	6	14
F535_4	F1019_4	163	1301	1052	1052
F535_4	F1091_4	163	1257	1172	1172
F535_4	F1297_4	163	1291	1030	1030
F535_4	F1721_4	163	1318	901	901
F535_4	F2371_4	163	1404	919	919
F535_4	F290_4	163	1208	1205	1205
F535_4	F574_4	163	1275	887	887
F535_4	M1113_4	163	1197	1113	1113
F535_4	M1472_4	163	1305	1167	1167
F535_4	M1901_4	163	1327	858	858
F535_4	M1976_4	163	1233	1203	1203
F535_4	M2195_4	163	1257	757	757
F535_4	M2606_4	163	1078	359	359
F574_4	F1019_4	163	1165	326	326
F574_4	F1091_4	163	1278	760	760
F574_4	F1297_4	163	1186	344	344
F574_4	F1721_4	163	1154	242	242
F574_4	F2371_4	163	1281	233	233
F574_4	F290_4	163	1293	1251	1251
F574_4	F535_4	163	1275	86	86
F574_4	M1113_4	163	1349	841	841
F574_4	M1472_4	163	1382	591	591
F574_4	M1901_4	163	1414	201	201
F574_4	M1976_4	163	1235	999	999
F574_4	M2195_4	163	1147	188	188
F574_4	M2606_4	163	1372	59	59
M1113_4	F1019_4	163	1288	917	1739
M1113_4	F1091_4	163	1335	1210	2293
M1113_4	F1297_4	163	1347	938	1757
M1113_4	F1721_4	163	1258	777	1480
M1113_4	F2371_4	163	1434	813	1527
M1113_4	F290_4	163	1154	1151	2189
M1113_4	F535_4	163	1197	382	702
M1113_4	F574_4	163	1349	826	1508
M1113_4	M1472_4	163	1332	1111	2074
M1113_4	M1901_4	163	1279	663	1226
M1113_4	M1976_4	163	1252	1206	2235
M1113_4	M2195_4	163	1372	704	1320
M1113_4	M2606_4	163	1231	285	542
M1472_4	F1019_4	163	1324	499	766
M1472_4	F1091_4	163	1261	877	1342
M1472_4	F1297_4	163	1325	471	755
M1472_4	F1721_4	163	1255	335	501
M1472_4	F2371_4	163	1301	289	461
M1472_4	F290_4	163	1138	1116	1755
M1472_4	F535_4	163	1305	150	245
M1472_4	F574_4	163	1382	393	615
M1472_4	M1113_4	163	1332	928	1462
M1472_4	M1901_4	163	1238	266	427
M1472_4	M1976_4	163	1190	1022	1577
M1472_4	M2195_4	163	1200	245	373
M1472_4	M2606_4	163	1263	88	133
M1901_4	F1019_4	163	1365	166	222
M1901_4	F1091_4	163	1346	492	661
M1901_4	F1297_4	163	1179	144	185
M1901_4	F1721_4	163	1246	123	160
M1901_4	F2371_4	163	1324	92	118
M1901_4	F290_4	163	1293	1182	1619
M1901_4	F535_4	163	1327	41	60
M1901_4	F574_4	163	1414	110	146
M1901_4	M1113_4	163	1279	472	620
M1901_4	M1472_4	163	1238	274	355
M1901_4	M1976_4	163	1390	822	1107
M1901_4	M2195_4	163	1341	79	102
M1901_4	M2606_4	163	1143	21	26
M1976_4	F1019_4	163	1253	268	268
M1976_4	F1091_4	163	1259	669	669
M1976_4	F1297_4	163	1219	259	259
M1976_4	F1721_4	163	1252	233	233
M1976_4	F2371_4	163	1293	185	185
M1976_4	F290_4	163	1177	1125	1125
M1976_4	F535_4	163	1233	71	71
M1976_4	F574_4	163	1235	180	180
M1976_4	M1113_4	163	1252	691	691
M1976_4	M1472_4	163	1190	426	426
M1976_4	M1901_4	163	1390	167	167
M1976_4	M2195_4	163	1236	155	155
M1976_4	M2606_4	163	1248	46	46
M2195_4	F1019_4	163	1178	587	2703
M2195_4	F1091_4	163	1298	1018	4798
M2195_4	F1297_4	163	1176	580	2657
M2195_4	F1721_4	163	1281	527	2437
M2195_4	F2371_4	163	1234	417	1947
M2195_4	F290_4	163	1401	1384	6426
M2195_4	F535_4	163	1257	213	956
M2195_4	F574_4	163	1147	460	2143
M2195_4	M1113_4	163	1372	1054	4793
M2195_4	M1472_4	163	1200	788	3580
M2195_4	M1901_4	163	1341	405	1842
M2195_4	M1976_4	163	1236	1134	5283
M2195_4	M2606_4	163	1216	144	662
M2606_4	F1019_4	163	1188	810	810
M2606_4	F1091_4	163	1243	1120	1120
M2606_4	F1297_4	163	1193	779	779
M2606_4	F1721_4	163	1271	695	695
M2606_4	F2371_4	163	1222	611	611
M2606_4	F290_4	163	1187	1180	1180
M2606_4	F535_4	163	1078	307	307
M2606_4	F574_4	163	1372	766	766
M2606_4	M1113_4	163	1231	1075	1075
M2606_4	M1472_4	163	1263	977	977
M2606_4	M1901_4	163	1143	538	538
M2606_4	M1976_4	163	1248	1182	1182
M2606_4	M2195_4	163	1216	569	569
F1222_4	F1329_4	164	1177	176	176
F1222_4	F1633_4	164	1366	110	110
F1222_4	F325_4	164	1164	100	100
F1222_4	F692_4	164	1332	12	12
F1222_4	M1201_4	164	1354	5	5
F1222_4	M1252_4	164	1177	128	128
F1222_4	M138_4	164	1235	36	36
F1222_4	M208_4	164	1235	78	78
F1222_4	M2273_4	164	1234	51	51
F1222_4	M2323_4	164	1283	198	198
F1222_4	M2744_4	164	1265	117	117
F1222_4	M552_4	164	1250	149	149
F1222_4	M645_4	164	1391	525	525
F1329_4	F1222_4	164	1177	1139	1139
F1329_4	F1633_4	164	1131	1084	1084
F1329_4	F325_4	164	1156	1113	1113
F1329_4	F692_4	164	1249	993	993
F1329_4	M1201_4	164	1328	675	675
F1329_4	M1252_4	164	1246	1215	1215
F1329_4	M138_4	164	1223	1099	1099
F1329_4	M208_4	164	1365	1306	1306
F1329_4	M2273_4	164	1309	1220	1220
F1329_4	M2323_4	164	1227	1202	1202
F1329_4	M2744_4	164	1451	1404	1404
F1329_4	M552_4	164	1253	1225	1225
F1329_4	M645_4	164	1193	1185	1185
F1633_4	F1222_4	164	1366	940	940
F1633_4	F1329_4	164	1131	891	891
F1633_4	F325_4	164	1228	779	779
F1633_4	F692_4	164	1373	325	325
F1633_4	M1201_4	164	1330	75	75
F1633_4	M1252_4	164	1347	922	922
F1633_4	M138_4	164	1393	518	518
F1633_4	M208_4	164	1246	765	765
F1633_4	M2273_4	164	1363	627	627
F1633_4	M2323_4	164	1340	1009	1009
F1633_4	M2744_4	164	1365	977	977
F1633_4	M552_4	164	1214	909	909
F1633_4	M645_4	164	1280	1185	1185
F325_4	F1222_4	164	1164	308	308
F325_4	F1329_4	164	1156	387	387
F325_4	F1633_4	164	1228	237	237
F325_4	F692_4	164	1308	53	53
F325_4	M1201_4	164	1332	19	19
F325_4	M1252_4	164	1285	299	299
F325_4	M138_4	164	1359	120	120
F325_4	M208_4	164	1197	218	218
F325_4	M2273_4	164	1252	161	161
F325_4	M2323_4	164	1227	376	376
F325_4	M2744_4	164	1368	328	328
F325_4	M552_4	164	1237	343	343
F325_4	M645_4	164	1229	794	794
F692_4	F1222_4	164	1332	484	484
F692_4	F1329_4	164	1249	587	587
F692_4	F1633_4	164	1373	408	408
F692_4	F325_4	164	1308	372	372
F692_4	M1201_4	164	1245	16	16
F692_4	M1252_4	164	1331	471	471
F692_4	M138_4	164	1281	157	157
F692_4	M208_4	164	1260	339	339
F692_4	M2273_4	164	1250	244	244
F692_4	M2323_4	164	1253	537	537
F692_4	M2744_4	164	1298	470	470
F692_4	M552_4	164	1130	454	454
F692_4	M645_4	164	1113	820	820
M1201_4	F1222_4	164	1354	260	877
M1201_4	F1329_4	164	1328	386	1271
M1201_4	F1633_4	164	1330	185	604
M1201_4	F325_4	164	1332	188	613
M1201_4	F692_4	164	1245	33	96
M1201_4	M1252_4	164	1271	213	676
M1201_4	M138_4	164	1233	75	243
M1201_4	M208_4	164	1139	148	510
M1201_4	M2273_4	164	1309	104	341
M1201_4	M2323_4	164	1188	292	1004
M1201_4	M2744_4	164	1285	223	741
M1201_4	M552_4	164	1461	304	989
M1201_4	M645_4	164	1290	753	2455
M1252_4	F1222_4	164	1177	309	601
M1252_4	F1329_4	164	1246	438	818
M1252_4	F1633_4	164	1347	266	519
M1252_4	F325_4	164	1285	249	448
M1252_4	F692_4	164	1331	65	136
M1252_4	M1201_4	164	1271	7	12
M1252_4	M138_4	164	1159	107	203
M1252_4	M208_4	164	1168	205	357
M1252_4	M2273_4	164	1220	138	247
M1252_4	M2323_4	164	1149	349	651
M1252_4	M2744_4	164	1315	291	555
M1252_4	M552_4	164	1273	354	675
M1252_4	M645_4	164	1147	734	1344
M138_4	F1222_4	164	1235	1008	1008
M138_4	F1329_4	164	1223	1069	1069
M138_4	F1633_4	164	1393	1078	1078
M138_4	F325_4	164	1359	1040	1040
M138_4	F692_4	164	1281	452	452
M138_4	M1201_4	164	1233	144	144
M138_4	M1252_4	164	1159	916	916
M138_4	M208_4	164	1136	843	843
M138_4	M2273_4	164	1372	861	861
M138_4	M2323_4	164	1289	1090	1090
M138_4	M2744_4	164	1212	970	970
M138_4	M552_4	164	1294	1068	1068
M138_4	M645_4	164	1333	1271	1271
M208_4	F1222_4	164	1235	1087	2081
M208_4	F1329_4	164	1365	1249	2382
M208_4	F1633_4	164	1246	1036	1978
M208_4	F325_4	164	1197	1023	1921
M208_4	F692_4	164	1260	619	1166
M208_4	M1201_4	164	1139	204	370
M208_4	M1252_4	164	1168	1031	1936
M208_4	M138_4	164	1136	789	1549
M208_4	M2273_4	164	1189	879	1703
M208_4	M2323_4	164	1249	1140	2162
M208_4	M2744_4	164	1313	1150	2140
M208_4	M552_4	164	1247	1120	2142
M208_4	M645_4	164	1125	1101	2106
M2273_4	F1222_4	164	1234	1112	1356
M2273_4	F1329_4	164	1309	1219	1482
M2273_4	F1633_4	164	1363	1194	1444
M2273_4	F325_4	164	1252	1110	1335
M2273_4	F692_4	164	1250	699	859
M2273_4	M1201_4	164	1309	322	393
M2273_4	M1252_4	164	1220	1092	1346
M2273_4	M138_4	164	1372	1005	1222
M2273_4	M208_4	164	1189	1046	1290
M2273_4	M2323_4	164	1273	1192	1490
M2273_4	M2744_4	164	1286	1166	1423
M2273_4	M552_4	164	1215	1106	1332
M2273_4	M645_4	164	1176	1152	1404
M2323_4	F1222_4	164	1283	1068	1068
M2323_4	F1329_4	164	1227	1086	1086
M2323_4	F1633_4	164	1340	1063	1063
M2323_4	F325_4	164	1227	960	960
M2323_4	F692_4	164	1253	483	483
M2323_4	M1201_4	164	1188	164	164
M2323_4	M1252_4	164	1149	963	963
M2323_4	M138_4	164	1289	731	731
M2323_4	M208_4	164	1249	961	961
M2323_4	M2273_4	164	1273	829	829
M2323_4	M2744_4	164	1272	1052	1052
M2323_4	M552_4	164	1246	1077	1077
M2323_4	M645_4	164	1173	1120	1120
M2744_4	F1222_4	164	1265	1105	1105
M2744_4	F1329_4	164	1451	1339	1339
M2744_4	F1633_4	164	1365	1132	1132
M2744_4	F325_4	164	1368	1167	1167
M2744_4	F692_4	164	1298	602	602
M2744_4	M1201_4	164	1285	264	264
M2744_4	M1252_4	164	1315	1157	1157
M2744_4	M138_4	164	1212	812	812
M2744_4	M208_4	164	1313	1095	1095
M2744_4	M2273_4	164	1286	955	955
M2744_4	M2323_4	164	1272	1158	1158
M2744_4	M552_4	164	1243	1103	1103
M2744_4	M645_4	164	1282	1246	1246
M552_4	F1222_4	164	1250	502	967
M552_4	F1329_4	164	1253	654	1322
M552_4	F1633_4	164	1214	402	812
M552_4	F325_4	164	1237	414	851
M552_4	F692_4	164	1130	84	162
M552_4	M1201_4	164	1461	32	58
M552_4	M1252_4	164	1273	489	1009
M552_4	M138_4	164	1294	198	406
M552_4	M208_4	164	1247	360	707
M552_4	M2273_4	164	1215	220	438
M552_4	M2323_4	164	1246	602	1191
M552_4	M2744_4	164	1243	477	1002
M552_4	M645_4	164	1314	1029	2020
M645_4	F1222_4	164	1391	1151	3182
M645_4	F1329_4	164	1193	1021	2833
M645_4	F1633_4	164	1280	973	2668
M645_4	F325_4	164	1229	916	2457
M645_4	F692_4	164	1113	380	1031
M645_4	M1201_4	164	1290	173	473
M645_4	M1252_4	164	1147	914	2460
M645_4	M138_4	164	1333	694	1839
M645_4	M208_4	164	1125	823	2191
M645_4	M2273_4	164	1176	688	1820
M645_4	M2323_4	164	1173	978	2659
M645_4	M2744_4	164	1282	1034	2732
M645_4	M552_4	164	1314	1092	2963
F1150_4	F119_4	165	1234	1117	1336
F1150_4	F139_4	165	1159	1059	1291
F1150_4	F1603_4	165	1545	1401	1633
F1150_4	F2247_4	165	1290	789	931
F1150_4	F2307_4	165	1205	717	844
F1150_4	F2710_4	165	1194	1109	1350
F1150_4	F483_4	165	1155	1014	1204
F1150_4	F615_4	165	1263	1239	1469
F1150_4	F660_4	165	1201	752	896
F1150_4	F981_4	165	1348	804	977
F1150_4	M1502_4	165	1173	1158	1382
F1150_4	M1635_4	165	1445	1425	1726
F1150_4	M2204_4	165	1301	1244	1468
F119_4	F1150_4	165	1234	779	1738
F119_4	F139_4	165	1246	807	1762
F119_4	F1603_4	165	1242	823	1842
F119_4	F2247_4	165	1296	337	721
F119_4	F2307_4	165	1428	263	597
F119_4	F2710_4	165	1300	975	2133
F119_4	F483_4	165	1162	700	1555
F119_4	F615_4	165	1297	1167	2582
F119_4	F660_4	165	1186	276	635
F119_4	F981_4	165	1315	267	603
F119_4	M1502_4	165	1228	1082	2401
F119_4	M1635_4	165	1125	1054	2303
F119_4	M2204_4	165	1297	1063	2361
F139_4	F1150_4	165	1159	327	327
F139_4	F119_4	165	1246	376	376
F139_4	F1603_4	165	1319	390	390
F139_4	F2247_4	165	1329	98	98
F139_4	F2307_4	165	1228	65	65
F139_4	F2710_4	165	1222	466	466
F139_4	F483_4	165	1205	317	317
F139_4	F615_4	165	1183	786	786
F139_4	F660_4	165	1188	93	93
F139_4	F981_4	165	1096	73	73
F139_4	M1502_4	165	1362	906	906
F139_4	M1635_4	165	1362	1125	1125
F139_4	M2204_4	165	1282	620	620
F1603_4	F1150_4	165	1545	1394	3489
F1603_4	F119_4	165	1242	1129	2792
F1603_4	F139_4	165	1319	1184	2983
F1603_4	F2247_4	165	1339	881	2159
F1603_4	F2307_4	165	1196	683	1719
F1603_4	F2710_4	165	1179	1104	2768
F1603_4	F483_4	165	1165	1028	2517
F1603_4	F615_4	165	1274	1251	3117
F1603_4	F660_4	165	1326	825	2061
F1603_4	F981_4	165	1258	732	1786
F1603_4	M1502_4	165	1221	1189	2968
F1603_4	M1635_4	165	1330	1305	3235
F1603_4	M2204_4	165	1040	986	2420
F2247_4	F1150_4	165	1290	1022	1022
F2247_4	F119_4	165	1296	1024	1024
F2247_4	F139_4	165	1329	1042	1042
F2247_4	F1603_4	165	1339	1081	1081
F2247_4	F2307_4	165	1271	442	442
F2247_4	F2710_4	165	1291	1084	1084
F2247_4	F483_4	165	1327	1018	1018
F2247_4	F615_4	165	1263	1195	1195
F2247_4	F660_4	165	1299	496	496
F2247_4	F981_4	165	1349	481	481
F2247_4	M1502_4	165	1286	1231	1231
F2247_4	M1635_4	165	1292	1255	1255
F2247_4	M2204_4	165	1296	1180	1180
F2307_4	F1150_4	165	1205	98	98
F2307_4	F119_4	165	1428	118	118
F2307_4	F139_4	165	1228	92	92
F2307_4	F1603_4	165	1196	93	93
F2307_4	F2247_4	165	1271	19	19
F2307_4	F2710_4	165	1262	149	149
F2307_4	F483_4	165	1210	80	80
F2307_4	F615_4	165	1307	373	373
F2307_4	F660_4	165	1288	27	27
F2307_4	F981_4	165	1292	17	17
F2307_4	M1502_4	165	1205	343	343
F2307_4	M1635_4	165	1299	584	584
F2307_4	M2204_4	165	1198	191	191
F2710_4	F1150_4	165	1194	759	1732
F2710_4	F119_4	165	1300	814	1838
F2710_4	F139_4	165	1222	787	1739
F2710_4	F1603_4	165	1179	763	1718
F2710_4	F2247_4	165	1291	327	751
F2710_4	F2307_4	165	1262	237	535
F2710_4	F483_4	165	1312	814	1831
F2710_4	F615_4	165	1239	1093	2465
F2710_4	F660_4	165	1281	257	558
F2710_4	F981_4	165	1204	246	552
F2710_4	M1502_4	165	1178	1051	2373
F2710_4	M1635_4	165	1322	1238	2755
F2710_4	M2204_4	165	1283	1015	2283
F483_4	F1150_4	165	1155	214	321
F483_4	F119_4	165	1162	239	348
F483_4	F139_4	165	1205	287	432
F483_4	F1603_4	165	1165	243	368
F483_4	F2247_4	165	1327	72	114
F483_4	F2307_4	165	1210	40	52
F483_4	F2710_4	165	1312	421	634
F483_4	F615_4	165	1191	680	1020
F483_4	F660_4	165	1165	44	65
F483_4	F981_4	165	1180	56	84
F483_4	M1502_4	165	1222	708	1031
F483_4	M1635_4	165	1187	865	1231
F483_4	M2204_4	165	1330	543	773
F615_4	F1150_4	165	1263	1213	2894
F615_4	F119_4	165	1297	1265	3081
F615_4	F139_4	165	1183	1143	2733
F615_4	F1603_4	165	1274	1228	3002
F615_4	F2247_4	165	1263	1044	2571
F615_4	F2307_4	165	1307	1025	2485
F615_4	F2710_4	165	1239	1212	2972
F615_4	F483_4	165	1191	1137	2683
F615_4	F660_4	165	1239	1035	2500
F615_4	F981_4	165	1250	995	2403
F615_4	M1502_4	165	1320	1311	3128
F615_4	M1635_4	165	1150	1146	2720
F615_4	M2204_4	165	1264	1252	3077
F660_4	F1150_4	165	1201	1010	1010
F660_4	F119_4	165	1186	1025	1025
F660_4	F139_4	165	1188	1010	1010
F660_4	F1603_4	165	1326	1145	1145
F660_4	F2247_4	165	1299	693	693
F660_4	F2307_4	165	1288	540	540
F660_4	F2710_4	165	1281	1147	1147
F660_4	F483_4	165	1165	955	955
F660_4	F615_4	165	1239	1189	1189
F660_4	F981_4	165	1303	623	623
F660_4	M1502_4	165	1146	1099	1099
F660_4	M1635_4	165	1225	1210	1210
F660_4	M2204_4	165	1260	1169	1169
F981_4	F1150_4	165	1348	592	592
F981_4	F119_4	165	1315	624	624
F981_4	F139_4	165	1096	515	515
F981_4	F1603_4	165	1258	569	569
F981_4	F2247_4	165	1349	160	160
F981_4	F2307_4	165	1292	123	123
F981_4	F2710_4	165	1204	660	660
F981_4	F483_4	165	1180	474	474
F981_4	F615_4	165	1250	1010	1010
F981_4	F660_4	165	1303	171	171
F981_4	M1502_4	165	1124	896	896
F981_4	M1635_4	165	1204	1051	1051
F981_4	M2204_4	165	1238	809	809
M1502_4	F1150_4	165	1173	141	281
M1502_4	F119_4	165	1228	159	296
M1502_4	F139_4	165	1362	152	296
M1502_4	F1603_4	165	1221	174	328
M1502_4	F2247_4	165	1286	39	91
M1502_4	F2307_4	165	1205	20	43
M1502_4	F2710_4	165	1178	204	390
M1502_4	F483_4	165	1222	130	277
M1502_4	F615_4	165	1320	512	1021
M1502_4	F660_4	165	1146	23	43
M1502_4	F981_4	165	1124	21	50
M1502_4	M1635_4	165	1225	676	1286
M1502_4	M2204_4	165	1249	286	545
M1635_4	F1150_4	165	1445	142	245
M1635_4	F119_4	165	1125	122	224
M1635_4	F139_4	165	1362	111	214
M1635_4	F1603_4	165	1330	146	271
M1635_4	F2247_4	165	1292	31	62
M1635_4	F2307_4	165	1299	23	45
M1635_4	F2710_4	165	1322	214	407
M1635_4	F483_4	165	1187	90	171
M1635_4	F615_4	165	1150	416	758
M1635_4	F660_4	165	1225	17	35
M1635_4	F981_4	165	1204	17	38
M1635_4	M1502_4	165	1225	414	744
M1635_4	M2204_4	165	1184	256	486
M2204_4	F1150_4	165	1301	324	324
M2204_4	F119_4	165	1297	325	325
M2204_4	F139_4	165	1282	329	329
M2204_4	F1603_4	165	1040	265	265
M2204_4	F2247_4	165	1296	65	65
M2204_4	F2307_4	165	1198	48	48
M2204_4	F2710_4	165	1283	422	422
M2204_4	F483_4	165	1330	306	306
M2204_4	F615_4	165	1264	736	736
M2204_4	F660_4	165	1260	54	54
M2204_4	F981_4	165	1238	47	47
M2204_4	M1502_4	165	1249	779	779
M2204_4	M1635_4	165	1184	899	899
F1081_4	F1830_4	166	1176	76	76
F1081_4	F2431_4	166	1261	136	136
F1081_4	F2684_4	166	1320	295	295
F1081_4	F449_4	166	1363	39	39
F1081_4	F849_4	166	1468	114	114
F1081_4	F868_4	166	1127	701	701
F1081_4	M1641_4	166	1194	232	232
F1081_4	M1725_4	166	1314	46	46
F1081_4	M2223_4	166	1348	40	40
F1081_4	M2561_4	166	1063	6	6
F1081_4	M494_4	166	1271	23	23
F1081_4	M548_4	166	1128	112	112
F1081_4	M856_4	166	1200	393	393
F1830_4	F1081_4	166	1176	15	23
F1830_4	F2431_4	166	1155	42	69
F1830_4	F2684_4	166	1303	119	223
F1830_4	F449_4	166	1350	11	18
F1830_4	F849_4	166	1283	51	77
F1830_4	F868_4	166	1115	457	773
F1830_4	M1641_4	166	1199	110	180
F1830_4	M1725_4	166	1151	19	38
F1830_4	M2223_4	166	1485	13	20
F1830_4	M2561_4	166	1176	5	7
F1830_4	M494_4	166	1147	11	17
F1830_4	M548_4	166	1199	53	107
F1830_4	M856_4	166	1238	174	305
F2431_4	F1081_4	166	1261	506	506
F2431_4	F1830_4	166	1155	656	656
F2431_4	F2684_4	166	1307	1118	1118
F2431_4	F449_4	166	1364	442	442
F2431_4	F849_4	166	1247	786	786
F2431_4	F868_4	166	1171	1140	1140
F2431_4	M1641_4	166	1196	996	996
F2431_4	M1725_4	166	1225	533	533
F2431_4	M2223_4	166	1153	444	444
F2431_4	M2561_4	166	1246	191	191
F2431_4	M494_4	166	1192	287	287
F2431_4	M548_4	166	1135	770	770
F2431_4	M856_4	166	1278	1148	1148
F2684_4	F1081_4	166	1320	525	854
F2684_4	F1830_4	166	1303	679	1126
F2684_4	F2431_4	166	1307	822	1376
F2684_4	F449_4	166	1173	345	555
F2684_4	F849_4	166	1149	696	1110
F2684_4	F868_4	166	1134	1101	1803
F2684_4	M1641_4	166	1243	995	1653
F2684_4	M1725_4	166	1273	530	857
F2684_4	M2223_4	166	1259	444	733
F2684_4	M2561_4	166	1296	166	262
F2684_4	M494_4	166	1335	301	507
F2684_4	M548_4	166	1250	811	1350
F2684_4	M856_4	166	1222	1107	1777
F449_4	F1081_4	166	1363	47	47
F449_4	F1830_4	166	1350	97	97
F449_4	F2431_4	166	1364	141	141
F449_4	F2684_4	166	1173	280	280
F449_4	F849_4	166	1282	96	96
F449_4	F868_4	166	1125	766	766
F449_4	M1641_4	166	1106	244	244
F449_4	M1725_4	166	1168	70	70
F449_4	M2223_4	166	1368	53	53
F449_4	M2561_4	166	1152	13	13
F449_4	M494_4	166	1375	18	18
F449_4	M548_4	166	1219	131	131
F449_4	M856_4	166	1159	404	404
F849_4	F1081_4	166	1468	214	214
F849_4	F1830_4	166	1283	307	307
F849_4	F2431_4	166	1247	432	432
F849_4	F2684_4	166	1149	646	646
F849_4	F449_4	166	1282	136	136
F849_4	F868_4	166	1375	1222	1222
F849_4	M1641_4	166	1125	590	590
F849_4	M1725_4	166	1392	238	238
F849_4	M2223_4	166	1263	156	156
F849_4	M2561_4	166	1298	27	27
F849_4	M494_4	166	1335	88	88
F849_4	M548_4	166	1300	465	465
F849_4	M856_4	166	1315	925	925
F868_4	F1081_4	166	1127	405	405
F868_4	F1830_4	166	1115	599	599
F868_4	F2431_4	166	1171	723	723
F868_4	F2684_4	166	1134	930	930
F868_4	F449_4	166	1125	331	331
F868_4	F849_4	166	1375	798	798
F868_4	M1641_4	166	1225	974	974
F868_4	M1725_4	166	1210	475	475
F868_4	M2223_4	166	1399	419	419
F868_4	M2561_4	166	1250	131	131
F868_4	M494_4	166	1213	249	249
F868_4	M548_4	166	1293	835	835
F868_4	M856_4	166	1194	1055	1055
M1641_4	F1081_4	166	1194	74	101
M1641_4	F1830_4	166	1199	139	180
M1641_4	F2431_4	166	1196	178	235
M1641_4	F2684_4	166	1243	417	553
M1641_4	F449_4	166	1106	62	80
M1641_4	F849_4	166	1125	170	220
M1641_4	F868_4	166	1225	933	1220
M1641_4	M1725_4	166	1213	76	96
M1641_4	M2223_4	166	1314	69	88
M1641_4	M2561_4	166	1293	25	33
M1641_4	M494_4	166	1343	32	46
M1641_4	M548_4	166	1222	187	247
M1641_4	M856_4	166	1532	708	917
M1725_4	F1081_4	166	1314	229	550
M1725_4	F1830_4	166	1151	376	901
M1725_4	F2431_4	166	1225	472	1128
M1725_4	F2684_4	166	1273	807	1879
M1725_4	F449_4	166	1168	173	415
M1725_4	F849_4	166	1392	482	1215
M1725_4	F868_4	166	1210	1101	2609
M1725_4	M1641_4	166	1213	719	1730
M1725_4	M2223_4	166	1228	206	497
M1725_4	M2561_4	166	1192	67	172
M1725_4	M494_4	166	1049	94	217
M1725_4	M548_4	166	1200	475	1109
M1725_4	M856_4	166	1279	983	2321
M2223_4	F1081_4	166	1348	45	78
M2223_4	F1830_4	166	1485	66	117
M2223_4	F2431_4	166	1153	100	182
M2223_4	F2684_4	166	1259	223	382
M2223_4	F449_4	166	1368	33	47
M2223_4	F849_4	166	1263	91	161
M2223_4	F868_4	166	1399	808	1385
M2223_4	M1641_4	166	1314	204	360
M2223_4	M1725_4	166	1228	41	62
M2223_4	M2561_4	166	1294	6	10
M2223_4	M494_4	166	1175	15	25
M2223_4	M548_4	166	1412	90	149
M2223_4	M856_4	166	1407	372	674
M2561_4	F1081_4	166	1063	163	417
M2561_4	F1830_4	166	1176	286	744
M2561_4	F2431_4	166	1246	429	1089
M2561_4	F2684_4	166	1296	757	1945
M2561_4	F449_4	166	1152	157	396
M2561_4	F849_4	166	1298	410	985
M2561_4	F868_4	166	1250	1120	2815
M2561_4	M1641_4	166	1293	723	1801
M2561_4	M1725_4	166	1192	201	498
M2561_4	M2223_4	166	1294	198	499
M2561_4	M494_4	166	1196	103	257
M2561_4	M548_4	166	1283	468	1173
M2561_4	M856_4	166	1243	880	2177
M494_4	F1081_4	166	1271	267	267
M494_4	F1830_4	166	1147	350	350
M494_4	F2431_4	166	1192	494	494
M494_4	F2684_4	166	1335	872	872
M494_4	F449_4	166	1375	215	215
M494_4	F849_4	166	1335	505	505
M494_4	F868_4	166	1213	1119	1119
M494_4	M1641_4	166	1343	850	850
M494_4	M1725_4	166	1049	240	240
M494_4	M2223_4	166	1175	194	194
M494_4	M2561_4	166	1196	57	57
M494_4	M548_4	166	1252	544	544
M494_4	M856_4	166	1246	923	923
M548_4	F1081_4	166	1128	70	212
M548_4	F1830_4	166	1199	133	416
M548_4	F2431_4	166	1135	164	546
M548_4	F2684_4	166	1250	425	1370
M548_4	F449_4	166	1219	46	157
M548_4	F849_4	166	1300	184	587
M548_4	F868_4	166	1293	953	2999
M548_4	M1641_4	166	1222	387	1223
M548_4	M1725_4	166	1200	74	214
M548_4	M2223_4	166	1412	58	185
M548_4	M2561_4	166	1283	13	51
M548_4	M494_4	166	1252	34	113
M548_4	M856_4	166	1292	578	1830
M856_4	F1081_4	166	1200	154	158
M856_4	F1830_4	166	1238	269	289
M856_4	F2431_4	166	1278	391	411
M856_4	F2684_4	166	1222	666	708
M856_4	F449_4	166	1159	124	131
M856_4	F849_4	166	1315	358	380
M856_4	F868_4	166	1194	1049	1118
M856_4	M1641_4	166	1532	773	818
M856_4	M1725_4	166	1279	183	197
M856_4	M2223_4	166	1407	140	153
M856_4	M2561_4	166	1243	34	34
M856_4	M494_4	166	1246	86	90
M856_4	M548_4	166	1292	404	430
F1085_4	F1179_4	167	1125	524	1388
F1085_4	F1533_4	167	1586	1433	3742
F1085_4	F1715_4	167	1351	532	1425
F1085_4	F2359_4	167	1226	1096	2782
F1085_4	F2597_4	167	1222	969	2515
F1085_4	F2766_4	167	1337	1132	2909
F1085_4	F327_4	167	1256	1091	2884
F1085_4	M1008_4	167	1219	293	749
F1085_4	M1666_4	167	1368	1255	3229
F1085_4	M1723_4	167	1319	936	2431
F1085_4	M2101_4	167	1204	838	2150
F1085_4	M2205_4	167	1281	772	2030
F1085_4	M2288_4	167	1218	1151	3007
F1179_4	F1085_4	167	1125	891	2254
F1179_4	F1533_4	167	1251	975	2387
F1179_4	F1715_4	167	1233	269	696
F1179_4	F2359_4	167	1185	843	2121
F1179_4	F2597_4	167	1265	795	1965
F1179_4	F2766_4	167	1231	889	2202
F1179_4	F327_4	167	1509	1146	2783
F1179_4	M1008_4	167	1351	158	387
F1179_4	M1666_4	167	1397	1152	2887
F1179_4	M1723_4	167	1186	588	1469
F1179_4	M2101_4	167	1381	661	1666
F1179_4	M2205_4	167	1190	454	1141
F1179_4	M2288_4	167	1318	1157	2991
F1533_4	F1085_4	167	1586	1458	1458
F1533_4	F1179_4	167	1251	611	611
F1533_4	F1715_4	167	1260	534	534
F1533_4	F2359_4	167	1417	1258	1258
F1533_4	F2597_4	167	1337	1139	1139
F1533_4	F2766_4	167	1314	1170	1170
F1533_4	F327_4	167	1282	1137	1137
F1533_4	M1008_4	167	1198	327	327
F1533_4	M1666_4	167	1218	1132	1132
F1533_4	M1723_4	167	1289	924	924
F1533_4	M2101_4	167	1205	918	918
F1533_4	M2205_4	167	1375	845	845
F1533_4	M2288_4	167	1271	1208	1208
F1715_4	F1085_4	167	1351	831	831
F1715_4	F1179_4	167	1233	144	144
F1715_4	F1533_4	167	1260	779	779
F1715_4	F2359_4	167	1074	588	588
F1715_4	F2597_4	167	1389	614	614
F1715_4	F2766_4	167	1262	648	648
F1715_4	F327_4	167	1124	592	592
F1715_4	M1008_4	167	1383	81	81
F1715_4	M1666_4	167	1255	824	824
F1715_4	M1723_4	167	1187	344	344
F1715_4	M2101_4	167	1308	375	375
F1715_4	M2205_4	167	1222	248	248
F1715_4	M2288_4	167	1388	1034	1034
F2359_4	F1085_4	167	1226	1083	4046
F2359_4	F1179_4	167	1185	451	1655
F2359_4	F1533_4	167	1417	1223	4562
F2359_4	F1715_4	167	1074	314	1156
F2359_4	F2597_4	167	1305	962	3554
F2359_4	F2766_4	167	1351	1111	4164
F2359_4	F327_4	167	1194	984	3623
F2359_4	M1008_4	167	1119	215	828
F2359_4	M1666_4	167	1262	1129	4111
F2359_4	M1723_4	167	1230	783	2935
F2359_4	M2101_4	167	1316	816	3019
F2359_4	M2205_4	167	1274	644	2306
F2359_4	M2288_4	167	1132	1067	3940
F2597_4	F1085_4	167	1222	676	676
F2597_4	F1179_4	167	1265	126	126
F2597_4	F1533_4	167	1337	760	760
F2597_4	F1715_4	167	1389	120	120
F2597_4	F2359_4	167	1305	682	682
F2597_4	F2766_4	167	1349	628	628
F2597_4	F327_4	167	1201	598	598
F2597_4	M1008_4	167	1326	68	68
F2597_4	M1666_4	167	1143	732	732
F2597_4	M1723_4	167	1387	344	344
F2597_4	M2101_4	167	1233	290	290
F2597_4	M2205_4	167	1222	223	223
F2597_4	M2288_4	167	1363	971	971
F2766_4	F1085_4	167	1337	808	808
F2766_4	F1179_4	167	1231	139	139
F2766_4	F1533_4	167	1314	802	802
F2766_4	F1715_4	167	1262	135	135
F2766_4	F2359_4	167	1351	737	737
F2766_4	F2597_4	167	1349	565	565
F2766_4	F327_4	167	1207	632	632
F2766_4	M1008_4	167	1317	72	72
F2766_4	M1666_4	167	1262	840	840
F2766_4	M1723_4	167	1314	383	383
F2766_4	M2101_4	167	1475	430	430
F2766_4	M2205_4	167	1365	261	261
F2766_4	M2288_4	167	1196	904	904
F327_4	F1085_4	167	1256	797	797
F327_4	F1179_4	167	1509	194	194
F327_4	F1533_4	167	1282	806	806
F327_4	F1715_4	167	1124	103	103
F327_4	F2359_4	167	1194	688	688
F327_4	F2597_4	167	1201	504	504
F327_4	F2766_4	167	1207	616	616
F327_4	M1008_4	167	1523	70	70
F327_4	M1666_4	167	1127	769	769
F327_4	M1723_4	167	1138	348	348
F327_4	M2101_4	167	1191	348	348
F327_4	M2205_4	167	1155	230	230
F327_4	M2288_4	167	1178	898	898
M1008_4	F1085_4	167	1219	1201	5842
M1008_4	F1179_4	167	1351	1125	5416
M1008_4	F1533_4	167	1198	1178	5730
M1008_4	F1715_4	167	1383	1096	5242
M1008_4	F2359_4	167	1119	1098	5447
M1008_4	F2597_4	167	1326	1264	6148
M1008_4	F2766_4	167	1317	1285	6129
M1008_4	F327_4	167	1523	1480	7190
M1008_4	M1666_4	167	1341	1320	6389
M1008_4	M1723_4	167	1159	1081	5352
M1008_4	M2101_4	167	1338	1244	5988
M1008_4	M2205_4	167	1319	1197	5714
M1008_4	M2288_4	167	1246	1233	6022
M1666_4	F1085_4	167	1368	494	494
M1666_4	F1179_4	167	1397	67	67
M1666_4	F1533_4	167	1218	445	445
M1666_4	F1715_4	167	1255	56	56
M1666_4	F2359_4	167	1262	407	407
M1666_4	F2597_4	167	1143	250	250
M1666_4	F2766_4	167	1262	374	374
M1666_4	F327_4	167	1127	340	340
M1666_4	M1008_4	167	1341	25	25
M1666_4	M1723_4	167	1338	176	176
M1666_4	M2101_4	167	1285	178	178
M1666_4	M2205_4	167	1321	121	121
M1666_4	M2288_4	167	1349	726	726
M1723_4	F1085_4	167	1319	479	1347
M1723_4	F1179_4	167	1186	58	142
M1723_4	F1533_4	167	1289	426	1154
M1723_4	F1715_4	167	1187	38	106
M1723_4	F2359_4	167	1230	372	991
M1723_4	F2597_4	167	1387	319	872
M1723_4	F2766_4	167	1314	380	1042
M1723_4	F327_4	167	1138	358	1010
M1723_4	M1008_4	167	1159	31	85
M1723_4	M1666_4	167	1338	599	1577
M1723_4	M2101_4	167	1242	159	403
M1723_4	M2205_4	167	1127	100	279
M1723_4	M2288_4	167	1262	700	1905
M2101_4	F1085_4	167	1204	489	679
M2101_4	F1179_4	167	1381	87	124
M2101_4	F1533_4	167	1205	538	725
M2101_4	F1715_4	167	1308	63	87
M2101_4	F2359_4	167	1316	501	673
M2101_4	F2597_4	167	1233	331	430
M2101_4	F2766_4	167	1475	473	649
M2101_4	F327_4	167	1191	436	563
M2101_4	M1008_4	167	1338	34	49
M2101_4	M1666_4	167	1285	638	864
M2101_4	M1723_4	167	1242	187	246
M2101_4	M2205_4	167	1179	119	165
M2101_4	M2288_4	167	1233	744	980
M2205_4	F1085_4	167	1281	1217	1217
M2205_4	F1179_4	167	1190	754	754
M2205_4	F1533_4	167	1375	1313	1313
M2205_4	F1715_4	167	1222	705	705
M2205_4	F2359_4	167	1274	1205	1205
M2205_4	F2597_4	167	1222	1111	1111
M2205_4	F2766_4	167	1365	1289	1289
M2205_4	F327_4	167	1155	1084	1084
M2205_4	M1008_4	167	1319	566	566
M2205_4	M1666_4	167	1321	1278	1278
M2205_4	M1723_4	167	1127	947	947
M2205_4	M2101_4	167	1179	998	998
M2205_4	M2288_4	167	1109	1081	1081
M2288_4	F1085_4	167	1218	672	672
M2288_4	F1179_4	167	1318	108	108
M2288_4	F1533_4	167	1271	687	687
M2288_4	F1715_4	167	1388	113	113
M2288_4	F2359_4	167	1132	539	539
M2288_4	F2597_4	167	1363	516	516
M2288_4	F2766_4	167	1196	532	532
M2288_4	F327_4	167	1178	590	590
M2288_4	M1008_4	167	1246	72	72
M2288_4	M1666_4	167	1349	858	858
M2288_4	M1723_4	167	1262	301	301
M2288_4	M2101_4	167	1233	276	276
M2288_4	M2205_4	167	1109	210	210
F1932_4	F2203_4	168	1311	1246	3978
F1932_4	F2506_4	168	1292	690	2259
F1932_4	F2513_4	168	1102	480	1570
F1932_4	F2634_4	168	1151	258	836
F1932_4	F2713_4	168	1333	1180	3930
F1932_4	F515_4	168	1321	874	2942
F1932_4	F920_4	168	1183	884	2882
F1932_4	M1025_4	168	1359	1292	4186
F1932_4	M1063_4	168	1269	1025	3358
F1932_4	M1489_4	168	1223	372	1174
F1932_4	M1985_4	168	1207	849	2846
F1932_4	M2404_4	168	1233	1200	4008
F1932_4	M637_4	168	1231	986	3111
F2203_4	F1932_4	168	1311	1309	1755
F2203_4	F2506_4	168	1203	1004	1378
F2203_4	F2513_4	168	1324	1015	1369
F2203_4	F2634_4	168	1178	655	917
F2203_4	F2713_4	168	1138	1100	1500
F2203_4	F515_4	168	1281	1157	1573
F2203_4	F920_4	168	1043	961	1307
F2203_4	M1025_4	168	1240	1230	1668
F2203_4	M1063_4	168	1242	1175	1599
F2203_4	M1489_4	168	1324	887	1249
F2203_4	M1985_4	168	1128	1039	1401
F2203_4	M2404_4	168	1179	1171	1641
F2203_4	M637_4	168	1172	1113	1541
F2506_4	F1932_4	168	1292	1156	2581
F2506_4	F2203_4	168	1203	501	1109
F2506_4	F2513_4	168	1291	43	86
F2506_4	F2634_4	168	1230	14	29
F2506_4	F2713_4	168	1354	327	742
F2506_4	F515_4	168	1467	117	264
F2506_4	F920_4	168	1404	149	319
F2506_4	M1025_4	168	1355	605	1367
F2506_4	M1063_4	168	1252	183	421
F2506_4	M1489_4	168	1213	32	69
F2506_4	M1985_4	168	1306	104	225
F2506_4	M2404_4	168	1249	688	1565
F2506_4	M637_4	168	1336	167	387
F2513_4	F1932_4	168	1102	1071	1071
F2513_4	F2203_4	168	1324	992	992
F2513_4	F2506_4	168	1291	215	215
F2513_4	F2634_4	168	1191	72	72
F2513_4	F2713_4	168	1187	683	683
F2513_4	F515_4	168	1275	346	346
F2513_4	F920_4	168	1162	392	392
F2513_4	M1025_4	168	1163	901	901
F2513_4	M1063_4	168	1304	572	572
F2513_4	M1489_4	168	1218	109	109
F2513_4	M1985_4	168	1181	352	352
F2513_4	M2404_4	168	1158	988	988
F2513_4	M637_4	168	1278	527	527
F2634_4	F1932_4	168	1151	1144	1881
F2634_4	F2203_4	168	1178	1131	1861
F2634_4	F2506_4	168	1230	806	1315
F2634_4	F2513_4	168	1191	650	1053
F2634_4	F2713_4	168	1161	1078	1730
F2634_4	F515_4	168	1342	1052	1691
F2634_4	F920_4	168	1271	1059	1724
F2634_4	M1025_4	168	1300	1262	2062
F2634_4	M1063_4	168	1367	1174	1929
F2634_4	M1489_4	168	1144	503	806
F2634_4	M1985_4	168	1279	1050	1725
F2634_4	M2404_4	168	1329	1303	2092
F2634_4	M637_4	168	1232	1059	1711
F2713_4	F1932_4	168	1333	1285	1308
F2713_4	F2203_4	168	1138	793	808
F2713_4	F2506_4	168	1354	183	186
F2713_4	F2513_4	168	1187	100	102
F2713_4	F2634_4	168	1161	50	51
F2713_4	F515_4	168	1144	241	243
F2713_4	F920_4	168	1320	334	338
F2713_4	M1025_4	168	1158	794	802
F2713_4	M1063_4	168	1386	513	518
F2713_4	M1489_4	168	1257	80	80
F2713_4	M1985_4	168	1206	274	276
F2713_4	M2404_4	168	1436	1170	1183
F2713_4	M637_4	168	1259	419	425
F515_4	F1932_4	168	1321	1289	4210
F515_4	F2203_4	168	1281	986	3095
F515_4	F2506_4	168	1467	283	964
F515_4	F2513_4	168	1275	184	589
F515_4	F2634_4	168	1342	85	283
F515_4	F2713_4	168	1144	752	2420
F515_4	F920_4	168	1298	479	1541
F515_4	M1025_4	168	1325	1094	3553
F515_4	M1063_4	168	1352	670	2180
F515_4	M1489_4	168	1322	110	368
F515_4	M1985_4	168	1369	445	1468
F515_4	M2404_4	168	1273	1120	3586
F515_4	M637_4	168	1238	582	1840
F920_4	F1932_4	168	1183	1182	2523
F920_4	F2203_4	168	1043	1034	2138
F920_4	F2506_4	168	1404	1266	2675
F920_4	F2513_4	168	1162	1010	2096
F920_4	F2634_4	168	1271	888	1836
F920_4	F2713_4	168	1320	1304	2724
F920_4	F515_4	168	1298	1209	2552
F920_4	M1025_4	168	1410	1405	2994
F920_4	M1063_4	168	1428	1380	2896
F920_4	M1489_4	168	1401	1079	2285
F920_4	M1985_4	168	1212	1157	2409
F920_4	M2404_4	168	1224	1221	2621
F920_4	M637_4	168	1368	1333	2879
M1025_4	F1932_4	168	1359	1354	3813
M1025_4	F2203_4	168	1240	1184	3343
M1025_4	F2506_4	168	1355	839	2393
M1025_4	F2513_4	168	1163	628	1734
M1025_4	F2634_4	168	1300	384	1114
M1025_4	F2713_4	168	1158	1066	3053
M1025_4	F515_4	168	1325	1014	2980
M1025_4	F920_4	168	1410	1119	3170
M1025_4	M1063_4	168	1329	1145	3234
M1025_4	M1489_4	168	1228	469	1391
M1025_4	M1985_4	168	1353	1059	2995
M1025_4	M2404_4	168	1212	1177	3267
M1025_4	M637_4	168	1206	1031	2953
M1063_4	F1932_4	168	1269	1236	1236
M1063_4	F2203_4	168	1242	952	952
M1063_4	F2506_4	168	1252	220	220
M1063_4	F2513_4	168	1304	156	156
M1063_4	F2634_4	168	1367	80	80
M1063_4	F2713_4	168	1386	857	857
M1063_4	F515_4	168	1352	412	412
M1063_4	F920_4	168	1428	486	486
M1063_4	M1025_4	168	1329	1049	1049
M1063_4	M1489_4	168	1148	83	83
M1063_4	M1985_4	168	1213	406	406
M1063_4	M2404_4	168	1252	1066	1066
M1063_4	M637_4	168	1229	560	560
M1489_4	F1932_4	168	1223	1209	3942
M1489_4	F2203_4	168	1324	1183	3923
M1489_4	F2506_4	168	1213	464	1580
M1489_4	F2513_4	168	1218	335	1173
M1489_4	F2634_4	168	1144	153	479
M1489_4	F2713_4	168	1257	1022	3376
M1489_4	F515_4	168	1322	690	2278
M1489_4	F920_4	168	1401	851	2831
M1489_4	M1025_4	168	1228	1112	3665
M1489_4	M1063_4	168	1148	824	2711
M1489_4	M1985_4	168	1238	660	2134
M1489_4	M2404_4	168	1219	1158	3883
M1489_4	M637_4	168	1346	909	3041
M1985_4	F1932_4	168	1207	1165	1165
M1985_4	F2203_4	168	1128	778	778
M1985_4	F2506_4	168	1306	183	183
M1985_4	F2513_4	168	1181	102	102
M1985_4	F2634_4	168	1279	45	45
M1985_4	F2713_4	168	1206	628	628
M1985_4	F515_4	168	1369	286	286
M1985_4	F920_4	168	1212	351	351
M1985_4	M1025_4	168	1353	969	969
M1985_4	M1063_4	168	1213	464	464
M1985_4	M1489_4	168	1238	68	68
M1985_4	M2404_4	168	1165	964	964
M1985_4	M637_4	168	1214	439	439
M2404_4	F1932_4	168	1233	1190	2079
M2404_4	F2203_4	168	1179	820	1389
M2404_4	F2506_4	168	1249	162	298
M2404_4	F2513_4	168	1158	83	145
M2404_4	F2634_4	168	1329	64	121
M2404_4	F2713_4	168	1436	747	1327
M2404_4	F515_4	168	1273	261	447
M2404_4	F920_4	168	1224	347	597
M2404_4	M1025_4	168	1212	867	1540
M2404_4	M1063_4	168	1252	439	772
M2404_4	M1489_4	168	1219	70	127
M2404_4	M1985_4	168	1165	268	463
M2404_4	M637_4	168	1297	439	734
M637_4	F1932_4	168	1231	1093	1093
M637_4	F2203_4	168	1172	472	472
M637_4	F2506_4	168	1336	54	54
M637_4	F2513_4	168	1278	44	44
M637_4	F2634_4	168	1232	16	16
M637_4	F2713_4	168	1259	325	325
M637_4	F515_4	168	1238	100	100
M637_4	F920_4	168	1368	152	152
M637_4	M1025_4	168	1206	532	532
M637_4	M1063_4	168	1229	217	217
M637_4	M1489_4	168	1346	25	25
M637_4	M1985_4	168	1214	134	134
M637_4	M2404_4	168	1297	774	774
F1279_4	F174_4	169	1304	976	976
F1279_4	F178_4	169	1427	942	942
F1279_4	F1954_4	169	1271	86	86
F1279_4	F2693_4	169	1178	192	192
F1279_4	F301_4	169	1404	1003	1003
F1279_4	F558_4	169	1258	407	407
F1279_4	F636_4	169	1288	426	426
F1279_4	F78_4	169	1348	933	933
F1279_4	M1013_4	169	1178	459	459
F1279_4	M1279_4	169	1091	582	582
F1279_4	M2256_4	169	1236	116	116
F1279_4	M2664_4	169	1313	897	897
F1279_4	M303_4	169	1187	263	263
F174_4	F1279_4	169	1304	1268	3638
F174_4	F178_4	169	1307	1125	3212
F174_4	F1954_4	169	1350	216	617
F174_4	F2693_4	169	1255	428	1240
F174_4	F301_4	169	1076	956	2789
F174_4	F558_4	169	1367	776	2300
F174_4	F636_4	169	1235	705	2034
F174_4	F78_4	169	1332	1177	3494
F174_4	M1013_4	169	1209	731	2097
F174_4	M1279_4	169	1199	921	2667
F174_4	M2256_4	169	1399	385	1057
F174_4	M2664_4	169	1259	1074	3075
F174_4	M303_4	169	1233	537	1565
F178_4	F1279_4	169	1427	1320	4168
F178_4	F174_4	169	1307	966	3008
F178_4	F1954_4	169	1225	66	219
F178_4	F2693_4	169	1238	190	595
F178_4	F301_4	169	1238	859	2705
F178_4	F558_4	169	1197	378	1149
F178_4	F636_4	169	1249	393	1252
F178_4	F78_4	169	1235	868	2731
F178_4	M1013_4	169	1151	417	1271
F178_4	M1279_4	169	1294	696	2162
F178_4	M2256_4	169	1317	151	466
F178_4	M2664_4	169	1202	849	2652
F178_4	M303_4	169	1288	274	876
F1954_4	F1279_4	169	1271	888	888
F1954_4	F174_4	169	1350	412	412
F1954_4	F178_4	169	1225	296	296
F1954_4	F2693_4	169	1159	27	27
F1954_4	F301_4	169	1132	313	313
F1954_4	F558_4	169	1354	88	88
F1954_4	F636_4	169	1290	106	106
F1954_4	F78_4	169	1269	345	345
F1954_4	M1013_4	169	1215	111	111
F1954_4	M1279_4	169	1186	196	196
F1954_4	M2256_4	169	1308	23	23
F1954_4	M2664_4	169	1484	374	374
F1954_4	M303_4	169	1257	46	46
F2693_4	F1279_4	169	1178	1148	1148
F2693_4	F174_4	169	1255	1120	1120
F2693_4	F178_4	169	1238	1041	1041
F2693_4	F1954_4	169	1159	168	168
F2693_4	F301_4	169	1080	934	934
F2693_4	F558_4	169	1294	680	680
F2693_4	F636_4	169	1278	715	715
F2693_4	F78_4	169	1289	1103	1103
F2693_4	M1013_4	169	1305	796	796
F2693_4	M1279_4	169	1169	905	905
F2693_4	M2256_4	169	1351	342	342
F2693_4	M2664_4	169	1262	1084	1084
F2693_4	M303_4	169	1217	511	511
F301_4	F1279_4	169	1404	986	986
F301_4	F174_4	169	1076	379	379
F301_4	F178_4	169	1238	324	324
F301_4	F1954_4	169	1132	18	18
F301_4	F2693_4	169	1080	27	27
F301_4	F558_4	169	1302	93	93
F301_4	F636_4	169	1236	80	80
F301_4	F78_4	169	1208	368	368
F301_4	M1013_4	169	1327	130	130
F301_4	M1279_4	169	1262	213	213
F301_4	M2256_4	169	1201	28	28
F301_4	M2664_4	169	1210	391	391
F301_4	M303_4	169	1319	53	53
F558_4	F1279_4	169	1258	970	2077
F558_4	F174_4	169	1367	564	1234
F558_4	F178_4	169	1197	390	884
F558_4	F1954_4	169	1354	21	42
F558_4	F2693_4	169	1294	46	103
F558_4	F301_4	169	1302	490	1064
F558_4	F636_4	169	1288	118	265
F558_4	F78_4	169	1249	503	1105
F558_4	M1013_4	169	1182	173	373
F558_4	M1279_4	169	1225	296	633
F558_4	M2256_4	169	1238	36	76
F558_4	M2664_4	169	1244	452	1023
F558_4	M303_4	169	1240	88	197
F636_4	F1279_4	169	1288	1234	1234
F636_4	F174_4	169	1235	1049	1049
F636_4	F178_4	169	1249	995	995
F636_4	F1954_4	169	1290	152	152
F636_4	F2693_4	169	1278	343	343
F636_4	F301_4	169	1236	1041	1041
F636_4	F558_4	169	1288	617	617
F636_4	F78_4	169	1320	1069	1069
F636_4	M1013_4	169	1267	680	680
F636_4	M1279_4	169	1130	811	811
F636_4	M2256_4	169	1157	222	222
F636_4	M2664_4	169	1290	1060	1060
F636_4	M303_4	169	1379	494	494
F78_4	F1279_4	169	1348	1290	2190
F78_4	F174_4	169	1332	1104	1873
F78_4	F178_4	169	1235	910	1544
F78_4	F1954_4	169	1269	112	199
F78_4	F2693_4	169	1289	268	456
F78_4	F301_4	169	1208	920	1553
F78_4	F558_4	169	1249	527	861
F78_4	F636_4	169	1320	577	992
F78_4	M1013_4	169	1516	730	1274
F78_4	M1279_4	169	1196	792	1361
F78_4	M2256_4	169	1363	212	344
F78_4	M2664_4	169	1241	966	1625
F78_4	M303_4	169	1366	401	676
M1013_4	F1279_4	169	1178	1109	2000
M1013_4	F174_4	169	1209	945	1683
M1013_4	F178_4	169	1151	810	1429
M1013_4	F1954_4	169	1215	102	180
M1013_4	F2693_4	169	1305	235	443
M1013_4	F301_4	169	1327	982	1736
M1013_4	F558_4	169	1182	442	748
M1013_4	F636_4	169	1267	489	890
M1013_4	F78_4	169	1516	1129	1985
M1013_4	M1279_4	169	1242	744	1315
M1013_4	M2256_4	169	1270	186	334
M1013_4	M2664_4	169	1187	884	1639
M1013_4	M303_4	169	1412	359	657
M1279_4	F1279_4	169	1091	1080	1514
M1279_4	F174_4	169	1199	1133	1573
M1279_4	F178_4	169	1294	1197	1714
M1279_4	F1954_4	169	1186	355	505
M1279_4	F2693_4	169	1169	621	875
M1279_4	F301_4	169	1262	1184	1707
M1279_4	F558_4	169	1225	876	1238
M1279_4	F636_4	169	1130	855	1215
M1279_4	F78_4	169	1196	1102	1497
M1279_4	M1013_4	169	1242	970	1347
M1279_4	M2256_4	169	1145	510	711
M1279_4	M2664_4	169	1202	1134	1587
M1279_4	M303_4	169	1315	844	1196
M2256_4	F1279_4	169	1236	1033	1033
M2256_4	F174_4	169	1399	803	803
M2256_4	F178_4	169	1317	553	553
M2256_4	F1954_4	169	1308	35	35
M2256_4	F2693_4	169	1351	95	95
M2256_4	F301_4	169	1201	536	536
M2256_4	F558_4	169	1238	193	193
M2256_4	F636_4	169	1157	189	189
M2256_4	F78_4	169	1363	646	646
M2256_4	M1013_4	169	1270	259	259
M2256_4	M1279_4	169	1145	365	365
M2256_4	M2664_4	169	1376	633	633
M2256_4	M303_4	169	1151	113	113
M2664_4	F1279_4	169	1313	1212	1212
M2664_4	F174_4	169	1259	935	935
M2664_4	F178_4	169	1202	805	805
M2664_4	F1954_4	169	1484	94	94
M2664_4	F2693_4	169	1262	180	180
M2664_4	F301_4	169	1210	813	813
M2664_4	F558_4	169	1244	423	423
M2664_4	F636_4	169	1290	400	400
M2664_4	F78_4	169	1241	826	826
M2664_4	M1013_4	169	1187	446	446
M2664_4	M1279_4	169	1202	656	656
M2664_4	M2256_4	169	1376	148	148
M2664_4	M303_4	169	1365	295	295
M303_4	F1279_4	169	1187	1053	2634
M303_4	F174_4	169	1233	818	2064
M303_4	F178_4	169	1288	759	1917
M303_4	F1954_4	169	1257	66	175
M303_4	F2693_4	169	1217	151	398
M303_4	F301_4	169	1319	829	2129
M303_4	F558_4	169	1240	332	804
M303_4	F636_4	169	1379	382	941
M303_4	F78_4	169	1366	865	2156
M303_4	M1013_4	169	1412	426	1086
M303_4	M1279_4	169	1315	615	1579
M303_4	M2256_4	169	1151	98	242
M303_4	M2664_4	169	1365	869	2182
F1139_4	F125_4	170	1163	897	897
F1139_4	F1422_4	170	1278	1183	1183
F1139_4	F2014_4	170	1321	869	869
F1139_4	F204_4	170	1339	420	420
F1139_4	F2083_4	170	1368	1122	1122
F1139_4	F2162_4	170	1232	1022	1022
F1139_4	F2750_4	170	1244	769	769
F1139_4	F527_4	170	1290	1041	1041
F1139_4	M1288_4	170	1195	1065	1065
F1139_4	M2607_4	170	1404	701	701
F1139_4	M447_4	170	1089	815	815
F1139_4	M619_4	170	1216	290	290
F1139_4	M652_4	170	1252	394	394
F125_4	F1139_4	170	1163	247	257
F125_4	F1422_4	170	1321	767	811
F125_4	F2014_4	170	1246	209	224
F125_4	F204_4	170	1246	55	56
F125_4	F2083_4	170	1319	418	443
F125_4	F2162_4	170	1063	337	353
F125_4	F2750_4	170	1291	200	216
F125_4	F527_4	170	1390	447	475
F125_4	M1288_4	170	1229	626	658
F125_4	M2607_4	170	1309	126	134
F125_4	M447_4	170	1287	314	338
F125_4	M619_4	170	1264	36	39
F125_4	M652_4	170	1158	49	51
F1422_4	F1139_4	170	1278	640	640
F1422_4	F125_4	170	1321	789	789
F1422_4	F2014_4	170	1374	598	598
F1422_4	F204_4	170	1245	192	192
F1422_4	F2083_4	170	1241	736	736
F1422_4	F2162_4	170	1271	844	844
F1422_4	F2750_4	170	1256	544	544
F1422_4	F527_4	170	1376	846	846
F1422_4	M1288_4	170	1257	983	983
F1422_4	M2607_4	170	1232	334	334
F1422_4	M447_4	170	1282	692	692
F1422_4	M619_4	170	1242	148	148
F1422_4	M652_4	170	1219	208	208
F2014_4	F1139_4	170	1321	1169	1169
F2014_4	F125_4	170	1246	1138	1138
F2014_4	F1422_4	170	1374	1348	1348
F2014_4	F204_4	170	1269	766	766
F2014_4	F2083_4	170	1372	1276	1276
F2014_4	F2162_4	170	1311	1227	1227
F2014_4	F2750_4	170	1296	1108	1108
F2014_4	F527_4	170	1271	1178	1178
F2014_4	M1288_4	170	1265	1213	1213
F2014_4	M2607_4	170	1365	984	984
F2014_4	M447_4	170	1279	1173	1173
F2014_4	M619_4	170	1250	602	602
F2014_4	M652_4	170	1189	731	731
F204_4	F1139_4	170	1339	1059	1590
F204_4	F125_4	170	1246	1055	1572
F204_4	F1422_4	170	1245	1170	1750
F204_4	F2014_4	170	1269	928	1432
F204_4	F2083_4	170	1419	1194	1804
F204_4	F2162_4	170	1238	1088	1629
F204_4	F2750_4	170	1224	895	1335
F204_4	F527_4	170	1139	982	1444
F204_4	M1288_4	170	1357	1273	1916
F204_4	M2607_4	170	1270	736	1095
F204_4	M447_4	170	1271	1054	1555
F204_4	M619_4	170	1227	407	608
F204_4	M652_4	170	1274	548	827
F2083_4	F1139_4	170	1368	464	464
F2083_4	F125_4	170	1319	544	544
F2083_4	F1422_4	170	1241	890	890
F2083_4	F2014_4	170	1372	371	371
F2083_4	F204_4	170	1419	102	102
F2083_4	F2162_4	170	1190	536	536
F2083_4	F2750_4	170	1080	300	300
F2083_4	F527_4	170	1336	608	608
F2083_4	M1288_4	170	1246	788	788
F2083_4	M2607_4	170	1337	224	224
F2083_4	M447_4	170	1212	446	446
F2083_4	M619_4	170	1336	77	77
F2083_4	M652_4	170	1265	110	110
F2162_4	F1139_4	170	1232	725	2668
F2162_4	F125_4	170	1063	702	2487
F2162_4	F1422_4	170	1271	1130	4000
F2162_4	F2014_4	170	1311	646	2368
F2162_4	F204_4	170	1238	262	911
F2162_4	F2083_4	170	1190	837	3044
F2162_4	F2750_4	170	1288	707	2532
F2162_4	F527_4	170	1210	843	3078
F2162_4	M1288_4	170	1255	1062	3857
F2162_4	M2607_4	170	1273	429	1516
F2162_4	M447_4	170	1343	863	3095
F2162_4	M619_4	170	1332	184	697
F2162_4	M652_4	170	1164	272	987
F2750_4	F1139_4	170	1244	855	855
F2750_4	F125_4	170	1291	956	956
F2750_4	F1422_4	170	1256	1166	1166
F2750_4	F2014_4	170	1296	807	807
F2750_4	F204_4	170	1224	359	359
F2750_4	F2083_4	170	1080	833	833
F2750_4	F2162_4	170	1288	1041	1041
F2750_4	F527_4	170	1235	961	961
F2750_4	M1288_4	170	1244	1093	1093
F2750_4	M2607_4	170	1319	583	583
F2750_4	M447_4	170	1232	907	907
F2750_4	M619_4	170	1353	306	306
F2750_4	M652_4	170	1362	424	424
F527_4	F1139_4	170	1290	615	615
F527_4	F125_4	170	1390	789	789
F527_4	F1422_4	170	1376	1140	1140
F527_4	F2014_4	170	1271	561	561
F527_4	F204_4	170	1139	181	181
F527_4	F2083_4	170	1336	810	810
F527_4	F2162_4	170	1210	810	810
F527_4	F2750_4	170	1235	518	518
F527_4	M1288_4	170	1361	1068	1068
F527_4	M2607_4	170	1359	344	344
F527_4	M447_4	170	1331	702	702
F527_4	M619_4	170	1326	141	141
F527_4	M652_4	170	1230	239	239
M1288_4	F1139_4	170	1195	479	479
M1288_4	F125_4	170	1229	672	672
M1288_4	F1422_4	170	1257	975	975
M1288_4	F2014_4	170	1265	433	433
M1288_4	F204_4	170	1357	164	164
M1288_4	F2083_4	170	1246	654	654
M1288_4	F2162_4	170	1255	746	746
M1288_4	F2750_4	170	1244	424	424
M1288_4	F527_4	170	1361	723	723
M1288_4	M2607_4	170	1129	236	236
M1288_4	M447_4	170	1283	590	590
M1288_4	M619_4	170	1199	102	102
M1288_4	M652_4	170	1469	200	200
M2607_4	F1139_4	170	1404	887	887
M2607_4	F125_4	170	1309	939	939
M2607_4	F1422_4	170	1232	1107	1107
M2607_4	F2014_4	170	1365	803	803
M2607_4	F204_4	170	1270	315	315
M2607_4	F2083_4	170	1337	971	971
M2607_4	F2162_4	170	1273	1018	1018
M2607_4	F2750_4	170	1319	778	778
M2607_4	F527_4	170	1359	1009	1009
M2607_4	M1288_4	170	1129	984	984
M2607_4	M447_4	170	1370	948	948
M2607_4	M619_4	170	1124	209	209
M2607_4	M652_4	170	1291	329	329
M447_4	F1139_4	170	1089	935	935
M447_4	F125_4	170	1287	1156	1156
M447_4	F1422_4	170	1282	1251	1251
M447_4	F2014_4	170	1279	1054	1054
M447_4	F204_4	170	1271	742	742
M447_4	F2083_4	170	1212	1094	1094
M447_4	F2162_4	170	1343	1231	1231
M447_4	F2750_4	170	1232	994	994
M447_4	F527_4	170	1331	1206	1206
M447_4	M1288_4	170	1283	1240	1240
M447_4	M2607_4	170	1370	972	972
M447_4	M619_4	170	1182	525	525
M447_4	M652_4	170	1111	623	623
M619_4	F1139_4	170	1216	162	162
M619_4	F125_4	170	1264	229	229
M619_4	F1422_4	170	1242	563	563
M619_4	F2014_4	170	1250	147	147
M619_4	F204_4	170	1227	26	26
M619_4	F2083_4	170	1336	272	272
M619_4	F2162_4	170	1332	329	329
M619_4	F2750_4	170	1353	133	133
M619_4	F527_4	170	1326	273	273
M619_4	M1288_4	170	1199	433	433
M619_4	M2607_4	170	1124	54	54
M619_4	M447_4	170	1182	209	209
M619_4	M652_4	170	1438	47	47
M652_4	F1139_4	170	1252	274	643
M652_4	F125_4	170	1158	306	679
M652_4	F1422_4	170	1219	709	1673
M652_4	F2014_4	170	1189	183	397
M652_4	F204_4	170	1274	57	125
M652_4	F2083_4	170	1265	390	920
M652_4	F2162_4	170	1164	394	902
M652_4	F2750_4	170	1362	237	561
M652_4	F527_4	170	1230	384	886
M652_4	M1288_4	170	1469	756	1725
M652_4	M2607_4	170	1291	117	252
M652_4	M447_4	170	1111	264	596
M652_4	M619_4	170	1438	38	89
F2064_4	F236_4	171	1222	1158	1765
F2064_4	F53_4	171	1249	219	344
F2064_4	F651_4	171	1225	965	1476
F2064_4	F805_4	171	1385	306	486
F2064_4	F913_4	171	1360	868	1341
F2064_4	M1400_4	171	1297	889	1391
F2064_4	M1476_4	171	1444	650	1029
F2064_4	M1714_4	171	1257	997	1527
F2064_4	M1882_4	171	1153	980	1506
F2064_4	M1938_4	171	1171	894	1358
F2064_4	M2534_4	171	1436	1295	1942
F2064_4	M54_4	171	1097	549	813
F2064_4	M997_4	171	1362	812	1246
F236_4	F2064_4	171	1222	1194	2711
F236_4	F53_4	171	1159	661	1483
F236_4	F651_4	171	1242	1194	2661
F236_4	F805_4	171	1263	838	1795
F236_4	F913_4	171	1213	1118	2463
F236_4	M1400_4	171	1236	1176	2575
F236_4	M1476_4	171	1238	1011	2243
F236_4	M1714_4	171	1364	1313	2951
F236_4	M1882_4	171	1288	1247	2706
F236_4	M1938_4	171	1209	1130	2509
F236_4	M2534_4	171	1227	1210	2705
F236_4	M54_4	171	1207	1052	2319
F236_4	M997_4	171	1258	1125	2493
F53_4	F2064_4	171	1249	519	519
F53_4	F236_4	171	1159	749	749
F53_4	F651_4	171	1326	377	377
F53_4	F805_4	171	1230	40	40
F53_4	F913_4	171	1260	208	208
F53_4	M1400_4	171	1158	209	209
F53_4	M1476_4	171	1377	108	108
F53_4	M1714_4	171	1262	332	332
F53_4	M1882_4	171	1251	499	499
F53_4	M1938_4	171	1169	289	289
F53_4	M2534_4	171	1194	571	571
F53_4	M54_4	171	1326	127	127
F53_4	M997_4	171	1310	179	179
F651_4	F2064_4	171	1225	1122	1946
F651_4	F236_4	171	1242	1193	2048
F651_4	F53_4	171	1326	369	643
F651_4	F805_4	171	1132	380	620
F651_4	F913_4	171	1270	948	1665
F651_4	M1400_4	171	1357	1026	1791
F651_4	M1476_4	171	1234	671	1213
F651_4	M1714_4	171	1505	1302	2284
F651_4	M1882_4	171	1251	1122	1988
F651_4	M1938_4	171	1201	995	1715
F651_4	M2534_4	171	1205	1123	1929
F651_4	M54_4	171	1206	747	1335
F651_4	M997_4	171	1122	785	1349
F805_4	F2064_4	171	1385	1083	1083
F805_4	F236_4	171	1263	1139	1139
F805_4	F53_4	171	1230	113	113
F805_4	F651_4	171	1132	707	707
F805_4	F913_4	171	1218	544	544
F805_4	M1400_4	171	1182	587	587
F805_4	M1476_4	171	1383	357	357
F805_4	M1714_4	171	1274	828	828
F805_4	M1882_4	171	1261	941	941
F805_4	M1938_4	171	1191	703	703
F805_4	M2534_4	171	1198	991	991
F805_4	M54_4	171	1254	394	394
F805_4	M997_4	171	1233	508	508
F913_4	F2064_4	171	1360	1196	1196
F913_4	F236_4	171	1213	1146	1146
F913_4	F53_4	171	1260	215	215
F913_4	F651_4	171	1270	988	988
F913_4	F805_4	171	1218	277	277
F913_4	M1400_4	171	1201	814	814
F913_4	M1476_4	171	1303	564	564
F913_4	M1714_4	171	1216	969	969
F913_4	M1882_4	171	1177	1006	1006
F913_4	M1938_4	171	1379	1026	1026
F913_4	M2534_4	171	1165	1049	1049
F913_4	M54_4	171	1414	697	697
F913_4	M997_4	171	1278	768	768
M1400_4	F2064_4	171	1297	1130	1130
M1400_4	F236_4	171	1236	1177	1177
M1400_4	F53_4	171	1158	215	215
M1400_4	F651_4	171	1357	1082	1082
M1400_4	F805_4	171	1182	317	317
M1400_4	F913_4	171	1201	825	825
M1400_4	M1476_4	171	1281	590	590
M1400_4	M1714_4	171	1298	1039	1039
M1400_4	M1882_4	171	1137	970	970
M1400_4	M1938_4	171	1133	877	877
M1400_4	M2534_4	171	1207	1112	1112
M1400_4	M54_4	171	1304	708	708
M1400_4	M997_4	171	1166	725	725
M1476_4	F2064_4	171	1444	1239	1239
M1476_4	F236_4	171	1238	1188	1188
M1476_4	F53_4	171	1377	233	233
M1476_4	F651_4	171	1234	953	953
M1476_4	F805_4	171	1383	329	329
M1476_4	F913_4	171	1303	858	858
M1476_4	M1400_4	171	1281	847	847
M1476_4	M1714_4	171	1227	979	979
M1476_4	M1882_4	171	1203	1043	1043
M1476_4	M1938_4	171	1179	883	883
M1476_4	M2534_4	171	1306	1168	1168
M1476_4	M54_4	171	1322	679	679
M1476_4	M997_4	171	1314	780	780
M1714_4	F2064_4	171	1257	872	3374
M1714_4	F236_4	171	1364	1180	4528
M1714_4	F53_4	171	1262	72	277
M1714_4	F651_4	171	1505	793	3112
M1714_4	F805_4	171	1274	132	504
M1714_4	F913_4	171	1216	450	1714
M1714_4	M1400_4	171	1298	483	1912
M1714_4	M1476_4	171	1227	237	953
M1714_4	M1882_4	171	1312	843	3171
M1714_4	M1938_4	171	1290	641	2537
M1714_4	M2534_4	171	1229	927	3638
M1714_4	M54_4	171	1211	321	1189
M1714_4	M997_4	171	1332	405	1598
M1882_4	F2064_4	171	1153	1079	1319
M1882_4	F236_4	171	1288	1256	1519
M1882_4	F53_4	171	1251	380	467
M1882_4	F651_4	171	1251	1098	1343
M1882_4	F805_4	171	1261	489	591
M1882_4	F913_4	171	1177	942	1143
M1882_4	M1400_4	171	1137	913	1114
M1882_4	M1476_4	171	1203	727	884
M1882_4	M1714_4	171	1312	1161	1420
M1882_4	M1938_4	171	1235	1076	1317
M1882_4	M2534_4	171	1243	1164	1414
M1882_4	M54_4	171	1258	872	1057
M1882_4	M997_4	171	1234	908	1111
M1938_4	F2064_4	171	1171	479	1144
M1938_4	F236_4	171	1209	719	1706
M1938_4	F53_4	171	1169	21	40
M1938_4	F651_4	171	1201	253	637
M1938_4	F805_4	171	1191	26	60
M1938_4	F913_4	171	1379	208	517
M1938_4	M1400_4	171	1133	186	442
M1938_4	M1476_4	171	1179	69	177
M1938_4	M1714_4	171	1290	325	777
M1938_4	M1882_4	171	1235	418	1013
M1938_4	M2534_4	171	1264	554	1321
M1938_4	M54_4	171	1327	111	256
M1938_4	M997_4	171	1254	136	318
M2534_4	F2064_4	171	1436	1217	4304
M2534_4	F236_4	171	1227	1139	3961
M2534_4	F53_4	171	1194	178	630
M2534_4	F651_4	171	1205	885	3158
M2534_4	F805_4	171	1198	221	857
M2534_4	F913_4	171	1165	664	2271
M2534_4	M1400_4	171	1207	730	2542
M2534_4	M1476_4	171	1306	427	1472
M2534_4	M1714_4	171	1229	916	3288
M2534_4	M1882_4	171	1243	1020	3647
M2534_4	M1938_4	171	1264	889	3195
M2534_4	M54_4	171	1363	599	2106
M2534_4	M997_4	171	1109	569	2009
M54_4	F2064_4	171	1097	757	757
M54_4	F236_4	171	1207	1045	1045
M54_4	F53_4	171	1326	91	91
M54_4	F651_4	171	1206	636	636
M54_4	F805_4	171	1254	117	117
M54_4	F913_4	171	1414	526	526
M54_4	M1400_4	171	1304	502	502
M54_4	M1476_4	171	1322	257	257
M54_4	M1714_4	171	1211	656	656
M54_4	M1882_4	171	1258	796	796
M54_4	M1938_4	171	1327	662	662
M54_4	M2534_4	171	1363	1026	1026
M54_4	M997_4	171	1284	429	429
M997_4	F2064_4	171	1362	455	754
M997_4	F236_4	171	1258	701	1112
M997_4	F53_4	171	1310	24	35
M997_4	F651_4	171	1122	243	418
M997_4	F805_4	171	1233	30	43
M997_4	F913_4	171	1278	161	252
M997_4	M1400_4	171	1166	154	231
M997_4	M1476_4	171	1314	57	104
M997_4	M1714_4	171	1332	297	494
M997_4	M1882_4	171	1234	372	609
M997_4	M1938_4	171	1254	215	366
M997_4	M2534_4	171	1109	411	677
M997_4	M54_4	171	1284	71	112
F164_4	F2191_4	172	1242	198	593
F164_4	F2491_4	172	1414	1049	3147
F164_4	F885_4	172	1251	1118	3475
F164_4	F8_4	172	1185	1112	3425
F164_4	M2083_4	172	1080	964	2887
F164_4	M2130_4	172	1112	986	2976
F164_4	M23_4	172	1374	1322	3995
F164_4	M2432_4	172	1308	1179	3627
F164_4	M2749_4	172	1417	1321	4014
F164_4	M538_4	172	1272	1254	3802
F164_4	M872_4	172	1318	1206	3632
F164_4	M954_4	172	1162	1140	3399
F164_4	M999_4	172	1231	1167	3497
F2191_4	F164_4	172	1242	576	576
F2191_4	F2491_4	172	1273	429	429
F2191_4	F885_4	172	1228	718	718
F2191_4	F8_4	172	1072	799	799
F2191_4	M2083_4	172	1307	770	770
F2191_4	M2130_4	172	1318	757	757
F2191_4	M23_4	172	1190	975	975
F2191_4	M2432_4	172	1172	697	697
F2191_4	M2749_4	172	1158	815	815
F2191_4	M538_4	172	1287	1200	1200
F2191_4	M872_4	172	1393	872	872
F2191_4	M954_4	172	1274	1174	1174
F2191_4	M999_4	172	1397	1070	1070
F2491_4	F164_4	172	1414	1116	3116
F2491_4	F2191_4	172	1273	131	394
F2491_4	F885_4	172	1127	966	2696
F2491_4	F8_4	172	1247	1154	3184
F2491_4	M2083_4	172	1205	1035	2897
F2491_4	M2130_4	172	1259	1067	2862
F2491_4	M23_4	172	1159	1101	3057
F2491_4	M2432_4	172	1292	1141	3161
F2491_4	M2749_4	172	1273	1165	3247
F2491_4	M538_4	172	1191	1167	3230
F2491_4	M872_4	172	1158	1020	2862
F2491_4	M954_4	172	1372	1349	3816
F2491_4	M999_4	172	1356	1264	3501
F885_4	F164_4	172	1251	753	753
F885_4	F2191_4	172	1228	52	52
F885_4	F2491_4	172	1127	545	545
F885_4	F8_4	172	1261	1040	1040
F885_4	M2083_4	172	1329	950	950
F885_4	M2130_4	172	1414	985	985
F885_4	M23_4	172	1286	1157	1157
F885_4	M2432_4	172	1146	847	847
F885_4	M2749_4	172	1229	989	989
F885_4	M538_4	172	1202	1140	1140
F885_4	M872_4	172	1282	951	951
F885_4	M954_4	172	1269	1198	1198
F885_4	M999_4	172	1275	1087	1087
F8_4	F164_4	172	1185	633	1123
F8_4	F2191_4	172	1072	36	57
F8_4	F2491_4	172	1247	429	751
F8_4	F885_4	172	1261	784	1349
F8_4	M2083_4	172	1382	850	1468
F8_4	M2130_4	172	1076	669	1172
F8_4	M23_4	172	1183	992	1699
F8_4	M2432_4	172	1315	841	1474
F8_4	M2749_4	172	1275	953	1647
F8_4	M538_4	172	1247	1163	2061
F8_4	M872_4	172	1319	895	1521
F8_4	M954_4	172	1211	1124	1915
F8_4	M999_4	172	1259	1020	1715
M2083_4	F164_4	172	1080	1039	1039
M2083_4	F2191_4	172	1307	714	714
M2083_4	F2491_4	172	1205	1148	1148
M2083_4	F885_4	172	1329	1296	1296
M2083_4	F8_4	172	1382	1366	1366
M2083_4	M2130_4	172	1073	1054	1054
M2083_4	M23_4	172	1136	1127	1127
M2083_4	M2432_4	172	1330	1307	1307
M2083_4	M2749_4	172	1345	1333	1333
M2083_4	M538_4	172	1252	1250	1250
M2083_4	M872_4	172	1257	1235	1235
M2083_4	M954_4	172	1271	1264	1264
M2083_4	M999_4	172	1243	1237	1237
M2130_4	F164_4	172	1112	217	839
M2130_4	F2191_4	172	1318	5	19
M2130_4	F2491_4	172	1259	163	677
M2130_4	F885_4	172	1414	433	1682
M2130_4	F8_4	172	1076	529	1990
M2130_4	M2083_4	172	1073	344	1308
M2130_4	M23_4	172	1210	706	2692
M2130_4	M2432_4	172	1146	365	1404
M2130_4	M2749_4	172	1274	540	2111
M2130_4	M538_4	172	1296	988	3857
M2130_4	M872_4	172	1231	408	1613
M2130_4	M954_4	172	1324	1036	4091
M2130_4	M999_4	172	1253	617	2399
M23_4	F164_4	172	1374	690	3325
M23_4	F2191_4	172	1190	42	216
M23_4	F2491_4	172	1159	421	2096
M23_4	F885_4	172	1286	751	3691
M23_4	F8_4	172	1183	915	4513
M23_4	M2083_4	172	1136	682	3513
M23_4	M2130_4	172	1210	698	3472
M23_4	M2432_4	172	1259	793	3904
M23_4	M2749_4	172	1258	927	4533
M23_4	M538_4	172	1341	1236	6000
M23_4	M872_4	172	1176	742	3690
M23_4	M954_4	172	1094	1017	4939
M23_4	M999_4	172	1268	920	4605
M2432_4	F164_4	172	1308	73	275
M2432_4	F2191_4	172	1172	1	3
M2432_4	F2491_4	172	1292	32	110
M2432_4	F885_4	172	1146	83	368
M2432_4	F8_4	172	1315	193	819
M2432_4	M2083_4	172	1330	102	410
M2432_4	M2130_4	172	1146	79	323
M2432_4	M23_4	172	1259	277	1136
M2432_4	M2749_4	172	1059	133	537
M2432_4	M538_4	172	1253	466	1804
M2432_4	M872_4	172	1203	84	325
M2432_4	M954_4	172	1373	567	2274
M2432_4	M999_4	172	1231	178	684
M2749_4	F164_4	172	1417	540	1009
M2749_4	F2191_4	172	1158	28	44
M2749_4	F2491_4	172	1273	343	650
M2749_4	F885_4	172	1229	619	1114
M2749_4	F8_4	172	1275	864	1638
M2749_4	M2083_4	172	1345	690	1267
M2749_4	M2130_4	172	1274	628	1118
M2749_4	M23_4	172	1258	975	1779
M2749_4	M2432_4	172	1059	594	1089
M2749_4	M538_4	172	1263	1133	2081
M2749_4	M872_4	172	1285	725	1324
M2749_4	M954_4	172	1235	1102	2056
M2749_4	M999_4	172	1191	864	1576
M538_4	F164_4	172	1272	376	1243
M538_4	F2191_4	172	1287	14	53
M538_4	F2491_4	172	1191	209	721
M538_4	F885_4	172	1202	423	1323
M538_4	F8_4	172	1247	687	2244
M538_4	M2083_4	172	1252	439	1434
M538_4	M2130_4	172	1296	475	1575
M538_4	M23_4	172	1341	861	2915
M538_4	M2432_4	172	1253	474	1550
M538_4	M2749_4	172	1263	633	2138
M538_4	M872_4	172	1215	504	1675
M538_4	M954_4	172	1106	938	3131
M538_4	M999_4	172	1275	724	2383
M872_4	F164_4	172	1318	49	49
M872_4	F2191_4	172	1393	0	0
M872_4	F2491_4	172	1158	25	25
M872_4	F885_4	172	1282	68	68
M872_4	F8_4	172	1319	146	146
M872_4	M2083_4	172	1257	69	69
M872_4	M2130_4	172	1231	52	52
M872_4	M23_4	172	1176	177	177
M872_4	M2432_4	172	1203	63	63
M872_4	M2749_4	172	1285	134	134
M872_4	M538_4	172	1215	395	395
M872_4	M954_4	172	1304	409	409
M872_4	M999_4	172	1156	118	118
M954_4	F164_4	172	1162	426	647
M954_4	F2191_4	172	1274	25	37
M954_4	F2491_4	172	1372	332	503
M954_4	F885_4	172	1269	610	944
M954_4	F8_4	172	1211	818	1237
M954_4	M2083_4	172	1271	654	998
M954_4	M2130_4	172	1324	605	923
M954_4	M23_4	172	1094	814	1222
M954_4	M2432_4	172	1373	681	1043
M954_4	M2749_4	172	1235	773	1199
M954_4	M538_4	172	1106	951	1435
M954_4	M872_4	172	1304	674	1027
M954_4	M999_4	172	1260	863	1360
M999_4	F164_4	172	1231	325	537
M999_4	F2191_4	172	1397	21	37
M999_4	F2491_4	172	1356	233	394
M999_4	F885_4	172	1275	480	797
M999_4	F8_4	172	1259	687	1136
M999_4	M2083_4	172	1243	427	719
M999_4	M2130_4	172	1253	441	738
M999_4	M23_4	172	1268	851	1425
M999_4	M2432_4	172	1231	497	839
M999_4	M2749_4	172	1191	572	927
M999_4	M538_4	172	1275	1008	1666
M999_4	M872_4	172	1156	469	803
M999_4	M954_4	172	1260	1037	1722
F1672_4	F1948_4	173	1197	167	167
F1672_4	F2237_4	173	1336	299	299
F1672_4	F2252_4	173	1169	696	696
F1672_4	F2495_4	173	1256	853	853
F1672_4	M1107_4	173	1397	824	824
F1672_4	M1412_4	173	1203	739	739
F1672_4	M1625_4	173	1299	1168	1168
F1672_4	M1768_4	173	1226	401	401
F1672_4	M2263_4	173	1321	609	609
F1672_4	M238_4	173	1359	1215	1215
F1672_4	M2526_4	173	1240	1006	1006
F1672_4	M501_4	173	1218	278	278
F1672_4	M961_4	173	1341	312	312
F1948_4	F1672_4	173	1197	653	1545
F1948_4	F2237_4	173	1249	244	600
F1948_4	F2252_4	173	1242	674	1584
F1948_4	F2495_4	173	1310	815	1931
F1948_4	M1107_4	173	1259	692	1668
F1948_4	M1412_4	173	1214	771	1834
F1948_4	M1625_4	173	1240	1090	2606
F1948_4	M1768_4	173	1244	343	830
F1948_4	M2263_4	173	1217	504	1204
F1948_4	M238_4	173	1204	1050	2435
F1948_4	M2526_4	173	1349	1063	2481
F1948_4	M501_4	173	1334	226	527
F1948_4	M961_4	173	1292	252	653
F2237_4	F1672_4	173	1336	512	792
F2237_4	F1948_4	173	1249	103	155
F2237_4	F2252_4	173	1264	581	873
F2237_4	F2495_4	173	1200	677	1024
F2237_4	M1107_4	173	1337	573	874
F2237_4	M1412_4	173	1220	600	928
F2237_4	M1625_4	173	1212	1014	1500
F2237_4	M1768_4	173	1138	223	337
F2237_4	M2263_4	173	1200	381	590
F2237_4	M238_4	173	1239	1019	1531
F2237_4	M2526_4	173	1233	856	1310
F2237_4	M501_4	173	1216	133	205
F2237_4	M961_4	173	1137	156	220
F2252_4	F1672_4	173	1169	752	1486
F2252_4	F1948_4	173	1242	242	463
F2252_4	F2237_4	173	1264	407	782
F2252_4	F2495_4	173	1299	979	1966
F2252_4	M1107_4	173	1247	857	1681
F2252_4	M1412_4	173	1378	1007	1956
F2252_4	M1625_4	173	1257	1180	2370
F2252_4	M1768_4	173	1375	612	1269
F2252_4	M2263_4	173	1211	694	1359
F2252_4	M238_4	173	1338	1223	2398
F2252_4	M2526_4	173	1293	1099	2164
F2252_4	M501_4	173	1273	410	816
F2252_4	M961_4	173	1370	436	832
F2495_4	F1672_4	173	1256	270	270
F2495_4	F1948_4	173	1310	45	45
F2495_4	F2237_4	173	1200	78	78
F2495_4	F2252_4	173	1299	321	321
F2495_4	M1107_4	173	1409	331	331
F2495_4	M1412_4	173	1170	340	340
F2495_4	M1625_4	173	1297	875	875
F2495_4	M1768_4	173	1231	114	114
F2495_4	M2263_4	173	1395	221	221
F2495_4	M238_4	173	1234	821	821
F2495_4	M2526_4	173	1241	647	647
F2495_4	M501_4	173	1442	94	94
F2495_4	M961_4	173	1238	89	89
M1107_4	F1672_4	173	1397	855	855
M1107_4	F1948_4	173	1259	224	224
M1107_4	F2237_4	173	1337	389	389
M1107_4	F2252_4	173	1247	815	815
M1107_4	F2495_4	173	1409	1022	1022
M1107_4	M1412_4	173	1299	890	890
M1107_4	M1625_4	173	1342	1255	1255
M1107_4	M1768_4	173	1228	439	439
M1107_4	M2263_4	173	1388	692	692
M1107_4	M238_4	173	1132	1040	1040
M1107_4	M2526_4	173	1090	933	933
M1107_4	M501_4	173	1254	360	360
M1107_4	M961_4	173	1187	332	332
M1412_4	F1672_4	173	1203	405	405
M1412_4	F1948_4	173	1214	65	65
M1412_4	F2237_4	173	1220	149	149
M1412_4	F2252_4	173	1378	537	537
M1412_4	F2495_4	173	1170	555	555
M1412_4	M1107_4	173	1299	450	450
M1412_4	M1625_4	173	1416	1159	1159
M1412_4	M1768_4	173	1281	208	208
M1412_4	M2263_4	173	1303	329	329
M1412_4	M238_4	173	1253	982	982
M1412_4	M2526_4	173	1240	831	831
M1412_4	M501_4	173	1217	134	134
M1412_4	M961_4	173	1258	169	169
M1625_4	F1672_4	173	1299	1251	4304
M1625_4	F1948_4	173	1240	984	3294
M1625_4	F2237_4	173	1212	1061	3569
M1625_4	F2252_4	173	1257	1226	4269
M1625_4	F2495_4	173	1297	1283	4398
M1625_4	M1107_4	173	1342	1306	4398
M1625_4	M1412_4	173	1416	1373	4643
M1625_4	M1768_4	173	1093	989	3424
M1625_4	M2263_4	173	1181	1122	3845
M1625_4	M238_4	173	1203	1193	4132
M1625_4	M2526_4	173	1230	1219	4175
M1625_4	M501_4	173	1271	1100	3733
M1625_4	M961_4	173	1229	1061	3617
M1768_4	F1672_4	173	1226	1100	1100
M1768_4	F1948_4	173	1244	639	639
M1768_4	F2237_4	173	1138	784	784
M1768_4	F2252_4	173	1375	1256	1256
M1768_4	F2495_4	173	1231	1148	1148
M1768_4	M1107_4	173	1228	1101	1101
M1768_4	M1412_4	173	1281	1172	1172
M1768_4	M1625_4	173	1093	1075	1075
M1768_4	M2263_4	173	1161	989	989
M1768_4	M238_4	173	1255	1229	1229
M1768_4	M2526_4	173	1317	1263	1263
M1768_4	M501_4	173	1243	802	802
M1768_4	M961_4	173	1248	845	845
M2263_4	F1672_4	173	1321	1248	3413
M2263_4	F1948_4	173	1217	794	2203
M2263_4	F2237_4	173	1200	949	2618
M2263_4	F2252_4	173	1211	1146	3171
M2263_4	F2495_4	173	1395	1346	3733
M2263_4	M1107_4	173	1388	1329	3719
M2263_4	M1412_4	173	1303	1234	3448
M2263_4	M1625_4	173	1181	1176	3307
M2263_4	M1768_4	173	1161	980	2706
M2263_4	M238_4	173	1273	1266	3470
M2263_4	M2526_4	173	1286	1253	3430
M2263_4	M501_4	173	1313	1018	2757
M2263_4	M961_4	173	1330	1055	2968
M238_4	F1672_4	173	1359	724	944
M238_4	F1948_4	173	1204	157	209
M238_4	F2237_4	173	1239	261	345
M238_4	F2252_4	173	1338	770	971
M238_4	F2495_4	173	1234	804	1088
M238_4	M1107_4	173	1132	631	818
M238_4	M1412_4	173	1253	772	999
M238_4	M1625_4	173	1203	1075	1411
M238_4	M1768_4	173	1255	363	473
M238_4	M2263_4	173	1273	553	745
M238_4	M2526_4	173	1369	1092	1432
M238_4	M501_4	173	1279	268	355
M238_4	M961_4	173	1324	264	351
M2526_4	F1672_4	173	1240	824	824
M2526_4	F1948_4	173	1349	269	269
M2526_4	F2237_4	173	1233	413	413
M2526_4	F2252_4	173	1293	920	920
M2526_4	F2495_4	173	1241	962	962
M2526_4	M1107_4	173	1090	760	760
M2526_4	M1412_4	173	1240	905	905
M2526_4	M1625_4	173	1230	1154	1154
M2526_4	M1768_4	173	1317	521	521
M2526_4	M2263_4	173	1286	732	732
M2526_4	M238_4	173	1369	1269	1269
M2526_4	M501_4	173	1362	420	420
M2526_4	M961_4	173	1450	479	479
M501_4	F1672_4	173	1218	1052	1124
M501_4	F1948_4	173	1334	547	585
M501_4	F2237_4	173	1216	687	742
M501_4	F2252_4	173	1273	1112	1221
M501_4	F2495_4	173	1442	1307	1430
M501_4	M1107_4	173	1254	1072	1173
M501_4	M1412_4	173	1217	1085	1183
M501_4	M1625_4	173	1271	1240	1342
M501_4	M1768_4	173	1243	821	896
M501_4	M2263_4	173	1313	1032	1115
M501_4	M238_4	173	1279	1246	1353
M501_4	M2526_4	173	1362	1281	1378
M501_4	M961_4	173	1337	765	830
M961_4	F1672_4	173	1341	602	602
M961_4	F1948_4	173	1292	127	127
M961_4	F2237_4	173	1137	171	171
M961_4	F2252_4	173	1370	657	657
M961_4	F2495_4	173	1238	679	679
M961_4	M1107_4	173	1187	531	531
M961_4	M1412_4	173	1258	665	665
M961_4	M1625_4	173	1229	1052	1052
M961_4	M1768_4	173	1248	277	277
M961_4	M2263_4	173	1330	426	426
M961_4	M238_4	173	1324	1116	1116
M961_4	M2526_4	173	1450	1076	1076
M961_4	M501_4	173	1337	176	176
F1272_4	F1323_4	174	1333	739	1389
F1272_4	F2481_4	174	1209	151	277
F1272_4	F2508_4	174	1176	523	988
F1272_4	F500_4	174	1262	44	75
F1272_4	F653_4	174	1213	484	866
F1272_4	M1203_4	174	1277	26	53
F1272_4	M1328_4	174	1332	70	140
F1272_4	M1358_4	174	1373	202	389
F1272_4	M181_4	174	1299	84	161
F1272_4	M2375_4	174	1553	209	368
F1272_4	M2625_4	174	1133	653	1160
F1272_4	M802_4	174	1381	593	1063
F1272_4	M899_4	174	1117	14	22
F1323_4	F1272_4	174	1333	90	240
F1323_4	F2481_4	174	1235	169	447
F1323_4	F2508_4	174	1227	589	1487
F1323_4	F500_4	174	1312	57	165
F1323_4	F653_4	174	1187	492	1248
F1323_4	M1203_4	174	1293	27	78
F1323_4	M1328_4	174	1353	82	229
F1323_4	M1358_4	174	1296	244	667
F1323_4	M181_4	174	1348	103	280
F1323_4	M2375_4	174	1175	174	447
F1323_4	M2625_4	174	1241	730	1933
F1323_4	M802_4	174	1287	624	1680
F1323_4	M899_4	174	1380	23	61
F2481_4	F1272_4	174	1209	8	16
F2481_4	F1323_4	174	1235	233	512
F2481_4	F2508_4	174	1399	161	381
F2481_4	F500_4	174	1274	7	23
F2481_4	F653_4	174	1249	113	259
F2481_4	M1203_4	174	1456	3	4
F2481_4	M1328_4	174	1257	10	23
F2481_4	M1358_4	174	1222	39	103
F2481_4	M181_4	174	1292	14	30
F2481_4	M2375_4	174	1295	27	55
F2481_4	M2625_4	174	1198	201	456
F2481_4	M802_4	174	1265	158	359
F2481_4	M899_4	174	1258	3	8
F2508_4	F1272_4	174	1176	440	440
F2508_4	F1323_4	174	1227	1158	1158
F2508_4	F2481_4	174	1399	904	904
F2508_4	F500_4	174	1247	353	353
F2508_4	F653_4	174	1112	971	971
F2508_4	M1203_4	174	1200	233	233
F2508_4	M1328_4	174	1129	439	439
F2508_4	M1358_4	174	1101	741	741
F2508_4	M181_4	174	1261	550	550
F2508_4	M2375_4	174	1244	790	790
F2508_4	M2625_4	174	1230	1155	1155
F2508_4	M802_4	174	1317	1199	1199
F2508_4	M899_4	174	1153	182	182
F500_4	F1272_4	174	1262	12	12
F500_4	F1323_4	174	1312	289	289
F500_4	F2481_4	174	1274	41	41
F500_4	F2508_4	174	1247	175	175
F500_4	F653_4	174	1350	167	167
F500_4	M1203_4	174	1168	3	3
F500_4	M1328_4	174	1266	16	16
F500_4	M1358_4	174	1310	50	50
F500_4	M181_4	174	1274	20	20
F500_4	M2375_4	174	1252	39	39
F500_4	M2625_4	174	1367	266	266
F500_4	M802_4	174	1272	189	189
F500_4	M899_4	174	1270	6	6
F653_4	F1272_4	174	1213	824	824
F653_4	F1323_4	174	1187	1163	1163
F653_4	F2481_4	174	1249	1078	1078
F653_4	F2508_4	174	1112	1076	1076
F653_4	F500_4	174	1350	819	819
F653_4	M1203_4	174	1160	565	565
F653_4	M1328_4	174	1106	771	771
F653_4	M1358_4	174	1277	1141	1141
F653_4	M181_4	174	1273	939	939
F653_4	M2375_4	174	1367	1176	1176
F653_4	M2625_4	174	1382	1354	1354
F653_4	M802_4	174	1030	985	985
F653_4	M899_4	174	1265	496	496
M1203_4	F1272_4	174	1277	505	505
M1203_4	F1323_4	174	1293	1226	1226
M1203_4	F2481_4	174	1456	979	979
M1203_4	F2508_4	174	1200	1110	1110
M1203_4	F500_4	174	1168	395	395
M1203_4	F653_4	174	1160	1048	1048
M1203_4	M1328_4	174	1218	498	498
M1203_4	M1358_4	174	1239	869	869
M1203_4	M181_4	174	1259	634	634
M1203_4	M2375_4	174	1130	748	748
M1203_4	M2625_4	174	1201	1141	1141
M1203_4	M802_4	174	1402	1276	1276
M1203_4	M899_4	174	1191	223	223
M1328_4	F1272_4	174	1332	107	393
M1328_4	F1323_4	174	1353	975	3376
M1328_4	F2481_4	174	1257	265	936
M1328_4	F2508_4	174	1129	658	2265
M1328_4	F500_4	174	1266	80	263
M1328_4	F653_4	174	1106	564	1951
M1328_4	M1203_4	174	1218	33	113
M1328_4	M1358_4	174	1223	295	999
M1328_4	M181_4	174	1258	139	520
M1328_4	M2375_4	174	1186	270	953
M1328_4	M2625_4	174	1332	963	3266
M1328_4	M802_4	174	1398	861	3084
M1328_4	M899_4	174	1307	36	138
M1358_4	F1272_4	174	1373	88	109
M1358_4	F1323_4	174	1296	850	1145
M1358_4	F2481_4	174	1222	189	260
M1358_4	F2508_4	174	1101	602	848
M1358_4	F500_4	174	1310	66	96
M1358_4	F653_4	174	1277	578	767
M1358_4	M1203_4	174	1239	43	55
M1358_4	M1328_4	174	1223	85	114
M1358_4	M181_4	174	1467	114	152
M1358_4	M2375_4	174	1402	214	276
M1358_4	M2625_4	174	1314	850	1111
M1358_4	M802_4	174	1379	704	938
M1358_4	M899_4	174	1091	18	19
M181_4	F1272_4	174	1299	867	3211
M181_4	F1323_4	174	1348	1333	5067
M181_4	F2481_4	174	1292	1087	4157
M181_4	F2508_4	174	1261	1222	4722
M181_4	F500_4	174	1274	717	2763
M181_4	F653_4	174	1273	1219	4595
M181_4	M1203_4	174	1259	566	2217
M181_4	M1328_4	174	1258	847	3232
M181_4	M1358_4	174	1467	1283	4829
M181_4	M2375_4	174	1310	1128	4284
M181_4	M2625_4	174	1238	1206	4561
M181_4	M802_4	174	1161	1126	4230
M181_4	M899_4	174	1152	412	1630
M2375_4	F1272_4	174	1553	324	324
M2375_4	F1323_4	174	1175	1005	1005
M2375_4	F2481_4	174	1295	542	542
M2375_4	F2508_4	174	1244	976	976
M2375_4	F500_4	174	1252	170	170
M2375_4	F653_4	174	1367	1016	1016
M2375_4	M1203_4	174	1130	94	94
M2375_4	M1328_4	174	1186	272	272
M2375_4	M1358_4	174	1402	642	642
M2375_4	M181_4	174	1310	264	264
M2375_4	M2625_4	174	1219	1040	1040
M2375_4	M802_4	174	1305	1042	1042
M2375_4	M899_4	174	1216	78	78
M2625_4	F1272_4	174	1133	214	214
M2625_4	F1323_4	174	1241	1056	1056
M2625_4	F2481_4	174	1198	437	437
M2625_4	F2508_4	174	1230	946	946
M2625_4	F500_4	174	1367	166	166
M2625_4	F653_4	174	1382	999	999
M2625_4	M1203_4	174	1201	101	101
M2625_4	M1328_4	174	1332	249	249
M2625_4	M1358_4	174	1314	538	538
M2625_4	M181_4	174	1238	244	244
M2625_4	M2375_4	174	1219	476	476
M2625_4	M802_4	174	1150	868	868
M2625_4	M899_4	174	1281	68	68
M802_4	F1272_4	174	1381	427	427
M802_4	F1323_4	174	1287	1187	1187
M802_4	F2481_4	174	1265	696	696
M802_4	F2508_4	174	1317	1169	1169
M802_4	F500_4	174	1272	298	298
M802_4	F653_4	174	1030	885	885
M802_4	M1203_4	174	1402	230	230
M802_4	M1328_4	174	1398	481	481
M802_4	M1358_4	174	1379	871	871
M802_4	M181_4	174	1161	432	432
M802_4	M2375_4	174	1305	733	733
M802_4	M2625_4	174	1150	1054	1054
M802_4	M899_4	174	1319	135	135
M899_4	F1272_4	174	1117	177	177
M899_4	F1323_4	174	1380	1149	1149
M899_4	F2481_4	174	1258	426	426
M899_4	F2508_4	174	1153	858	858
M899_4	F500_4	174	1270	126	126
M899_4	F653_4	174	1265	879	879
M899_4	M1203_4	174	1191	53	53
M899_4	M1328_4	174	1307	212	212
M899_4	M1358_4	174	1091	426	426
M899_4	M181_4	174	1152	201	201
M899_4	M2375_4	174	1216	401	401
M899_4	M2625_4	174	1281	1075	1075
M899_4	M802_4	174	1319	964	964
F1048_4	F1087_4	175	1314	827	1695
F1048_4	F1346_4	175	1192	966	2032
F1048_4	F1524_4	175	1075	983	2002
F1048_4	F2728_4	175	1222	936	1897
F1048_4	F738_4	175	1270	1233	2458
F1048_4	F993_4	175	1312	1198	2500
F1048_4	M1393_4	175	1302	1063	2219
F1048_4	M1806_4	175	1209	1077	2180
F1048_4	M1842_4	175	1218	1175	2405
F1048_4	M2650_4	175	1213	1186	2450
F1048_4	M2745_4	175	1146	1007	2097
F1048_4	M329_4	175	1249	1085	2215
F1048_4	M392_4	175	1626	269	577
F1087_4	F1048_4	175	1314	1253	1253
F1087_4	F1346_4	175	1380	942	942
F1087_4	F1524_4	175	1321	1139	1139
F1087_4	F2728_4	175	1170	731	731
F1087_4	F738_4	175	1351	1257	1257
F1087_4	F993_4	175	1195	1032	1032
F1087_4	M1393_4	175	1249	856	856
F1087_4	M1806_4	175	1482	1213	1213
F1087_4	M1842_4	175	1299	1225	1225
F1087_4	M2650_4	175	1290	1242	1242
F1087_4	M2745_4	175	1324	1048	1048
F1087_4	M329_4	175	1323	1058	1058
F1087_4	M392_4	175	1199	121	121
F1346_4	F1048_4	175	1192	375	375
F1346_4	F1087_4	175	1380	37	37
F1346_4	F1524_4	175	1320	199	199
F1346_4	F2728_4	175	1159	61	61
F1346_4	F738_4	175	1279	424	424
F1346_4	F993_4	175	1130	164	164
F1346_4	M1393_4	175	1188	103	103
F1346_4	M1806_4	175	1339	142	142
F1346_4	M1842_4	175	1285	446	446
F1346_4	M2650_4	175	1278	521	521
F1346_4	M2745_4	175	1340	142	142
F1346_4	M329_4	175	1407	141	141
F1346_4	M392_4	175	1307	6	6
F1524_4	F1048_4	175	1075	368	595
F1524_4	F1087_4	175	1321	35	56
F1524_4	F1346_4	175	1320	92	150
F1524_4	F2728_4	175	1320	62	101
F1524_4	F738_4	175	1289	416	674
F1524_4	F993_4	175	1335	210	350
F1524_4	M1393_4	175	1244	90	140
F1524_4	M1806_4	175	1215	180	275
F1524_4	M1842_4	175	1168	454	759
F1524_4	M2650_4	175	1154	465	748
F1524_4	M2745_4	175	1199	138	208
F1524_4	M329_4	175	1362	137	225
F1524_4	M392_4	175	1366	9	14
F2728_4	F1048_4	175	1222	884	884
F2728_4	F1087_4	175	1170	167	167
F2728_4	F1346_4	175	1159	351	351
F2728_4	F1524_4	175	1320	641	641
F2728_4	F738_4	175	1231	899	899
F2728_4	F993_4	175	1231	623	623
F2728_4	M1393_4	175	1222	359	359
F2728_4	M1806_4	175	1255	591	591
F2728_4	M1842_4	175	1269	962	962
F2728_4	M2650_4	175	1286	1031	1031
F2728_4	M2745_4	175	1336	551	551
F2728_4	M329_4	175	1242	500	500
F2728_4	M392_4	175	1210	17	17
F738_4	F1048_4	175	1270	1097	3152
F738_4	F1087_4	175	1351	313	879
F738_4	F1346_4	175	1279	574	1593
F738_4	F1524_4	175	1289	892	2485
F738_4	F2728_4	175	1231	482	1378
F738_4	F993_4	175	1296	877	2513
F738_4	M1393_4	175	1213	563	1610
F738_4	M1806_4	175	1305	848	2437
F738_4	M1842_4	175	1303	1129	3239
F738_4	M2650_4	175	1225	1084	3075
F738_4	M2745_4	175	1099	650	1841
F738_4	M329_4	175	1370	839	2362
F738_4	M392_4	175	1365	64	180
F993_4	F1048_4	175	1312	1042	1978
F993_4	F1087_4	175	1195	212	395
F993_4	F1346_4	175	1130	419	775
F993_4	F1524_4	175	1335	812	1510
F993_4	F2728_4	175	1231	372	687
F993_4	F738_4	175	1296	1042	2007
F993_4	M1393_4	175	1365	511	982
F993_4	M1806_4	175	1215	647	1200
F993_4	M1842_4	175	1482	1227	2287
F993_4	M2650_4	175	1262	1075	2005
F993_4	M2745_4	175	1340	699	1312
F993_4	M329_4	175	1376	681	1238
F993_4	M392_4	175	1341	32	57
M1393_4	F1048_4	175	1302	962	962
M1393_4	F1087_4	175	1249	180	180
M1393_4	F1346_4	175	1188	348	348
M1393_4	F1524_4	175	1244	637	637
M1393_4	F2728_4	175	1222	299	299
M1393_4	F738_4	175	1213	893	893
M1393_4	F993_4	175	1365	720	720
M1393_4	M1806_4	175	1234	595	595
M1393_4	M1842_4	175	1388	1060	1060
M1393_4	M2650_4	175	1176	965	965
M1393_4	M2745_4	175	1279	562	562
M1393_4	M329_4	175	1209	466	466
M1393_4	M392_4	175	1402	30	30
M1806_4	F1048_4	175	1209	1204	1462
M1806_4	F1087_4	175	1482	1314	1572
M1806_4	F1346_4	175	1339	1276	1535
M1806_4	F1524_4	175	1215	1195	1427
M1806_4	F2728_4	175	1255	1164	1383
M1806_4	F738_4	175	1305	1299	1561
M1806_4	F993_4	175	1215	1194	1418
M1806_4	M1393_4	175	1234	1184	1420
M1806_4	M1842_4	175	1336	1325	1576
M1806_4	M2650_4	175	1317	1311	1540
M1806_4	M2745_4	175	1321	1288	1524
M1806_4	M329_4	175	1333	1282	1537
M1806_4	M392_4	175	1138	606	710
M1842_4	F1048_4	175	1218	697	1901
M1842_4	F1087_4	175	1299	85	236
M1842_4	F1346_4	175	1285	148	446
M1842_4	F1524_4	175	1168	357	966
M1842_4	F2728_4	175	1269	161	435
M1842_4	F738_4	175	1303	725	1979
M1842_4	F993_4	175	1482	466	1250
M1842_4	M1393_4	175	1388	216	560
M1842_4	M1806_4	175	1336	388	1036
M1842_4	M2650_4	175	1133	736	1986
M1842_4	M2745_4	175	1206	288	779
M1842_4	M329_4	175	1220	291	793
M1842_4	M392_4	175	1305	11	31
M2650_4	F1048_4	175	1213	595	1124
M2650_4	F1087_4	175	1290	71	126
M2650_4	F1346_4	175	1278	153	288
M2650_4	F1524_4	175	1154	334	619
M2650_4	F2728_4	175	1286	117	203
M2650_4	F738_4	175	1225	608	1153
M2650_4	F993_4	175	1262	350	670
M2650_4	M1393_4	175	1176	150	276
M2650_4	M1806_4	175	1317	300	573
M2650_4	M1842_4	175	1133	604	1179
M2650_4	M2745_4	175	1127	248	473
M2650_4	M329_4	175	1043	217	417
M2650_4	M392_4	175	1197	4	8
M2745_4	F1048_4	175	1146	1059	1059
M2745_4	F1087_4	175	1324	512	512
M2745_4	F1346_4	175	1340	832	832
M2745_4	F1524_4	175	1199	961	961
M2745_4	F2728_4	175	1336	741	741
M2745_4	F738_4	175	1099	1019	1019
M2745_4	F993_4	175	1340	1072	1072
M2745_4	M1393_4	175	1279	856	856
M2745_4	M1806_4	175	1321	1017	1017
M2745_4	M1842_4	175	1206	1133	1133
M2745_4	M2650_4	175	1127	1059	1059
M2745_4	M329_4	175	1281	994	994
M2745_4	M392_4	175	1241	92	92
M329_4	F1048_4	175	1249	640	2067
M329_4	F1087_4	175	1323	74	239
M329_4	F1346_4	175	1407	177	538
M329_4	F1524_4	175	1362	421	1361
M329_4	F2728_4	175	1242	149	468
M329_4	F738_4	175	1370	741	2345
M329_4	F993_4	175	1376	371	1237
M329_4	M1393_4	175	1209	150	494
M329_4	M1806_4	175	1333	336	1091
M329_4	M1842_4	175	1220	690	2154
M329_4	M2650_4	175	1043	634	2090
M329_4	M2745_4	175	1281	270	864
M329_4	M392_4	175	1213	10	28
M392_4	F1048_4	175	1626	1294	2194
M392_4	F1087_4	175	1199	226	393
M392_4	F1346_4	175	1307	465	789
M392_4	F1524_4	175	1366	817	1432
M392_4	F2728_4	175	1210	391	660
M392_4	F738_4	175	1365	1119	1875
M392_4	F993_4	175	1341	846	1430
M392_4	M1393_4	175	1402	535	915
M392_4	M1806_4	175	1138	659	1082
M392_4	M1842_4	175	1305	1078	1846
M392_4	M2650_4	175	1197	1024	1684
M392_4	M2745_4	175	1241	643	1104
M392_4	M329_4	175	1213	618	1046
F1134_4	F1397_4	176	1228	530	1519
F1134_4	F1548_4	176	1262	887	2509
F1134_4	F1681_4	176	1179	398	1117
F1134_4	F2085_4	176	1325	660	1920
F1134_4	F391_4	176	1279	1182	3342
F1134_4	M1112_4	176	1301	856	2429
F1134_4	M113_4	176	1234	195	557
F1134_4	M1644_4	176	1334	1237	3549
F1134_4	M229_4	176	1246	270	773
F1134_4	M2387_4	176	1222	686	1913
F1134_4	M513_4	176	1252	183	508
F1134_4	M570_4	176	1335	410	1169
F1134_4	M785_4	176	1265	202	571
F1397_4	F1134_4	176	1228	1023	3636
F1397_4	F1548_4	176	1293	527	1855
F1397_4	F1681_4	176	1259	183	704
F1397_4	F2085_4	176	1287	283	1001
F1397_4	F391_4	176	1283	928	3283
F1397_4	M1112_4	176	1052	351	1267
F1397_4	M113_4	176	1260	62	224
F1397_4	M1644_4	176	1296	1057	3940
F1397_4	M229_4	176	1354	111	400
F1397_4	M2387_4	176	1130	338	1190
F1397_4	M513_4	176	1225	43	158
F1397_4	M570_4	176	1261	109	407
F1397_4	M785_4	176	1295	59	220
F1548_4	F1134_4	176	1262	936	936
F1548_4	F1397_4	176	1293	175	175
F1548_4	F1681_4	176	1257	122	122
F1548_4	F2085_4	176	1221	174	174
F1548_4	F391_4	176	1207	792	792
F1548_4	M1112_4	176	1218	275	275
F1548_4	M113_4	176	1283	39	39
F1548_4	M1644_4	176	1237	903	903
F1548_4	M229_4	176	1243	61	61
F1548_4	M2387_4	176	1318	241	241
F1548_4	M513_4	176	1189	30	30
F1548_4	M570_4	176	1298	91	91
F1548_4	M785_4	176	1168	31	31
F1681_4	F1134_4	176	1179	1026	3453
F1681_4	F1397_4	176	1259	303	1035
F1681_4	F1548_4	176	1257	649	2177
F1681_4	F2085_4	176	1270	367	1236
F1681_4	F391_4	176	1341	1064	3720
F1681_4	M1112_4	176	1283	522	1803
F1681_4	M113_4	176	1285	74	254
F1681_4	M1644_4	176	1197	1035	3589
F1681_4	M229_4	176	1216	139	460
F1681_4	M2387_4	176	1332	434	1463
F1681_4	M513_4	176	1402	75	260
F1681_4	M570_4	176	1448	191	623
F1681_4	M785_4	176	1187	70	223
F2085_4	F1134_4	176	1325	1237	1381
F2085_4	F1397_4	176	1287	502	569
F2085_4	F1548_4	176	1221	814	931
F2085_4	F1681_4	176	1270	379	423
F2085_4	F391_4	176	1317	1169	1335
F2085_4	M1112_4	176	1395	829	932
F2085_4	M113_4	176	1273	164	179
F2085_4	M1644_4	176	1293	1199	1345
F2085_4	M229_4	176	1235	251	286
F2085_4	M2387_4	176	1225	634	728
F2085_4	M513_4	176	1341	125	142
F2085_4	M570_4	176	1179	272	318
F2085_4	M785_4	176	1328	154	168
F391_4	F1134_4	176	1279	930	930
F391_4	F1397_4	176	1283	143	143
F391_4	F1548_4	176	1207	316	316
F391_4	F1681_4	176	1341	102	102
F391_4	F2085_4	176	1317	153	153
F391_4	M1112_4	176	1370	271	271
F391_4	M113_4	176	1290	33	33
F391_4	M1644_4	176	1186	828	828
F391_4	M229_4	176	1204	39	39
F391_4	M2387_4	176	1266	222	222
F391_4	M513_4	176	1227	29	29
F391_4	M570_4	176	1244	75	75
F391_4	M785_4	176	1194	35	35
M1112_4	F1134_4	176	1301	1168	1168
M1112_4	F1397_4	176	1052	296	296
M1112_4	F1548_4	176	1218	654	654
M1112_4	F1681_4	176	1283	247	247
M1112_4	F2085_4	176	1395	396	396
M1112_4	F391_4	176	1370	1138	1138
M1112_4	M113_4	176	1226	89	89
M1112_4	M1644_4	176	1312	1127	1127
M1112_4	M229_4	176	1157	131	131
M1112_4	M2387_4	176	1177	420	420
M1112_4	M513_4	176	1186	69	69
M1112_4	M570_4	176	1232	190	190
M1112_4	M785_4	176	1247	105	105
M113_4	F1134_4	176	1234	941	1356
M113_4	F1397_4	176	1260	161	235
M113_4	F1548_4	176	1283	370	535
M113_4	F1681_4	176	1285	126	170
M113_4	F2085_4	176	1273	178	261
M113_4	F391_4	176	1290	856	1244
M113_4	M1112_4	176	1226	310	445
M113_4	M1644_4	176	1296	970	1410
M113_4	M229_4	176	1366	73	104
M113_4	M2387_4	176	1120	217	323
M113_4	M513_4	176	1339	36	51
M113_4	M570_4	176	1205	78	121
M113_4	M785_4	176	1240	40	56
M1644_4	F1134_4	176	1334	1221	1221
M1644_4	F1397_4	176	1296	434	434
M1644_4	F1548_4	176	1237	718	718
M1644_4	F1681_4	176	1197	282	282
M1644_4	F2085_4	176	1293	435	435
M1644_4	F391_4	176	1186	1013	1013
M1644_4	M1112_4	176	1312	660	660
M1644_4	M113_4	176	1296	107	107
M1644_4	M229_4	176	1309	198	198
M1644_4	M2387_4	176	1271	563	563
M1644_4	M513_4	176	1301	109	109
M1644_4	M570_4	176	1432	255	255
M1644_4	M785_4	176	1283	98	98
M229_4	F1134_4	176	1246	1104	3939
M229_4	F1397_4	176	1354	380	1368
M229_4	F1548_4	176	1243	646	2308
M229_4	F1681_4	176	1216	234	887
M229_4	F2085_4	176	1235	385	1356
M229_4	F391_4	176	1204	984	3557
M229_4	M1112_4	176	1157	528	1944
M229_4	M113_4	176	1366	82	285
M229_4	M1644_4	176	1309	1154	4157
M229_4	M2387_4	176	1251	470	1739
M229_4	M513_4	176	1213	76	268
M229_4	M570_4	176	1310	198	699
M229_4	M785_4	176	1273	109	388
M2387_4	F1134_4	176	1222	1166	1166
M2387_4	F1397_4	176	1130	577	577
M2387_4	F1548_4	176	1318	1014	1014
M2387_4	F1681_4	176	1332	528	528
M2387_4	F2085_4	176	1225	696	696
M2387_4	F391_4	176	1266	1191	1191
M2387_4	M1112_4	176	1177	845	845
M2387_4	M113_4	176	1120	224	224
M2387_4	M1644_4	176	1271	1218	1218
M2387_4	M229_4	176	1251	359	359
M2387_4	M513_4	176	1299	223	223
M2387_4	M570_4	176	1242	408	408
M2387_4	M785_4	176	1227	233	233
M513_4	F1134_4	176	1252	1202	2025
M513_4	F1397_4	176	1225	673	1121
M513_4	F1548_4	176	1189	935	1598
M513_4	F1681_4	176	1402	613	1021
M513_4	F2085_4	176	1341	778	1292
M513_4	F391_4	176	1227	1149	1919
M513_4	M1112_4	176	1186	836	1441
M513_4	M113_4	176	1339	239	397
M513_4	M1644_4	176	1301	1245	2093
M513_4	M229_4	176	1213	342	585
M513_4	M2387_4	176	1299	822	1339
M513_4	M570_4	176	1182	398	663
M513_4	M785_4	176	1264	225	384
M570_4	F1134_4	176	1335	1243	1243
M570_4	F1397_4	176	1261	442	442
M570_4	F1548_4	176	1298	811	811
M570_4	F1681_4	176	1448	379	379
M570_4	F2085_4	176	1179	468	468
M570_4	F391_4	176	1244	1087	1087
M570_4	M1112_4	176	1232	623	623
M570_4	M113_4	176	1205	117	117
M570_4	M1644_4	176	1432	1305	1305
M570_4	M229_4	176	1310	210	210
M570_4	M2387_4	176	1242	544	544
M570_4	M513_4	176	1182	119	119
M570_4	M785_4	176	1235	123	123
M785_4	F1134_4	176	1265	1233	4062
M785_4	F1397_4	176	1295	910	2995
M785_4	F1548_4	176	1168	1037	3486
M785_4	F1681_4	176	1187	706	2357
M785_4	F2085_4	176	1328	998	3343
M785_4	F391_4	176	1194	1155	3879
M785_4	M1112_4	176	1247	1039	3479
M785_4	M113_4	176	1240	400	1351
M785_4	M1644_4	176	1283	1262	4171
M785_4	M229_4	176	1273	603	1994
M785_4	M2387_4	176	1227	960	3207
M785_4	M513_4	176	1264	354	1187
M785_4	M570_4	176	1235	677	2207
F1411_4	F1451_4	177	1339	1272	1272
F1411_4	F1963_4	177	1347	1004	1004
F1411_4	F2080_4	177	1263	1031	1031
F1411_4	F2315_4	177	1144	773	773
F1411_4	F2380_4	177	1297	1102	1102
F1411_4	F366_4	177	1415	707	707
F1411_4	M1059_4	177	1402	1308	1308
F1411_4	M1071_4	177	1323	1095	1095
F1411_4	M1154_4	177	1160	515	515
F1411_4	M2149_4	177	1351	495	495
F1411_4	M2206_4	177	1213	937	937
F1411_4	M221_4	177	1249	130	130
F1411_4	M337_4	177	1235	1070	1070
F1451_4	F1411_4	177	1339	663	1146
F1451_4	F1963_4	177	1349	948	1535
F1451_4	F2080_4	177	1284	1004	1694
F1451_4	F2315_4	177	1163	792	1324
F1451_4	F2380_4	177	1183	953	1643
F1451_4	F366_4	177	1537	665	1136
F1451_4	M1059_4	177	1165	1066	1783
F1451_4	M1071_4	177	1234	973	1670
F1451_4	M1154_4	177	1260	493	814
F1451_4	M2149_4	177	1219	424	730
F1451_4	M2206_4	177	1177	855	1407
F1451_4	M221_4	177	1187	105	168
F1451_4	M337_4	177	1357	1162	1950
F1963_4	F1411_4	177	1347	631	631
F1963_4	F1451_4	177	1349	1238	1238
F1963_4	F2080_4	177	1291	1026	1026
F1963_4	F2315_4	177	1236	782	782
F1963_4	F2380_4	177	1191	955	955
F1963_4	F366_4	177	1461	612	612
F1963_4	M1059_4	177	1241	1125	1125
F1963_4	M1071_4	177	1362	1069	1069
F1963_4	M1154_4	177	1167	446	446
F1963_4	M2149_4	177	1247	379	379
F1963_4	M2206_4	177	1216	879	879
F1963_4	M221_4	177	1253	79	79
F1963_4	M337_4	177	1165	977	977
F2080_4	F1411_4	177	1263	266	269
F2080_4	F1451_4	177	1284	993	1004
F2080_4	F1963_4	177	1291	557	567
F2080_4	F2315_4	177	1201	388	397
F2080_4	F2380_4	177	1221	722	729
F2080_4	F366_4	177	1242	227	232
F2080_4	M1059_4	177	1296	1001	1012
F2080_4	M1071_4	177	1297	745	755
F2080_4	M1154_4	177	1326	215	218
F2080_4	M2149_4	177	1032	146	148
F2080_4	M2206_4	177	1340	582	588
F2080_4	M221_4	177	1359	35	35
F2080_4	M337_4	177	1263	811	824
F2315_4	F1411_4	177	1144	170	170
F2315_4	F1451_4	177	1163	783	783
F2315_4	F1963_4	177	1236	371	371
F2315_4	F2080_4	177	1201	527	527
F2315_4	F2380_4	177	1253	555	555
F2315_4	F366_4	177	1305	156	156
F2315_4	M1059_4	177	1190	773	773
F2315_4	M1071_4	177	1407	628	628
F2315_4	M1154_4	177	1258	115	115
F2315_4	M2149_4	177	1325	105	105
F2315_4	M2206_4	177	1236	433	433
F2315_4	M221_4	177	1301	26	26
F2315_4	M337_4	177	1252	631	631
F2380_4	F1411_4	177	1297	298	298
F2380_4	F1451_4	177	1183	965	965
F2380_4	F1963_4	177	1191	551	551
F2380_4	F2080_4	177	1221	731	731
F2380_4	F2315_4	177	1253	495	495
F2380_4	F366_4	177	1282	285	285
F2380_4	M1059_4	177	1205	971	971
F2380_4	M1071_4	177	1353	826	826
F2380_4	M1154_4	177	1378	270	270
F2380_4	M2149_4	177	1219	184	184
F2380_4	M2206_4	177	1257	635	635
F2380_4	M221_4	177	1279	39	39
F2380_4	M337_4	177	1289	879	879
F366_4	F1411_4	177	1415	893	893
F366_4	F1451_4	177	1537	1461	1461
F366_4	F1963_4	177	1461	1172	1172
F366_4	F2080_4	177	1242	1083	1083
F366_4	F2315_4	177	1305	1005	1005
F366_4	F2380_4	177	1282	1147	1147
F366_4	M1059_4	177	1296	1229	1229
F366_4	M1071_4	177	1242	1084	1084
F366_4	M1154_4	177	1228	627	627
F366_4	M2149_4	177	1157	550	550
F366_4	M2206_4	177	1082	920	920
F366_4	M221_4	177	1309	177	177
F366_4	M337_4	177	1151	1050	1050
M1059_4	F1411_4	177	1402	833	1998
M1059_4	F1451_4	177	1165	1095	2583
M1059_4	F1963_4	177	1241	971	2312
M1059_4	F2080_4	177	1296	1096	2606
M1059_4	F2315_4	177	1190	881	2077
M1059_4	F2380_4	177	1205	1072	2546
M1059_4	F366_4	177	1296	683	1646
M1059_4	M1071_4	177	1273	1098	2561
M1059_4	M1154_4	177	1295	618	1432
M1059_4	M2149_4	177	1162	514	1228
M1059_4	M2206_4	177	1259	1009	2404
M1059_4	M221_4	177	1379	161	380
M1059_4	M337_4	177	1163	1058	2483
M1071_4	F1411_4	177	1323	198	397
M1071_4	F1451_4	177	1234	901	1766
M1071_4	F1963_4	177	1362	420	855
M1071_4	F2080_4	177	1297	590	1206
M1071_4	F2315_4	177	1407	383	824
M1071_4	F2380_4	177	1353	674	1352
M1071_4	F366_4	177	1242	166	341
M1071_4	M1059_4	177	1273	911	1836
M1071_4	M1154_4	177	1230	130	279
M1071_4	M2149_4	177	1224	112	221
M1071_4	M2206_4	177	1194	426	869
M1071_4	M221_4	177	1242	24	61
M1071_4	M337_4	177	1175	636	1276
M1154_4	F1411_4	177	1160	75	75
M1154_4	F1451_4	177	1260	602	602
M1154_4	F1963_4	177	1167	191	191
M1154_4	F2080_4	177	1326	280	280
M1154_4	F2315_4	177	1258	140	140
M1154_4	F2380_4	177	1378	365	365
M1154_4	F366_4	177	1228	79	79
M1154_4	M1059_4	177	1295	593	593
M1154_4	M1071_4	177	1230	288	288
M1154_4	M2149_4	177	1234	44	44
M1154_4	M2206_4	177	1129	212	212
M1154_4	M221_4	177	1350	11	11
M1154_4	M337_4	177	1210	353	353
M2149_4	F1411_4	177	1351	402	1046
M2149_4	F1451_4	177	1219	1035	2685
M2149_4	F1963_4	177	1247	641	1637
M2149_4	F2080_4	177	1032	677	1763
M2149_4	F2315_4	177	1325	617	1586
M2149_4	F2380_4	177	1219	838	2222
M2149_4	F366_4	177	1157	301	769
M2149_4	M1059_4	177	1162	969	2520
M2149_4	M1071_4	177	1224	800	2156
M2149_4	M1154_4	177	1234	272	703
M2149_4	M2206_4	177	1217	632	1604
M2149_4	M221_4	177	1277	50	108
M2149_4	M337_4	177	1263	912	2322
M2206_4	F1411_4	177	1213	515	1113
M2206_4	F1451_4	177	1177	1058	2352
M2206_4	F1963_4	177	1216	795	1776
M2206_4	F2080_4	177	1340	1029	2206
M2206_4	F2315_4	177	1236	747	1610
M2206_4	F2380_4	177	1257	960	2093
M2206_4	F366_4	177	1082	423	960
M2206_4	M1059_4	177	1259	1147	2533
M2206_4	M1071_4	177	1194	906	2051
M2206_4	M1154_4	177	1129	368	837
M2206_4	M2149_4	177	1217	346	781
M2206_4	M221_4	177	1276	92	201
M2206_4	M337_4	177	1275	1057	2333
M221_4	F1411_4	177	1249	133	133
M221_4	F1451_4	177	1187	701	701
M221_4	F1963_4	177	1253	294	294
M221_4	F2080_4	177	1359	434	434
M221_4	F2315_4	177	1301	259	259
M221_4	F2380_4	177	1279	485	485
M221_4	F366_4	177	1309	123	123
M221_4	M1059_4	177	1379	815	815
M221_4	M1071_4	177	1242	419	419
M221_4	M1154_4	177	1350	97	97
M221_4	M2149_4	177	1277	86	86
M221_4	M2206_4	177	1276	360	360
M221_4	M337_4	177	1527	633	633
M337_4	F1411_4	177	1235	174	174
M337_4	F1451_4	177	1357	961	961
M337_4	F1963_4	177	1165	374	374
M337_4	F2080_4	177	1263	566	566
M337_4	F2315_4	177	1252	364	364
M337_4	F2380_4	177	1289	621	621
M337_4	F366_4	177	1151	182	182
M337_4	M1059_4	177	1163	819	819
M337_4	M1071_4	177	1175	572	572
M337_4	M1154_4	177	1210	137	137
M337_4	M2149_4	177	1263	113	113
M337_4	M2206_4	177	1275	485	485
M337_4	M221_4	177	1527	25	25
F1277_4	F1457_4	178	1298	1275	2427
F1277_4	F1656_4	178	1194	1047	1903
F1277_4	F19_4	178	1200	1195	2230
F1277_4	F2243_4	178	1245	378	712
F1277_4	F2696_4	178	1278	1206	2254
F1277_4	F566_4	178	1395	1120	2140
F1277_4	F923_4	178	1343	1166	2159
F1277_4	M1167_4	178	1198	966	1828
F1277_4	M1560_4	178	1289	1163	2220
F1277_4	M1597_4	178	1212	1209	2264
F1277_4	M2237_4	178	1206	1088	2116
F1277_4	M2687_4	178	1291	1199	2238
F1277_4	M583_4	178	1127	1023	1939
F1457_4	F1277_4	178	1298	1176	1176
F1457_4	F1656_4	178	1349	1331	1331
F1457_4	F19_4	178	1226	1226	1226
F1457_4	F2243_4	178	1177	879	879
F1457_4	F2696_4	178	1206	1202	1202
F1457_4	F566_4	178	1249	1200	1200
F1457_4	F923_4	178	1336	1297	1297
F1457_4	M1167_4	178	1120	1087	1087
F1457_4	M1560_4	178	1400	1382	1382
F1457_4	M1597_4	178	1182	1182	1182
F1457_4	M2237_4	178	1288	1265	1265
F1457_4	M2687_4	178	1128	1121	1121
F1457_4	M583_4	178	1331	1313	1313
F1656_4	F1277_4	178	1194	519	519
F1656_4	F1457_4	178	1349	1302	1302
F1656_4	F19_4	178	1274	1268	1268
F1656_4	F2243_4	178	1327	214	214
F1656_4	F2696_4	178	1407	1262	1262
F1656_4	F566_4	178	1278	846	846
F1656_4	F923_4	178	1096	844	844
F1656_4	M1167_4	178	1246	875	875
F1656_4	M1560_4	178	1225	1041	1041
F1656_4	M1597_4	178	1258	1243	1243
F1656_4	M2237_4	178	1229	970	970
F1656_4	M2687_4	178	1303	1140	1140
F1656_4	M583_4	178	1310	1075	1075
F19_4	F1277_4	178	1200	523	1789
F19_4	F1457_4	178	1226	1180	3924
F19_4	F1656_4	178	1274	1033	3551
F19_4	F2243_4	178	1349	277	910
F19_4	F2696_4	178	1169	1054	3460
F19_4	F566_4	178	1327	930	3178
F19_4	F923_4	178	1297	991	3317
F19_4	M1167_4	178	1233	883	2995
F19_4	M1560_4	178	1328	1134	3902
F19_4	M1597_4	178	1251	1240	4258
F19_4	M2237_4	178	1338	1082	3684
F19_4	M2687_4	178	1377	1206	4047
F19_4	M583_4	178	1339	1145	3866
F2243_4	F1277_4	178	1245	566	566
F2243_4	F1457_4	178	1177	1143	1143
F2243_4	F1656_4	178	1327	1074	1074
F2243_4	F19_4	178	1349	1344	1344
F2243_4	F2696_4	178	1307	1163	1163
F2243_4	F566_4	178	1057	734	734
F2243_4	F923_4	178	1164	895	895
F2243_4	M1167_4	178	1295	924	924
F2243_4	M1560_4	178	1273	1068	1068
F2243_4	M1597_4	178	1126	1121	1121
F2243_4	M2237_4	178	1335	1052	1052
F2243_4	M2687_4	178	1246	1079	1079
F2243_4	M583_4	178	1285	1090	1090
F2696_4	F1277_4	178	1278	354	354
F2696_4	F1457_4	178	1206	1139	1139
F2696_4	F1656_4	178	1407	917	917
F2696_4	F19_4	178	1169	1160	1160
F2696_4	F2243_4	178	1307	132	132
F2696_4	F566_4	178	1283	626	626
F2696_4	F923_4	178	1365	801	801
F2696_4	M1167_4	178	1280	660	660
F2696_4	M1560_4	178	1223	867	867
F2696_4	M1597_4	178	1162	1139	1139
F2696_4	M2237_4	178	1277	821	821
F2696_4	M2687_4	178	1433	1091	1091
F2696_4	M583_4	178	1318	918	918
F566_4	F1277_4	178	1395	626	1115
F566_4	F1457_4	178	1249	1209	2200
F566_4	F1656_4	178	1278	1013	1867
F566_4	F19_4	178	1327	1314	2414
F566_4	F2243_4	178	1057	208	370
F566_4	F2696_4	178	1283	1152	2055
F566_4	F923_4	178	1430	1092	2005
F566_4	M1167_4	178	1251	858	1530
F566_4	M1560_4	178	1211	993	1828
F566_4	M1597_4	178	1343	1331	2408
F566_4	M2237_4	178	1316	1024	1881
F566_4	M2687_4	178	1142	962	1746
F566_4	M583_4	178	1262	1041	1922
F923_4	F1277_4	178	1343	358	358
F923_4	F1457_4	178	1336	1222	1222
F923_4	F1656_4	178	1096	669	669
F923_4	F19_4	178	1297	1286	1286
F923_4	F2243_4	178	1164	110	110
F923_4	F2696_4	178	1365	1061	1061
F923_4	F566_4	178	1430	683	683
F923_4	M1167_4	178	1264	679	679
F923_4	M1560_4	178	1383	960	960
F923_4	M1597_4	178	1225	1199	1199
F923_4	M2237_4	178	1307	833	833
F923_4	M2687_4	178	1254	943	943
F923_4	M583_4	178	1389	941	941
M1167_4	F1277_4	178	1198	235	235
M1167_4	F1457_4	178	1120	999	999
M1167_4	F1656_4	178	1246	699	699
M1167_4	F19_4	178	1233	1210	1210
M1167_4	F2243_4	178	1295	73	73
M1167_4	F2696_4	178	1280	939	939
M1167_4	F566_4	178	1251	499	499
M1167_4	F923_4	178	1264	630	630
M1167_4	M1560_4	178	1117	696	696
M1167_4	M1597_4	178	1305	1267	1267
M1167_4	M2237_4	178	1160	672	672
M1167_4	M2687_4	178	1296	900	900
M1167_4	M583_4	178	1118	685	685
M1560_4	F1277_4	178	1289	133	133
M1560_4	F1457_4	178	1400	1142	1142
M1560_4	F1656_4	178	1225	475	475
M1560_4	F19_4	178	1328	1282	1282
M1560_4	F2243_4	178	1273	47	47
M1560_4	F2696_4	178	1223	697	697
M1560_4	F566_4	178	1211	314	314
M1560_4	F923_4	178	1383	500	500
M1560_4	M1167_4	178	1117	306	306
M1560_4	M1597_4	178	1262	1200	1200
M1560_4	M2237_4	178	1233	459	459
M1560_4	M2687_4	178	1318	656	656
M1560_4	M583_4	178	1216	552	552
M1597_4	F1277_4	178	1212	420	420
M1597_4	F1457_4	178	1182	1127	1127
M1597_4	F1656_4	178	1258	919	919
M1597_4	F19_4	178	1251	1240	1240
M1597_4	F2243_4	178	1126	159	159
M1597_4	F2696_4	178	1162	1003	1003
M1597_4	F566_4	178	1343	804	804
M1597_4	F923_4	178	1225	885	885
M1597_4	M1167_4	178	1305	823	823
M1597_4	M1560_4	178	1262	1011	1011
M1597_4	M2237_4	178	1280	921	921
M1597_4	M2687_4	178	1307	1078	1078
M1597_4	M583_4	178	1281	994	994
M2237_4	F1277_4	178	1206	90	90
M2237_4	F1457_4	178	1288	916	916
M2237_4	F1656_4	178	1229	312	312
M2237_4	F19_4	178	1338	1283	1283
M2237_4	F2243_4	178	1335	15	15
M2237_4	F2696_4	178	1277	551	551
M2237_4	F566_4	178	1316	199	199
M2237_4	F923_4	178	1307	303	303
M2237_4	M1167_4	178	1160	221	221
M2237_4	M1560_4	178	1233	376	376
M2237_4	M1597_4	178	1280	1173	1173
M2237_4	M2687_4	178	1385	501	501
M2237_4	M583_4	178	1287	390	390
M2687_4	F1277_4	178	1291	119	171
M2687_4	F1457_4	178	1128	855	1278
M2687_4	F1656_4	178	1303	448	670
M2687_4	F19_4	178	1377	1319	1902
M2687_4	F2243_4	178	1246	35	46
M2687_4	F2696_4	178	1433	753	1122
M2687_4	F566_4	178	1142	258	368
M2687_4	F923_4	178	1254	393	592
M2687_4	M1167_4	178	1296	315	455
M2687_4	M1560_4	178	1318	560	833
M2687_4	M1597_4	178	1307	1235	1843
M2687_4	M2237_4	178	1385	454	681
M2687_4	M583_4	178	1332	501	746
M583_4	F1277_4	178	1127	602	602
M583_4	F1457_4	178	1331	1290	1290
M583_4	F1656_4	178	1310	1125	1125
M583_4	F19_4	178	1339	1336	1336
M583_4	F2243_4	178	1285	327	327
M583_4	F2696_4	178	1318	1215	1215
M583_4	F566_4	178	1262	982	982
M583_4	F923_4	178	1389	1157	1157
M583_4	M1167_4	178	1118	861	861
M583_4	M1560_4	178	1216	1082	1082
M583_4	M1597_4	178	1281	1268	1268
M583_4	M2237_4	178	1287	1071	1071
M583_4	M2687_4	178	1332	1222	1222
F1030_4	F1822_4	179	1362	77	129
F1030_4	F2324_4	179	1192	118	203
F1030_4	F367_4	179	1243	33	57
F1030_4	F654_4	179	1209	450	829
F1030_4	M1047_4	179	1173	3	8
F1030_4	M1331_4	179	1232	380	640
F1030_4	M1431_4	179	1305	136	230
F1030_4	M1445_4	179	1359	477	838
F1030_4	M1742_4	179	1214	80	146
F1030_4	M2060_4	179	1241	73	124
F1030_4	M382_4	179	1366	24	40
F1030_4	M588_4	179	1302	418	747
F1030_4	M756_4	179	1238	24	39
F1822_4	F1030_4	179	1362	291	291
F1822_4	F2324_4	179	1307	215	215
F1822_4	F367_4	179	1221	57	57
F1822_4	F654_4	179	1270	671	671
F1822_4	M1047_4	179	1307	6	6
F1822_4	M1331_4	179	1115	498	498
F1822_4	M1431_4	179	1192	235	235
F1822_4	M1445_4	179	1263	627	627
F1822_4	M1742_4	179	1190	116	116
F1822_4	M2060_4	179	1107	111	111
F1822_4	M382_4	179	1145	28	28
F1822_4	M588_4	179	1219	583	583
F1822_4	M756_4	179	1255	40	40
F2324_4	F1030_4	179	1192	708	708
F2324_4	F1822_4	179	1307	508	508
F2324_4	F367_4	179	1237	247	247
F2324_4	F654_4	179	1247	1084	1084
F2324_4	M1047_4	179	1363	65	65
F2324_4	M1331_4	179	1275	1053	1053
F2324_4	M1431_4	179	1193	689	689
F2324_4	M1445_4	179	1176	1009	1009
F2324_4	M1742_4	179	1306	531	531
F2324_4	M2060_4	179	1301	458	458
F2324_4	M382_4	179	1353	201	201
F2324_4	M588_4	179	1323	1131	1131
F2324_4	M756_4	179	1351	228	228
F367_4	F1030_4	179	1243	447	736
F367_4	F1822_4	179	1221	194	346
F367_4	F2324_4	179	1237	344	568
F367_4	F654_4	179	1124	807	1320
F367_4	M1047_4	179	1387	23	39
F367_4	M1331_4	179	1265	766	1289
F367_4	M1431_4	179	1316	406	679
F367_4	M1445_4	179	1224	790	1312
F367_4	M1742_4	179	1378	299	503
F367_4	M2060_4	179	1168	220	384
F367_4	M382_4	179	1229	92	153
F367_4	M588_4	179	1270	840	1393
F367_4	M756_4	179	1301	92	152
F654_4	F1030_4	179	1209	926	2082
F654_4	F1822_4	179	1270	705	1577
F654_4	F2324_4	179	1247	830	1852
F654_4	F367_4	179	1124	345	813
F654_4	M1047_4	179	1371	115	255
F654_4	M1331_4	179	1222	1110	2518
F654_4	M1431_4	179	1232	874	1972
F654_4	M1445_4	179	1239	1110	2448
F654_4	M1742_4	179	1326	786	1777
F654_4	M2060_4	179	1212	629	1388
F654_4	M382_4	179	1429	416	933
F654_4	M588_4	179	1341	1228	2732
F654_4	M756_4	179	1320	351	766
M1047_4	F1030_4	179	1173	33	33
M1047_4	F1822_4	179	1307	15	15
M1047_4	F2324_4	179	1363	21	21
M1047_4	F367_4	179	1387	6	6
M1047_4	F654_4	179	1371	125	125
M1047_4	M1331_4	179	1331	78	78
M1047_4	M1431_4	179	1403	31	31
M1047_4	M1445_4	179	1278	106	106
M1047_4	M1742_4	179	1275	10	10
M1047_4	M2060_4	179	1139	10	10
M1047_4	M382_4	179	1220	5	5
M1047_4	M588_4	179	1357	97	97
M1047_4	M756_4	179	1287	8	8
M1331_4	F1030_4	179	1232	50	174
M1331_4	F1822_4	179	1115	18	68
M1331_4	F2324_4	179	1275	33	92
M1331_4	F367_4	179	1265	8	26
M1331_4	F654_4	179	1222	188	633
M1331_4	M1047_4	179	1331	1	2
M1331_4	M1431_4	179	1210	40	138
M1331_4	M1445_4	179	1190	172	583
M1331_4	M1742_4	179	1240	21	71
M1331_4	M2060_4	179	1236	14	55
M1331_4	M382_4	179	1166	6	20
M1331_4	M588_4	179	1323	170	593
M1331_4	M756_4	179	1300	5	20
M1431_4	F1030_4	179	1305	50	50
M1431_4	F1822_4	179	1192	16	16
M1431_4	F2324_4	179	1193	41	41
M1431_4	F367_4	179	1316	10	10
M1431_4	F654_4	179	1232	173	173
M1431_4	M1047_4	179	1403	2	2
M1431_4	M1331_4	179	1210	127	127
M1431_4	M1445_4	179	1200	160	160
M1431_4	M1742_4	179	1182	19	19
M1431_4	M2060_4	179	1344	14	14
M1431_4	M382_4	179	1100	3	3
M1431_4	M588_4	179	1096	148	148
M1431_4	M756_4	179	1263	12	12
M1445_4	F1030_4	179	1359	131	131
M1445_4	F1822_4	179	1263	54	54
M1445_4	F2324_4	179	1176	77	77
M1445_4	F367_4	179	1224	27	27
M1445_4	F654_4	179	1239	414	414
M1445_4	M1047_4	179	1278	8	8
M1445_4	M1331_4	179	1190	300	300
M1445_4	M1431_4	179	1200	93	93
M1445_4	M1742_4	179	1189	70	70
M1445_4	M2060_4	179	1291	59	59
M1445_4	M382_4	179	1268	23	23
M1445_4	M588_4	179	1352	418	418
M1445_4	M756_4	179	1279	27	27
M1742_4	F1030_4	179	1214	278	278
M1742_4	F1822_4	179	1190	135	135
M1742_4	F2324_4	179	1306	194	194
M1742_4	F367_4	179	1378	61	61
M1742_4	F654_4	179	1326	744	744
M1742_4	M1047_4	179	1275	10	10
M1742_4	M1331_4	179	1240	586	586
M1742_4	M1431_4	179	1182	231	231
M1742_4	M1445_4	179	1189	631	631
M1742_4	M2060_4	179	1148	102	102
M1742_4	M382_4	179	1230	59	59
M1742_4	M588_4	179	1233	605	605
M1742_4	M756_4	179	1429	46	46
M2060_4	F1030_4	179	1241	896	896
M2060_4	F1822_4	179	1107	565	565
M2060_4	F2324_4	179	1301	858	858
M2060_4	F367_4	179	1168	329	329
M2060_4	F654_4	179	1212	1102	1102
M2060_4	M1047_4	179	1139	100	100
M2060_4	M1331_4	179	1236	1096	1096
M2060_4	M1431_4	179	1344	907	907
M2060_4	M1445_4	179	1291	1166	1166
M2060_4	M1742_4	179	1148	652	652
M2060_4	M382_4	179	1217	301	301
M2060_4	M588_4	179	1232	1112	1112
M2060_4	M756_4	179	1354	370	370
M382_4	F1030_4	179	1366	477	477
M382_4	F1822_4	179	1145	198	198
M382_4	F2324_4	179	1353	418	418
M382_4	F367_4	179	1229	107	107
M382_4	F654_4	179	1429	1045	1045
M382_4	M1047_4	179	1220	23	23
M382_4	M1331_4	179	1166	728	728
M382_4	M1431_4	179	1100	357	357
M382_4	M1445_4	179	1268	850	850
M382_4	M1742_4	179	1230	254	254
M382_4	M2060_4	179	1217	219	219
M382_4	M588_4	179	1472	997	997
M382_4	M756_4	179	1302	117	117
M588_4	F1030_4	179	1302	498	498
M588_4	F1822_4	179	1219	223	223
M588_4	F2324_4	179	1323	365	365
M588_4	F367_4	179	1270	118	118
M588_4	F654_4	179	1341	940	940
M588_4	M1047_4	179	1357	23	23
M588_4	M1331_4	179	1323	801	801
M588_4	M1431_4	179	1096	341	341
M588_4	M1445_4	179	1352	918	918
M588_4	M1742_4	179	1233	273	273
M588_4	M2060_4	179	1232	228	228
M588_4	M382_4	179	1472	93	93
M588_4	M756_4	179	1190	90	90
M756_4	F1030_4	179	1238	504	732
M756_4	F1822_4	179	1255	297	444
M756_4	F2324_4	179	1351	460	679
M756_4	F367_4	179	1301	139	202
M756_4	F654_4	179	1320	1009	1481
M756_4	M1047_4	179	1287	34	49
M756_4	M1331_4	179	1300	868	1267
M756_4	M1431_4	179	1263	468	694
M756_4	M1445_4	179	1279	904	1300
M756_4	M1742_4	179	1429	358	513
M756_4	M2060_4	179	1354	267	399
M756_4	M382_4	179	1302	105	157
M756_4	M588_4	179	1190	861	1227
F1912_4	F2519_4	180	1246	90	90
F1912_4	F2658_4	180	1277	54	54
F1912_4	F2770_4	180	1325	38	38
F1912_4	F328_4	180	1223	206	206
F1912_4	F780_4	180	1440	167	167
F1912_4	F9_4	180	1299	198	198
F1912_4	M1537_4	180	1183	42	42
F1912_4	M1822_4	180	1166	14	14
F1912_4	M1843_4	180	1163	65	65
F1912_4	M2706_4	180	1167	159	159
F1912_4	M348_4	180	1196	23	23
F1912_4	M350_4	180	1304	54	54
F1912_4	M725_4	180	1286	780	780
F2519_4	F1912_4	180	1246	223	227
F2519_4	F2658_4	180	1159	117	121
F2519_4	F2770_4	180	1274	111	114
F2519_4	F328_4	180	1319	447	459
F2519_4	F780_4	180	1222	347	365
F2519_4	F9_4	180	1288	394	404
F2519_4	M1537_4	180	1283	107	111
F2519_4	M1822_4	180	1282	32	32
F2519_4	M1843_4	180	1412	185	191
F2519_4	M2706_4	180	1267	374	390
F2519_4	M348_4	180	1176	72	72
F2519_4	M350_4	180	1368	160	167
F2519_4	M725_4	180	1459	1159	1199
F2658_4	F1912_4	180	1277	908	908
F2658_4	F2519_4	180	1159	806	806
F2658_4	F2770_4	180	1394	666	666
F2658_4	F328_4	180	1388	1149	1149
F2658_4	F780_4	180	1271	998	998
F2658_4	F9_4	180	1091	887	887
F2658_4	M1537_4	180	1314	649	649
F2658_4	M1822_4	180	1220	223	223
F2658_4	M1843_4	180	1112	643	643
F2658_4	M2706_4	180	1318	1064	1064
F2658_4	M348_4	180	1354	473	473
F2658_4	M350_4	180	1177	643	643
F2658_4	M725_4	180	1360	1320	1320
F2770_4	F1912_4	180	1325	1252	1252
F2770_4	F2519_4	180	1274	1186	1186
F2770_4	F2658_4	180	1394	1232	1232
F2770_4	F328_4	180	1357	1318	1318
F2770_4	F780_4	180	1277	1232	1232
F2770_4	F9_4	180	1343	1288	1288
F2770_4	M1537_4	180	1216	1046	1046
F2770_4	M1822_4	180	1214	734	734
F2770_4	M1843_4	180	1447	1298	1298
F2770_4	M2706_4	180	1181	1133	1133
F2770_4	M348_4	180	1371	1065	1065
F2770_4	M350_4	180	1296	1143	1143
F2770_4	M725_4	180	1303	1298	1298
F328_4	F1912_4	180	1223	311	403
F328_4	F2519_4	180	1319	308	427
F328_4	F2658_4	180	1388	181	243
F328_4	F2770_4	180	1357	145	202
F328_4	F780_4	180	1484	529	714
F328_4	F9_4	180	1340	524	701
F328_4	M1537_4	180	1214	146	200
F328_4	M1822_4	180	1298	43	54
F328_4	M1843_4	180	1207	192	236
F328_4	M2706_4	180	1337	482	642
F328_4	M348_4	180	1303	91	124
F328_4	M350_4	180	1255	164	230
F328_4	M725_4	180	1085	906	1207
F780_4	F1912_4	180	1440	984	984
F780_4	F2519_4	180	1222	828	828
F780_4	F2658_4	180	1271	660	660
F780_4	F2770_4	180	1277	585	585
F780_4	F328_4	180	1484	1239	1239
F780_4	F9_4	180	1208	973	973
F780_4	M1537_4	180	1318	609	609
F780_4	M1822_4	180	1334	227	227
F780_4	M1843_4	180	1385	767	767
F780_4	M2706_4	180	1301	1029	1029
F780_4	M348_4	180	1165	429	429
F780_4	M350_4	180	1280	704	704
F780_4	M725_4	180	1188	1158	1158
F9_4	F1912_4	180	1299	1130	1130
F9_4	F2519_4	180	1288	1108	1108
F9_4	F2658_4	180	1091	852	852
F9_4	F2770_4	180	1343	978	978
F9_4	F328_4	180	1340	1266	1266
F9_4	F780_4	180	1208	1116	1116
F9_4	M1537_4	180	1217	910	910
F9_4	M1822_4	180	1229	517	517
F9_4	M1843_4	180	1267	1027	1027
F9_4	M2706_4	180	1153	1065	1065
F9_4	M348_4	180	1235	747	747
F9_4	M350_4	180	1282	1014	1014
F9_4	M725_4	180	1193	1181	1181
M1537_4	F1912_4	180	1183	727	727
M1537_4	F2519_4	180	1283	755	755
M1537_4	F2658_4	180	1314	559	559
M1537_4	F2770_4	180	1216	440	440
M1537_4	F328_4	180	1214	936	936
M1537_4	F780_4	180	1318	926	926
M1537_4	F9_4	180	1217	877	877
M1537_4	M1822_4	180	1353	163	163
M1537_4	M1843_4	180	1298	602	602
M1537_4	M2706_4	180	1233	892	892
M1537_4	M348_4	180	1306	300	300
M1537_4	M350_4	180	1285	556	556
M1537_4	M725_4	180	1401	1324	1324
M1822_4	F1912_4	180	1166	689	689
M1822_4	F2519_4	180	1282	746	746
M1822_4	F2658_4	180	1220	493	493
M1822_4	F2770_4	180	1214	412	412
M1822_4	F328_4	180	1298	992	992
M1822_4	F780_4	180	1334	934	934
M1822_4	F9_4	180	1229	910	910
M1822_4	M1537_4	180	1353	507	507
M1822_4	M1843_4	180	1202	541	541
M1822_4	M2706_4	180	1233	890	890
M1822_4	M348_4	180	1279	324	324
M1822_4	M350_4	180	1209	574	574
M1822_4	M725_4	180	1235	1186	1186
M1843_4	F1912_4	180	1163	430	525
M1843_4	F2519_4	180	1412	521	643
M1843_4	F2658_4	180	1112	231	278
M1843_4	F2770_4	180	1447	284	351
M1843_4	F328_4	180	1207	694	838
M1843_4	F780_4	180	1385	703	841
M1843_4	F9_4	180	1267	654	820
M1843_4	M1537_4	180	1298	260	324
M1843_4	M1822_4	180	1202	68	84
M1843_4	M2706_4	180	1295	667	827
M1843_4	M348_4	180	1466	177	212
M1843_4	M350_4	180	1290	318	395
M1843_4	M725_4	180	1303	1192	1468
M2706_4	F1912_4	180	1167	817	817
M2706_4	F2519_4	180	1267	882	882
M2706_4	F2658_4	180	1318	675	675
M2706_4	F2770_4	180	1181	550	550
M2706_4	F328_4	180	1337	1117	1117
M2706_4	F780_4	180	1301	1057	1057
M2706_4	F9_4	180	1153	943	943
M2706_4	M1537_4	180	1233	598	598
M2706_4	M1822_4	180	1233	241	241
M2706_4	M1843_4	180	1295	740	740
M2706_4	M348_4	180	1260	437	437
M2706_4	M350_4	180	1324	734	734
M2706_4	M725_4	180	1213	1188	1188
M348_4	F1912_4	180	1196	632	632
M348_4	F2519_4	180	1176	632	632
M348_4	F2658_4	180	1354	509	509
M348_4	F2770_4	180	1371	423	423
M348_4	F328_4	180	1303	915	915
M348_4	F780_4	180	1165	745	745
M348_4	F9_4	180	1235	837	837
M348_4	M1537_4	180	1306	428	428
M348_4	M1822_4	180	1279	136	136
M348_4	M1843_4	180	1466	567	567
M348_4	M2706_4	180	1260	835	835
M348_4	M350_4	180	1203	451	451
M348_4	M725_4	180	1163	1106	1106
M350_4	F1912_4	180	1304	1149	1149
M350_4	F2519_4	180	1368	1213	1213
M350_4	F2658_4	180	1177	929	929
M350_4	F2770_4	180	1296	964	964
M350_4	F328_4	180	1255	1182	1182
M350_4	F780_4	180	1280	1182	1182
M350_4	F9_4	180	1282	1196	1196
M350_4	M1537_4	180	1285	990	990
M350_4	M1822_4	180	1209	557	557
M350_4	M1843_4	180	1290	1046	1046
M350_4	M2706_4	180	1324	1227	1227
M350_4	M348_4	180	1203	751	751
M350_4	M725_4	180	1339	1325	1325
M725_4	F1912_4	180	1286	568	568
M725_4	F2519_4	180	1459	606	606
M725_4	F2658_4	180	1360	376	376
M725_4	F2770_4	180	1303	298	298
M725_4	F328_4	180	1085	666	666
M725_4	F780_4	180	1188	677	677
M725_4	F9_4	180	1193	697	697
M725_4	M1537_4	180	1401	335	335
M725_4	M1822_4	180	1235	95	95
M725_4	M1843_4	180	1303	394	394
M725_4	M2706_4	180	1213	707	707
M725_4	M348_4	180	1163	156	156
M725_4	M350_4	180	1339	406	406
F1024_4	F1373_4	181	1333	1277	1277
F1024_4	F1439_4	181	1266	1236	1236
F1024_4	F1638_4	181	1226	1208	1208
F1024_4	F1998_4	181	1276	1234	1234
F1024_4	F2177_4	181	1190	555	555
F1024_4	F2592_4	181	1244	1239	1239
F1024_4	F712_4	181	1253	1049	1049
F1024_4	M1292_4	181	1371	1365	1365
F1024_4	M1521_4	181	1299	1256	1256
F1024_4	M1524_4	181	1255	1225	1225
F1024_4	M1673_4	181	1370	1369	1369
F1024_4	M1902_4	181	1311	1156	1156
F1024_4	M937_4	181	1218	1209	1209
F1373_4	F1024_4	181	1333	1114	1114
F1373_4	F1439_4	181	1536	910	910
F1373_4	F1638_4	181	1110	592	592
F1373_4	F1998_4	181	1197	488	488
F1373_4	F2177_4	181	1248	29	29
F1373_4	F2592_4	181	1345	1090	1090
F1373_4	F712_4	181	1306	158	158
F1373_4	M1292_4	181	1242	952	952
F1373_4	M1521_4	181	1211	552	552
F1373_4	M1524_4	181	1263	650	650
F1373_4	M1673_4	181	1374	1188	1188
F1373_4	M1902_4	181	1207	177	177
F1373_4	M937_4	181	1317	937	937
F1439_4	F1024_4	181	1266	425	425
F1439_4	F1373_4	181	1536	124	124
F1439_4	F1638_4	181	1167	137	137
F1439_4	F1998_4	181	1234	84	84
F1439_4	F2177_4	181	1384	3	3
F1439_4	F2592_4	181	1460	489	489
F1439_4	F712_4	181	1376	16	16
F1439_4	M1292_4	181	1354	383	383
F1439_4	M1521_4	181	1233	113	113
F1439_4	M1524_4	181	1314	149	149
F1439_4	M1673_4	181	1208	564	564
F1439_4	M1902_4	181	1245	26	26
F1439_4	M937_4	181	1300	275	275
F1638_4	F1024_4	181	1226	1154	1154
F1638_4	F1373_4	181	1110	805	805
F1638_4	F1439_4	181	1167	969	969
F1638_4	F1998_4	181	1120	785	785
F1638_4	F2177_4	181	1087	71	71
F1638_4	F2592_4	181	1231	1163	1163
F1638_4	F712_4	181	1287	386	386
F1638_4	M1292_4	181	1386	1270	1270
F1638_4	M1521_4	181	1183	870	870
F1638_4	M1524_4	181	1170	913	913
F1638_4	M1673_4	181	1222	1167	1167
F1638_4	M1902_4	181	1237	436	436
F1638_4	M937_4	181	1219	1102	1102
F1998_4	F1024_4	181	1276	1211	1211
F1998_4	F1373_4	181	1197	866	866
F1998_4	F1439_4	181	1234	1013	1013
F1998_4	F1638_4	181	1120	887	887
F1998_4	F2177_4	181	1193	88	88
F1998_4	F2592_4	181	1127	1054	1054
F1998_4	F712_4	181	1313	404	404
F1998_4	M1292_4	181	1241	1145	1145
F1998_4	M1521_4	181	1238	934	934
F1998_4	M1524_4	181	1375	1087	1087
F1998_4	M1673_4	181	1251	1203	1203
F1998_4	M1902_4	181	1285	463	463
F1998_4	M937_4	181	1231	1110	1110
F2177_4	F1024_4	181	1190	517	637
F2177_4	F1373_4	181	1248	124	156
F2177_4	F1439_4	181	1384	216	268
F2177_4	F1638_4	181	1087	152	192
F2177_4	F1998_4	181	1193	81	98
F2177_4	F2592_4	181	1221	472	580
F2177_4	F712_4	181	1401	19	19
F2177_4	M1292_4	181	1149	361	435
F2177_4	M1521_4	181	1229	127	159
F2177_4	M1524_4	181	1179	150	187
F2177_4	M1673_4	181	1078	486	592
F2177_4	M1902_4	181	1111	32	40
F2177_4	M937_4	181	1273	317	376
F2592_4	F1024_4	181	1244	1016	2213
F2592_4	F1373_4	181	1345	530	1176
F2592_4	F1439_4	181	1460	794	1771
F2592_4	F1638_4	181	1231	535	1200
F2592_4	F1998_4	181	1127	416	963
F2592_4	F2177_4	181	1221	26	62
F2592_4	F712_4	181	1230	139	303
F2592_4	M1292_4	181	1286	935	2074
F2592_4	M1521_4	181	1160	482	1078
F2592_4	M1524_4	181	1339	669	1495
F2592_4	M1673_4	181	1395	1192	2647
F2592_4	M1902_4	181	1349	150	320
F2592_4	M937_4	181	1296	871	1910
F712_4	F1024_4	181	1253	974	974
F712_4	F1373_4	181	1306	447	447
F712_4	F1439_4	181	1376	675	675
F712_4	F1638_4	181	1287	542	542
F712_4	F1998_4	181	1313	384	384
F712_4	F2177_4	181	1401	18	18
F712_4	F2592_4	181	1230	923	923
F712_4	M1292_4	181	1282	864	864
F712_4	M1521_4	181	1212	466	466
F712_4	M1524_4	181	1144	477	477
F712_4	M1673_4	181	1247	1029	1029
F712_4	M1902_4	181	1365	136	136
F712_4	M937_4	181	1230	745	745
M1292_4	F1024_4	181	1371	1315	3098
M1292_4	F1373_4	181	1242	965	2322
M1292_4	F1439_4	181	1354	1152	2628
M1292_4	F1638_4	181	1386	1143	2682
M1292_4	F1998_4	181	1241	917	2169
M1292_4	F2177_4	181	1149	92	228
M1292_4	F2592_4	181	1286	1217	2897
M1292_4	F712_4	181	1282	459	1087
M1292_4	M1521_4	181	1273	995	2313
M1292_4	M1524_4	181	1290	1065	2497
M1292_4	M1673_4	181	1336	1282	3027
M1292_4	M1902_4	181	1410	572	1297
M1292_4	M937_4	181	1279	1168	2695
M1521_4	F1024_4	181	1299	730	730
M1521_4	F1373_4	181	1211	182	182
M1521_4	F1439_4	181	1233	332	332
M1521_4	F1638_4	181	1183	227	227
M1521_4	F1998_4	181	1238	175	175
M1521_4	F2177_4	181	1229	6	6
M1521_4	F2592_4	181	1160	599	599
M1521_4	F712_4	181	1212	34	34
M1521_4	M1292_4	181	1273	556	556
M1521_4	M1524_4	181	1168	239	239
M1521_4	M1673_4	181	1301	849	849
M1521_4	M1902_4	181	1198	51	51
M1521_4	M937_4	181	1262	419	419
M1524_4	F1024_4	181	1255	314	885
M1524_4	F1373_4	181	1263	65	200
M1524_4	F1439_4	181	1314	117	376
M1524_4	F1638_4	181	1170	86	243
M1524_4	F1998_4	181	1375	53	145
M1524_4	F2177_4	181	1179	1	2
M1524_4	F2592_4	181	1339	328	975
M1524_4	F712_4	181	1144	8	23
M1524_4	M1292_4	181	1290	239	725
M1524_4	M1521_4	181	1168	64	203
M1524_4	M1673_4	181	1366	460	1330
M1524_4	M1902_4	181	1221	13	40
M1524_4	M937_4	181	1388	207	592
M1673_4	F1024_4	181	1370	1305	1305
M1673_4	F1373_4	181	1374	1008	1008
M1673_4	F1439_4	181	1208	1001	1001
M1673_4	F1638_4	181	1222	937	937
M1673_4	F1998_4	181	1251	861	861
M1673_4	F2177_4	181	1078	82	82
M1673_4	F2592_4	181	1395	1308	1308
M1673_4	F712_4	181	1247	375	375
M1673_4	M1292_4	181	1336	1233	1233
M1673_4	M1521_4	181	1301	953	953
M1673_4	M1524_4	181	1366	1059	1059
M1673_4	M1902_4	181	1219	413	413
M1673_4	M937_4	181	1337	1193	1193
M1902_4	F1024_4	181	1311	993	993
M1902_4	F1373_4	181	1207	364	364
M1902_4	F1439_4	181	1245	584	584
M1902_4	F1638_4	181	1237	459	459
M1902_4	F1998_4	181	1285	364	364
M1902_4	F2177_4	181	1111	10	10
M1902_4	F2592_4	181	1349	961	961
M1902_4	F712_4	181	1365	97	97
M1902_4	M1292_4	181	1410	922	922
M1902_4	M1521_4	181	1198	402	402
M1902_4	M1524_4	181	1221	501	501
M1902_4	M1673_4	181	1219	998	998
M1902_4	M937_4	181	1302	764	764
M937_4	F1024_4	181	1218	910	910
M937_4	F1373_4	181	1317	380	380
M937_4	F1439_4	181	1300	516	516
M937_4	F1638_4	181	1219	414	414
M937_4	F1998_4	181	1231	332	332
M937_4	F2177_4	181	1273	14	14
M937_4	F2592_4	181	1296	916	916
M937_4	F712_4	181	1230	94	94
M937_4	M1292_4	181	1279	775	775
M937_4	M1521_4	181	1262	397	397
M937_4	M1524_4	181	1388	518	518
M937_4	M1673_4	181	1337	1025	1025
M937_4	M1902_4	181	1302	94	94
F1218_4	F1643_4	182	1291	1079	2094
F1218_4	F1679_4	182	1155	382	743
F1218_4	F1829_4	182	1201	815	1617
F1218_4	F2174_4	182	1161	372	707
F1218_4	F2388_4	182	1204	849	1689
F1218_4	F2480_4	182	1169	627	1240
F1218_4	F2668_4	182	1298	780	1532
F1218_4	F546_4	182	1092	456	873
F1218_4	F991_4	182	1296	37	55
F1218_4	M1041_4	182	1360	1141	2203
F1218_4	M1881_4	182	1183	943	1791
F1218_4	M1899_4	182	1394	1019	1947
F1218_4	M422_4	182	1132	1081	2098
F1643_4	F1218_4	182	1291	438	438
F1643_4	F1679_4	182	1355	231	231
F1643_4	F1829_4	182	1248	603	603
F1643_4	F2174_4	182	1179	204	204
F1643_4	F2388_4	182	1288	702	702
F1643_4	F2480_4	182	1235	397	397
F1643_4	F2668_4	182	1281	507	507
F1643_4	F546_4	182	1205	296	296
F1643_4	F991_4	182	1264	14	14
F1643_4	M1041_4	182	1260	847	847
F1643_4	M1881_4	182	1168	764	764
F1643_4	M1899_4	182	1234	705	705
F1643_4	M422_4	182	1308	1210	1210
F1679_4	F1218_4	182	1155	276	504
F1679_4	F1643_4	182	1355	790	1478
F1679_4	F1829_4	182	1501	554	1034
F1679_4	F2174_4	182	1427	157	301
F1679_4	F2388_4	182	1285	552	1039
F1679_4	F2480_4	182	1385	328	635
F1679_4	F2668_4	182	1186	352	666
F1679_4	F546_4	182	1205	186	350
F1679_4	F991_4	182	1263	13	22
F1679_4	M1041_4	182	1257	740	1424
F1679_4	M1881_4	182	1275	726	1300
F1679_4	M1899_4	182	1125	516	1006
F1679_4	M422_4	182	1224	1075	2010
F1829_4	F1218_4	182	1201	371	1143
F1829_4	F1643_4	182	1248	794	2452
F1829_4	F1679_4	182	1501	217	660
F1829_4	F2174_4	182	1322	188	582
F1829_4	F2388_4	182	1163	602	1907
F1829_4	F2480_4	182	1201	358	1084
F1829_4	F2668_4	182	1210	388	1225
F1829_4	F546_4	182	1418	304	951
F1829_4	F991_4	182	1233	15	51
F1829_4	M1041_4	182	1204	755	2405
F1829_4	M1881_4	182	1322	820	2585
F1829_4	M1899_4	182	1307	746	2274
F1829_4	M422_4	182	1280	1160	3632
F2174_4	F1218_4	182	1161	855	855
F2174_4	F1643_4	182	1179	1089	1089
F2174_4	F1679_4	182	1427	710	710
F2174_4	F1829_4	182	1322	1095	1095
F2174_4	F2388_4	182	1239	1053	1053
F2174_4	F2480_4	182	1342	957	957
F2174_4	F2668_4	182	1303	999	999
F2174_4	F546_4	182	1241	753	753
F2174_4	F991_4	182	1215	98	98
F2174_4	M1041_4	182	1274	1161	1161
F2174_4	M1881_4	182	1213	1095	1095
F2174_4	M1899_4	182	1265	1091	1091
F2174_4	M422_4	182	1437	1408	1408
F2388_4	F1218_4	182	1204	319	703
F2388_4	F1643_4	182	1288	772	1669
F2388_4	F1679_4	182	1285	159	324
F2388_4	F1829_4	182	1163	443	956
F2388_4	F2174_4	182	1239	142	303
F2388_4	F2480_4	182	1287	280	589
F2388_4	F2668_4	182	1270	356	766
F2388_4	F546_4	182	1191	210	460
F2388_4	F991_4	182	1323	9	20
F2388_4	M1041_4	182	1225	726	1630
F2388_4	M1881_4	182	1200	665	1438
F2388_4	M1899_4	182	1207	575	1296
F2388_4	M422_4	182	1199	1048	2219
F2480_4	F1218_4	182	1169	815	2944
F2480_4	F1643_4	182	1235	1110	4025
F2480_4	F1679_4	182	1385	650	2360
F2480_4	F1829_4	182	1201	934	3349
F2480_4	F2174_4	182	1342	614	2352
F2480_4	F2388_4	182	1287	1039	3747
F2480_4	F2668_4	182	1266	920	3251
F2480_4	F546_4	182	1372	742	2642
F2480_4	F991_4	182	1268	84	279
F2480_4	M1041_4	182	1364	1225	4466
F2480_4	M1881_4	182	1280	1127	4169
F2480_4	M1899_4	182	1104	927	3354
F2480_4	M422_4	182	1195	1166	4219
F2668_4	F1218_4	182	1298	30	30
F2668_4	F1643_4	182	1281	125	125
F2668_4	F1679_4	182	1186	15	15
F2668_4	F1829_4	182	1210	51	51
F2668_4	F2174_4	182	1303	11	11
F2668_4	F2388_4	182	1270	71	71
F2668_4	F2480_4	182	1266	26	26
F2668_4	F546_4	182	1271	16	16
F2668_4	F991_4	182	1396	1	1
F2668_4	M1041_4	182	1180	111	111
F2668_4	M1881_4	182	1407	112	112
F2668_4	M1899_4	182	1311	98	98
F2668_4	M422_4	182	1183	441	441
F546_4	F1218_4	182	1092	135	169
F546_4	F1643_4	182	1205	467	593
F546_4	F1679_4	182	1205	71	92
F546_4	F1829_4	182	1418	257	326
F546_4	F2174_4	182	1241	60	75
F546_4	F2388_4	182	1191	280	347
F546_4	F2480_4	182	1372	170	204
F546_4	F2668_4	182	1271	214	251
F546_4	F991_4	182	1376	3	3
F546_4	M1041_4	182	1227	468	582
F546_4	M1881_4	182	1305	437	540
F546_4	M1899_4	182	1307	359	445
F546_4	M422_4	182	1197	936	1152
F991_4	F1218_4	182	1296	626	2326
F991_4	F1643_4	182	1264	1013	3705
F991_4	F1679_4	182	1263	316	1112
F991_4	F1829_4	182	1233	730	2704
F991_4	F2174_4	182	1215	311	1150
F991_4	F2388_4	182	1323	863	3197
F991_4	F2480_4	182	1268	586	2152
F991_4	F2668_4	182	1396	718	2645
F991_4	F546_4	182	1376	486	1781
F991_4	M1041_4	182	1246	981	3550
F991_4	M1881_4	182	1203	909	3316
F991_4	M1899_4	182	1189	836	3069
F991_4	M422_4	182	1182	1126	4135
M1041_4	F1218_4	182	1360	53	136
M1041_4	F1643_4	182	1260	141	318
M1041_4	F1679_4	182	1257	20	49
M1041_4	F1829_4	182	1204	77	180
M1041_4	F2174_4	182	1274	16	41
M1041_4	F2388_4	182	1225	87	211
M1041_4	F2480_4	182	1364	49	115
M1041_4	F2668_4	182	1180	42	106
M1041_4	F546_4	182	1227	25	55
M1041_4	F991_4	182	1246	2	10
M1041_4	M1881_4	182	1284	158	363
M1041_4	M1899_4	182	1256	107	269
M1041_4	M422_4	182	1320	573	1410
M1881_4	F1218_4	182	1183	490	1087
M1881_4	F1643_4	182	1168	868	1857
M1881_4	F1679_4	182	1275	286	601
M1881_4	F1829_4	182	1322	792	1675
M1881_4	F2174_4	182	1213	267	556
M1881_4	F2388_4	182	1200	739	1570
M1881_4	F2480_4	182	1280	501	1067
M1881_4	F2668_4	182	1407	685	1438
M1881_4	F546_4	182	1305	397	852
M1881_4	F991_4	182	1203	26	47
M1881_4	M1041_4	182	1284	961	2034
M1881_4	M1899_4	182	1231	784	1630
M1881_4	M422_4	182	1175	1099	2335
M1899_4	F1218_4	182	1394	307	616
M1899_4	F1643_4	182	1234	676	1360
M1899_4	F1679_4	182	1125	132	267
M1899_4	F1829_4	182	1307	445	909
M1899_4	F2174_4	182	1265	134	271
M1899_4	F2388_4	182	1207	505	991
M1899_4	F2480_4	182	1104	229	477
M1899_4	F2668_4	182	1311	341	715
M1899_4	F546_4	182	1307	215	408
M1899_4	F991_4	182	1189	15	33
M1899_4	M1041_4	182	1256	692	1396
M1899_4	M1881_4	182	1231	684	1369
M1899_4	M422_4	182	1139	975	1921
M422_4	F1218_4	182	1132	124	124
M422_4	F1643_4	182	1308	430	430
M422_4	F1679_4	182	1224	60	60
M422_4	F1829_4	182	1280	213	213
M422_4	F2174_4	182	1437	66	66
M422_4	F2388_4	182	1199	259	259
M422_4	F2480_4	182	1195	125	125
M422_4	F2668_4	182	1183	172	172
M422_4	F546_4	182	1197	78	78
M422_4	F991_4	182	1182	2	2
M422_4	M1041_4	182	1320	458	458
M422_4	M1881_4	182	1175	361	361
M422_4	M1899_4	182	1139	281	281
F1423_4	F1432_4	183	1347	1166	1166
F1423_4	F1817_4	183	1115	59	59
F1423_4	F2013_4	183	1245	962	962
F1423_4	F2114_4	183	1106	1037	1037
F1423_4	F2800_4	183	1185	944	944
F1423_4	F853_4	183	1177	1092	1092
F1423_4	M1316_4	183	1267	230	230
F1423_4	M1525_4	183	1412	1034	1034
F1423_4	M168_4	183	1350	948	948
F1423_4	M323_4	183	1168	927	927
F1423_4	M459_4	183	1288	854	854
F1423_4	M825_4	183	1311	1175	1175
F1423_4	M897_4	183	1128	775	775
F1432_4	F1423_4	183	1347	96	96
F1432_4	F1817_4	183	1186	5	5
F1432_4	F2013_4	183	1337	389	389
F1432_4	F2114_4	183	1265	914	914
F1432_4	F2800_4	183	1210	334	334
F1432_4	F853_4	183	1308	738	738
F1432_4	M1316_4	183	1319	37	37
F1432_4	M1525_4	183	1276	312	312
F1432_4	M168_4	183	1250	272	272
F1432_4	M323_4	183	1387	427	427
F1432_4	M459_4	183	1206	228	228
F1432_4	M825_4	183	1281	657	657
F1432_4	M897_4	183	1170	238	238
F1817_4	F1423_4	183	1115	300	300
F1817_4	F1432_4	183	1186	890	890
F1817_4	F2013_4	183	1221	806	806
F1817_4	F2114_4	183	1245	1130	1130
F1817_4	F2800_4	183	1285	866	866
F1817_4	F853_4	183	1278	1120	1120
F1817_4	M1316_4	183	1347	148	148
F1817_4	M1525_4	183	1058	622	622
F1817_4	M168_4	183	1279	752	752
F1817_4	M323_4	183	1279	833	833
F1817_4	M459_4	183	1150	646	646
F1817_4	M825_4	183	1349	1120	1120
F1817_4	M897_4	183	1358	791	791
F2013_4	F1423_4	183	1245	408	556
F2013_4	F1432_4	183	1337	1111	1485
F2013_4	F1817_4	183	1221	60	81
F2013_4	F2114_4	183	1187	1132	1514
F2013_4	F2800_4	183	1147	821	1083
F2013_4	F853_4	183	1232	1108	1461
F2013_4	M1316_4	183	1378	191	253
F2013_4	M1525_4	183	1332	875	1191
F2013_4	M168_4	183	1247	809	1083
F2013_4	M323_4	183	1224	900	1162
F2013_4	M459_4	183	1308	818	1110
F2013_4	M825_4	183	1376	1210	1626
F2013_4	M897_4	183	1327	805	1087
F2114_4	F1423_4	183	1106	477	1022
F2114_4	F1432_4	183	1265	1135	2302
F2114_4	F1817_4	183	1245	92	179
F2114_4	F2013_4	183	1187	965	1929
F2114_4	F2800_4	183	1228	1013	2086
F2114_4	F853_4	183	1223	1138	2300
F2114_4	M1316_4	183	1201	307	611
F2114_4	M1525_4	183	1322	1034	2097
F2114_4	M168_4	183	1225	932	1863
F2114_4	M323_4	183	1249	1041	2128
F2114_4	M459_4	183	1219	889	1796
F2114_4	M825_4	183	1315	1218	2468
F2114_4	M897_4	183	1239	923	1895
F2800_4	F1423_4	183	1185	137	275
F2800_4	F1432_4	183	1210	701	1388
F2800_4	F1817_4	183	1285	19	41
F2800_4	F2013_4	183	1147	540	1111
F2800_4	F2114_4	183	1228	1022	1971
F2800_4	F853_4	183	1288	929	1814
F2800_4	M1316_4	183	1336	78	150
F2800_4	M1525_4	183	1254	502	950
F2800_4	M168_4	183	1182	425	819
F2800_4	M323_4	183	1178	550	1059
F2800_4	M459_4	183	1296	410	742
F2800_4	M825_4	183	1266	848	1642
F2800_4	M897_4	183	1230	407	795
F853_4	F1423_4	183	1177	158	416
F853_4	F1432_4	183	1308	823	2272
F853_4	F1817_4	183	1278	17	55
F853_4	F2013_4	183	1232	574	1587
F853_4	F2114_4	183	1223	1050	2853
F853_4	F2800_4	183	1288	638	1786
F853_4	M1316_4	183	1176	76	199
F853_4	M1525_4	183	1323	602	1604
F853_4	M168_4	183	1223	517	1440
F853_4	M323_4	183	1320	667	1860
F853_4	M459_4	183	1241	444	1265
F853_4	M825_4	183	1315	959	2665
F853_4	M897_4	183	1305	485	1341
M1316_4	F1423_4	183	1267	1101	1101
M1316_4	F1432_4	183	1319	1303	1303
M1316_4	F1817_4	183	1347	518	518
M1316_4	F2013_4	183	1378	1341	1341
M1316_4	F2114_4	183	1201	1197	1197
M1316_4	F2800_4	183	1336	1300	1300
M1316_4	F853_4	183	1176	1166	1166
M1316_4	M1525_4	183	1395	1360	1360
M1316_4	M168_4	183	1270	1223	1223
M1316_4	M323_4	183	1366	1331	1331
M1316_4	M459_4	183	1298	1254	1254
M1316_4	M825_4	183	1200	1189	1189
M1316_4	M897_4	183	1265	1219	1219
M1525_4	F1423_4	183	1412	1153	1153
M1525_4	F1432_4	183	1276	1241	1241
M1525_4	F1817_4	183	1058	308	308
M1525_4	F2013_4	183	1332	1280	1280
M1525_4	F2114_4	183	1322	1312	1312
M1525_4	F2800_4	183	1254	1200	1200
M1525_4	F853_4	183	1323	1304	1304
M1525_4	M1316_4	183	1395	873	873
M1525_4	M168_4	183	1276	1197	1197
M1525_4	M323_4	183	1365	1320	1320
M1525_4	M459_4	183	1310	1234	1234
M1525_4	M825_4	183	1148	1125	1125
M1525_4	M897_4	183	1127	1053	1053
M168_4	F1423_4	183	1350	447	447
M168_4	F1432_4	183	1250	1077	1077
M168_4	F1817_4	183	1279	70	70
M168_4	F2013_4	183	1247	954	954
M168_4	F2114_4	183	1225	1169	1169
M168_4	F2800_4	183	1182	892	892
M168_4	F853_4	183	1223	1121	1121
M168_4	M1316_4	183	1270	234	234
M168_4	M1525_4	183	1276	919	919
M168_4	M323_4	183	1202	954	954
M168_4	M459_4	183	1250	831	831
M168_4	M825_4	183	1191	1070	1070
M168_4	M897_4	183	1308	868	868
M323_4	F1423_4	183	1168	27	27
M323_4	F1432_4	183	1387	282	282
M323_4	F1817_4	183	1279	3	3
M323_4	F2013_4	183	1224	152	152
M323_4	F2114_4	183	1249	560	560
M323_4	F2800_4	183	1178	128	128
M323_4	F853_4	183	1320	436	436
M323_4	M1316_4	183	1366	14	14
M323_4	M1525_4	183	1365	122	122
M323_4	M168_4	183	1202	102	102
M323_4	M459_4	183	1236	102	102
M323_4	M825_4	183	1303	348	348
M323_4	M897_4	183	1203	99	99
M459_4	F1423_4	183	1288	1216	1216
M459_4	F1432_4	183	1206	1201	1201
M459_4	F1817_4	183	1150	778	778
M459_4	F2013_4	183	1308	1300	1300
M459_4	F2114_4	183	1219	1219	1219
M459_4	F2800_4	183	1296	1284	1284
M459_4	F853_4	183	1241	1238	1238
M459_4	M1316_4	183	1298	1125	1125
M459_4	M1525_4	183	1310	1300	1300
M459_4	M168_4	183	1250	1235	1235
M459_4	M323_4	183	1236	1220	1220
M459_4	M825_4	183	1197	1196	1196
M459_4	M897_4	183	1421	1394	1394
M825_4	F1423_4	183	1311	1134	1134
M825_4	F1432_4	183	1281	1259	1259
M825_4	F1817_4	183	1349	552	552
M825_4	F2013_4	183	1376	1339	1339
M825_4	F2114_4	183	1315	1308	1308
M825_4	F2800_4	183	1266	1238	1238
M825_4	F853_4	183	1315	1305	1305
M825_4	M1316_4	183	1200	858	858
M825_4	M1525_4	183	1148	1109	1109
M825_4	M168_4	183	1191	1141	1141
M825_4	M323_4	183	1303	1270	1270
M825_4	M459_4	183	1197	1144	1144
M825_4	M897_4	183	1153	1110	1110
M897_4	F1423_4	183	1128	923	923
M897_4	F1432_4	183	1170	1138	1138
M897_4	F1817_4	183	1358	382	382
M897_4	F2013_4	183	1327	1275	1275
M897_4	F2114_4	183	1239	1229	1229
M897_4	F2800_4	183	1230	1183	1183
M897_4	F853_4	183	1305	1289	1289
M897_4	M1316_4	183	1265	784	784
M897_4	M1525_4	183	1127	1054	1054
M897_4	M168_4	183	1308	1242	1242
M897_4	M323_4	183	1203	1151	1151
M897_4	M459_4	183	1421	1322	1322
M897_4	M825_4	183	1153	1127	1127
F1238_4	F1430_4	184	1301	965	2012
F1238_4	F1898_4	184	1307	116	248
F1238_4	F2074_4	184	1105	121	245
F1238_4	F450_4	184	1272	901	1922
F1238_4	M2028_4	184	1364	12	33
F1238_4	M2191_4	184	1262	45	101
F1238_4	M2282_4	184	1105	64	131
F1238_4	M2790_4	184	1390	582	1238
F1238_4	M328_4	184	1217	74	153
F1238_4	M336_4	184	1292	158	348
F1238_4	M775_4	184	1134	45	106
F1238_4	M844_4	184	1192	44	103
F1238_4	M986_4	184	1378	142	295
F1430_4	F1238_4	184	1301	616	616
F1430_4	F1898_4	184	1227	528	528
F1430_4	F2074_4	184	1347	668	668
F1430_4	F450_4	184	1330	1272	1272
F1430_4	M2028_4	184	1296	121	121
F1430_4	M2191_4	184	1178	275	275
F1430_4	M2282_4	184	1246	456	456
F1430_4	M2790_4	184	1268	1091	1091
F1430_4	M328_4	184	1371	550	550
F1430_4	M336_4	184	1241	673	673
F1430_4	M775_4	184	1206	278	278
F1430_4	M844_4	184	1329	314	314
F1430_4	M986_4	184	1408	708	708
F1898_4	F1238_4	184	1307	343	501
F1898_4	F1430_4	184	1227	1075	1575
F1898_4	F2074_4	184	1439	371	561
F1898_4	F450_4	184	1143	1010	1493
F1898_4	M2028_4	184	1215	42	61
F1898_4	M2191_4	184	1281	114	160
F1898_4	M2282_4	184	1210	210	315
F1898_4	M2790_4	184	1230	860	1240
F1898_4	M328_4	184	1325	266	385
F1898_4	M336_4	184	1265	366	537
F1898_4	M775_4	184	1353	142	220
F1898_4	M844_4	184	1210	118	172
F1898_4	M986_4	184	1229	311	482
F2074_4	F1238_4	184	1105	915	1856
F2074_4	F1430_4	184	1347	1335	2714
F2074_4	F1898_4	184	1439	1114	2292
F2074_4	F450_4	184	1340	1325	2719
F2074_4	M2028_4	184	1338	377	771
F2074_4	M2191_4	184	1263	696	1406
F2074_4	M2282_4	184	1207	843	1714
F2074_4	M2790_4	184	1241	1195	2401
F2074_4	M328_4	184	1366	975	1985
F2074_4	M336_4	184	1389	1146	2344
F2074_4	M775_4	184	1387	815	1660
F2074_4	M844_4	184	1261	737	1482
F2074_4	M986_4	184	1189	963	1976
F450_4	F1238_4	184	1272	999	3263
F450_4	F1430_4	184	1330	1316	4293
F450_4	F1898_4	184	1143	800	2644
F450_4	F2074_4	184	1340	1005	3249
F450_4	M2028_4	184	1261	294	939
F450_4	M2191_4	184	1243	615	1944
F450_4	M2282_4	184	1204	760	2432
F450_4	M2790_4	184	1213	1164	3723
F450_4	M328_4	184	1248	825	2652
F450_4	M336_4	184	1283	1023	3373
F450_4	M775_4	184	1513	736	2402
F450_4	M844_4	184	1316	667	2095
F450_4	M986_4	184	1340	1036	3411
M2028_4	F1238_4	184	1364	459	753
M2028_4	F1430_4	184	1296	1202	2035
M2028_4	F1898_4	184	1215	360	585
M2028_4	F2074_4	184	1338	437	718
M2028_4	F450_4	184	1261	1149	1909
M2028_4	M2191_4	184	1222	149	245
M2028_4	M2282_4	184	1152	249	436
M2028_4	M2790_4	184	1262	986	1648
M2028_4	M328_4	184	1346	329	557
M2028_4	M336_4	184	1239	477	781
M2028_4	M775_4	184	1317	177	298
M2028_4	M844_4	184	1333	167	276
M2028_4	M986_4	184	1182	404	667
M2191_4	F1238_4	184	1262	994	994
M2191_4	F1430_4	184	1178	1159	1159
M2191_4	F1898_4	184	1281	951	951
M2191_4	F2074_4	184	1263	980	980
M2191_4	F450_4	184	1243	1227	1227
M2191_4	M2028_4	184	1222	323	323
M2191_4	M2282_4	184	1290	870	870
M2191_4	M2790_4	184	1343	1298	1298
M2191_4	M328_4	184	1395	973	973
M2191_4	M336_4	184	1274	1049	1049
M2191_4	M775_4	184	1201	647	647
M2191_4	M844_4	184	1237	656	656
M2191_4	M986_4	184	1219	957	957
M2282_4	F1238_4	184	1105	775	1153
M2282_4	F1430_4	184	1246	1222	1885
M2282_4	F1898_4	184	1210	781	1195
M2282_4	F2074_4	184	1207	842	1285
M2282_4	F450_4	184	1204	1181	1793
M2282_4	M2028_4	184	1152	199	307
M2282_4	M2191_4	184	1290	521	793
M2282_4	M2790_4	184	1391	1293	2009
M2282_4	M328_4	184	1186	684	1047
M2282_4	M336_4	184	1316	960	1486
M2282_4	M775_4	184	1269	531	849
M2282_4	M844_4	184	1343	531	815
M2282_4	M986_4	184	1274	863	1320
M2790_4	F1238_4	184	1390	1208	1208
M2790_4	F1430_4	184	1268	1258	1258
M2790_4	F1898_4	184	1230	1032	1032
M2790_4	F2074_4	184	1241	1072	1072
M2790_4	F450_4	184	1213	1204	1204
M2790_4	M2028_4	184	1262	493	493
M2790_4	M2191_4	184	1343	853	853
M2790_4	M2282_4	184	1391	1120	1120
M2790_4	M328_4	184	1131	903	903
M2790_4	M336_4	184	1254	1121	1121
M2790_4	M775_4	184	1349	899	899
M2790_4	M844_4	184	1318	870	870
M2790_4	M986_4	184	1274	1106	1106
M328_4	F1238_4	184	1217	1105	1105
M328_4	F1430_4	184	1371	1368	1368
M328_4	F1898_4	184	1325	1160	1160
M328_4	F2074_4	184	1366	1230	1230
M328_4	F450_4	184	1248	1245	1245
M328_4	M2028_4	184	1346	605	605
M328_4	M2191_4	184	1395	1035	1035
M328_4	M2282_4	184	1186	1007	1007
M328_4	M2790_4	184	1131	1105	1105
M328_4	M336_4	184	1175	1089	1089
M328_4	M775_4	184	1288	949	949
M328_4	M844_4	184	1247	934	934
M328_4	M986_4	184	1178	1064	1064
M336_4	F1238_4	184	1292	1147	1843
M336_4	F1430_4	184	1241	1236	2038
M336_4	F1898_4	184	1265	1129	1836
M336_4	F2074_4	184	1389	1246	2066
M336_4	F450_4	184	1283	1278	2113
M336_4	M2028_4	184	1239	605	997
M336_4	M2191_4	184	1274	937	1550
M336_4	M2282_4	184	1316	1117	1872
M336_4	M2790_4	184	1254	1239	2046
M336_4	M328_4	184	1175	1017	1703
M336_4	M775_4	184	1095	827	1324
M336_4	M844_4	184	1329	946	1546
M336_4	M986_4	184	1504	1369	2219
M775_4	F1238_4	184	1134	1118	3006
M775_4	F1430_4	184	1206	1205	3169
M775_4	F1898_4	184	1353	1344	3600
M775_4	F2074_4	184	1387	1375	3719
M775_4	F450_4	184	1513	1511	4032
M775_4	M2028_4	184	1317	1251	3391
M775_4	M2191_4	184	1201	1173	3207
M775_4	M2282_4	184	1269	1262	3433
M775_4	M2790_4	184	1349	1349	3651
M775_4	M328_4	184	1288	1272	3408
M775_4	M336_4	184	1095	1090	2853
M775_4	M844_4	184	1329	1307	3541
M775_4	M986_4	184	1118	1108	3072
M844_4	F1238_4	184	1192	220	220
M844_4	F1430_4	184	1329	1112	1112
M844_4	F1898_4	184	1210	189	189
M844_4	F2074_4	184	1261	234	234
M844_4	F450_4	184	1316	1109	1109
M844_4	M2028_4	184	1333	27	27
M844_4	M2191_4	184	1237	70	70
M844_4	M2282_4	184	1343	160	160
M844_4	M2790_4	184	1318	808	808
M844_4	M328_4	184	1247	183	183
M844_4	M336_4	184	1329	300	300
M844_4	M775_4	184	1329	101	101
M844_4	M986_4	184	1172	220	220
M986_4	F1238_4	184	1378	934	934
M986_4	F1430_4	184	1408	1382	1382
M986_4	F1898_4	184	1229	789	789
M986_4	F2074_4	184	1189	805	805
M986_4	F450_4	184	1340	1312	1312
M986_4	M2028_4	184	1182	200	200
M986_4	M2191_4	184	1219	455	455
M986_4	M2282_4	184	1274	726	726
M986_4	M2790_4	184	1274	1198	1198
M986_4	M328_4	184	1178	725	725
M986_4	M336_4	184	1504	1071	1071
M986_4	M775_4	184	1118	445	445
M986_4	M844_4	184	1172	476	476
F1626_4	F1999_4	185	1164	889	889
F1626_4	F2065_4	185	1249	1087	1087
F1626_4	F2189_4	185	1273	105	105
F1626_4	F322_4	185	1278	688	688
F1626_4	F51_4	185	1295	1128	1128
F1626_4	F795_4	185	1169	215	215
F1626_4	M2049_4	185	1233	953	953
F1626_4	M2144_4	185	1172	1038	1038
F1626_4	M2583_4	185	1286	763	763
F1626_4	M2640_4	185	1109	991	991
F1626_4	M2714_4	185	1306	211	211
F1626_4	M478_4	185	1229	447	447
F1626_4	M707_4	185	1384	899	899
F1999_4	F1626_4	185	1164	731	731
F1999_4	F2065_4	185	1362	1139	1139
F1999_4	F2189_4	185	1246	105	105
F1999_4	F322_4	185	1170	646	646
F1999_4	F51_4	185	1284	1100	1100
F1999_4	F795_4	185	1275	223	223
F1999_4	M2049_4	185	1239	941	941
F1999_4	M2144_4	185	1204	1073	1073
F1999_4	M2583_4	185	1269	755	755
F1999_4	M2640_4	185	1270	1148	1148
F1999_4	M2714_4	185	1261	230	230
F1999_4	M478_4	185	1429	513	513
F1999_4	M707_4	185	1253	806	806
F2065_4	F1626_4	185	1249	543	833
F2065_4	F1999_4	185	1362	846	1292
F2065_4	F2189_4	185	1215	41	61
F2065_4	F322_4	185	1266	430	665
F2065_4	F51_4	185	1249	899	1350
F2065_4	F795_4	185	1195	111	168
F2065_4	M2049_4	185	1413	826	1295
F2065_4	M2144_4	185	1167	914	1364
F2065_4	M2583_4	185	1339	511	791
F2065_4	M2640_4	185	1098	880	1341
F2065_4	M2714_4	185	1359	96	154
F2065_4	M478_4	185	1294	249	370
F2065_4	M707_4	185	1182	513	758
F2189_4	F1626_4	185	1273	1054	1054
F2189_4	F1999_4	185	1246	1128	1128
F2189_4	F2065_4	185	1215	1142	1142
F2189_4	F322_4	185	1165	909	909
F2189_4	F51_4	185	1248	1180	1180
F2189_4	F795_4	185	1275	522	522
F2189_4	M2049_4	185	1225	1106	1106
F2189_4	M2144_4	185	1281	1231	1231
F2189_4	M2583_4	185	1291	1033	1033
F2189_4	M2640_4	185	1324	1259	1259
F2189_4	M2714_4	185	1321	460	460
F2189_4	M478_4	185	1356	861	861
F2189_4	M707_4	185	1297	1104	1104
F322_4	F1626_4	185	1278	263	263
F322_4	F1999_4	185	1170	380	380
F322_4	F2065_4	185	1266	553	553
F322_4	F2189_4	185	1165	13	13
F322_4	F51_4	185	1319	590	590
F322_4	F795_4	185	1283	33	33
F322_4	M2049_4	185	1340	453	453
F322_4	M2144_4	185	1205	654	654
F322_4	M2583_4	185	1278	208	208
F322_4	M2640_4	185	1288	735	735
F322_4	M2714_4	185	1182	31	31
F322_4	M478_4	185	1159	90	90
F322_4	M707_4	185	1355	262	262
F51_4	F1626_4	185	1295	253	253
F51_4	F1999_4	185	1284	443	443
F51_4	F2065_4	185	1249	568	568
F51_4	F2189_4	185	1248	16	16
F51_4	F322_4	185	1319	180	180
F51_4	F795_4	185	1429	55	55
F51_4	M2049_4	185	1297	432	432
F51_4	M2144_4	185	1223	682	682
F51_4	M2583_4	185	1373	239	239
F51_4	M2640_4	185	1146	690	690
F51_4	M2714_4	185	1200	31	31
F51_4	M478_4	185	1233	111	111
F51_4	M707_4	185	1142	219	219
F795_4	F1626_4	185	1169	526	1126
F795_4	F1999_4	185	1275	788	1736
F795_4	F2065_4	185	1195	872	1850
F795_4	F2189_4	185	1275	45	88
F795_4	F322_4	185	1283	447	942
F795_4	F51_4	185	1429	1030	2289
F795_4	M2049_4	185	1201	711	1569
F795_4	M2144_4	185	1317	1048	2278
F795_4	M2583_4	185	1288	496	1110
F795_4	M2640_4	185	1247	1003	2171
F795_4	M2714_4	185	1372	94	214
F795_4	M478_4	185	1256	285	628
F795_4	M707_4	185	1274	558	1236
M2049_4	F1626_4	185	1233	716	1383
M2049_4	F1999_4	185	1239	864	1733
M2049_4	F2065_4	185	1413	1153	2159
M2049_4	F2189_4	185	1225	77	156
M2049_4	F322_4	185	1340	665	1289
M2049_4	F51_4	185	1297	1089	2172
M2049_4	F795_4	185	1201	170	340
M2049_4	M2144_4	185	1182	1010	1992
M2049_4	M2583_4	185	1199	656	1262
M2049_4	M2640_4	185	1441	1279	2562
M2049_4	M2714_4	185	1228	174	343
M2049_4	M478_4	185	1354	442	886
M2049_4	M707_4	185	1232	733	1473
M2144_4	F1626_4	185	1172	255	438
M2144_4	F1999_4	185	1204	351	610
M2144_4	F2065_4	185	1167	501	881
M2144_4	F2189_4	185	1281	15	23
M2144_4	F322_4	185	1205	157	282
M2144_4	F51_4	185	1223	582	1011
M2144_4	F795_4	185	1317	46	82
M2144_4	M2049_4	185	1182	384	662
M2144_4	M2583_4	185	1169	208	350
M2144_4	M2640_4	185	1264	675	1212
M2144_4	M2714_4	185	1191	24	41
M2144_4	M478_4	185	1092	72	119
M2144_4	M707_4	185	1171	230	391
M2583_4	F1626_4	185	1286	1181	1181
M2583_4	F1999_4	185	1269	1211	1211
M2583_4	F2065_4	185	1339	1287	1287
M2583_4	F2189_4	185	1291	368	368
M2583_4	F322_4	185	1278	1096	1096
M2583_4	F51_4	185	1373	1340	1340
M2583_4	F795_4	185	1288	658	658
M2583_4	M2049_4	185	1199	1136	1136
M2583_4	M2144_4	185	1169	1140	1140
M2583_4	M2640_4	185	1255	1233	1233
M2583_4	M2714_4	185	1212	577	577
M2583_4	M478_4	185	1328	1015	1015
M2583_4	M707_4	185	1323	1178	1178
M2640_4	F1626_4	185	1109	236	323
M2640_4	F1999_4	185	1270	456	632
M2640_4	F2065_4	185	1098	513	682
M2640_4	F2189_4	185	1324	18	30
M2640_4	F322_4	185	1288	206	265
M2640_4	F51_4	185	1146	586	805
M2640_4	F795_4	185	1247	44	58
M2640_4	M2049_4	185	1441	523	718
M2640_4	M2144_4	185	1264	740	980
M2640_4	M2583_4	185	1255	245	330
M2640_4	M2714_4	185	1322	43	57
M2640_4	M478_4	185	1336	115	166
M2640_4	M707_4	185	1183	254	352
M2714_4	F1626_4	185	1306	277	741
M2714_4	F1999_4	185	1261	418	1091
M2714_4	F2065_4	185	1359	604	1614
M2714_4	F2189_4	185	1321	21	61
M2714_4	F322_4	185	1182	181	503
M2714_4	F51_4	185	1200	571	1519
M2714_4	F795_4	185	1372	50	155
M2714_4	M2049_4	185	1228	419	1124
M2714_4	M2144_4	185	1191	638	1719
M2714_4	M2583_4	185	1212	197	532
M2714_4	M2640_4	185	1322	768	2001
M2714_4	M478_4	185	1341	95	241
M2714_4	M707_4	185	1393	280	764
M478_4	F1626_4	185	1229	853	1046
M478_4	F1999_4	185	1429	1171	1409
M478_4	F2065_4	185	1294	1138	1428
M478_4	F2189_4	185	1356	140	167
M478_4	F322_4	185	1159	667	816
M478_4	F51_4	185	1233	1093	1332
M478_4	F795_4	185	1256	287	348
M478_4	M2049_4	185	1354	1100	1349
M478_4	M2144_4	185	1092	994	1220
M478_4	M2583_4	185	1328	872	1050
M478_4	M2640_4	185	1336	1234	1553
M478_4	M2714_4	185	1341	266	317
M478_4	M707_4	185	1258	856	1026
M707_4	F1626_4	185	1384	236	236
M707_4	F1999_4	185	1253	375	375
M707_4	F2065_4	185	1182	464	464
M707_4	F2189_4	185	1297	21	21
M707_4	F322_4	185	1355	153	153
M707_4	F51_4	185	1142	491	491
M707_4	F795_4	185	1274	22	22
M707_4	M2049_4	185	1232	358	358
M707_4	M2144_4	185	1171	561	561
M707_4	M2583_4	185	1323	187	187
M707_4	M2640_4	185	1183	607	607
M707_4	M2714_4	185	1393	29	29
M707_4	M478_4	185	1258	57	57
F1180_4	F1197_4	186	1352	89	89
F1180_4	F1569_4	186	1245	147	147
F1180_4	F223_4	186	1222	457	457
F1180_4	F2422_4	186	1342	777	777
F1180_4	F2702_4	186	1278	189	189
F1180_4	F918_4	186	1126	5	5
F1180_4	M1432_4	186	1343	173	173
F1180_4	M2196_4	186	1376	65	65
F1180_4	M2429_4	186	1274	332	332
F1180_4	M2445_4	186	1554	743	743
F1180_4	M2736_4	186	1159	66	66
F1180_4	M2755_4	186	1193	354	354
F1180_4	M992_4	186	1562	748	748
F1197_4	F1180_4	186	1352	795	795
F1197_4	F1569_4	186	1221	563	563
F1197_4	F223_4	186	1199	987	987
F1197_4	F2422_4	186	1304	1183	1183
F1197_4	F2702_4	186	1300	665	665
F1197_4	F918_4	186	1291	39	39
F1197_4	M1432_4	186	1207	656	656
F1197_4	M2196_4	186	1220	317	317
F1197_4	M2429_4	186	1153	800	800
F1197_4	M2445_4	186	1357	1166	1166
F1197_4	M2736_4	186	1144	284	284
F1197_4	M2755_4	186	1258	945	945
F1197_4	M992_4	186	1327	1160	1160
F1569_4	F1180_4	186	1245	724	724
F1569_4	F1197_4	186	1221	327	327
F1569_4	F223_4	186	1252	969	969
F1569_4	F2422_4	186	1017	896	896
F1569_4	F2702_4	186	1198	563	563
F1569_4	F918_4	186	1173	32	32
F1569_4	M1432_4	186	1434	665	665
F1569_4	M2196_4	186	1163	302	302
F1569_4	M2429_4	186	1234	853	853
F1569_4	M2445_4	186	1421	1222	1222
F1569_4	M2736_4	186	1205	281	281
F1569_4	M2755_4	186	1205	920	920
F1569_4	M992_4	186	1228	1038	1038
F223_4	F1180_4	186	1222	895	4260
F223_4	F1197_4	186	1199	546	2632
F223_4	F1569_4	186	1252	739	3524
F223_4	F2422_4	186	1226	1168	5573
F223_4	F2702_4	186	1280	823	3972
F223_4	F918_4	186	1245	54	244
F223_4	M1432_4	186	1200	786	3817
F223_4	M2196_4	186	1158	464	2201
F223_4	M2429_4	186	1260	1036	4896
F223_4	M2445_4	186	1328	1216	5682
F223_4	M2736_4	186	1333	534	2508
F223_4	M2755_4	186	1304	1110	5226
F223_4	M992_4	186	1268	1167	5584
F2422_4	F1180_4	186	1342	399	688
F2422_4	F1197_4	186	1304	148	253
F2422_4	F1569_4	186	1017	205	370
F2422_4	F223_4	186	1226	695	1208
F2422_4	F2702_4	186	1277	284	480
F2422_4	F918_4	186	1319	7	14
F2422_4	M1432_4	186	1396	359	617
F2422_4	M2196_4	186	1187	109	171
F2422_4	M2429_4	186	1191	480	839
F2422_4	M2445_4	186	1117	729	1293
F2422_4	M2736_4	186	1167	108	179
F2422_4	M2755_4	186	1293	632	1099
F2422_4	M992_4	186	1276	800	1386
F2702_4	F1180_4	186	1278	803	1235
F2702_4	F1197_4	186	1300	465	697
F2702_4	F1569_4	186	1198	603	929
F2702_4	F223_4	186	1280	1040	1580
F2702_4	F2422_4	186	1277	1170	1759
F2702_4	F918_4	186	1203	34	45
F2702_4	M1432_4	186	1174	663	1004
F2702_4	M2196_4	186	1414	447	678
F2702_4	M2429_4	186	1266	932	1426
F2702_4	M2445_4	186	1330	1158	1755
F2702_4	M2736_4	186	1238	354	552
F2702_4	M2755_4	186	1282	1013	1540
F2702_4	M992_4	186	1388	1220	1868
F918_4	F1180_4	186	1126	743	743
F918_4	F1197_4	186	1291	488	488
F918_4	F1569_4	186	1173	652	652
F918_4	F223_4	186	1245	1055	1055
F918_4	F2422_4	186	1319	1219	1219
F918_4	F2702_4	186	1203	687	687
F918_4	M1432_4	186	1254	771	771
F918_4	M2196_4	186	1240	423	423
F918_4	M2429_4	186	1275	1011	1011
F918_4	M2445_4	186	1346	1198	1198
F918_4	M2736_4	186	1262	400	400
F918_4	M2755_4	186	1063	892	892
F918_4	M992_4	186	1336	1205	1205
M1432_4	F1180_4	186	1343	341	341
M1432_4	F1197_4	186	1207	134	134
M1432_4	F1569_4	186	1434	247	247
M1432_4	F223_4	186	1200	569	569
M1432_4	F2422_4	186	1396	926	926
M1432_4	F2702_4	186	1174	238	238
M1432_4	F918_4	186	1254	8	8
M1432_4	M2196_4	186	1226	106	106
M1432_4	M2429_4	186	1240	429	429
M1432_4	M2445_4	186	1171	688	688
M1432_4	M2736_4	186	1325	95	95
M1432_4	M2755_4	186	1290	562	562
M1432_4	M992_4	186	1175	690	690
M2196_4	F1180_4	186	1376	468	2011
M2196_4	F1197_4	186	1220	184	811
M2196_4	F1569_4	186	1163	298	1257
M2196_4	F223_4	186	1158	691	2984
M2196_4	F2422_4	186	1187	909	3847
M2196_4	F2702_4	186	1414	390	1617
M2196_4	F918_4	186	1240	12	55
M2196_4	M1432_4	186	1226	349	1471
M2196_4	M2429_4	186	1312	598	2592
M2196_4	M2445_4	186	1238	846	3602
M2196_4	M2736_4	186	1260	132	568
M2196_4	M2755_4	186	1315	726	3125
M2196_4	M992_4	186	1264	868	3675
M2429_4	F1180_4	186	1274	452	452
M2429_4	F1197_4	186	1153	158	158
M2429_4	F1569_4	186	1234	282	282
M2429_4	F223_4	186	1260	741	741
M2429_4	F2422_4	186	1191	875	875
M2429_4	F2702_4	186	1266	313	313
M2429_4	F918_4	186	1275	9	9
M2429_4	M1432_4	186	1240	351	351
M2429_4	M2196_4	186	1312	154	154
M2429_4	M2445_4	186	1419	964	964
M2429_4	M2736_4	186	1279	127	127
M2429_4	M2755_4	186	1313	671	671
M2429_4	M992_4	186	1219	814	814
M2445_4	F1180_4	186	1554	203	297
M2445_4	F1197_4	186	1357	62	94
M2445_4	F1569_4	186	1421	134	203
M2445_4	F223_4	186	1328	398	588
M2445_4	F2422_4	186	1117	539	787
M2445_4	F2702_4	186	1330	146	196
M2445_4	F918_4	186	1346	4	8
M2445_4	M1432_4	186	1171	126	176
M2445_4	M2196_4	186	1238	46	60
M2445_4	M2429_4	186	1419	293	399
M2445_4	M2736_4	186	1286	47	73
M2445_4	M2755_4	186	1403	376	571
M2445_4	M992_4	186	1149	457	644
M2736_4	F1180_4	186	1159	503	1318
M2736_4	F1197_4	186	1144	228	629
M2736_4	F1569_4	186	1205	360	960
M2736_4	F223_4	186	1333	934	2473
M2736_4	F2422_4	186	1167	950	2468
M2736_4	F2702_4	186	1238	430	1127
M2736_4	F918_4	186	1262	14	34
M2736_4	M1432_4	186	1325	488	1272
M2736_4	M2196_4	186	1260	190	521
M2736_4	M2429_4	186	1279	719	1906
M2736_4	M2445_4	186	1286	985	2582
M2736_4	M2755_4	186	1215	780	2066
M2736_4	M992_4	186	1265	994	2630
M2755_4	F1180_4	186	1193	216	216
M2755_4	F1197_4	186	1258	88	88
M2755_4	F1569_4	186	1205	169	169
M2755_4	F223_4	186	1304	497	497
M2755_4	F2422_4	186	1293	746	746
M2755_4	F2702_4	186	1282	167	167
M2755_4	F918_4	186	1063	3	3
M2755_4	M1432_4	186	1290	186	186
M2755_4	M2196_4	186	1315	57	57
M2755_4	M2429_4	186	1313	360	360
M2755_4	M2445_4	186	1403	699	699
M2755_4	M2736_4	186	1215	73	73
M2755_4	M992_4	186	1272	624	624
M992_4	F1180_4	186	1562	431	431
M992_4	F1197_4	186	1327	128	128
M992_4	F1569_4	186	1228	228	228
M992_4	F223_4	186	1268	636	636
M992_4	F2422_4	186	1276	887	887
M992_4	F2702_4	186	1388	311	311
M992_4	F918_4	186	1336	5	5
M992_4	M1432_4	186	1175	269	269
M992_4	M2196_4	186	1264	103	103
M992_4	M2429_4	186	1219	432	432
M992_4	M2445_4	186	1149	736	736
M992_4	M2736_4	186	1265	96	96
M992_4	M2755_4	186	1272	573	573
F1027_4	F1409_4	187	1244	56	101
F1027_4	F17_4	187	1215	450	877
F1027_4	F2448_4	187	1251	214	428
F1027_4	F2521_4	187	1253	132	245
F1027_4	F2628_4	187	1368	68	129
F1027_4	F498_4	187	1236	214	377
F1027_4	F614_4	187	1082	49	102
F1027_4	F670_4	187	1234	183	357
F1027_4	F88_4	187	1399	342	660
F1027_4	M1125_4	187	1233	8	12
F1027_4	M1786_4	187	1208	547	1040
F1027_4	M1862_4	187	1381	10	18
F1027_4	M2278_4	187	1214	132	255
F1409_4	F1027_4	187	1244	317	368
F1409_4	F17_4	187	1267	1046	1191
F1409_4	F2448_4	187	1091	734	849
F1409_4	F2521_4	187	1162	599	682
F1409_4	F2628_4	187	1234	395	455
F1409_4	F498_4	187	1471	979	1098
F1409_4	F614_4	187	1215	390	431
F1409_4	F670_4	187	1203	737	834
F1409_4	F88_4	187	1216	887	1009
F1409_4	M1125_4	187	1258	48	56
F1409_4	M1786_4	187	1239	1091	1252
F1409_4	M1862_4	187	1286	45	52
F1409_4	M2278_4	187	1271	662	750
F17_4	F1027_4	187	1215	250	250
F17_4	F1409_4	187	1267	297	297
F17_4	F2448_4	187	1395	861	861
F17_4	F2521_4	187	1169	509	509
F17_4	F2628_4	187	1423	385	385
F17_4	F498_4	187	1160	699	699
F17_4	F614_4	187	1246	341	341
F17_4	F670_4	187	1175	626	626
F17_4	F88_4	187	1411	944	944
F17_4	M1125_4	187	1233	32	32
F17_4	M1786_4	187	1248	1076	1076
F17_4	M1862_4	187	1329	41	41
F17_4	M2278_4	187	1170	524	524
F2448_4	F1027_4	187	1251	122	122
F2448_4	F1409_4	187	1091	148	148
F2448_4	F17_4	187	1395	916	916
F2448_4	F2521_4	187	1271	351	351
F2448_4	F2628_4	187	1308	172	172
F2448_4	F498_4	187	1438	581	581
F2448_4	F614_4	187	1214	159	159
F2448_4	F670_4	187	1209	453	453
F2448_4	F88_4	187	1207	576	576
F2448_4	M1125_4	187	1228	18	18
F2448_4	M1786_4	187	1056	792	792
F2448_4	M1862_4	187	1245	18	18
F2448_4	M2278_4	187	1271	362	362
F2521_4	F1027_4	187	1253	118	373
F2521_4	F1409_4	187	1162	167	544
F2521_4	F17_4	187	1169	746	2373
F2521_4	F2448_4	187	1271	517	1667
F2521_4	F2628_4	187	1176	178	579
F2521_4	F498_4	187	1242	474	1552
F2521_4	F614_4	187	1299	193	609
F2521_4	F670_4	187	1267	434	1357
F2521_4	F88_4	187	1214	575	1845
F2521_4	M1125_4	187	1354	14	49
F2521_4	M1786_4	187	1244	912	2956
F2521_4	M1862_4	187	1354	28	92
F2521_4	M2278_4	187	1174	324	1050
F2628_4	F1027_4	187	1368	132	132
F2628_4	F1409_4	187	1234	151	151
F2628_4	F17_4	187	1423	835	835
F2628_4	F2448_4	187	1308	505	505
F2628_4	F2521_4	187	1176	288	288
F2628_4	F498_4	187	1190	448	448
F2628_4	F614_4	187	1390	169	169
F2628_4	F670_4	187	1273	405	405
F2628_4	F88_4	187	1266	613	613
F2628_4	M1125_4	187	1272	16	16
F2628_4	M1786_4	187	1265	874	874
F2628_4	M1862_4	187	1582	24	24
F2628_4	M2278_4	187	1311	331	331
F498_4	F1027_4	187	1236	759	1754
F498_4	F1409_4	187	1471	1048	2418
F498_4	F17_4	187	1160	1110	2506
F498_4	F2448_4	187	1438	1336	3101
F498_4	F2521_4	187	1242	1056	2514
F498_4	F2628_4	187	1190	850	1971
F498_4	F614_4	187	1100	777	1762
F498_4	F670_4	187	1391	1228	2860
F498_4	F88_4	187	1278	1183	2665
F498_4	M1125_4	187	1154	151	340
F498_4	M1786_4	187	1330	1298	2971
F498_4	M1862_4	187	1367	252	569
F498_4	M2278_4	187	1139	987	2296
F614_4	F1027_4	187	1082	404	1223
F614_4	F1409_4	187	1215	598	1860
F614_4	F17_4	187	1246	1147	3563
F614_4	F2448_4	187	1214	963	3016
F614_4	F2521_4	187	1299	904	2805
F614_4	F2628_4	187	1390	647	1987
F614_4	F498_4	187	1100	857	2603
F614_4	F670_4	187	1418	1023	3157
F614_4	F88_4	187	1307	1086	3411
F614_4	M1125_4	187	1263	90	275
F614_4	M1786_4	187	1314	1230	3816
F614_4	M1862_4	187	1311	118	363
F614_4	M2278_4	187	1186	817	2569
F670_4	F1027_4	187	1234	337	806
F670_4	F1409_4	187	1203	392	932
F670_4	F17_4	187	1175	997	2414
F670_4	F2448_4	187	1209	833	2008
F670_4	F2521_4	187	1267	698	1639
F670_4	F2628_4	187	1273	422	1069
F670_4	F498_4	187	1391	937	2294
F670_4	F614_4	187	1418	495	1203
F670_4	F88_4	187	1378	1016	2469
F670_4	M1125_4	187	1364	47	109
F670_4	M1786_4	187	1076	963	2371
F670_4	M1862_4	187	1191	55	142
F670_4	M2278_4	187	1208	655	1573
F88_4	F1027_4	187	1399	318	750
F88_4	F1409_4	187	1216	384	877
F88_4	F17_4	187	1411	1187	2805
F88_4	F2448_4	187	1207	806	1858
F88_4	F2521_4	187	1214	630	1484
F88_4	F2628_4	187	1266	389	926
F88_4	F498_4	187	1278	841	1979
F88_4	F614_4	187	1307	416	978
F88_4	F670_4	187	1378	808	1849
F88_4	M1125_4	187	1194	42	112
F88_4	M1786_4	187	1328	1165	2764
F88_4	M1862_4	187	1299	57	128
F88_4	M2278_4	187	1362	686	1679
M1125_4	F1027_4	187	1233	555	555
M1125_4	F1409_4	187	1258	677	677
M1125_4	F17_4	187	1233	1155	1155
M1125_4	F2448_4	187	1228	1042	1042
M1125_4	F2521_4	187	1354	1001	1001
M1125_4	F2628_4	187	1272	719	719
M1125_4	F498_4	187	1154	952	952
M1125_4	F614_4	187	1263	663	663
M1125_4	F670_4	187	1364	1093	1093
M1125_4	F88_4	187	1194	1062	1062
M1125_4	M1786_4	187	1250	1194	1194
M1125_4	M1862_4	187	1313	143	143
M1125_4	M2278_4	187	1239	920	920
M1786_4	F1027_4	187	1208	302	302
M1786_4	F1409_4	187	1239	441	441
M1786_4	F17_4	187	1248	1080	1080
M1786_4	F2448_4	187	1056	740	740
M1786_4	F2521_4	187	1244	695	695
M1786_4	F2628_4	187	1265	422	422
M1786_4	F498_4	187	1330	886	886
M1786_4	F614_4	187	1314	486	486
M1786_4	F670_4	187	1076	722	722
M1786_4	F88_4	187	1328	982	982
M1786_4	M1125_4	187	1250	56	56
M1786_4	M1862_4	187	1112	73	73
M1786_4	M2278_4	187	1218	699	699
M1862_4	F1027_4	187	1381	381	873
M1862_4	F1409_4	187	1286	414	909
M1862_4	F17_4	187	1329	1116	2428
M1862_4	F2448_4	187	1245	838	1797
M1862_4	F2521_4	187	1354	714	1560
M1862_4	F2628_4	187	1582	508	1065
M1862_4	F498_4	187	1367	941	2103
M1862_4	F614_4	187	1311	436	958
M1862_4	F670_4	187	1191	766	1619
M1862_4	F88_4	187	1299	970	2125
M1862_4	M1125_4	187	1313	48	98
M1862_4	M1786_4	187	1112	994	2201
M1862_4	M2278_4	187	1317	718	1563
M2278_4	F1027_4	187	1214	183	183
M2278_4	F1409_4	187	1271	298	298
M2278_4	F17_4	187	1170	882	882
M2278_4	F2448_4	187	1271	717	717
M2278_4	F2521_4	187	1174	443	443
M2278_4	F2628_4	187	1311	280	280
M2278_4	F498_4	187	1139	627	627
M2278_4	F614_4	187	1186	247	247
M2278_4	F670_4	187	1208	608	608
M2278_4	F88_4	187	1362	806	806
M2278_4	M1125_4	187	1239	20	20
M2278_4	M1786_4	187	1218	998	998
M2278_4	M1862_4	187	1317	41	41
F2022_4	F2275_4	188	1373	701	701
F2022_4	F2353_4	188	1213	205	205
F2022_4	F242_4	188	1183	849	849
F2022_4	F2557_4	188	1110	448	448
F2022_4	F683_4	188	1432	1325	1325
F2022_4	F926_4	188	1302	921	921
F2022_4	F980_4	188	1400	249	249
F2022_4	M1753_4	188	1114	843	843
F2022_4	M188_4	188	1391	153	153
F2022_4	M1963_4	188	1272	773	773
F2022_4	M199_4	188	1330	1221	1221
F2022_4	M2343_4	188	1129	550	550
F2022_4	M572_4	188	1348	1298	1298
F2275_4	F2022_4	188	1373	1023	1442
F2275_4	F2353_4	188	1094	103	160
F2275_4	F242_4	188	1234	622	878
F2275_4	F2557_4	188	1233	321	459
F2275_4	F683_4	188	1327	1143	1662
F2275_4	F926_4	188	1136	556	807
F2275_4	F980_4	188	1207	106	160
F2275_4	M1753_4	188	1394	798	1188
F2275_4	M188_4	188	1238	57	81
F2275_4	M1963_4	188	1182	463	644
F2275_4	M199_4	188	1197	987	1396
F2275_4	M2343_4	188	1259	403	577
F2275_4	M572_4	188	1274	1172	1661
F2353_4	F2022_4	188	1213	996	1117
F2353_4	F2275_4	188	1094	458	516
F2353_4	F242_4	188	1255	775	878
F2353_4	F2557_4	188	1272	444	497
F2353_4	F683_4	188	1199	1085	1233
F2353_4	F926_4	188	1137	697	782
F2353_4	F980_4	188	1202	175	200
F2353_4	M1753_4	188	1312	871	981
F2353_4	M188_4	188	1315	103	116
F2353_4	M1963_4	188	1302	662	759
F2353_4	M199_4	188	1305	1119	1278
F2353_4	M2343_4	188	1362	542	604
F2353_4	M572_4	188	1273	1214	1373
F242_4	F2022_4	188	1183	867	867
F242_4	F2275_4	188	1234	387	387
F242_4	F2353_4	188	1255	97	97
F242_4	F2557_4	188	1247	290	290
F242_4	F683_4	188	1364	1133	1133
F242_4	F926_4	188	1427	669	669
F242_4	F980_4	188	1301	104	104
F242_4	M1753_4	188	1204	660	660
F242_4	M188_4	188	1422	69	69
F242_4	M1963_4	188	1324	489	489
F242_4	M199_4	188	1328	1058	1058
F242_4	M2343_4	188	1220	339	339
F242_4	M572_4	188	1207	1120	1120
F2557_4	F2022_4	188	1110	1062	2095
F2557_4	F2275_4	188	1233	982	1934
F2557_4	F2353_4	188	1272	586	1138
F2557_4	F242_4	188	1247	1130	2177
F2557_4	F683_4	188	1258	1229	2339
F2557_4	F926_4	188	1369	1222	2380
F2557_4	F980_4	188	1155	535	1030
F2557_4	M1753_4	188	1163	1071	2042
F2557_4	M188_4	188	1209	350	682
F2557_4	M1963_4	188	1378	1173	2229
F2557_4	M199_4	188	1198	1171	2202
F2557_4	M2343_4	188	1426	1155	2270
F2557_4	M572_4	188	1161	1153	2162
F683_4	F2022_4	188	1432	1294	1294
F683_4	F2275_4	188	1327	799	799
F683_4	F2353_4	188	1199	285	285
F683_4	F242_4	188	1364	1056	1056
F683_4	F2557_4	188	1258	642	642
F683_4	F926_4	188	1036	806	806
F683_4	F980_4	188	1167	273	273
F683_4	M1753_4	188	1373	1098	1098
F683_4	M188_4	188	1157	202	202
F683_4	M1963_4	188	1175	793	793
F683_4	M199_4	188	1521	1421	1421
F683_4	M2343_4	188	1268	731	731
F683_4	M572_4	188	1333	1304	1304
F926_4	F2022_4	188	1302	1191	2567
F926_4	F2275_4	188	1136	750	1608
F926_4	F2353_4	188	1137	340	766
F926_4	F242_4	188	1427	1162	2476
F926_4	F2557_4	188	1369	787	1699
F926_4	F683_4	188	1036	992	2063
F926_4	F980_4	188	1155	301	641
F926_4	M1753_4	188	1401	1182	2577
F926_4	M188_4	188	1331	224	477
F926_4	M1963_4	188	1396	1030	2180
F926_4	M199_4	188	1361	1286	2732
F926_4	M2343_4	188	1298	796	1728
F926_4	M572_4	188	1262	1233	2623
F980_4	F2022_4	188	1400	1013	1220
F980_4	F2275_4	188	1207	341	415
F980_4	F2353_4	188	1202	103	128
F980_4	F242_4	188	1301	652	768
F980_4	F2557_4	188	1155	256	304
F980_4	F683_4	188	1167	1003	1235
F980_4	F926_4	188	1155	560	682
F980_4	M1753_4	188	1252	698	837
F980_4	M188_4	188	1274	46	58
F980_4	M1963_4	188	1273	483	575
F980_4	M199_4	188	1427	1156	1390
F980_4	M2343_4	188	1191	332	398
F980_4	M572_4	188	1452	1342	1624
M1753_4	F2022_4	188	1114	680	680
M1753_4	F2275_4	188	1394	277	277
M1753_4	F2353_4	188	1312	67	67
M1753_4	F242_4	188	1204	455	455
M1753_4	F2557_4	188	1163	180	180
M1753_4	F683_4	188	1373	1085	1085
M1753_4	F926_4	188	1401	503	503
M1753_4	F980_4	188	1252	56	56
M1753_4	M188_4	188	1301	30	30
M1753_4	M1963_4	188	1221	349	349
M1753_4	M199_4	188	1170	819	819
M1753_4	M2343_4	188	1190	233	233
M1753_4	M572_4	188	1148	993	993
M188_4	F2022_4	188	1391	1060	1060
M188_4	F2275_4	188	1238	379	379
M188_4	F2353_4	188	1315	117	117
M188_4	F242_4	188	1422	729	729
M188_4	F2557_4	188	1209	317	317
M188_4	F683_4	188	1157	997	997
M188_4	F926_4	188	1331	666	666
M188_4	F980_4	188	1274	107	107
M188_4	M1753_4	188	1301	713	713
M188_4	M1963_4	188	1324	523	523
M188_4	M199_4	188	1298	1076	1076
M188_4	M2343_4	188	1221	384	384
M188_4	M572_4	188	1260	1161	1161
M1963_4	F2022_4	188	1272	1236	1236
M1963_4	F2275_4	188	1182	1014	1014
M1963_4	F2353_4	188	1302	744	744
M1963_4	F242_4	188	1324	1248	1248
M1963_4	F2557_4	188	1378	1117	1117
M1963_4	F683_4	188	1175	1164	1164
M1963_4	F926_4	188	1396	1302	1302
M1963_4	F980_4	188	1273	725	725
M1963_4	M1753_4	188	1221	1157	1157
M1963_4	M188_4	188	1324	533	533
M1963_4	M199_4	188	1256	1238	1238
M1963_4	M2343_4	188	1301	1089	1089
M1963_4	M572_4	188	1191	1190	1190
M199_4	F2022_4	188	1330	215	215
M199_4	F2275_4	188	1197	30	30
M199_4	F2353_4	188	1305	11	11
M199_4	F242_4	188	1328	103	103
M199_4	F2557_4	188	1198	20	20
M199_4	F683_4	188	1521	431	431
M199_4	F926_4	188	1361	75	75
M199_4	F980_4	188	1427	9	9
M199_4	M1753_4	188	1170	106	106
M199_4	M188_4	188	1298	6	6
M199_4	M1963_4	188	1256	51	51
M199_4	M2343_4	188	1248	31	31
M199_4	M572_4	188	1333	580	580
M2343_4	F2022_4	188	1129	485	1448
M2343_4	F2275_4	188	1259	135	421
M2343_4	F2353_4	188	1362	35	103
M2343_4	F242_4	188	1220	250	740
M2343_4	F2557_4	188	1426	107	290
M2343_4	F683_4	188	1268	759	2264
M2343_4	F926_4	188	1298	264	790
M2343_4	F980_4	188	1191	38	90
M2343_4	M1753_4	188	1190	306	902
M2343_4	M188_4	188	1221	13	36
M2343_4	M1963_4	188	1301	194	581
M2343_4	M199_4	188	1248	667	2002
M2343_4	M572_4	188	1284	985	2942
M572_4	F2022_4	188	1348	331	817
M572_4	F2275_4	188	1274	67	153
M572_4	F2353_4	188	1273	20	48
M572_4	F242_4	188	1207	157	388
M572_4	F2557_4	188	1161	46	108
M572_4	F683_4	188	1333	504	1237
M572_4	F926_4	188	1262	122	306
M572_4	F980_4	188	1452	18	41
M572_4	M1753_4	188	1148	149	379
M572_4	M188_4	188	1260	5	8
M572_4	M1963_4	188	1191	88	203
M572_4	M199_4	188	1333	461	1129
M572_4	M2343_4	188	1284	73	190
F1347_4	F141_4	189	1237	234	234
F1347_4	F1651_4	189	1328	58	58
F1347_4	F1666_4	189	1208	341	341
F1347_4	F1756_4	189	1244	199	199
F1347_4	M1595_4	189	1395	220	220
F1347_4	M1618_4	189	1217	244	244
F1347_4	M2016_4	189	1226	123	123
F1347_4	M2567_4	189	1279	356	356
F1347_4	M517_4	189	1321	392	392
F1347_4	M592_4	189	1241	18	18
F1347_4	M799_4	189	1044	233	233
F1347_4	M840_4	189	1127	198	198
F1347_4	M980_4	189	1282	20	20
F141_4	F1347_4	189	1237	644	644
F141_4	F1651_4	189	1319	640	640
F141_4	F1666_4	189	1280	1108	1108
F141_4	F1756_4	189	1183	864	864
F141_4	M1595_4	189	1239	976	976
F141_4	M1618_4	189	1262	1003	1003
F141_4	M2016_4	189	1264	850	850
F141_4	M2567_4	189	1312	1155	1155
F141_4	M517_4	189	1241	1094	1094
F141_4	M592_4	189	1335	350	350
F141_4	M799_4	189	1219	1016	1016
F141_4	M840_4	189	1174	906	906
F141_4	M980_4	189	1121	224	224
F1651_4	F1347_4	189	1328	1068	2236
F1651_4	F141_4	189	1319	1243	2672
F1651_4	F1666_4	189	1230	1177	2478
F1651_4	F1756_4	189	1369	1262	2637
F1651_4	M1595_4	189	1089	1005	2098
F1651_4	M1618_4	189	1260	1181	2476
F1651_4	M2016_4	189	1192	1023	2182
F1651_4	M2567_4	189	1335	1277	2660
F1651_4	M517_4	189	1235	1188	2452
F1651_4	M592_4	189	1279	739	1589
F1651_4	M799_4	189	1314	1258	2639
F1651_4	M840_4	189	1369	1270	2700
F1651_4	M980_4	189	1417	708	1473
F1666_4	F1347_4	189	1208	840	840
F1666_4	F141_4	189	1280	1173	1173
F1666_4	F1651_4	189	1230	842	842
F1666_4	F1756_4	189	1300	1129	1129
F1666_4	M1595_4	189	1312	1166	1166
F1666_4	M1618_4	189	1288	1137	1137
F1666_4	M2016_4	189	1219	1003	1003
F1666_4	M2567_4	189	1350	1276	1276
F1666_4	M517_4	189	1170	1093	1093
F1666_4	M592_4	189	1247	540	540
F1666_4	M799_4	189	1238	1139	1139
F1666_4	M840_4	189	1316	1179	1179
F1666_4	M980_4	189	1457	548	548
F1756_4	F1347_4	189	1244	561	561
F1756_4	F141_4	189	1183	927	927
F1756_4	F1651_4	189	1369	577	577
F1756_4	F1666_4	189	1300	1077	1077
F1756_4	M1595_4	189	1306	938	938
F1756_4	M1618_4	189	1185	867	867
F1756_4	M2016_4	189	1316	754	754
F1756_4	M2567_4	189	1389	1190	1190
F1756_4	M517_4	189	1367	1146	1146
F1756_4	M592_4	189	1243	268	268
F1756_4	M799_4	189	1297	1030	1030
F1756_4	M840_4	189	1185	880	880
F1756_4	M980_4	189	1185	208	208
M1595_4	F1347_4	189	1395	516	754
M1595_4	F141_4	189	1239	879	1361
M1595_4	F1651_4	189	1089	392	585
M1595_4	F1666_4	189	1312	1012	1527
M1595_4	F1756_4	189	1306	798	1188
M1595_4	M1618_4	189	1173	765	1194
M1595_4	M2016_4	189	1248	614	939
M1595_4	M2567_4	189	1295	1041	1551
M1595_4	M517_4	189	1373	1088	1641
M1595_4	M592_4	189	1228	177	271
M1595_4	M799_4	189	1234	880	1319
M1595_4	M840_4	189	1167	791	1136
M1595_4	M980_4	189	1233	159	255
M1618_4	F1347_4	189	1217	247	247
M1618_4	F141_4	189	1262	641	641
M1618_4	F1651_4	189	1260	250	250
M1618_4	F1666_4	189	1288	832	832
M1618_4	F1756_4	189	1185	517	517
M1618_4	M1595_4	189	1173	546	546
M1618_4	M2016_4	189	1237	387	387
M1618_4	M2567_4	189	1299	827	827
M1618_4	M517_4	189	1177	730	730
M1618_4	M592_4	189	1336	124	124
M1618_4	M799_4	189	1246	660	660
M1618_4	M840_4	189	1249	637	637
M1618_4	M980_4	189	1118	75	75
M2016_4	F1347_4	189	1226	362	362
M2016_4	F141_4	189	1264	787	787
M2016_4	F1651_4	189	1192	295	295
M2016_4	F1666_4	189	1219	873	873
M2016_4	F1756_4	189	1316	688	688
M2016_4	M1595_4	189	1248	673	673
M2016_4	M1618_4	189	1237	722	722
M2016_4	M2567_4	189	1186	871	871
M2016_4	M517_4	189	1236	890	890
M2016_4	M592_4	189	1157	134	134
M2016_4	M799_4	189	1385	889	889
M2016_4	M840_4	189	1322	790	790
M2016_4	M980_4	189	1311	103	103
M2567_4	F1347_4	189	1279	676	1301
M2567_4	F141_4	189	1312	1099	2124
M2567_4	F1651_4	189	1335	664	1290
M2567_4	F1666_4	189	1350	1182	2292
M2567_4	F1756_4	189	1389	1052	2048
M2567_4	M1595_4	189	1295	1021	2003
M2567_4	M1618_4	189	1299	1028	1965
M2567_4	M2016_4	189	1186	788	1525
M2567_4	M517_4	189	1212	1072	2067
M2567_4	M592_4	189	1377	397	758
M2567_4	M799_4	189	1263	1058	2079
M2567_4	M840_4	189	1293	1026	1954
M2567_4	M980_4	189	1286	254	482
M517_4	F1347_4	189	1321	534	628
M517_4	F141_4	189	1241	922	1044
M517_4	F1651_4	189	1235	435	489
M517_4	F1666_4	189	1170	948	1079
M517_4	F1756_4	189	1367	886	1032
M517_4	M1595_4	189	1373	942	1098
M517_4	M1618_4	189	1177	794	916
M517_4	M2016_4	189	1236	649	739
M517_4	M2567_4	189	1212	998	1165
M517_4	M592_4	189	1209	223	261
M517_4	M799_4	189	1251	912	1082
M517_4	M840_4	189	1375	971	1103
M517_4	M980_4	189	1272	181	208
M592_4	F1347_4	189	1241	1163	1231
M592_4	F141_4	189	1335	1317	1393
M592_4	F1651_4	189	1279	1167	1237
M592_4	F1666_4	189	1247	1228	1301
M592_4	F1756_4	189	1243	1208	1269
M592_4	M1595_4	189	1228	1203	1272
M592_4	M1618_4	189	1336	1310	1386
M592_4	M2016_4	189	1157	1120	1193
M592_4	M2567_4	189	1377	1366	1428
M592_4	M517_4	189	1209	1196	1257
M592_4	M799_4	189	1472	1449	1532
M592_4	M840_4	189	1153	1123	1195
M592_4	M980_4	189	1199	895	939
M799_4	F1347_4	189	1044	215	534
M799_4	F141_4	189	1219	639	1618
M799_4	F1651_4	189	1314	227	586
M799_4	F1666_4	189	1238	791	1974
M799_4	F1756_4	189	1297	536	1392
M799_4	M1595_4	189	1234	580	1511
M799_4	M1618_4	189	1246	601	1570
M799_4	M2016_4	189	1385	413	1028
M799_4	M2567_4	189	1263	815	2077
M799_4	M517_4	189	1251	794	2015
M799_4	M592_4	189	1472	119	306
M799_4	M840_4	189	1256	601	1517
M799_4	M980_4	189	1308	69	171
M840_4	F1347_4	189	1127	346	896
M840_4	F141_4	189	1174	754	2000
M840_4	F1651_4	189	1369	352	899
M840_4	F1666_4	189	1316	928	2511
M840_4	F1756_4	189	1185	631	1632
M840_4	M1595_4	189	1167	657	1688
M840_4	M1618_4	189	1249	711	1870
M840_4	M2016_4	189	1322	557	1423
M840_4	M2567_4	189	1293	961	2581
M840_4	M517_4	189	1375	1024	2672
M840_4	M592_4	189	1153	158	438
M840_4	M799_4	189	1256	808	2127
M840_4	M980_4	189	1513	123	332
M980_4	F1347_4	189	1282	568	840
M980_4	F141_4	189	1121	858	1269
M980_4	F1651_4	189	1417	578	878
M980_4	F1666_4	189	1457	1187	1743
M980_4	F1756_4	189	1185	780	1136
M980_4	M1595_4	189	1233	883	1300
M980_4	M1618_4	189	1118	788	1193
M980_4	M2016_4	189	1311	729	1064
M980_4	M2567_4	189	1286	1089	1624
M980_4	M517_4	189	1272	1064	1547
M980_4	M592_4	189	1199	246	382
M980_4	M799_4	189	1308	983	1431
M980_4	M840_4	189	1513	1079	1588
F106_4	F1187_4	190	1214	942	1124
F106_4	F1295_4	190	1331	1091	1321
F106_4	F1748_4	190	1154	1044	1256
F106_4	F1936_4	190	1187	498	610
F106_4	F2442_4	190	1251	616	760
F106_4	F2796_4	190	1382	754	896
F106_4	F430_4	190	1228	661	806
F106_4	F598_4	190	1318	1014	1186
F106_4	M1513_4	190	1239	1038	1239
F106_4	M2008_4	190	1140	488	596
F106_4	M2259_4	190	1180	1065	1280
F106_4	M436_4	190	1268	1048	1245
F106_4	M795_4	190	1167	921	1099
F1187_4	F106_4	190	1214	154	632
F1187_4	F1295_4	190	1151	597	2395
F1187_4	F1748_4	190	1508	989	4152
F1187_4	F1936_4	190	1233	202	842
F1187_4	F2442_4	190	1284	247	1009
F1187_4	F2796_4	190	1321	327	1346
F1187_4	F430_4	190	1181	268	1075
F1187_4	F598_4	190	1260	563	2283
F1187_4	M1513_4	190	1366	717	2933
F1187_4	M2008_4	190	1079	167	696
F1187_4	M2259_4	190	1460	968	3937
F1187_4	M436_4	190	1283	634	2580
F1187_4	M795_4	190	1515	773	3133
F1295_4	F106_4	190	1331	268	268
F1295_4	F1187_4	190	1151	691	691
F1295_4	F1748_4	190	1212	948	948
F1295_4	F1936_4	190	1242	290	290
F1295_4	F2442_4	190	1320	396	396
F1295_4	F2796_4	190	1129	399	399
F1295_4	F430_4	190	1340	444	444
F1295_4	F598_4	190	1128	661	661
F1295_4	M1513_4	190	1197	828	828
F1295_4	M2008_4	190	1237	284	284
F1295_4	M2259_4	190	1362	1033	1033
F1295_4	M436_4	190	1175	739	739
F1295_4	M795_4	190	1408	924	924
F1748_4	F106_4	190	1154	148	224
F1748_4	F1187_4	190	1508	707	1045
F1748_4	F1295_4	190	1212	596	879
F1748_4	F1936_4	190	1215	191	277
F1748_4	F2442_4	190	1290	233	336
F1748_4	F2796_4	190	1242	300	449
F1748_4	F430_4	190	1130	265	390
F1748_4	F598_4	190	1383	623	907
F1748_4	M1513_4	190	1268	676	987
F1748_4	M2008_4	190	1188	199	286
F1748_4	M2259_4	190	1227	796	1125
F1748_4	M436_4	190	1223	657	921
F1748_4	M795_4	190	1321	669	955
F1936_4	F106_4	190	1187	220	651
F1936_4	F1187_4	190	1233	739	2397
F1936_4	F1295_4	190	1242	808	2687
F1936_4	F1748_4	190	1215	977	3131
F1936_4	F2442_4	190	1378	414	1384
F1936_4	F2796_4	190	1226	425	1423
F1936_4	F430_4	190	1327	435	1413
F1936_4	F598_4	190	1181	725	2370
F1936_4	M1513_4	190	1220	851	2850
F1936_4	M2008_4	190	1317	317	1018
F1936_4	M2259_4	190	1338	1015	3339
F1936_4	M436_4	190	1256	816	2722
F1936_4	M795_4	190	1331	861	2791
F2442_4	F106_4	190	1251	562	1933
F2442_4	F1187_4	190	1284	1060	3607
F2442_4	F1295_4	190	1320	1114	3745
F2442_4	F1748_4	190	1290	1190	4040
F2442_4	F1936_4	190	1378	709	2387
F2442_4	F2796_4	190	1293	795	2619
F2442_4	F430_4	190	1382	838	2831
F2442_4	F598_4	190	1133	902	3036
F2442_4	M1513_4	190	1282	1123	3801
F2442_4	M2008_4	190	1286	634	2197
F2442_4	M2259_4	190	1195	1081	3646
F2442_4	M436_4	190	1192	1011	3348
F2442_4	M795_4	190	1231	1028	3419
F2796_4	F106_4	190	1382	271	271
F2796_4	F1187_4	190	1321	786	786
F2796_4	F1295_4	190	1129	728	728
F2796_4	F1748_4	190	1242	977	977
F2796_4	F1936_4	190	1226	273	273
F2796_4	F2442_4	190	1293	372	372
F2796_4	F430_4	190	1218	389	389
F2796_4	F598_4	190	1168	677	677
F2796_4	M1513_4	190	1301	873	873
F2796_4	M2008_4	190	1236	280	280
F2796_4	M2259_4	190	1275	982	982
F2796_4	M436_4	190	1217	773	773
F2796_4	M795_4	190	1440	910	910
F430_4	F106_4	190	1228	99	99
F430_4	F1187_4	190	1181	387	387
F430_4	F1295_4	190	1340	492	492
F430_4	F1748_4	190	1130	559	559
F430_4	F1936_4	190	1327	108	108
F430_4	F2442_4	190	1382	169	169
F430_4	F2796_4	190	1218	180	180
F430_4	F598_4	190	1296	365	365
F430_4	M1513_4	190	1103	424	424
F430_4	M2008_4	190	1277	112	112
F430_4	M2259_4	190	1236	585	585
F430_4	M436_4	190	1280	439	439
F430_4	M795_4	190	1246	403	403
F598_4	F106_4	190	1318	608	608
F598_4	F1187_4	190	1260	1072	1072
F598_4	F1295_4	190	1128	979	979
F598_4	F1748_4	190	1383	1288	1288
F598_4	F1936_4	190	1181	642	642
F598_4	F2442_4	190	1133	687	687
F598_4	F2796_4	190	1168	785	785
F598_4	F430_4	190	1296	817	817
F598_4	M1513_4	190	1235	1104	1104
F598_4	M2008_4	190	1233	683	683
F598_4	M2259_4	190	1235	1132	1132
F598_4	M436_4	190	1319	1137	1137
F598_4	M795_4	190	1237	1060	1060
M1513_4	F106_4	190	1239	612	1392
M1513_4	F1187_4	190	1366	1169	2721
M1513_4	F1295_4	190	1197	1056	2417
M1513_4	F1748_4	190	1268	1194	2785
M1513_4	F1936_4	190	1220	679	1551
M1513_4	F2442_4	190	1282	787	1878
M1513_4	F2796_4	190	1301	887	2031
M1513_4	F430_4	190	1103	718	1649
M1513_4	F598_4	190	1235	1038	2364
M1513_4	M2008_4	190	1259	689	1556
M1513_4	M2259_4	190	1164	1092	2498
M1513_4	M436_4	190	1294	1137	2628
M1513_4	M795_4	190	1197	1060	2430
M2008_4	F106_4	190	1140	299	463
M2008_4	F1187_4	190	1079	755	1182
M2008_4	F1295_4	190	1237	899	1377
M2008_4	F1748_4	190	1188	982	1480
M2008_4	F1936_4	190	1317	429	665
M2008_4	F2442_4	190	1286	476	748
M2008_4	F2796_4	190	1236	587	888
M2008_4	F430_4	190	1277	537	827
M2008_4	F598_4	190	1233	813	1241
M2008_4	M1513_4	190	1259	950	1452
M2008_4	M2259_4	190	1348	1113	1733
M2008_4	M436_4	190	1342	959	1456
M2008_4	M795_4	190	1224	863	1299
M2259_4	F106_4	190	1180	176	176
M2259_4	F1187_4	190	1460	781	781
M2259_4	F1295_4	190	1362	795	795
M2259_4	F1748_4	190	1227	870	870
M2259_4	F1936_4	190	1338	275	275
M2259_4	F2442_4	190	1195	254	254
M2259_4	F2796_4	190	1275	355	355
M2259_4	F430_4	190	1236	319	319
M2259_4	F598_4	190	1235	622	622
M2259_4	M1513_4	190	1164	728	728
M2259_4	M2008_4	190	1348	249	249
M2259_4	M436_4	190	1383	747	747
M2259_4	M795_4	190	1167	621	621
M436_4	F106_4	190	1268	324	437
M436_4	F1187_4	190	1283	899	1210
M436_4	F1295_4	190	1175	864	1166
M436_4	F1748_4	190	1223	1025	1392
M436_4	F1936_4	190	1256	381	502
M436_4	F2442_4	190	1192	400	534
M436_4	F2796_4	190	1217	550	733
M436_4	F430_4	190	1280	553	744
M436_4	F598_4	190	1319	896	1196
M436_4	M1513_4	190	1294	967	1276
M436_4	M2008_4	190	1342	400	545
M436_4	M2259_4	190	1383	1166	1578
M436_4	M795_4	190	1274	932	1262
M795_4	F106_4	190	1167	775	1150
M795_4	F1187_4	190	1515	1398	2201
M795_4	F1295_4	190	1408	1328	2073
M795_4	F1748_4	190	1321	1272	1977
M795_4	F1936_4	190	1331	973	1524
M795_4	F2442_4	190	1231	956	1515
M795_4	F2796_4	190	1440	1204	1938
M795_4	F430_4	190	1246	986	1520
M795_4	F598_4	190	1237	1123	1801
M795_4	M1513_4	190	1197	1129	1813
M795_4	M2008_4	190	1224	869	1343
M795_4	M2259_4	190	1167	1124	1755
M795_4	M436_4	190	1274	1189	1904
F1037_4	F1973_4	191	1383	1229	2967
F1037_4	F2148_4	191	1133	1058	2534
F1037_4	F2358_4	191	1196	1040	2420
F1037_4	F657_4	191	1363	1162	2676
F1037_4	F667_4	191	1368	1177	2741
F1037_4	M105_4	191	1214	1158	2721
F1037_4	M1353_4	191	1398	1071	2512
F1037_4	M1732_4	191	1276	1214	2873
F1037_4	M2040_4	191	1235	670	1592
F1037_4	M2202_4	191	1224	317	780
F1037_4	M2391_4	191	1242	515	1182
F1037_4	M2743_4	191	1224	1161	2729
F1037_4	M773_4	191	1254	1235	2899
F1973_4	F1037_4	191	1383	1119	1429
F1973_4	F2148_4	191	1220	1202	1582
F1973_4	F2358_4	191	1344	1319	1711
F1973_4	F657_4	191	1250	1227	1611
F1973_4	F667_4	191	1280	1246	1630
F1973_4	M105_4	191	1410	1393	1811
F1973_4	M1353_4	191	1307	1255	1678
F1973_4	M1732_4	191	1307	1298	1693
F1973_4	M2040_4	191	1144	1023	1366
F1973_4	M2202_4	191	1238	810	1056
F1973_4	M2391_4	191	1225	1001	1299
F1973_4	M2743_4	191	1111	1107	1430
F1973_4	M773_4	191	1302	1299	1704
F2148_4	F1037_4	191	1133	482	675
F2148_4	F1973_4	191	1220	1131	1568
F2148_4	F2358_4	191	1147	1035	1492
F2148_4	F657_4	191	1218	1088	1552
F2148_4	F667_4	191	1160	1047	1472
F2148_4	M105_4	191	1148	1099	1527
F2148_4	M1353_4	191	1331	1107	1585
F2148_4	M1732_4	191	1118	1095	1550
F2148_4	M2040_4	191	1304	828	1168
F2148_4	M2202_4	191	1271	404	552
F2148_4	M2391_4	191	1135	595	856
F2148_4	M2743_4	191	1163	1137	1580
F2148_4	M773_4	191	1309	1297	1836
F2358_4	F1037_4	191	1196	724	1628
F2358_4	F1973_4	191	1344	1295	2895
F2358_4	F2148_4	191	1147	1117	2525
F2358_4	F657_4	191	1232	1159	2608
F2358_4	F667_4	191	1170	1094	2551
F2358_4	M105_4	191	1295	1270	2875
F2358_4	M1353_4	191	1289	1158	2630
F2358_4	M1732_4	191	1361	1335	2969
F2358_4	M2040_4	191	1290	997	2297
F2358_4	M2202_4	191	1145	539	1209
F2358_4	M2391_4	191	1243	812	1829
F2358_4	M2743_4	191	1195	1175	2698
F2358_4	M773_4	191	1587	1578	3529
F657_4	F1037_4	191	1363	64	64
F657_4	F1973_4	191	1250	615	615
F657_4	F2148_4	191	1218	768	768
F657_4	F2358_4	191	1232	506	506
F657_4	F667_4	191	1209	482	482
F657_4	M105_4	191	1246	854	854
F657_4	M1353_4	191	1294	323	323
F657_4	M1732_4	191	1392	921	921
F657_4	M2040_4	191	1302	152	152
F657_4	M2202_4	191	1369	42	42
F657_4	M2391_4	191	1490	90	90
F657_4	M2743_4	191	1282	913	913
F657_4	M773_4	191	1316	1153	1153
F667_4	F1037_4	191	1368	741	1195
F667_4	F1973_4	191	1280	1223	1939
F667_4	F2148_4	191	1160	1124	1823
F667_4	F2358_4	191	1170	1099	1761
F667_4	F657_4	191	1209	1113	1803
F667_4	M105_4	191	1164	1132	1883
F667_4	M1353_4	191	1281	1112	1786
F667_4	M1732_4	191	1237	1201	1958
F667_4	M2040_4	191	1294	914	1509
F667_4	M2202_4	191	1241	456	725
F667_4	M2391_4	191	1300	772	1230
F667_4	M2743_4	191	1276	1254	2038
F667_4	M773_4	191	1394	1383	2249
M105_4	F1037_4	191	1214	474	474
M105_4	F1973_4	191	1410	1289	1289
M105_4	F2148_4	191	1148	1097	1097
M105_4	F2358_4	191	1295	1164	1164
M105_4	F657_4	191	1246	1108	1108
M105_4	F667_4	191	1164	1033	1033
M105_4	M1353_4	191	1160	919	919
M105_4	M1732_4	191	1126	1077	1077
M105_4	M2040_4	191	1265	776	776
M105_4	M2202_4	191	1181	358	358
M105_4	M2391_4	191	1202	521	521
M105_4	M2743_4	191	1391	1347	1347
M105_4	M773_4	191	1411	1393	1393
M1353_4	F1037_4	191	1398	32	156
M1353_4	F1973_4	191	1307	332	1664
M1353_4	F2148_4	191	1331	482	2383
M1353_4	F2358_4	191	1289	261	1256
M1353_4	F657_4	191	1294	231	1136
M1353_4	F667_4	191	1281	205	984
M1353_4	M105_4	191	1160	506	2514
M1353_4	M1732_4	191	1271	524	2513
M1353_4	M2040_4	191	1217	55	271
M1353_4	M2202_4	191	1249	12	49
M1353_4	M2391_4	191	1208	28	143
M1353_4	M2743_4	191	1158	568	2773
M1353_4	M773_4	191	1362	921	4468
M1732_4	F1037_4	191	1276	84	84
M1732_4	F1973_4	191	1307	657	657
M1732_4	F2148_4	191	1118	723	723
M1732_4	F2358_4	191	1361	653	653
M1732_4	F657_4	191	1392	611	611
M1732_4	F667_4	191	1237	559	559
M1732_4	M105_4	191	1126	784	784
M1732_4	M1353_4	191	1271	367	367
M1732_4	M2040_4	191	1405	181	181
M1732_4	M2202_4	191	1302	44	44
M1732_4	M2391_4	191	1362	102	102
M1732_4	M2743_4	191	1203	876	876
M1732_4	M773_4	191	1174	1043	1043
M2040_4	F1037_4	191	1235	129	129
M2040_4	F1973_4	191	1144	708	708
M2040_4	F2148_4	191	1304	963	963
M2040_4	F2358_4	191	1290	733	733
M2040_4	F657_4	191	1302	682	682
M2040_4	F667_4	191	1294	717	717
M2040_4	M105_4	191	1265	980	980
M2040_4	M1353_4	191	1217	433	433
M2040_4	M1732_4	191	1405	1094	1094
M2040_4	M2202_4	191	1294	77	77
M2040_4	M2391_4	191	1138	118	118
M2040_4	M2743_4	191	1135	914	914
M2040_4	M773_4	191	1296	1194	1194
M2202_4	F1037_4	191	1224	23	50
M2202_4	F1973_4	191	1238	319	706
M2202_4	F2148_4	191	1271	462	1093
M2202_4	F2358_4	191	1145	259	634
M2202_4	F657_4	191	1369	292	691
M2202_4	F667_4	191	1241	253	582
M2202_4	M105_4	191	1181	507	1139
M2202_4	M1353_4	191	1249	130	270
M2202_4	M1732_4	191	1302	553	1330
M2202_4	M2040_4	191	1294	54	124
M2202_4	M2391_4	191	1287	34	80
M2202_4	M2743_4	191	1369	626	1440
M2202_4	M773_4	191	1163	819	1941
M2391_4	F1037_4	191	1242	432	432
M2391_4	F1973_4	191	1225	1068	1068
M2391_4	F2148_4	191	1135	1048	1048
M2391_4	F2358_4	191	1243	1068	1068
M2391_4	F657_4	191	1490	1278	1278
M2391_4	F667_4	191	1300	1121	1121
M2391_4	M105_4	191	1202	1135	1135
M2391_4	M1353_4	191	1208	895	895
M2391_4	M1732_4	191	1362	1287	1287
M2391_4	M2040_4	191	1138	607	607
M2391_4	M2202_4	191	1287	279	279
M2391_4	M2743_4	191	1268	1207	1207
M2391_4	M773_4	191	1164	1135	1135
M2743_4	F1037_4	191	1224	288	355
M2743_4	F1973_4	191	1111	914	1093
M2743_4	F2148_4	191	1163	1028	1221
M2743_4	F2358_4	191	1195	927	1110
M2743_4	F657_4	191	1282	987	1205
M2743_4	F667_4	191	1276	973	1175
M2743_4	M105_4	191	1391	1249	1505
M2743_4	M1353_4	191	1158	720	854
M2743_4	M1732_4	191	1203	1095	1280
M2743_4	M2040_4	191	1135	426	513
M2743_4	M2202_4	191	1369	197	233
M2743_4	M2391_4	191	1268	322	371
M2743_4	M773_4	191	1331	1283	1548
M773_4	F1037_4	191	1254	1075	3298
M773_4	F1973_4	191	1302	1281	3894
M773_4	F2148_4	191	1309	1300	3927
M773_4	F2358_4	191	1587	1563	4853
M773_4	F657_4	191	1316	1303	3954
M773_4	F667_4	191	1394	1369	4198
M773_4	M105_4	191	1411	1404	4282
M773_4	M1353_4	191	1362	1329	4080
M773_4	M1732_4	191	1174	1168	3692
M773_4	M2040_4	191	1296	1203	3603
M773_4	M2202_4	191	1163	886	2642
M773_4	M2391_4	191	1164	985	2945
M773_4	M2743_4	191	1331	1328	3975
F138_4	F1468_4	192	1330	743	1798
F138_4	F1685_4	192	1317	1216	2890
F138_4	F1717_4	192	1198	1184	2692
F138_4	F2155_4	192	1223	1077	2492
F138_4	F2216_4	192	1166	1056	2404
F138_4	M1268_4	192	1383	1310	3023
F138_4	M1271_4	192	1323	1229	2829
F138_4	M1303_4	192	1179	545	1252
F138_4	M1693_4	192	1212	924	2139
F138_4	M2274_4	192	1325	1129	2605
F138_4	M2661_4	192	1214	762	1780
F138_4	M530_4	192	1172	726	1704
F138_4	M602_4	192	1173	1100	2562
F1468_4	F138_4	192	1330	799	799
F1468_4	F1685_4	192	1170	543	543
F1468_4	F1717_4	192	1321	1120	1120
F1468_4	F2155_4	192	1166	403	403
F1468_4	F2216_4	192	1218	506	506
F1468_4	M1268_4	192	1191	704	704
F1468_4	M1271_4	192	1203	576	576
F1468_4	M1303_4	192	1416	84	84
F1468_4	M1693_4	192	1322	285	285
F1468_4	M2274_4	192	1260	318	318
F1468_4	M2661_4	192	1137	135	135
F1468_4	M530_4	192	1060	139	139
F1468_4	M602_4	192	1343	741	741
F1685_4	F138_4	192	1317	1307	1307
F1685_4	F1468_4	192	1170	1057	1057
F1685_4	F1717_4	192	1288	1286	1286
F1685_4	F2155_4	192	1113	1082	1082
F1685_4	F2216_4	192	1248	1222	1222
F1685_4	M1268_4	192	1287	1280	1280
F1685_4	M1271_4	192	1413	1390	1390
F1685_4	M1303_4	192	1227	1016	1016
F1685_4	M1693_4	192	1169	1115	1115
F1685_4	M2274_4	192	1223	1184	1184
F1685_4	M2661_4	192	1183	1105	1105
F1685_4	M530_4	192	1085	974	974
F1685_4	M602_4	192	1207	1195	1195
F1717_4	F138_4	192	1198	810	810
F1717_4	F1468_4	192	1321	158	158
F1717_4	F1685_4	192	1288	700	700
F1717_4	F2155_4	192	1152	474	474
F1717_4	F2216_4	192	1266	636	636
F1717_4	M1268_4	192	1221	816	816
F1717_4	M1271_4	192	1211	641	641
F1717_4	M1303_4	192	1232	84	84
F1717_4	M1693_4	192	1131	305	305
F1717_4	M2274_4	192	1205	401	401
F1717_4	M2661_4	192	1221	182	182
F1717_4	M530_4	192	1326	185	185
F1717_4	M602_4	192	1225	732	732
F2155_4	F138_4	192	1223	902	2723
F2155_4	F1468_4	192	1166	190	603
F2155_4	F1685_4	192	1113	685	2108
F2155_4	F1717_4	192	1152	1062	3305
F2155_4	F2216_4	192	1055	607	1877
F2155_4	M1268_4	192	1271	914	2843
F2155_4	M1271_4	192	1163	713	2184
F2155_4	M1303_4	192	1399	144	469
F2155_4	M1693_4	192	1158	412	1264
F2155_4	M2274_4	192	1174	478	1420
F2155_4	M2661_4	192	1252	265	786
F2155_4	M530_4	192	1238	240	698
F2155_4	M602_4	192	1306	931	2822
F2216_4	F138_4	192	1166	759	1283
F2216_4	F1468_4	192	1218	146	241
F2216_4	F1685_4	192	1248	669	1149
F2216_4	F1717_4	192	1266	1108	1868
F2216_4	F2155_4	192	1055	436	732
F2216_4	M1268_4	192	1449	977	1613
F2216_4	M1271_4	192	1305	693	1157
F2216_4	M1303_4	192	1287	91	135
F2216_4	M1693_4	192	1246	320	545
F2216_4	M2274_4	192	1256	382	636
F2216_4	M2661_4	192	1166	200	356
F2216_4	M530_4	192	1332	189	311
F2216_4	M602_4	192	1209	739	1252
M1268_4	F138_4	192	1383	1161	2433
M1268_4	F1468_4	192	1191	306	640
M1268_4	F1685_4	192	1287	952	1952
M1268_4	F1717_4	192	1221	1159	2463
M1268_4	F2155_4	192	1271	822	1744
M1268_4	F2216_4	192	1449	1026	2179
M1268_4	M1271_4	192	1258	932	1954
M1268_4	M1303_4	192	1177	217	475
M1268_4	M1693_4	192	1322	625	1320
M1268_4	M2274_4	192	1264	719	1488
M1268_4	M2661_4	192	1352	469	994
M1268_4	M530_4	192	1295	360	764
M1268_4	M602_4	192	1279	1011	2147
M1271_4	F138_4	192	1323	1066	1066
M1271_4	F1468_4	192	1203	267	267
M1271_4	F1685_4	192	1413	1024	1024
M1271_4	F1717_4	192	1211	1149	1149
M1271_4	F2155_4	192	1163	719	719
M1271_4	F2216_4	192	1305	859	859
M1271_4	M1268_4	192	1258	1032	1032
M1271_4	M1303_4	192	1369	202	202
M1271_4	M1693_4	192	1195	528	528
M1271_4	M2274_4	192	1339	694	694
M1271_4	M2661_4	192	1297	376	376
M1271_4	M530_4	192	1262	322	322
M1271_4	M602_4	192	1138	856	856
M1303_4	F138_4	192	1179	857	1948
M1303_4	F1468_4	192	1416	232	538
M1303_4	F1685_4	192	1227	794	1771
M1303_4	F1717_4	192	1232	1130	2530
M1303_4	F2155_4	192	1399	724	1666
M1303_4	F2216_4	192	1287	719	1601
M1303_4	M1268_4	192	1177	862	1927
M1303_4	M1271_4	192	1369	857	1957
M1303_4	M1693_4	192	1206	389	854
M1303_4	M2274_4	192	1420	591	1299
M1303_4	M2661_4	192	1207	245	537
M1303_4	M530_4	192	1346	270	585
M1303_4	M602_4	192	1213	850	1901
M1693_4	F138_4	192	1212	319	737
M1693_4	F1468_4	192	1322	44	100
M1693_4	F1685_4	192	1169	247	599
M1693_4	F1717_4	192	1131	684	1638
M1693_4	F2155_4	192	1158	139	310
M1693_4	F2216_4	192	1246	188	455
M1693_4	M1268_4	192	1322	405	964
M1693_4	M1271_4	192	1195	216	519
M1693_4	M1303_4	192	1206	18	43
M1693_4	M2274_4	192	1351	147	330
M1693_4	M2661_4	192	1226	39	95
M1693_4	M530_4	192	1160	40	92
M1693_4	M602_4	192	1250	264	598
M2274_4	F138_4	192	1325	1149	1149
M2274_4	F1468_4	192	1260	414	414
M2274_4	F1685_4	192	1223	994	994
M2274_4	F1717_4	192	1205	1174	1174
M2274_4	F2155_4	192	1174	867	867
M2274_4	F2216_4	192	1256	969	969
M2274_4	M1268_4	192	1264	1102	1102
M2274_4	M1271_4	192	1339	1081	1081
M2274_4	M1303_4	192	1420	300	300
M2274_4	M1693_4	192	1351	785	785
M2274_4	M2661_4	192	1313	511	511
M2274_4	M530_4	192	1352	470	470
M2274_4	M602_4	192	1256	1057	1057
M2661_4	F138_4	192	1214	1115	2553
M2661_4	F1468_4	192	1137	501	1173
M2661_4	F1685_4	192	1183	1019	2425
M2661_4	F1717_4	192	1221	1190	2726
M2661_4	F2155_4	192	1252	1001	2296
M2661_4	F2216_4	192	1166	977	2299
M2661_4	M1268_4	192	1352	1246	2899
M2661_4	M1271_4	192	1297	1141	2652
M2661_4	M1303_4	192	1207	416	1004
M2661_4	M1693_4	192	1226	832	1947
M2661_4	M2274_4	192	1313	994	2333
M2661_4	M530_4	192	1387	655	1528
M2661_4	M602_4	192	1161	1024	2395
M530_4	F138_4	192	1172	732	864
M530_4	F1468_4	192	1060	102	119
M530_4	F1685_4	192	1085	565	649
M530_4	F1717_4	192	1326	1149	1376
M530_4	F2155_4	192	1238	510	588
M530_4	F2216_4	192	1332	608	709
M530_4	M1268_4	192	1295	803	920
M530_4	M1271_4	192	1262	652	760
M530_4	M1303_4	192	1346	88	104
M530_4	M1693_4	192	1160	254	302
M530_4	M2274_4	192	1352	404	475
M530_4	M2661_4	192	1387	191	229
M530_4	M602_4	192	1394	781	923
M602_4	F138_4	192	1173	1070	1070
M602_4	F1468_4	192	1343	527	527
M602_4	F1685_4	192	1207	1008	1008
M602_4	F1717_4	192	1225	1209	1209
M602_4	F2155_4	192	1306	1036	1036
M602_4	F2216_4	192	1209	994	994
M602_4	M1268_4	192	1279	1164	1164
M602_4	M1271_4	192	1138	968	968
M602_4	M1303_4	192	1213	346	346
M602_4	M1693_4	192	1250	802	802
M602_4	M2274_4	192	1256	882	882
M602_4	M2661_4	192	1161	530	530
M602_4	M530_4	192	1394	593	593
F1644_4	F1869_4	193	1184	485	485
F1644_4	F1896_4	193	1199	1148	1148
F1644_4	F2419_4	193	1473	62	62
F1644_4	F2542_4	193	1224	298	298
F1644_4	F2694_4	193	1190	209	209
F1644_4	F2777_4	193	1335	358	358
F1644_4	M1441_4	193	1134	341	341
F1644_4	M1498_4	193	1220	177	177
F1644_4	M203_4	193	1178	1031	1031
F1644_4	M2327_4	193	1286	113	113
F1644_4	M280_4	193	1313	1042	1042
F1644_4	M316_4	193	1277	623	623
F1644_4	M514_4	193	1338	228	228
F1869_4	F1644_4	193	1184	1178	1466
F1869_4	F1896_4	193	1328	1318	1608
F1869_4	F2419_4	193	1316	185	230
F1869_4	F2542_4	193	1330	701	870
F1869_4	F2694_4	193	1198	543	662
F1869_4	F2777_4	193	1209	701	876
F1869_4	M1441_4	193	1175	738	907
F1869_4	M1498_4	193	1235	483	598
F1869_4	M203_4	193	1291	1237	1547
F1869_4	M2327_4	193	1167	304	374
F1869_4	M280_4	193	1301	1236	1556
F1869_4	M316_4	193	1240	954	1205
F1869_4	M514_4	193	1423	568	690
F1896_4	F1644_4	193	1199	1099	1099
F1896_4	F1869_4	193	1328	180	180
F1896_4	F2419_4	193	1133	17	17
F1896_4	F2542_4	193	1233	81	81
F1896_4	F2694_4	193	1370	68	68
F1896_4	F2777_4	193	1363	121	121
F1896_4	M1441_4	193	1270	120	120
F1896_4	M1498_4	193	1191	43	43
F1896_4	M203_4	193	1193	714	714
F1896_4	M2327_4	193	1361	32	32
F1896_4	M280_4	193	1134	551	551
F1896_4	M316_4	193	1294	245	245
F1896_4	M514_4	193	1147	48	48
F2419_4	F1644_4	193	1473	1436	1575
F2419_4	F1869_4	193	1316	459	495
F2419_4	F1896_4	193	1133	1056	1169
F2419_4	F2542_4	193	1153	202	226
F2419_4	F2694_4	193	1377	186	200
F2419_4	F2777_4	193	1232	286	314
F2419_4	M1441_4	193	1170	285	315
F2419_4	M1498_4	193	1230	142	162
F2419_4	M203_4	193	1304	1071	1168
F2419_4	M2327_4	193	1402	83	91
F2419_4	M280_4	193	1264	941	1019
F2419_4	M316_4	193	1255	519	566
F2419_4	M514_4	193	1278	167	175
F2542_4	F1644_4	193	1224	1220	1220
F2542_4	F1869_4	193	1330	1168	1168
F2542_4	F1896_4	193	1233	1222	1222
F2542_4	F2419_4	193	1153	414	414
F2542_4	F2694_4	193	1375	965	965
F2542_4	F2777_4	193	1332	1089	1089
F2542_4	M1441_4	193	1390	1156	1156
F2542_4	M1498_4	193	1298	821	821
F2542_4	M203_4	193	1176	1159	1159
F2542_4	M2327_4	193	1329	677	677
F2542_4	M280_4	193	1195	1169	1169
F2542_4	M316_4	193	1334	1225	1225
F2542_4	M514_4	193	1432	951	951
F2694_4	F1644_4	193	1190	1085	2006
F2694_4	F1869_4	193	1198	161	291
F2694_4	F1896_4	193	1370	1151	2088
F2694_4	F2419_4	193	1377	9	15
F2694_4	F2542_4	193	1375	75	135
F2694_4	F2777_4	193	1271	94	176
F2694_4	M1441_4	193	1368	127	233
F2694_4	M1498_4	193	1354	47	85
F2694_4	M203_4	193	1372	779	1420
F2694_4	M2327_4	193	1298	31	61
F2694_4	M280_4	193	1231	569	1049
F2694_4	M316_4	193	1152	190	359
F2694_4	M514_4	193	1201	33	61
F2777_4	F1644_4	193	1335	1315	3847
F2777_4	F1869_4	193	1209	618	1806
F2777_4	F1896_4	193	1363	1317	3849
F2777_4	F2419_4	193	1232	81	248
F2777_4	F2542_4	193	1332	401	1204
F2777_4	F2694_4	193	1271	313	886
F2777_4	M1441_4	193	1239	502	1478
F2777_4	M1498_4	193	1135	230	692
F2777_4	M203_4	193	1161	1054	3214
F2777_4	M2327_4	193	1341	148	444
F2777_4	M280_4	193	1233	1066	3118
F2777_4	M316_4	193	1287	711	1985
F2777_4	M514_4	193	1168	240	685
M1441_4	F1644_4	193	1134	1040	3490
M1441_4	F1869_4	193	1175	164	532
M1441_4	F1896_4	193	1270	1074	3519
M1441_4	F2419_4	193	1170	12	30
M1441_4	F2542_4	193	1390	115	382
M1441_4	F2694_4	193	1368	70	221
M1441_4	F2777_4	193	1239	103	328
M1441_4	M1498_4	193	1304	57	190
M1441_4	M203_4	193	1212	743	2354
M1441_4	M2327_4	193	1352	19	67
M1441_4	M280_4	193	1287	651	2080
M1441_4	M316_4	193	1194	197	617
M1441_4	M514_4	193	1235	54	179
M1498_4	F1644_4	193	1220	1194	1194
M1498_4	F1869_4	193	1235	478	478
M1498_4	F1896_4	193	1191	1141	1141
M1498_4	F2419_4	193	1230	45	45
M1498_4	F2542_4	193	1298	251	251
M1498_4	F2694_4	193	1354	220	220
M1498_4	F2777_4	193	1135	282	282
M1498_4	M1441_4	193	1304	341	341
M1498_4	M203_4	193	1234	1043	1043
M1498_4	M2327_4	193	1258	109	109
M1498_4	M280_4	193	1278	1006	1006
M1498_4	M316_4	193	1229	556	556
M1498_4	M514_4	193	1266	172	172
M203_4	F1644_4	193	1178	1167	1167
M203_4	F1869_4	193	1291	767	767
M203_4	F1896_4	193	1193	1179	1179
M203_4	F2419_4	193	1304	115	115
M203_4	F2542_4	193	1176	442	442
M203_4	F2694_4	193	1372	405	405
M203_4	F2777_4	193	1161	496	496
M203_4	M1441_4	193	1212	607	607
M203_4	M1498_4	193	1234	338	338
M203_4	M2327_4	193	1250	214	214
M203_4	M280_4	193	1289	1163	1163
M203_4	M316_4	193	1101	722	722
M203_4	M514_4	193	1239	342	342
M2327_4	F1644_4	193	1286	1269	2870
M2327_4	F1869_4	193	1167	610	1382
M2327_4	F1896_4	193	1361	1321	3121
M2327_4	F2419_4	193	1402	106	247
M2327_4	F2542_4	193	1329	445	1055
M2327_4	F2694_4	193	1298	341	792
M2327_4	F2777_4	193	1341	493	1153
M2327_4	M1441_4	193	1352	579	1308
M2327_4	M1498_4	193	1258	268	664
M2327_4	M203_4	193	1250	1141	2583
M2327_4	M280_4	193	1205	1058	2461
M2327_4	M316_4	193	1321	787	1785
M2327_4	M514_4	193	1357	305	701
M280_4	F1644_4	193	1313	1160	1160
M280_4	F1869_4	193	1301	144	144
M280_4	F1896_4	193	1134	920	920
M280_4	F2419_4	193	1264	11	11
M280_4	F2542_4	193	1195	43	43
M280_4	F2694_4	193	1231	43	43
M280_4	F2777_4	193	1233	62	62
M280_4	M1441_4	193	1287	79	79
M280_4	M1498_4	193	1278	31	31
M280_4	M203_4	193	1289	666	666
M280_4	M2327_4	193	1205	16	16
M280_4	M316_4	193	1069	135	135
M280_4	M514_4	193	1157	27	27
M316_4	F1644_4	193	1277	1273	2024
M316_4	F1869_4	193	1240	1085	1720
M316_4	F1896_4	193	1294	1288	2059
M316_4	F2419_4	193	1255	409	661
M316_4	F2542_4	193	1334	1002	1573
M316_4	F2694_4	193	1152	795	1281
M316_4	F2777_4	193	1287	1021	1622
M316_4	M1441_4	193	1194	975	1593
M316_4	M1498_4	193	1229	760	1204
M316_4	M203_4	193	1101	1090	1737
M316_4	M2327_4	193	1321	689	1099
M316_4	M280_4	193	1069	1043	1679
M316_4	M514_4	193	1210	783	1221
M514_4	F1644_4	193	1338	1311	1311
M514_4	F1869_4	193	1423	610	610
M514_4	F1896_4	193	1147	1109	1109
M514_4	F2419_4	193	1278	57	57
M514_4	F2542_4	193	1432	353	353
M514_4	F2694_4	193	1201	251	251
M514_4	F2777_4	193	1168	343	343
M514_4	M1441_4	193	1235	415	415
M514_4	M1498_4	193	1266	222	222
M514_4	M203_4	193	1239	1100	1100
M514_4	M2327_4	193	1357	139	139
M514_4	M280_4	193	1157	939	939
M514_4	M316_4	193	1210	607	607
F1281_4	F1307_4	194	1176	513	513
F1281_4	F2211_4	194	1221	505	505
F1281_4	F54_4	194	1312	326	326
F1281_4	F751_4	194	1334	348	348
F1281_4	F930_4	194	1308	268	268
F1281_4	M1339_4	194	1131	113	113
F1281_4	M1926_4	194	1247	273	273
F1281_4	M2560_4	194	1250	21	21
F1281_4	M2707_4	194	1399	250	250
F1281_4	M2728_4	194	1234	381	381
F1281_4	M327_4	194	1245	59	59
F1281_4	M46_4	194	1206	346	346
F1281_4	M620_4	194	1222	11	11
F1307_4	F1281_4	194	1176	184	184
F1307_4	F2211_4	194	1097	618	618
F1307_4	F54_4	194	1246	518	518
F1307_4	F751_4	194	1236	538	538
F1307_4	F930_4	194	1207	363	363
F1307_4	M1339_4	194	1275	240	240
F1307_4	M1926_4	194	1433	540	540
F1307_4	M2560_4	194	1111	22	22
F1307_4	M2707_4	194	1309	396	396
F1307_4	M2728_4	194	1446	676	676
F1307_4	M327_4	194	1361	137	137
F1307_4	M46_4	194	1329	601	601
F1307_4	M620_4	194	1310	24	24
F2211_4	F1281_4	194	1221	203	203
F2211_4	F1307_4	194	1097	716	716
F2211_4	F54_4	194	1302	654	654
F2211_4	F751_4	194	1154	607	607
F2211_4	F930_4	194	1231	506	506
F2211_4	M1339_4	194	1366	320	320
F2211_4	M1926_4	194	1295	521	521
F2211_4	M2560_4	194	1324	65	65
F2211_4	M2707_4	194	1428	551	551
F2211_4	M2728_4	194	1311	681	681
F2211_4	M327_4	194	1163	186	186
F2211_4	M46_4	194	1333	688	688
F2211_4	M620_4	194	1318	36	36
F54_4	F1281_4	194	1312	98	127
F54_4	F1307_4	194	1246	490	676
F54_4	F2211_4	194	1302	532	723
F54_4	F751_4	194	1318	331	445
F54_4	F930_4	194	1228	224	313
F54_4	M1339_4	194	1231	116	156
F54_4	M1926_4	194	1287	237	303
F54_4	M2560_4	194	1317	14	21
F54_4	M2707_4	194	1204	207	289
F54_4	M2728_4	194	1308	394	533
F54_4	M327_4	194	1320	80	111
F54_4	M46_4	194	1244	304	399
F54_4	M620_4	194	1287	15	15
F751_4	F1281_4	194	1334	1154	3824
F751_4	F1307_4	194	1236	1205	4081
F751_4	F2211_4	194	1154	1130	3722
F751_4	F54_4	194	1318	1257	4203
F751_4	F930_4	194	1182	1132	3874
F751_4	M1339_4	194	1111	995	3387
F751_4	M1926_4	194	1105	1051	3512
F751_4	M2560_4	194	1283	705	2394
F751_4	M2707_4	194	1345	1266	4172
F751_4	M2728_4	194	1178	1144	3784
F751_4	M327_4	194	1329	1086	3704
F751_4	M46_4	194	1267	1226	4102
F751_4	M620_4	194	1242	528	1800
F930_4	F1281_4	194	1308	278	278
F930_4	F1307_4	194	1207	820	820
F930_4	F2211_4	194	1231	825	825
F930_4	F54_4	194	1228	633	633
F930_4	F751_4	194	1182	621	621
F930_4	M1339_4	194	1164	295	295
F930_4	M1926_4	194	1241	542	542
F930_4	M2560_4	194	1275	60	60
F930_4	M2707_4	194	1210	486	486
F930_4	M2728_4	194	1299	760	760
F930_4	M327_4	194	1296	212	212
F930_4	M46_4	194	1319	744	744
F930_4	M620_4	194	1191	41	41
M1339_4	F1281_4	194	1131	783	783
M1339_4	F1307_4	194	1275	1211	1211
M1339_4	F2211_4	194	1366	1297	1297
M1339_4	F54_4	194	1231	1110	1110
M1339_4	F751_4	194	1111	1000	1000
M1339_4	F930_4	194	1164	997	997
M1339_4	M1926_4	194	1265	1130	1130
M1339_4	M2560_4	194	1342	411	411
M1339_4	M2707_4	194	1172	995	995
M1339_4	M2728_4	194	1259	1143	1143
M1339_4	M327_4	194	1274	778	778
M1339_4	M46_4	194	1208	1083	1083
M1339_4	M620_4	194	1254	255	255
M1926_4	F1281_4	194	1247	625	1258
M1926_4	F1307_4	194	1433	1280	2626
M1926_4	F2211_4	194	1295	1134	2354
M1926_4	F54_4	194	1287	1043	2243
M1926_4	F751_4	194	1105	911	1877
M1926_4	F930_4	194	1241	925	1907
M1926_4	M1339_4	194	1265	705	1464
M1926_4	M2560_4	194	1310	209	447
M1926_4	M2707_4	194	1310	931	1924
M1926_4	M2728_4	194	1323	1116	2369
M1926_4	M327_4	194	1249	509	1043
M1926_4	M46_4	194	1205	979	2055
M1926_4	M620_4	194	1238	130	283
M2560_4	F1281_4	194	1250	590	590
M2560_4	F1307_4	194	1111	959	959
M2560_4	F2211_4	194	1324	1149	1149
M2560_4	F54_4	194	1317	1025	1025
M2560_4	F751_4	194	1283	1028	1028
M2560_4	F930_4	194	1275	854	854
M2560_4	M1339_4	194	1342	691	691
M2560_4	M1926_4	194	1310	938	938
M2560_4	M2707_4	194	1216	852	852
M2560_4	M2728_4	194	1305	1076	1076
M2560_4	M327_4	194	1123	415	415
M2560_4	M46_4	194	1247	999	999
M2560_4	M620_4	194	1444	141	141
M2707_4	F1281_4	194	1399	189	368
M2707_4	F1307_4	194	1309	718	1300
M2707_4	F2211_4	194	1428	809	1532
M2707_4	F54_4	194	1204	469	903
M2707_4	F751_4	194	1345	554	1065
M2707_4	F930_4	194	1210	355	662
M2707_4	M1339_4	194	1172	205	390
M2707_4	M1926_4	194	1310	410	745
M2707_4	M2560_4	194	1216	40	76
M2707_4	M2728_4	194	1212	552	1062
M2707_4	M327_4	194	1112	105	182
M2707_4	M46_4	194	1273	526	983
M2707_4	M620_4	194	1273	17	37
M2728_4	F1281_4	194	1234	585	1801
M2728_4	F1307_4	194	1446	1290	3860
M2728_4	F2211_4	194	1311	1159	3566
M2728_4	F54_4	194	1308	1001	2987
M2728_4	F751_4	194	1178	956	2823
M2728_4	F930_4	194	1299	925	2744
M2728_4	M1339_4	194	1259	660	1944
M2728_4	M1926_4	194	1323	971	2953
M2728_4	M2560_4	194	1305	189	581
M2728_4	M2707_4	194	1212	872	2653
M2728_4	M327_4	194	1239	469	1412
M2728_4	M46_4	194	1248	1009	3033
M2728_4	M620_4	194	1149	135	404
M327_4	F1281_4	194	1245	412	412
M327_4	F1307_4	194	1361	1101	1101
M327_4	F2211_4	194	1163	957	957
M327_4	F54_4	194	1320	914	914
M327_4	F751_4	194	1329	907	907
M327_4	F930_4	194	1296	760	760
M327_4	M1339_4	194	1274	497	497
M327_4	M1926_4	194	1249	790	790
M327_4	M2560_4	194	1123	102	102
M327_4	M2707_4	194	1112	640	640
M327_4	M2728_4	194	1239	895	895
M327_4	M46_4	194	1412	998	998
M327_4	M620_4	194	1253	70	70
M46_4	F1281_4	194	1206	362	362
M46_4	F1307_4	194	1329	1025	1025
M46_4	F2211_4	194	1333	1011	1011
M46_4	F54_4	194	1244	795	795
M46_4	F751_4	194	1267	834	834
M46_4	F930_4	194	1319	718	718
M46_4	M1339_4	194	1208	424	424
M46_4	M1926_4	194	1205	703	703
M46_4	M2560_4	194	1247	85	85
M46_4	M2707_4	194	1273	668	668
M46_4	M2728_4	194	1248	852	852
M46_4	M327_4	194	1412	323	323
M46_4	M620_4	194	1284	56	56
M620_4	F1281_4	194	1222	524	1219
M620_4	F1307_4	194	1310	1117	2593
M620_4	F2211_4	194	1318	1128	2589
M620_4	F54_4	194	1287	968	2224
M620_4	F751_4	194	1242	932	2133
M620_4	F930_4	194	1191	764	1732
M620_4	M1339_4	194	1254	549	1255
M620_4	M1926_4	194	1238	838	1984
M620_4	M2560_4	194	1444	186	439
M620_4	M2707_4	194	1273	798	1827
M620_4	M2728_4	194	1149	892	2057
M620_4	M327_4	194	1253	392	878
M620_4	M46_4	194	1284	990	2329
F1767_4	F1881_4	195	1284	1248	1434
F1767_4	F2267_4	195	1182	429	488
F1767_4	F2536_4	195	1265	1165	1313
F1767_4	M1033_4	195	1133	608	678
F1767_4	M1094_4	195	1218	360	406
F1767_4	M1852_4	195	1135	169	191
F1767_4	M2173_4	195	1237	127	144
F1767_4	M217_4	195	1147	773	853
F1767_4	M2394_4	195	1289	678	767
F1767_4	M2723_4	195	1320	954	1085
F1767_4	M599_4	195	1200	274	300
F1767_4	M663_4	195	1144	291	322
F1767_4	M831_4	195	1276	415	461
F1881_4	F1767_4	195	1284	135	197
F1881_4	F2267_4	195	1369	148	211
F1881_4	F2536_4	195	1335	957	1399
F1881_4	M1033_4	195	1313	265	378
F1881_4	M1094_4	195	1345	106	150
F1881_4	M1852_4	195	1219	46	65
F1881_4	M2173_4	195	1272	35	55
F1881_4	M217_4	195	1389	472	671
F1881_4	M2394_4	195	1392	288	423
F1881_4	M2723_4	195	1297	448	633
F1881_4	M599_4	195	1179	89	121
F1881_4	M663_4	195	1236	103	151
F1881_4	M831_4	195	1365	149	228
F2267_4	F1767_4	195	1182	965	1333
F2267_4	F1881_4	195	1369	1365	1863
F2267_4	F2536_4	195	1159	1145	1539
F2267_4	M1033_4	195	1123	1013	1394
F2267_4	M1094_4	195	1490	1147	1559
F2267_4	M1852_4	195	1211	669	910
F2267_4	M2173_4	195	1329	601	810
F2267_4	M217_4	195	1378	1289	1747
F2267_4	M2394_4	195	1284	1168	1592
F2267_4	M2723_4	195	1357	1299	1744
F2267_4	M599_4	195	1324	929	1249
F2267_4	M663_4	195	1192	868	1163
F2267_4	M831_4	195	1094	870	1207
F2536_4	F1767_4	195	1265	941	1012
F2536_4	F1881_4	195	1335	1327	1448
F2536_4	F2267_4	195	1159	860	919
F2536_4	M1033_4	195	1224	1067	1155
F2536_4	M1094_4	195	1215	809	884
F2536_4	M1852_4	195	1389	607	656
F2536_4	M2173_4	195	1395	512	556
F2536_4	M217_4	195	1254	1153	1237
F2536_4	M2394_4	195	1471	1271	1389
F2536_4	M2723_4	195	1268	1189	1303
F2536_4	M599_4	195	1278	785	861
F2536_4	M663_4	195	1271	831	889
F2536_4	M831_4	195	1179	855	931
M1033_4	F1767_4	195	1133	302	302
M1033_4	F1881_4	195	1313	1269	1269
M1033_4	F2267_4	195	1123	319	319
M1033_4	F2536_4	195	1224	1085	1085
M1033_4	M1094_4	195	1251	267	267
M1033_4	M1852_4	195	1307	147	147
M1033_4	M2173_4	195	1211	80	80
M1033_4	M217_4	195	1336	829	829
M1033_4	M2394_4	195	1322	575	575
M1033_4	M2723_4	195	1271	827	827
M1033_4	M599_4	195	1396	268	268
M1033_4	M663_4	195	1270	264	264
M1033_4	M831_4	195	1277	338	338
M1094_4	F1767_4	195	1218	408	1296
M1094_4	F1881_4	195	1345	1313	4233
M1094_4	F2267_4	195	1490	505	1631
M1094_4	F2536_4	195	1215	1113	3555
M1094_4	M1033_4	195	1251	631	2010
M1094_4	M1852_4	195	1222	143	463
M1094_4	M2173_4	195	1244	102	337
M1094_4	M217_4	195	1304	896	2896
M1094_4	M2394_4	195	1228	579	1793
M1094_4	M2723_4	195	1202	855	2800
M1094_4	M599_4	195	1218	285	912
M1094_4	M663_4	195	1212	285	921
M1094_4	M831_4	195	1329	434	1397
M1852_4	F1767_4	195	1135	831	831
M1852_4	F1881_4	195	1219	1214	1214
M1852_4	F2267_4	195	1211	926	926
M1852_4	F2536_4	195	1389	1367	1367
M1852_4	M1033_4	195	1307	1149	1149
M1852_4	M1094_4	195	1222	858	858
M1852_4	M2173_4	195	1324	526	526
M1852_4	M217_4	195	1228	1129	1129
M1852_4	M2394_4	195	1133	970	970
M1852_4	M2723_4	195	1150	1078	1078
M1852_4	M599_4	195	1178	736	736
M1852_4	M663_4	195	1210	825	825
M1852_4	M831_4	195	1219	893	893
M2173_4	F1767_4	195	1237	451	633
M2173_4	F1881_4	195	1272	1240	1757
M2173_4	F2267_4	195	1329	478	682
M2173_4	F2536_4	195	1395	1287	1860
M2173_4	M1033_4	195	1211	686	958
M2173_4	M1094_4	195	1244	370	498
M2173_4	M1852_4	195	1324	186	249
M2173_4	M217_4	195	1288	897	1278
M2173_4	M2394_4	195	1176	624	893
M2173_4	M2723_4	195	1312	934	1311
M2173_4	M599_4	195	1306	296	405
M2173_4	M663_4	195	1179	305	424
M2173_4	M831_4	195	1238	458	623
M217_4	F1767_4	195	1147	912	912
M217_4	F1881_4	195	1389	1382	1382
M217_4	F2267_4	195	1378	1170	1170
M217_4	F2536_4	195	1254	1237	1237
M217_4	M1033_4	195	1336	1197	1197
M217_4	M1094_4	195	1304	989	989
M217_4	M1852_4	195	1228	677	677
M217_4	M2173_4	195	1288	614	614
M217_4	M2394_4	195	1235	1108	1108
M217_4	M2723_4	195	1234	1180	1180
M217_4	M599_4	195	1288	925	925
M217_4	M663_4	195	1319	1002	1002
M217_4	M831_4	195	1198	957	957
M2394_4	F1767_4	195	1289	796	796
M2394_4	F1881_4	195	1392	1376	1376
M2394_4	F2267_4	195	1284	791	791
M2394_4	F2536_4	195	1471	1417	1417
M2394_4	M1033_4	195	1322	1012	1012
M2394_4	M1094_4	195	1228	659	659
M2394_4	M1852_4	195	1133	368	368
M2394_4	M2173_4	195	1176	267	267
M2394_4	M217_4	195	1235	1072	1072
M2394_4	M2723_4	195	1240	1075	1075
M2394_4	M599_4	195	1247	578	578
M2394_4	M663_4	195	1241	628	628
M2394_4	M831_4	195	1178	691	691
M2723_4	F1767_4	195	1320	669	669
M2723_4	F1881_4	195	1297	1271	1271
M2723_4	F2267_4	195	1357	716	716
M2723_4	F2536_4	195	1268	1220	1220
M2723_4	M1033_4	195	1271	874	874
M2723_4	M1094_4	195	1202	537	537
M2723_4	M1852_4	195	1150	292	292
M2723_4	M2173_4	195	1312	225	225
M2723_4	M217_4	195	1234	1000	1000
M2723_4	M2394_4	195	1240	846	846
M2723_4	M599_4	195	1287	493	493
M2723_4	M663_4	195	1252	525	525
M2723_4	M831_4	195	1168	561	561
M599_4	F1767_4	195	1200	1015	1015
M599_4	F1881_4	195	1179	1176	1176
M599_4	F2267_4	195	1324	1155	1155
M599_4	F2536_4	195	1278	1266	1266
M599_4	M1033_4	195	1396	1284	1284
M599_4	M1094_4	195	1218	982	982
M599_4	M1852_4	195	1178	750	750
M599_4	M2173_4	195	1306	709	709
M599_4	M217_4	195	1288	1224	1224
M599_4	M2394_4	195	1247	1151	1151
M599_4	M2723_4	195	1287	1236	1236
M599_4	M663_4	195	1272	996	996
M599_4	M831_4	195	1356	1137	1137
M663_4	F1767_4	195	1144	330	330
M663_4	F1881_4	195	1236	1191	1191
M663_4	F2267_4	195	1192	372	372
M663_4	F2536_4	195	1271	1141	1141
M663_4	M1033_4	195	1270	599	599
M663_4	M1094_4	195	1212	311	311
M663_4	M1852_4	195	1210	125	125
M663_4	M2173_4	195	1179	90	90
M663_4	M217_4	195	1319	822	822
M663_4	M2394_4	195	1241	567	567
M663_4	M2723_4	195	1252	835	835
M663_4	M599_4	195	1272	255	255
M663_4	M831_4	195	1148	304	304
M831_4	F1767_4	195	1276	527	527
M831_4	F1881_4	195	1365	1342	1342
M831_4	F2267_4	195	1094	480	480
M831_4	F2536_4	195	1179	1105	1105
M831_4	M1033_4	195	1277	836	836
M831_4	M1094_4	195	1329	531	531
M831_4	M1852_4	195	1219	240	240
M831_4	M2173_4	195	1238	160	160
M831_4	M217_4	195	1198	915	915
M831_4	M2394_4	195	1178	732	732
M831_4	M2723_4	195	1168	932	932
M831_4	M599_4	195	1356	431	431
M831_4	M663_4	195	1148	403	403
F1007_4	F1474_4	196	1386	1222	1222
F1007_4	F2079_4	196	1277	469	469
F1007_4	F2620_4	196	1251	1114	1114
F1007_4	F417_4	196	1267	1181	1181
F1007_4	F716_4	196	1285	217	217
F1007_4	F856_4	196	1435	733	733
F1007_4	F873_4	196	1234	1221	1221
F1007_4	M1144_4	196	1271	562	562
F1007_4	M1317_4	196	1281	857	857
F1007_4	M1392_4	196	1310	915	915
F1007_4	M532_4	196	1279	1095	1095
F1007_4	M587_4	196	1182	1012	1012
F1007_4	M612_4	196	1256	203	203
F1474_4	F1007_4	196	1386	842	2394
F1474_4	F2079_4	196	1315	180	523
F1474_4	F2620_4	196	1272	931	2644
F1474_4	F417_4	196	1111	923	2605
F1474_4	F716_4	196	1211	61	178
F1474_4	F856_4	196	1170	236	686
F1474_4	F873_4	196	1397	1359	3818
F1474_4	M1144_4	196	1223	212	605
F1474_4	M1317_4	196	1179	433	1231
F1474_4	M1392_4	196	1251	464	1311
F1474_4	M532_4	196	1282	810	2295
F1474_4	M587_4	196	1221	777	2217
F1474_4	M612_4	196	1199	57	174
F2079_4	F1007_4	196	1277	1218	2081
F2079_4	F1474_4	196	1315	1268	2165
F2079_4	F2620_4	196	1215	1167	2024
F2079_4	F417_4	196	1157	1128	1978
F2079_4	F716_4	196	1356	494	844
F2079_4	F856_4	196	1264	949	1649
F2079_4	F873_4	196	1382	1378	2406
F2079_4	M1144_4	196	1223	839	1463
F2079_4	M1317_4	196	1202	1014	1750
F2079_4	M1392_4	196	1260	1080	1879
F2079_4	M532_4	196	1339	1274	2190
F2079_4	M587_4	196	1321	1253	2168
F2079_4	M612_4	196	1277	437	760
F2620_4	F1007_4	196	1251	147	147
F2620_4	F1474_4	196	1272	229	229
F2620_4	F2079_4	196	1215	12	12
F2620_4	F417_4	196	1196	338	338
F2620_4	F716_4	196	1305	9	9
F2620_4	F856_4	196	1366	41	41
F2620_4	F873_4	196	1206	923	923
F2620_4	M1144_4	196	1331	23	23
F2620_4	M1317_4	196	1192	56	56
F2620_4	M1392_4	196	1263	67	67
F2620_4	M532_4	196	1151	168	168
F2620_4	M587_4	196	1252	182	182
F2620_4	M612_4	196	1239	6	6
F417_4	F1007_4	196	1267	1140	2229
F417_4	F1474_4	196	1111	1045	2068
F417_4	F2079_4	196	1157	597	1235
F417_4	F2620_4	196	1196	1139	2300
F417_4	F716_4	196	1199	351	713
F417_4	F856_4	196	1234	820	1614
F417_4	F873_4	196	1275	1269	2595
F417_4	M1144_4	196	1205	734	1550
F417_4	M1317_4	196	1326	1069	2225
F417_4	M1392_4	196	1249	1031	2130
F417_4	M532_4	196	1152	1060	2174
F417_4	M587_4	196	1321	1220	2466
F417_4	M612_4	196	1262	336	659
F716_4	F1007_4	196	1285	1197	2378
F716_4	F1474_4	196	1211	1145	2346
F716_4	F2079_4	196	1356	758	1560
F716_4	F2620_4	196	1305	1244	2566
F716_4	F417_4	196	1199	1174	2302
F716_4	F856_4	196	1380	971	1963
F716_4	F873_4	196	1401	1396	2792
F716_4	M1144_4	196	1458	947	1938
F716_4	M1317_4	196	1243	1018	2071
F716_4	M1392_4	196	1235	1050	2182
F716_4	M532_4	196	1140	1072	2248
F716_4	M587_4	196	1336	1266	2569
F716_4	M612_4	196	1287	409	868
F856_4	F1007_4	196	1435	853	928
F856_4	F1474_4	196	1170	810	900
F856_4	F2079_4	196	1264	168	188
F856_4	F2620_4	196	1366	917	1010
F856_4	F417_4	196	1234	1003	1108
F856_4	F716_4	196	1380	74	83
F856_4	F873_4	196	1324	1292	1404
F856_4	M1144_4	196	1292	196	223
F856_4	M1317_4	196	1387	445	493
F856_4	M1392_4	196	1243	500	548
F856_4	M532_4	196	1349	830	919
F856_4	M587_4	196	1208	747	822
F856_4	M612_4	196	1297	71	76
F873_4	F1007_4	196	1234	690	1307
F873_4	F1474_4	196	1397	917	1746
F873_4	F2079_4	196	1382	154	308
F873_4	F2620_4	196	1206	815	1614
F873_4	F417_4	196	1275	1002	2018
F873_4	F716_4	196	1401	65	115
F873_4	F856_4	196	1324	256	514
F873_4	M1144_4	196	1287	215	428
F873_4	M1317_4	196	1241	415	833
F873_4	M1392_4	196	1317	488	971
F873_4	M532_4	196	1189	729	1367
F873_4	M587_4	196	1226	733	1458
F873_4	M612_4	196	1201	53	95
M1144_4	F1007_4	196	1271	1185	2233
M1144_4	F1474_4	196	1223	1172	2301
M1144_4	F2079_4	196	1223	757	1415
M1144_4	F2620_4	196	1331	1280	2497
M1144_4	F417_4	196	1205	1181	2289
M1144_4	F716_4	196	1458	568	1056
M1144_4	F856_4	196	1292	982	1908
M1144_4	F873_4	196	1287	1283	2502
M1144_4	M1317_4	196	1214	1041	2004
M1144_4	M1392_4	196	1201	1052	2042
M1144_4	M532_4	196	1173	1122	2143
M1144_4	M587_4	196	1282	1215	2325
M1144_4	M612_4	196	1148	395	768
M1317_4	F1007_4	196	1281	494	494
M1317_4	F1474_4	196	1179	579	579
M1317_4	F2079_4	196	1202	65	65
M1317_4	F2620_4	196	1192	610	610
M1317_4	F417_4	196	1326	837	837
M1317_4	F716_4	196	1243	40	40
M1317_4	F856_4	196	1387	129	129
M1317_4	F873_4	196	1241	1142	1142
M1317_4	M1144_4	196	1214	97	97
M1317_4	M1392_4	196	1311	272	272
M1317_4	M532_4	196	1340	551	551
M1317_4	M587_4	196	1284	537	537
M1317_4	M612_4	196	1361	25	25
M1392_4	F1007_4	196	1310	919	2131
M1392_4	F1474_4	196	1251	987	2239
M1392_4	F2079_4	196	1260	220	518
M1392_4	F2620_4	196	1263	959	2203
M1392_4	F417_4	196	1249	1076	2502
M1392_4	F716_4	196	1235	113	280
M1392_4	F856_4	196	1243	365	848
M1392_4	F873_4	196	1317	1297	3089
M1392_4	M1144_4	196	1201	306	744
M1392_4	M1317_4	196	1311	625	1470
M1392_4	M532_4	196	1338	988	2306
M1392_4	M587_4	196	1391	972	2248
M1392_4	M612_4	196	1218	100	234
M532_4	F1007_4	196	1279	166	631
M532_4	F1474_4	196	1282	216	914
M532_4	F2079_4	196	1339	18	78
M532_4	F2620_4	196	1151	214	925
M532_4	F417_4	196	1152	285	1230
M532_4	F716_4	196	1140	2	7
M532_4	F856_4	196	1349	37	163
M532_4	F873_4	196	1189	892	3712
M532_4	M1144_4	196	1173	24	97
M532_4	M1317_4	196	1340	69	295
M532_4	M1392_4	196	1338	73	300
M532_4	M587_4	196	1242	182	735
M532_4	M612_4	196	1403	7	34
M587_4	F1007_4	196	1182	1059	1388
M587_4	F1474_4	196	1221	1150	1554
M587_4	F2079_4	196	1321	680	920
M587_4	F2620_4	196	1252	1175	1563
M587_4	F417_4	196	1321	1274	1682
M587_4	F716_4	196	1336	348	460
M587_4	F856_4	196	1208	795	1034
M587_4	F873_4	196	1226	1223	1621
M587_4	M1144_4	196	1282	762	985
M587_4	M1317_4	196	1284	997	1297
M587_4	M1392_4	196	1391	1145	1501
M587_4	M532_4	196	1242	1148	1508
M587_4	M612_4	196	1364	370	469
M612_4	F1007_4	196	1256	516	1138
M612_4	F1474_4	196	1199	647	1344
M612_4	F2079_4	196	1277	92	187
M612_4	F2620_4	196	1239	718	1483
M612_4	F417_4	196	1262	854	1734
M612_4	F716_4	196	1287	34	78
M612_4	F856_4	196	1297	144	296
M612_4	F873_4	196	1201	1137	2380
M612_4	M1144_4	196	1148	103	226
M612_4	M1317_4	196	1361	288	599
M612_4	M1392_4	196	1218	271	550
M612_4	M532_4	196	1403	638	1307
M612_4	M587_4	196	1364	622	1260
F1074_4	F1541_4	197	1263	315	315
F1074_4	F183_4	197	1425	78	78
F1074_4	F2672_4	197	1458	313	313
F1074_4	F400_4	197	1202	204	204
F1074_4	F411_4	197	1041	90	90
F1074_4	F61_4	197	1413	1034	1034
F1074_4	M1551_4	197	1185	318	318
F1074_4	M163_4	197	1177	819	819
F1074_4	M2603_4	197	1108	50	50
F1074_4	M516_4	197	1321	400	400
F1074_4	M83_4	197	1060	199	199
F1074_4	M882_4	197	1431	25	25
F1074_4	M92_4	197	1302	528	528
F1541_4	F1074_4	197	1263	265	426
F1541_4	F183_4	197	1197	176	298
F1541_4	F2672_4	197	1260	585	927
F1541_4	F400_4	197	1297	517	819
F1541_4	F411_4	197	1153	293	475
F1541_4	F61_4	197	1380	1243	2025
F1541_4	M1551_4	197	1314	633	1003
F1541_4	M163_4	197	1358	1193	1914
F1541_4	M2603_4	197	1247	118	195
F1541_4	M516_4	197	1232	705	1137
F1541_4	M83_4	197	1202	489	808
F1541_4	M882_4	197	1267	67	103
F1541_4	M92_4	197	1261	844	1356
F183_4	F1074_4	197	1425	6	11
F183_4	F1541_4	197	1197	31	54
F183_4	F2672_4	197	1271	24	41
F183_4	F400_4	197	1187	16	32
F183_4	F411_4	197	1297	10	22
F183_4	F61_4	197	1175	152	238
F183_4	M1551_4	197	1197	30	47
F183_4	M163_4	197	1238	131	218
F183_4	M2603_4	197	1265	2	2
F183_4	M516_4	197	1251	34	56
F183_4	M83_4	197	1182	10	15
F183_4	M882_4	197	1166	1	1
F183_4	M92_4	197	1302	47	89
F2672_4	F1074_4	197	1458	266	266
F2672_4	F1541_4	197	1260	567	567
F2672_4	F183_4	197	1271	153	153
F2672_4	F400_4	197	1578	538	538
F2672_4	F411_4	197	1283	274	274
F2672_4	F61_4	197	1300	1114	1114
F2672_4	M1551_4	197	1342	610	610
F2672_4	M163_4	197	1268	1069	1069
F2672_4	M2603_4	197	1196	102	102
F2672_4	M516_4	197	1172	576	576
F2672_4	M83_4	197	1264	446	446
F2672_4	M882_4	197	1259	56	56
F2672_4	M92_4	197	1097	636	636
F400_4	F1074_4	197	1202	290	290
F400_4	F1541_4	197	1297	728	728
F400_4	F183_4	197	1187	219	219
F400_4	F2672_4	197	1578	782	782
F400_4	F411_4	197	1187	320	320
F400_4	F61_4	197	1275	1152	1152
F400_4	M1551_4	197	1258	655	655
F400_4	M163_4	197	1311	1149	1149
F400_4	M2603_4	197	1275	147	147
F400_4	M516_4	197	1273	757	757
F400_4	M83_4	197	1431	622	622
F400_4	M882_4	197	1217	82	82
F400_4	M92_4	197	1285	893	893
F411_4	F1074_4	197	1041	497	497
F411_4	F1541_4	197	1153	864	864
F411_4	F183_4	197	1297	480	480
F411_4	F2672_4	197	1283	927	927
F411_4	F400_4	197	1187	784	784
F411_4	F61_4	197	1206	1151	1151
F411_4	M1551_4	197	1376	1049	1049
F411_4	M163_4	197	1154	1098	1098
F411_4	M2603_4	197	1298	346	346
F411_4	M516_4	197	1299	1035	1035
F411_4	M83_4	197	1244	857	857
F411_4	M882_4	197	1210	194	194
F411_4	M92_4	197	1187	1010	1010
F61_4	F1074_4	197	1413	255	255
F61_4	F1541_4	197	1380	645	645
F61_4	F183_4	197	1175	164	164
F61_4	F2672_4	197	1300	580	580
F61_4	F400_4	197	1275	476	476
F61_4	F411_4	197	1206	279	279
F61_4	M1551_4	197	1057	496	496
F61_4	M163_4	197	1400	1201	1201
F61_4	M2603_4	197	1221	135	135
F61_4	M516_4	197	1279	670	670
F61_4	M83_4	197	1262	498	498
F61_4	M882_4	197	1341	76	76
F61_4	M92_4	197	1199	724	724
M1551_4	F1074_4	197	1185	120	120
M1551_4	F1541_4	197	1314	457	457
M1551_4	F183_4	197	1197	92	92
M1551_4	F2672_4	197	1342	342	342
M1551_4	F400_4	197	1258	271	271
M1551_4	F411_4	197	1376	185	185
M1551_4	F61_4	197	1057	831	831
M1551_4	M163_4	197	1062	802	802
M1551_4	M2603_4	197	1241	50	50
M1551_4	M516_4	197	1418	498	498
M1551_4	M83_4	197	1154	260	260
M1551_4	M882_4	197	1277	36	36
M1551_4	M92_4	197	1317	616	616
M163_4	F1074_4	197	1177	576	2537
M163_4	F1541_4	197	1358	1067	4596
M163_4	F183_4	197	1238	511	2228
M163_4	F2672_4	197	1268	956	4145
M163_4	F400_4	197	1311	937	4039
M163_4	F411_4	197	1154	578	2415
M163_4	F61_4	197	1400	1364	5913
M163_4	M1551_4	197	1062	855	3767
M163_4	M2603_4	197	1289	378	1651
M163_4	M516_4	197	1321	1090	4623
M163_4	M83_4	197	1279	910	3924
M163_4	M882_4	197	1299	222	945
M163_4	M92_4	197	1412	1251	5383
M2603_4	F1074_4	197	1108	69	69
M2603_4	F1541_4	197	1247	279	279
M2603_4	F183_4	197	1265	54	54
M2603_4	F2672_4	197	1196	218	218
M2603_4	F400_4	197	1275	178	178
M2603_4	F411_4	197	1298	108	108
M2603_4	F61_4	197	1221	808	808
M2603_4	M1551_4	197	1241	261	261
M2603_4	M163_4	197	1289	820	820
M2603_4	M516_4	197	1341	303	303
M2603_4	M83_4	197	1233	199	199
M2603_4	M882_4	197	1286	20	20
M2603_4	M92_4	197	1248	428	428
M516_4	F1074_4	197	1321	328	328
M516_4	F1541_4	197	1232	697	697
M516_4	F183_4	197	1251	223	223
M516_4	F2672_4	197	1172	595	595
M516_4	F400_4	197	1273	583	583
M516_4	F411_4	197	1299	378	378
M516_4	F61_4	197	1279	1166	1166
M516_4	M1551_4	197	1418	731	731
M516_4	M163_4	197	1321	1152	1152
M516_4	M2603_4	197	1341	174	174
M516_4	M83_4	197	1174	542	542
M516_4	M882_4	197	1237	85	85
M516_4	M92_4	197	1295	904	904
M83_4	F1074_4	197	1060	253	1016
M83_4	F1541_4	197	1202	663	2643
M83_4	F183_4	197	1182	198	849
M83_4	F2672_4	197	1264	614	2510
M83_4	F400_4	197	1431	629	2624
M83_4	F411_4	197	1244	327	1328
M83_4	F61_4	197	1262	1138	4723
M83_4	M1551_4	197	1154	605	2519
M83_4	M163_4	197	1279	1120	4585
M83_4	M2603_4	197	1233	159	660
M83_4	M516_4	197	1174	675	2638
M83_4	M882_4	197	1247	78	298
M83_4	M92_4	197	1179	820	3333
M882_4	F1074_4	197	1431	29	29
M882_4	F1541_4	197	1267	61	61
M882_4	F183_4	197	1166	14	14
M882_4	F2672_4	197	1259	63	63
M882_4	F400_4	197	1217	44	44
M882_4	F411_4	197	1210	26	26
M882_4	F61_4	197	1341	405	405
M882_4	M1551_4	197	1277	71	71
M882_4	M163_4	197	1299	371	371
M882_4	M2603_4	197	1286	5	5
M882_4	M516_4	197	1237	63	63
M882_4	M83_4	197	1247	38	38
M882_4	M92_4	197	1341	121	121
M92_4	F1074_4	197	1302	108	142
M92_4	F1541_4	197	1261	362	455
M92_4	F183_4	197	1302	89	104
M92_4	F2672_4	197	1097	251	321
M92_4	F400_4	197	1285	250	315
M92_4	F411_4	197	1187	101	135
M92_4	F61_4	197	1199	894	1150
M92_4	M1551_4	197	1317	352	457
M92_4	M163_4	197	1412	982	1244
M92_4	M2603_4	197	1248	52	65
M92_4	M516_4	197	1295	371	472
M92_4	M83_4	197	1179	211	270
M92_4	M882_4	197	1341	35	45
F1164_4	F2058_4	198	1195	870	870
F1164_4	F2305_4	198	1181	785	785
F1164_4	F2539_4	198	1475	1295	1295
F1164_4	F342_4	198	1222	447	447
F1164_4	F674_4	198	1122	935	935
F1164_4	M1175_4	198	1228	707	707
F1164_4	M1273_4	198	1277	190	190
F1164_4	M1413_4	198	1248	1113	1113
F1164_4	M1536_4	198	1260	1208	1208
F1164_4	M2094_4	198	1164	696	696
F1164_4	M59_4	198	1381	547	547
F1164_4	M830_4	198	1162	1039	1039
F1164_4	M879_4	198	1206	1154	1154
F2058_4	F1164_4	198	1195	246	398
F2058_4	F2305_4	198	1347	63	108
F2058_4	F2539_4	198	1371	241	377
F2058_4	F342_4	198	1240	20	29
F2058_4	F674_4	198	1255	160	266
F2058_4	M1175_4	198	1289	42	74
F2058_4	M1273_4	198	1223	1	1
F2058_4	M1413_4	198	1342	253	411
F2058_4	M1536_4	198	1305	377	630
F2058_4	M2094_4	198	1240	49	83
F2058_4	M59_4	198	1206	19	28
F2058_4	M830_4	198	1315	277	422
F2058_4	M879_4	198	1258	457	710
F2305_4	F1164_4	198	1181	489	489
F2305_4	F2058_4	198	1347	198	198
F2305_4	F2539_4	198	1191	436	436
F2305_4	F342_4	198	1319	61	61
F2305_4	F674_4	198	1260	351	351
F2305_4	M1175_4	198	1258	117	117
F2305_4	M1273_4	198	1217	14	14
F2305_4	M1413_4	198	1241	542	542
F2305_4	M1536_4	198	1323	729	729
F2305_4	M2094_4	198	1307	155	155
F2305_4	M59_4	198	1268	54	54
F2305_4	M830_4	198	1238	502	502
F2305_4	M879_4	198	1308	831	831
F2539_4	F1164_4	198	1475	1089	1089
F2539_4	F2058_4	198	1371	585	585
F2539_4	F2305_4	198	1191	392	392
F2539_4	F342_4	198	1234	177	177
F2539_4	F674_4	198	1239	694	694
F2539_4	M1175_4	198	1145	324	324
F2539_4	M1273_4	198	1210	61	61
F2539_4	M1413_4	198	1294	928	928
F2539_4	M1536_4	198	1253	1071	1071
F2539_4	M2094_4	198	1167	399	399
F2539_4	M59_4	198	1376	202	202
F2539_4	M830_4	198	1312	973	973
F2539_4	M879_4	198	1319	1128	1128
F342_4	F1164_4	198	1222	1020	2034
F342_4	F2058_4	198	1240	748	1458
F342_4	F2305_4	198	1319	682	1309
F342_4	F2539_4	198	1234	993	1953
F342_4	F674_4	198	1313	990	1995
F342_4	M1175_4	198	1187	516	1012
F342_4	M1273_4	198	1222	112	210
F342_4	M1413_4	198	1206	1035	2064
F342_4	M1536_4	198	1182	1083	2098
F342_4	M2094_4	198	1203	651	1289
F342_4	M59_4	198	1167	334	681
F342_4	M830_4	198	1242	1046	2062
F342_4	M879_4	198	1429	1348	2617
F674_4	F1164_4	198	1122	822	822
F674_4	F2058_4	198	1255	556	556
F674_4	F2305_4	198	1260	481	481
F674_4	F2539_4	198	1239	850	850
F674_4	F342_4	198	1313	199	199
F674_4	M1175_4	198	1161	352	352
F674_4	M1273_4	198	1296	53	53
F674_4	M1413_4	198	1304	953	953
F674_4	M1536_4	198	1263	1066	1066
F674_4	M2094_4	198	1246	421	421
F674_4	M59_4	198	1268	203	203
F674_4	M830_4	198	1448	1041	1041
F674_4	M879_4	198	1457	1274	1274
M1175_4	F1164_4	198	1228	970	1072
M1175_4	F2058_4	198	1289	647	711
M1175_4	F2305_4	198	1258	538	576
M1175_4	F2539_4	198	1145	877	964
M1175_4	F342_4	198	1187	234	261
M1175_4	F674_4	198	1161	764	827
M1175_4	M1273_4	198	1318	81	91
M1175_4	M1413_4	198	1206	956	1034
M1175_4	M1536_4	198	1246	1091	1195
M1175_4	M2094_4	198	1285	509	555
M1175_4	M59_4	198	1160	255	268
M1175_4	M830_4	198	1427	1116	1219
M1175_4	M879_4	198	1353	1237	1347
M1273_4	F1164_4	198	1277	1073	1897
M1273_4	F2058_4	198	1223	745	1328
M1273_4	F2305_4	198	1217	639	1166
M1273_4	F2539_4	198	1210	1005	1808
M1273_4	F342_4	198	1222	306	529
M1273_4	F674_4	198	1296	977	1712
M1273_4	M1175_4	198	1318	612	1110
M1273_4	M1413_4	198	1224	1032	1857
M1273_4	M1536_4	198	1296	1188	2103
M1273_4	M2094_4	198	1307	685	1242
M1273_4	M59_4	198	1115	327	582
M1273_4	M830_4	198	1354	1141	2019
M1273_4	M879_4	198	1247	1169	2093
M1413_4	F1164_4	198	1248	756	928
M1413_4	F2058_4	198	1342	411	499
M1413_4	F2305_4	198	1241	324	398
M1413_4	F2539_4	198	1294	757	943
M1413_4	F342_4	198	1206	119	156
M1413_4	F674_4	198	1304	667	829
M1413_4	M1175_4	198	1206	246	308
M1413_4	M1273_4	198	1224	47	62
M1413_4	M1536_4	198	1090	822	1009
M1413_4	M2094_4	198	1404	379	454
M1413_4	M59_4	198	1277	153	184
M1413_4	M830_4	198	1305	804	1023
M1413_4	M879_4	198	1355	1121	1393
M1536_4	F1164_4	198	1260	1137	1137
M1536_4	F2058_4	198	1305	988	988
M1536_4	F2305_4	198	1323	901	901
M1536_4	F2539_4	198	1253	1130	1130
M1536_4	F342_4	198	1182	479	479
M1536_4	F674_4	198	1263	1066	1066
M1536_4	M1175_4	198	1246	735	735
M1536_4	M1273_4	198	1296	207	207
M1536_4	M1413_4	198	1090	991	991
M1536_4	M2094_4	198	1200	834	834
M1536_4	M59_4	198	1246	542	542
M1536_4	M830_4	198	1343	1224	1224
M1536_4	M879_4	198	1348	1306	1306
M2094_4	F1164_4	198	1164	1114	2388
M2094_4	F2058_4	198	1240	1082	2317
M2094_4	F2305_4	198	1307	1093	2295
M2094_4	F2539_4	198	1167	1115	2414
M2094_4	F342_4	198	1203	680	1471
M2094_4	F674_4	198	1246	1154	2450
M2094_4	M1175_4	198	1285	1002	2152
M2094_4	M1273_4	198	1307	353	768
M2094_4	M1413_4	198	1404	1346	2841
M2094_4	M1536_4	198	1200	1169	2557
M2094_4	M59_4	198	1234	776	1685
M2094_4	M830_4	198	1211	1155	2464
M2094_4	M879_4	198	1258	1236	2655
M59_4	F1164_4	198	1381	331	331
M59_4	F2058_4	198	1206	94	94
M59_4	F2305_4	198	1268	87	87
M59_4	F2539_4	198	1376	287	287
M59_4	F342_4	198	1167	25	25
M59_4	F674_4	198	1268	204	204
M59_4	M1175_4	198	1160	55	55
M59_4	M1273_4	198	1115	9	9
M59_4	M1413_4	198	1277	301	301
M59_4	M1536_4	198	1246	489	489
M59_4	M2094_4	198	1234	73	73
M59_4	M830_4	198	1225	283	283
M59_4	M879_4	198	1179	553	553
M830_4	F1164_4	198	1162	831	947
M830_4	F2058_4	198	1315	560	648
M830_4	F2305_4	198	1238	482	542
M830_4	F2539_4	198	1312	899	1045
M830_4	F342_4	198	1242	191	217
M830_4	F674_4	198	1448	878	1011
M830_4	M1175_4	198	1427	410	458
M830_4	M1273_4	198	1354	66	77
M830_4	M1413_4	198	1305	977	1121
M830_4	M1536_4	198	1343	1127	1311
M830_4	M2094_4	198	1211	407	486
M830_4	M59_4	198	1225	205	241
M830_4	M879_4	198	1236	1083	1230
M879_4	F1164_4	198	1206	884	2483
M879_4	F2058_4	198	1258	522	1441
M879_4	F2305_4	198	1308	459	1310
M879_4	F2539_4	198	1319	897	2449
M879_4	F342_4	198	1429	195	566
M879_4	F674_4	198	1457	898	2529
M879_4	M1175_4	198	1353	388	1113
M879_4	M1273_4	198	1247	53	154
M879_4	M1413_4	198	1355	989	2759
M879_4	M1536_4	198	1348	1121	3149
M879_4	M2094_4	198	1258	420	1201
M879_4	M59_4	198	1179	179	516
M879_4	M830_4	198	1236	895	2505
F1534_4	F1842_4	199	1156	296	296
F1534_4	F197_4	199	1040	605	605
F1534_4	F722_4	199	1299	422	422
F1534_4	M103_4	199	1175	714	714
F1534_4	M1129_4	199	1378	15	15
F1534_4	M1509_4	199	1359	29	29
F1534_4	M2187_4	199	1095	149	149
F1534_4	M2200_4	199	1256	771	771
F1534_4	M2227_4	199	1173	423	423
F1534_4	M2228_4	199	1198	131	131
F1534_4	M383_4	199	1219	1143	1143
F1534_4	M615_4	199	1298	967	967
F1534_4	M703_4	199	1248	139	139
F1842_4	F1534_4	199	1156	324	324
F1842_4	F197_4	199	1290	489	489
F1842_4	F722_4	199	1187	208	208
F1842_4	M103_4	199	1200	518	518
F1842_4	M1129_4	199	1212	4	4
F1842_4	M1509_4	199	1197	11	11
F1842_4	M2187_4	199	1303	82	82
F1842_4	M2200_4	199	1188	500	500
F1842_4	M2227_4	199	1281	264	264
F1842_4	M2228_4	199	1355	68	68
F1842_4	M383_4	199	1228	1083	1083
F1842_4	M615_4	199	1228	712	712
F1842_4	M703_4	199	1116	53	53
F197_4	F1534_4	199	1040	317	317
F197_4	F1842_4	199	1290	184	184
F197_4	F722_4	199	1295	222	222
F197_4	M103_4	199	1211	495	495
F197_4	M1129_4	199	1257	4	4
F197_4	M1509_4	199	1361	13	13
F197_4	M2187_4	199	1213	80	80
F197_4	M2200_4	199	1334	545	545
F197_4	M2227_4	199	1358	277	277
F197_4	M2228_4	199	1231	56	56
F197_4	M383_4	199	1273	1110	1110
F197_4	M615_4	199	1425	812	812
F197_4	M703_4	199	1411	76	76
F722_4	F1534_4	199	1299	1272	1886
F722_4	F1842_4	199	1187	1117	1607
F722_4	F197_4	199	1295	1275	1827
F722_4	M103_4	199	1200	1185	1740
F722_4	M1129_4	199	1113	259	394
F722_4	M1509_4	199	1204	591	815
F722_4	M2187_4	199	1191	1045	1476
F722_4	M2200_4	199	1186	1174	1678
F722_4	M2227_4	199	1232	1182	1745
F722_4	M2228_4	199	1358	1130	1664
F722_4	M383_4	199	1280	1276	1869
F722_4	M615_4	199	1323	1307	1896
F722_4	M703_4	199	1199	1037	1505
M103_4	F1534_4	199	1175	523	1792
M103_4	F1842_4	199	1200	312	1125
M103_4	F197_4	199	1211	610	2129
M103_4	F722_4	199	1200	331	1166
M103_4	M1129_4	199	1237	10	38
M103_4	M1509_4	199	1170	11	28
M103_4	M2187_4	199	1339	169	566
M103_4	M2200_4	199	1425	803	2859
M103_4	M2227_4	199	1269	384	1365
M103_4	M2228_4	199	1188	102	380
M103_4	M383_4	199	1181	1086	3765
M103_4	M615_4	199	1325	982	3442
M103_4	M703_4	199	1173	136	500
M1129_4	F1534_4	199	1378	879	879
M1129_4	F1842_4	199	1212	492	492
M1129_4	F197_4	199	1257	884	884
M1129_4	F722_4	199	1113	527	527
M1129_4	M103_4	199	1237	909	909
M1129_4	M1509_4	199	1277	40	40
M1129_4	M2187_4	199	1264	297	297
M1129_4	M2200_4	199	1494	1095	1095
M1129_4	M2227_4	199	1198	588	588
M1129_4	M2228_4	199	1211	206	206
M1129_4	M383_4	199	1260	1213	1213
M1129_4	M615_4	199	1318	1137	1137
M1129_4	M703_4	199	1337	274	274
M1509_4	F1534_4	199	1359	540	581
M1509_4	F1842_4	199	1197	284	302
M1509_4	F197_4	199	1361	709	760
M1509_4	F722_4	199	1204	318	334
M1509_4	M103_4	199	1170	631	684
M1509_4	M1129_4	199	1277	7	8
M1509_4	M2187_4	199	1290	122	137
M1509_4	M2200_4	199	1301	689	749
M1509_4	M2227_4	199	1215	335	354
M1509_4	M2228_4	199	1232	94	100
M1509_4	M383_4	199	1254	1143	1245
M1509_4	M615_4	199	1284	885	945
M1509_4	M703_4	199	1328	121	126
M2187_4	F1534_4	199	1095	366	555
M2187_4	F1842_4	199	1303	256	397
M2187_4	F197_4	199	1213	484	743
M2187_4	F722_4	199	1191	232	346
M2187_4	M103_4	199	1339	626	928
M2187_4	M1129_4	199	1264	7	9
M2187_4	M1509_4	199	1290	11	15
M2187_4	M2200_4	199	1295	595	881
M2187_4	M2227_4	199	1187	301	464
M2187_4	M2228_4	199	1254	87	130
M2187_4	M383_4	199	1222	1078	1541
M2187_4	M615_4	199	1317	848	1249
M2187_4	M703_4	199	1140	76	115
M2200_4	F1534_4	199	1256	608	608
M2200_4	F1842_4	199	1188	371	371
M2200_4	F197_4	199	1334	806	806
M2200_4	F722_4	199	1186	406	406
M2200_4	M103_4	199	1425	931	931
M2200_4	M1129_4	199	1494	19	19
M2200_4	M1509_4	199	1301	28	28
M2200_4	M2187_4	199	1295	215	215
M2200_4	M2227_4	199	1411	566	566
M2200_4	M2228_4	199	1149	139	139
M2200_4	M383_4	199	1235	1161	1161
M2200_4	M615_4	199	1275	1004	1004
M2200_4	M703_4	199	1223	159	159
M2227_4	F1534_4	199	1173	1103	1103
M2227_4	F1842_4	199	1281	1091	1091
M2227_4	F197_4	199	1358	1279	1279
M2227_4	F722_4	199	1232	1089	1089
M2227_4	M103_4	199	1269	1218	1218
M2227_4	M1129_4	199	1198	132	132
M2227_4	M1509_4	199	1215	298	298
M2227_4	M2187_4	199	1187	829	829
M2227_4	M2200_4	199	1411	1346	1346
M2227_4	M2228_4	199	1196	781	781
M2227_4	M383_4	199	1279	1273	1273
M2227_4	M615_4	199	1191	1168	1168
M2227_4	M703_4	199	1194	831	831
M2228_4	F1534_4	199	1198	1074	3301
M2228_4	F1842_4	199	1355	1012	3003
M2228_4	F197_4	199	1231	1148	3404
M2228_4	F722_4	199	1358	1132	3331
M2228_4	M103_4	199	1188	1116	3404
M2228_4	M1129_4	199	1211	72	213
M2228_4	M1509_4	199	1232	177	552
M2228_4	M2187_4	199	1254	755	2300
M2228_4	M2200_4	199	1149	1086	3329
M2228_4	M2227_4	199	1196	979	2961
M2228_4	M383_4	199	1181	1164	3483
M2228_4	M615_4	199	1240	1186	3611
M2228_4	M703_4	199	1308	767	2332
M383_4	F1534_4	199	1219	1130	1130
M383_4	F1842_4	199	1228	1089	1089
M383_4	F197_4	199	1273	1234	1234
M383_4	F722_4	199	1280	1162	1162
M383_4	M103_4	199	1181	1153	1153
M383_4	M1129_4	199	1260	151	151
M383_4	M1509_4	199	1254	386	386
M383_4	M2187_4	199	1222	953	953
M383_4	M2200_4	199	1235	1199	1199
M383_4	M2227_4	199	1279	1181	1181
M383_4	M2228_4	199	1181	820	820
M383_4	M615_4	199	1198	1176	1176
M383_4	M703_4	199	1319	956	956
M615_4	F1534_4	199	1298	127	277
M615_4	F1842_4	199	1228	49	109
M615_4	F197_4	199	1425	177	383
M615_4	F722_4	199	1323	57	143
M615_4	M103_4	199	1325	195	444
M615_4	M1129_4	199	1318	0	0
M615_4	M1509_4	199	1284	2	5
M615_4	M2187_4	199	1317	23	58
M615_4	M2200_4	199	1275	186	420
M615_4	M2227_4	199	1191	71	156
M615_4	M2228_4	199	1240	10	24
M615_4	M383_4	199	1198	767	1692
M615_4	M703_4	199	1329	16	36
M703_4	F1534_4	199	1248	983	983
M703_4	F1842_4	199	1116	725	725
M703_4	F197_4	199	1411	1233	1233
M703_4	F722_4	199	1199	867	867
M703_4	M103_4	199	1173	1054	1054
M703_4	M1129_4	199	1337	35	35
M703_4	M1509_4	199	1328	120	120
M703_4	M2187_4	199	1140	490	490
M703_4	M2200_4	199	1223	1077	1077
M703_4	M2227_4	199	1194	882	882
M703_4	M2228_4	199	1308	464	464
M703_4	M383_4	199	1319	1306	1306
M703_4	M615_4	199	1329	1239	1239
F102_4	F1053_4	200	1317	1199	1199
F102_4	F1563_4	200	1181	649	649
F102_4	F1640_4	200	1386	279	279
F102_4	F372_4	200	1258	443	443
F102_4	F451_4	200	1271	198	198
F102_4	M1622_4	200	1203	872	872
F102_4	M1763_4	200	1262	622	622
F102_4	M1933_4	200	1163	85	85
F102_4	M1984_4	200	1360	1032	1032
F102_4	M2254_4	200	1325	299	299
F102_4	M2673_4	200	1234	1049	1049
F102_4	M521_4	200	1244	833	833
F102_4	M537_4	200	1042	412	412
F1053_4	F102_4	200	1317	163	465
F1053_4	F1563_4	200	1279	755	2265
F1053_4	F1640_4	200	1391	317	935
F1053_4	F372_4	200	1091	404	1170
F1053_4	F451_4	200	1336	216	612
F1053_4	M1622_4	200	1321	986	2938
F1053_4	M1763_4	200	1201	616	1760
F1053_4	M1933_4	200	1248	94	291
F1053_4	M1984_4	200	1291	1001	2884
F1053_4	M2254_4	200	1148	286	816
F1053_4	M2673_4	200	1184	1019	2980
F1053_4	M521_4	200	1259	842	2508
F1053_4	M537_4	200	1398	625	1851
F1563_4	F102_4	200	1181	560	560
F1563_4	F1053_4	200	1279	1262	1262
F1563_4	F1640_4	200	1218	831	831
F1563_4	F372_4	200	1243	993	993
F1563_4	F451_4	200	1281	739	739
F1563_4	M1622_4	200	1251	1173	1173
F1563_4	M1763_4	200	1160	1037	1037
F1563_4	M1933_4	200	1173	418	418
F1563_4	M1984_4	200	1277	1234	1234
F1563_4	M2254_4	200	1296	899	899
F1563_4	M2673_4	200	1308	1283	1283
F1563_4	M521_4	200	1345	1258	1258
F1563_4	M537_4	200	1358	1157	1157
F1640_4	F102_4	200	1386	313	313
F1640_4	F1053_4	200	1391	1350	1350
F1640_4	F1563_4	200	1218	955	955
F1640_4	F372_4	200	1235	738	738
F1640_4	F451_4	200	1326	367	367
F1640_4	M1622_4	200	1244	1085	1085
F1640_4	M1763_4	200	1275	882	882
F1640_4	M1933_4	200	1276	195	195
F1640_4	M1984_4	200	1248	1122	1122
F1640_4	M2254_4	200	1348	547	547
F1640_4	M2673_4	200	1183	1120	1120
F1640_4	M521_4	200	1369	1152	1152
F1640_4	M537_4	200	1223	766	766
F372_4	F102_4	200	1258	212	283
F372_4	F1053_4	200	1091	1041	1392
F372_4	F1563_4	200	1243	909	1229
F372_4	F1640_4	200	1235	405	556
F372_4	F451_4	200	1339	315	395
F372_4	M1622_4	200	1296	1058	1417
F372_4	M1763_4	200	1218	771	1023
F372_4	M1933_4	200	1311	174	244
F372_4	M1984_4	200	1237	1055	1409
F372_4	M2254_4	200	1314	441	588
F372_4	M2673_4	200	1509	1367	1855
F372_4	M521_4	200	1203	972	1299
F372_4	M537_4	200	1253	703	910
F451_4	F102_4	200	1271	303	303
F451_4	F1053_4	200	1336	1278	1278
F451_4	F1563_4	200	1281	986	986
F451_4	F1640_4	200	1326	519	519
F451_4	F372_4	200	1339	747	747
F451_4	M1622_4	200	1279	1144	1144
F451_4	M1763_4	200	1234	830	830
F451_4	M1933_4	200	1144	165	165
F451_4	M1984_4	200	1238	1114	1114
F451_4	M2254_4	200	1235	501	501
F451_4	M2673_4	200	1275	1186	1186
F451_4	M521_4	200	1366	1141	1141
F451_4	M537_4	200	1234	757	757
M1622_4	F102_4	200	1203	275	462
M1622_4	F1053_4	200	1321	1281	2193
M1622_4	F1563_4	200	1251	976	1654
M1622_4	F1640_4	200	1244	514	874
M1622_4	F372_4	200	1296	776	1305
M1622_4	F451_4	200	1279	401	682
M1622_4	M1763_4	200	1253	940	1630
M1622_4	M1933_4	200	1253	204	353
M1622_4	M1984_4	200	1332	1193	2056
M1622_4	M2254_4	200	1242	578	992
M1622_4	M2673_4	200	1381	1306	2229
M1622_4	M521_4	200	1278	1085	1928
M1622_4	M537_4	200	1168	759	1305
M1763_4	F102_4	200	1262	165	539
M1763_4	F1053_4	200	1201	1127	3382
M1763_4	F1563_4	200	1160	731	2316
M1763_4	F1640_4	200	1275	312	942
M1763_4	F372_4	200	1218	497	1498
M1763_4	F451_4	200	1234	239	737
M1763_4	M1622_4	200	1253	962	2964
M1763_4	M1933_4	200	1244	106	324
M1763_4	M1984_4	200	1207	991	3029
M1763_4	M2254_4	200	1118	305	961
M1763_4	M2673_4	200	1324	1174	3737
M1763_4	M521_4	200	1214	921	2900
M1763_4	M537_4	200	1295	597	1861
M1933_4	F102_4	200	1163	110	110
M1933_4	F1053_4	200	1248	1120	1120
M1933_4	F1563_4	200	1173	633	633
M1933_4	F1640_4	200	1276	231	231
M1933_4	F372_4	200	1311	356	356
M1933_4	F451_4	200	1144	118	118
M1933_4	M1622_4	200	1253	834	834
M1933_4	M1763_4	200	1244	537	537
M1933_4	M1984_4	200	1365	1036	1036
M1933_4	M2254_4	200	1198	224	224
M1933_4	M2673_4	200	1249	1022	1022
M1933_4	M521_4	200	1296	817	817
M1933_4	M537_4	200	1304	480	480
M1984_4	F102_4	200	1360	329	329
M1984_4	F1053_4	200	1291	1259	1259
M1984_4	F1563_4	200	1277	1036	1036
M1984_4	F1640_4	200	1248	512	512
M1984_4	F372_4	200	1237	729	729
M1984_4	F451_4	200	1238	386	386
M1984_4	M1622_4	200	1332	1161	1161
M1984_4	M1763_4	200	1207	872	872
M1984_4	M1933_4	200	1365	244	244
M1984_4	M2254_4	200	1353	618	618
M1984_4	M2673_4	200	1320	1252	1252
M1984_4	M521_4	200	1259	1065	1065
M1984_4	M537_4	200	1349	909	909
M2254_4	F102_4	200	1325	104	294
M2254_4	F1053_4	200	1148	1020	2874
M2254_4	F1563_4	200	1296	661	1881
M2254_4	F1640_4	200	1348	172	467
M2254_4	F372_4	200	1314	365	1045
M2254_4	F451_4	200	1235	141	396
M2254_4	M1622_4	200	1242	793	2291
M2254_4	M1763_4	200	1118	444	1267
M2254_4	M1933_4	200	1198	56	172
M2254_4	M1984_4	200	1353	959	2725
M2254_4	M2673_4	200	1347	1078	3079
M2254_4	M521_4	200	1377	850	2422
M2254_4	M537_4	200	1112	346	999
M2673_4	F102_4	200	1234	43	43
M2673_4	F1053_4	200	1184	926	926
M2673_4	F1563_4	200	1308	406	406
M2673_4	F1640_4	200	1183	109	109
M2673_4	F372_4	200	1509	212	212
M2673_4	F451_4	200	1275	71	71
M2673_4	M1622_4	200	1381	664	664
M2673_4	M1763_4	200	1324	308	308
M2673_4	M1933_4	200	1249	27	27
M2673_4	M1984_4	200	1320	681	681
M2673_4	M2254_4	200	1347	109	109
M2673_4	M521_4	200	1371	543	543
M2673_4	M537_4	200	1363	254	254
M521_4	F102_4	200	1244	436	1708
M521_4	F1053_4	200	1259	1235	4995
M521_4	F1563_4	200	1345	1170	4978
M521_4	F1640_4	200	1369	785	3239
M521_4	F372_4	200	1203	876	3656
M521_4	F451_4	200	1366	609	2449
M521_4	M1622_4	200	1278	1209	4959
M521_4	M1763_4	200	1214	984	4033
M521_4	M1933_4	200	1296	353	1421
M521_4	M1984_4	200	1259	1169	4696
M521_4	M2254_4	200	1377	825	3382
M521_4	M2673_4	200	1371	1320	5478
M521_4	M537_4	200	1200	934	3851
M537_4	F102_4	200	1042	342	912
M537_4	F1053_4	200	1398	1373	3529
M537_4	F1563_4	200	1358	1175	3112
M537_4	F1640_4	200	1223	644	1720
M537_4	F372_4	200	1253	878	2326
M537_4	F451_4	200	1234	530	1424
M537_4	M1622_4	200	1168	1076	2791
M537_4	M1763_4	200	1295	1045	2766
M537_4	M1933_4	200	1304	352	907
M537_4	M1984_4	200	1349	1254	3239
M537_4	M2254_4	200	1112	630	1686
M537_4	M2673_4	200	1363	1310	3414
M537_4	M521_4	200	1200	1102	2880
F1009_4	F1344_4	201	1185	250	250
F1009_4	F150_4	201	1208	541	541
F1009_4	F2741_4	201	1278	381	381
F1009_4	F641_4	201	1297	726	726
F1009_4	F820_4	201	1227	155	155
F1009_4	M166_4	201	1271	768	768
F1009_4	M18_4	201	1368	104	104
F1009_4	M2158_4	201	1221	1043	1043
F1009_4	M2159_4	201	1239	943	943
F1009_4	M2586_4	201	1226	69	69
F1009_4	M2685_4	201	1182	476	476
F1009_4	M2729_4	201	1174	118	118
F1009_4	M508_4	201	1309	671	671
F1344_4	F1009_4	201	1185	1173	1173
F1344_4	F150_4	201	1311	1154	1154
F1344_4	F2741_4	201	1413	1076	1076
F1344_4	F641_4	201	1127	1023	1023
F1344_4	F820_4	201	1412	726	726
F1344_4	M166_4	201	1340	1237	1237
F1344_4	M18_4	201	1302	537	537
F1344_4	M2158_4	201	1093	1066	1066
F1344_4	M2159_4	201	1339	1286	1286
F1344_4	M2586_4	201	1348	449	449
F1344_4	M2685_4	201	1299	1107	1107
F1344_4	M2729_4	201	1171	597	597
F1344_4	M508_4	201	1270	1117	1117
F150_4	F1009_4	201	1208	513	513
F150_4	F1344_4	201	1311	23	23
F150_4	F2741_4	201	1208	34	34
F150_4	F641_4	201	1101	100	100
F150_4	F820_4	201	1208	15	15
F150_4	M166_4	201	1237	114	114
F150_4	M18_4	201	1148	10	10
F150_4	M2158_4	201	1250	338	338
F150_4	M2159_4	201	1146	214	214
F150_4	M2586_4	201	1163	8	8
F150_4	M2685_4	201	1329	63	63
F150_4	M2729_4	201	1216	12	12
F150_4	M508_4	201	1247	80	80
F2741_4	F1009_4	201	1278	1255	1255
F2741_4	F1344_4	201	1413	725	725
F2741_4	F150_4	201	1208	919	919
F2741_4	F641_4	201	1392	1179	1179
F2741_4	F820_4	201	1157	433	433
F2741_4	M166_4	201	1154	1004	1004
F2741_4	M18_4	201	1232	317	317
F2741_4	M2158_4	201	1380	1322	1322
F2741_4	M2159_4	201	1400	1298	1298
F2741_4	M2586_4	201	1299	252	252
F2741_4	M2685_4	201	1227	899	899
F2741_4	M2729_4	201	1183	409	409
F2741_4	M508_4	201	1380	1109	1109
F641_4	F1009_4	201	1297	1286	1827
F641_4	F1344_4	201	1127	873	1294
F641_4	F150_4	201	1101	1011	1466
F641_4	F2741_4	201	1392	1156	1691
F641_4	F820_4	201	1337	802	1150
F641_4	M166_4	201	1196	1119	1615
F641_4	M18_4	201	1350	643	942
F641_4	M2158_4	201	1235	1213	1751
F641_4	M2159_4	201	1322	1289	1858
F641_4	M2586_4	201	1308	528	764
F641_4	M2685_4	201	1289	1148	1660
F641_4	M2729_4	201	1262	767	1130
F641_4	M508_4	201	1383	1282	1881
F820_4	F1009_4	201	1227	1221	2717
F820_4	F1344_4	201	1412	979	2175
F820_4	F150_4	201	1208	1051	2349
F820_4	F2741_4	201	1157	911	2004
F820_4	F641_4	201	1337	1233	2708
F820_4	M166_4	201	1469	1365	3067
F820_4	M18_4	201	1261	511	1129
F820_4	M2158_4	201	1073	1049	2346
F820_4	M2159_4	201	1302	1257	2790
F820_4	M2586_4	201	1371	468	1050
F820_4	M2685_4	201	1228	1047	2288
F820_4	M2729_4	201	1122	614	1324
F820_4	M508_4	201	1256	1142	2568
M166_4	F1009_4	201	1271	1241	1395
M166_4	F1344_4	201	1340	706	811
M166_4	F150_4	201	1237	929	1083
M166_4	F2741_4	201	1154	719	814
M166_4	F641_4	201	1196	987	1121
M166_4	F820_4	201	1469	553	653
M166_4	M18_4	201	1240	306	346
M166_4	M2158_4	201	1227	1172	1365
M166_4	M2159_4	201	1292	1199	1378
M166_4	M2586_4	201	1172	228	260
M166_4	M2685_4	201	1202	875	1006
M166_4	M2729_4	201	1345	454	522
M166_4	M508_4	201	1269	1026	1184
M18_4	F1009_4	201	1368	1250	1250
M18_4	F1344_4	201	1302	348	348
M18_4	F150_4	201	1148	609	609
M18_4	F2741_4	201	1232	453	453
M18_4	F641_4	201	1350	870	870
M18_4	F820_4	201	1261	209	209
M18_4	M166_4	201	1240	817	817
M18_4	M2158_4	201	1251	1105	1105
M18_4	M2159_4	201	1230	1010	1010
M18_4	M2586_4	201	1296	102	102
M18_4	M2685_4	201	1416	685	685
M18_4	M2729_4	201	1413	192	192
M18_4	M508_4	201	1329	786	786
M2158_4	F1009_4	201	1221	1138	2522
M2158_4	F1344_4	201	1093	296	671
M2158_4	F150_4	201	1250	653	1458
M2158_4	F2741_4	201	1380	492	1137
M2158_4	F641_4	201	1235	844	1907
M2158_4	F820_4	201	1073	187	429
M2158_4	M166_4	201	1227	835	1854
M2158_4	M18_4	201	1251	116	257
M2158_4	M2159_4	201	1285	1055	2345
M2158_4	M2586_4	201	1092	87	190
M2158_4	M2685_4	201	1286	631	1374
M2158_4	M2729_4	201	1295	216	472
M2158_4	M508_4	201	1285	759	1605
M2159_4	F1009_4	201	1239	1099	2290
M2159_4	F1344_4	201	1339	251	530
M2159_4	F150_4	201	1146	456	912
M2159_4	F2741_4	201	1400	362	732
M2159_4	F641_4	201	1322	688	1423
M2159_4	F820_4	201	1302	142	298
M2159_4	M166_4	201	1292	747	1488
M2159_4	M18_4	201	1230	78	168
M2159_4	M2158_4	201	1285	1065	2188
M2159_4	M2586_4	201	1358	70	145
M2159_4	M2685_4	201	1288	442	906
M2159_4	M2729_4	201	1262	122	257
M2159_4	M508_4	201	1309	632	1301
M2586_4	F1009_4	201	1226	1220	1220
M2586_4	F1344_4	201	1348	1096	1096
M2586_4	F150_4	201	1163	1071	1071
M2586_4	F2741_4	201	1299	1121	1121
M2586_4	F641_4	201	1308	1256	1256
M2586_4	F820_4	201	1371	955	955
M2586_4	M166_4	201	1172	1126	1126
M2586_4	M18_4	201	1296	721	721
M2586_4	M2158_4	201	1092	1079	1079
M2586_4	M2159_4	201	1358	1336	1336
M2586_4	M2685_4	201	1228	1117	1117
M2586_4	M2729_4	201	1302	895	895
M2586_4	M508_4	201	1399	1324	1324
M2685_4	F1009_4	201	1182	1148	1148
M2685_4	F1344_4	201	1299	637	637
M2685_4	F150_4	201	1329	1001	1001
M2685_4	F2741_4	201	1227	695	695
M2685_4	F641_4	201	1289	1063	1063
M2685_4	F820_4	201	1228	389	389
M2685_4	M166_4	201	1202	1004	1004
M2685_4	M18_4	201	1416	307	307
M2685_4	M2158_4	201	1286	1237	1237
M2685_4	M2159_4	201	1288	1178	1178
M2685_4	M2586_4	201	1228	173	173
M2685_4	M2729_4	201	1366	407	407
M2685_4	M508_4	201	1252	975	975
M2729_4	F1009_4	201	1174	476	476
M2729_4	F1344_4	201	1171	29	29
M2729_4	F150_4	201	1216	76	76
M2729_4	F2741_4	201	1183	38	38
M2729_4	F641_4	201	1262	114	114
M2729_4	F820_4	201	1122	17	17
M2729_4	M166_4	201	1345	146	146
M2729_4	M18_4	201	1413	4	4
M2729_4	M2158_4	201	1295	370	370
M2729_4	M2159_4	201	1262	266	266
M2729_4	M2586_4	201	1302	5	5
M2729_4	M2685_4	201	1366	55	55
M2729_4	M508_4	201	1250	87	87
M508_4	F1009_4	201	1309	1243	2552
M508_4	F1344_4	201	1270	404	852
M508_4	F150_4	201	1247	745	1534
M508_4	F2741_4	201	1380	547	1126
M508_4	F641_4	201	1383	972	2009
M508_4	F820_4	201	1256	248	511
M508_4	M166_4	201	1269	906	1835
M508_4	M18_4	201	1329	171	343
M508_4	M2158_4	201	1285	1167	2361
M508_4	M2159_4	201	1309	1112	2271
M508_4	M2586_4	201	1399	128	266
M508_4	M2685_4	201	1252	650	1319
M508_4	M2729_4	201	1250	247	496
F1631_4	F1996_4	202	1297	1212	1212
F1631_4	F2378_4	202	1211	13	13
F1631_4	F2468_4	202	1168	65	65
F1631_4	F2554_4	202	1267	44	44
F1631_4	F412_4	202	1379	68	68
F1631_4	F715_4	202	1298	64	64
F1631_4	F818_4	202	1104	100	100
F1631_4	F841_4	202	1408	215	215
F1631_4	F842_4	202	1468	346	346
F1631_4	M124_4	202	1333	338	338
F1631_4	M1922_4	202	1251	994	994
F1631_4	M2199_4	202	1309	19	19
F1631_4	M793_4	202	1288	1002	1002
F1996_4	F1631_4	202	1297	1245	4033
F1996_4	F2378_4	202	1272	117	373
F1996_4	F2468_4	202	1302	292	948
F1996_4	F2554_4	202	1149	183	573
F1996_4	F412_4	202	1333	254	817
F1996_4	F715_4	202	1419	222	681
F1996_4	F818_4	202	1157	409	1298
F1996_4	F841_4	202	1380	668	2153
F1996_4	F842_4	202	1266	717	2282
F1996_4	M124_4	202	1322	802	2589
F1996_4	M1922_4	202	1358	1301	4178
F1996_4	M2199_4	202	1286	108	344
F1996_4	M793_4	202	1229	1167	3818
F2378_4	F1631_4	202	1211	1204	2886
F2378_4	F1996_4	202	1272	1266	3146
F2378_4	F2468_4	202	1194	698	1745
F2378_4	F2554_4	202	1278	581	1420
F2378_4	F412_4	202	1159	595	1484
F2378_4	F715_4	202	1280	597	1470
F2378_4	F818_4	202	1149	787	1949
F2378_4	F841_4	202	1175	950	2353
F2378_4	F842_4	202	1157	1002	2441
F2378_4	M124_4	202	1343	1166	2875
F2378_4	M1922_4	202	1137	1123	2709
F2378_4	M2199_4	202	1279	330	829
F2378_4	M793_4	202	1183	1168	2928
F2468_4	F1631_4	202	1168	1153	1153
F2468_4	F1996_4	202	1302	1289	1289
F2468_4	F2378_4	202	1194	232	232
F2468_4	F2554_4	202	1123	349	349
F2468_4	F412_4	202	1157	453	453
F2468_4	F715_4	202	1157	402	402
F2468_4	F818_4	202	1368	781	781
F2468_4	F841_4	202	1235	865	865
F2468_4	F842_4	202	1327	1025	1025
F2468_4	M124_4	202	1219	974	974
F2468_4	M1922_4	202	1312	1282	1282
F2468_4	M2199_4	202	1259	249	249
F2468_4	M793_4	202	1226	1200	1200
F2554_4	F1631_4	202	1267	1156	1615
F2554_4	F1996_4	202	1149	1110	1592
F2554_4	F2378_4	202	1278	47	65
F2554_4	F2468_4	202	1123	131	181
F2554_4	F412_4	202	1304	132	177
F2554_4	F715_4	202	1173	91	130
F2554_4	F818_4	202	1277	231	315
F2554_4	F841_4	202	1225	338	479
F2554_4	F842_4	202	1232	424	600
F2554_4	M124_4	202	1183	497	664
F2554_4	M1922_4	202	1308	1181	1645
F2554_4	M2199_4	202	1228	43	59
F2554_4	M793_4	202	1337	1178	1646
F412_4	F1631_4	202	1379	1337	1337
F412_4	F1996_4	202	1333	1318	1318
F412_4	F2378_4	202	1159	120	120
F412_4	F2468_4	202	1157	363	363
F412_4	F2554_4	202	1304	229	229
F412_4	F715_4	202	1254	249	249
F412_4	F818_4	202	1266	527	527
F412_4	F841_4	202	1170	680	680
F412_4	F842_4	202	1264	795	795
F412_4	M124_4	202	1206	825	825
F412_4	M1922_4	202	1253	1216	1216
F412_4	M2199_4	202	1279	113	113
F412_4	M793_4	202	1261	1210	1210
F715_4	F1631_4	202	1298	1281	4151
F715_4	F1996_4	202	1419	1411	4661
F715_4	F2378_4	202	1280	289	917
F715_4	F2468_4	202	1157	570	1869
F715_4	F2554_4	202	1173	423	1352
F715_4	F412_4	202	1254	537	1742
F715_4	F818_4	202	1479	870	2814
F715_4	F841_4	202	1301	1002	3233
F715_4	F842_4	202	1310	1032	3303
F715_4	M124_4	202	1294	1061	3444
F715_4	M1922_4	202	1270	1244	3959
F715_4	M2199_4	202	1338	289	955
F715_4	M793_4	202	1180	1148	3654
F818_4	F1631_4	202	1104	1093	1093
F818_4	F1996_4	202	1157	1154	1154
F818_4	F2378_4	202	1149	362	362
F818_4	F2468_4	202	1368	806	806
F818_4	F2554_4	202	1277	558	558
F818_4	F412_4	202	1266	632	632
F818_4	F715_4	202	1479	687	687
F818_4	F841_4	202	1233	991	991
F818_4	F842_4	202	1280	1088	1088
F818_4	M124_4	202	1329	1162	1162
F818_4	M1922_4	202	1398	1384	1384
F818_4	M2199_4	202	1265	346	346
F818_4	M793_4	202	1244	1230	1230
F841_4	F1631_4	202	1408	1149	2409
F841_4	F1996_4	202	1380	1273	2756
F841_4	F2378_4	202	1175	12	27
F841_4	F2468_4	202	1235	60	132
F841_4	F2554_4	202	1225	28	56
F841_4	F412_4	202	1170	55	111
F841_4	F715_4	202	1301	43	93
F841_4	F818_4	202	1233	101	204
F841_4	F842_4	202	1340	250	551
F841_4	M124_4	202	1143	248	530
F841_4	M1922_4	202	1157	883	1880
F841_4	M2199_4	202	1142	22	40
F841_4	M793_4	202	1229	874	1881
F842_4	F1631_4	202	1468	1435	3219
F842_4	F1996_4	202	1266	1245	2865
F842_4	F2378_4	202	1157	120	251
F842_4	F2468_4	202	1327	422	920
F842_4	F2554_4	202	1232	244	540
F842_4	F412_4	202	1264	285	630
F842_4	F715_4	202	1310	225	522
F842_4	F818_4	202	1280	527	1180
F842_4	F841_4	202	1340	743	1679
F842_4	M124_4	202	1403	950	2113
F842_4	M1922_4	202	1238	1203	2652
F842_4	M2199_4	202	1545	165	386
F842_4	M793_4	202	1237	1183	2652
M124_4	F1631_4	202	1333	1323	3204
M124_4	F1996_4	202	1322	1316	3097
M124_4	F2378_4	202	1343	388	902
M124_4	F2468_4	202	1219	704	1651
M124_4	F2554_4	202	1183	481	1149
M124_4	F412_4	202	1206	622	1496
M124_4	F715_4	202	1294	552	1360
M124_4	F818_4	202	1329	900	2067
M124_4	F841_4	202	1143	944	2187
M124_4	F842_4	202	1403	1163	2725
M124_4	M1922_4	202	1391	1372	3120
M124_4	M2199_4	202	1210	296	667
M124_4	M793_4	202	1266	1251	2920
M1922_4	F1631_4	202	1251	1053	1350
M1922_4	F1996_4	202	1358	1257	1574
M1922_4	F2378_4	202	1137	17	19
M1922_4	F2468_4	202	1312	74	98
M1922_4	F2554_4	202	1308	38	44
M1922_4	F412_4	202	1253	51	62
M1922_4	F715_4	202	1270	48	60
M1922_4	F818_4	202	1398	112	145
M1922_4	F841_4	202	1157	192	231
M1922_4	F842_4	202	1238	233	308
M1922_4	M124_4	202	1391	319	402
M1922_4	M2199_4	202	1228	24	26
M1922_4	M793_4	202	1324	1009	1275
M2199_4	F1631_4	202	1309	1030	1896
M2199_4	F1996_4	202	1286	1180	2176
M2199_4	F2378_4	202	1279	23	50
M2199_4	F2468_4	202	1259	61	117
M2199_4	F2554_4	202	1228	39	64
M2199_4	F412_4	202	1279	55	110
M2199_4	F715_4	202	1338	39	75
M2199_4	F818_4	202	1265	80	139
M2199_4	F841_4	202	1142	149	288
M2199_4	F842_4	202	1545	281	494
M2199_4	M124_4	202	1210	238	426
M2199_4	M1922_4	202	1228	912	1711
M2199_4	M793_4	202	1190	855	1574
M793_4	F1631_4	202	1288	1131	1131
M793_4	F1996_4	202	1229	1162	1162
M793_4	F2378_4	202	1183	26	26
M793_4	F2468_4	202	1226	103	103
M793_4	F2554_4	202	1337	65	65
M793_4	F412_4	202	1261	77	77
M793_4	F715_4	202	1180	65	65
M793_4	F818_4	202	1244	158	158
M793_4	F841_4	202	1229	280	280
M793_4	F842_4	202	1237	319	319
M793_4	M124_4	202	1266	395	395
M793_4	M1922_4	202	1324	1135	1135
M793_4	M2199_4	202	1190	30	30
F1733_4	F2689_4	203	1325	158	402
F1733_4	F802_4	203	1207	250	630
F1733_4	F996_4	203	1301	435	1041
F1733_4	M1320_4	203	1322	503	1225
F1733_4	M155_4	203	1346	794	1915
F1733_4	M1601_4	203	1232	562	1440
F1733_4	M1667_4	203	1391	130	304
F1733_4	M1709_4	203	1270	476	1223
F1733_4	M1931_4	203	1242	86	232
F1733_4	M2242_4	203	1193	85	210
F1733_4	M38_4	203	1200	185	474
F1733_4	M706_4	203	1295	897	2245
F1733_4	M945_4	203	1179	423	1047
F2689_4	F1733_4	203	1325	946	2342
F2689_4	F802_4	203	1447	1010	2516
F2689_4	F996_4	203	1133	966	2379
F2689_4	M1320_4	203	1370	1168	2886
F2689_4	M155_4	203	1382	1271	3128
F2689_4	M1601_4	203	1274	1134	2829
F2689_4	M1667_4	203	1116	542	1354
F2689_4	M1709_4	203	1351	1170	3059
F2689_4	M1931_4	203	1325	533	1373
F2689_4	M2242_4	203	1261	518	1274
F2689_4	M38_4	203	1371	872	2198
F2689_4	M706_4	203	1332	1273	3161
F2689_4	M945_4	203	1287	1079	2764
F802_4	F1733_4	203	1207	858	858
F802_4	F2689_4	203	1447	878	878
F802_4	F996_4	203	1366	1153	1153
F802_4	M1320_4	203	1424	1229	1229
F802_4	M155_4	203	1242	1165	1165
F802_4	M1601_4	203	1302	1162	1162
F802_4	M1667_4	203	1220	604	604
F802_4	M1709_4	203	1197	1026	1026
F802_4	M1931_4	203	1251	505	505
F802_4	M2242_4	203	1288	570	570
F802_4	M38_4	203	1174	782	782
F802_4	M706_4	203	1364	1302	1302
F802_4	M945_4	203	1307	1124	1124
F996_4	F1733_4	203	1301	543	543
F996_4	F2689_4	203	1133	356	356
F996_4	F802_4	203	1366	557	557
F996_4	M1320_4	203	1318	854	854
F996_4	M155_4	203	1185	925	925
F996_4	M1601_4	203	1254	913	913
F996_4	M1667_4	203	1136	257	257
F996_4	M1709_4	203	1404	883	883
F996_4	M1931_4	203	1438	255	255
F996_4	M2242_4	203	1229	232	232
F996_4	M38_4	203	1113	365	365
F996_4	M706_4	203	1218	1067	1067
F996_4	M945_4	203	1245	766	766
M1320_4	F1733_4	203	1322	570	1052
M1320_4	F2689_4	203	1370	415	759
M1320_4	F802_4	203	1424	647	1175
M1320_4	F996_4	203	1318	812	1479
M1320_4	M155_4	203	1323	1091	2006
M1320_4	M1601_4	203	1458	1039	1894
M1320_4	M1667_4	203	1215	299	551
M1320_4	M1709_4	203	1199	801	1491
M1320_4	M1931_4	203	1173	223	406
M1320_4	M2242_4	203	1224	254	473
M1320_4	M38_4	203	1221	457	851
M1320_4	M706_4	203	1292	1139	2098
M1320_4	M945_4	203	1357	880	1592
M155_4	F1733_4	203	1346	10	16
M155_4	F2689_4	203	1382	7	9
M155_4	F802_4	203	1242	23	28
M155_4	F996_4	203	1185	37	47
M155_4	M1320_4	203	1323	47	64
M155_4	M1601_4	203	1250	51	72
M155_4	M1667_4	203	1249	7	8
M155_4	M1709_4	203	1307	39	50
M155_4	M1931_4	203	1444	9	13
M155_4	M2242_4	203	1257	3	3
M155_4	M38_4	203	1198	8	10
M155_4	M706_4	203	1084	107	142
M155_4	M945_4	203	1208	34	52
M1601_4	F1733_4	203	1232	126	242
M1601_4	F2689_4	203	1274	79	159
M1601_4	F802_4	203	1302	132	272
M1601_4	F996_4	203	1254	249	514
M1601_4	M1320_4	203	1458	309	601
M1601_4	M155_4	203	1250	469	942
M1601_4	M1667_4	203	1209	48	86
M1601_4	M1709_4	203	1235	269	503
M1601_4	M1931_4	203	1322	25	51
M1601_4	M2242_4	203	1060	41	82
M1601_4	M38_4	203	1316	115	208
M1601_4	M706_4	203	1315	629	1278
M1601_4	M945_4	203	1204	238	476
M1667_4	F1733_4	203	1391	1046	1046
M1667_4	F2689_4	203	1116	731	731
M1667_4	F802_4	203	1220	913	913
M1667_4	F996_4	203	1136	1002	1002
M1667_4	M1320_4	203	1215	1072	1072
M1667_4	M155_4	203	1249	1175	1175
M1667_4	M1601_4	203	1209	1113	1113
M1667_4	M1709_4	203	1386	1237	1237
M1667_4	M1931_4	203	1152	563	563
M1667_4	M2242_4	203	1348	675	675
M1667_4	M38_4	203	1424	978	978
M1667_4	M706_4	203	1337	1294	1294
M1667_4	M945_4	203	1286	1125	1125
M1709_4	F1733_4	203	1270	826	826
M1709_4	F2689_4	203	1351	758	758
M1709_4	F802_4	203	1197	791	791
M1709_4	F996_4	203	1404	1156	1156
M1709_4	M1320_4	203	1199	1022	1022
M1709_4	M155_4	203	1307	1202	1202
M1709_4	M1601_4	203	1235	1067	1067
M1709_4	M1667_4	203	1386	615	615
M1709_4	M1931_4	203	1236	470	470
M1709_4	M2242_4	203	1303	499	499
M1709_4	M38_4	203	1377	861	861
M1709_4	M706_4	203	1156	1098	1098
M1709_4	M945_4	203	1175	964	964
M1931_4	F1733_4	203	1242	709	991
M1931_4	F2689_4	203	1325	580	818
M1931_4	F802_4	203	1251	740	1010
M1931_4	F996_4	203	1438	1097	1542
M1931_4	M1320_4	203	1173	928	1328
M1931_4	M155_4	203	1444	1278	1811
M1931_4	M1601_4	203	1322	1078	1496
M1931_4	M1667_4	203	1152	395	541
M1931_4	M1709_4	203	1236	949	1325
M1931_4	M2242_4	203	1239	378	508
M1931_4	M38_4	203	1320	717	992
M1931_4	M706_4	203	1119	1036	1478
M1931_4	M945_4	203	1313	1018	1361
M2242_4	F1733_4	203	1193	539	857
M2242_4	F2689_4	203	1261	499	760
M2242_4	F802_4	203	1288	625	919
M2242_4	F996_4	203	1229	814	1253
M2242_4	M1320_4	203	1224	872	1299
M2242_4	M155_4	203	1257	1033	1574
M2242_4	M1601_4	203	1060	786	1231
M2242_4	M1667_4	203	1348	369	541
M2242_4	M1709_4	203	1303	901	1331
M2242_4	M1931_4	203	1239	239	363
M2242_4	M38_4	203	1319	565	825
M2242_4	M706_4	203	1238	1109	1694
M2242_4	M945_4	203	1332	938	1383
M38_4	F1733_4	203	1200	1031	3743
M38_4	F2689_4	203	1371	1075	3797
M38_4	F802_4	203	1174	985	3539
M38_4	F996_4	203	1113	1026	3715
M38_4	M1320_4	203	1221	1152	4204
M38_4	M155_4	203	1198	1163	4148
M38_4	M1601_4	203	1316	1259	4481
M38_4	M1667_4	203	1424	1006	3596
M38_4	M1709_4	203	1377	1275	4552
M38_4	M1931_4	203	1320	829	2995
M38_4	M2242_4	203	1319	858	3147
M38_4	M706_4	203	1315	1289	4530
M38_4	M945_4	203	1299	1220	4306
M706_4	F1733_4	203	1295	71	147
M706_4	F2689_4	203	1332	39	89
M706_4	F802_4	203	1364	63	141
M706_4	F996_4	203	1218	128	270
M706_4	M1320_4	203	1292	142	310
M706_4	M155_4	203	1084	227	511
M706_4	M1601_4	203	1315	214	477
M706_4	M1667_4	203	1337	24	54
M706_4	M1709_4	203	1156	136	280
M706_4	M1931_4	203	1119	9	19
M706_4	M2242_4	203	1238	17	28
M706_4	M38_4	203	1315	55	116
M706_4	M945_4	203	1390	174	360
M945_4	F1733_4	203	1179	113	261
M945_4	F2689_4	203	1287	86	200
M945_4	F802_4	203	1307	155	339
M945_4	F996_4	203	1245	261	625
M945_4	M1320_4	203	1357	328	772
M945_4	M155_4	203	1208	509	1148
M945_4	M1601_4	203	1204	381	874
M945_4	M1667_4	203	1286	59	145
M945_4	M1709_4	203	1175	243	570
M945_4	M1931_4	203	1313	39	93
M945_4	M2242_4	203	1332	58	137
M945_4	M38_4	203	1299	126	301
M945_4	M706_4	203	1390	743	1682
F1118_4	F2229_4	204	1178	184	184
F1118_4	F2240_4	204	1151	616	616
F1118_4	F2334_4	204	1211	281	281
F1118_4	F882_4	204	1366	175	175
F1118_4	F987_4	204	1229	346	346
F1118_4	M1176_4	204	1238	469	469
F1118_4	M1265_4	204	1111	403	403
F1118_4	M1344_4	204	1219	277	277
F1118_4	M1480_4	204	1321	221	221
F1118_4	M152_4	204	1168	103	103
F1118_4	M1912_4	204	1160	643	643
F1118_4	M2585_4	204	1221	314	314
F1118_4	M971_4	204	1163	758	758
F2229_4	F1118_4	204	1178	824	2517
F2229_4	F2240_4	204	1486	892	2676
F2229_4	F2334_4	204	1249	353	1062
F2229_4	F882_4	204	1252	232	741
F2229_4	F987_4	204	1323	541	1689
F2229_4	M1176_4	204	1353	659	1992
F2229_4	M1265_4	204	1247	550	1660
F2229_4	M1344_4	204	1340	373	1141
F2229_4	M1480_4	204	1326	297	943
F2229_4	M152_4	204	1259	170	519
F2229_4	M1912_4	204	1335	874	2653
F2229_4	M2585_4	204	1181	395	1229
F2229_4	M971_4	204	1329	990	3088
F2240_4	F1118_4	204	1151	823	2373
F2240_4	F2229_4	204	1486	334	971
F2240_4	F2334_4	204	1160	370	1082
F2240_4	F882_4	204	1280	271	811
F2240_4	F987_4	204	1266	493	1398
F2240_4	M1176_4	204	1166	551	1524
F2240_4	M1265_4	204	1355	600	1682
F2240_4	M1344_4	204	1172	388	1102
F2240_4	M1480_4	204	1187	254	755
F2240_4	M152_4	204	1210	144	402
F2240_4	M1912_4	204	1253	802	2254
F2240_4	M2585_4	204	1234	437	1220
F2240_4	M971_4	204	1231	896	2559
F2334_4	F1118_4	204	1211	747	747
F2334_4	F2229_4	204	1249	183	183
F2334_4	F2240_4	204	1160	565	565
F2334_4	F882_4	204	1411	211	211
F2334_4	F987_4	204	1103	373	373
F2334_4	M1176_4	204	1297	515	515
F2334_4	M1265_4	204	1302	466	466
F2334_4	M1344_4	204	1204	277	277
F2334_4	M1480_4	204	1332	222	222
F2334_4	M152_4	204	1196	109	109
F2334_4	M1912_4	204	1298	716	716
F2334_4	M2585_4	204	1393	336	336
F2334_4	M971_4	204	1311	893	893
F882_4	F1118_4	204	1366	509	1083
F882_4	F2229_4	204	1252	82	180
F882_4	F2240_4	204	1280	352	817
F882_4	F2334_4	204	1411	138	293
F882_4	F987_4	204	1354	195	421
F882_4	M1176_4	204	1313	265	596
F882_4	M1265_4	204	1340	260	557
F882_4	M1344_4	204	1267	141	329
F882_4	M1480_4	204	1207	82	198
F882_4	M152_4	204	1313	41	84
F882_4	M1912_4	204	1257	397	896
F882_4	M2585_4	204	1162	144	331
F882_4	M971_4	204	1302	569	1283
F987_4	F1118_4	204	1229	327	327
F987_4	F2229_4	204	1323	63	63
F987_4	F2240_4	204	1266	245	245
F987_4	F2334_4	204	1103	77	77
F987_4	F882_4	204	1354	49	49
F987_4	M1176_4	204	1079	137	137
F987_4	M1265_4	204	1287	142	142
F987_4	M1344_4	204	1309	88	88
F987_4	M1480_4	204	1151	37	37
F987_4	M152_4	204	1325	29	29
F987_4	M1912_4	204	1416	314	314
F987_4	M2585_4	204	1231	94	94
F987_4	M971_4	204	1462	473	473
M1176_4	F1118_4	204	1238	298	530
M1176_4	F2229_4	204	1353	35	63
M1176_4	F2240_4	204	1166	176	291
M1176_4	F2334_4	204	1297	62	102
M1176_4	F882_4	204	1313	36	62
M1176_4	F987_4	204	1079	68	123
M1176_4	M1265_4	204	1214	117	197
M1176_4	M1344_4	204	1133	49	88
M1176_4	M1480_4	204	1430	45	75
M1176_4	M152_4	204	1160	15	28
M1176_4	M1912_4	204	1316	222	372
M1176_4	M2585_4	204	1208	65	108
M1176_4	M971_4	204	1212	294	508
M1265_4	F1118_4	204	1111	569	1667
M1265_4	F2229_4	204	1247	128	357
M1265_4	F2240_4	204	1355	504	1510
M1265_4	F2334_4	204	1302	185	535
M1265_4	F882_4	204	1340	119	371
M1265_4	F987_4	204	1287	280	777
M1265_4	M1176_4	204	1214	338	975
M1265_4	M1344_4	204	1393	217	658
M1265_4	M1480_4	204	1368	146	425
M1265_4	M152_4	204	1294	65	209
M1265_4	M1912_4	204	1416	572	1693
M1265_4	M2585_4	204	1269	205	578
M1265_4	M971_4	204	1219	669	1960
M1344_4	F1118_4	204	1219	748	1714
M1344_4	F2229_4	204	1340	187	424
M1344_4	F2240_4	204	1172	606	1382
M1344_4	F2334_4	204	1204	233	510
M1344_4	F882_4	204	1267	177	395
M1344_4	F987_4	204	1309	404	908
M1344_4	M1176_4	204	1133	484	1127
M1344_4	M1265_4	204	1393	473	1056
M1344_4	M1480_4	204	1371	194	487
M1344_4	M152_4	204	1184	76	174
M1344_4	M1912_4	204	1156	637	1465
M1344_4	M2585_4	204	1169	308	684
M1344_4	M971_4	204	1253	820	1859
M1480_4	F1118_4	204	1321	1118	1118
M1480_4	F2229_4	204	1326	524	524
M1480_4	F2240_4	204	1187	939	939
M1480_4	F2334_4	204	1332	662	662
M1480_4	F882_4	204	1207	466	466
M1480_4	F987_4	204	1151	750	750
M1480_4	M1176_4	204	1430	1041	1041
M1480_4	M1265_4	204	1368	937	937
M1480_4	M1344_4	204	1371	752	752
M1480_4	M152_4	204	1269	352	352
M1480_4	M1912_4	204	1425	1187	1187
M1480_4	M2585_4	204	1433	774	774
M1480_4	M971_4	204	1328	1168	1168
M152_4	F1118_4	204	1168	1098	1098
M152_4	F2229_4	204	1259	780	780
M152_4	F2240_4	204	1210	1085	1085
M152_4	F2334_4	204	1196	858	858
M152_4	F882_4	204	1313	757	757
M152_4	F987_4	204	1325	1104	1104
M152_4	M1176_4	204	1160	991	991
M152_4	M1265_4	204	1294	1057	1057
M152_4	M1344_4	204	1184	873	873
M152_4	M1480_4	204	1269	826	826
M152_4	M1912_4	204	1271	1176	1176
M152_4	M2585_4	204	1170	888	888
M152_4	M971_4	204	1303	1230	1230
M1912_4	F1118_4	204	1160	973	1687
M1912_4	F2229_4	204	1335	438	750
M1912_4	F2240_4	204	1253	950	1605
M1912_4	F2334_4	204	1298	612	1046
M1912_4	F882_4	204	1257	412	740
M1912_4	F987_4	204	1416	833	1478
M1912_4	M1176_4	204	1316	855	1462
M1912_4	M1265_4	204	1416	841	1497
M1912_4	M1344_4	204	1156	528	932
M1912_4	M1480_4	204	1425	513	902
M1912_4	M152_4	204	1271	277	468
M1912_4	M2585_4	204	1273	654	1142
M1912_4	M971_4	204	1231	1040	1866
M2585_4	F1118_4	204	1221	687	986
M2585_4	F2229_4	204	1181	120	171
M2585_4	F2240_4	204	1234	567	774
M2585_4	F2334_4	204	1393	221	309
M2585_4	F882_4	204	1162	141	208
M2585_4	F987_4	204	1231	319	439
M2585_4	M1176_4	204	1208	383	531
M2585_4	M1265_4	204	1269	359	506
M2585_4	M1344_4	204	1169	192	274
M2585_4	M1480_4	204	1433	205	293
M2585_4	M152_4	204	1170	85	116
M2585_4	M1912_4	204	1273	629	890
M2585_4	M971_4	204	1320	780	1104
M971_4	F1118_4	204	1163	29	70
M971_4	F2229_4	204	1329	4	13
M971_4	F2240_4	204	1231	18	62
M971_4	F2334_4	204	1311	7	21
M971_4	F882_4	204	1302	5	12
M971_4	F987_4	204	1462	7	18
M971_4	M1176_4	204	1212	6	12
M971_4	M1265_4	204	1219	9	26
M971_4	M1344_4	204	1253	4	11
M971_4	M1480_4	204	1328	1	3
M971_4	M152_4	204	1303	2	5
M971_4	M1912_4	204	1231	15	40
M971_4	M2585_4	204	1320	5	10
F110_4	F1375_4	205	1379	872	1449
F110_4	F1395_4	205	1077	726	1237
F110_4	F1444_4	205	1390	1217	2008
F110_4	F1_4	205	1198	890	1476
F110_4	F2017_4	205	1393	956	1575
F110_4	F829_4	205	1326	1139	1855
F110_4	F937_4	205	1211	579	936
F110_4	M2568_4	205	1155	291	478
F110_4	M2722_4	205	1104	508	821
F110_4	M378_4	205	1141	947	1567
F110_4	M493_4	205	1273	1001	1650
F110_4	M550_4	205	1530	836	1401
F110_4	M995_4	205	1323	55	97
F1375_4	F110_4	205	1379	1029	1029
F1375_4	F1395_4	205	1291	520	520
F1375_4	F1444_4	205	1156	780	780
F1375_4	F1_4	205	1220	606	606
F1375_4	F2017_4	205	1283	524	524
F1375_4	F829_4	205	1240	791	791
F1375_4	F937_4	205	1216	284	284
F1375_4	M2568_4	205	1211	113	113
F1375_4	M2722_4	205	1380	320	320
F1375_4	M378_4	205	1217	665	665
F1375_4	M493_4	205	1133	645	645
F1375_4	M550_4	205	1268	347	347
F1375_4	M995_4	205	1224	19	19
F1395_4	F110_4	205	1077	1037	2269
F1395_4	F1375_4	205	1291	1098	2432
F1395_4	F1444_4	205	1203	1135	2574
F1395_4	F1_4	205	1022	914	2004
F1395_4	F2017_4	205	1339	1142	2552
F1395_4	F829_4	205	1134	1074	2406
F1395_4	F937_4	205	1375	984	2168
F1395_4	M2568_4	205	1229	560	1250
F1395_4	M2722_4	205	1310	948	2114
F1395_4	M378_4	205	1180	1077	2475
F1395_4	M493_4	205	1224	1117	2444
F1395_4	M550_4	205	1372	1049	2287
F1395_4	M995_4	205	1339	146	312
F1444_4	F110_4	205	1390	1174	3347
F1444_4	F1375_4	205	1156	608	1751
F1444_4	F1395_4	205	1203	643	1841
F1444_4	F1_4	205	1250	770	2267
F1444_4	F2017_4	205	1374	748	2199
F1444_4	F829_4	205	1162	870	2401
F1444_4	F937_4	205	1349	494	1441
F1444_4	M2568_4	205	1238	192	540
F1444_4	M2722_4	205	1156	409	1159
F1444_4	M378_4	205	1314	909	2706
F1444_4	M493_4	205	1260	890	2571
F1444_4	M550_4	205	1278	474	1326
F1444_4	M995_4	205	1161	25	58
F1_4	F110_4	205	1198	1068	1068
F1_4	F1375_4	205	1220	745	745
F1_4	F1395_4	205	1022	691	691
F1_4	F1444_4	205	1250	1088	1088
F1_4	F2017_4	205	1225	830	830
F1_4	F829_4	205	1189	995	995
F1_4	F937_4	205	1261	639	639
F1_4	M2568_4	205	1268	264	264
F1_4	M2722_4	205	1240	561	561
F1_4	M378_4	205	1348	1092	1092
F1_4	M493_4	205	1257	998	998
F1_4	M550_4	205	1146	626	626
F1_4	M995_4	205	1182	43	43
F2017_4	F110_4	205	1393	1257	1676
F2017_4	F1375_4	205	1283	889	1179
F2017_4	F1395_4	205	1339	936	1254
F2017_4	F1444_4	205	1374	1230	1668
F2017_4	F1_4	205	1225	925	1240
F2017_4	F829_4	205	1208	1064	1442
F2017_4	F937_4	205	1211	624	857
F2017_4	M2568_4	205	1287	352	467
F2017_4	M2722_4	205	1205	587	788
F2017_4	M378_4	205	1210	995	1326
F2017_4	M493_4	205	1295	1049	1384
F2017_4	M550_4	205	1379	787	1044
F2017_4	M995_4	205	1187	47	64
F829_4	F110_4	205	1326	389	1148
F829_4	F1375_4	205	1240	100	311
F829_4	F1395_4	205	1134	96	269
F829_4	F1444_4	205	1162	276	802
F829_4	F1_4	205	1189	165	479
F829_4	F2017_4	205	1208	110	311
F829_4	F937_4	205	1203	60	160
F829_4	M2568_4	205	1148	22	64
F829_4	M2722_4	205	1318	48	150
F829_4	M378_4	205	1151	199	574
F829_4	M493_4	205	1150	202	628
F829_4	M550_4	205	1269	56	168
F829_4	M995_4	205	1292	3	8
F937_4	F110_4	205	1211	1107	1107
F937_4	F1375_4	205	1216	864	864
F937_4	F1395_4	205	1375	1021	1021
F937_4	F1444_4	205	1349	1242	1242
F937_4	F1_4	205	1261	1033	1033
F937_4	F2017_4	205	1211	903	903
F937_4	F829_4	205	1203	1074	1074
F937_4	M2568_4	205	1262	405	405
F937_4	M2722_4	205	1342	769	769
F937_4	M378_4	205	1337	1146	1146
F937_4	M493_4	205	1267	1069	1069
F937_4	M550_4	205	1474	917	917
F937_4	M995_4	205	1292	73	73
M2568_4	F110_4	205	1155	543	543
M2568_4	F1375_4	205	1211	202	202
M2568_4	F1395_4	205	1229	239	239
M2568_4	F1444_4	205	1238	527	527
M2568_4	F1_4	205	1268	312	312
M2568_4	F2017_4	205	1287	238	238
M2568_4	F829_4	205	1148	409	409
M2568_4	F937_4	205	1262	130	130
M2568_4	M2722_4	205	1117	108	108
M2568_4	M378_4	205	1367	430	430
M2568_4	M493_4	205	1269	370	370
M2568_4	M550_4	205	1236	121	121
M2568_4	M995_4	205	1298	8	8
M2722_4	F110_4	205	1104	1074	1601
M2722_4	F1375_4	205	1380	1245	1867
M2722_4	F1395_4	205	1310	1175	1723
M2722_4	F1444_4	205	1156	1127	1687
M2722_4	F1_4	205	1240	1145	1714
M2722_4	F2017_4	205	1205	1105	1610
M2722_4	F829_4	205	1318	1277	1887
M2722_4	F937_4	205	1342	1127	1631
M2722_4	M2568_4	205	1117	706	1055
M2722_4	M378_4	205	1283	1219	1816
M2722_4	M493_4	205	1323	1264	1881
M2722_4	M550_4	205	1127	963	1418
M2722_4	M995_4	205	1185	202	298
M378_4	F110_4	205	1141	259	259
M378_4	F1375_4	205	1217	83	83
M378_4	F1395_4	205	1180	81	81
M378_4	F1444_4	205	1314	265	265
M378_4	F1_4	205	1348	143	143
M378_4	F2017_4	205	1210	83	83
M378_4	F829_4	205	1151	191	191
M378_4	F937_4	205	1337	46	46
M378_4	M2568_4	205	1367	16	16
M378_4	M2722_4	205	1283	52	52
M378_4	M493_4	205	1229	145	145
M378_4	M550_4	205	1271	50	50
M378_4	M995_4	205	1404	0	0
M493_4	F110_4	205	1273	868	868
M493_4	F1375_4	205	1133	357	357
M493_4	F1395_4	205	1224	425	425
M493_4	F1444_4	205	1260	842	842
M493_4	F1_4	205	1257	539	539
M493_4	F2017_4	205	1295	456	456
M493_4	F829_4	205	1150	692	692
M493_4	F937_4	205	1267	269	269
M493_4	M2568_4	205	1269	88	88
M493_4	M2722_4	205	1323	261	261
M493_4	M378_4	205	1229	659	659
M493_4	M550_4	205	1251	267	267
M493_4	M995_4	205	1349	9	9
M550_4	F110_4	205	1530	1143	3380
M550_4	F1375_4	205	1268	562	1743
M550_4	F1395_4	205	1372	611	1905
M550_4	F1444_4	205	1278	929	2782
M550_4	F1_4	205	1146	594	1814
M550_4	F2017_4	205	1379	647	1965
M550_4	F829_4	205	1269	848	2589
M550_4	F937_4	205	1474	374	1077
M550_4	M2568_4	205	1236	128	393
M550_4	M2722_4	205	1127	277	865
M550_4	M378_4	205	1271	782	2335
M550_4	M493_4	205	1251	705	2180
M550_4	M995_4	205	1148	28	89
M995_4	F110_4	205	1323	999	999
M995_4	F1375_4	205	1224	500	500
M995_4	F1395_4	205	1339	579	579
M995_4	F1444_4	205	1161	829	829
M995_4	F1_4	205	1182	608	608
M995_4	F2017_4	205	1187	518	518
M995_4	F829_4	205	1292	855	855
M995_4	F937_4	205	1292	331	331
M995_4	M2568_4	205	1298	133	133
M995_4	M2722_4	205	1185	282	282
M995_4	M378_4	205	1404	871	871
M995_4	M493_4	205	1349	780	780
M995_4	M550_4	205	1148	324	324
F1450_4	F2111_4	206	1397	75	243
F1450_4	F2439_4	206	1287	53	180
F1450_4	F2590_4	206	1105	760	2581
F1450_4	F2712_4	206	1137	198	685
F1450_4	F2731_4	206	1378	576	1870
F1450_4	F561_4	206	1200	403	1378
F1450_4	F845_4	206	1302	739	2489
F1450_4	M2155_4	206	1200	293	989
F1450_4	M2337_4	206	1282	964	3186
F1450_4	M2477_4	206	1311	385	1295
F1450_4	M745_4	206	1117	15	52
F1450_4	M850_4	206	1274	122	416
F1450_4	M951_4	206	1147	16	47
F2111_4	F1450_4	206	1397	183	269
F2111_4	F2439_4	206	1195	56	83
F2111_4	F2590_4	206	1246	898	1327
F2111_4	F2712_4	206	1290	202	304
F2111_4	F2731_4	206	1256	545	804
F2111_4	F561_4	206	1216	424	644
F2111_4	F845_4	206	1371	726	1121
F2111_4	M2155_4	206	1339	341	498
F2111_4	M2337_4	206	1224	904	1352
F2111_4	M2477_4	206	1197	355	536
F2111_4	M745_4	206	1361	12	16
F2111_4	M850_4	206	1400	141	199
F2111_4	M951_4	206	1296	12	26
F2439_4	F1450_4	206	1287	300	300
F2439_4	F2111_4	206	1195	102	102
F2439_4	F2590_4	206	1175	949	949
F2439_4	F2712_4	206	1485	395	395
F2439_4	F2731_4	206	1124	637	637
F2439_4	F561_4	206	1151	565	565
F2439_4	F845_4	206	1131	778	778
F2439_4	M2155_4	206	1220	420	420
F2439_4	M2337_4	206	1279	1076	1076
F2439_4	M2477_4	206	1284	517	517
F2439_4	M745_4	206	1379	24	24
F2439_4	M850_4	206	1259	208	208
F2439_4	M951_4	206	1449	31	31
F2590_4	F1450_4	206	1105	65	65
F2590_4	F2111_4	206	1246	37	37
F2590_4	F2439_4	206	1175	23	23
F2590_4	F2712_4	206	1247	102	102
F2590_4	F2731_4	206	1321	338	338
F2590_4	F561_4	206	1263	249	249
F2590_4	F845_4	206	1283	450	450
F2590_4	M2155_4	206	1312	183	183
F2590_4	M2337_4	206	1159	710	710
F2590_4	M2477_4	206	1149	189	189
F2590_4	M745_4	206	1121	7	7
F2590_4	M850_4	206	1375	57	57
F2590_4	M951_4	206	1338	3	3
F2712_4	F1450_4	206	1137	840	840
F2712_4	F2111_4	206	1290	651	651
F2712_4	F2439_4	206	1485	733	733
F2712_4	F2590_4	206	1247	1222	1222
F2712_4	F2731_4	206	1151	1083	1083
F2712_4	F561_4	206	1320	1215	1215
F2712_4	F845_4	206	1291	1233	1233
F2712_4	M2155_4	206	1284	1117	1117
F2712_4	M2337_4	206	1101	1083	1083
F2712_4	M2477_4	206	1284	1148	1148
F2712_4	M745_4	206	1136	161	161
F2712_4	M850_4	206	1374	945	945
F2712_4	M951_4	206	1366	232	232
F2731_4	F1450_4	206	1378	163	163
F2731_4	F2111_4	206	1256	60	60
F2731_4	F2439_4	206	1124	59	59
F2731_4	F2590_4	206	1321	956	956
F2731_4	F2712_4	206	1151	221	221
F2731_4	F561_4	206	1280	468	468
F2731_4	F845_4	206	1390	756	756
F2731_4	M2155_4	206	1248	305	305
F2731_4	M2337_4	206	1242	968	968
F2731_4	M2477_4	206	1124	329	329
F2731_4	M745_4	206	1208	14	14
F2731_4	M850_4	206	1220	119	119
F2731_4	M951_4	206	1270	17	17
F561_4	F1450_4	206	1200	714	1251
F561_4	F2111_4	206	1216	465	830
F561_4	F2439_4	206	1151	420	736
F561_4	F2590_4	206	1263	1218	2226
F561_4	F2712_4	206	1320	892	1654
F561_4	F2731_4	206	1280	1147	2041
F561_4	F845_4	206	1302	1214	2172
F561_4	M2155_4	206	1130	874	1598
F561_4	M2337_4	206	1047	1015	1859
F561_4	M2477_4	206	1403	1160	2022
F561_4	M745_4	206	1351	125	213
F561_4	M850_4	206	1251	656	1204
F561_4	M951_4	206	1344	136	261
F845_4	F1450_4	206	1302	35	35
F845_4	F2111_4	206	1371	22	22
F845_4	F2439_4	206	1131	13	13
F845_4	F2590_4	206	1283	371	371
F845_4	F2712_4	206	1291	39	39
F845_4	F2731_4	206	1390	155	155
F845_4	F561_4	206	1302	117	117
F845_4	M2155_4	206	1253	54	54
F845_4	M2337_4	206	1445	490	490
F845_4	M2477_4	206	1214	81	81
F845_4	M745_4	206	1359	3	3
F845_4	M850_4	206	1172	24	24
F845_4	M951_4	206	1145	1	1
M2155_4	F1450_4	206	1200	939	2909
M2155_4	F2111_4	206	1339	715	2105
M2155_4	F2439_4	206	1220	647	1928
M2155_4	F2590_4	206	1312	1283	4011
M2155_4	F2712_4	206	1284	1066	3223
M2155_4	F2731_4	206	1248	1180	3623
M2155_4	F561_4	206	1130	1042	3129
M2155_4	F845_4	206	1253	1200	3648
M2155_4	M2337_4	206	1463	1435	4527
M2155_4	M2477_4	206	1309	1177	3570
M2155_4	M745_4	206	1237	210	595
M2155_4	M850_4	206	1261	940	2906
M2155_4	M951_4	206	1182	211	651
M2337_4	F1450_4	206	1282	193	217
M2337_4	F2111_4	206	1224	97	102
M2337_4	F2439_4	206	1279	77	88
M2337_4	F2590_4	206	1159	881	965
M2337_4	F2712_4	206	1101	248	262
M2337_4	F2731_4	206	1242	586	661
M2337_4	F561_4	206	1047	422	463
M2337_4	F845_4	206	1445	884	972
M2337_4	M2155_4	206	1463	422	470
M2337_4	M2477_4	206	1322	467	514
M2337_4	M745_4	206	1234	21	21
M2337_4	M850_4	206	1254	166	188
M2337_4	M951_4	206	1292	14	15
M2477_4	F1450_4	206	1311	368	1253
M2477_4	F2111_4	206	1197	152	516
M2477_4	F2439_4	206	1284	159	523
M2477_4	F2590_4	206	1149	1013	3432
M2477_4	F2712_4	206	1284	483	1681
M2477_4	F2731_4	206	1124	759	2543
M2477_4	F561_4	206	1403	828	2759
M2477_4	F845_4	206	1214	938	3203
M2477_4	M2155_4	206	1309	650	2228
M2477_4	M2337_4	206	1322	1201	3973
M2477_4	M745_4	206	1200	36	119
M2477_4	M850_4	206	1282	294	1005
M2477_4	M951_4	206	1149	28	92
M745_4	F1450_4	206	1117	199	506
M745_4	F2111_4	206	1361	89	238
M745_4	F2439_4	206	1379	109	276
M745_4	F2590_4	206	1121	875	2334
M745_4	F2712_4	206	1136	249	641
M745_4	F2731_4	206	1208	619	1610
M745_4	F561_4	206	1351	582	1549
M745_4	F845_4	206	1359	864	2317
M745_4	M2155_4	206	1237	393	1038
M745_4	M2337_4	206	1234	1000	2635
M745_4	M2477_4	206	1200	458	1209
M745_4	M850_4	206	1344	200	542
M745_4	M951_4	206	1309	10	35
M850_4	F1450_4	206	1274	38	62
M850_4	F2111_4	206	1400	11	18
M850_4	F2439_4	206	1259	18	26
M850_4	F2590_4	206	1375	486	755
M850_4	F2712_4	206	1374	64	99
M850_4	F2731_4	206	1220	172	275
M850_4	F561_4	206	1251	128	204
M850_4	F845_4	206	1172	250	379
M850_4	M2155_4	206	1261	90	152
M850_4	M2337_4	206	1254	497	796
M850_4	M2477_4	206	1282	104	160
M850_4	M745_4	206	1344	3	3
M850_4	M951_4	206	1204	0	0
M951_4	F1450_4	206	1147	312	312
M951_4	F2111_4	206	1296	168	168
M951_4	F2439_4	206	1449	174	174
M951_4	F2590_4	206	1338	1182	1182
M951_4	F2712_4	206	1366	486	486
M951_4	F2731_4	206	1270	832	832
M951_4	F561_4	206	1344	785	785
M951_4	F845_4	206	1145	872	872
M951_4	M2155_4	206	1182	565	565
M951_4	M2337_4	206	1292	1138	1138
M951_4	M2477_4	206	1149	612	612
M951_4	M745_4	206	1309	35	35
M951_4	M850_4	206	1204	294	294
F1042_4	F2208_4	207	1254	983	983
F1042_4	F2342_4	207	1282	355	355
F1042_4	F371_4	207	1319	670	670
F1042_4	F534_4	207	1312	38	38
F1042_4	F757_4	207	1182	729	729
F1042_4	M1030_4	207	1457	41	41
F1042_4	M1297_4	207	1289	359	359
F1042_4	M1428_4	207	1320	310	310
F1042_4	M1647_4	207	1247	506	506
F1042_4	M1672_4	207	1311	121	121
F1042_4	M1796_4	207	1227	284	284
F1042_4	M2249_4	207	1370	339	339
F1042_4	M2330_4	207	1246	873	873
F2208_4	F1042_4	207	1254	313	453
F2208_4	F2342_4	207	1318	234	334
F2208_4	F371_4	207	1184	390	575
F2208_4	F534_4	207	1210	12	18
F2208_4	F757_4	207	1292	523	778
F2208_4	M1030_4	207	1263	26	34
F2208_4	M1297_4	207	1189	173	251
F2208_4	M1428_4	207	1225	162	228
F2208_4	M1647_4	207	1414	342	494
F2208_4	M1672_4	207	1291	51	74
F2208_4	M1796_4	207	1272	142	216
F2208_4	M2249_4	207	1256	189	273
F2208_4	M2330_4	207	1195	632	922
F2342_4	F1042_4	207	1282	575	575
F2342_4	F2208_4	207	1318	1047	1047
F2342_4	F371_4	207	1291	693	693
F2342_4	F534_4	207	1140	51	51
F2342_4	F757_4	207	1309	846	846
F2342_4	M1030_4	207	1358	61	61
F2342_4	M1297_4	207	1256	369	369
F2342_4	M1428_4	207	1143	336	336
F2342_4	M1647_4	207	1263	545	545
F2342_4	M1672_4	207	1152	122	122
F2342_4	M1796_4	207	1116	310	310
F2342_4	M2249_4	207	1236	350	350
F2342_4	M2330_4	207	1348	964	964
F371_4	F1042_4	207	1319	1075	1780
F371_4	F2208_4	207	1184	1135	1930
F371_4	F2342_4	207	1291	879	1514
F371_4	F534_4	207	1332	285	483
F371_4	F757_4	207	1234	1138	1885
F371_4	M1030_4	207	1259	249	389
F371_4	M1297_4	207	1199	840	1446
F371_4	M1428_4	207	1258	877	1428
F371_4	M1647_4	207	1125	924	1564
F371_4	M1672_4	207	1407	547	919
F371_4	M1796_4	207	1291	848	1434
F371_4	M2249_4	207	1389	959	1620
F371_4	M2330_4	207	1208	1131	1925
F534_4	F1042_4	207	1312	918	2723
F534_4	F2208_4	207	1210	1114	3361
F534_4	F2342_4	207	1140	632	1881
F534_4	F371_4	207	1332	1044	3115
F534_4	F757_4	207	1341	1144	3462
F534_4	M1030_4	207	1165	122	370
F534_4	M1297_4	207	1237	687	2086
F534_4	M1428_4	207	1246	672	1983
F534_4	M1647_4	207	1218	846	2506
F534_4	M1672_4	207	1411	344	1057
F534_4	M1796_4	207	1373	715	2225
F534_4	M2249_4	207	1151	619	1905
F534_4	M2330_4	207	1240	1090	3301
F757_4	F1042_4	207	1182	909	985
F757_4	F2208_4	207	1292	1204	1317
F757_4	F2342_4	207	1309	809	872
F757_4	F371_4	207	1234	1027	1108
F757_4	F534_4	207	1341	175	190
F757_4	M1030_4	207	1334	203	220
F757_4	M1297_4	207	1216	716	794
F757_4	M1428_4	207	1153	682	748
F757_4	M1647_4	207	1320	982	1078
F757_4	M1672_4	207	1405	424	458
F757_4	M1796_4	207	1183	694	767
F757_4	M2249_4	207	1292	784	862
F757_4	M2330_4	207	1224	1107	1207
M1030_4	F1042_4	207	1457	1120	1120
M1030_4	F2208_4	207	1263	1206	1206
M1030_4	F2342_4	207	1358	914	914
M1030_4	F371_4	207	1259	1075	1075
M1030_4	F534_4	207	1165	185	185
M1030_4	F757_4	207	1334	1168	1168
M1030_4	M1297_4	207	1376	899	899
M1030_4	M1428_4	207	1052	663	663
M1030_4	M1647_4	207	1247	961	961
M1030_4	M1672_4	207	1359	464	464
M1030_4	M1796_4	207	1355	839	839
M1030_4	M2249_4	207	1188	742	742
M1030_4	M2330_4	207	1316	1212	1212
M1297_4	F1042_4	207	1289	619	1236
M1297_4	F2208_4	207	1189	1008	2075
M1297_4	F2342_4	207	1256	442	923
M1297_4	F371_4	207	1199	735	1526
M1297_4	F534_4	207	1237	62	123
M1297_4	F757_4	207	1216	836	1725
M1297_4	M1030_4	207	1376	54	128
M1297_4	M1428_4	207	1303	428	893
M1297_4	M1647_4	207	1382	697	1375
M1297_4	M1672_4	207	1287	173	348
M1297_4	M1796_4	207	1363	441	876
M1297_4	M2249_4	207	1228	401	845
M1297_4	M2330_4	207	1187	928	1873
M1428_4	F1042_4	207	1320	890	2854
M1428_4	F2208_4	207	1225	1125	3492
M1428_4	F2342_4	207	1143	593	1889
M1428_4	F371_4	207	1258	939	3015
M1428_4	F534_4	207	1246	113	369
M1428_4	F757_4	207	1153	948	3030
M1428_4	M1030_4	207	1052	109	350
M1428_4	M1297_4	207	1303	678	2130
M1428_4	M1647_4	207	1200	811	2597
M1428_4	M1672_4	207	1128	266	880
M1428_4	M1796_4	207	1241	595	1793
M1428_4	M2249_4	207	1199	665	2129
M1428_4	M2330_4	207	1213	1052	3395
M1647_4	F1042_4	207	1247	223	248
M1647_4	F2208_4	207	1414	762	857
M1647_4	F2342_4	207	1263	155	168
M1647_4	F371_4	207	1125	272	296
M1647_4	F534_4	207	1218	13	14
M1647_4	F757_4	207	1320	426	462
M1647_4	M1030_4	207	1247	10	10
M1647_4	M1297_4	207	1382	139	151
M1647_4	M1428_4	207	1200	110	126
M1647_4	M1672_4	207	1201	49	54
M1647_4	M1796_4	207	1367	132	144
M1647_4	M2249_4	207	1305	137	151
M1647_4	M2330_4	207	1183	506	551
M1672_4	F1042_4	207	1311	895	895
M1672_4	F2208_4	207	1291	1213	1213
M1672_4	F2342_4	207	1152	636	636
M1672_4	F371_4	207	1407	1102	1102
M1672_4	F534_4	207	1411	157	157
M1672_4	F757_4	207	1405	1191	1191
M1672_4	M1030_4	207	1359	149	149
M1672_4	M1297_4	207	1287	713	713
M1672_4	M1428_4	207	1128	613	613
M1672_4	M1647_4	207	1201	831	831
M1672_4	M1796_4	207	1458	730	730
M1672_4	M2249_4	207	1390	750	750
M1672_4	M2330_4	207	1161	1030	1030
M1796_4	F1042_4	207	1227	1023	1892
M1796_4	F2208_4	207	1272	1223	2325
M1796_4	F2342_4	207	1116	789	1469
M1796_4	F371_4	207	1291	1125	2156
M1796_4	F534_4	207	1373	312	574
M1796_4	F757_4	207	1183	1068	2115
M1796_4	M1030_4	207	1355	257	475
M1796_4	M1297_4	207	1363	974	1855
M1796_4	M1428_4	207	1241	866	1707
M1796_4	M1647_4	207	1367	1136	2171
M1796_4	M1672_4	207	1458	595	1156
M1796_4	M2249_4	207	1160	803	1574
M1796_4	M2330_4	207	1233	1146	2186
M2249_4	F1042_4	207	1370	819	819
M2249_4	F2208_4	207	1256	1091	1091
M2249_4	F2342_4	207	1236	572	572
M2249_4	F371_4	207	1389	962	962
M2249_4	F534_4	207	1151	85	85
M2249_4	F757_4	207	1292	1008	1008
M2249_4	M1030_4	207	1188	79	79
M2249_4	M1297_4	207	1228	574	574
M2249_4	M1428_4	207	1199	485	485
M2249_4	M1647_4	207	1305	780	780
M2249_4	M1672_4	207	1390	238	238
M2249_4	M1796_4	207	1160	484	484
M2249_4	M2330_4	207	1279	1050	1050
M2330_4	F1042_4	207	1246	396	426
M2330_4	F2208_4	207	1195	839	898
M2330_4	F2342_4	207	1348	278	296
M2330_4	F371_4	207	1208	511	550
M2330_4	F534_4	207	1240	23	27
M2330_4	F757_4	207	1224	619	657
M2330_4	M1030_4	207	1316	31	33
M2330_4	M1297_4	207	1187	251	266
M2330_4	M1428_4	207	1213	194	211
M2330_4	M1647_4	207	1183	346	370
M2330_4	M1672_4	207	1161	90	98
M2330_4	M1796_4	207	1233	198	213
M2330_4	M2249_4	207	1279	256	271
F1393_4	F1695_4	208	1296	1026	1026
F1393_4	F2040_4	208	1250	460	460
F1393_4	F2635_4	208	1447	321	321
F1393_4	F2792_4	208	1202	659	659
F1393_4	F904_4	208	1237	1196	1196
F1393_4	M1021_4	208	1189	776	776
F1393_4	M146_4	208	1230	863	863
F1393_4	M2306_4	208	1322	572	572
F1393_4	M2396_4	208	1206	794	794
F1393_4	M255_4	208	1225	224	224
F1393_4	M265_4	208	1195	251	251
F1393_4	M437_4	208	1264	205	205
F1393_4	M712_4	208	1253	37	37
F1695_4	F1393_4	208	1296	490	1344
F1695_4	F2040_4	208	1379	403	1124
F1695_4	F2635_4	208	1185	204	552
F1695_4	F2792_4	208	1423	635	1735
F1695_4	F904_4	208	1299	1235	3349
F1695_4	M1021_4	208	1424	804	2220
F1695_4	M146_4	208	1358	891	2527
F1695_4	M2306_4	208	1384	501	1411
F1695_4	M2396_4	208	1164	675	1950
F1695_4	M255_4	208	1154	150	411
F1695_4	M265_4	208	1170	153	434
F1695_4	M437_4	208	1215	120	359
F1695_4	M712_4	208	1329	28	74
F2040_4	F1393_4	208	1250	918	918
F2040_4	F1695_4	208	1379	1290	1290
F2040_4	F2635_4	208	1429	738	738
F2040_4	F2792_4	208	1164	929	929
F2040_4	F904_4	208	1389	1373	1373
F2040_4	M1021_4	208	1206	1020	1020
F2040_4	M146_4	208	1220	1092	1092
F2040_4	M2306_4	208	1388	981	981
F2040_4	M2396_4	208	1309	1139	1139
F2040_4	M255_4	208	1309	521	521
F2040_4	M265_4	208	1153	505	505
F2040_4	M437_4	208	1321	451	451
F2040_4	M712_4	208	1169	114	114
F2635_4	F1393_4	208	1447	619	619
F2635_4	F1695_4	208	1185	924	924
F2635_4	F2040_4	208	1429	506	506
F2635_4	F2792_4	208	1449	756	756
F2635_4	F904_4	208	1236	1185	1185
F2635_4	M1021_4	208	1231	774	774
F2635_4	M146_4	208	1324	907	907
F2635_4	M2306_4	208	1207	469	469
F2635_4	M2396_4	208	1441	926	926
F2635_4	M255_4	208	1338	223	223
F2635_4	M265_4	208	1417	256	256
F2635_4	M437_4	208	1158	153	153
F2635_4	M712_4	208	1161	36	36
F2792_4	F1393_4	208	1202	800	1512
F2792_4	F1695_4	208	1423	1280	2386
F2792_4	F2040_4	208	1164	635	1163
F2792_4	F2635_4	208	1449	650	1292
F2792_4	F904_4	208	1194	1174	2207
F2792_4	M1021_4	208	1223	998	1896
F2792_4	M146_4	208	1140	958	1789
F2792_4	M2306_4	208	1204	775	1481
F2792_4	M2396_4	208	1348	1102	2081
F2792_4	M255_4	208	1167	434	799
F2792_4	M265_4	208	1353	473	894
F2792_4	M437_4	208	1355	401	753
F2792_4	M712_4	208	1201	98	197
F904_4	F1393_4	208	1237	780	780
F904_4	F1695_4	208	1299	1142	1142
F904_4	F2040_4	208	1389	765	765
F904_4	F2635_4	208	1236	543	543
F904_4	F2792_4	208	1194	841	841
F904_4	M1021_4	208	1210	976	976
F904_4	M146_4	208	1243	1048	1048
F904_4	M2306_4	208	1269	797	797
F904_4	M2396_4	208	1295	1031	1031
F904_4	M255_4	208	1261	421	421
F904_4	M265_4	208	1252	410	410
F904_4	M437_4	208	1258	361	361
F904_4	M712_4	208	1304	100	100
M1021_4	F1393_4	208	1189	252	252
M1021_4	F1695_4	208	1424	804	804
M1021_4	F2040_4	208	1206	186	186
M1021_4	F2635_4	208	1231	116	116
M1021_4	F2792_4	208	1223	361	361
M1021_4	F904_4	208	1210	1068	1068
M1021_4	M146_4	208	1267	576	576
M1021_4	M2306_4	208	1234	267	267
M1021_4	M2396_4	208	1410	566	566
M1021_4	M255_4	208	1214	109	109
M1021_4	M265_4	208	1244	80	80
M1021_4	M437_4	208	1420	70	70
M1021_4	M712_4	208	1211	13	13
M146_4	F1393_4	208	1230	433	1393
M146_4	F1695_4	208	1358	1015	3107
M146_4	F2040_4	208	1220	375	1210
M146_4	F2635_4	208	1324	270	847
M146_4	F2792_4	208	1140	517	1550
M146_4	F904_4	208	1243	1168	3650
M146_4	M1021_4	208	1267	734	2253
M146_4	M2306_4	208	1126	415	1255
M146_4	M2396_4	208	1235	731	2232
M146_4	M255_4	208	1371	214	675
M146_4	M265_4	208	1462	206	637
M146_4	M437_4	208	1359	167	523
M146_4	M712_4	208	1262	32	107
M2306_4	F1393_4	208	1322	200	252
M2306_4	F1695_4	208	1384	649	794
M2306_4	F2040_4	208	1388	141	174
M2306_4	F2635_4	208	1207	93	120
M2306_4	F2792_4	208	1204	263	329
M2306_4	F904_4	208	1269	1063	1334
M2306_4	M1021_4	208	1234	366	472
M2306_4	M146_4	208	1126	385	494
M2306_4	M2396_4	208	1205	373	460
M2306_4	M255_4	208	1213	66	77
M2306_4	M265_4	208	1252	55	67
M2306_4	M437_4	208	1205	43	54
M2306_4	M712_4	208	1355	14	18
M2396_4	F1393_4	208	1206	628	628
M2396_4	F1695_4	208	1164	983	983
M2396_4	F2040_4	208	1309	549	549
M2396_4	F2635_4	208	1441	440	440
M2396_4	F2792_4	208	1348	822	822
M2396_4	F904_4	208	1295	1253	1253
M2396_4	M1021_4	208	1410	1001	1001
M2396_4	M146_4	208	1235	948	948
M2396_4	M2306_4	208	1205	635	635
M2396_4	M255_4	208	1257	303	303
M2396_4	M265_4	208	1303	321	321
M2396_4	M437_4	208	1248	248	248
M2396_4	M712_4	208	1218	47	47
M255_4	F1393_4	208	1225	1095	1100
M255_4	F1695_4	208	1154	1129	1133
M255_4	F2040_4	208	1309	1077	1084
M255_4	F2635_4	208	1338	981	982
M255_4	F2792_4	208	1167	1075	1078
M255_4	F904_4	208	1261	1255	1258
M255_4	M1021_4	208	1214	1144	1149
M255_4	M146_4	208	1371	1309	1314
M255_4	M2306_4	208	1213	1041	1045
M255_4	M2396_4	208	1257	1189	1192
M255_4	M265_4	208	1326	874	875
M255_4	M437_4	208	1332	844	851
M255_4	M712_4	208	1167	282	283
M265_4	F1393_4	208	1195	167	536
M265_4	F1695_4	208	1170	483	1511
M265_4	F2040_4	208	1153	121	410
M265_4	F2635_4	208	1417	93	301
M265_4	F2792_4	208	1353	252	821
M265_4	F904_4	208	1252	1034	3406
M265_4	M1021_4	208	1244	349	1135
M265_4	M146_4	208	1462	465	1469
M265_4	M2306_4	208	1252	182	580
M265_4	M2396_4	208	1303	380	1197
M265_4	M255_4	208	1326	60	207
M265_4	M437_4	208	1272	43	148
M265_4	M712_4	208	1310	8	23
M437_4	F1393_4	208	1264	887	887
M437_4	F1695_4	208	1215	1127	1127
M437_4	F2040_4	208	1321	856	856
M437_4	F2635_4	208	1158	612	612
M437_4	F2792_4	208	1355	1067	1067
M437_4	F904_4	208	1258	1240	1240
M437_4	M1021_4	208	1420	1190	1190
M437_4	M146_4	208	1359	1224	1224
M437_4	M2306_4	208	1205	879	879
M437_4	M2396_4	208	1248	1088	1088
M437_4	M255_4	208	1332	601	601
M437_4	M265_4	208	1272	576	576
M437_4	M712_4	208	1231	122	122
M712_4	F1393_4	208	1253	916	1264
M712_4	F1695_4	208	1329	1230	1707
M712_4	F2040_4	208	1169	735	997
M712_4	F2635_4	208	1161	552	741
M712_4	F2792_4	208	1201	942	1304
M712_4	F904_4	208	1304	1285	1745
M712_4	M1021_4	208	1211	1014	1371
M712_4	M146_4	208	1262	1111	1504
M712_4	M2306_4	208	1355	941	1286
M712_4	M2396_4	208	1218	1026	1398
M712_4	M255_4	208	1167	475	647
M712_4	M265_4	208	1310	526	737
M712_4	M437_4	208	1231	441	596
F1064_4	F1428_4	209	1315	1183	1183
F1064_4	F1878_4	209	1359	169	169
F1064_4	F2121_4	209	1135	700	700
F1064_4	F272_4	209	1320	112	112
F1064_4	F2_4	209	1269	69	69
F1064_4	F551_4	209	1235	552	552
F1064_4	F709_4	209	1359	203	203
F1064_4	M1090_4	209	1170	362	362
F1064_4	M1815_4	209	1201	313	313
F1064_4	M1905_4	209	1389	945	945
F1064_4	M2436_4	209	1197	84	84
F1064_4	M403_4	209	1195	311	311
F1064_4	M955_4	209	1173	924	924
F1428_4	F1064_4	209	1315	506	506
F1428_4	F1878_4	209	1223	458	458
F1428_4	F2121_4	209	1195	1039	1039
F1428_4	F272_4	209	1286	325	325
F1428_4	F2_4	209	1319	318	318
F1428_4	F551_4	209	1196	927	927
F1428_4	F709_4	209	1356	566	566
F1428_4	M1090_4	209	1324	864	864
F1428_4	M1815_4	209	1179	737	737
F1428_4	M1905_4	209	1220	1114	1114
F1428_4	M2436_4	209	1235	401	401
F1428_4	M403_4	209	1315	800	800
F1428_4	M955_4	209	1236	1155	1155
F1878_4	F1064_4	209	1359	26	54
F1878_4	F1428_4	209	1223	580	1141
F1878_4	F2121_4	209	1447	194	385
F1878_4	F272_4	209	1263	7	13
F1878_4	F2_4	209	1171	10	21
F1878_4	F551_4	209	1213	94	165
F1878_4	F709_4	209	1298	21	43
F1878_4	M1090_4	209	1238	44	91
F1878_4	M1815_4	209	1185	30	49
F1878_4	M1905_4	209	1236	201	392
F1878_4	M2436_4	209	1289	13	25
F1878_4	M403_4	209	1231	38	71
F1878_4	M955_4	209	1184	300	573
F2121_4	F1064_4	209	1135	135	306
F2121_4	F1428_4	209	1195	1070	2372
F2121_4	F1878_4	209	1447	140	303
F2121_4	F272_4	209	1310	86	194
F2121_4	F2_4	209	1349	71	156
F2121_4	F551_4	209	1287	547	1194
F2121_4	F709_4	209	1437	160	350
F2121_4	M1090_4	209	1376	360	780
F2121_4	M1815_4	209	1294	338	773
F2121_4	M1905_4	209	1279	789	1752
F2121_4	M2436_4	209	1313	91	200
F2121_4	M403_4	209	1397	322	741
F2121_4	M955_4	209	1253	968	2153
F272_4	F1064_4	209	1320	124	198
F272_4	F1428_4	209	1286	1124	1755
F272_4	F1878_4	209	1263	104	167
F272_4	F2121_4	209	1310	693	1052
F272_4	F2_4	209	1246	61	106
F272_4	F551_4	209	1358	475	741
F272_4	F709_4	209	1173	124	189
F272_4	M1090_4	209	1283	301	460
F272_4	M1815_4	209	1326	274	419
F272_4	M1905_4	209	1201	687	1058
F272_4	M2436_4	209	1244	74	116
F272_4	M403_4	209	1378	294	465
F272_4	M955_4	209	1064	765	1194
F2_4	F1064_4	209	1269	42	42
F2_4	F1428_4	209	1319	890	890
F2_4	F1878_4	209	1171	26	26
F2_4	F2121_4	209	1349	357	357
F2_4	F272_4	209	1246	19	19
F2_4	F551_4	209	1323	217	217
F2_4	F709_4	209	1303	36	36
F2_4	M1090_4	209	1184	124	124
F2_4	M1815_4	209	1159	112	112
F2_4	M1905_4	209	1328	415	415
F2_4	M2436_4	209	1271	30	30
F2_4	M403_4	209	1236	87	87
F2_4	M955_4	209	1163	502	502
F551_4	F1064_4	209	1235	994	994
F551_4	F1428_4	209	1196	1192	1192
F551_4	F1878_4	209	1213	910	910
F551_4	F2121_4	209	1287	1253	1253
F551_4	F272_4	209	1358	910	910
F551_4	F2_4	209	1323	788	788
F551_4	F709_4	209	1304	1049	1049
F551_4	M1090_4	209	1228	1139	1139
F551_4	M1815_4	209	1208	1086	1086
F551_4	M1905_4	209	1224	1202	1202
F551_4	M2436_4	209	1254	887	887
F551_4	M403_4	209	1304	1174	1174
F551_4	M955_4	209	1308	1297	1297
F709_4	F1064_4	209	1359	135	190
F709_4	F1428_4	209	1356	1183	1733
F709_4	F1878_4	209	1298	99	143
F709_4	F2121_4	209	1437	743	1093
F709_4	F272_4	209	1173	63	88
F709_4	F2_4	209	1303	55	89
F709_4	F551_4	209	1304	481	696
F709_4	M1090_4	209	1359	297	433
F709_4	M1815_4	209	1361	262	394
F709_4	M1905_4	209	1248	727	1112
F709_4	M2436_4	209	1322	91	137
F709_4	M403_4	209	1337	285	418
F709_4	M955_4	209	1209	891	1295
M1090_4	F1064_4	209	1170	890	2080
M1090_4	F1428_4	209	1324	1322	3083
M1090_4	F1878_4	209	1238	925	2159
M1090_4	F2121_4	209	1376	1335	3109
M1090_4	F272_4	209	1283	831	1934
M1090_4	F2_4	209	1184	689	1608
M1090_4	F551_4	209	1228	1166	2713
M1090_4	F709_4	209	1359	1084	2587
M1090_4	M1815_4	209	1173	1052	2498
M1090_4	M1905_4	209	1260	1227	2838
M1090_4	M2436_4	209	1376	925	2177
M1090_4	M403_4	209	1376	1235	2957
M1090_4	M955_4	209	1193	1178	2825
M1815_4	F1064_4	209	1201	87	152
M1815_4	F1428_4	209	1179	1011	1635
M1815_4	F1878_4	209	1185	71	114
M1815_4	F2121_4	209	1294	634	1012
M1815_4	F272_4	209	1326	63	99
M1815_4	F2_4	209	1159	51	79
M1815_4	F551_4	209	1208	392	646
M1815_4	F709_4	209	1361	110	186
M1815_4	M1090_4	209	1173	218	352
M1815_4	M1905_4	209	1325	700	1158
M1815_4	M2436_4	209	1166	42	71
M1815_4	M403_4	209	1270	221	381
M1815_4	M955_4	209	1425	959	1560
M1905_4	F1064_4	209	1389	226	226
M1905_4	F1428_4	209	1220	1128	1128
M1905_4	F1878_4	209	1236	158	158
M1905_4	F2121_4	209	1279	846	846
M1905_4	F272_4	209	1201	104	104
M1905_4	F2_4	209	1328	79	79
M1905_4	F551_4	209	1224	636	636
M1905_4	F709_4	209	1248	204	204
M1905_4	M1090_4	209	1260	445	445
M1905_4	M1815_4	209	1325	447	447
M1905_4	M2436_4	209	1150	127	127
M1905_4	M403_4	209	1161	346	346
M1905_4	M955_4	209	1302	1060	1060
M2436_4	F1064_4	209	1197	61	111
M2436_4	F1428_4	209	1235	987	1617
M2436_4	F1878_4	209	1289	70	113
M2436_4	F2121_4	209	1313	527	853
M2436_4	F272_4	209	1244	37	52
M2436_4	F2_4	209	1271	40	63
M2436_4	F551_4	209	1254	318	498
M2436_4	F709_4	209	1322	93	145
M2436_4	M1090_4	209	1376	208	322
M2436_4	M1815_4	209	1166	173	268
M2436_4	M1905_4	209	1150	547	866
M2436_4	M403_4	209	1286	179	291
M2436_4	M955_4	209	1310	800	1257
M403_4	F1064_4	209	1195	1035	1035
M403_4	F1428_4	209	1315	1309	1309
M403_4	F1878_4	209	1231	1042	1042
M403_4	F2121_4	209	1397	1374	1374
M403_4	F272_4	209	1378	1076	1076
M403_4	F2_4	209	1236	913	913
M403_4	F551_4	209	1304	1265	1265
M403_4	F709_4	209	1337	1160	1160
M403_4	M1090_4	209	1376	1324	1324
M403_4	M1815_4	209	1270	1189	1189
M403_4	M1905_4	209	1161	1151	1151
M403_4	M2436_4	209	1286	1043	1043
M403_4	M955_4	209	1218	1211	1211
M955_4	F1064_4	209	1173	103	194
M955_4	F1428_4	209	1236	1067	1956
M955_4	F1878_4	209	1184	96	176
M955_4	F2121_4	209	1253	647	1225
M955_4	F272_4	209	1064	61	105
M955_4	F2_4	209	1163	47	75
M955_4	F551_4	209	1308	480	879
M955_4	F709_4	209	1209	116	209
M955_4	M1090_4	209	1193	243	432
M955_4	M1815_4	209	1425	290	533
M955_4	M1905_4	209	1302	757	1401
M955_4	M2436_4	209	1310	85	167
M955_4	M403_4	209	1218	246	443
F1257_4	F1926_4	210	1278	433	758
F1257_4	F2044_4	210	1338	48	80
F1257_4	F329_4	210	1150	55	86
F1257_4	F547_4	210	1174	236	412
F1257_4	F91_4	210	1244	408	709
F1257_4	F945_4	210	1240	74	125
F1257_4	M1017_4	210	1269	86	149
F1257_4	M1210_4	210	1356	105	185
F1257_4	M1504_4	210	1408	286	512
F1257_4	M1663_4	210	1357	210	368
F1257_4	M1797_4	210	1158	15	27
F1257_4	M1958_4	210	1203	102	164
F1257_4	M505_4	210	1313	88	147
F1926_4	F1257_4	210	1278	565	565
F1926_4	F2044_4	210	1389	592	592
F1926_4	F329_4	210	1303	629	629
F1926_4	F547_4	210	1202	979	979
F1926_4	F91_4	210	1337	1221	1221
F1926_4	F945_4	210	1389	890	890
F1926_4	M1017_4	210	1389	783	783
F1926_4	M1210_4	210	1162	715	715
F1926_4	M1504_4	210	1243	1056	1056
F1926_4	M1663_4	210	1290	1028	1028
F1926_4	M1797_4	210	1236	404	404
F1926_4	M1958_4	210	1164	759	759
F1926_4	M505_4	210	1237	800	800
F2044_4	F1257_4	210	1338	627	627
F2044_4	F1926_4	210	1389	1298	1298
F2044_4	F329_4	210	1104	550	550
F2044_4	F547_4	210	1209	1034	1034
F2044_4	F91_4	210	1230	1126	1126
F2044_4	F945_4	210	1236	772	772
F2044_4	M1017_4	210	1224	699	699
F2044_4	M1210_4	210	1192	759	759
F2044_4	M1504_4	210	1124	966	966
F2044_4	M1663_4	210	1242	1015	1015
F2044_4	M1797_4	210	1286	447	447
F2044_4	M1958_4	210	1243	800	800
F2044_4	M505_4	210	1246	820	820
F329_4	F1257_4	210	1150	669	2368
F329_4	F1926_4	210	1303	1254	4338
F329_4	F2044_4	210	1104	592	1979
F329_4	F547_4	210	1318	1179	4093
F329_4	F91_4	210	1140	1090	3858
F329_4	F945_4	210	1241	919	3152
F329_4	M1017_4	210	1270	832	2919
F329_4	M1210_4	210	1358	981	3386
F329_4	M1504_4	210	1187	1078	3752
F329_4	M1663_4	210	1250	1062	3670
F329_4	M1797_4	210	1203	540	1839
F329_4	M1958_4	210	1282	955	3353
F329_4	M505_4	210	1243	903	3139
F547_4	F1257_4	210	1174	985	1411
F547_4	F1926_4	210	1202	1189	1665
F547_4	F2044_4	210	1209	1003	1391
F547_4	F329_4	210	1318	1140	1608
F547_4	F91_4	210	1279	1257	1734
F547_4	F945_4	210	1322	1188	1635
F547_4	M1017_4	210	1116	970	1330
F547_4	M1210_4	210	1248	1136	1578
F547_4	M1504_4	210	1243	1205	1665
F547_4	M1663_4	210	1332	1283	1811
F547_4	M1797_4	210	1159	888	1204
F547_4	M1958_4	210	1212	1103	1547
F547_4	M505_4	210	1222	1101	1563
F91_4	F1257_4	210	1244	180	209
F91_4	F1926_4	210	1337	999	1169
F91_4	F2044_4	210	1230	160	195
F91_4	F329_4	210	1140	207	241
F91_4	F547_4	210	1279	646	762
F91_4	F945_4	210	1371	351	416
F91_4	M1017_4	210	1118	269	310
F91_4	M1210_4	210	1334	363	425
F91_4	M1504_4	210	1265	660	769
F91_4	M1663_4	210	1423	664	783
F91_4	M1797_4	210	1296	119	135
F91_4	M1958_4	210	1160	307	351
F91_4	M505_4	210	1404	337	385
F945_4	F1257_4	210	1240	260	260
F945_4	F1926_4	210	1389	1101	1101
F945_4	F2044_4	210	1236	236	236
F945_4	F329_4	210	1241	281	281
F945_4	F547_4	210	1322	777	777
F945_4	F91_4	210	1371	1019	1019
F945_4	M1017_4	210	1037	296	296
F945_4	M1210_4	210	1162	376	376
F945_4	M1504_4	210	1395	863	863
F945_4	M1663_4	210	1163	608	608
F945_4	M1797_4	210	1182	151	151
F945_4	M1958_4	210	1335	474	474
F945_4	M505_4	210	1337	459	459
M1017_4	F1257_4	210	1269	483	1354
M1017_4	F1926_4	210	1389	1256	3575
M1017_4	F2044_4	210	1224	458	1324
M1017_4	F329_4	210	1270	547	1602
M1017_4	F547_4	210	1116	904	2690
M1017_4	F91_4	210	1118	988	2795
M1017_4	F945_4	210	1037	579	1626
M1017_4	M1210_4	210	1299	717	2070
M1017_4	M1504_4	210	1277	1015	2903
M1017_4	M1663_4	210	1263	950	2647
M1017_4	M1797_4	210	1140	351	989
M1017_4	M1958_4	210	1329	768	2196
M1017_4	M505_4	210	1173	671	1890
M1210_4	F1257_4	210	1356	281	281
M1210_4	F1926_4	210	1162	938	938
M1210_4	F2044_4	210	1192	201	201
M1210_4	F329_4	210	1358	337	337
M1210_4	F547_4	210	1248	733	733
M1210_4	F91_4	210	1334	996	996
M1210_4	F945_4	210	1162	385	385
M1210_4	M1017_4	210	1299	354	354
M1210_4	M1504_4	210	1382	829	829
M1210_4	M1663_4	210	1159	580	580
M1210_4	M1797_4	210	1213	167	167
M1210_4	M1958_4	210	1343	447	447
M1210_4	M505_4	210	1282	441	441
M1504_4	F1257_4	210	1408	313	1219
M1504_4	F1926_4	210	1243	1012	3980
M1504_4	F2044_4	210	1124	219	902
M1504_4	F329_4	210	1187	295	1157
M1504_4	F547_4	210	1243	746	3113
M1504_4	F91_4	210	1265	951	3729
M1504_4	F945_4	210	1395	493	2038
M1504_4	M1017_4	210	1277	343	1324
M1504_4	M1210_4	210	1382	500	1928
M1504_4	M1663_4	210	1261	703	2851
M1504_4	M1797_4	210	1328	184	722
M1504_4	M1958_4	210	1292	433	1694
M1504_4	M505_4	210	1274	415	1693
M1663_4	F1257_4	210	1357	1034	1034
M1663_4	F1926_4	210	1290	1269	1269
M1663_4	F2044_4	210	1242	937	937
M1663_4	F329_4	210	1250	991	991
M1663_4	F547_4	210	1332	1271	1271
M1663_4	F91_4	210	1423	1387	1387
M1663_4	F945_4	210	1163	1014	1014
M1663_4	M1017_4	210	1263	1046	1046
M1663_4	M1210_4	210	1159	1017	1017
M1663_4	M1504_4	210	1261	1193	1193
M1663_4	M1797_4	210	1314	901	901
M1663_4	M1958_4	210	1275	1113	1113
M1663_4	M505_4	210	1305	1138	1138
M1797_4	F1257_4	210	1158	316	316
M1797_4	F1926_4	210	1236	1071	1071
M1797_4	F2044_4	210	1286	331	331
M1797_4	F329_4	210	1203	341	341
M1797_4	F547_4	210	1159	793	793
M1797_4	F91_4	210	1296	1074	1074
M1797_4	F945_4	210	1182	507	507
M1797_4	M1017_4	210	1140	405	405
M1797_4	M1210_4	210	1213	528	528
M1797_4	M1504_4	210	1328	935	935
M1797_4	M1663_4	210	1314	860	860
M1797_4	M1958_4	210	1256	545	545
M1797_4	M505_4	210	1173	498	498
M1958_4	F1257_4	210	1203	578	1911
M1958_4	F1926_4	210	1164	1085	3561
M1958_4	F2044_4	210	1243	551	1840
M1958_4	F329_4	210	1282	670	2149
M1958_4	F547_4	210	1212	1003	3263
M1958_4	F91_4	210	1160	1051	3385
M1958_4	F945_4	210	1335	850	2749
M1958_4	M1017_4	210	1329	752	2455
M1958_4	M1210_4	210	1343	874	2897
M1958_4	M1504_4	210	1292	1107	3674
M1958_4	M1663_4	210	1275	1025	3369
M1958_4	M1797_4	210	1256	443	1425
M1958_4	M505_4	210	1253	817	2649
M505_4	F1257_4	210	1313	187	187
M505_4	F1926_4	210	1237	901	901
M505_4	F2044_4	210	1246	151	151
M505_4	F329_4	210	1243	205	205
M505_4	F547_4	210	1222	584	584
M505_4	F91_4	210	1404	970	970
M505_4	F945_4	210	1337	338	338
M505_4	M1017_4	210	1173	229	229
M505_4	M1210_4	210	1282	309	309
M505_4	M1504_4	210	1274	683	683
M505_4	M1663_4	210	1305	557	557
M505_4	M1797_4	210	1173	116	116
M505_4	M1958_4	210	1253	335	335
F1120_4	F1145_4	211	1186	1116	1116
F1120_4	F1417_4	211	1144	1119	1119
F1120_4	F198_4	211	1201	963	963
F1120_4	F2039_4	211	1265	1056	1056
F1120_4	M1683_4	211	1196	345	345
F1120_4	M1713_4	211	1248	1236	1236
F1120_4	M2537_4	211	1120	1021	1021
F1120_4	M2720_4	211	1144	979	979
F1120_4	M2779_4	211	1329	1208	1208
F1120_4	M389_4	211	1201	979	979
F1120_4	M3_4	211	1323	473	473
F1120_4	M405_4	211	1279	865	865
F1120_4	M875_4	211	1258	1188	1188
F1145_4	F1120_4	211	1186	1167	1167
F1145_4	F1417_4	211	1280	1276	1276
F1145_4	F198_4	211	1200	1138	1138
F1145_4	F2039_4	211	1367	1327	1327
F1145_4	M1683_4	211	1278	885	885
F1145_4	M1713_4	211	1320	1318	1318
F1145_4	M2537_4	211	1199	1174	1174
F1145_4	M2720_4	211	1171	1133	1133
F1145_4	M2779_4	211	1304	1283	1283
F1145_4	M389_4	211	1289	1239	1239
F1145_4	M3_4	211	1242	924	924
F1145_4	M405_4	211	1144	1052	1052
F1145_4	M875_4	211	1284	1271	1271
F1417_4	F1120_4	211	1144	503	503
F1417_4	F1145_4	211	1280	813	813
F1417_4	F198_4	211	1211	303	303
F1417_4	F2039_4	211	1231	340	340
F1417_4	M1683_4	211	1266	45	45
F1417_4	M1713_4	211	1266	1168	1168
F1417_4	M2537_4	211	1201	540	540
F1417_4	M2720_4	211	1222	394	394
F1417_4	M2779_4	211	1241	571	571
F1417_4	M389_4	211	1124	285	285
F1417_4	M3_4	211	1419	48	48
F1417_4	M405_4	211	1269	190	190
F1417_4	M875_4	211	1166	679	679
F198_4	F1120_4	211	1201	47	47
F198_4	F1145_4	211	1200	92	92
F198_4	F1417_4	211	1211	193	193
F198_4	F2039_4	211	1234	33	33
F198_4	M1683_4	211	1308	1	1
F198_4	M1713_4	211	1170	434	434
F198_4	M2537_4	211	1147	42	42
F198_4	M2720_4	211	1361	43	43
F198_4	M2779_4	211	1151	43	43
F198_4	M389_4	211	1115	21	21
F198_4	M3_4	211	1177	1	1
F198_4	M405_4	211	1332	14	14
F198_4	M875_4	211	1263	93	93
F2039_4	F1120_4	211	1265	420	420
F2039_4	F1145_4	211	1367	660	660
F2039_4	F1417_4	211	1231	843	843
F2039_4	F198_4	211	1234	208	208
F2039_4	M1683_4	211	1308	22	22
F2039_4	M1713_4	211	1138	990	990
F2039_4	M2537_4	211	1123	325	325
F2039_4	M2720_4	211	1263	289	289
F2039_4	M2779_4	211	1217	430	430
F2039_4	M389_4	211	1167	200	200
F2039_4	M3_4	211	1207	22	22
F2039_4	M405_4	211	1255	111	111
F2039_4	M875_4	211	1291	574	574
M1683_4	F1120_4	211	1196	611	1461
M1683_4	F1145_4	211	1278	840	1981
M1683_4	F1417_4	211	1266	1037	2559
M1683_4	F198_4	211	1308	396	982
M1683_4	F2039_4	211	1308	453	1084
M1683_4	M1713_4	211	1303	1204	2826
M1683_4	M2537_4	211	1154	544	1295
M1683_4	M2720_4	211	1257	470	1109
M1683_4	M2779_4	211	1317	682	1666
M1683_4	M389_4	211	1176	370	891
M1683_4	M3_4	211	1345	68	173
M1683_4	M405_4	211	1303	244	573
M1683_4	M875_4	211	1314	830	1996
M1713_4	F1120_4	211	1248	1219	1219
M1713_4	F1145_4	211	1320	1298	1298
M1713_4	F1417_4	211	1266	1259	1259
M1713_4	F198_4	211	1170	1083	1083
M1713_4	F2039_4	211	1138	1056	1056
M1713_4	M1683_4	211	1303	731	731
M1713_4	M2537_4	211	1349	1308	1308
M1713_4	M2720_4	211	1258	1189	1189
M1713_4	M2779_4	211	1345	1308	1308
M1713_4	M389_4	211	1235	1130	1130
M1713_4	M3_4	211	1227	749	749
M1713_4	M405_4	211	1242	1083	1083
M1713_4	M875_4	211	1265	1244	1244
M2537_4	F1120_4	211	1120	798	1444
M2537_4	F1145_4	211	1199	997	1784
M2537_4	F1417_4	211	1201	1102	1936
M2537_4	F198_4	211	1147	567	1005
M2537_4	F2039_4	211	1123	621	1118
M2537_4	M1683_4	211	1154	96	159
M2537_4	M1713_4	211	1349	1303	2326
M2537_4	M2720_4	211	1193	707	1238
M2537_4	M2779_4	211	1281	912	1621
M2537_4	M389_4	211	1319	673	1180
M2537_4	M3_4	211	1191	119	229
M2537_4	M405_4	211	1301	452	779
M2537_4	M875_4	211	1349	1076	1962
M2720_4	F1120_4	211	1144	664	664
M2720_4	F1145_4	211	1171	868	868
M2720_4	F1417_4	211	1222	1087	1087
M2720_4	F198_4	211	1361	520	520
M2720_4	F2039_4	211	1263	508	508
M2720_4	M1683_4	211	1257	51	51
M2720_4	M1713_4	211	1258	1191	1191
M2720_4	M2537_4	211	1193	622	622
M2720_4	M2779_4	211	1238	747	747
M2720_4	M389_4	211	1358	502	502
M2720_4	M3_4	211	1152	75	75
M2720_4	M405_4	211	1241	288	288
M2720_4	M875_4	211	1409	996	996
M2779_4	F1120_4	211	1329	260	475
M2779_4	F1145_4	211	1304	420	749
M2779_4	F1417_4	211	1241	687	1216
M2779_4	F198_4	211	1151	99	173
M2779_4	F2039_4	211	1217	138	253
M2779_4	M1683_4	211	1317	7	13
M2779_4	M1713_4	211	1345	1059	1847
M2779_4	M2537_4	211	1281	207	353
M2779_4	M2720_4	211	1238	155	267
M2779_4	M389_4	211	1060	110	189
M2779_4	M3_4	211	1274	15	29
M2779_4	M405_4	211	1268	53	99
M2779_4	M875_4	211	1225	344	618
M389_4	F1120_4	211	1201	1061	1061
M389_4	F1145_4	211	1289	1215	1215
M389_4	F1417_4	211	1124	1091	1091
M389_4	F198_4	211	1115	832	832
M389_4	F2039_4	211	1167	919	919
M389_4	M1683_4	211	1176	265	265
M389_4	M1713_4	211	1235	1224	1224
M389_4	M2537_4	211	1319	1132	1132
M389_4	M2720_4	211	1358	1091	1091
M389_4	M2779_4	211	1060	953	953
M389_4	M3_4	211	1247	338	338
M389_4	M405_4	211	1257	761	761
M389_4	M875_4	211	1242	1141	1141
M3_4	F1120_4	211	1323	871	871
M3_4	F1145_4	211	1242	970	970
M3_4	F1417_4	211	1419	1274	1274
M3_4	F198_4	211	1177	490	490
M3_4	F2039_4	211	1207	582	582
M3_4	M1683_4	211	1345	105	105
M3_4	M1713_4	211	1227	1178	1178
M3_4	M2537_4	211	1191	759	759
M3_4	M2720_4	211	1152	613	613
M3_4	M2779_4	211	1274	879	879
M3_4	M389_4	211	1247	597	597
M3_4	M405_4	211	1343	399	399
M3_4	M875_4	211	1261	971	971
M405_4	F1120_4	211	1279	697	1249
M405_4	F1145_4	211	1144	806	1423
M405_4	F1417_4	211	1269	1062	1877
M405_4	F198_4	211	1332	437	777
M405_4	F2039_4	211	1255	463	858
M405_4	M1683_4	211	1303	49	99
M405_4	M1713_4	211	1242	1172	2079
M405_4	M2537_4	211	1301	673	1231
M405_4	M2720_4	211	1241	513	933
M405_4	M2779_4	211	1268	724	1305
M405_4	M389_4	211	1257	416	780
M405_4	M3_4	211	1343	72	124
M405_4	M875_4	211	1378	910	1704
M875_4	F1120_4	211	1258	488	1337
M875_4	F1145_4	211	1284	720	1995
M875_4	F1417_4	211	1166	869	2426
M875_4	F198_4	211	1263	295	803
M875_4	F2039_4	211	1291	343	980
M875_4	M1683_4	211	1314	38	107
M875_4	M1713_4	211	1265	1130	3144
M875_4	M2537_4	211	1349	521	1433
M875_4	M2720_4	211	1409	419	1170
M875_4	M2779_4	211	1225	488	1369
M875_4	M389_4	211	1242	295	821
M875_4	M3_4	211	1261	49	140
M875_4	M405_4	211	1378	179	523
F1056_4	F1372_4	212	1576	1561	1930
F1056_4	F1557_4	212	1397	1372	1697
F1056_4	F2569_4	212	1326	1292	1621
F1056_4	F560_4	212	1301	1294	1586
F1056_4	F601_4	212	1298	1251	1581
F1056_4	M1510_4	212	1128	926	1170
F1056_4	M1767_4	212	1257	833	1032
F1056_4	M1953_4	212	1290	1274	1590
F1056_4	M1967_4	212	1041	999	1223
F1056_4	M2042_4	212	1206	1166	1434
F1056_4	M2379_4	212	1223	915	1137
F1056_4	M2524_4	212	1104	990	1195
F1056_4	M817_4	212	1242	1170	1435
F1372_4	F1056_4	212	1576	1520	1520
F1372_4	F1557_4	212	1219	1172	1172
F1372_4	F2569_4	212	1162	1080	1080
F1372_4	F560_4	212	1224	1202	1202
F1372_4	F601_4	212	1254	1160	1160
F1372_4	M1510_4	212	1230	753	753
F1372_4	M1767_4	212	1249	531	531
F1372_4	M1953_4	212	1242	1208	1208
F1372_4	M1967_4	212	1094	1004	1004
F1372_4	M2042_4	212	1309	1207	1207
F1372_4	M2379_4	212	1354	686	686
F1372_4	M2524_4	212	1369	965	965
F1372_4	M817_4	212	1343	1155	1155
F1557_4	F1056_4	212	1397	1337	3966
F1557_4	F1372_4	212	1219	1155	3449
F1557_4	F2569_4	212	1171	1052	3139
F1557_4	F560_4	212	1327	1298	3845
F1557_4	F601_4	212	1212	1058	3071
F1557_4	M1510_4	212	1297	680	2049
F1557_4	M1767_4	212	1225	394	1154
F1557_4	M1953_4	212	1282	1220	3598
F1557_4	M1967_4	212	1273	1111	3224
F1557_4	M2042_4	212	1203	1062	3200
F1557_4	M2379_4	212	1069	433	1320
F1557_4	M2524_4	212	1301	804	2419
F1557_4	M817_4	212	1190	936	2770
F2569_4	F1056_4	212	1326	951	951
F2569_4	F1372_4	212	1162	799	799
F2569_4	F1557_4	212	1171	823	823
F2569_4	F560_4	212	1270	1070	1070
F2569_4	F601_4	212	1248	578	578
F2569_4	M1510_4	212	1305	152	152
F2569_4	M1767_4	212	1286	64	64
F2569_4	M1953_4	212	1409	972	972
F2569_4	M1967_4	212	1292	587	587
F2569_4	M2042_4	212	1020	525	525
F2569_4	M2379_4	212	1324	88	88
F2569_4	M2524_4	212	1201	194	194
F2569_4	M817_4	212	1327	425	425
F560_4	F1056_4	212	1301	1192	2858
F560_4	F1372_4	212	1224	1075	2620
F560_4	F1557_4	212	1327	1188	2908
F560_4	F2569_4	212	1270	992	2445
F560_4	F601_4	212	1195	889	2155
F560_4	M1510_4	212	1295	392	978
F560_4	M1767_4	212	1247	214	524
F560_4	M1953_4	212	1252	1113	2683
F560_4	M1967_4	212	1299	954	2302
F560_4	M2042_4	212	1187	941	2219
F560_4	M2379_4	212	1428	289	704
F560_4	M2524_4	212	1314	488	1173
F560_4	M817_4	212	1144	718	1692
F601_4	F1056_4	212	1298	595	1294
F601_4	F1372_4	212	1254	544	1200
F601_4	F1557_4	212	1212	505	1121
F601_4	F2569_4	212	1248	344	719
F601_4	F560_4	212	1195	730	1560
F601_4	M1510_4	212	1296	51	107
F601_4	M1767_4	212	1377	20	38
F601_4	M1953_4	212	1212	510	1118
F601_4	M1967_4	212	1184	232	506
F601_4	M2042_4	212	1292	320	681
F601_4	M2379_4	212	1263	37	85
F601_4	M2524_4	212	1164	59	127
F601_4	M817_4	212	1302	173	405
M1510_4	F1056_4	212	1128	530	1740
M1510_4	F1372_4	212	1230	507	1649
M1510_4	F1557_4	212	1297	579	1898
M1510_4	F2569_4	212	1305	347	1174
M1510_4	F560_4	212	1295	865	2836
M1510_4	F601_4	212	1296	302	981
M1510_4	M1767_4	212	1258	21	68
M1510_4	M1953_4	212	1133	535	1722
M1510_4	M1967_4	212	1268	268	884
M1510_4	M2042_4	212	1223	321	1034
M1510_4	M2379_4	212	1303	41	123
M1510_4	M2524_4	212	1216	78	268
M1510_4	M817_4	212	1163	154	487
M1767_4	F1056_4	212	1257	945	1845
M1767_4	F1372_4	212	1249	913	1791
M1767_4	F1557_4	212	1225	952	1811
M1767_4	F2569_4	212	1286	743	1458
M1767_4	F560_4	212	1247	1090	1999
M1767_4	F601_4	212	1377	737	1410
M1767_4	M1510_4	212	1258	174	344
M1767_4	M1953_4	212	1193	879	1692
M1767_4	M1967_4	212	1190	637	1240
M1767_4	M2042_4	212	1300	757	1528
M1767_4	M2379_4	212	1061	103	189
M1767_4	M2524_4	212	1286	236	454
M1767_4	M817_4	212	1273	475	934
M1953_4	F1056_4	212	1290	1091	1091
M1953_4	F1372_4	212	1242	1027	1027
M1953_4	F1557_4	212	1282	1055	1055
M1953_4	F2569_4	212	1409	947	947
M1953_4	F560_4	212	1252	1145	1145
M1953_4	F601_4	212	1212	787	787
M1953_4	M1510_4	212	1133	233	233
M1953_4	M1767_4	212	1193	109	109
M1953_4	M1967_4	212	1338	865	865
M1953_4	M2042_4	212	1348	887	887
M1953_4	M2379_4	212	1240	195	195
M1953_4	M2524_4	212	1225	347	347
M1953_4	M817_4	212	1179	561	561
M1967_4	F1056_4	212	1041	456	456
M1967_4	F1372_4	212	1094	441	441
M1967_4	F1557_4	212	1273	527	527
M1967_4	F2569_4	212	1292	310	310
M1967_4	F560_4	212	1299	800	800
M1967_4	F601_4	212	1184	254	254
M1967_4	M1510_4	212	1268	46	46
M1967_4	M1767_4	212	1190	15	15
M1967_4	M1953_4	212	1338	569	569
M1967_4	M2042_4	212	1173	265	265
M1967_4	M2379_4	212	1201	26	26
M1967_4	M2524_4	212	1213	61	61
M1967_4	M817_4	212	1223	146	146
M2042_4	F1056_4	212	1206	526	1053
M2042_4	F1372_4	212	1309	536	1129
M2042_4	F1557_4	212	1203	491	1040
M2042_4	F2569_4	212	1020	256	558
M2042_4	F560_4	212	1187	744	1577
M2042_4	F601_4	212	1292	255	546
M2042_4	M1510_4	212	1223	29	57
M2042_4	M1767_4	212	1300	21	41
M2042_4	M1953_4	212	1348	577	1218
M2042_4	M1967_4	212	1173	252	564
M2042_4	M2379_4	212	1223	26	58
M2042_4	M2524_4	212	1379	69	148
M2042_4	M817_4	212	1276	156	342
M2379_4	F1056_4	212	1223	878	1774
M2379_4	F1372_4	212	1354	924	1916
M2379_4	F1557_4	212	1069	765	1589
M2379_4	F2569_4	212	1324	685	1417
M2379_4	F560_4	212	1428	1201	2399
M2379_4	F601_4	212	1263	576	1178
M2379_4	M1510_4	212	1303	158	334
M2379_4	M1767_4	212	1061	48	99
M2379_4	M1953_4	212	1240	862	1772
M2379_4	M1967_4	212	1201	535	1100
M2379_4	M2042_4	212	1223	591	1248
M2379_4	M2524_4	212	1414	217	432
M2379_4	M817_4	212	1344	444	938
M2524_4	F1056_4	212	1104	1020	1139
M2524_4	F1372_4	212	1369	1235	1369
M2524_4	F1557_4	212	1301	1163	1312
M2524_4	F2569_4	212	1201	979	1098
M2524_4	F560_4	212	1314	1262	1411
M2524_4	F601_4	212	1164	923	1035
M2524_4	M1510_4	212	1216	425	475
M2524_4	M1767_4	212	1286	272	301
M2524_4	M1953_4	212	1225	1113	1246
M2524_4	M1967_4	212	1213	961	1086
M2524_4	M2042_4	212	1379	1099	1231
M2524_4	M2379_4	212	1414	353	392
M2524_4	M817_4	212	1202	807	921
M817_4	F1056_4	212	1242	747	1864
M817_4	F1372_4	212	1343	817	2028
M817_4	F1557_4	212	1190	720	1851
M817_4	F2569_4	212	1327	508	1297
M817_4	F560_4	212	1144	897	2260
M817_4	F601_4	212	1302	449	1121
M817_4	M1510_4	212	1163	100	255
M817_4	M1767_4	212	1273	40	103
M817_4	M1953_4	212	1179	716	1787
M817_4	M1967_4	212	1223	401	1029
M817_4	M2042_4	212	1276	529	1366
M817_4	M2379_4	212	1344	67	182
M817_4	M2524_4	212	1202	131	321
F1616_4	F215_4	213	1431	286	286
F1616_4	F2444_4	213	1376	755	755
F1616_4	F810_4	213	1258	296	296
F1616_4	M1029_4	213	1365	259	259
F1616_4	M1499_4	213	1180	532	532
F1616_4	M1592_4	213	1181	102	102
F1616_4	M1711_4	213	1288	616	616
F1616_4	M1794_4	213	1410	174	174
F1616_4	M1820_4	213	1214	286	286
F1616_4	M1970_4	213	1230	487	487
F1616_4	M2239_4	213	1388	671	671
F1616_4	M2581_4	213	1202	729	729
F1616_4	M2680_4	213	1306	548	548
F215_4	F1616_4	213	1431	1349	3028
F215_4	F2444_4	213	1336	1132	2444
F215_4	F810_4	213	1344	842	1821
F215_4	M1029_4	213	1555	861	1881
F215_4	M1499_4	213	1294	1071	2290
F215_4	M1592_4	213	1301	451	1012
F215_4	M1711_4	213	1258	1014	2216
F215_4	M1794_4	213	1367	581	1266
F215_4	M1820_4	213	1204	760	1642
F215_4	M1970_4	213	1205	899	1963
F215_4	M2239_4	213	1474	1225	2735
F215_4	M2581_4	213	1196	1053	2330
F215_4	M2680_4	213	1185	967	2085
F2444_4	F1616_4	213	1376	1258	1258
F2444_4	F215_4	213	1336	595	595
F2444_4	F810_4	213	1194	616	616
F2444_4	M1029_4	213	1222	554	554
F2444_4	M1499_4	213	1335	1004	1004
F2444_4	M1592_4	213	1252	337	337
F2444_4	M1711_4	213	1322	988	988
F2444_4	M1794_4	213	1250	405	405
F2444_4	M1820_4	213	1197	618	618
F2444_4	M1970_4	213	1345	904	904
F2444_4	M2239_4	213	1330	1014	1014
F2444_4	M2581_4	213	1421	1164	1164
F2444_4	M2680_4	213	1108	808	808
F810_4	F1616_4	213	1258	1138	3207
F810_4	F215_4	213	1344	561	1577
F810_4	F2444_4	213	1194	898	2515
F810_4	M1029_4	213	1189	466	1330
F810_4	M1499_4	213	1182	826	2329
F810_4	M1592_4	213	1447	320	900
F810_4	M1711_4	213	1342	960	2783
F810_4	M1794_4	213	1217	345	971
F810_4	M1820_4	213	1191	571	1602
F810_4	M1970_4	213	1455	909	2560
F810_4	M2239_4	213	1253	926	2665
F810_4	M2581_4	213	1246	997	2903
F810_4	M2680_4	213	1199	828	2375
M1029_4	F1616_4	213	1365	1342	1342
M1029_4	F215_4	213	1555	1264	1264
M1029_4	F2444_4	213	1222	1154	1154
M1029_4	F810_4	213	1189	997	997
M1029_4	M1499_4	213	1291	1224	1224
M1029_4	M1592_4	213	1189	776	776
M1029_4	M1711_4	213	1261	1190	1190
M1029_4	M1794_4	213	1221	890	890
M1029_4	M1820_4	213	1191	1022	1022
M1029_4	M1970_4	213	1306	1184	1184
M1029_4	M2239_4	213	1360	1279	1279
M1029_4	M2581_4	213	1207	1151	1151
M1029_4	M2680_4	213	1279	1201	1201
M1499_4	F1616_4	213	1180	816	816
M1499_4	F215_4	213	1294	221	221
M1499_4	F2444_4	213	1335	630	630
M1499_4	F810_4	213	1182	215	215
M1499_4	M1029_4	213	1291	197	197
M1499_4	M1592_4	213	1133	85	85
M1499_4	M1711_4	213	1389	541	541
M1499_4	M1794_4	213	1392	146	146
M1499_4	M1820_4	213	1296	247	247
M1499_4	M1970_4	213	1259	364	364
M1499_4	M2239_4	213	1196	510	510
M1499_4	M2581_4	213	1252	692	692
M1499_4	M2680_4	213	1328	492	492
M1592_4	F1616_4	213	1181	807	1668
M1592_4	F215_4	213	1301	206	427
M1592_4	F2444_4	213	1252	553	1118
M1592_4	F810_4	213	1447	255	525
M1592_4	M1029_4	213	1189	178	354
M1592_4	M1499_4	213	1133	448	930
M1592_4	M1711_4	213	1341	554	1151
M1592_4	M1794_4	213	1193	107	219
M1592_4	M1820_4	213	1394	253	536
M1592_4	M1970_4	213	1161	342	732
M1592_4	M2239_4	213	1179	471	987
M1592_4	M2581_4	213	1269	649	1346
M1592_4	M2680_4	213	1232	470	971
M1711_4	F1616_4	213	1288	501	501
M1711_4	F215_4	213	1258	76	76
M1711_4	F2444_4	213	1322	237	237
M1711_4	F810_4	213	1342	69	69
M1711_4	M1029_4	213	1261	59	59
M1711_4	M1499_4	213	1389	233	233
M1711_4	M1592_4	213	1341	25	25
M1711_4	M1794_4	213	1325	31	31
M1711_4	M1820_4	213	1204	84	84
M1711_4	M1970_4	213	1294	131	131
M1711_4	M2239_4	213	1212	205	205
M1711_4	M2581_4	213	1197	269	269
M1711_4	M2680_4	213	1405	219	219
M1794_4	F1616_4	213	1410	1361	1833
M1794_4	F215_4	213	1367	853	1116
M1794_4	F2444_4	213	1250	1130	1475
M1794_4	F810_4	213	1217	830	1121
M1794_4	M1029_4	213	1221	765	1000
M1794_4	M1499_4	213	1392	1192	1568
M1794_4	M1592_4	213	1193	486	645
M1794_4	M1711_4	213	1325	1127	1519
M1794_4	M1820_4	213	1226	844	1112
M1794_4	M1970_4	213	1304	1038	1385
M1794_4	M2239_4	213	1247	1084	1410
M1794_4	M2581_4	213	1215	1096	1461
M1794_4	M2680_4	213	1374	1171	1545
M1820_4	F1616_4	213	1214	557	1548
M1820_4	F215_4	213	1204	70	183
M1820_4	F2444_4	213	1197	259	725
M1820_4	F810_4	213	1191	90	236
M1820_4	M1029_4	213	1191	64	183
M1820_4	M1499_4	213	1296	238	676
M1820_4	M1592_4	213	1394	33	93
M1820_4	M1711_4	213	1204	203	549
M1820_4	M1794_4	213	1226	39	97
M1820_4	M1970_4	213	1278	143	423
M1820_4	M2239_4	213	1212	256	683
M1820_4	M2581_4	213	1278	376	1047
M1820_4	M2680_4	213	1277	206	580
M1970_4	F1616_4	213	1230	1095	5851
M1970_4	F215_4	213	1205	538	2852
M1970_4	F2444_4	213	1345	1019	5424
M1970_4	F810_4	213	1455	628	3313
M1970_4	M1029_4	213	1306	532	2859
M1970_4	M1499_4	213	1259	908	4812
M1970_4	M1592_4	213	1161	254	1377
M1970_4	M1711_4	213	1294	928	4964
M1970_4	M1794_4	213	1304	393	2117
M1970_4	M1820_4	213	1278	586	3067
M1970_4	M2239_4	213	1217	865	4536
M1970_4	M2581_4	213	1243	1015	5499
M1970_4	M2680_4	213	1108	776	4182
M2239_4	F1616_4	213	1388	1107	2043
M2239_4	F215_4	213	1474	326	604
M2239_4	F2444_4	213	1330	751	1404
M2239_4	F810_4	213	1253	327	611
M2239_4	M1029_4	213	1360	266	513
M2239_4	M1499_4	213	1196	604	1141
M2239_4	M1592_4	213	1179	116	217
M2239_4	M1711_4	213	1212	577	1131
M2239_4	M1794_4	213	1247	175	327
M2239_4	M1820_4	213	1212	342	625
M2239_4	M1970_4	213	1217	470	882
M2239_4	M2581_4	213	1254	798	1511
M2239_4	M2680_4	213	1296	592	1114
M2581_4	F1616_4	213	1202	725	2091
M2581_4	F215_4	213	1196	114	350
M2581_4	F2444_4	213	1421	509	1474
M2581_4	F810_4	213	1246	152	487
M2581_4	M1029_4	213	1207	143	429
M2581_4	M1499_4	213	1252	366	1108
M2581_4	M1592_4	213	1269	64	177
M2581_4	M1711_4	213	1197	378	1106
M2581_4	M1794_4	213	1215	62	186
M2581_4	M1820_4	213	1278	188	561
M2581_4	M1970_4	213	1243	262	775
M2581_4	M2239_4	213	1254	383	1130
M2581_4	M2680_4	213	1305	369	1085
M2680_4	F1616_4	213	1306	1268	1268
M2680_4	F215_4	213	1185	817	817
M2680_4	F2444_4	213	1108	1022	1022
M2680_4	F810_4	213	1199	882	882
M2680_4	M1029_4	213	1279	892	892
M2680_4	M1499_4	213	1328	1196	1196
M2680_4	M1592_4	213	1232	627	627
M2680_4	M1711_4	213	1405	1260	1260
M2680_4	M1794_4	213	1374	820	820
M2680_4	M1820_4	213	1277	983	983
M2680_4	M1970_4	213	1108	930	930
M2680_4	M2239_4	213	1296	1183	1183
M2680_4	M2581_4	213	1305	1221	1221
F112_4	F1161_4	214	1246	75	202
F112_4	F1655_4	214	1340	350	930
F112_4	F2310_4	214	1259	154	405
F112_4	F2514_4	214	1297	300	822
F112_4	F2518_4	214	1184	151	417
F112_4	F296_4	214	1095	56	143
F112_4	F911_4	214	1238	7	26
F112_4	M1309_4	214	1296	212	545
F112_4	M1342_4	214	1165	16	42
F112_4	M400_4	214	1195	171	470
F112_4	M455_4	214	1164	138	366
F112_4	M499_4	214	1454	54	129
F112_4	M694_4	214	1219	39	104
F1161_4	F112_4	214	1246	515	673
F1161_4	F1655_4	214	1140	593	773
F1161_4	F2310_4	214	1214	380	482
F1161_4	F2514_4	214	1316	659	845
F1161_4	F2518_4	214	1116	379	511
F1161_4	F296_4	214	1296	179	232
F1161_4	F911_4	214	1336	27	38
F1161_4	M1309_4	214	1371	543	705
F1161_4	M1342_4	214	1243	54	67
F1161_4	M400_4	214	1302	416	551
F1161_4	M455_4	214	1201	325	405
F1161_4	M499_4	214	1309	142	174
F1161_4	M694_4	214	1293	151	191
F1655_4	F112_4	214	1340	908	908
F1655_4	F1161_4	214	1140	326	326
F1655_4	F2310_4	214	1205	707	707
F1655_4	F2514_4	214	1241	925	925
F1655_4	F2518_4	214	1299	789	789
F1655_4	F296_4	214	1309	442	442
F1655_4	F911_4	214	1330	85	85
F1655_4	M1309_4	214	1261	851	851
F1655_4	M1342_4	214	1254	159	159
F1655_4	M400_4	214	1119	660	660
F1655_4	M455_4	214	1475	810	810
F1655_4	M499_4	214	1210	339	339
F1655_4	M694_4	214	1373	384	384
F2310_4	F112_4	214	1259	748	748
F2310_4	F1161_4	214	1214	259	259
F2310_4	F1655_4	214	1205	840	840
F2310_4	F2514_4	214	1215	786	786
F2310_4	F2518_4	214	1292	623	623
F2310_4	F296_4	214	1321	322	322
F2310_4	F911_4	214	1270	43	43
F2310_4	M1309_4	214	1285	724	724
F2310_4	M1342_4	214	1290	92	92
F2310_4	M400_4	214	1222	608	608
F2310_4	M455_4	214	1197	526	526
F2310_4	M499_4	214	1297	233	233
F2310_4	M694_4	214	1432	273	273
F2514_4	F112_4	214	1297	361	1574
F2514_4	F1161_4	214	1316	105	465
F2514_4	F1655_4	214	1241	490	2268
F2514_4	F2310_4	214	1215	261	1113
F2514_4	F2518_4	214	1175	269	1160
F2514_4	F296_4	214	1207	102	454
F2514_4	F911_4	214	1231	16	62
F2514_4	M1309_4	214	1241	333	1495
F2514_4	M1342_4	214	1324	26	132
F2514_4	M400_4	214	1345	303	1366
F2514_4	M455_4	214	1140	237	1001
F2514_4	M499_4	214	1194	65	277
F2514_4	M694_4	214	1311	102	461
F2518_4	F112_4	214	1184	164	164
F2518_4	F1161_4	214	1116	43	43
F2518_4	F1655_4	214	1299	288	288
F2518_4	F2310_4	214	1292	129	129
F2518_4	F2514_4	214	1175	240	240
F2518_4	F296_4	214	1344	55	55
F2518_4	F911_4	214	1279	5	5
F2518_4	M1309_4	214	1191	144	144
F2518_4	M1342_4	214	1275	15	15
F2518_4	M400_4	214	1273	130	130
F2518_4	M455_4	214	1341	114	114
F2518_4	M499_4	214	1329	28	28
F2518_4	M694_4	214	1261	43	43
F296_4	F112_4	214	1095	211	237
F296_4	F1161_4	214	1296	66	78
F296_4	F1655_4	214	1309	423	472
F296_4	F2310_4	214	1321	211	240
F296_4	F2514_4	214	1207	333	374
F296_4	F2518_4	214	1344	228	254
F296_4	F911_4	214	1204	13	15
F296_4	M1309_4	214	1302	266	284
F296_4	M1342_4	214	1229	22	24
F296_4	M400_4	214	1369	222	241
F296_4	M455_4	214	1305	174	191
F296_4	M499_4	214	1231	55	62
F296_4	M694_4	214	1251	80	85
F911_4	F112_4	214	1238	558	558
F911_4	F1161_4	214	1336	214	214
F911_4	F1655_4	214	1330	763	763
F911_4	F2310_4	214	1270	473	473
F911_4	F2514_4	214	1231	662	662
F911_4	F2518_4	214	1279	466	466
F911_4	F296_4	214	1204	203	203
F911_4	M1309_4	214	1279	575	575
F911_4	M1342_4	214	1279	69	69
F911_4	M400_4	214	1312	523	523
F911_4	M455_4	214	1378	466	466
F911_4	M499_4	214	1235	184	184
F911_4	M694_4	214	1180	143	143
M1309_4	F112_4	214	1296	984	984
M1309_4	F1161_4	214	1371	554	554
M1309_4	F1655_4	214	1261	1053	1053
M1309_4	F2310_4	214	1285	902	902
M1309_4	F2514_4	214	1241	1018	1018
M1309_4	F2518_4	214	1191	835	835
M1309_4	F296_4	214	1302	572	572
M1309_4	F911_4	214	1279	128	128
M1309_4	M1342_4	214	1311	244	244
M1309_4	M400_4	214	1267	881	881
M1309_4	M455_4	214	1243	821	821
M1309_4	M499_4	214	1436	540	540
M1309_4	M694_4	214	1194	444	444
M1342_4	F112_4	214	1165	865	865
M1342_4	F1161_4	214	1243	484	484
M1342_4	F1655_4	214	1254	1047	1047
M1342_4	F2310_4	214	1290	856	856
M1342_4	F2514_4	214	1324	1087	1087
M1342_4	F2518_4	214	1275	894	894
M1342_4	F296_4	214	1229	524	524
M1342_4	F911_4	214	1279	127	127
M1342_4	M1309_4	214	1311	977	977
M1342_4	M400_4	214	1104	755	755
M1342_4	M455_4	214	1210	775	775
M1342_4	M499_4	214	1519	530	530
M1342_4	M694_4	214	1307	454	454
M400_4	F112_4	214	1195	895	895
M400_4	F1161_4	214	1302	528	528
M400_4	F1655_4	214	1119	956	956
M400_4	F2310_4	214	1222	835	835
M400_4	F2514_4	214	1345	1116	1116
M400_4	F2518_4	214	1273	875	875
M400_4	F296_4	214	1369	615	615
M400_4	F911_4	214	1312	110	110
M400_4	M1309_4	214	1267	977	977
M400_4	M1342_4	214	1104	192	192
M400_4	M455_4	214	1232	840	840
M400_4	M499_4	214	1214	442	442
M400_4	M694_4	214	1095	398	398
M455_4	F112_4	214	1164	628	1993
M455_4	F1161_4	214	1201	217	679
M455_4	F1655_4	214	1475	963	2987
M455_4	F2310_4	214	1197	537	1653
M455_4	F2514_4	214	1140	691	2193
M455_4	F2518_4	214	1341	630	1949
M455_4	F296_4	214	1305	271	843
M455_4	F911_4	214	1378	54	162
M455_4	M1309_4	214	1243	626	2004
M455_4	M1342_4	214	1210	82	256
M455_4	M400_4	214	1232	513	1601
M455_4	M499_4	214	1336	228	734
M455_4	M694_4	214	1219	217	660
M499_4	F112_4	214	1454	1040	1040
M499_4	F1161_4	214	1309	390	390
M499_4	F1655_4	214	1210	951	951
M499_4	F2310_4	214	1297	792	792
M499_4	F2514_4	214	1194	907	907
M499_4	F2518_4	214	1329	797	797
M499_4	F296_4	214	1231	405	405
M499_4	F911_4	214	1235	74	74
M499_4	M1309_4	214	1436	967	967
M499_4	M1342_4	214	1519	197	197
M499_4	M400_4	214	1214	751	751
M499_4	M455_4	214	1336	777	777
M499_4	M694_4	214	1109	334	334
M694_4	F112_4	214	1219	893	893
M694_4	F1161_4	214	1293	483	483
M694_4	F1655_4	214	1373	1118	1118
M694_4	F2310_4	214	1432	927	927
M694_4	F2514_4	214	1311	1046	1046
M694_4	F2518_4	214	1261	870	870
M694_4	F296_4	214	1251	506	506
M694_4	F911_4	214	1180	96	96
M694_4	M1309_4	214	1194	870	870
M694_4	M1342_4	214	1307	199	199
M694_4	M400_4	214	1095	720	720
M694_4	M455_4	214	1219	767	767
M694_4	M499_4	214	1109	371	371
F2051_4	F2185_4	215	1271	326	326
F2051_4	F2428_4	215	1188	958	958
F2051_4	F2434_4	215	1213	480	480
F2051_4	F2785_4	215	1175	1043	1043
F2051_4	F696_4	215	1167	1096	1096
F2051_4	F922_4	215	1209	176	176
F2051_4	M1012_4	215	1332	973	973
F2051_4	M1497_4	215	1311	1060	1060
F2051_4	M2321_4	215	1261	1154	1154
F2051_4	M305_4	215	1307	784	784
F2051_4	M449_4	215	1403	1004	1004
F2051_4	M639_4	215	1293	553	553
F2051_4	M91_4	215	1286	315	315
F2185_4	F2051_4	215	1271	72	72
F2185_4	F2428_4	215	1229	708	708
F2185_4	F2434_4	215	1303	223	223
F2185_4	F2785_4	215	1322	973	973
F2185_4	F696_4	215	1266	1044	1044
F2185_4	F922_4	215	1127	43	43
F2185_4	M1012_4	215	1241	563	563
F2185_4	M1497_4	215	1289	752	752
F2185_4	M2321_4	215	1176	924	924
F2185_4	M305_4	215	1307	442	442
F2185_4	M449_4	215	1183	539	539
F2185_4	M639_4	215	1251	237	237
F2185_4	M91_4	215	1308	116	116
F2428_4	F2051_4	215	1188	7	8
F2428_4	F2185_4	215	1229	21	26
F2428_4	F2434_4	215	1266	30	39
F2428_4	F2785_4	215	1270	275	310
F2428_4	F696_4	215	1240	376	445
F2428_4	F922_4	215	1320	9	11
F2428_4	M1012_4	215	1251	86	106
F2428_4	M1497_4	215	1214	118	142
F2428_4	M2321_4	215	1240	344	412
F2428_4	M305_4	215	1274	53	63
F2428_4	M449_4	215	1295	115	135
F2428_4	M639_4	215	1242	29	31
F2428_4	M91_4	215	1196	13	16
F2434_4	F2051_4	215	1213	182	250
F2434_4	F2185_4	215	1303	329	463
F2434_4	F2428_4	215	1266	1000	1417
F2434_4	F2785_4	215	1334	1182	1652
F2434_4	F696_4	215	1349	1239	1743
F2434_4	F922_4	215	1162	136	199
F2434_4	M1012_4	215	1260	874	1242
F2434_4	M1497_4	215	1296	1014	1442
F2434_4	M2321_4	215	1365	1227	1732
F2434_4	M305_4	215	1274	722	1017
F2434_4	M449_4	215	1233	883	1261
F2434_4	M639_4	215	1339	484	654
F2434_4	M91_4	215	1224	268	377
F2785_4	F2051_4	215	1175	22	22
F2785_4	F2185_4	215	1322	38	38
F2785_4	F2428_4	215	1270	324	324
F2785_4	F2434_4	215	1334	74	74
F2785_4	F696_4	215	1226	663	663
F2785_4	F922_4	215	1109	16	16
F2785_4	M1012_4	215	1316	218	218
F2785_4	M1497_4	215	1355	342	342
F2785_4	M2321_4	215	1298	634	634
F2785_4	M305_4	215	1244	137	137
F2785_4	M449_4	215	1358	244	244
F2785_4	M639_4	215	1262	64	64
F2785_4	M91_4	215	1259	37	37
F696_4	F2051_4	215	1167	55	131
F696_4	F2185_4	215	1266	88	232
F696_4	F2428_4	215	1240	602	1462
F696_4	F2434_4	215	1349	165	417
F696_4	F2785_4	215	1226	750	1814
F696_4	F922_4	215	1247	35	82
F696_4	M1012_4	215	1198	408	1007
F696_4	M1497_4	215	1238	580	1421
F696_4	M2321_4	215	1247	855	2037
F696_4	M305_4	215	1322	297	690
F696_4	M449_4	215	1274	441	1093
F696_4	M639_4	215	1353	178	438
F696_4	M91_4	215	1107	63	152
F922_4	F2051_4	215	1209	146	146
F922_4	F2185_4	215	1127	205	205
F922_4	F2428_4	215	1320	922	922
F922_4	F2434_4	215	1162	336	336
F922_4	F2785_4	215	1109	920	920
F922_4	F696_4	215	1247	1121	1121
F922_4	M1012_4	215	1208	756	756
F922_4	M1497_4	215	1393	974	974
F922_4	M2321_4	215	1111	976	976
F922_4	M305_4	215	1248	565	565
F922_4	M449_4	215	1118	690	690
F922_4	M639_4	215	1489	435	435
F922_4	M91_4	215	1106	174	174
M1012_4	F2051_4	215	1332	6	6
M1012_4	F2185_4	215	1241	7	7
M1012_4	F2428_4	215	1251	123	123
M1012_4	F2434_4	215	1260	30	30
M1012_4	F2785_4	215	1316	222	222
M1012_4	F696_4	215	1198	302	302
M1012_4	F922_4	215	1208	5	5
M1012_4	M1497_4	215	1244	103	103
M1012_4	M2321_4	215	1122	236	236
M1012_4	M305_4	215	1172	48	48
M1012_4	M449_4	215	1234	73	73
M1012_4	M639_4	215	1281	13	13
M1012_4	M91_4	215	1183	2	2
M1497_4	F2051_4	215	1311	189	189
M1497_4	F2185_4	215	1289	329	329
M1497_4	F2428_4	215	1214	1007	1007
M1497_4	F2434_4	215	1296	479	479
M1497_4	F2785_4	215	1355	1190	1190
M1497_4	F696_4	215	1238	1146	1146
M1497_4	F922_4	215	1393	191	191
M1497_4	M1012_4	215	1244	875	875
M1497_4	M2321_4	215	1151	1051	1051
M1497_4	M305_4	215	1437	783	783
M1497_4	M449_4	215	1288	900	900
M1497_4	M639_4	215	1209	453	453
M1497_4	M91_4	215	1252	248	248
M2321_4	F2051_4	215	1261	26	41
M2321_4	F2185_4	215	1176	59	105
M2321_4	F2428_4	215	1240	435	792
M2321_4	F2434_4	215	1365	117	232
M2321_4	F2785_4	215	1298	717	1329
M2321_4	F696_4	215	1247	801	1469
M2321_4	F922_4	215	1111	28	55
M2321_4	M1012_4	215	1122	283	526
M2321_4	M1497_4	215	1151	416	802
M2321_4	M305_4	215	1255	199	368
M2321_4	M449_4	215	1196	310	585
M2321_4	M639_4	215	1236	119	212
M2321_4	M91_4	215	1421	57	109
M305_4	F2051_4	215	1307	684	823
M305_4	F2185_4	215	1307	933	1121
M305_4	F2428_4	215	1274	1233	1484
M305_4	F2434_4	215	1274	1021	1227
M305_4	F2785_4	215	1244	1217	1494
M305_4	F696_4	215	1322	1311	1584
M305_4	F922_4	215	1248	626	757
M305_4	M1012_4	215	1172	1105	1335
M305_4	M1497_4	215	1437	1389	1676
M305_4	M2321_4	215	1255	1236	1503
M305_4	M449_4	215	1319	1233	1431
M305_4	M639_4	215	1204	985	1208
M305_4	M91_4	215	1280	853	1023
M449_4	F2051_4	215	1403	143	143
M449_4	F2185_4	215	1183	207	207
M449_4	F2428_4	215	1295	924	924
M449_4	F2434_4	215	1233	339	339
M449_4	F2785_4	215	1358	1139	1139
M449_4	F696_4	215	1274	1126	1126
M449_4	F922_4	215	1118	73	73
M449_4	M1012_4	215	1234	751	751
M449_4	M1497_4	215	1288	907	907
M449_4	M2321_4	215	1196	1051	1051
M449_4	M305_4	215	1319	581	581
M449_4	M639_4	215	1094	319	319
M449_4	M91_4	215	1366	207	207
M639_4	F2051_4	215	1293	52	52
M639_4	F2185_4	215	1251	83	83
M639_4	F2428_4	215	1242	544	544
M639_4	F2434_4	215	1339	143	143
M639_4	F2785_4	215	1262	763	763
M639_4	F696_4	215	1353	974	974
M639_4	F922_4	215	1489	40	40
M639_4	M1012_4	215	1281	410	410
M639_4	M1497_4	215	1209	495	495
M639_4	M2321_4	215	1236	851	851
M639_4	M305_4	215	1204	252	252
M639_4	M449_4	215	1094	336	336
M639_4	M91_4	215	1256	63	63
M91_4	F2051_4	215	1286	37	37
M91_4	F2185_4	215	1308	79	79
M91_4	F2428_4	215	1196	479	479
M91_4	F2434_4	215	1224	123	123
M91_4	F2785_4	215	1259	746	746
M91_4	F696_4	215	1107	745	745
M91_4	F922_4	215	1106	21	21
M91_4	M1012_4	215	1183	343	343
M91_4	M1497_4	215	1252	516	516
M91_4	M2321_4	215	1421	873	873
M91_4	M305_4	215	1280	246	246
M91_4	M449_4	215	1366	415	415
M91_4	M639_4	215	1256	123	123
F1106_4	F1567_4	216	1250	23	23
F1106_4	F2226_4	216	1195	8	8
F1106_4	F2287_4	216	1424	88	88
F1106_4	F2364_4	216	1314	16	16
F1106_4	M1003_4	216	1219	73	73
F1106_4	M1148_4	216	1482	63	63
F1106_4	M1717_4	216	1241	37	37
F1106_4	M2709_4	216	1123	2	2
F1106_4	M28_4	216	1435	92	92
F1106_4	M401_4	216	1291	36	36
F1106_4	M525_4	216	1139	48	48
F1106_4	M527_4	216	1122	482	482
F1106_4	M613_4	216	1236	1	1
F1567_4	F1106_4	216	1250	445	1155
F1567_4	F2226_4	216	1295	186	470
F1567_4	F2287_4	216	1277	700	1814
F1567_4	F2364_4	216	1256	305	822
F1567_4	M1003_4	216	1116	654	1708
F1567_4	M1148_4	216	1140	561	1470
F1567_4	M1717_4	216	1164	433	1135
F1567_4	M2709_4	216	1413	74	186
F1567_4	M28_4	216	1254	786	1990
F1567_4	M401_4	216	1335	548	1405
F1567_4	M525_4	216	1091	564	1455
F1567_4	M527_4	216	1204	1129	2961
F1567_4	M613_4	216	1390	11	25
F2226_4	F1106_4	216	1195	767	767
F2226_4	F1567_4	216	1295	715	715
F2226_4	F2287_4	216	1322	1038	1038
F2226_4	F2364_4	216	1361	616	616
F2226_4	M1003_4	216	1342	1096	1096
F2226_4	M1148_4	216	1237	899	899
F2226_4	M1717_4	216	1284	828	828
F2226_4	M2709_4	216	1239	174	174
F2226_4	M28_4	216	1300	1067	1067
F2226_4	M401_4	216	1207	806	806
F2226_4	M525_4	216	1146	874	874
F2226_4	M527_4	216	1181	1164	1164
F2226_4	M613_4	216	1152	54	54
F2287_4	F1106_4	216	1424	211	211
F2287_4	F1567_4	216	1277	158	158
F2287_4	F2226_4	216	1322	67	67
F2287_4	F2364_4	216	1211	107	107
F2287_4	M1003_4	216	1212	378	378
F2287_4	M1148_4	216	1278	281	281
F2287_4	M1717_4	216	1326	218	218
F2287_4	M2709_4	216	1298	20	20
F2287_4	M28_4	216	1321	449	449
F2287_4	M401_4	216	1167	210	210
F2287_4	M525_4	216	1348	354	354
F2287_4	M527_4	216	1113	947	947
F2287_4	M613_4	216	1443	5	5
F2364_4	F1106_4	216	1314	211	344
F2364_4	F1567_4	216	1256	176	262
F2364_4	F2226_4	216	1361	85	144
F2364_4	F2287_4	216	1211	352	558
F2364_4	M1003_4	216	1302	474	733
F2364_4	M1148_4	216	1335	344	541
F2364_4	M1717_4	216	1325	256	415
F2364_4	M2709_4	216	1346	21	29
F2364_4	M28_4	216	1260	502	793
F2364_4	M401_4	216	1284	257	407
F2364_4	M525_4	216	1332	404	641
F2364_4	M527_4	216	1267	1095	1763
F2364_4	M613_4	216	1254	7	11
M1003_4	F1106_4	216	1219	659	659
M1003_4	F1567_4	216	1116	468	468
M1003_4	F2226_4	216	1342	295	295
M1003_4	F2287_4	216	1212	840	840
M1003_4	F2364_4	216	1302	496	496
M1003_4	M1148_4	216	1399	903	903
M1003_4	M1717_4	216	1379	749	749
M1003_4	M2709_4	216	1134	121	121
M1003_4	M28_4	216	1147	872	872
M1003_4	M401_4	216	1192	698	698
M1003_4	M525_4	216	1437	991	991
M1003_4	M527_4	216	1293	1253	1253
M1003_4	M613_4	216	1200	18	18
M1148_4	F1106_4	216	1482	1383	1667
M1148_4	F1567_4	216	1140	1041	1249
M1148_4	F2226_4	216	1237	973	1186
M1148_4	F2287_4	216	1278	1234	1466
M1148_4	F2364_4	216	1335	1151	1410
M1148_4	M1003_4	216	1399	1361	1626
M1148_4	M1717_4	216	1217	1143	1394
M1148_4	M2709_4	216	1273	707	831
M1148_4	M28_4	216	1304	1275	1529
M1148_4	M401_4	216	1264	1192	1434
M1148_4	M525_4	216	1295	1251	1494
M1148_4	M527_4	216	1147	1144	1360
M1148_4	M613_4	216	1319	266	323
M1717_4	F1106_4	216	1241	157	157
M1717_4	F1567_4	216	1164	92	92
M1717_4	F2226_4	216	1284	57	57
M1717_4	F2287_4	216	1326	284	284
M1717_4	F2364_4	216	1325	97	97
M1717_4	M1003_4	216	1379	344	344
M1717_4	M1148_4	216	1217	235	235
M1717_4	M2709_4	216	1315	23	23
M1717_4	M28_4	216	1275	361	361
M1717_4	M401_4	216	1166	173	173
M1717_4	M525_4	216	1186	263	263
M1717_4	M527_4	216	1450	1173	1173
M1717_4	M613_4	216	1264	3	3
M2709_4	F1106_4	216	1123	146	472
M2709_4	F1567_4	216	1413	125	438
M2709_4	F2226_4	216	1239	37	151
M2709_4	F2287_4	216	1298	264	928
M2709_4	F2364_4	216	1346	90	301
M2709_4	M1003_4	216	1134	290	994
M2709_4	M1148_4	216	1273	217	753
M2709_4	M1717_4	216	1315	159	552
M2709_4	M28_4	216	1136	310	1049
M2709_4	M401_4	216	1293	179	613
M2709_4	M525_4	216	1342	291	988
M2709_4	M527_4	216	1335	1044	3521
M2709_4	M613_4	216	1375	2	4
M28_4	F1106_4	216	1435	148	148
M28_4	F1567_4	216	1254	105	105
M28_4	F2226_4	216	1300	54	54
M28_4	F2287_4	216	1321	253	253
M28_4	F2364_4	216	1260	62	62
M28_4	M1003_4	216	1147	249	249
M28_4	M1148_4	216	1304	224	224
M28_4	M1717_4	216	1275	134	134
M28_4	M2709_4	216	1136	8	8
M28_4	M401_4	216	1190	160	160
M28_4	M525_4	216	1311	240	240
M28_4	M527_4	216	1289	984	984
M28_4	M613_4	216	1237	2	2
M401_4	F1106_4	216	1291	315	315
M401_4	F1567_4	216	1335	251	251
M401_4	F2226_4	216	1207	90	90
M401_4	F2287_4	216	1167	451	451
M401_4	F2364_4	216	1284	168	168
M401_4	M1003_4	216	1192	524	524
M401_4	M1148_4	216	1264	431	431
M401_4	M1717_4	216	1166	287	287
M401_4	M2709_4	216	1293	27	27
M401_4	M28_4	216	1190	548	548
M401_4	M525_4	216	1184	466	466
M401_4	M527_4	216	1181	1080	1080
M401_4	M613_4	216	1298	5	5
M525_4	F1106_4	216	1139	26	62
M525_4	F1567_4	216	1091	11	33
M525_4	F2226_4	216	1146	8	22
M525_4	F2287_4	216	1348	51	161
M525_4	F2364_4	216	1332	16	55
M525_4	M1003_4	216	1437	78	209
M525_4	M1148_4	216	1295	49	139
M525_4	M1717_4	216	1186	22	59
M525_4	M2709_4	216	1342	1	1
M525_4	M28_4	216	1311	80	213
M525_4	M401_4	216	1184	19	50
M525_4	M527_4	216	1245	466	1307
M525_4	M613_4	216	1212	0	0
M527_4	F1106_4	216	1122	48	48
M527_4	F1567_4	216	1204	33	33
M527_4	F2226_4	216	1181	9	9
M527_4	F2287_4	216	1113	82	82
M527_4	F2364_4	216	1267	20	20
M527_4	M1003_4	216	1293	99	99
M527_4	M1148_4	216	1147	72	72
M527_4	M1717_4	216	1450	47	47
M527_4	M2709_4	216	1335	4	4
M527_4	M28_4	216	1289	124	124
M527_4	M401_4	216	1181	48	48
M527_4	M525_4	216	1245	96	96
M527_4	M613_4	216	1237	0	0
M613_4	F1106_4	216	1236	423	423
M613_4	F1567_4	216	1390	356	356
M613_4	F2226_4	216	1152	149	149
M613_4	F2287_4	216	1443	740	740
M613_4	F2364_4	216	1254	252	252
M613_4	M1003_4	216	1200	683	683
M613_4	M1148_4	216	1319	576	576
M613_4	M1717_4	216	1264	442	442
M613_4	M2709_4	216	1375	55	55
M613_4	M28_4	216	1237	723	723
M613_4	M401_4	216	1298	486	486
M613_4	M525_4	216	1212	587	587
M613_4	M527_4	216	1237	1166	1166
F440_4	F44_4	217	1284	385	1079
F440_4	F682_4	217	1362	253	708
F440_4	F742_4	217	1231	844	2437
F440_4	F916_4	217	1220	1117	3182
F440_4	M1492_4	217	1278	58	163
F440_4	M1571_4	217	1239	606	1671
F440_4	M1747_4	217	1141	863	2549
F440_4	M1801_4	217	1288	1032	3060
F440_4	M2336_4	217	1212	551	1564
F440_4	M586_4	217	1255	235	608
F440_4	M596_4	217	1265	573	1553
F440_4	M810_4	217	1222	510	1468
F440_4	M87_4	217	1210	799	2268
F44_4	F440_4	217	1284	800	800
F44_4	F682_4	217	1291	626	626
F44_4	F742_4	217	1306	1165	1165
F44_4	F916_4	217	1435	1402	1402
F44_4	M1492_4	217	1356	252	252
F44_4	M1571_4	217	1226	981	981
F44_4	M1747_4	217	1165	1088	1088
F44_4	M1801_4	217	1352	1280	1280
F44_4	M2336_4	217	1300	998	998
F44_4	M586_4	217	1351	691	691
F44_4	M596_4	217	1352	1066	1066
F44_4	M810_4	217	1222	910	910
F44_4	M87_4	217	1357	1210	1210
F682_4	F440_4	217	1362	655	655
F682_4	F44_4	217	1291	614	614
F682_4	F742_4	217	1269	1039	1039
F682_4	F916_4	217	1201	1154	1154
F682_4	M1492_4	217	1151	146	146
F682_4	M1571_4	217	1365	954	954
F682_4	M1747_4	217	1384	1202	1202
F682_4	M1801_4	217	1209	1090	1090
F682_4	M2336_4	217	1289	824	824
F682_4	M586_4	217	1433	517	517
F682_4	M596_4	217	1327	835	835
F682_4	M810_4	217	1384	863	863
F682_4	M87_4	217	1214	1000	1000
F742_4	F440_4	217	1231	267	267
F742_4	F44_4	217	1306	272	272
F742_4	F682_4	217	1269	151	151
F742_4	F916_4	217	1193	1039	1039
F742_4	M1492_4	217	1261	51	51
F742_4	M1571_4	217	1315	493	493
F742_4	M1747_4	217	1140	759	759
F742_4	M1801_4	217	1328	960	960
F742_4	M2336_4	217	1090	371	371
F742_4	M586_4	217	1226	182	182
F742_4	M596_4	217	1136	365	365
F742_4	M810_4	217	1227	423	423
F742_4	M87_4	217	1235	676	676
F916_4	F440_4	217	1220	358	391
F916_4	F44_4	217	1435	348	389
F916_4	F682_4	217	1201	216	241
F916_4	F742_4	217	1193	770	875
F916_4	M1492_4	217	1164	57	65
F916_4	M1571_4	217	1319	599	675
F916_4	M1747_4	217	1386	1055	1166
F916_4	M1801_4	217	1391	1112	1235
F916_4	M2336_4	217	1345	594	673
F916_4	M586_4	217	1327	227	254
F916_4	M596_4	217	1223	506	572
F916_4	M810_4	217	1459	611	707
F916_4	M87_4	217	1277	850	948
M1492_4	F440_4	217	1278	500	838
M1492_4	F44_4	217	1356	495	849
M1492_4	F682_4	217	1151	279	477
M1492_4	F742_4	217	1261	937	1582
M1492_4	F916_4	217	1164	1102	1879
M1492_4	M1571_4	217	1148	664	1183
M1492_4	M1747_4	217	1220	983	1718
M1492_4	M1801_4	217	1327	1111	1915
M1492_4	M2336_4	217	1132	602	1019
M1492_4	M586_4	217	1251	316	517
M1492_4	M596_4	217	1325	738	1243
M1492_4	M810_4	217	1224	642	1055
M1492_4	M87_4	217	1333	986	1705
M1571_4	F440_4	217	1239	874	874
M1571_4	F44_4	217	1226	841	841
M1571_4	F682_4	217	1365	756	756
M1571_4	F742_4	217	1315	1223	1223
M1571_4	F916_4	217	1319	1296	1296
M1571_4	M1492_4	217	1148	274	274
M1571_4	M1747_4	217	1314	1247	1247
M1571_4	M1801_4	217	1216	1167	1167
M1571_4	M2336_4	217	1293	1054	1054
M1571_4	M586_4	217	1199	693	693
M1571_4	M596_4	217	1130	927	927
M1571_4	M810_4	217	1193	973	973
M1571_4	M87_4	217	1220	1132	1132
M1747_4	F440_4	217	1141	75	206
M1747_4	F44_4	217	1165	71	180
M1747_4	F682_4	217	1384	65	192
M1747_4	F742_4	217	1140	302	755
M1747_4	F916_4	217	1386	941	2444
M1747_4	M1492_4	217	1220	7	27
M1747_4	M1571_4	217	1314	203	542
M1747_4	M1801_4	217	1288	596	1498
M1747_4	M2336_4	217	1304	140	360
M1747_4	M586_4	217	1183	52	144
M1747_4	M596_4	217	1077	134	341
M1747_4	M810_4	217	1194	160	413
M1747_4	M87_4	217	1265	339	865
M1801_4	F440_4	217	1288	456	1083
M1801_4	F44_4	217	1352	440	1055
M1801_4	F682_4	217	1209	272	656
M1801_4	F742_4	217	1328	942	2272
M1801_4	F916_4	217	1391	1291	3100
M1801_4	M1492_4	217	1327	91	222
M1801_4	M1571_4	217	1216	698	1655
M1801_4	M1747_4	217	1288	1037	2532
M1801_4	M2336_4	217	1334	681	1582
M1801_4	M586_4	217	1197	284	680
M1801_4	M596_4	217	1119	583	1393
M1801_4	M810_4	217	1350	661	1566
M1801_4	M87_4	217	1395	1011	2392
M2336_4	F440_4	217	1212	730	864
M2336_4	F44_4	217	1300	801	964
M2336_4	F682_4	217	1289	612	726
M2336_4	F742_4	217	1090	974	1156
M2336_4	F916_4	217	1345	1313	1546
M2336_4	M1492_4	217	1132	215	275
M2336_4	M1571_4	217	1293	1000	1194
M2336_4	M1747_4	217	1304	1229	1463
M2336_4	M1801_4	217	1334	1264	1507
M2336_4	M586_4	217	1257	583	687
M2336_4	M596_4	217	1337	1024	1226
M2336_4	M810_4	217	1278	938	1121
M2336_4	M87_4	217	1329	1170	1408
M586_4	F440_4	217	1255	58	153
M586_4	F44_4	217	1351	64	150
M586_4	F682_4	217	1433	31	88
M586_4	F742_4	217	1226	233	600
M586_4	F916_4	217	1327	784	1996
M586_4	M1492_4	217	1251	7	15
M586_4	M1571_4	217	1199	121	303
M586_4	M1747_4	217	1183	343	850
M586_4	M1801_4	217	1197	427	1103
M586_4	M2336_4	217	1257	99	235
M586_4	M596_4	217	1272	125	333
M586_4	M810_4	217	1245	96	251
M586_4	M87_4	217	1377	270	680
M596_4	F440_4	217	1265	584	1233
M596_4	F44_4	217	1352	605	1269
M596_4	F682_4	217	1327	408	851
M596_4	F742_4	217	1136	896	1881
M596_4	F916_4	217	1223	1167	2414
M596_4	M1492_4	217	1325	137	292
M596_4	M1571_4	217	1130	771	1636
M596_4	M1747_4	217	1077	932	1981
M596_4	M1801_4	217	1119	998	2100
M596_4	M2336_4	217	1337	804	1727
M596_4	M586_4	217	1272	434	949
M596_4	M810_4	217	1250	754	1612
M596_4	M87_4	217	1166	934	2022
M810_4	F440_4	217	1222	1058	1058
M810_4	F44_4	217	1222	1059	1059
M810_4	F682_4	217	1384	1103	1103
M810_4	F742_4	217	1227	1195	1195
M810_4	F916_4	217	1459	1457	1457
M810_4	M1492_4	217	1224	602	602
M810_4	M1571_4	217	1193	1120	1120
M810_4	M1747_4	217	1194	1168	1168
M810_4	M1801_4	217	1350	1328	1328
M810_4	M2336_4	217	1278	1196	1196
M810_4	M586_4	217	1245	995	995
M810_4	M596_4	217	1250	1186	1186
M810_4	M87_4	217	1288	1249	1249
M87_4	F440_4	217	1210	49	51
M87_4	F44_4	217	1357	53	56
M87_4	F682_4	217	1214	29	33
M87_4	F742_4	217	1235	188	211
M87_4	F916_4	217	1277	686	763
M87_4	M1492_4	217	1333	3	3
M87_4	M1571_4	217	1220	109	122
M87_4	M1747_4	217	1265	320	356
M87_4	M1801_4	217	1395	412	454
M87_4	M2336_4	217	1329	98	111
M87_4	M586_4	217	1377	38	43
M87_4	M596_4	217	1166	94	98
M87_4	M810_4	217	1288	80	88
F1314_4	F1487_4	218	1473	374	522
F1314_4	F1499_4	218	1364	791	1076
F1314_4	F1841_4	218	1312	235	333
F1314_4	F2140_4	218	1223	803	1118
F1314_4	F2399_4	218	1111	360	510
F1314_4	F380_4	218	1247	448	609
F1314_4	F564_4	218	1208	765	1067
F1314_4	F702_4	218	1246	271	368
F1314_4	F95_4	218	1409	142	194
F1314_4	M1280_4	218	1299	197	262
F1314_4	M2284_4	218	1280	190	259
F1314_4	M335_4	218	1221	38	47
F1314_4	M542_4	218	1179	908	1249
F1487_4	F1314_4	218	1473	1283	1283
F1487_4	F1499_4	218	1336	843	843
F1487_4	F1841_4	218	1405	323	323
F1487_4	F2140_4	218	1156	829	829
F1487_4	F2399_4	218	1311	549	549
F1487_4	F380_4	218	1354	588	588
F1487_4	F564_4	218	1199	851	851
F1487_4	F702_4	218	1227	318	318
F1487_4	F95_4	218	1115	114	114
F1487_4	M1280_4	218	1196	232	232
F1487_4	M2284_4	218	1185	231	231
F1487_4	M335_4	218	1180	54	54
F1487_4	M542_4	218	1326	1088	1088
F1499_4	F1314_4	218	1364	1149	1838
F1499_4	F1487_4	218	1336	403	631
F1499_4	F1841_4	218	1196	252	401
F1499_4	F2140_4	218	1254	867	1333
F1499_4	F2399_4	218	1256	491	773
F1499_4	F380_4	218	1132	402	627
F1499_4	F564_4	218	1310	920	1416
F1499_4	F702_4	218	1266	322	488
F1499_4	F95_4	218	1375	137	230
F1499_4	M1280_4	218	1245	226	357
F1499_4	M2284_4	218	1282	234	368
F1499_4	M335_4	218	1287	60	92
F1499_4	M542_4	218	1211	957	1542
F1841_4	F1314_4	218	1312	1297	1878
F1841_4	F1487_4	218	1405	1162	1668
F1841_4	F1499_4	218	1196	1129	1649
F1841_4	F2140_4	218	1319	1259	1840
F1841_4	F2399_4	218	1318	1137	1605
F1841_4	F380_4	218	1219	1060	1525
F1841_4	F564_4	218	1331	1285	1829
F1841_4	F702_4	218	1250	984	1422
F1841_4	F95_4	218	1261	669	952
F1841_4	M1280_4	218	1149	796	1157
F1841_4	M2284_4	218	1169	804	1155
F1841_4	M335_4	218	1100	324	468
F1841_4	M542_4	218	1151	1121	1641
F2140_4	F1314_4	218	1223	1078	1078
F2140_4	F1487_4	218	1156	340	340
F2140_4	F1499_4	218	1254	822	822
F2140_4	F1841_4	218	1319	318	318
F2140_4	F2399_4	218	1307	536	536
F2140_4	F380_4	218	1189	505	505
F2140_4	F564_4	218	1354	951	951
F2140_4	F702_4	218	1184	310	310
F2140_4	F95_4	218	1246	137	137
F2140_4	M1280_4	218	1264	240	240
F2140_4	M2284_4	218	1111	206	206
F2140_4	M335_4	218	1187	42	42
F2140_4	M542_4	218	1223	964	964
F2399_4	F1314_4	218	1111	1096	2261
F2399_4	F1487_4	218	1311	1112	2195
F2399_4	F1499_4	218	1256	1202	2438
F2399_4	F1841_4	218	1318	1022	2085
F2399_4	F2140_4	218	1307	1253	2568
F2399_4	F380_4	218	1266	1146	2295
F2399_4	F564_4	218	1176	1133	2291
F2399_4	F702_4	218	1206	975	2019
F2399_4	F95_4	218	1224	743	1519
F2399_4	M1280_4	218	1288	922	1843
F2399_4	M2284_4	218	1168	875	1777
F2399_4	M335_4	218	1216	445	904
F2399_4	M542_4	218	1212	1186	2338
F380_4	F1314_4	218	1247	594	663
F380_4	F1487_4	218	1354	86	93
F380_4	F1499_4	218	1132	212	228
F380_4	F1841_4	218	1219	51	56
F380_4	F2140_4	218	1189	328	357
F380_4	F2399_4	218	1266	114	128
F380_4	F564_4	218	1224	326	362
F380_4	F702_4	218	1430	77	83
F380_4	F95_4	218	1347	22	24
F380_4	M1280_4	218	1226	32	38
F380_4	M2284_4	218	1267	39	44
F380_4	M335_4	218	1129	11	12
F380_4	M542_4	218	1245	469	511
F564_4	F1314_4	218	1208	624	624
F564_4	F1487_4	218	1199	75	75
F564_4	F1499_4	218	1310	288	288
F564_4	F1841_4	218	1331	60	60
F564_4	F2140_4	218	1354	386	386
F564_4	F2399_4	218	1176	145	145
F564_4	F380_4	218	1224	145	145
F564_4	F702_4	218	1200	85	85
F564_4	F95_4	218	1256	23	23
F564_4	M1280_4	218	1279	58	58
F564_4	M2284_4	218	1118	40	40
F564_4	M335_4	218	1328	7	7
F564_4	M542_4	218	1278	549	549
F702_4	F1314_4	218	1246	1195	1195
F702_4	F1487_4	218	1227	819	819
F702_4	F1499_4	218	1266	1100	1100
F702_4	F1841_4	218	1250	708	708
F702_4	F2140_4	218	1184	1094	1094
F702_4	F2399_4	218	1206	903	903
F702_4	F380_4	218	1430	1108	1108
F702_4	F564_4	218	1200	1117	1117
F702_4	F95_4	218	1272	422	422
F702_4	M1280_4	218	1315	647	647
F702_4	M2284_4	218	1296	636	636
F702_4	M335_4	218	1387	239	239
F702_4	M542_4	218	1168	1114	1114
F95_4	F1314_4	218	1409	1080	1955
F95_4	F1487_4	218	1115	235	409
F95_4	F1499_4	218	1375	690	1267
F95_4	F1841_4	218	1261	192	355
F95_4	F2140_4	218	1246	740	1341
F95_4	F2399_4	218	1224	354	658
F95_4	F380_4	218	1347	398	742
F95_4	F564_4	218	1256	720	1277
F95_4	F702_4	218	1272	229	422
F95_4	M1280_4	218	1264	146	259
F95_4	M2284_4	218	1185	157	281
F95_4	M335_4	218	1278	33	63
F95_4	M542_4	218	1310	943	1763
M1280_4	F1314_4	218	1299	1264	1264
M1280_4	F1487_4	218	1196	833	833
M1280_4	F1499_4	218	1245	1122	1122
M1280_4	F1841_4	218	1149	671	671
M1280_4	F2140_4	218	1264	1163	1163
M1280_4	F2399_4	218	1288	1004	1004
M1280_4	F380_4	218	1226	978	978
M1280_4	F564_4	218	1279	1194	1194
M1280_4	F702_4	218	1315	850	850
M1280_4	F95_4	218	1264	478	478
M1280_4	M2284_4	218	1193	606	606
M1280_4	M335_4	218	1232	231	231
M1280_4	M542_4	218	1281	1236	1236
M2284_4	F1314_4	218	1280	1177	1177
M2284_4	F1487_4	218	1185	525	525
M2284_4	F1499_4	218	1282	941	941
M2284_4	F1841_4	218	1169	356	356
M2284_4	F2140_4	218	1111	886	886
M2284_4	F2399_4	218	1168	617	617
M2284_4	F380_4	218	1267	695	695
M2284_4	F564_4	218	1118	876	876
M2284_4	F702_4	218	1296	491	491
M2284_4	F95_4	218	1185	161	161
M2284_4	M1280_4	218	1193	339	339
M2284_4	M335_4	218	1326	86	86
M2284_4	M542_4	218	1331	1178	1178
M335_4	F1314_4	218	1221	1158	1158
M335_4	F1487_4	218	1180	717	717
M335_4	F1499_4	218	1287	1083	1083
M335_4	F1841_4	218	1100	548	548
M335_4	F2140_4	218	1187	1033	1033
M335_4	F2399_4	218	1216	795	795
M335_4	F380_4	218	1129	802	802
M335_4	F564_4	218	1328	1174	1174
M335_4	F702_4	218	1387	736	736
M335_4	F95_4	218	1278	342	342
M335_4	M1280_4	218	1232	502	502
M335_4	M2284_4	218	1326	544	544
M335_4	M542_4	218	1264	1180	1180
M542_4	F1314_4	218	1179	1128	1128
M542_4	F1487_4	218	1326	772	772
M542_4	F1499_4	218	1211	1003	1003
M542_4	F1841_4	218	1151	531	531
M542_4	F2140_4	218	1223	1067	1067
M542_4	F2399_4	218	1212	822	822
M542_4	F380_4	218	1245	813	813
M542_4	F564_4	218	1278	1113	1113
M542_4	F702_4	218	1168	629	629
M542_4	F95_4	218	1310	366	366
M542_4	M1280_4	218	1281	489	489
M542_4	M2284_4	218	1331	492	492
M542_4	M335_4	218	1264	138	138
F1148_4	F1283_4	219	1233	249	249
F1148_4	F146_4	219	1446	342	342
F1148_4	F2520_4	219	1287	404	404
F1148_4	F2582_4	219	1357	329	329
F1148_4	F701_4	219	1281	856	856
F1148_4	F733_4	219	1294	90	90
F1148_4	F99_4	219	1179	49	49
F1148_4	M1357_4	219	1283	20	20
F1148_4	M1467_4	219	1425	50	50
F1148_4	M1484_4	219	1213	660	660
F1148_4	M2453_4	219	1226	68	68
F1148_4	M408_4	219	1210	143	143
F1148_4	M507_4	219	1232	611	611
F1283_4	F1148_4	219	1233	1226	1561
F1283_4	F146_4	219	1314	1241	1630
F1283_4	F2520_4	219	1279	1243	1599
F1283_4	F2582_4	219	1273	1202	1562
F1283_4	F701_4	219	1198	1185	1547
F1283_4	F733_4	219	1323	1053	1355
F1283_4	F99_4	219	1277	938	1198
F1283_4	M1357_4	219	1167	551	721
F1283_4	M1467_4	219	1417	815	1074
F1283_4	M1484_4	219	1190	1170	1514
F1283_4	M2453_4	219	1341	972	1257
F1283_4	M408_4	219	1298	1145	1455
F1283_4	M507_4	219	1409	1387	1778
F146_4	F1148_4	219	1446	1304	3666
F146_4	F1283_4	219	1314	594	1676
F146_4	F2520_4	219	1295	807	2268
F146_4	F2582_4	219	1281	668	1922
F146_4	F701_4	219	1262	1093	3066
F146_4	F733_4	219	1240	250	693
F146_4	F99_4	219	1289	151	404
F146_4	M1357_4	219	1170	61	163
F146_4	M1467_4	219	1270	96	288
F146_4	M1484_4	219	1218	965	2724
F146_4	M2453_4	219	1231	187	530
F146_4	M408_4	219	1181	326	874
F146_4	M507_4	219	1326	1021	2864
F2520_4	F1148_4	219	1287	1265	1265
F2520_4	F1283_4	219	1279	1111	1111
F2520_4	F146_4	219	1295	1165	1165
F2520_4	F2582_4	219	1375	1246	1246
F2520_4	F701_4	219	1240	1216	1216
F2520_4	F733_4	219	1342	879	879
F2520_4	F99_4	219	1139	668	668
F2520_4	M1357_4	219	1259	413	413
F2520_4	M1467_4	219	1209	522	522
F2520_4	M1484_4	219	1354	1317	1317
F2520_4	M2453_4	219	1183	722	722
F2520_4	M408_4	219	1276	1008	1008
F2520_4	M507_4	219	1263	1211	1211
F2582_4	F1148_4	219	1357	937	1365
F2582_4	F1283_4	219	1273	225	326
F2582_4	F146_4	219	1281	253	370
F2582_4	F2520_4	219	1375	402	587
F2582_4	F701_4	219	1201	778	1147
F2582_4	F733_4	219	1269	76	109
F2582_4	F99_4	219	1287	58	83
F2582_4	M1357_4	219	1226	23	37
F2582_4	M1467_4	219	1254	31	51
F2582_4	M1484_4	219	1299	665	956
F2582_4	M2453_4	219	1288	59	85
F2582_4	M408_4	219	1261	126	183
F2582_4	M507_4	219	1192	581	821
F701_4	F1148_4	219	1281	1187	1734
F701_4	F1283_4	219	1198	663	978
F701_4	F146_4	219	1262	739	1118
F701_4	F2520_4	219	1240	856	1282
F701_4	F2582_4	219	1201	702	1060
F701_4	F733_4	219	1344	351	526
F701_4	F99_4	219	1398	274	389
F701_4	M1357_4	219	1357	108	159
F701_4	M1467_4	219	1228	152	223
F701_4	M1484_4	219	1152	973	1432
F701_4	M2453_4	219	1324	264	417
F701_4	M408_4	219	1319	524	788
F701_4	M507_4	219	1346	1127	1669
F733_4	F1148_4	219	1294	1274	1274
F733_4	F1283_4	219	1323	1107	1107
F733_4	F146_4	219	1240	1081	1081
F733_4	F2520_4	219	1342	1207	1207
F733_4	F2582_4	219	1269	1068	1068
F733_4	F701_4	219	1344	1304	1304
F733_4	F99_4	219	1337	655	655
F733_4	M1357_4	219	1301	346	346
F733_4	M1467_4	219	1480	516	516
F733_4	M1484_4	219	1195	1155	1155
F733_4	M2453_4	219	1073	538	538
F733_4	M408_4	219	1342	939	939
F733_4	M507_4	219	1225	1164	1164
F99_4	F1148_4	219	1179	1028	1028
F99_4	F1283_4	219	1277	541	541
F99_4	F146_4	219	1289	601	601
F99_4	F2520_4	219	1139	628	628
F99_4	F2582_4	219	1287	573	573
F99_4	F701_4	219	1398	1167	1167
F99_4	F733_4	219	1337	214	214
F99_4	M1357_4	219	1207	54	54
F99_4	M1467_4	219	1156	82	82
F99_4	M1484_4	219	1239	916	916
F99_4	M2453_4	219	1325	178	178
F99_4	M408_4	219	1214	288	288
F99_4	M507_4	219	1285	947	947
M1357_4	F1148_4	219	1283	1262	1262
M1357_4	F1283_4	219	1167	981	981
M1357_4	F146_4	219	1170	1016	1016
M1357_4	F2520_4	219	1259	1139	1139
M1357_4	F2582_4	219	1226	1047	1047
M1357_4	F701_4	219	1357	1312	1312
M1357_4	F733_4	219	1301	752	752
M1357_4	F99_4	219	1207	576	576
M1357_4	M1467_4	219	1166	422	422
M1357_4	M1484_4	219	1274	1213	1213
M1357_4	M2453_4	219	1165	580	580
M1357_4	M408_4	219	1400	1020	1020
M1357_4	M507_4	219	1314	1237	1237
M1467_4	F1148_4	219	1425	1391	2961
M1467_4	F1283_4	219	1417	1121	2354
M1467_4	F146_4	219	1270	1011	2120
M1467_4	F2520_4	219	1209	1056	2192
M1467_4	F2582_4	219	1254	1027	2232
M1467_4	F701_4	219	1228	1180	2519
M1467_4	F733_4	219	1480	769	1633
M1467_4	F99_4	219	1156	450	942
M1467_4	M1357_4	219	1166	229	491
M1467_4	M1484_4	219	1312	1235	2639
M1467_4	M2453_4	219	1174	500	1024
M1467_4	M408_4	219	1262	795	1645
M1467_4	M507_4	219	1242	1150	2465
M1484_4	F1148_4	219	1213	1122	2460
M1484_4	F1283_4	219	1190	648	1437
M1484_4	F146_4	219	1218	715	1542
M1484_4	F2520_4	219	1354	911	1987
M1484_4	F2582_4	219	1299	733	1594
M1484_4	F701_4	219	1152	1008	2178
M1484_4	F733_4	219	1195	296	592
M1484_4	F99_4	219	1239	204	452
M1484_4	M1357_4	219	1274	98	226
M1484_4	M1467_4	219	1312	144	328
M1484_4	M2453_4	219	1337	254	545
M1484_4	M408_4	219	1264	457	1007
M1484_4	M507_4	219	1388	1101	2398
M2453_4	F1148_4	219	1226	1147	2487
M2453_4	F1283_4	219	1341	799	1795
M2453_4	F146_4	219	1231	837	1909
M2453_4	F2520_4	219	1183	855	1989
M2453_4	F2582_4	219	1288	848	1899
M2453_4	F701_4	219	1324	1222	2694
M2453_4	F733_4	219	1073	327	738
M2453_4	F99_4	219	1325	284	664
M2453_4	M1357_4	219	1165	125	273
M2453_4	M1467_4	219	1174	166	375
M2453_4	M1484_4	219	1337	1156	2562
M2453_4	M408_4	219	1191	522	1165
M2453_4	M507_4	219	1194	1042	2371
M408_4	F1148_4	219	1210	1106	1106
M408_4	F1283_4	219	1298	650	650
M408_4	F146_4	219	1181	625	625
M408_4	F2520_4	219	1276	826	826
M408_4	F2582_4	219	1261	708	708
M408_4	F701_4	219	1319	1156	1156
M408_4	F733_4	219	1342	299	299
M408_4	F99_4	219	1214	204	204
M408_4	M1357_4	219	1400	85	85
M408_4	M1467_4	219	1262	139	139
M408_4	M1484_4	219	1264	1034	1034
M408_4	M2453_4	219	1191	169	169
M408_4	M507_4	219	1247	981	981
M507_4	F1148_4	219	1232	1170	2780
M507_4	F1283_4	219	1409	871	2064
M507_4	F146_4	219	1326	899	2128
M507_4	F2520_4	219	1263	941	2170
M507_4	F2582_4	219	1192	794	1857
M507_4	F701_4	219	1346	1250	2863
M507_4	F733_4	219	1225	416	930
M507_4	F99_4	219	1285	320	792
M507_4	M1357_4	219	1314	133	331
M507_4	M1467_4	219	1242	197	452
M507_4	M1484_4	219	1388	1230	2859
M507_4	M2453_4	219	1194	319	762
M507_4	M408_4	219	1247	590	1368
F1166_4	F123_4	220	1396	116	116
F1166_4	F2732_4	220	1207	19	19
F1166_4	F318_4	220	1314	432	432
F1166_4	F766_4	220	1181	410	410
F1166_4	F840_4	220	1271	119	119
F1166_4	M1038_4	220	1247	213	213
F1166_4	M1181_4	220	1174	92	92
F1166_4	M1251_4	220	1208	161	161
F1166_4	M173_4	220	1170	345	345
F1166_4	M2052_4	220	1277	52	52
F1166_4	M2176_4	220	1253	238	238
F1166_4	M2493_4	220	1202	452	452
F1166_4	M2704_4	220	1298	78	78
F123_4	F1166_4	220	1396	930	930
F123_4	F2732_4	220	1197	411	411
F123_4	F318_4	220	1256	1185	1185
F123_4	F766_4	220	1371	1304	1304
F123_4	F840_4	220	1233	967	967
F123_4	M1038_4	220	1270	1099	1099
F123_4	M1181_4	220	1257	931	931
F123_4	M1251_4	220	1329	1140	1140
F123_4	M173_4	220	1229	1145	1145
F123_4	M2052_4	220	1190	690	690
F123_4	M2176_4	220	1327	1171	1171
F123_4	M2493_4	220	1207	1158	1158
F123_4	M2704_4	220	1323	861	861
F2732_4	F1166_4	220	1207	289	289
F2732_4	F123_4	220	1197	431	431
F2732_4	F318_4	220	1140	816	816
F2732_4	F766_4	220	1262	940	940
F2732_4	F840_4	220	1184	435	435
F2732_4	M1038_4	220	1289	634	634
F2732_4	M1181_4	220	1161	333	333
F2732_4	M1251_4	220	1242	611	611
F2732_4	M173_4	220	1193	844	844
F2732_4	M2052_4	220	1302	258	258
F2732_4	M2176_4	220	1174	625	625
F2732_4	M2493_4	220	1291	970	970
F2732_4	M2704_4	220	1250	277	277
F318_4	F1166_4	220	1314	594	594
F318_4	F123_4	220	1256	768	768
F318_4	F2732_4	220	1140	183	183
F318_4	F766_4	220	1224	1097	1097
F318_4	F840_4	220	1196	737	737
F318_4	M1038_4	220	1230	918	918
F318_4	M1181_4	220	1326	715	715
F318_4	M1251_4	220	1295	930	930
F318_4	M173_4	220	1322	1119	1119
F318_4	M2052_4	220	1363	520	520
F318_4	M2176_4	220	1179	900	900
F318_4	M2493_4	220	1278	1148	1148
F318_4	M2704_4	220	1193	574	574
F766_4	F1166_4	220	1181	412	751
F766_4	F123_4	220	1371	654	1163
F766_4	F2732_4	220	1262	133	228
F766_4	F318_4	220	1224	988	1830
F766_4	F840_4	220	1414	670	1246
F766_4	M1038_4	220	1284	826	1508
F766_4	M1181_4	220	1232	526	994
F766_4	M1251_4	220	1274	770	1376
F766_4	M173_4	220	1225	975	1739
F766_4	M2052_4	220	1269	354	688
F766_4	M2176_4	220	1432	971	1756
F766_4	M2493_4	220	1388	1187	2108
F766_4	M2704_4	220	1486	514	969
F840_4	F1166_4	220	1271	424	878
F840_4	F123_4	220	1233	589	1202
F840_4	F2732_4	220	1184	127	290
F840_4	F318_4	220	1196	967	1919
F840_4	F766_4	220	1414	1179	2410
F840_4	M1038_4	220	1163	707	1438
F840_4	M1181_4	220	1321	541	1140
F840_4	M1251_4	220	1290	743	1503
F840_4	M173_4	220	1163	905	1857
F840_4	M2052_4	220	1386	327	658
F840_4	M2176_4	220	1126	742	1497
F840_4	M2493_4	220	1299	1083	2108
F840_4	M2704_4	220	1206	383	794
M1038_4	F1166_4	220	1247	187	218
M1038_4	F123_4	220	1270	314	358
M1038_4	F2732_4	220	1289	62	72
M1038_4	F318_4	220	1230	730	844
M1038_4	F766_4	220	1284	824	956
M1038_4	F840_4	220	1163	295	333
M1038_4	M1181_4	220	1218	259	299
M1038_4	M1251_4	220	1216	405	480
M1038_4	M173_4	220	1176	638	724
M1038_4	M2052_4	220	1331	148	160
M1038_4	M2176_4	220	1158	470	546
M1038_4	M2493_4	220	1218	822	975
M1038_4	M2704_4	220	1323	212	253
M1181_4	F1166_4	220	1174	346	346
M1181_4	F123_4	220	1257	562	562
M1181_4	F2732_4	220	1161	118	118
M1181_4	F318_4	220	1326	1048	1048
M1181_4	F766_4	220	1232	1019	1019
M1181_4	F840_4	220	1321	597	597
M1181_4	M1038_4	220	1218	756	756
M1181_4	M1251_4	220	1295	736	736
M1181_4	M173_4	220	1202	949	949
M1181_4	M2052_4	220	1154	291	291
M1181_4	M2176_4	220	1202	777	777
M1181_4	M2493_4	220	1260	1076	1076
M1181_4	M2704_4	220	1257	381	381
M1251_4	F1166_4	220	1208	697	1550
M1251_4	F123_4	220	1329	936	2071
M1251_4	F2732_4	220	1242	280	632
M1251_4	F318_4	220	1295	1190	2649
M1251_4	F766_4	220	1274	1167	2574
M1251_4	F840_4	220	1290	929	2039
M1251_4	M1038_4	220	1216	968	2133
M1251_4	M1181_4	220	1295	866	1906
M1251_4	M173_4	220	1342	1188	2623
M1251_4	M2052_4	220	1170	560	1232
M1251_4	M2176_4	220	1226	1025	2268
M1251_4	M2493_4	220	1157	1076	2380
M1251_4	M2704_4	220	1194	670	1482
M173_4	F1166_4	220	1170	362	1577
M173_4	F123_4	220	1229	511	2111
M173_4	F2732_4	220	1193	111	478
M173_4	F318_4	220	1322	1041	4341
M173_4	F766_4	220	1225	1012	4261
M173_4	F840_4	220	1163	547	2273
M173_4	M1038_4	220	1176	704	2915
M173_4	M1181_4	220	1202	471	1960
M173_4	M1251_4	220	1342	739	3046
M173_4	M2052_4	220	1359	301	1302
M173_4	M2176_4	220	1305	809	3284
M173_4	M2493_4	220	1148	931	3914
M173_4	M2704_4	220	1480	452	1779
M2052_4	F1166_4	220	1277	1127	3606
M2052_4	F123_4	220	1190	1124	3604
M2052_4	F2732_4	220	1302	852	2693
M2052_4	F318_4	220	1363	1337	4393
M2052_4	F766_4	220	1269	1251	3968
M2052_4	F840_4	220	1386	1300	4223
M2052_4	M1038_4	220	1331	1285	4056
M2052_4	M1181_4	220	1154	1057	3439
M2052_4	M1251_4	220	1170	1119	3635
M2052_4	M173_4	220	1359	1335	4283
M2052_4	M2176_4	220	1356	1314	4155
M2052_4	M2493_4	220	1256	1239	3961
M2052_4	M2704_4	220	1250	1110	3607
M2176_4	F1166_4	220	1253	58	58
M2176_4	F123_4	220	1327	122	122
M2176_4	F2732_4	220	1174	11	11
M2176_4	F318_4	220	1179	358	358
M2176_4	F766_4	220	1432	527	527
M2176_4	F840_4	220	1126	99	99
M2176_4	M1038_4	220	1158	169	169
M2176_4	M1181_4	220	1202	72	72
M2176_4	M1251_4	220	1226	164	164
M2176_4	M173_4	220	1305	375	375
M2176_4	M2052_4	220	1356	42	42
M2176_4	M2493_4	220	1293	468	468
M2176_4	M2704_4	220	1296	58	58
M2493_4	F1166_4	220	1202	180	180
M2493_4	F123_4	220	1207	337	337
M2493_4	F2732_4	220	1291	60	60
M2493_4	F318_4	220	1278	839	839
M2493_4	F766_4	220	1388	983	983
M2493_4	F840_4	220	1299	397	397
M2493_4	M1038_4	220	1218	534	534
M2493_4	M1181_4	220	1260	307	307
M2493_4	M1251_4	220	1157	478	478
M2493_4	M173_4	220	1148	699	699
M2493_4	M2052_4	220	1256	157	157
M2493_4	M2176_4	220	1293	626	626
M2493_4	M2704_4	220	1107	195	195
M2704_4	F1166_4	220	1298	815	1734
M2704_4	F123_4	220	1323	1046	2287
M2704_4	F2732_4	220	1250	367	791
M2704_4	F318_4	220	1193	1115	2447
M2704_4	F766_4	220	1486	1393	3005
M2704_4	F840_4	220	1206	945	2026
M2704_4	M1038_4	220	1323	1143	2466
M2704_4	M1181_4	220	1257	873	1899
M2704_4	M1251_4	220	1194	1015	2231
M2704_4	M173_4	220	1480	1358	2904
M2704_4	M2052_4	220	1250	691	1528
M2704_4	M2176_4	220	1296	1150	2427
M2704_4	M2493_4	220	1107	1055	2294
F1127_4	F114_4	221	1266	632	632
F1127_4	F1623_4	221	1260	751	751
F1127_4	F1675_4	221	1410	563	563
F1127_4	F2214_4	221	1173	801	801
F1127_4	F2250_4	221	1268	458	458
F1127_4	F2263_4	221	1243	192	192
F1127_4	F229_4	221	1195	858	858
F1127_4	F370_4	221	1167	419	419
F1127_4	M1740_4	221	1268	183	183
F1127_4	M2314_4	221	1146	1020	1020
F1127_4	M2467_4	221	1147	884	884
F1127_4	M2551_4	221	1193	889	889
F1127_4	M575_4	221	1239	691	691
F114_4	F1127_4	221	1266	1111	1396
F114_4	F1623_4	221	1220	1123	1400
F114_4	F1675_4	221	1207	1023	1327
F114_4	F2214_4	221	1397	1305	1685
F114_4	F2250_4	221	1297	1044	1311
F114_4	F2263_4	221	1356	729	929
F114_4	F229_4	221	1325	1261	1597
F114_4	F370_4	221	1525	1165	1497
F114_4	M1740_4	221	1298	698	898
F114_4	M2314_4	221	1250	1231	1551
F114_4	M2467_4	221	1263	1209	1513
F114_4	M2551_4	221	1239	1179	1482
F114_4	M575_4	221	1273	1135	1466
F1623_4	F1127_4	221	1260	265	612
F1623_4	F114_4	221	1220	274	615
F1623_4	F1675_4	221	1192	211	498
F1623_4	F2214_4	221	1304	485	1056
F1623_4	F2250_4	221	1345	210	512
F1623_4	F2263_4	221	1243	50	122
F1623_4	F229_4	221	1248	521	1140
F1623_4	F370_4	221	1311	158	348
F1623_4	M1740_4	221	1266	69	163
F1623_4	M2314_4	221	1452	1045	2402
F1623_4	M2467_4	221	1240	564	1271
F1623_4	M2551_4	221	1238	594	1312
F1623_4	M575_4	221	1070	264	587
F1675_4	F1127_4	221	1410	1240	2492
F1675_4	F114_4	221	1207	1080	2173
F1675_4	F1623_4	221	1192	1113	2212
F1675_4	F2214_4	221	1219	1136	2253
F1675_4	F2250_4	221	1265	1036	2060
F1675_4	F2263_4	221	1250	766	1544
F1675_4	F229_4	221	1255	1181	2404
F1675_4	F370_4	221	1265	1012	2027
F1675_4	M1740_4	221	1309	755	1558
F1675_4	M2314_4	221	1304	1284	2602
F1675_4	M2467_4	221	1291	1244	2457
F1675_4	M2551_4	221	1320	1257	2483
F1675_4	M575_4	221	1313	1176	2364
F2214_4	F1127_4	221	1173	119	119
F2214_4	F114_4	221	1397	164	164
F2214_4	F1623_4	221	1304	192	192
F2214_4	F1675_4	221	1219	96	96
F2214_4	F2250_4	221	1314	89	89
F2214_4	F2263_4	221	1404	36	36
F2214_4	F229_4	221	1253	279	279
F2214_4	F370_4	221	1355	66	66
F2214_4	M1740_4	221	1352	28	28
F2214_4	M2314_4	221	1115	577	577
F2214_4	M2467_4	221	1369	341	341
F2214_4	M2551_4	221	1358	359	359
F2214_4	M575_4	221	1118	128	128
F2250_4	F1127_4	221	1268	674	674
F2250_4	F114_4	221	1297	664	664
F2250_4	F1623_4	221	1345	825	825
F2250_4	F1675_4	221	1265	575	575
F2250_4	F2214_4	221	1314	913	913
F2250_4	F2263_4	221	1235	212	212
F2250_4	F229_4	221	1349	962	962
F2250_4	F370_4	221	1253	460	460
F2250_4	M1740_4	221	1210	176	176
F2250_4	M2314_4	221	1225	1099	1099
F2250_4	M2467_4	221	1287	992	992
F2250_4	M2551_4	221	1335	1014	1014
F2250_4	M575_4	221	1380	824	824
F2263_4	F1127_4	221	1243	873	2742
F2263_4	F114_4	221	1356	950	3010
F2263_4	F1623_4	221	1243	975	3094
F2263_4	F1675_4	221	1250	823	2487
F2263_4	F2214_4	221	1404	1180	3688
F2263_4	F2250_4	221	1235	769	2430
F2263_4	F229_4	221	1249	1089	3377
F2263_4	F370_4	221	1302	790	2457
F2263_4	M1740_4	221	1250	380	1196
F2263_4	M2314_4	221	1265	1214	3791
F2263_4	M2467_4	221	1170	1032	3247
F2263_4	M2551_4	221	1193	1054	3236
F2263_4	M575_4	221	1246	957	2985
F229_4	F1127_4	221	1195	801	801
F229_4	F114_4	221	1325	893	893
F229_4	F1623_4	221	1248	955	955
F229_4	F1675_4	221	1255	818	818
F229_4	F2214_4	221	1253	1028	1028
F229_4	F2250_4	221	1349	787	787
F229_4	F2263_4	221	1249	388	388
F229_4	F370_4	221	1415	767	767
F229_4	M1740_4	221	1164	334	334
F229_4	M2314_4	221	1213	1150	1150
F229_4	M2467_4	221	1432	1270	1270
F229_4	M2551_4	221	1223	1073	1073
F229_4	M575_4	221	1226	879	879
F370_4	F1127_4	221	1167	164	331
F370_4	F114_4	221	1525	238	488
F370_4	F1623_4	221	1311	265	542
F370_4	F1675_4	221	1265	161	361
F370_4	F2214_4	221	1355	368	820
F370_4	F2250_4	221	1253	119	261
F370_4	F2263_4	221	1302	43	100
F370_4	F229_4	221	1415	463	1000
F370_4	M1740_4	221	1300	35	79
F370_4	M2314_4	221	1352	838	1749
F370_4	M2467_4	221	1345	471	989
F370_4	M2551_4	221	1339	479	1021
F370_4	M575_4	221	1201	177	400
M1740_4	F1127_4	221	1268	273	869
M1740_4	F114_4	221	1298	296	956
M1740_4	F1623_4	221	1266	387	1215
M1740_4	F1675_4	221	1309	240	768
M1740_4	F2214_4	221	1352	514	1652
M1740_4	F2250_4	221	1210	180	568
M1740_4	F2263_4	221	1250	58	171
M1740_4	F229_4	221	1164	482	1486
M1740_4	F370_4	221	1300	173	520
M1740_4	M2314_4	221	1129	764	2414
M1740_4	M2467_4	221	1191	521	1669
M1740_4	M2551_4	221	1230	551	1721
M1740_4	M575_4	221	1164	288	885
M2314_4	F1127_4	221	1146	836	836
M2314_4	F114_4	221	1250	915	915
M2314_4	F1623_4	221	1452	1173	1173
M2314_4	F1675_4	221	1304	884	884
M2314_4	F2214_4	221	1115	942	942
M2314_4	F2250_4	221	1225	782	782
M2314_4	F2263_4	221	1265	431	431
M2314_4	F229_4	221	1213	1070	1070
M2314_4	F370_4	221	1352	777	777
M2314_4	M1740_4	221	1129	372	372
M2314_4	M2467_4	221	1221	1096	1096
M2314_4	M2551_4	221	1305	1180	1180
M2314_4	M575_4	221	1292	1009	1009
M2467_4	F1127_4	221	1147	56	56
M2467_4	F114_4	221	1263	56	56
M2467_4	F1623_4	221	1240	91	91
M2467_4	F1675_4	221	1291	53	53
M2467_4	F2214_4	221	1369	129	129
M2467_4	F2250_4	221	1287	32	32
M2467_4	F2263_4	221	1170	16	16
M2467_4	F229_4	221	1432	169	169
M2467_4	F370_4	221	1345	38	38
M2467_4	M1740_4	221	1191	8	8
M2467_4	M2314_4	221	1221	390	390
M2467_4	M2551_4	221	1290	158	158
M2467_4	M575_4	221	1295	64	64
M2551_4	F1127_4	221	1193	1141	1141
M2551_4	F114_4	221	1239	1178	1178
M2551_4	F1623_4	221	1238	1200	1200
M2551_4	F1675_4	221	1320	1241	1241
M2551_4	F2214_4	221	1358	1318	1318
M2551_4	F2250_4	221	1335	1237	1237
M2551_4	F2263_4	221	1193	939	939
M2551_4	F229_4	221	1223	1201	1201
M2551_4	F370_4	221	1339	1221	1221
M2551_4	M1740_4	221	1230	973	973
M2551_4	M2314_4	221	1305	1300	1300
M2551_4	M2467_4	221	1290	1265	1265
M2551_4	M575_4	221	1241	1204	1204
M575_4	F1127_4	221	1239	98	98
M575_4	F114_4	221	1273	108	108
M575_4	F1623_4	221	1070	128	128
M575_4	F1675_4	221	1313	106	106
M575_4	F2214_4	221	1118	214	214
M575_4	F2250_4	221	1380	74	74
M575_4	F2263_4	221	1246	18	18
M575_4	F229_4	221	1226	277	277
M575_4	F370_4	221	1201	69	69
M575_4	M1740_4	221	1164	24	24
M575_4	M2314_4	221	1292	613	613
M575_4	M2467_4	221	1295	303	303
M575_4	M2551_4	221	1241	288	288
F1824_4	F2232_4	222	1303	1087	3920
F1824_4	F2616_4	222	1235	434	1593
F1824_4	F567_4	222	1282	605	2148
F1824_4	F650_4	222	1281	1080	3844
F1824_4	F720_4	222	1207	669	2408
F1824_4	F779_4	222	1207	115	426
F1824_4	M1314_4	222	1209	131	464
F1824_4	M1802_4	222	1231	586	2096
F1824_4	M1803_4	222	1273	559	2006
F1824_4	M1924_4	222	1222	86	305
F1824_4	M2011_4	222	1301	1124	4126
F1824_4	M2765_4	222	1225	599	2128
F1824_4	M765_4	222	1265	1193	4301
F2232_4	F1824_4	222	1303	243	243
F2232_4	F2616_4	222	1340	159	159
F2232_4	F567_4	222	1124	209	209
F2232_4	F650_4	222	1170	627	627
F2232_4	F720_4	222	1239	285	285
F2232_4	F779_4	222	1156	31	31
F2232_4	M1314_4	222	1238	48	48
F2232_4	M1802_4	222	1308	236	236
F2232_4	M1803_4	222	1245	201	201
F2232_4	M1924_4	222	1308	26	26
F2232_4	M2011_4	222	1200	735	735
F2232_4	M2765_4	222	1253	248	248
F2232_4	M765_4	222	1140	890	890
F2616_4	F1824_4	222	1235	61	163
F2616_4	F2232_4	222	1340	259	686
F2616_4	F567_4	222	1264	58	146
F2616_4	F650_4	222	1231	237	643
F2616_4	F720_4	222	1335	78	195
F2616_4	F779_4	222	1269	6	15
F2616_4	M1314_4	222	1293	10	24
F2616_4	M1802_4	222	1296	59	162
F2616_4	M1803_4	222	1365	57	151
F2616_4	M1924_4	222	1299	2	2
F2616_4	M2011_4	222	1319	341	895
F2616_4	M2765_4	222	1215	59	168
F2616_4	M765_4	222	1333	540	1422
F567_4	F1824_4	222	1282	74	124
F567_4	F2232_4	222	1124	321	574
F567_4	F2616_4	222	1264	55	101
F567_4	F650_4	222	1108	303	569
F567_4	F720_4	222	1313	127	245
F567_4	F779_4	222	1220	9	16
F567_4	M1314_4	222	1352	13	27
F567_4	M1802_4	222	1184	81	155
F567_4	M1803_4	222	1217	72	127
F567_4	M1924_4	222	1162	4	8
F567_4	M2011_4	222	1305	428	808
F567_4	M2765_4	222	1310	85	161
F567_4	M765_4	222	1219	629	1222
F650_4	F1824_4	222	1281	528	528
F650_4	F2232_4	222	1170	964	964
F650_4	F2616_4	222	1231	359	359
F650_4	F567_4	222	1108	468	468
F650_4	F720_4	222	1169	624	624
F650_4	F779_4	222	1298	118	118
F650_4	M1314_4	222	1140	131	131
F650_4	M1802_4	222	1311	535	535
F650_4	M1803_4	222	1138	474	474
F650_4	M1924_4	222	1272	71	71
F650_4	M2011_4	222	1226	1032	1032
F650_4	M2765_4	222	1263	556	556
F650_4	M765_4	222	1159	1049	1049
F720_4	F1824_4	222	1207	970	970
F720_4	F2232_4	222	1239	1172	1172
F720_4	F2616_4	222	1335	907	907
F720_4	F567_4	222	1313	1047	1047
F720_4	F650_4	222	1169	1111	1111
F720_4	F779_4	222	1231	422	422
F720_4	M1314_4	222	1235	430	430
F720_4	M1802_4	222	1113	868	868
F720_4	M1803_4	222	1223	950	950
F720_4	M1924_4	222	1297	302	302
F720_4	M2011_4	222	1328	1284	1284
F720_4	M2765_4	222	1189	959	959
F720_4	M765_4	222	1119	1095	1095
F779_4	F1824_4	222	1207	37	109
F779_4	F2232_4	222	1156	201	566
F779_4	F2616_4	222	1269	15	48
F779_4	F567_4	222	1220	40	98
F779_4	F650_4	222	1298	230	617
F779_4	F720_4	222	1231	66	200
F779_4	M1314_4	222	1170	3	10
F779_4	M1802_4	222	1259	52	145
F779_4	M1803_4	222	1179	37	116
F779_4	M1924_4	222	1212	3	7
F779_4	M2011_4	222	1230	283	761
F779_4	M2765_4	222	1326	40	108
F779_4	M765_4	222	1172	449	1241
M1314_4	F1824_4	222	1209	732	732
M1314_4	F2232_4	222	1238	1111	1111
M1314_4	F2616_4	222	1293	595	595
M1314_4	F567_4	222	1352	793	793
M1314_4	F650_4	222	1140	1023	1023
M1314_4	F720_4	222	1235	874	874
M1314_4	F779_4	222	1170	190	190
M1314_4	M1802_4	222	1357	843	843
M1314_4	M1803_4	222	1314	776	776
M1314_4	M1924_4	222	1233	108	108
M1314_4	M2011_4	222	1181	1097	1097
M1314_4	M2765_4	222	1216	750	750
M1314_4	M765_4	222	1227	1179	1179
M1802_4	F1824_4	222	1231	348	348
M1802_4	F2232_4	222	1308	923	923
M1802_4	F2616_4	222	1296	215	215
M1802_4	F567_4	222	1184	339	339
M1802_4	F650_4	222	1311	930	930
M1802_4	F720_4	222	1113	422	422
M1802_4	F779_4	222	1259	74	74
M1802_4	M1314_4	222	1357	74	74
M1802_4	M1803_4	222	1314	355	355
M1802_4	M1924_4	222	1155	33	33
M1802_4	M2011_4	222	1278	953	953
M1802_4	M2765_4	222	1308	406	406
M1802_4	M765_4	222	1136	985	985
M1803_4	F1824_4	222	1273	302	302
M1803_4	F2232_4	222	1245	793	793
M1803_4	F2616_4	222	1365	209	209
M1803_4	F567_4	222	1217	281	281
M1803_4	F650_4	222	1138	726	726
M1803_4	F720_4	222	1223	369	369
M1803_4	F779_4	222	1179	43	43
M1803_4	M1314_4	222	1314	74	74
M1803_4	M1802_4	222	1314	294	294
M1803_4	M1924_4	222	1176	22	22
M1803_4	M2011_4	222	1365	960	960
M1803_4	M2765_4	222	1260	293	293
M1803_4	M765_4	222	1319	1094	1094
M1924_4	F1824_4	222	1222	202	202
M1924_4	F2232_4	222	1308	742	742
M1924_4	F2616_4	222	1299	133	133
M1924_4	F567_4	222	1162	200	200
M1924_4	F650_4	222	1272	701	701
M1924_4	F720_4	222	1297	323	323
M1924_4	F779_4	222	1212	24	24
M1924_4	M1314_4	222	1233	35	35
M1924_4	M1802_4	222	1155	221	221
M1924_4	M1803_4	222	1176	195	195
M1924_4	M2011_4	222	1150	728	728
M1924_4	M2765_4	222	1406	272	272
M1924_4	M765_4	222	1329	1032	1032
M2011_4	F1824_4	222	1301	633	832
M2011_4	F2232_4	222	1200	1011	1347
M2011_4	F2616_4	222	1319	486	639
M2011_4	F567_4	222	1305	581	758
M2011_4	F650_4	222	1226	1031	1359
M2011_4	F720_4	222	1328	748	990
M2011_4	F779_4	222	1230	128	174
M2011_4	M1314_4	222	1181	126	159
M2011_4	M1802_4	222	1278	604	774
M2011_4	M1803_4	222	1365	644	845
M2011_4	M1924_4	222	1150	70	84
M2011_4	M2765_4	222	1085	536	708
M2011_4	M765_4	222	1236	1142	1512
M2765_4	F1824_4	222	1225	72	280
M2765_4	F2232_4	222	1253	366	1468
M2765_4	F2616_4	222	1215	35	130
M2765_4	F567_4	222	1310	71	285
M2765_4	F650_4	222	1263	352	1379
M2765_4	F720_4	222	1189	91	369
M2765_4	F779_4	222	1326	17	72
M2765_4	M1314_4	222	1216	10	43
M2765_4	M1802_4	222	1308	99	405
M2765_4	M1803_4	222	1260	67	278
M2765_4	M1924_4	222	1406	5	19
M2765_4	M2011_4	222	1085	391	1533
M2765_4	M765_4	222	1232	642	2553
M765_4	F1824_4	222	1265	52	52
M765_4	F2232_4	222	1140	246	246
M765_4	F2616_4	222	1333	29	29
M765_4	F567_4	222	1219	53	53
M765_4	F650_4	222	1159	255	255
M765_4	F720_4	222	1119	76	76
M765_4	F779_4	222	1172	12	12
M765_4	M1314_4	222	1227	6	6
M765_4	M1802_4	222	1136	40	40
M765_4	M1803_4	222	1319	51	51
M765_4	M1924_4	222	1329	3	3
M765_4	M2011_4	222	1236	297	297
M765_4	M2765_4	222	1232	59	59
F1096_4	F1571_4	223	1237	442	648
F1096_4	F1650_4	223	1158	313	461
F1096_4	F166_4	223	1220	577	837
F1096_4	F2212_4	223	1173	242	335
F1096_4	F304_4	223	1226	209	301
F1096_4	F375_4	223	1185	65	102
F1096_4	F473_4	223	1136	993	1424
F1096_4	F485_4	223	1140	267	382
F1096_4	F98_4	223	1251	262	365
F1096_4	M2065_4	223	1288	578	849
F1096_4	M2454_4	223	1383	185	269
F1096_4	M2588_4	223	1285	321	473
F1096_4	M2648_4	223	1165	118	175
F1571_4	F1096_4	223	1237	833	2354
F1571_4	F1650_4	223	1220	930	2628
F1571_4	F166_4	223	1313	1173	3287
F1571_4	F2212_4	223	1199	827	2347
F1571_4	F304_4	223	1363	939	2657
F1571_4	F375_4	223	1267	486	1396
F1571_4	F473_4	223	1248	1231	3386
F1571_4	F485_4	223	1163	842	2370
F1571_4	F98_4	223	1198	833	2334
F1571_4	M2065_4	223	1270	1107	3067
F1571_4	M2454_4	223	1269	753	2095
F1571_4	M2588_4	223	1310	1035	2993
F1571_4	M2648_4	223	1278	605	1720
F1650_4	F1096_4	223	1158	969	1362
F1650_4	F1571_4	223	1220	1134	1594
F1650_4	F166_4	223	1299	1241	1780
F1650_4	F2212_4	223	1120	962	1362
F1650_4	F304_4	223	1293	1086	1497
F1650_4	F375_4	223	1300	727	1019
F1650_4	F473_4	223	1247	1238	1718
F1650_4	F485_4	223	1199	1035	1453
F1650_4	F98_4	223	1303	1120	1575
F1650_4	M2065_4	223	1172	1109	1567
F1650_4	M2454_4	223	1279	1012	1443
F1650_4	M2588_4	223	1288	1165	1645
F1650_4	M2648_4	223	1204	823	1154
F166_4	F1096_4	223	1220	60	60
F166_4	F1571_4	223	1313	178	178
F166_4	F1650_4	223	1299	117	117
F166_4	F2212_4	223	1192	80	80
F166_4	F304_4	223	1251	68	68
F166_4	F375_4	223	1388	26	26
F166_4	F473_4	223	1322	877	877
F166_4	F485_4	223	1200	90	90
F166_4	F98_4	223	1222	95	95
F166_4	M2065_4	223	1158	223	223
F166_4	M2454_4	223	1295	51	51
F166_4	M2588_4	223	1290	116	116
F166_4	M2648_4	223	1381	34	34
F2212_4	F1096_4	223	1173	331	331
F2212_4	F1571_4	223	1199	597	597
F2212_4	F1650_4	223	1120	424	424
F2212_4	F166_4	223	1192	726	726
F2212_4	F304_4	223	1290	410	410
F2212_4	F375_4	223	1363	135	135
F2212_4	F473_4	223	1228	1140	1140
F2212_4	F485_4	223	1096	389	389
F2212_4	F98_4	223	1403	444	444
F2212_4	M2065_4	223	1232	743	743
F2212_4	M2454_4	223	1291	285	285
F2212_4	M2588_4	223	1398	583	583
F2212_4	M2648_4	223	1270	202	202
F304_4	F1096_4	223	1226	70	70
F304_4	F1571_4	223	1363	205	205
F304_4	F1650_4	223	1293	124	124
F304_4	F166_4	223	1251	286	286
F304_4	F2212_4	223	1290	97	97
F304_4	F375_4	223	1287	19	19
F304_4	F473_4	223	1347	996	996
F304_4	F485_4	223	1244	131	131
F304_4	F98_4	223	1255	113	113
F304_4	M2065_4	223	1205	243	243
F304_4	M2454_4	223	1170	54	54
F304_4	M2588_4	223	1264	130	130
F304_4	M2648_4	223	1253	47	47
F375_4	F1096_4	223	1185	176	472
F375_4	F1571_4	223	1267	426	1279
F375_4	F1650_4	223	1300	313	902
F375_4	F166_4	223	1388	658	1943
F375_4	F2212_4	223	1363	239	696
F375_4	F304_4	223	1287	210	621
F375_4	F473_4	223	1229	1083	3236
F375_4	F485_4	223	1377	283	852
F375_4	F98_4	223	1265	238	731
F375_4	M2065_4	223	1154	481	1431
F375_4	M2454_4	223	1274	145	425
F375_4	M2588_4	223	1179	351	1040
F375_4	M2648_4	223	1336	118	362
F473_4	F1096_4	223	1136	620	620
F473_4	F1571_4	223	1248	932	932
F473_4	F1650_4	223	1247	799	799
F473_4	F166_4	223	1322	1118	1118
F473_4	F2212_4	223	1228	688	688
F473_4	F304_4	223	1347	711	711
F473_4	F375_4	223	1229	303	303
F473_4	F485_4	223	1390	830	830
F473_4	F98_4	223	1134	662	662
F473_4	M2065_4	223	1291	1037	1037
F473_4	M2454_4	223	1322	612	612
F473_4	M2588_4	223	1189	813	813
F473_4	M2648_4	223	1326	451	451
F485_4	F1096_4	223	1140	534	1318
F485_4	F1571_4	223	1163	808	2031
F485_4	F1650_4	223	1199	734	1818
F485_4	F166_4	223	1200	946	2376
F485_4	F2212_4	223	1096	584	1403
F485_4	F304_4	223	1244	603	1498
F485_4	F375_4	223	1377	299	772
F485_4	F473_4	223	1390	1354	3366
F485_4	F98_4	223	1194	650	1663
F485_4	M2065_4	223	1279	994	2450
F485_4	M2454_4	223	1300	542	1393
F485_4	M2588_4	223	1282	806	2009
F485_4	M2648_4	223	1266	370	955
F98_4	F1096_4	223	1251	329	329
F98_4	F1571_4	223	1198	526	526
F98_4	F1650_4	223	1303	430	430
F98_4	F166_4	223	1222	730	730
F98_4	F2212_4	223	1403	384	384
F98_4	F304_4	223	1255	296	296
F98_4	F375_4	223	1265	87	87
F98_4	F473_4	223	1134	1066	1066
F98_4	F485_4	223	1194	371	371
F98_4	M2065_4	223	1284	687	687
F98_4	M2454_4	223	1170	217	217
F98_4	M2588_4	223	1497	519	519
F98_4	M2648_4	223	1132	152	152
M2065_4	F1096_4	223	1288	943	943
M2065_4	F1571_4	223	1270	1115	1115
M2065_4	F1650_4	223	1172	951	951
M2065_4	F166_4	223	1158	1062	1062
M2065_4	F2212_4	223	1232	914	914
M2065_4	F304_4	223	1205	868	868
M2065_4	F375_4	223	1154	496	496
M2065_4	F473_4	223	1291	1276	1276
M2065_4	F485_4	223	1279	964	964
M2065_4	F98_4	223	1284	1011	1011
M2065_4	M2454_4	223	1207	811	811
M2065_4	M2588_4	223	1249	1041	1041
M2065_4	M2648_4	223	1232	685	685
M2454_4	F1096_4	223	1383	955	2664
M2454_4	F1571_4	223	1269	1095	3160
M2454_4	F1650_4	223	1279	1024	2906
M2454_4	F166_4	223	1295	1160	3261
M2454_4	F2212_4	223	1291	910	2604
M2454_4	F304_4	223	1170	804	2284
M2454_4	F375_4	223	1274	543	1517
M2454_4	F473_4	223	1322	1306	3687
M2454_4	F485_4	223	1300	984	2825
M2454_4	F98_4	223	1170	853	2402
M2454_4	M2065_4	223	1207	1098	3091
M2454_4	M2588_4	223	1329	1075	2980
M2454_4	M2648_4	223	1198	622	1784
M2588_4	F1096_4	223	1285	645	645
M2588_4	F1571_4	223	1310	941	941
M2588_4	F1650_4	223	1288	783	783
M2588_4	F166_4	223	1290	1042	1042
M2588_4	F2212_4	223	1398	768	768
M2588_4	F304_4	223	1264	688	688
M2588_4	F375_4	223	1179	253	253
M2588_4	F473_4	223	1189	1151	1151
M2588_4	F485_4	223	1282	737	737
M2588_4	F98_4	223	1497	832	832
M2588_4	M2065_4	223	1249	985	985
M2588_4	M2454_4	223	1329	558	558
M2588_4	M2648_4	223	1191	412	412
M2648_4	F1096_4	223	1165	552	552
M2648_4	F1571_4	223	1278	889	889
M2648_4	F1650_4	223	1204	733	733
M2648_4	F166_4	223	1381	1108	1108
M2648_4	F2212_4	223	1270	649	649
M2648_4	F304_4	223	1253	597	597
M2648_4	F375_4	223	1336	296	296
M2648_4	F473_4	223	1326	1285	1285
M2648_4	F485_4	223	1266	744	744
M2648_4	F98_4	223	1132	626	626
M2648_4	M2065_4	223	1232	959	959
M2648_4	M2454_4	223	1198	468	468
M2648_4	M2588_4	223	1191	760	760
F194_4	F2069_4	224	1336	206	364
F194_4	F2175_4	224	1292	175	338
F194_4	F2749_4	224	1181	663	1232
F194_4	F706_4	224	1273	756	1426
F194_4	F995_4	224	1316	324	593
F194_4	M1835_4	224	1314	100	184
F194_4	M2073_4	224	1296	99	190
F194_4	M2424_4	224	1215	261	472
F194_4	M2503_4	224	1335	259	451
F194_4	M354_4	224	1343	65	123
F194_4	M359_4	224	1325	852	1546
F194_4	M519_4	224	1195	54	102
F194_4	M849_4	224	1227	244	467
F2069_4	F194_4	224	1336	206	206
F2069_4	F2175_4	224	1264	392	392
F2069_4	F2749_4	224	1146	882	882
F2069_4	F706_4	224	1199	969	969
F2069_4	F995_4	224	1349	594	594
F2069_4	M1835_4	224	1414	228	228
F2069_4	M2073_4	224	1269	246	246
F2069_4	M2424_4	224	1195	501	501
F2069_4	M2503_4	224	1189	469	469
F2069_4	M354_4	224	1109	132	132
F2069_4	M359_4	224	1213	1007	1007
F2069_4	M519_4	224	1260	192	192
F2069_4	M849_4	224	1286	543	543
F2175_4	F194_4	224	1292	240	240
F2175_4	F2069_4	224	1264	490	490
F2175_4	F2749_4	224	1271	1036	1036
F2175_4	F706_4	224	1308	1104	1104
F2175_4	F995_4	224	1186	634	634
F2175_4	M1835_4	224	1290	253	253
F2175_4	M2073_4	224	1249	279	279
F2175_4	M2424_4	224	1306	631	631
F2175_4	M2503_4	224	1335	583	583
F2175_4	M354_4	224	1340	180	180
F2175_4	M359_4	224	1274	1107	1107
F2175_4	M519_4	224	1084	204	204
F2175_4	M849_4	224	1230	574	574
F2749_4	F194_4	224	1181	187	187
F2749_4	F2069_4	224	1146	372	372
F2749_4	F2175_4	224	1271	388	388
F2749_4	F706_4	224	1253	1028	1028
F2749_4	F995_4	224	1277	623	623
F2749_4	M1835_4	224	1204	191	191
F2749_4	M2073_4	224	1307	253	253
F2749_4	M2424_4	224	1253	523	523
F2749_4	M2503_4	224	1384	524	524
F2749_4	M354_4	224	1432	176	176
F2749_4	M359_4	224	1188	1003	1003
F2749_4	M519_4	224	1182	183	183
F2749_4	M849_4	224	1268	515	515
F706_4	F194_4	224	1273	516	516
F706_4	F2069_4	224	1199	755	755
F706_4	F2175_4	224	1308	813	813
F706_4	F2749_4	224	1253	1175	1175
F706_4	F995_4	224	1241	936	936
F706_4	M1835_4	224	1275	527	527
F706_4	M2073_4	224	1139	554	554
F706_4	M2424_4	224	1285	958	958
F706_4	M2503_4	224	1244	894	894
F706_4	M354_4	224	1265	474	474
F706_4	M359_4	224	1345	1267	1267
F706_4	M519_4	224	1481	573	573
F706_4	M849_4	224	1203	900	900
F995_4	F194_4	224	1316	561	561
F995_4	F2069_4	224	1349	906	906
F995_4	F2175_4	224	1186	744	744
F995_4	F2749_4	224	1277	1187	1187
F995_4	F706_4	224	1241	1160	1160
F995_4	M1835_4	224	1091	461	461
F995_4	M2073_4	224	1315	633	633
F995_4	M2424_4	224	1168	882	882
F995_4	M2503_4	224	1225	895	895
F995_4	M354_4	224	1187	388	388
F995_4	M359_4	224	1274	1208	1208
F995_4	M519_4	224	1207	494	494
F995_4	M849_4	224	1219	912	912
M1835_4	F194_4	224	1314	491	491
M1835_4	F2069_4	224	1414	885	885
M1835_4	F2175_4	224	1290	798	798
M1835_4	F2749_4	224	1204	1092	1092
M1835_4	F706_4	224	1275	1189	1189
M1835_4	F995_4	224	1091	807	807
M1835_4	M2073_4	224	1129	542	542
M1835_4	M2424_4	224	1398	997	997
M1835_4	M2503_4	224	1266	850	850
M1835_4	M354_4	224	1253	377	377
M1835_4	M359_4	224	1171	1120	1120
M1835_4	M519_4	224	1061	358	358
M1835_4	M849_4	224	1265	899	899
M2073_4	F194_4	224	1296	842	3814
M2073_4	F2069_4	224	1269	1054	4766
M2073_4	F2175_4	224	1249	1029	4664
M2073_4	F2749_4	224	1307	1268	5762
M2073_4	F706_4	224	1139	1101	4992
M2073_4	F995_4	224	1315	1195	5441
M2073_4	M1835_4	224	1129	756	3471
M2073_4	M2424_4	224	1164	1045	4637
M2073_4	M2503_4	224	1329	1166	5181
M2073_4	M354_4	224	1346	808	3657
M2073_4	M359_4	224	1285	1259	5704
M2073_4	M519_4	224	1227	773	3482
M2073_4	M849_4	224	1165	1026	4594
M2424_4	F194_4	224	1215	214	214
M2424_4	F2069_4	224	1195	468	468
M2424_4	F2175_4	224	1306	440	440
M2424_4	F2749_4	224	1253	999	999
M2424_4	F706_4	224	1285	1054	1054
M2424_4	F995_4	224	1168	568	568
M2424_4	M1835_4	224	1398	259	259
M2424_4	M2073_4	224	1164	264	264
M2424_4	M2503_4	224	1229	546	546
M2424_4	M354_4	224	1129	152	152
M2424_4	M359_4	224	1312	1120	1120
M2424_4	M519_4	224	1428	218	218
M2424_4	M849_4	224	1205	567	567
M2503_4	F194_4	224	1335	64	104
M2503_4	F2069_4	224	1189	161	253
M2503_4	F2175_4	224	1335	167	267
M2503_4	F2749_4	224	1384	692	1070
M2503_4	F706_4	224	1244	696	1007
M2503_4	F995_4	224	1225	231	360
M2503_4	M1835_4	224	1266	56	73
M2503_4	M2073_4	224	1329	82	128
M2503_4	M2424_4	224	1229	224	328
M2503_4	M354_4	224	1183	45	71
M2503_4	M359_4	224	1171	695	1039
M2503_4	M519_4	224	1147	61	92
M2503_4	M849_4	224	1224	215	311
M354_4	F194_4	224	1343	117	158
M354_4	F2069_4	224	1109	207	278
M354_4	F2175_4	224	1340	256	353
M354_4	F2749_4	224	1432	898	1223
M354_4	F706_4	224	1265	836	1073
M354_4	F995_4	224	1187	336	446
M354_4	M1835_4	224	1253	105	136
M354_4	M2073_4	224	1346	141	191
M354_4	M2424_4	224	1129	294	382
M354_4	M2503_4	224	1183	259	349
M354_4	M359_4	224	1145	798	1053
M354_4	M519_4	224	1206	96	128
M354_4	M849_4	224	1105	285	380
M359_4	F194_4	224	1325	807	807
M359_4	F2069_4	224	1213	988	988
M359_4	F2175_4	224	1274	1003	1003
M359_4	F2749_4	224	1188	1149	1149
M359_4	F706_4	224	1345	1301	1301
M359_4	F995_4	224	1274	1107	1107
M359_4	M1835_4	224	1171	688	688
M359_4	M2073_4	224	1285	868	868
M359_4	M2424_4	224	1312	1135	1135
M359_4	M2503_4	224	1171	987	987
M359_4	M354_4	224	1145	606	606
M359_4	M519_4	224	1322	799	799
M359_4	M849_4	224	1264	1070	1070
M519_4	F194_4	224	1195	140	140
M519_4	F2069_4	224	1260	364	364
M519_4	F2175_4	224	1084	260	260
M519_4	F2749_4	224	1182	875	875
M519_4	F706_4	224	1481	1105	1105
M519_4	F995_4	224	1207	477	477
M519_4	M1835_4	224	1061	134	134
M519_4	M2073_4	224	1227	196	196
M519_4	M2424_4	224	1428	507	507
M519_4	M2503_4	224	1147	389	389
M519_4	M354_4	224	1206	126	126
M519_4	M359_4	224	1322	1056	1056
M519_4	M849_4	224	1304	455	455
M849_4	F194_4	224	1227	862	862
M849_4	F2069_4	224	1286	1122	1122
M849_4	F2175_4	224	1230	1062	1062
M849_4	F2749_4	224	1268	1230	1230
M849_4	F706_4	224	1203	1181	1181
M849_4	F995_4	224	1219	1110	1110
M849_4	M1835_4	224	1265	911	911
M849_4	M2073_4	224	1165	896	896
M849_4	M2424_4	224	1205	1066	1066
M849_4	M2503_4	224	1224	1075	1075
M849_4	M354_4	224	1105	732	732
M849_4	M359_4	224	1264	1246	1246
M849_4	M519_4	224	1304	881	881
F1101_4	F151_4	225	1280	372	1046
F1101_4	F1833_4	225	1321	66	191
F1101_4	F2325_4	225	1199	559	1648
F1101_4	F2386_4	225	1236	84	271
F1101_4	F270_4	225	1418	660	1932
F1101_4	F2733_4	225	1143	430	1272
F1101_4	F2761_4	225	1270	231	661
F1101_4	M167_4	225	1283	294	848
F1101_4	M1729_4	225	1335	583	1729
F1101_4	M2269_4	225	1295	380	1110
F1101_4	M367_4	225	1295	343	1051
F1101_4	M715_4	225	1190	218	634
F1101_4	M912_4	225	1300	513	1535
F151_4	F1101_4	225	1280	114	274
F151_4	F1833_4	225	1206	68	170
F151_4	F2325_4	225	1318	682	1779
F151_4	F2386_4	225	1392	146	393
F151_4	F270_4	225	1269	666	1725
F151_4	F2733_4	225	1185	565	1487
F151_4	F2761_4	225	1253	301	756
F151_4	M167_4	225	1442	409	1065
F151_4	M1729_4	225	1277	663	1724
F151_4	M2269_4	225	1125	379	995
F151_4	M367_4	225	1170	377	983
F151_4	M715_4	225	1061	233	579
F151_4	M912_4	225	1220	569	1429
F1833_4	F1101_4	225	1321	32	32
F1833_4	F151_4	225	1206	148	148
F1833_4	F2325_4	225	1112	289	289
F1833_4	F2386_4	225	1128	28	28
F1833_4	F270_4	225	1221	312	312
F1833_4	F2733_4	225	1169	227	227
F1833_4	F2761_4	225	1224	106	106
F1833_4	M167_4	225	1337	158	158
F1833_4	M1729_4	225	1183	293	293
F1833_4	M2269_4	225	1185	156	156
F1833_4	M367_4	225	1194	133	133
F1833_4	M715_4	225	1348	81	81
F1833_4	M912_4	225	1328	250	250
F2325_4	F1101_4	225	1199	24	58
F2325_4	F151_4	225	1318	171	359
F2325_4	F1833_4	225	1112	20	48
F2325_4	F2386_4	225	1253	39	88
F2325_4	F270_4	225	1134	319	696
F2325_4	F2733_4	225	1195	226	547
F2325_4	F2761_4	225	1371	116	244
F2325_4	M167_4	225	1287	111	268
F2325_4	M1729_4	225	1147	250	573
F2325_4	M2269_4	225	1326	163	361
F2325_4	M367_4	225	1360	163	347
F2325_4	M715_4	225	1365	84	188
F2325_4	M912_4	225	1312	258	589
F2386_4	F1101_4	225	1236	203	211
F2386_4	F151_4	225	1392	779	824
F2386_4	F1833_4	225	1128	148	154
F2386_4	F2325_4	225	1253	945	994
F2386_4	F270_4	225	1265	957	1002
F2386_4	F2733_4	225	1360	892	939
F2386_4	F2761_4	225	1237	548	568
F2386_4	M167_4	225	1143	571	593
F2386_4	M1729_4	225	1321	1001	1052
F2386_4	M2269_4	225	1338	798	835
F2386_4	M367_4	225	1246	685	708
F2386_4	M715_4	225	1348	578	612
F2386_4	M912_4	225	1278	846	895
F270_4	F1101_4	225	1418	403	403
F270_4	F151_4	225	1269	863	863
F270_4	F1833_4	225	1221	266	266
F270_4	F2325_4	225	1134	928	928
F270_4	F2386_4	225	1265	380	380
F270_4	F2733_4	225	1301	998	998
F270_4	F2761_4	225	1387	778	778
F270_4	M167_4	225	1213	774	774
F270_4	M1729_4	225	1166	973	973
F270_4	M2269_4	225	1263	880	880
F270_4	M367_4	225	1285	872	872
F270_4	M715_4	225	1413	764	764
F270_4	M912_4	225	1258	966	966
F2733_4	F1101_4	225	1143	1044	1124
F2733_4	F151_4	225	1185	1162	1233
F2733_4	F1833_4	225	1169	1056	1156
F2733_4	F2325_4	225	1195	1187	1255
F2733_4	F2386_4	225	1360	1256	1322
F2733_4	F270_4	225	1301	1291	1376
F2733_4	F2761_4	225	1244	1216	1305
F2733_4	M167_4	225	1255	1224	1313
F2733_4	M1729_4	225	1323	1311	1382
F2733_4	M2269_4	225	1365	1344	1441
F2733_4	M367_4	225	1207	1189	1271
F2733_4	M715_4	225	1311	1274	1361
F2733_4	M912_4	225	1111	1102	1182
F2761_4	F1101_4	225	1270	272	272
F2761_4	F151_4	225	1253	781	781
F2761_4	F1833_4	225	1224	174	174
F2761_4	F2325_4	225	1371	1068	1068
F2761_4	F2386_4	225	1237	307	307
F2761_4	F270_4	225	1387	1103	1103
F2761_4	F2733_4	225	1244	884	884
F2761_4	M167_4	225	1314	710	710
F2761_4	M1729_4	225	1143	855	855
F2761_4	M2269_4	225	1261	795	795
F2761_4	M367_4	225	1267	779	779
F2761_4	M715_4	225	1305	624	624
F2761_4	M912_4	225	1215	897	897
M167_4	F1101_4	225	1283	27	27
M167_4	F151_4	225	1442	225	225
M167_4	F1833_4	225	1337	35	35
M167_4	F2325_4	225	1287	355	355
M167_4	F2386_4	225	1143	43	43
M167_4	F270_4	225	1213	346	346
M167_4	F2733_4	225	1255	243	243
M167_4	F2761_4	225	1314	145	145
M167_4	M1729_4	225	1277	339	339
M167_4	M2269_4	225	1122	160	160
M167_4	M367_4	225	1092	176	176
M167_4	M715_4	225	1216	100	100
M167_4	M912_4	225	1293	278	278
M1729_4	F1101_4	225	1335	873	1163
M1729_4	F151_4	225	1277	1180	1522
M1729_4	F1833_4	225	1183	632	823
M1729_4	F2325_4	225	1147	1085	1434
M1729_4	F2386_4	225	1321	871	1127
M1729_4	F270_4	225	1166	1114	1451
M1729_4	F2733_4	225	1323	1245	1594
M1729_4	F2761_4	225	1143	989	1305
M1729_4	M167_4	225	1277	1139	1492
M1729_4	M2269_4	225	1346	1236	1619
M1729_4	M367_4	225	1143	1035	1344
M1729_4	M715_4	225	1223	1058	1336
M1729_4	M912_4	225	1153	1100	1443
M2269_4	F1101_4	225	1295	827	1120
M2269_4	F151_4	225	1125	1036	1371
M2269_4	F1833_4	225	1185	659	907
M2269_4	F2325_4	225	1326	1263	1670
M2269_4	F2386_4	225	1338	880	1167
M2269_4	F270_4	225	1263	1223	1633
M2269_4	F2733_4	225	1365	1287	1728
M2269_4	F2761_4	225	1261	1069	1420
M2269_4	M167_4	225	1122	1009	1349
M2269_4	M1729_4	225	1346	1279	1716
M2269_4	M367_4	225	1409	1281	1710
M2269_4	M715_4	225	1227	1044	1378
M2269_4	M912_4	225	1189	1119	1530
M367_4	F1101_4	225	1295	913	1410
M367_4	F151_4	225	1170	1108	1682
M367_4	F1833_4	225	1194	765	1186
M367_4	F2325_4	225	1360	1312	2073
M367_4	F2386_4	225	1246	910	1376
M367_4	F270_4	225	1285	1258	1924
M367_4	F2733_4	225	1207	1157	1711
M367_4	F2761_4	225	1267	1150	1763
M367_4	M167_4	225	1092	997	1452
M367_4	M1729_4	225	1143	1111	1669
M367_4	M2269_4	225	1409	1330	2008
M367_4	M715_4	225	1316	1162	1791
M367_4	M912_4	225	1239	1185	1816
M715_4	F1101_4	225	1190	350	595
M715_4	F151_4	225	1061	752	1290
M715_4	F1833_4	225	1348	279	471
M715_4	F2325_4	225	1365	1173	1929
M715_4	F2386_4	225	1348	414	701
M715_4	F270_4	225	1413	1202	2017
M715_4	F2733_4	225	1311	1022	1701
M715_4	F2761_4	225	1305	758	1278
M715_4	M167_4	225	1216	791	1322
M715_4	M1729_4	225	1223	992	1669
M715_4	M2269_4	225	1227	874	1463
M715_4	M367_4	225	1316	913	1529
M715_4	M912_4	225	1346	1057	1799
M912_4	F1101_4	225	1300	89	173
M912_4	F151_4	225	1220	336	718
M912_4	F1833_4	225	1328	61	125
M912_4	F2325_4	225	1312	591	1263
M912_4	F2386_4	225	1278	102	211
M912_4	F270_4	225	1258	547	1109
M912_4	F2733_4	225	1111	408	900
M912_4	F2761_4	225	1215	210	461
M912_4	M167_4	225	1293	268	574
M912_4	M1729_4	225	1153	520	1118
M912_4	M2269_4	225	1189	303	657
M912_4	M367_4	225	1239	306	652
M912_4	M715_4	225	1346	222	463
F1460_4	F1853_4	226	1106	293	293
F1460_4	F216_4	226	1415	1346	1346
F1460_4	F2213_4	226	1217	163	163
F1460_4	F677_4	226	1248	640	640
F1460_4	M1354_4	226	1166	328	328
F1460_4	M154_4	226	1312	51	51
F1460_4	M1682_4	226	1281	255	255
F1460_4	M1685_4	226	1207	894	894
F1460_4	M2160_4	226	1162	221	221
F1460_4	M2211_4	226	1180	349	349
F1460_4	M373_4	226	1342	738	738
F1460_4	M778_4	226	1369	322	322
F1460_4	M878_4	226	1148	286	286
F1853_4	F1460_4	226	1106	75	128
F1853_4	F216_4	226	1270	989	1772
F1853_4	F2213_4	226	1220	27	48
F1853_4	F677_4	226	1228	218	388
F1853_4	M1354_4	226	1401	98	171
F1853_4	M154_4	226	1201	10	22
F1853_4	M1682_4	226	1190	63	117
F1853_4	M1685_4	226	1303	462	810
F1853_4	M2160_4	226	1223	56	102
F1853_4	M2211_4	226	1246	103	179
F1853_4	M373_4	226	1235	228	369
F1853_4	M778_4	226	1318	63	110
F1853_4	M878_4	226	1181	77	135
F216_4	F1460_4	226	1415	110	183
F216_4	F1853_4	226	1270	107	207
F216_4	F2213_4	226	1233	52	81
F216_4	F677_4	226	1264	227	362
F216_4	M1354_4	226	1209	84	142
F216_4	M154_4	226	1195	19	32
F216_4	M1682_4	226	1185	63	98
F216_4	M1685_4	226	1352	540	904
F216_4	M2160_4	226	1425	70	126
F216_4	M2211_4	226	1358	100	178
F216_4	M373_4	226	1287	250	420
F216_4	M778_4	226	1196	67	127
F216_4	M878_4	226	1184	93	162
F2213_4	F1460_4	226	1217	317	752
F2213_4	F1853_4	226	1220	316	800
F2213_4	F216_4	226	1233	1179	2845
F2213_4	F677_4	226	1314	666	1623
F2213_4	M1354_4	226	1376	346	875
F2213_4	M154_4	226	1269	62	163
F2213_4	M1682_4	226	1229	257	630
F2213_4	M1685_4	226	1292	944	2358
F2213_4	M2160_4	226	1274	240	583
F2213_4	M2211_4	226	1420	407	994
F2213_4	M373_4	226	1115	609	1480
F2213_4	M778_4	226	1216	241	577
F2213_4	M878_4	226	1364	347	847
F677_4	F1460_4	226	1248	411	411
F677_4	F1853_4	226	1228	448	448
F677_4	F216_4	226	1264	1224	1224
F677_4	F2213_4	226	1314	272	272
F677_4	M1354_4	226	1253	434	434
F677_4	M154_4	226	1248	73	73
F677_4	M1682_4	226	1212	318	318
F677_4	M1685_4	226	1261	1027	1027
F677_4	M2160_4	226	1263	324	324
F677_4	M2211_4	226	1192	451	451
F677_4	M373_4	226	1341	867	867
F677_4	M778_4	226	1264	372	372
F677_4	M878_4	226	1221	420	420
M1354_4	F1460_4	226	1166	155	155
M1354_4	F1853_4	226	1401	214	214
M1354_4	F216_4	226	1209	1087	1087
M1354_4	F2213_4	226	1376	105	105
M1354_4	F677_4	226	1253	423	423
M1354_4	M154_4	226	1385	32	32
M1354_4	M1682_4	226	1446	162	162
M1354_4	M1685_4	226	1343	820	820
M1354_4	M2160_4	226	1134	119	119
M1354_4	M2211_4	226	1368	233	233
M1354_4	M373_4	226	1343	521	521
M1354_4	M778_4	226	1319	169	169
M1354_4	M878_4	226	1164	178	178
M154_4	F1460_4	226	1312	24	45
M154_4	F1853_4	226	1201	18	45
M154_4	F216_4	226	1195	556	1170
M154_4	F2213_4	226	1269	8	14
M154_4	F677_4	226	1248	58	135
M154_4	M1354_4	226	1385	35	67
M154_4	M1682_4	226	1242	11	20
M154_4	M1685_4	226	1246	132	280
M154_4	M2160_4	226	1143	10	20
M154_4	M2211_4	226	1405	26	45
M154_4	M373_4	226	1385	70	152
M154_4	M778_4	226	1313	10	20
M154_4	M878_4	226	1261	21	43
M1682_4	F1460_4	226	1281	160	625
M1682_4	F1853_4	226	1190	141	601
M1682_4	F216_4	226	1185	1019	4427
M1682_4	F2213_4	226	1229	69	300
M1682_4	F677_4	226	1212	336	1451
M1682_4	M1354_4	226	1446	160	680
M1682_4	M154_4	226	1242	18	72
M1682_4	M1685_4	226	1280	621	2726
M1682_4	M2160_4	226	1269	93	372
M1682_4	M2211_4	226	1322	161	700
M1682_4	M373_4	226	1376	369	1566
M1682_4	M778_4	226	1243	103	425
M1682_4	M878_4	226	1329	167	736
M1685_4	F1460_4	226	1207	221	520
M1685_4	F1853_4	226	1303	235	554
M1685_4	F216_4	226	1352	1251	3074
M1685_4	F2213_4	226	1292	106	256
M1685_4	F677_4	226	1261	468	1136
M1685_4	M1354_4	226	1343	232	561
M1685_4	M154_4	226	1246	34	89
M1685_4	M1682_4	226	1280	160	394
M1685_4	M2160_4	226	1231	142	360
M1685_4	M2211_4	226	1255	250	626
M1685_4	M373_4	226	1215	508	1246
M1685_4	M778_4	226	1379	195	506
M1685_4	M878_4	226	1235	201	479
M2160_4	F1460_4	226	1162	935	935
M2160_4	F1853_4	226	1223	970	970
M2160_4	F216_4	226	1425	1416	1416
M2160_4	F2213_4	226	1274	809	809
M2160_4	F677_4	226	1263	1172	1172
M2160_4	M1354_4	226	1134	900	900
M2160_4	M154_4	226	1143	402	402
M2160_4	M1682_4	226	1269	938	938
M2160_4	M1685_4	226	1231	1198	1198
M2160_4	M2211_4	226	1263	1045	1045
M2160_4	M373_4	226	1271	1199	1199
M2160_4	M778_4	226	1210	912	912
M2160_4	M878_4	226	1426	1141	1141
M2211_4	F1460_4	226	1180	1017	1017
M2211_4	F1853_4	226	1246	1074	1074
M2211_4	F216_4	226	1358	1353	1353
M2211_4	F2213_4	226	1420	1039	1039
M2211_4	F677_4	226	1192	1134	1134
M2211_4	M1354_4	226	1368	1179	1179
M2211_4	M154_4	226	1405	662	662
M2211_4	M1682_4	226	1322	1095	1095
M2211_4	M1685_4	226	1255	1232	1232
M2211_4	M2160_4	226	1263	1050	1050
M2211_4	M373_4	226	1229	1169	1169
M2211_4	M778_4	226	1295	1083	1083
M2211_4	M878_4	226	1216	1060	1060
M373_4	F1460_4	226	1342	882	2245
M373_4	F1853_4	226	1235	817	2005
M373_4	F216_4	226	1287	1283	3174
M373_4	F2213_4	226	1115	515	1247
M373_4	F677_4	226	1341	1133	2811
M373_4	M1354_4	226	1343	913	2305
M373_4	M154_4	226	1385	303	735
M373_4	M1682_4	226	1376	781	1971
M373_4	M1685_4	226	1215	1131	2860
M373_4	M2160_4	226	1271	720	1716
M373_4	M2211_4	226	1229	858	2111
M373_4	M778_4	226	1208	740	1798
M373_4	M878_4	226	1182	796	2030
M778_4	F1460_4	226	1369	179	320
M778_4	F1853_4	226	1318	190	322
M778_4	F216_4	226	1196	1083	1845
M778_4	F2213_4	226	1216	84	154
M778_4	F677_4	226	1264	400	656
M778_4	M1354_4	226	1319	139	236
M778_4	M154_4	226	1313	33	51
M778_4	M1682_4	226	1243	109	177
M778_4	M1685_4	226	1379	769	1307
M778_4	M2160_4	226	1210	126	231
M778_4	M2211_4	226	1295	173	300
M778_4	M373_4	226	1208	431	739
M778_4	M878_4	226	1213	150	238
M878_4	F1460_4	226	1148	307	307
M878_4	F1853_4	226	1181	312	312
M878_4	F216_4	226	1184	1122	1122
M878_4	F2213_4	226	1364	183	183
M878_4	F677_4	226	1221	616	616
M878_4	M1354_4	226	1164	320	320
M878_4	M154_4	226	1261	53	53
M878_4	M1682_4	226	1329	276	276
M878_4	M1685_4	226	1235	912	912
M878_4	M2160_4	226	1426	288	288
M878_4	M2211_4	226	1216	340	340
M878_4	M373_4	226	1182	641	641
M878_4	M778_4	226	1213	245	245
F1471_4	F1481_4	227	1376	902	902
F1471_4	F1690_4	227	1284	362	362
F1471_4	F2037_4	227	1274	453	453
F1471_4	F2043_4	227	1261	621	621
F1471_4	F2458_4	227	1131	810	810
F1471_4	F389_4	227	1249	572	572
F1471_4	F555_4	227	1252	1024	1024
F1471_4	M1050_4	227	1165	252	252
F1471_4	M1789_4	227	1245	472	472
F1471_4	M428_4	227	1328	885	885
F1471_4	M641_4	227	1155	255	255
F1471_4	M766_4	227	1203	1162	1162
F1471_4	M804_4	227	1252	689	689
F1481_4	F1471_4	227	1376	314	572
F1481_4	F1690_4	227	1279	58	102
F1481_4	F2037_4	227	1385	87	160
F1481_4	F2043_4	227	1291	131	252
F1481_4	F2458_4	227	1169	236	441
F1481_4	F389_4	227	1310	119	217
F1481_4	F555_4	227	1307	501	941
F1481_4	M1050_4	227	1276	38	81
F1481_4	M1789_4	227	1336	87	154
F1481_4	M428_4	227	1195	226	454
F1481_4	M641_4	227	1200	39	64
F1481_4	M766_4	227	1476	1216	2345
F1481_4	M804_4	227	1127	142	281
F1690_4	F1471_4	227	1284	260	260
F1690_4	F1481_4	227	1279	252	252
F1690_4	F2037_4	227	1296	56	56
F1690_4	F2043_4	227	1320	126	126
F1690_4	F2458_4	227	1373	285	285
F1690_4	F389_4	227	1201	118	118
F1690_4	F555_4	227	1368	529	529
F1690_4	M1050_4	227	1341	32	32
F1690_4	M1789_4	227	1275	85	85
F1690_4	M428_4	227	1352	242	242
F1690_4	M641_4	227	1335	48	48
F1690_4	M766_4	227	1246	1022	1022
F1690_4	M804_4	227	1386	168	168
F2037_4	F1471_4	227	1274	1185	2680
F2037_4	F1481_4	227	1385	1283	2943
F2037_4	F1690_4	227	1296	909	2000
F2037_4	F2043_4	227	1348	1133	2529
F2037_4	F2458_4	227	1222	1142	2604
F2037_4	F389_4	227	1152	932	2159
F2037_4	F555_4	227	1229	1175	2662
F2037_4	M1050_4	227	1306	797	1798
F2037_4	M1789_4	227	1263	941	2157
F2037_4	M428_4	227	1244	1134	2600
F2037_4	M641_4	227	1288	802	1817
F2037_4	M766_4	227	1221	1213	2792
F2037_4	M804_4	227	1093	951	2173
F2043_4	F1471_4	227	1261	58	58
F2043_4	F1481_4	227	1291	59	59
F2043_4	F1690_4	227	1320	12	12
F2043_4	F2037_4	227	1348	17	17
F2043_4	F2458_4	227	1237	63	63
F2043_4	F389_4	227	1130	15	15
F2043_4	F555_4	227	1181	130	130
F2043_4	M1050_4	227	1314	5	5
F2043_4	M1789_4	227	1369	11	11
F2043_4	M428_4	227	1278	38	38
F2043_4	M641_4	227	1196	5	5
F2043_4	M766_4	227	1240	550	550
F2043_4	M804_4	227	1164	29	29
F2458_4	F1471_4	227	1131	589	589
F2458_4	F1481_4	227	1169	554	554
F2458_4	F1690_4	227	1373	249	249
F2458_4	F2037_4	227	1222	252	252
F2458_4	F2043_4	227	1237	373	373
F2458_4	F389_4	227	1093	303	303
F2458_4	F555_4	227	1169	752	752
F2458_4	M1050_4	227	1316	147	147
F2458_4	M1789_4	227	1216	246	246
F2458_4	M428_4	227	1164	541	541
F2458_4	M641_4	227	1116	135	135
F2458_4	M766_4	227	1173	1133	1133
F2458_4	M804_4	227	1266	454	454
F389_4	F1471_4	227	1249	267	715
F389_4	F1481_4	227	1310	252	649
F389_4	F1690_4	227	1201	60	152
F389_4	F2037_4	227	1152	69	187
F389_4	F2043_4	227	1130	99	255
F389_4	F2458_4	227	1093	235	560
F389_4	F555_4	227	1316	444	1069
F389_4	M1050_4	227	1356	40	104
F389_4	M1789_4	227	1403	75	185
F389_4	M428_4	227	1187	190	504
F389_4	M641_4	227	1337	42	113
F389_4	M766_4	227	1370	1101	2787
F389_4	M804_4	227	1131	133	331
F555_4	F1471_4	227	1252	506	1058
F555_4	F1481_4	227	1307	459	953
F555_4	F1690_4	227	1368	142	327
F555_4	F2037_4	227	1229	154	329
F555_4	F2043_4	227	1181	254	548
F555_4	F2458_4	227	1169	471	1034
F555_4	F389_4	227	1316	239	480
F555_4	M1050_4	227	1368	100	202
F555_4	M1789_4	227	1264	158	321
F555_4	M428_4	227	1003	334	705
F555_4	M641_4	227	1212	98	200
F555_4	M766_4	227	1249	1132	2339
F555_4	M804_4	227	1263	317	620
M1050_4	F1471_4	227	1165	886	886
M1050_4	F1481_4	227	1276	941	941
M1050_4	F1690_4	227	1341	462	462
M1050_4	F2037_4	227	1306	533	533
M1050_4	F2043_4	227	1314	742	742
M1050_4	F2458_4	227	1316	997	997
M1050_4	F389_4	227	1356	718	718
M1050_4	F555_4	227	1368	1175	1175
M1050_4	M1789_4	227	1339	598	598
M1050_4	M428_4	227	1266	927	927
M1050_4	M641_4	227	1488	439	439
M1050_4	M766_4	227	1427	1407	1407
M1050_4	M804_4	227	1293	790	790
M1789_4	F1471_4	227	1245	1087	2459
M1789_4	F1481_4	227	1336	1116	2587
M1789_4	F1690_4	227	1275	659	1492
M1789_4	F2037_4	227	1263	750	1761
M1789_4	F2043_4	227	1369	993	2284
M1789_4	F2458_4	227	1216	1035	2352
M1789_4	F389_4	227	1403	948	2187
M1789_4	F555_4	227	1264	1173	2639
M1789_4	M1050_4	227	1339	538	1247
M1789_4	M428_4	227	1314	1105	2506
M1789_4	M641_4	227	1364	597	1404
M1789_4	M766_4	227	1293	1279	2962
M1789_4	M804_4	227	1290	966	2244
M428_4	F1471_4	227	1328	281	281
M428_4	F1481_4	227	1195	247	247
M428_4	F1690_4	227	1352	76	76
M428_4	F2037_4	227	1244	80	80
M428_4	F2043_4	227	1278	135	135
M428_4	F2458_4	227	1164	234	234
M428_4	F389_4	227	1187	99	99
M428_4	F555_4	227	1003	360	360
M428_4	M1050_4	227	1266	42	42
M428_4	M1789_4	227	1314	80	80
M428_4	M641_4	227	1362	40	40
M428_4	M766_4	227	1267	1039	1039
M428_4	M804_4	227	1236	140	140
M641_4	F1471_4	227	1155	560	560
M641_4	F1481_4	227	1200	540	540
M641_4	F1690_4	227	1335	211	211
M641_4	F2037_4	227	1288	229	229
M641_4	F2043_4	227	1196	357	357
M641_4	F2458_4	227	1116	563	563
M641_4	F389_4	227	1337	323	323
M641_4	F555_4	227	1212	785	785
M641_4	M1050_4	227	1488	161	161
M641_4	M1789_4	227	1364	252	252
M641_4	M428_4	227	1362	599	599
M641_4	M766_4	227	1117	1054	1054
M641_4	M804_4	227	1355	430	430
M766_4	F1471_4	227	1203	398	454
M766_4	F1481_4	227	1476	451	513
M766_4	F1690_4	227	1246	96	112
M766_4	F2037_4	227	1221	136	153
M766_4	F2043_4	227	1240	232	275
M766_4	F2458_4	227	1173	410	467
M766_4	F389_4	227	1370	200	231
M766_4	F555_4	227	1249	634	745
M766_4	M1050_4	227	1427	78	88
M766_4	M1789_4	227	1293	139	158
M766_4	M428_4	227	1267	370	437
M766_4	M641_4	227	1117	60	70
M766_4	M804_4	227	1215	239	274
M804_4	F1471_4	227	1252	303	1337
M804_4	F1481_4	227	1127	249	1078
M804_4	F1690_4	227	1386	78	337
M804_4	F2037_4	227	1093	98	453
M804_4	F2043_4	227	1164	122	542
M804_4	F2458_4	227	1266	313	1354
M804_4	F389_4	227	1131	121	579
M804_4	F555_4	227	1263	516	2236
M804_4	M1050_4	227	1293	55	239
M804_4	M1789_4	227	1290	107	446
M804_4	M428_4	227	1236	268	1213
M804_4	M641_4	227	1355	57	257
M804_4	M766_4	227	1215	1033	4682
F1547_4	F1789_4	228	1304	567	887
F1547_4	F1952_4	228	1248	716	1168
F1547_4	F196_4	228	1204	417	691
F1547_4	F1975_4	228	1243	227	371
F1547_4	F2525_4	228	1217	978	1589
F1547_4	F835_4	228	1275	302	494
F1547_4	M1159_4	228	1303	278	433
F1547_4	M1246_4	228	1397	365	601
F1547_4	M1315_4	228	1198	501	800
F1547_4	M1373_4	228	1227	1102	1757
F1547_4	M175_4	228	1460	654	1033
F1547_4	M1937_4	228	1232	874	1420
F1547_4	M2719_4	228	1223	483	785
F1789_4	F1547_4	228	1304	882	882
F1789_4	F1952_4	228	1290	1211	1211
F1789_4	F196_4	228	1250	1047	1047
F1789_4	F1975_4	228	1464	1019	1019
F1789_4	F2525_4	228	1362	1323	1323
F1789_4	F835_4	228	1419	1100	1100
F1789_4	M1159_4	228	1187	887	887
F1789_4	M1246_4	228	1277	1008	1008
F1789_4	M1315_4	228	1275	1136	1136
F1789_4	M1373_4	228	1190	1176	1176
F1789_4	M175_4	228	1196	1070	1070
F1789_4	M1937_4	228	1339	1277	1277
F1789_4	M2719_4	228	1128	990	990
F1952_4	F1547_4	228	1248	972	972
F1952_4	F1789_4	228	1290	1177	1177
F1952_4	F196_4	228	1161	1024	1024
F1952_4	F1975_4	228	1172	867	867
F1952_4	F2525_4	228	1269	1248	1248
F1952_4	F835_4	228	1272	1037	1037
F1952_4	M1159_4	228	1441	1136	1136
F1952_4	M1246_4	228	1292	1067	1067
F1952_4	M1315_4	228	1272	1145	1145
F1952_4	M1373_4	228	1132	1119	1119
F1952_4	M175_4	228	1352	1238	1238
F1952_4	M1937_4	228	1300	1268	1268
F1952_4	M2719_4	228	1223	1080	1080
F196_4	F1547_4	228	1204	1103	1103
F196_4	F1789_4	228	1250	1217	1217
F196_4	F1952_4	228	1161	1138	1138
F196_4	F1975_4	228	1440	1313	1313
F196_4	F2525_4	228	1132	1122	1122
F196_4	F835_4	228	1241	1160	1160
F196_4	M1159_4	228	1318	1219	1219
F196_4	M1246_4	228	1224	1147	1147
F196_4	M1315_4	228	1278	1234	1234
F196_4	M1373_4	228	1165	1164	1164
F196_4	M175_4	228	1345	1316	1316
F196_4	M1937_4	228	1222	1216	1216
F196_4	M2719_4	228	1255	1216	1216
F1975_4	F1547_4	228	1243	976	976
F1975_4	F1789_4	228	1464	1369	1369
F1975_4	F1952_4	228	1172	1135	1135
F1975_4	F196_4	228	1440	1299	1299
F1975_4	F2525_4	228	1315	1289	1289
F1975_4	F835_4	228	1511	1276	1276
F1975_4	M1159_4	228	1218	999	999
F1975_4	M1246_4	228	1087	933	933
F1975_4	M1315_4	228	1301	1201	1201
F1975_4	M1373_4	228	1210	1198	1198
F1975_4	M175_4	228	1236	1168	1168
F1975_4	M1937_4	228	1264	1238	1238
F1975_4	M2719_4	228	1236	1129	1129
F2525_4	F1547_4	228	1217	111	111
F2525_4	F1789_4	228	1362	372	372
F2525_4	F1952_4	228	1269	469	469
F2525_4	F196_4	228	1132	217	217
F2525_4	F1975_4	228	1315	110	110
F2525_4	F835_4	228	1192	160	160
F2525_4	M1159_4	228	1182	131	131
F2525_4	M1246_4	228	1402	199	199
F2525_4	M1315_4	228	1150	299	299
F2525_4	M1373_4	228	1195	950	950
F2525_4	M175_4	228	1222	362	362
F2525_4	M1937_4	228	1452	775	775
F2525_4	M2719_4	228	1192	245	245
F835_4	F1547_4	228	1275	212	738
F835_4	F1789_4	228	1419	571	1863
F835_4	F1952_4	228	1272	711	2409
F835_4	F196_4	228	1241	369	1275
F835_4	F1975_4	228	1511	242	818
F835_4	F2525_4	228	1192	958	3265
F835_4	M1159_4	228	1327	282	938
F835_4	M1246_4	228	1389	346	1170
F835_4	M1315_4	228	1430	548	1844
F835_4	M1373_4	228	1228	1083	3576
F835_4	M175_4	228	1234	570	1950
F835_4	M1937_4	228	1206	839	2903
F835_4	M2719_4	228	1416	463	1571
M1159_4	F1547_4	228	1303	417	844
M1159_4	F1789_4	228	1187	721	1442
M1159_4	F1952_4	228	1441	1090	2147
M1159_4	F196_4	228	1318	673	1346
M1159_4	F1975_4	228	1218	380	723
M1159_4	F2525_4	228	1182	1054	2085
M1159_4	F835_4	228	1327	529	1086
M1159_4	M1246_4	228	1299	569	1095
M1159_4	M1315_4	228	1238	722	1440
M1159_4	M1373_4	228	1376	1295	2632
M1159_4	M175_4	228	1331	856	1708
M1159_4	M1937_4	228	1350	1171	2366
M1159_4	M2719_4	228	1374	758	1491
M1246_4	F1547_4	228	1397	639	639
M1246_4	F1789_4	228	1277	934	934
M1246_4	F1952_4	228	1292	1082	1082
M1246_4	F196_4	228	1224	791	791
M1246_4	F1975_4	228	1087	509	509
M1246_4	F2525_4	228	1402	1293	1293
M1246_4	F835_4	228	1389	750	750
M1246_4	M1159_4	228	1299	692	692
M1246_4	M1315_4	228	1178	893	893
M1246_4	M1373_4	228	1241	1202	1202
M1246_4	M175_4	228	1101	843	843
M1246_4	M1937_4	228	1353	1212	1212
M1246_4	M2719_4	228	1314	884	884
M1315_4	F1547_4	228	1198	410	410
M1315_4	F1789_4	228	1275	778	778
M1315_4	F1952_4	228	1272	964	964
M1315_4	F196_4	228	1278	731	731
M1315_4	F1975_4	228	1301	420	420
M1315_4	F2525_4	228	1150	1029	1029
M1315_4	F835_4	228	1430	573	573
M1315_4	M1159_4	228	1238	448	448
M1315_4	M1246_4	228	1178	530	530
M1315_4	M1373_4	228	1401	1327	1327
M1315_4	M175_4	228	1195	792	792
M1315_4	M1937_4	228	1248	1052	1052
M1315_4	M2719_4	228	1320	776	776
M1373_4	F1547_4	228	1227	1026	3599
M1373_4	F1789_4	228	1190	1101	3825
M1373_4	F1952_4	228	1132	1105	3873
M1373_4	F196_4	228	1165	1076	3673
M1373_4	F1975_4	228	1210	1010	3523
M1373_4	F2525_4	228	1195	1176	4117
M1373_4	F835_4	228	1228	1092	3843
M1373_4	M1159_4	228	1376	1162	3959
M1373_4	M1246_4	228	1241	1128	3846
M1373_4	M1315_4	228	1401	1322	4591
M1373_4	M175_4	228	1445	1364	4757
M1373_4	M1937_4	228	1242	1217	4112
M1373_4	M2719_4	228	1227	1133	4017
M175_4	F1547_4	228	1460	189	351
M175_4	F1789_4	228	1196	393	751
M175_4	F1952_4	228	1352	642	1151
M175_4	F196_4	228	1345	345	622
M175_4	F1975_4	228	1236	153	278
M175_4	F2525_4	228	1222	870	1629
M175_4	F835_4	228	1234	204	384
M175_4	M1159_4	228	1331	178	333
M175_4	M1246_4	228	1101	227	438
M175_4	M1315_4	228	1195	407	751
M175_4	M1373_4	228	1445	1232	2270
M175_4	M1937_4	228	1190	719	1311
M175_4	M2719_4	228	1258	343	636
M1937_4	F1547_4	228	1232	560	978
M1937_4	F1789_4	228	1339	1012	1731
M1937_4	F1952_4	228	1300	1103	1917
M1937_4	F196_4	228	1222	780	1353
M1937_4	F1975_4	228	1264	582	1032
M1937_4	F2525_4	228	1452	1358	2363
M1937_4	F835_4	228	1206	684	1186
M1937_4	M1159_4	228	1350	671	1156
M1937_4	M1246_4	228	1353	785	1344
M1937_4	M1315_4	228	1248	922	1570
M1937_4	M1373_4	228	1242	1189	2049
M1937_4	M175_4	228	1190	903	1550
M1937_4	M2719_4	228	1121	736	1254
M2719_4	F1547_4	228	1223	86	96
M2719_4	F1789_4	228	1128	259	294
M2719_4	F1952_4	228	1223	419	467
M2719_4	F196_4	228	1255	177	198
M2719_4	F1975_4	228	1236	85	90
M2719_4	F2525_4	228	1192	696	757
M2719_4	F835_4	228	1416	145	153
M2719_4	M1159_4	228	1374	115	128
M2719_4	M1246_4	228	1314	145	157
M2719_4	M1315_4	228	1320	260	294
M2719_4	M1373_4	228	1227	915	1017
M2719_4	M175_4	228	1258	300	334
M2719_4	M1937_4	228	1121	535	582
F1302_4	F1369_4	229	1259	1246	3381
F1302_4	F2097_4	229	1212	1182	3121
F1302_4	F2197_4	229	1164	1155	3156
F1302_4	F225_4	229	1220	1172	3118
F1302_4	F2385_4	229	1334	1061	2768
F1302_4	F2484_4	229	1167	980	2571
F1302_4	F2595_4	229	1190	1174	3105
F1302_4	M1207_4	229	1296	1221	3247
F1302_4	M1593_4	229	1261	1219	3331
F1302_4	M2084_4	229	1412	1357	3620
F1302_4	M2125_4	229	1364	1344	3551
F1302_4	M62_4	229	1157	1063	2782
F1302_4	M834_4	229	1325	1208	3241
F1369_4	F1302_4	229	1259	374	540
F1369_4	F2097_4	229	1175	768	1137
F1369_4	F2197_4	229	1248	1048	1532
F1369_4	F225_4	229	1404	598	854
F1369_4	F2385_4	229	1337	142	203
F1369_4	F2484_4	229	1380	179	260
F1369_4	F2595_4	229	1302	880	1276
F1369_4	M1207_4	229	1195	442	645
F1369_4	M1593_4	229	1326	624	929
F1369_4	M2084_4	229	1265	559	830
F1369_4	M2125_4	229	1243	770	1168
F1369_4	M62_4	229	1377	315	454
F1369_4	M834_4	229	1109	262	412
F2097_4	F1302_4	229	1212	1048	2441
F2097_4	F1369_4	229	1175	1154	2621
F2097_4	F2197_4	229	1271	1252	3021
F2097_4	F225_4	229	1269	1183	2841
F2097_4	F2385_4	229	1326	816	1853
F2097_4	F2484_4	229	1228	836	1968
F2097_4	F2595_4	229	1365	1331	3126
F2097_4	M1207_4	229	1145	1024	2408
F2097_4	M1593_4	229	1334	1239	2961
F2097_4	M2084_4	229	1344	1243	2916
F2097_4	M2125_4	229	1195	1144	2669
F2097_4	M62_4	229	1283	1012	2470
F2097_4	M834_4	229	1214	993	2401
F2197_4	F1302_4	229	1164	1031	2475
F2197_4	F1369_4	229	1248	1222	3005
F2197_4	F2097_4	229	1271	1231	2915
F2197_4	F225_4	229	1234	1132	2613
F2197_4	F2385_4	229	1301	844	2055
F2197_4	F2484_4	229	1287	910	2095
F2197_4	F2595_4	229	1333	1297	3011
F2197_4	M1207_4	229	1204	1085	2575
F2197_4	M1593_4	229	1285	1202	2892
F2197_4	M2084_4	229	1152	1050	2526
F2197_4	M2125_4	229	1257	1219	2971
F2197_4	M62_4	229	1285	1046	2429
F2197_4	M834_4	229	1166	977	2320
F225_4	F1302_4	229	1220	729	1423
F225_4	F1369_4	229	1404	1304	2499
F225_4	F2097_4	229	1269	1084	2066
F225_4	F2197_4	229	1234	1168	2256
F225_4	F2385_4	229	1255	334	634
F225_4	F2484_4	229	1217	426	816
F225_4	F2595_4	229	1205	1064	2112
F225_4	M1207_4	229	1219	795	1480
F225_4	M1593_4	229	1342	1016	1989
F225_4	M2084_4	229	1450	1040	1971
F225_4	M2125_4	229	1309	1110	2164
F225_4	M62_4	229	1263	613	1199
F225_4	M834_4	229	1281	621	1268
F2385_4	F1302_4	229	1334	945	1033
F2385_4	F1369_4	229	1337	1274	1387
F2385_4	F2097_4	229	1326	1221	1330
F2385_4	F2197_4	229	1301	1264	1378
F2385_4	F225_4	229	1255	1014	1101
F2385_4	F2484_4	229	1228	564	615
F2385_4	F2595_4	229	1152	1055	1151
F2385_4	M1207_4	229	1201	929	1013
F2385_4	M1593_4	229	1048	879	970
F2385_4	M2084_4	229	1253	1030	1120
F2385_4	M2125_4	229	1209	1097	1212
F2385_4	M62_4	229	1344	845	928
F2385_4	M834_4	229	1281	824	894
F2484_4	F1302_4	229	1167	516	516
F2484_4	F1369_4	229	1380	1189	1189
F2484_4	F2097_4	229	1228	954	954
F2484_4	F2197_4	229	1287	1166	1166
F2484_4	F225_4	229	1217	688	688
F2484_4	F2385_4	229	1228	198	198
F2484_4	F2595_4	229	1245	1002	1002
F2484_4	M1207_4	229	1242	620	620
F2484_4	M1593_4	229	1351	868	868
F2484_4	M2084_4	229	1178	686	686
F2484_4	M2125_4	229	1294	981	981
F2484_4	M62_4	229	1281	437	437
F2484_4	M834_4	229	1224	425	425
F2595_4	F1302_4	229	1190	1081	1081
F2595_4	F1369_4	229	1302	1289	1289
F2595_4	F2097_4	229	1365	1323	1323
F2595_4	F2197_4	229	1333	1325	1325
F2595_4	F225_4	229	1205	1114	1114
F2595_4	F2385_4	229	1152	769	769
F2595_4	F2484_4	229	1245	879	879
F2595_4	M1207_4	229	1310	1189	1189
F2595_4	M1593_4	229	1315	1248	1248
F2595_4	M2084_4	229	1164	1077	1077
F2595_4	M2125_4	229	1277	1227	1227
F2595_4	M62_4	229	1362	1147	1147
F2595_4	M834_4	229	1348	1105	1105
M1207_4	F1302_4	229	1296	1201	2003
M1207_4	F1369_4	229	1195	1189	1912
M1207_4	F2097_4	229	1145	1120	1811
M1207_4	F2197_4	229	1204	1199	1947
M1207_4	F225_4	229	1219	1167	1906
M1207_4	F2385_4	229	1201	912	1458
M1207_4	F2484_4	229	1242	979	1620
M1207_4	F2595_4	229	1310	1294	2111
M1207_4	M1593_4	229	1201	1145	1899
M1207_4	M2084_4	229	1196	1152	1915
M1207_4	M2125_4	229	1200	1172	1897
M1207_4	M62_4	229	1207	1080	1749
M1207_4	M834_4	229	1243	1103	1807
M1593_4	F1302_4	229	1261	191	191
M1593_4	F1369_4	229	1326	811	811
M1593_4	F2097_4	229	1334	613	613
M1593_4	F2197_4	229	1285	858	858
M1593_4	F225_4	229	1342	316	316
M1593_4	F2385_4	229	1048	47	47
M1593_4	F2484_4	229	1351	72	72
M1593_4	F2595_4	229	1315	653	653
M1593_4	M1207_4	229	1201	227	227
M1593_4	M2084_4	229	1222	310	310
M1593_4	M2125_4	229	1262	503	503
M1593_4	M62_4	229	1216	144	144
M1593_4	M834_4	229	1276	136	136
M2084_4	F1302_4	229	1412	140	162
M2084_4	F1369_4	229	1265	558	670
M2084_4	F2097_4	229	1344	440	526
M2084_4	F2197_4	229	1152	650	778
M2084_4	F225_4	229	1450	233	267
M2084_4	F2385_4	229	1253	22	24
M2084_4	F2484_4	229	1178	39	50
M2084_4	F2595_4	229	1164	442	530
M2084_4	M1207_4	229	1196	136	153
M2084_4	M1593_4	229	1222	227	274
M2084_4	M2125_4	229	1261	361	418
M2084_4	M62_4	229	1217	80	91
M2084_4	M834_4	229	1300	92	104
M2125_4	F1302_4	229	1364	1278	1285
M2125_4	F1369_4	229	1243	1231	1237
M2125_4	F2097_4	229	1195	1181	1194
M2125_4	F2197_4	229	1257	1254	1272
M2125_4	F225_4	229	1309	1258	1274
M2125_4	F2385_4	229	1209	941	952
M2125_4	F2484_4	229	1294	1067	1073
M2125_4	F2595_4	229	1277	1261	1271
M2125_4	M1207_4	229	1200	1140	1154
M2125_4	M1593_4	229	1262	1219	1230
M2125_4	M2084_4	229	1261	1222	1233
M2125_4	M62_4	229	1199	1096	1101
M2125_4	M834_4	229	1222	1102	1108
M62_4	F1302_4	229	1157	876	2238
M62_4	F1369_4	229	1377	1316	3159
M62_4	F2097_4	229	1283	1184	3067
M62_4	F2197_4	229	1285	1246	3150
M62_4	F225_4	229	1263	1047	2639
M62_4	F2385_4	229	1344	557	1423
M62_4	F2484_4	229	1281	605	1489
M62_4	F2595_4	229	1362	1273	3182
M62_4	M1207_4	229	1207	952	2396
M62_4	M1593_4	229	1216	1037	2603
M62_4	M2084_4	229	1217	1010	2549
M62_4	M2125_4	229	1199	1087	2655
M62_4	M834_4	229	1188	811	2061
M834_4	F1302_4	229	1325	555	555
M834_4	F1369_4	229	1109	936	936
M834_4	F2097_4	229	1214	923	923
M834_4	F2197_4	229	1166	1020	1020
M834_4	F225_4	229	1281	707	707
M834_4	F2385_4	229	1281	167	167
M834_4	F2484_4	229	1224	217	217
M834_4	F2595_4	229	1348	1032	1032
M834_4	M1207_4	229	1243	584	584
M834_4	M1593_4	229	1276	712	712
M834_4	M2084_4	229	1300	689	689
M834_4	M2125_4	229	1222	870	870
M834_4	M62_4	229	1188	355	355
F1237_4	F1316_4	230	1277	715	715
F1237_4	F1765_4	230	1195	1013	1013
F1237_4	F2319_4	230	1294	768	768
F1237_4	F2416_4	230	1339	846	846
F1237_4	M1023_4	230	1252	856	856
F1237_4	M1188_4	230	1119	312	312
F1237_4	M1555_4	230	1314	591	591
F1237_4	M191_4	230	1288	752	752
F1237_4	M1950_4	230	1411	262	262
F1237_4	M2457_4	230	1139	134	134
F1237_4	M502_4	230	1205	340	340
F1237_4	M617_4	230	1278	95	95
F1237_4	M750_4	230	1344	578	578
F1316_4	F1237_4	230	1277	714	1124
F1316_4	F1765_4	230	1202	1005	1610
F1316_4	F2319_4	230	1363	840	1364
F1316_4	F2416_4	230	1123	717	1123
F1316_4	M1023_4	230	1315	894	1408
F1316_4	M1188_4	230	1321	373	585
F1316_4	M1555_4	230	1373	616	1008
F1316_4	M191_4	230	1441	832	1298
F1316_4	M1950_4	230	1279	251	381
F1316_4	M2457_4	230	1280	139	208
F1316_4	M502_4	230	1383	400	637
F1316_4	M617_4	230	1301	104	171
F1316_4	M750_4	230	1261	555	899
F1765_4	F1237_4	230	1195	824	824
F1765_4	F1316_4	230	1202	805	805
F1765_4	F2319_4	230	1318	989	989
F1765_4	F2416_4	230	1288	975	975
F1765_4	M1023_4	230	1420	1138	1138
F1765_4	M1188_4	230	1216	528	528
F1765_4	M1555_4	230	1144	687	687
F1765_4	M191_4	230	1149	823	823
F1765_4	M1950_4	230	1312	407	407
F1765_4	M2457_4	230	1348	237	237
F1765_4	M502_4	230	1257	538	538
F1765_4	M617_4	230	1089	136	136
F1765_4	M750_4	230	1419	850	850
F2319_4	F1237_4	230	1294	960	960
F2319_4	F1316_4	230	1363	1015	1015
F2319_4	F1765_4	230	1318	1218	1218
F2319_4	F2416_4	230	1309	1065	1065
F2319_4	M1023_4	230	1135	955	955
F2319_4	M1188_4	230	1310	662	662
F2319_4	M1555_4	230	1206	782	782
F2319_4	M191_4	230	1287	960	960
F2319_4	M1950_4	230	1317	437	437
F2319_4	M2457_4	230	1265	290	290
F2319_4	M502_4	230	1147	553	553
F2319_4	M617_4	230	1319	227	227
F2319_4	M750_4	230	1335	881	881
F2416_4	F1237_4	230	1339	1032	1032
F2416_4	F1316_4	230	1123	890	890
F2416_4	F1765_4	230	1288	1204	1204
F2416_4	F2319_4	230	1309	1099	1099
F2416_4	M1023_4	230	1239	1079	1079
F2416_4	M1188_4	230	1327	708	708
F2416_4	M1555_4	230	1398	981	981
F2416_4	M191_4	230	1283	1009	1009
F2416_4	M1950_4	230	1198	496	496
F2416_4	M2457_4	230	1291	336	336
F2416_4	M502_4	230	1266	698	698
F2416_4	M617_4	230	1386	268	268
F2416_4	M750_4	230	1251	868	868
M1023_4	F1237_4	230	1252	859	859
M1023_4	F1316_4	230	1315	917	917
M1023_4	F1765_4	230	1420	1288	1288
M1023_4	F2319_4	230	1135	853	853
M1023_4	F2416_4	230	1239	965	965
M1023_4	M1188_4	230	1108	486	486
M1023_4	M1555_4	230	1327	847	847
M1023_4	M191_4	230	1155	829	829
M1023_4	M1950_4	230	1200	386	386
M1023_4	M2457_4	230	1226	224	224
M1023_4	M502_4	230	1262	551	551
M1023_4	M617_4	230	1278	174	174
M1023_4	M750_4	230	1264	782	782
M1188_4	F1237_4	230	1119	1016	2338
M1188_4	F1316_4	230	1321	1195	2756
M1188_4	F1765_4	230	1216	1192	2686
M1188_4	F2319_4	230	1310	1229	2724
M1188_4	F2416_4	230	1327	1236	2703
M1188_4	M1023_4	230	1108	1065	2430
M1188_4	M1555_4	230	1231	1083	2470
M1188_4	M191_4	230	1205	1121	2496
M1188_4	M1950_4	230	1228	826	1813
M1188_4	M2457_4	230	1330	704	1652
M1188_4	M502_4	230	1207	909	2109
M1188_4	M617_4	230	1254	489	1122
M1188_4	M750_4	230	1332	1171	2671
M1555_4	F1237_4	230	1314	574	1440
M1555_4	F1316_4	230	1373	555	1383
M1555_4	F1765_4	230	1144	893	2312
M1555_4	F2319_4	230	1206	596	1541
M1555_4	F2416_4	230	1398	743	1897
M1555_4	M1023_4	230	1327	787	2019
M1555_4	M1188_4	230	1231	254	631
M1555_4	M191_4	230	1178	548	1385
M1555_4	M1950_4	230	1311	179	462
M1555_4	M2457_4	230	1229	86	209
M1555_4	M502_4	230	1458	289	751
M1555_4	M617_4	230	1293	64	172
M1555_4	M750_4	230	1262	415	1091
M191_4	F1237_4	230	1288	677	677
M191_4	F1316_4	230	1441	749	749
M191_4	F1765_4	230	1149	954	954
M191_4	F2319_4	230	1287	762	762
M191_4	F2416_4	230	1283	845	845
M191_4	M1023_4	230	1155	789	789
M191_4	M1188_4	230	1205	320	320
M191_4	M1555_4	230	1178	535	535
M191_4	M1950_4	230	1079	198	198
M191_4	M2457_4	230	1144	123	123
M191_4	M502_4	230	1185	308	308
M191_4	M617_4	230	1329	90	90
M191_4	M750_4	230	1232	545	545
M1950_4	F1237_4	230	1411	237	324
M1950_4	F1316_4	230	1279	246	325
M1950_4	F1765_4	230	1312	605	821
M1950_4	F2319_4	230	1317	293	398
M1950_4	F2416_4	230	1198	297	401
M1950_4	M1023_4	230	1200	360	476
M1950_4	M1188_4	230	1228	83	111
M1950_4	M1555_4	230	1311	177	237
M1950_4	M191_4	230	1079	204	269
M1950_4	M2457_4	230	1231	24	29
M1950_4	M502_4	230	1268	90	120
M1950_4	M617_4	230	1294	16	23
M1950_4	M750_4	230	1322	162	234
M2457_4	F1237_4	230	1139	244	244
M2457_4	F1316_4	230	1280	253	253
M2457_4	F1765_4	230	1348	736	736
M2457_4	F2319_4	230	1265	358	358
M2457_4	F2416_4	230	1291	396	396
M2457_4	M1023_4	230	1226	426	426
M2457_4	M1188_4	230	1330	118	118
M2457_4	M1555_4	230	1229	206	206
M2457_4	M191_4	230	1144	286	286
M2457_4	M1950_4	230	1231	59	59
M2457_4	M502_4	230	1203	100	100
M2457_4	M617_4	230	1218	23	23
M2457_4	M750_4	230	1183	185	185
M502_4	F1237_4	230	1205	713	1808
M502_4	F1316_4	230	1383	820	2119
M502_4	F1765_4	230	1257	1087	2798
M502_4	F2319_4	230	1147	735	1863
M502_4	F2416_4	230	1266	863	2189
M502_4	M1023_4	230	1262	922	2361
M502_4	M1188_4	230	1207	401	1049
M502_4	M1555_4	230	1458	708	1751
M502_4	M191_4	230	1185	744	1922
M502_4	M1950_4	230	1268	261	638
M502_4	M2457_4	230	1203	155	385
M502_4	M617_4	230	1356	104	257
M502_4	M750_4	230	1250	638	1594
M617_4	F1237_4	230	1278	751	751
M617_4	F1316_4	230	1301	805	805
M617_4	F1765_4	230	1089	948	948
M617_4	F2319_4	230	1319	840	840
M617_4	F2416_4	230	1386	969	969
M617_4	M1023_4	230	1278	965	965
M617_4	M1188_4	230	1254	434	434
M617_4	M1555_4	230	1293	669	669
M617_4	M191_4	230	1329	844	844
M617_4	M1950_4	230	1294	284	284
M617_4	M2457_4	230	1218	148	148
M617_4	M502_4	230	1356	464	464
M617_4	M750_4	230	1350	700	700
M750_4	F1237_4	230	1344	1322	3562
M750_4	F1316_4	230	1261	1242	3363
M750_4	F1765_4	230	1419	1412	3722
M750_4	F2319_4	230	1335	1323	3473
M750_4	F2416_4	230	1251	1240	3286
M750_4	M1023_4	230	1264	1259	3275
M750_4	M1188_4	230	1332	1273	3382
M750_4	M1555_4	230	1262	1230	3308
M750_4	M191_4	230	1232	1215	3232
M750_4	M1950_4	230	1322	1221	3175
M750_4	M2457_4	230	1183	1026	2699
M750_4	M502_4	230	1250	1176	3156
M750_4	M617_4	230	1350	1107	2903
F1867_4	F1873_4	231	1158	820	820
F1867_4	F2675_4	231	1285	1197	1197
F1867_4	F624_4	231	1196	355	355
F1867_4	M126_4	231	1163	1141	1141
F1867_4	M1440_4	231	1240	1181	1181
F1867_4	M1619_4	231	1260	1123	1123
F1867_4	M1819_4	231	1164	711	711
F1867_4	M2153_4	231	1315	1112	1112
F1867_4	M2468_4	231	1085	654	654
F1867_4	M2691_4	231	1095	1006	1006
F1867_4	M655_4	231	1232	1037	1037
F1867_4	M759_4	231	1375	995	995
F1867_4	M922_4	231	1360	943	943
F1873_4	F1867_4	231	1158	1043	3378
F1873_4	F2675_4	231	1365	1342	4133
F1873_4	F624_4	231	1262	881	2730
F1873_4	M126_4	231	1182	1180	3736
F1873_4	M1440_4	231	1208	1187	3707
F1873_4	M1619_4	231	1261	1217	3747
F1873_4	M1819_4	231	1177	1066	3385
F1873_4	M2153_4	231	1358	1297	4124
F1873_4	M2468_4	231	1380	1205	3733
F1873_4	M2691_4	231	1116	1096	3453
F1873_4	M655_4	231	1260	1214	3738
F1873_4	M759_4	231	1418	1322	4031
F1873_4	M922_4	231	1191	1085	3429
F2675_4	F1867_4	231	1285	392	927
F2675_4	F1873_4	231	1365	528	1287
F2675_4	F624_4	231	1325	113	286
F2675_4	M126_4	231	1197	1095	2622
F2675_4	M1440_4	231	1253	1007	2364
F2675_4	M1619_4	231	1266	837	2017
F2675_4	M1819_4	231	1160	332	803
F2675_4	M2153_4	231	1335	772	1858
F2675_4	M2468_4	231	1250	299	710
F2675_4	M2691_4	231	1331	1005	2342
F2675_4	M655_4	231	1286	736	1746
F2675_4	M759_4	231	1220	430	1015
F2675_4	M922_4	231	1079	388	927
F624_4	F1867_4	231	1196	58	128
F624_4	F1873_4	231	1262	104	261
F624_4	F2675_4	231	1325	360	772
F624_4	M126_4	231	1248	752	1597
F624_4	M1440_4	231	1334	498	1104
F624_4	M1619_4	231	1288	267	593
F624_4	M1819_4	231	1311	62	139
F624_4	M2153_4	231	1197	188	422
F624_4	M2468_4	231	1304	57	119
F624_4	M2691_4	231	1229	400	877
F624_4	M655_4	231	1249	186	419
F624_4	M759_4	231	1192	83	163
F624_4	M922_4	231	1192	65	160
M126_4	F1867_4	231	1163	472	1130
M126_4	F1873_4	231	1182	577	1366
M126_4	F2675_4	231	1197	961	2386
M126_4	F624_4	231	1248	177	456
M126_4	M1440_4	231	1294	1134	2766
M126_4	M1619_4	231	1245	900	2174
M126_4	M1819_4	231	1111	390	967
M126_4	M2153_4	231	1283	880	2133
M126_4	M2468_4	231	1228	447	1088
M126_4	M2691_4	231	1177	957	2332
M126_4	M655_4	231	1422	916	2242
M126_4	M759_4	231	1406	638	1593
M126_4	M922_4	231	1170	525	1240
M1440_4	F1867_4	231	1240	511	511
M1440_4	F1873_4	231	1208	631	631
M1440_4	F2675_4	231	1253	1025	1025
M1440_4	F624_4	231	1334	208	208
M1440_4	M126_4	231	1294	1233	1233
M1440_4	M1619_4	231	1286	976	976
M1440_4	M1819_4	231	1322	545	545
M1440_4	M2153_4	231	1166	789	789
M1440_4	M2468_4	231	1269	504	504
M1440_4	M2691_4	231	1228	1021	1021
M1440_4	M655_4	231	1081	717	717
M1440_4	M759_4	231	1348	669	669
M1440_4	M922_4	231	1188	536	536
M1619_4	F1867_4	231	1260	1065	1215
M1619_4	F1873_4	231	1261	1125	1291
M1619_4	F2675_4	231	1266	1230	1395
M1619_4	F624_4	231	1288	725	827
M1619_4	M126_4	231	1245	1235	1424
M1619_4	M1440_4	231	1286	1263	1476
M1619_4	M1819_4	231	1362	1138	1279
M1619_4	M2153_4	231	1210	1141	1300
M1619_4	M2468_4	231	1305	1067	1225
M1619_4	M2691_4	231	1253	1234	1417
M1619_4	M655_4	231	1397	1321	1489
M1619_4	M759_4	231	1212	1069	1202
M1619_4	M922_4	231	1377	1178	1352
M1819_4	F1867_4	231	1164	244	244
M1819_4	F1873_4	231	1177	350	350
M1819_4	F2675_4	231	1160	745	745
M1819_4	F624_4	231	1311	72	72
M1819_4	M126_4	231	1111	986	986
M1819_4	M1440_4	231	1322	983	983
M1819_4	M1619_4	231	1362	750	750
M1819_4	M2153_4	231	1171	559	559
M1819_4	M2468_4	231	1265	266	266
M1819_4	M2691_4	231	1400	967	967
M1819_4	M655_4	231	1306	574	574
M1819_4	M759_4	231	1160	323	323
M1819_4	M922_4	231	1301	308	308
M2153_4	F1867_4	231	1315	293	408
M2153_4	F1873_4	231	1358	369	527
M2153_4	F2675_4	231	1335	840	1181
M2153_4	F624_4	231	1197	72	112
M2153_4	M126_4	231	1283	1120	1560
M2153_4	M1440_4	231	1166	843	1179
M2153_4	M1619_4	231	1210	601	854
M2153_4	M1819_4	231	1171	225	325
M2153_4	M2468_4	231	1385	231	327
M2153_4	M2691_4	231	1472	995	1390
M2153_4	M655_4	231	1254	531	724
M2153_4	M759_4	231	1386	347	477
M2153_4	M922_4	231	1307	292	400
M2468_4	F1867_4	231	1085	729	1882
M2468_4	F1873_4	231	1380	1042	2793
M2468_4	F2675_4	231	1250	1176	3051
M2468_4	F624_4	231	1304	393	1022
M2468_4	M126_4	231	1228	1207	3151
M2468_4	M1440_4	231	1269	1210	3146
M2468_4	M1619_4	231	1305	1155	2960
M2468_4	M1819_4	231	1265	811	2142
M2468_4	M2153_4	231	1385	1178	3111
M2468_4	M2691_4	231	1258	1176	3022
M2468_4	M655_4	231	1418	1200	3155
M2468_4	M759_4	231	1214	867	2265
M2468_4	M922_4	231	1174	817	2065
M2691_4	F1867_4	231	1095	423	453
M2691_4	F1873_4	231	1116	506	560
M2691_4	F2675_4	231	1331	1029	1133
M2691_4	F624_4	231	1229	137	146
M2691_4	M126_4	231	1177	1090	1184
M2691_4	M1440_4	231	1228	1032	1125
M2691_4	M1619_4	231	1253	883	965
M2691_4	M1819_4	231	1400	463	504
M2691_4	M2153_4	231	1472	934	1019
M2691_4	M2468_4	231	1258	405	445
M2691_4	M655_4	231	1172	716	781
M2691_4	M759_4	231	1206	532	582
M2691_4	M922_4	231	1577	643	721
M655_4	F1867_4	231	1232	208	208
M655_4	F1873_4	231	1260	332	332
M655_4	F2675_4	231	1286	737	737
M655_4	F624_4	231	1249	63	63
M655_4	M126_4	231	1422	1215	1215
M655_4	M1440_4	231	1081	728	728
M655_4	M1619_4	231	1397	636	636
M655_4	M1819_4	231	1306	240	240
M655_4	M2153_4	231	1254	497	497
M655_4	M2468_4	231	1418	210	210
M655_4	M2691_4	231	1172	744	744
M655_4	M759_4	231	1267	325	325
M655_4	M922_4	231	1271	260	260
M759_4	F1867_4	231	1375	836	836
M759_4	F1873_4	231	1418	1005	1005
M759_4	F2675_4	231	1220	1114	1114
M759_4	F624_4	231	1192	317	317
M759_4	M126_4	231	1406	1371	1371
M759_4	M1440_4	231	1348	1263	1263
M759_4	M1619_4	231	1212	1045	1045
M759_4	M1819_4	231	1160	692	692
M759_4	M2153_4	231	1386	1177	1177
M759_4	M2468_4	231	1214	716	716
M759_4	M2691_4	231	1206	1100	1100
M759_4	M655_4	231	1267	1042	1042
M759_4	M922_4	231	1261	812	812
M922_4	F1867_4	231	1360	157	157
M922_4	F1873_4	231	1191	212	212
M922_4	F2675_4	231	1079	516	516
M922_4	F624_4	231	1192	32	32
M922_4	M126_4	231	1170	921	921
M922_4	M1440_4	231	1188	632	632
M922_4	M1619_4	231	1377	462	462
M922_4	M1819_4	231	1301	131	131
M922_4	M2153_4	231	1307	360	360
M922_4	M2468_4	231	1174	103	103
M922_4	M2691_4	231	1577	748	748
M922_4	M655_4	231	1271	317	317
M922_4	M759_4	231	1261	180	180
F1036_4	F1210_4	232	1019	843	843
F1036_4	F1658_4	232	1453	1355	1355
F1036_4	F1740_4	232	1151	760	760
F1036_4	F1907_4	232	1375	1341	1341
F1036_4	F1945_4	232	1416	869	869
F1036_4	F994_4	232	1293	786	786
F1036_4	M1005_4	232	1288	1222	1222
F1036_4	M1980_4	232	1266	997	997
F1036_4	M1997_4	232	1413	935	935
F1036_4	M2283_4	232	1362	1170	1170
F1036_4	M2298_4	232	1200	380	380
F1036_4	M2748_4	232	1309	622	622
F1036_4	M300_4	232	1180	858	858
F1210_4	F1036_4	232	1019	107	107
F1210_4	F1658_4	232	1437	1046	1046
F1210_4	F1740_4	232	1187	280	280
F1210_4	F1907_4	232	1193	1060	1060
F1210_4	F1945_4	232	1157	250	250
F1210_4	F994_4	232	1264	262	262
F1210_4	M1005_4	232	1159	895	895
F1210_4	M1980_4	232	1371	515	515
F1210_4	M1997_4	232	1242	294	294
F1210_4	M2283_4	232	1273	659	659
F1210_4	M2298_4	232	1204	87	87
F1210_4	M2748_4	232	1140	158	158
F1210_4	M300_4	232	1341	405	405
F1658_4	F1036_4	232	1453	193	247
F1658_4	F1210_4	232	1437	803	1048
F1658_4	F1740_4	232	1220	430	577
F1658_4	F1907_4	232	1276	1176	1515
F1658_4	F1945_4	232	1328	379	495
F1658_4	F994_4	232	1408	421	580
F1658_4	M1005_4	232	1318	1103	1414
F1658_4	M1980_4	232	1218	574	742
F1658_4	M1997_4	232	1285	422	566
F1658_4	M2283_4	232	1287	816	1057
F1658_4	M2298_4	232	1258	139	178
F1658_4	M2748_4	232	1236	263	363
F1658_4	M300_4	232	1435	586	764
F1740_4	F1036_4	232	1151	46	46
F1740_4	F1210_4	232	1187	272	272
F1740_4	F1658_4	232	1220	635	635
F1740_4	F1907_4	232	1204	928	928
F1740_4	F1945_4	232	1246	127	127
F1740_4	F994_4	232	1245	122	122
F1740_4	M1005_4	232	1122	585	585
F1740_4	M1980_4	232	1229	225	225
F1740_4	M1997_4	232	1284	134	134
F1740_4	M2283_4	232	1267	361	361
F1740_4	M2298_4	232	1337	46	46
F1740_4	M2748_4	232	1411	85	85
F1740_4	M300_4	232	1416	202	202
F1907_4	F1036_4	232	1375	79	79
F1907_4	F1210_4	232	1193	421	421
F1907_4	F1658_4	232	1276	771	771
F1907_4	F1740_4	232	1204	224	224
F1907_4	F1945_4	232	1176	171	171
F1907_4	F994_4	232	1425	220	220
F1907_4	M1005_4	232	1269	856	856
F1907_4	M1980_4	232	1272	343	343
F1907_4	M1997_4	232	1175	225	225
F1907_4	M2283_4	232	1233	511	511
F1907_4	M2298_4	232	1349	67	67
F1907_4	M2748_4	232	1147	114	114
F1907_4	M300_4	232	1269	321	321
F1945_4	F1036_4	232	1416	273	315
F1945_4	F1210_4	232	1157	788	898
F1945_4	F1658_4	232	1328	1164	1308
F1945_4	F1740_4	232	1246	568	647
F1945_4	F1907_4	232	1176	1132	1282
F1945_4	F994_4	232	1118	495	569
F1945_4	M1005_4	232	1279	1120	1266
F1945_4	M1980_4	232	1360	795	894
F1945_4	M1997_4	232	1238	551	626
F1945_4	M2283_4	232	1297	916	1033
F1945_4	M2298_4	232	1194	171	195
F1945_4	M2748_4	232	1338	403	460
F1945_4	M300_4	232	1312	695	784
F994_4	F1036_4	232	1293	9	9
F994_4	F1210_4	232	1264	59	59
F994_4	F1658_4	232	1408	221	221
F994_4	F1740_4	232	1245	36	36
F994_4	F1907_4	232	1425	496	496
F994_4	F1945_4	232	1118	21	21
F994_4	M1005_4	232	1351	233	233
F994_4	M1980_4	232	1232	48	48
F994_4	M1997_4	232	1414	30	30
F994_4	M2283_4	232	1256	77	77
F994_4	M2298_4	232	1275	7	7
F994_4	M2748_4	232	1195	17	17
F994_4	M300_4	232	1242	36	36
M1005_4	F1036_4	232	1288	125	125
M1005_4	F1210_4	232	1159	545	545
M1005_4	F1658_4	232	1318	939	939
M1005_4	F1740_4	232	1122	302	302
M1005_4	F1907_4	232	1269	1157	1157
M1005_4	F1945_4	232	1279	273	273
M1005_4	F994_4	232	1351	314	314
M1005_4	M1980_4	232	1233	460	460
M1005_4	M1997_4	232	1264	344	344
M1005_4	M2283_4	232	1301	694	694
M1005_4	M2298_4	232	1436	107	107
M1005_4	M2748_4	232	1199	179	179
M1005_4	M300_4	232	1241	401	401
M1980_4	F1036_4	232	1266	57	71
M1980_4	F1210_4	232	1371	360	462
M1980_4	F1658_4	232	1218	645	853
M1980_4	F1740_4	232	1229	169	220
M1980_4	F1907_4	232	1272	1007	1371
M1980_4	F1945_4	232	1360	146	186
M1980_4	F994_4	232	1232	127	172
M1980_4	M1005_4	232	1233	758	1024
M1980_4	M1997_4	232	1300	149	194
M1980_4	M2283_4	232	1211	370	513
M1980_4	M2298_4	232	1264	46	66
M1980_4	M2748_4	232	1319	98	136
M1980_4	M300_4	232	1310	218	281
M1997_4	F1036_4	232	1413	499	1924
M1997_4	F1210_4	232	1242	1029	3932
M1997_4	F1658_4	232	1285	1220	4695
M1997_4	F1740_4	232	1284	899	3491
M1997_4	F1907_4	232	1175	1150	4498
M1997_4	F1945_4	232	1238	783	2977
M1997_4	F994_4	232	1414	912	3504
M1997_4	M1005_4	232	1264	1206	4709
M1997_4	M1980_4	232	1300	1010	3990
M1997_4	M2283_4	232	1201	1030	3961
M1997_4	M2298_4	232	1247	408	1569
M1997_4	M2748_4	232	1354	717	2745
M1997_4	M300_4	232	1334	1000	3897
M2283_4	F1036_4	232	1362	76	144
M2283_4	F1210_4	232	1273	420	802
M2283_4	F1658_4	232	1287	803	1422
M2283_4	F1740_4	232	1267	219	422
M2283_4	F1907_4	232	1233	1024	1860
M2283_4	F1945_4	232	1297	198	374
M2283_4	F994_4	232	1256	194	382
M2283_4	M1005_4	232	1301	849	1523
M2283_4	M1980_4	232	1211	332	594
M2283_4	M1997_4	232	1201	203	361
M2283_4	M2298_4	232	1236	68	118
M2283_4	M2748_4	232	1152	122	227
M2283_4	M300_4	232	1229	266	462
M2298_4	F1036_4	232	1200	153	153
M2298_4	F1210_4	232	1204	690	690
M2298_4	F1658_4	232	1258	1009	1009
M2298_4	F1740_4	232	1337	498	498
M2298_4	F1907_4	232	1349	1245	1245
M2298_4	F1945_4	232	1194	381	381
M2298_4	F994_4	232	1275	385	385
M2298_4	M1005_4	232	1436	1201	1201
M2298_4	M1980_4	232	1264	602	602
M2298_4	M1997_4	232	1247	443	443
M2298_4	M2283_4	232	1236	769	769
M2298_4	M2748_4	232	1274	311	311
M2298_4	M300_4	232	1443	605	605
M2748_4	F1036_4	232	1309	57	57
M2748_4	F1210_4	232	1140	329	329
M2748_4	F1658_4	232	1236	718	718
M2748_4	F1740_4	232	1411	228	228
M2748_4	F1907_4	232	1147	915	915
M2748_4	F1945_4	232	1338	157	157
M2748_4	F994_4	232	1195	145	145
M2748_4	M1005_4	232	1199	720	720
M2748_4	M1980_4	232	1319	312	312
M2748_4	M1997_4	232	1354	196	196
M2748_4	M2283_4	232	1152	394	394
M2748_4	M2298_4	232	1274	51	51
M2748_4	M300_4	232	1293	229	229
M300_4	F1036_4	232	1180	97	97
M300_4	F1210_4	232	1341	475	475
M300_4	F1658_4	232	1435	975	975
M300_4	F1740_4	232	1416	307	307
M300_4	F1907_4	232	1269	1095	1095
M300_4	F1945_4	232	1312	230	230
M300_4	F994_4	232	1242	200	200
M300_4	M1005_4	232	1241	857	857
M300_4	M1980_4	232	1310	405	405
M300_4	M1997_4	232	1334	256	256
M300_4	M2283_4	232	1229	536	536
M300_4	M2298_4	232	1443	92	92
M300_4	M2748_4	232	1293	156	156
F1777_4	F666_4	233	1265	863	863
F1777_4	F832_4	233	1402	588	588
F1777_4	M1160_4	233	1163	276	276
F1777_4	M1200_4	233	1138	801	801
F1777_4	M127_4	233	1251	166	166
F1777_4	M1285_4	233	1327	184	184
F1777_4	M1429_4	233	1388	227	227
F1777_4	M179_4	233	1249	118	118
F1777_4	M2020_4	233	1284	404	404
F1777_4	M539_4	233	1301	85	85
F1777_4	M808_4	233	1165	137	137
F1777_4	M972_4	233	1242	522	522
F1777_4	M998_4	233	1404	1047	1047
F666_4	F1777_4	233	1265	896	1951
F666_4	F832_4	233	1260	971	2208
F666_4	M1160_4	233	1246	675	1533
F666_4	M1200_4	233	1276	1165	2656
F666_4	M127_4	233	1321	538	1228
F666_4	M1285_4	233	1305	544	1206
F666_4	M1429_4	233	1182	558	1258
F666_4	M179_4	233	1200	406	901
F666_4	M2020_4	233	1244	845	1898
F666_4	M539_4	233	1338	346	803
F666_4	M808_4	233	1243	450	1017
F666_4	M972_4	233	1181	905	2023
F666_4	M998_4	233	1207	1134	2576
F832_4	F1777_4	233	1402	248	248
F832_4	F666_4	233	1260	588	588
F832_4	M1160_4	233	1244	133	133
F832_4	M1200_4	233	1174	602	602
F832_4	M127_4	233	1364	99	99
F832_4	M1285_4	233	1262	77	77
F832_4	M1429_4	233	1245	92	92
F832_4	M179_4	233	1198	59	59
F832_4	M2020_4	233	1110	178	178
F832_4	M539_4	233	1273	34	34
F832_4	M808_4	233	1327	64	64
F832_4	M972_4	233	1320	336	336
F832_4	M998_4	233	1257	693	693
M1160_4	F1777_4	233	1163	1111	1111
M1160_4	F666_4	233	1246	1231	1231
M1160_4	F832_4	233	1244	1208	1208
M1160_4	M1200_4	233	1355	1343	1343
M1160_4	M127_4	233	1366	1180	1180
M1160_4	M1285_4	233	1223	1071	1071
M1160_4	M1429_4	233	1283	1162	1162
M1160_4	M179_4	233	1405	1196	1196
M1160_4	M2020_4	233	1141	1082	1082
M1160_4	M539_4	233	1079	842	842
M1160_4	M808_4	233	1227	1057	1057
M1160_4	M972_4	233	1321	1290	1290
M1160_4	M998_4	233	1153	1141	1141
M1200_4	F1777_4	233	1138	517	1842
M1200_4	F666_4	233	1276	943	3355
M1200_4	F832_4	233	1174	600	2106
M1200_4	M1160_4	233	1355	413	1507
M1200_4	M127_4	233	1394	246	834
M1200_4	M1285_4	233	1429	278	1013
M1200_4	M1429_4	233	1248	310	1066
M1200_4	M179_4	233	1206	178	647
M1200_4	M2020_4	233	1176	502	1828
M1200_4	M539_4	233	1177	134	481
M1200_4	M808_4	233	1305	207	705
M1200_4	M972_4	233	1202	636	2341
M1200_4	M998_4	233	1304	1055	3739
M127_4	F1777_4	233	1251	533	1007
M127_4	F666_4	233	1321	980	1956
M127_4	F832_4	233	1364	722	1428
M127_4	M1160_4	233	1366	387	731
M127_4	M1200_4	233	1394	1085	2120
M127_4	M1285_4	233	1334	230	507
M127_4	M1429_4	233	1352	276	524
M127_4	M179_4	233	1261	194	390
M127_4	M2020_4	233	1261	492	960
M127_4	M539_4	233	1333	112	225
M127_4	M808_4	233	1352	215	411
M127_4	M972_4	233	1388	734	1443
M127_4	M998_4	233	1213	963	1890
M1285_4	F1777_4	233	1327	823	2694
M1285_4	F666_4	233	1305	1083	3616
M1285_4	F832_4	233	1262	826	2742
M1285_4	M1160_4	233	1223	550	1767
M1285_4	M1200_4	233	1429	1221	4077
M1285_4	M127_4	233	1334	387	1255
M1285_4	M1429_4	233	1506	532	1785
M1285_4	M179_4	233	1354	334	1176
M1285_4	M2020_4	233	1400	776	2566
M1285_4	M539_4	233	1179	211	717
M1285_4	M808_4	233	1190	293	991
M1285_4	M972_4	233	1219	825	2775
M1285_4	M998_4	233	1276	1151	3808
M1429_4	F1777_4	233	1388	768	768
M1429_4	F666_4	233	1182	987	987
M1429_4	F832_4	233	1245	813	813
M1429_4	M1160_4	233	1283	517	517
M1429_4	M1200_4	233	1248	1054	1054
M1429_4	M127_4	233	1352	383	383
M1429_4	M1285_4	233	1506	444	444
M1429_4	M179_4	233	1288	285	285
M1429_4	M2020_4	233	1362	715	715
M1429_4	M539_4	233	1001	154	154
M1429_4	M808_4	233	1353	307	307
M1429_4	M972_4	233	1444	957	957
M1429_4	M998_4	233	1356	1189	1189
M179_4	F1777_4	233	1249	710	2358
M179_4	F666_4	233	1200	978	3156
M179_4	F832_4	233	1198	778	2478
M179_4	M1160_4	233	1405	581	1914
M179_4	M1200_4	233	1206	1051	3430
M179_4	M127_4	233	1261	334	1127
M179_4	M1285_4	233	1354	358	1153
M179_4	M1429_4	233	1288	411	1309
M179_4	M2020_4	233	1303	668	2207
M179_4	M539_4	233	1191	196	605
M179_4	M808_4	233	1264	319	1035
M179_4	M972_4	233	1285	836	2770
M179_4	M998_4	233	1318	1184	3847
M2020_4	F1777_4	233	1284	518	1296
M2020_4	F666_4	233	1244	885	2171
M2020_4	F832_4	233	1110	539	1311
M2020_4	M1160_4	233	1141	293	707
M2020_4	M1200_4	233	1176	869	2131
M2020_4	M127_4	233	1261	195	477
M2020_4	M1285_4	233	1400	235	577
M2020_4	M1429_4	233	1362	227	560
M2020_4	M179_4	233	1303	165	418
M2020_4	M539_4	233	1299	114	274
M2020_4	M808_4	233	1379	174	447
M2020_4	M972_4	233	1158	534	1317
M2020_4	M998_4	233	1428	1115	2755
M539_4	F1777_4	233	1301	487	550
M539_4	F666_4	233	1338	893	984
M539_4	F832_4	233	1273	517	587
M539_4	M1160_4	233	1079	238	264
M539_4	M1200_4	233	1177	806	905
M539_4	M127_4	233	1333	181	202
M539_4	M1285_4	233	1179	175	195
M539_4	M1429_4	233	1001	147	163
M539_4	M179_4	233	1191	112	134
M539_4	M2020_4	233	1299	415	473
M539_4	M808_4	233	1242	145	165
M539_4	M972_4	233	1364	557	620
M539_4	M998_4	233	1086	838	945
M808_4	F1777_4	233	1165	1117	2267
M808_4	F666_4	233	1243	1228	2505
M808_4	F832_4	233	1327	1280	2635
M808_4	M1160_4	233	1227	1097	2226
M808_4	M1200_4	233	1305	1286	2625
M808_4	M127_4	233	1352	1158	2304
M808_4	M1285_4	233	1190	1018	2071
M808_4	M1429_4	233	1353	1165	2363
M808_4	M179_4	233	1264	1018	2053
M808_4	M2020_4	233	1379	1291	2628
M808_4	M539_4	233	1242	917	1880
M808_4	M972_4	233	1220	1167	2459
M808_4	M998_4	233	1300	1294	2572
M972_4	F1777_4	233	1242	791	791
M972_4	F666_4	233	1181	1024	1024
M972_4	F832_4	233	1320	935	935
M972_4	M1160_4	233	1321	662	662
M972_4	M1200_4	233	1202	1083	1083
M972_4	M127_4	233	1388	519	519
M972_4	M1285_4	233	1219	435	435
M972_4	M1429_4	233	1444	541	541
M972_4	M179_4	233	1285	371	371
M972_4	M2020_4	233	1158	717	717
M972_4	M539_4	233	1364	268	268
M972_4	M808_4	233	1220	366	366
M972_4	M998_4	233	1227	1107	1107
M998_4	F1777_4	233	1404	994	1111
M998_4	F666_4	233	1207	1071	1166
M998_4	F832_4	233	1257	977	1088
M998_4	M1160_4	233	1153	659	734
M998_4	M1200_4	233	1304	1191	1330
M998_4	M127_4	233	1213	488	532
M998_4	M1285_4	233	1276	549	614
M998_4	M1429_4	233	1356	634	717
M998_4	M179_4	233	1318	464	522
M998_4	M2020_4	233	1428	1008	1116
M998_4	M539_4	233	1086	266	295
M998_4	M808_4	233	1300	471	520
M998_4	M972_4	233	1227	965	1072
F113_4	F2260_4	234	1312	865	2828
F113_4	F2335_4	234	1232	1017	3293
F113_4	F2382_4	234	1260	187	617
F113_4	F252_4	234	1408	65	214
F113_4	F2574_4	234	1321	772	2505
F113_4	F50_4	234	1269	653	2118
F113_4	F52_4	234	1381	300	1020
F113_4	M1349_4	234	1198	565	1887
F113_4	M1695_4	234	1252	800	2729
F113_4	M2169_4	234	1391	582	1861
F113_4	M2175_4	234	1210	690	2227
F113_4	M463_4	234	1259	144	480
F113_4	M53_4	234	1220	995	3254
F2260_4	F113_4	234	1312	1260	1260
F2260_4	F2335_4	234	1368	1355	1355
F2260_4	F2382_4	234	1277	1034	1034
F2260_4	F252_4	234	1208	658	658
F2260_4	F2574_4	234	1386	1332	1332
F2260_4	F50_4	234	1340	1296	1296
F2260_4	F52_4	234	1269	1085	1085
F2260_4	M1349_4	234	1293	1236	1236
F2260_4	M1695_4	234	1246	1219	1219
F2260_4	M2169_4	234	1369	1285	1285
F2260_4	M2175_4	234	1194	1154	1154
F2260_4	M463_4	234	1159	848	848
F2260_4	M53_4	234	1311	1298	1298
F2335_4	F113_4	234	1232	519	717
F2335_4	F2260_4	234	1368	728	998
F2335_4	F2382_4	234	1212	96	135
F2335_4	F252_4	234	1208	38	56
F2335_4	F2574_4	234	1190	558	771
F2335_4	F50_4	234	1108	445	647
F2335_4	F52_4	234	1282	174	238
F2335_4	M1349_4	234	1193	420	597
F2335_4	M1695_4	234	1198	690	984
F2335_4	M2169_4	234	1325	410	595
F2335_4	M2175_4	234	1280	550	758
F2335_4	M463_4	234	1254	68	96
F2335_4	M53_4	234	1336	1002	1425
F2382_4	F113_4	234	1260	930	1024
F2382_4	F2260_4	234	1277	1040	1156
F2382_4	F2335_4	234	1212	1102	1203
F2382_4	F252_4	234	1253	125	136
F2382_4	F2574_4	234	1244	928	1029
F2382_4	F50_4	234	1398	1000	1096
F2382_4	F52_4	234	1307	527	581
F2382_4	M1349_4	234	1244	831	900
F2382_4	M1695_4	234	1170	962	1053
F2382_4	M2169_4	234	1283	806	878
F2382_4	M2175_4	234	1299	979	1077
F2382_4	M463_4	234	1331	298	322
F2382_4	M53_4	234	1356	1245	1385
F252_4	F113_4	234	1408	106	106
F252_4	F2260_4	234	1208	165	165
F252_4	F2335_4	234	1208	317	317
F252_4	F2382_4	234	1253	19	19
F252_4	F2574_4	234	1163	123	123
F252_4	F50_4	234	1266	81	81
F252_4	F52_4	234	1243	26	26
F252_4	M1349_4	234	1105	62	62
F252_4	M1695_4	234	1303	166	166
F252_4	M2169_4	234	1324	73	73
F252_4	M2175_4	234	1325	96	96
F252_4	M463_4	234	1247	12	12
F252_4	M53_4	234	1256	364	364
F2574_4	F113_4	234	1321	733	1365
F2574_4	F2260_4	234	1386	872	1599
F2574_4	F2335_4	234	1190	1000	1888
F2574_4	F2382_4	234	1244	209	397
F2574_4	F252_4	234	1163	56	104
F2574_4	F50_4	234	1266	637	1203
F2574_4	F52_4	234	1105	230	421
F2574_4	M1349_4	234	1329	637	1195
F2574_4	M1695_4	234	1184	791	1493
F2574_4	M2169_4	234	1372	614	1168
F2574_4	M2175_4	234	1208	677	1272
F2574_4	M463_4	234	1251	136	255
F2574_4	M53_4	234	1229	1033	1987
F50_4	F113_4	234	1269	790	790
F50_4	F2260_4	234	1340	991	991
F50_4	F2335_4	234	1108	957	957
F50_4	F2382_4	234	1398	267	267
F50_4	F252_4	234	1266	76	76
F50_4	F2574_4	234	1266	795	795
F50_4	F52_4	234	1331	351	351
F50_4	M1349_4	234	1333	734	734
F50_4	M1695_4	234	1183	838	838
F50_4	M2169_4	234	1328	647	647
F50_4	M2175_4	234	1401	898	898
F50_4	M463_4	234	1434	189	189
F50_4	M53_4	234	1342	1176	1176
F52_4	F113_4	234	1381	614	811
F52_4	F2260_4	234	1269	718	930
F52_4	F2335_4	234	1282	968	1254
F52_4	F2382_4	234	1307	137	183
F52_4	F252_4	234	1243	34	48
F52_4	F2574_4	234	1105	561	729
F52_4	F50_4	234	1331	557	737
F52_4	M1349_4	234	1227	464	595
F52_4	M1695_4	234	1310	756	970
F52_4	M2169_4	234	1276	410	552
F52_4	M2175_4	234	1281	581	755
F52_4	M463_4	234	1340	111	156
F52_4	M53_4	234	1272	998	1308
M1349_4	F113_4	234	1198	116	394
M1349_4	F2260_4	234	1293	200	692
M1349_4	F2335_4	234	1193	385	1305
M1349_4	F2382_4	234	1244	14	48
M1349_4	F252_4	234	1105	8	23
M1349_4	F2574_4	234	1329	171	563
M1349_4	F50_4	234	1333	131	441
M1349_4	F52_4	234	1227	35	101
M1349_4	M1695_4	234	1257	204	690
M1349_4	M2169_4	234	1287	91	330
M1349_4	M2175_4	234	1265	135	444
M1349_4	M463_4	234	1225	17	67
M1349_4	M53_4	234	1393	487	1588
M1695_4	F113_4	234	1252	213	213
M1695_4	F2260_4	234	1246	342	342
M1695_4	F2335_4	234	1198	558	558
M1695_4	F2382_4	234	1170	35	35
M1695_4	F252_4	234	1303	6	6
M1695_4	F2574_4	234	1184	260	260
M1695_4	F50_4	234	1183	192	192
M1695_4	F52_4	234	1310	69	69
M1695_4	M1349_4	234	1257	155	155
M1695_4	M2169_4	234	1023	124	124
M1695_4	M2175_4	234	1331	208	208
M1695_4	M463_4	234	1274	24	24
M1695_4	M53_4	234	1202	594	594
M2169_4	F113_4	234	1391	716	716
M2169_4	F2260_4	234	1369	842	842
M2169_4	F2335_4	234	1325	1054	1054
M2169_4	F2382_4	234	1283	178	178
M2169_4	F252_4	234	1324	68	68
M2169_4	F2574_4	234	1372	731	731
M2169_4	F50_4	234	1328	603	603
M2169_4	F52_4	234	1276	229	229
M2169_4	M1349_4	234	1287	539	539
M2169_4	M1695_4	234	1023	638	638
M2169_4	M2175_4	234	1264	645	645
M2169_4	M463_4	234	1093	110	110
M2169_4	M53_4	234	1242	1035	1035
M2175_4	F113_4	234	1210	946	946
M2175_4	F2260_4	234	1194	995	995
M2175_4	F2335_4	234	1280	1192	1192
M2175_4	F2382_4	234	1299	445	445
M2175_4	F252_4	234	1325	171	171
M2175_4	F2574_4	234	1208	967	967
M2175_4	F50_4	234	1401	1087	1087
M2175_4	F52_4	234	1281	610	610
M2175_4	M1349_4	234	1265	938	938
M2175_4	M1695_4	234	1331	1132	1132
M2175_4	M2169_4	234	1264	869	869
M2175_4	M463_4	234	1201	295	295
M2175_4	M53_4	234	1247	1160	1160
M463_4	F113_4	234	1259	1113	2696
M463_4	F2260_4	234	1159	1070	2607
M463_4	F2335_4	234	1254	1209	2949
M463_4	F2382_4	234	1331	697	1693
M463_4	F252_4	234	1247	252	664
M463_4	F2574_4	234	1251	1112	2728
M463_4	F50_4	234	1434	1239	3014
M463_4	F52_4	234	1340	866	2129
M463_4	M1349_4	234	1225	1028	2553
M463_4	M1695_4	234	1274	1184	2851
M463_4	M2169_4	234	1093	893	2157
M463_4	M2175_4	234	1201	1087	2686
M463_4	M53_4	234	1368	1332	3328
M53_4	F113_4	234	1220	1036	1036
M53_4	F2260_4	234	1311	1178	1178
M53_4	F2335_4	234	1336	1280	1280
M53_4	F2382_4	234	1356	613	613
M53_4	F252_4	234	1256	245	245
M53_4	F2574_4	234	1229	1067	1067
M53_4	F50_4	234	1342	1141	1141
M53_4	F52_4	234	1272	755	755
M53_4	M1349_4	234	1393	1116	1116
M53_4	M1695_4	234	1202	1088	1088
M53_4	M2169_4	234	1242	973	973
M53_4	M2175_4	234	1247	1085	1085
M53_4	M463_4	234	1368	472	472
F1152_4	F1790_4	235	1268	783	783
F1152_4	F1884_4	235	1287	551	551
F1152_4	F2195_4	235	1229	198	198
F1152_4	F2348_4	235	1215	127	127
F1152_4	F2445_4	235	1300	569	569
F1152_4	M1170_4	235	1215	375	375
F1152_4	M147_4	235	1259	194	194
F1152_4	M1624_4	235	1188	30	30
F1152_4	M1871_4	235	1370	98	98
F1152_4	M2286_4	235	1266	70	70
F1152_4	M2756_4	235	1284	911	911
F1152_4	M294_4	235	1439	412	412
F1152_4	M415_4	235	1333	515	515
F1790_4	F1152_4	235	1268	688	1539
F1790_4	F1884_4	235	1299	706	1479
F1790_4	F2195_4	235	1255	331	700
F1790_4	F2348_4	235	1220	168	371
F1790_4	F2445_4	235	1337	775	1671
F1790_4	M1170_4	235	1205	512	1089
F1790_4	M147_4	235	1239	297	660
F1790_4	M1624_4	235	1239	66	115
F1790_4	M1871_4	235	1317	148	321
F1790_4	M2286_4	235	1227	119	258
F1790_4	M2756_4	235	1296	1029	2186
F1790_4	M294_4	235	1301	465	1003
F1790_4	M415_4	235	1143	615	1288
F1884_4	F1152_4	235	1287	1188	1188
F1884_4	F1790_4	235	1299	1243	1243
F1884_4	F2195_4	235	1302	988	988
F1884_4	F2348_4	235	1380	819	819
F1884_4	F2445_4	235	1306	1221	1221
F1884_4	M1170_4	235	1418	1242	1242
F1884_4	M147_4	235	1199	907	907
F1884_4	M1624_4	235	1239	460	460
F1884_4	M1871_4	235	1208	660	660
F1884_4	M2286_4	235	1169	623	623
F1884_4	M2756_4	235	1338	1312	1312
F1884_4	M294_4	235	1407	1214	1214
F1884_4	M415_4	235	1246	1150	1150
F2195_4	F1152_4	235	1229	472	2037
F2195_4	F1790_4	235	1255	727	3263
F2195_4	F1884_4	235	1302	499	2164
F2195_4	F2348_4	235	1265	100	416
F2195_4	F2445_4	235	1069	457	2022
F2195_4	M1170_4	235	1284	377	1627
F2195_4	M147_4	235	1163	163	684
F2195_4	M1624_4	235	1198	40	184
F2195_4	M1871_4	235	1494	120	498
F2195_4	M2286_4	235	1400	51	219
F2195_4	M2756_4	235	1176	779	3411
F2195_4	M294_4	235	1216	278	1207
F2195_4	M415_4	235	1229	464	2022
F2348_4	F1152_4	235	1215	1200	1200
F2348_4	F1790_4	235	1220	1215	1215
F2348_4	F1884_4	235	1380	1375	1375
F2348_4	F2195_4	235	1265	1231	1231
F2348_4	F2445_4	235	1015	1003	1003
F2348_4	M1170_4	235	1235	1210	1210
F2348_4	M147_4	235	1354	1300	1300
F2348_4	M1624_4	235	1180	980	980
F2348_4	M1871_4	235	1301	1173	1173
F2348_4	M2286_4	235	1252	1120	1120
F2348_4	M2756_4	235	1159	1153	1153
F2348_4	M294_4	235	1185	1159	1159
F2348_4	M415_4	235	1164	1156	1156
F2445_4	F1152_4	235	1300	202	202
F2445_4	F1790_4	235	1337	403	403
F2445_4	F1884_4	235	1306	220	220
F2445_4	F2195_4	235	1069	53	53
F2445_4	F2348_4	235	1015	29	29
F2445_4	M1170_4	235	1291	107	107
F2445_4	M147_4	235	1339	58	58
F2445_4	M1624_4	235	1281	13	13
F2445_4	M1871_4	235	1256	26	26
F2445_4	M2286_4	235	1151	19	19
F2445_4	M2756_4	235	1195	454	454
F2445_4	M294_4	235	1195	84	84
F2445_4	M415_4	235	1404	213	213
M1170_4	F1152_4	235	1215	248	248
M1170_4	F1790_4	235	1205	458	458
M1170_4	F1884_4	235	1418	310	310
M1170_4	F2195_4	235	1284	92	92
M1170_4	F2348_4	235	1235	41	41
M1170_4	F2445_4	235	1291	311	311
M1170_4	M147_4	235	1028	77	77
M1170_4	M1624_4	235	1314	13	13
M1170_4	M1871_4	235	1130	33	33
M1170_4	M2286_4	235	1346	22	22
M1170_4	M2756_4	235	1360	671	671
M1170_4	M294_4	235	1279	130	130
M1170_4	M415_4	235	1336	278	278
M147_4	F1152_4	235	1259	1163	1163
M147_4	F1790_4	235	1239	1186	1186
M147_4	F1884_4	235	1199	1108	1108
M147_4	F2195_4	235	1163	903	903
M147_4	F2348_4	235	1354	834	834
M147_4	F2445_4	235	1339	1249	1249
M147_4	M1170_4	235	1028	872	872
M147_4	M1624_4	235	1237	431	431
M147_4	M1871_4	235	1281	729	729
M147_4	M2286_4	235	1275	640	640
M147_4	M2756_4	235	1303	1268	1268
M147_4	M294_4	235	1211	1028	1028
M147_4	M415_4	235	1223	1121	1121
M1624_4	F1152_4	235	1188	727	1929
M1624_4	F1790_4	235	1239	956	2479
M1624_4	F1884_4	235	1239	756	1964
M1624_4	F2195_4	235	1198	314	781
M1624_4	F2348_4	235	1180	188	490
M1624_4	F2445_4	235	1281	815	2090
M1624_4	M1170_4	235	1314	615	1549
M1624_4	M147_4	235	1237	327	824
M1624_4	M1871_4	235	1263	162	442
M1624_4	M2286_4	235	1288	164	438
M1624_4	M2756_4	235	1212	1013	2652
M1624_4	M294_4	235	1377	564	1466
M1624_4	M415_4	235	1374	817	2129
M1871_4	F1152_4	235	1370	451	933
M1871_4	F1790_4	235	1317	644	1288
M1871_4	F1884_4	235	1208	400	801
M1871_4	F2195_4	235	1494	164	343
M1871_4	F2348_4	235	1301	69	130
M1871_4	F2445_4	235	1256	465	979
M1871_4	M1170_4	235	1130	252	534
M1871_4	M147_4	235	1281	146	310
M1871_4	M1624_4	235	1263	27	52
M1871_4	M2286_4	235	1171	47	93
M1871_4	M2756_4	235	1194	725	1482
M1871_4	M294_4	235	1312	238	448
M1871_4	M415_4	235	1309	384	825
M2286_4	F1152_4	235	1266	1194	1698
M2286_4	F1790_4	235	1227	1203	1697
M2286_4	F1884_4	235	1169	1108	1578
M2286_4	F2195_4	235	1400	1141	1597
M2286_4	F2348_4	235	1252	858	1203
M2286_4	F2445_4	235	1151	1100	1568
M2286_4	M1170_4	235	1346	1221	1733
M2286_4	M147_4	235	1275	1052	1498
M2286_4	M1624_4	235	1288	562	784
M2286_4	M1871_4	235	1171	755	1067
M2286_4	M2756_4	235	1276	1253	1795
M2286_4	M294_4	235	1259	1128	1596
M2286_4	M415_4	235	1247	1161	1650
M2756_4	F1152_4	235	1284	1120	1252
M2756_4	F1790_4	235	1296	1198	1328
M2756_4	F1884_4	235	1338	1149	1257
M2756_4	F2195_4	235	1176	730	816
M2756_4	F2348_4	235	1159	527	582
M2756_4	F2445_4	235	1195	1036	1170
M2756_4	M1170_4	235	1360	1033	1161
M2756_4	M147_4	235	1303	792	889
M2756_4	M1624_4	235	1212	247	271
M2756_4	M1871_4	235	1194	479	523
M2756_4	M2286_4	235	1276	464	512
M2756_4	M294_4	235	1270	934	1048
M2756_4	M415_4	235	1277	1104	1228
M294_4	F1152_4	235	1439	28	66
M294_4	F1790_4	235	1301	59	162
M294_4	F1884_4	235	1407	26	72
M294_4	F2195_4	235	1216	6	16
M294_4	F2348_4	235	1185	4	12
M294_4	F2445_4	235	1195	22	55
M294_4	M1170_4	235	1279	20	43
M294_4	M147_4	235	1211	10	25
M294_4	M1624_4	235	1377	1	1
M294_4	M1871_4	235	1312	3	11
M294_4	M2286_4	235	1259	1	3
M294_4	M2756_4	235	1270	93	235
M294_4	M415_4	235	1247	27	60
M415_4	F1152_4	235	1333	1063	1063
M415_4	F1790_4	235	1143	1015	1015
M415_4	F1884_4	235	1246	997	997
M415_4	F2195_4	235	1229	613	613
M415_4	F2348_4	235	1164	382	382
M415_4	F2445_4	235	1404	1136	1136
M415_4	M1170_4	235	1336	921	921
M415_4	M147_4	235	1223	611	611
M415_4	M1624_4	235	1374	210	210
M415_4	M1871_4	235	1309	375	375
M415_4	M2286_4	235	1247	350	350
M415_4	M2756_4	235	1277	1193	1193
M415_4	M294_4	235	1247	809	809
F136_4	F1933_4	236	1261	964	964
F136_4	F2052_4	236	1147	1037	1037
F136_4	F2230_4	236	1250	355	355
F136_4	F480_4	236	1275	597	597
F136_4	F487_4	236	1184	729	729
F136_4	F898_4	236	1308	1066	1066
F136_4	M180_4	236	1295	1261	1261
F136_4	M2245_4	236	1315	880	880
F136_4	M2333_4	236	1272	589	589
F136_4	M258_4	236	1200	548	548
F136_4	M2700_4	236	1323	1063	1063
F136_4	M353_4	236	1367	470	470
F136_4	M72_4	236	1330	584	584
F1933_4	F136_4	236	1261	410	410
F1933_4	F2052_4	236	1180	667	667
F1933_4	F2230_4	236	1320	57	57
F1933_4	F480_4	236	1116	92	92
F1933_4	F487_4	236	1225	166	166
F1933_4	F898_4	236	1296	362	362
F1933_4	M180_4	236	1228	962	962
F1933_4	M2245_4	236	1252	186	186
F1933_4	M2333_4	236	1120	103	103
F1933_4	M258_4	236	1313	99	99
F1933_4	M2700_4	236	1181	365	365
F1933_4	M353_4	236	1375	77	77
F1933_4	M72_4	236	1205	86	86
F2052_4	F136_4	236	1147	928	2084
F2052_4	F1933_4	236	1180	897	1982
F2052_4	F2230_4	236	1214	296	644
F2052_4	F480_4	236	1335	583	1305
F2052_4	F487_4	236	1190	713	1613
F2052_4	F898_4	236	1307	1028	2303
F2052_4	M180_4	236	1229	1202	2713
F2052_4	M2245_4	236	1196	759	1687
F2052_4	M2333_4	236	1225	528	1186
F2052_4	M258_4	236	1157	475	1058
F2052_4	M2700_4	236	1245	1000	2279
F2052_4	M353_4	236	1069	338	766
F2052_4	M72_4	236	1258	544	1234
F2230_4	F136_4	236	1250	534	534
F2230_4	F1933_4	236	1320	438	438
F2230_4	F2052_4	236	1214	787	787
F2230_4	F480_4	236	1335	184	184
F2230_4	F487_4	236	1229	251	251
F2230_4	F898_4	236	1192	447	447
F2230_4	M180_4	236	1150	984	984
F2230_4	M2245_4	236	1310	257	257
F2230_4	M2333_4	236	1246	135	135
F2230_4	M258_4	236	1328	141	141
F2230_4	M2700_4	236	1319	538	538
F2230_4	M353_4	236	1166	93	93
F2230_4	M72_4	236	1191	138	138
F480_4	F136_4	236	1275	415	1458
F480_4	F1933_4	236	1116	274	929
F480_4	F2052_4	236	1335	729	2491
F480_4	F2230_4	236	1335	50	172
F480_4	F487_4	236	1302	172	593
F480_4	F898_4	236	1339	387	1371
F480_4	M180_4	236	1365	1047	3657
F480_4	M2245_4	236	1432	185	647
F480_4	M2333_4	236	1334	101	317
F480_4	M258_4	236	1371	78	270
F480_4	M2700_4	236	1231	369	1290
F480_4	M353_4	236	1232	61	231
F480_4	M72_4	236	1272	100	355
F487_4	F136_4	236	1184	1100	1100
F487_4	F1933_4	236	1225	1111	1111
F487_4	F2052_4	236	1190	1159	1159
F487_4	F2230_4	236	1229	612	612
F487_4	F480_4	236	1302	917	917
F487_4	F898_4	236	1371	1263	1263
F487_4	M180_4	236	1303	1290	1290
F487_4	M2245_4	236	1299	1094	1094
F487_4	M2333_4	236	1505	1073	1073
F487_4	M258_4	236	1171	816	816
F487_4	M2700_4	236	1247	1143	1143
F487_4	M353_4	236	1154	703	703
F487_4	M72_4	236	1275	873	873
F898_4	F136_4	236	1308	589	935
F898_4	F1933_4	236	1296	437	694
F898_4	F2052_4	236	1307	832	1353
F898_4	F2230_4	236	1192	67	103
F898_4	F480_4	236	1339	187	304
F898_4	F487_4	236	1371	253	410
F898_4	M180_4	236	1180	995	1581
F898_4	M2245_4	236	1262	302	479
F898_4	M2333_4	236	1206	155	254
F898_4	M258_4	236	1294	130	209
F898_4	M2700_4	236	1157	444	708
F898_4	M353_4	236	1255	85	130
F898_4	M72_4	236	1193	119	185
M180_4	F136_4	236	1295	176	262
M180_4	F1933_4	236	1228	116	163
M180_4	F2052_4	236	1229	325	441
M180_4	F2230_4	236	1150	12	15
M180_4	F480_4	236	1365	44	67
M180_4	F487_4	236	1303	57	73
M180_4	F898_4	236	1180	101	138
M180_4	M2245_4	236	1303	69	98
M180_4	M2333_4	236	1300	36	49
M180_4	M258_4	236	1321	25	39
M180_4	M2700_4	236	1275	166	239
M180_4	M353_4	236	1157	19	25
M180_4	M72_4	236	1241	28	39
M2245_4	F136_4	236	1315	476	476
M2245_4	F1933_4	236	1252	353	353
M2245_4	F2052_4	236	1196	683	683
M2245_4	F2230_4	236	1310	53	53
M2245_4	F480_4	236	1432	129	129
M2245_4	F487_4	236	1299	204	204
M2245_4	F898_4	236	1262	424	424
M2245_4	M180_4	236	1303	1069	1069
M2245_4	M2333_4	236	1277	120	120
M2245_4	M258_4	236	1186	100	100
M2245_4	M2700_4	236	1218	402	402
M2245_4	M353_4	236	1168	76	76
M2245_4	M72_4	236	1243	102	102
M2333_4	F136_4	236	1272	703	2004
M2333_4	F1933_4	236	1120	499	1480
M2333_4	F2052_4	236	1225	927	2702
M2333_4	F2230_4	236	1246	110	330
M2333_4	F480_4	236	1334	256	756
M2333_4	F487_4	236	1505	410	1266
M2333_4	F898_4	236	1206	604	1739
M2333_4	M180_4	236	1300	1200	3535
M2333_4	M2245_4	236	1277	420	1197
M2333_4	M258_4	236	1245	193	575
M2333_4	M2700_4	236	1310	704	2147
M2333_4	M353_4	236	1164	151	430
M2333_4	M72_4	236	1283	210	636
M258_4	F136_4	236	1200	1042	1042
M258_4	F1933_4	236	1313	1068	1068
M258_4	F2052_4	236	1157	1089	1089
M258_4	F2230_4	236	1328	459	459
M258_4	F480_4	236	1371	748	748
M258_4	F487_4	236	1171	761	761
M258_4	F898_4	236	1294	1069	1069
M258_4	M180_4	236	1321	1294	1294
M258_4	M2245_4	236	1186	853	853
M258_4	M2333_4	236	1245	674	674
M258_4	M2700_4	236	1256	1064	1064
M258_4	M353_4	236	1251	528	528
M258_4	M72_4	236	1266	596	596
M2700_4	F136_4	236	1323	1224	2137
M2700_4	F1933_4	236	1181	1068	1874
M2700_4	F2052_4	236	1245	1200	2131
M2700_4	F2230_4	236	1319	673	1191
M2700_4	F480_4	236	1231	868	1543
M2700_4	F487_4	236	1247	1004	1728
M2700_4	F898_4	236	1157	1049	1799
M2700_4	M180_4	236	1275	1264	2177
M2700_4	M2245_4	236	1218	1011	1767
M2700_4	M2333_4	236	1310	925	1596
M2700_4	M258_4	236	1256	868	1530
M2700_4	M353_4	236	1223	710	1230
M2700_4	M72_4	236	1301	896	1584
M353_4	F136_4	236	1367	1113	1113
M353_4	F1933_4	236	1375	1078	1078
M353_4	F2052_4	236	1069	991	991
M353_4	F2230_4	236	1166	355	355
M353_4	F480_4	236	1232	648	648
M353_4	F487_4	236	1154	704	704
M353_4	F898_4	236	1255	1013	1013
M353_4	M180_4	236	1157	1130	1130
M353_4	M2245_4	236	1168	790	790
M353_4	M2333_4	236	1164	576	576
M353_4	M258_4	236	1251	562	562
M353_4	M2700_4	236	1223	1002	1002
M353_4	M72_4	236	1352	605	605
M72_4	F136_4	236	1330	985	1975
M72_4	F1933_4	236	1205	794	1596
M72_4	F2052_4	236	1258	1079	2130
M72_4	F2230_4	236	1191	193	364
M72_4	F480_4	236	1272	399	827
M72_4	F487_4	236	1275	561	1120
M72_4	F898_4	236	1193	777	1561
M72_4	M180_4	236	1241	1172	2432
M72_4	M2245_4	236	1243	589	1132
M72_4	M2333_4	236	1283	445	885
M72_4	M258_4	236	1266	339	679
M72_4	M2700_4	236	1301	904	1832
M72_4	M353_4	236	1352	291	585
F1137_4	F1245_4	237	1307	827	1194
F1137_4	F1319_4	237	1146	488	674
F1137_4	F1661_4	237	1290	132	181
F1137_4	F2238_4	237	1261	165	233
F1137_4	F28_4	237	1333	518	727
F1137_4	F344_4	237	1210	598	839
F1137_4	F790_4	237	1185	682	968
F1137_4	F914_4	237	1173	38	49
F1137_4	M1721_4	237	1251	422	602
F1137_4	M1770_4	237	1211	157	220
F1137_4	M1947_4	237	1166	35	47
F1137_4	M2281_4	237	1244	281	388
F1137_4	M673_4	237	1284	88	119
F1245_4	F1137_4	237	1307	523	1673
F1245_4	F1319_4	237	1400	1132	3816
F1245_4	F1661_4	237	1150	440	1434
F1245_4	F2238_4	237	1326	611	2071
F1245_4	F28_4	237	1150	849	2713
F1245_4	F344_4	237	1145	949	3061
F1245_4	F790_4	237	1177	1021	3384
F1245_4	F914_4	237	1260	249	833
F1245_4	M1721_4	237	1327	961	3189
F1245_4	M1770_4	237	1198	616	2037
F1245_4	M1947_4	237	1271	168	551
F1245_4	M2281_4	237	1351	827	2710
F1245_4	M673_4	237	1314	337	1145
F1319_4	F1137_4	237	1146	30	90
F1319_4	F1245_4	237	1400	396	1154
F1319_4	F1661_4	237	1153	21	50
F1319_4	F2238_4	237	1359	28	87
F1319_4	F28_4	237	1338	143	387
F1319_4	F344_4	237	1228	187	517
F1319_4	F790_4	237	1398	330	941
F1319_4	F914_4	237	1359	10	26
F1319_4	M1721_4	237	1233	97	285
F1319_4	M1770_4	237	1280	48	126
F1319_4	M1947_4	237	1260	10	25
F1319_4	M2281_4	237	1212	78	218
F1319_4	M673_4	237	1215	14	40
F1661_4	F1137_4	237	1290	538	759
F1661_4	F1245_4	237	1150	1048	1480
F1661_4	F1319_4	237	1153	930	1293
F1661_4	F2238_4	237	1197	532	759
F1661_4	F28_4	237	1249	942	1321
F1661_4	F344_4	237	1069	913	1292
F1661_4	F790_4	237	1282	1138	1595
F1661_4	F914_4	237	1196	287	402
F1661_4	M1721_4	237	1253	917	1308
F1661_4	M1770_4	237	1249	650	945
F1661_4	M1947_4	237	1255	150	205
F1661_4	M2281_4	237	1225	732	1042
F1661_4	M673_4	237	1310	385	541
F2238_4	F1137_4	237	1261	874	874
F2238_4	F1245_4	237	1326	1282	1282
F2238_4	F1319_4	237	1359	1269	1269
F2238_4	F1661_4	237	1197	806	806
F2238_4	F28_4	237	1295	1167	1167
F2238_4	F344_4	237	1273	1197	1197
F2238_4	F790_4	237	1221	1171	1171
F2238_4	F914_4	237	1244	567	567
F2238_4	M1721_4	237	1359	1224	1224
F2238_4	M1770_4	237	1291	963	963
F2238_4	M1947_4	237	1143	404	404
F2238_4	M2281_4	237	1300	1074	1074
F2238_4	M673_4	237	1313	716	716
F28_4	F1137_4	237	1333	260	260
F28_4	F1245_4	237	1150	918	918
F28_4	F1319_4	237	1338	791	791
F28_4	F1661_4	237	1249	240	240
F28_4	F2238_4	237	1295	284	284
F28_4	F344_4	237	1175	742	742
F28_4	F790_4	237	1213	910	910
F28_4	F914_4	237	1174	95	95
F28_4	M1721_4	237	1289	697	697
F28_4	M1770_4	237	1170	300	300
F28_4	M1947_4	237	1333	74	74
F28_4	M2281_4	237	1287	427	427
F28_4	M673_4	237	1141	137	137
F344_4	F1137_4	237	1210	67	67
F344_4	F1245_4	237	1145	584	584
F344_4	F1319_4	237	1228	355	355
F344_4	F1661_4	237	1069	54	54
F344_4	F2238_4	237	1273	96	96
F344_4	F28_4	237	1175	256	256
F344_4	F790_4	237	1239	512	512
F344_4	F914_4	237	1178	26	26
F344_4	M1721_4	237	1197	254	254
F344_4	M1770_4	237	1280	97	97
F344_4	M1947_4	237	1246	16	16
F344_4	M2281_4	237	1264	149	149
F344_4	M673_4	237	1330	45	45
F790_4	F1137_4	237	1185	217	217
F790_4	F1245_4	237	1177	905	905
F790_4	F1319_4	237	1398	821	821
F790_4	F1661_4	237	1282	203	203
F790_4	F2238_4	237	1221	239	239
F790_4	F28_4	237	1213	591	591
F790_4	F344_4	237	1239	787	787
F790_4	F914_4	237	1182	97	97
F790_4	M1721_4	237	1279	603	603
F790_4	M1770_4	237	1402	353	353
F790_4	M1947_4	237	1238	62	62
F790_4	M2281_4	237	1167	387	387
F790_4	M673_4	237	1356	168	168
F914_4	F1137_4	237	1173	198	463
F914_4	F1245_4	237	1260	977	2177
F914_4	F1319_4	237	1359	799	1702
F914_4	F1661_4	237	1196	181	415
F914_4	F2238_4	237	1244	251	529
F914_4	F28_4	237	1174	574	1248
F914_4	F344_4	237	1178	721	1545
F914_4	F790_4	237	1182	819	1773
F914_4	M1721_4	237	1198	566	1268
F914_4	M1770_4	237	1506	359	807
F914_4	M1947_4	237	1268	64	144
F914_4	M2281_4	237	1266	402	915
F914_4	M673_4	237	1147	125	272
M1721_4	F1137_4	237	1251	170	485
M1721_4	F1245_4	237	1327	923	2606
M1721_4	F1319_4	237	1233	575	1715
M1721_4	F1661_4	237	1253	164	466
M1721_4	F2238_4	237	1359	219	636
M1721_4	F28_4	237	1289	498	1445
M1721_4	F344_4	237	1197	663	1936
M1721_4	F790_4	237	1279	800	2297
M1721_4	F914_4	237	1198	81	215
M1721_4	M1770_4	237	1216	216	623
M1721_4	M1947_4	237	1208	45	134
M1721_4	M2281_4	237	1183	331	969
M1721_4	M673_4	237	1176	102	285
M1770_4	F1137_4	237	1211	103	353
M1770_4	F1245_4	237	1198	712	2437
M1770_4	F1319_4	237	1280	465	1605
M1770_4	F1661_4	237	1249	92	310
M1770_4	F2238_4	237	1291	118	389
M1770_4	F28_4	237	1170	293	996
M1770_4	F344_4	237	1280	544	1817
M1770_4	F790_4	237	1402	676	2267
M1770_4	F914_4	237	1506	43	139
M1770_4	M1721_4	237	1216	316	1037
M1770_4	M1947_4	237	1424	29	87
M1770_4	M2281_4	237	1405	225	734
M1770_4	M673_4	237	1214	63	219
M1947_4	F1137_4	237	1166	260	308
M1947_4	F1245_4	237	1271	1031	1201
M1947_4	F1319_4	237	1260	837	990
M1947_4	F1661_4	237	1255	271	310
M1947_4	F2238_4	237	1143	343	411
M1947_4	F28_4	237	1333	711	810
M1947_4	F344_4	237	1246	893	1037
M1947_4	F790_4	237	1238	936	1069
M1947_4	F914_4	237	1268	126	146
M1947_4	M1721_4	237	1208	649	759
M1947_4	M1770_4	237	1424	413	487
M1947_4	M2281_4	237	1285	507	611
M1947_4	M673_4	237	1201	167	198
M2281_4	F1137_4	237	1244	607	1669
M2281_4	F1245_4	237	1351	1276	3579
M2281_4	F1319_4	237	1212	1031	2891
M2281_4	F1661_4	237	1225	578	1578
M2281_4	F2238_4	237	1300	714	1949
M2281_4	F28_4	237	1287	1041	2984
M2281_4	F344_4	237	1264	1140	3158
M2281_4	F790_4	237	1167	1084	2986
M2281_4	F914_4	237	1266	369	1031
M2281_4	M1721_4	237	1183	968	2716
M2281_4	M1770_4	237	1405	860	2470
M2281_4	M1947_4	237	1285	249	692
M2281_4	M673_4	237	1174	428	1206
M673_4	F1137_4	237	1284	85	272
M673_4	F1245_4	237	1314	667	2024
M673_4	F1319_4	237	1215	376	1196
M673_4	F1661_4	237	1310	81	255
M673_4	F2238_4	237	1313	101	317
M673_4	F28_4	237	1141	262	776
M673_4	F344_4	237	1330	495	1517
M673_4	F790_4	237	1356	616	1892
M673_4	F914_4	237	1147	38	110
M673_4	M1721_4	237	1176	265	778
M673_4	M1770_4	237	1214	106	337
M673_4	M1947_4	237	1201	30	93
M673_4	M2281_4	237	1174	145	434
F1143_4	F1826_4	238	1365	841	2556
F1143_4	F2727_4	238	1165	729	2135
F1143_4	F2791_4	238	1196	1027	3109
F1143_4	F67_4	238	1272	426	1287
F1143_4	M1121_4	238	1248	546	1718
F1143_4	M1611_4	238	1062	745	2319
F1143_4	M1887_4	238	1368	833	2565
F1143_4	M2071_4	238	1295	914	2815
F1143_4	M2310_4	238	1132	317	928
F1143_4	M2441_4	238	1292	969	3000
F1143_4	M2504_4	238	1189	500	1524
F1143_4	M665_4	238	1469	43	117
F1143_4	M829_4	238	1290	832	2519
F1826_4	F1143_4	238	1365	785	926
F1826_4	F2727_4	238	1333	638	748
F1826_4	F2791_4	238	1201	939	1119
F1826_4	F67_4	238	1470	364	426
F1826_4	M1121_4	238	1150	343	400
F1826_4	M1611_4	238	1228	723	857
F1826_4	M1887_4	238	1366	682	806
F1826_4	M2071_4	238	1235	720	856
F1826_4	M2310_4	238	1215	232	269
F1826_4	M2441_4	238	1250	765	913
F1826_4	M2504_4	238	1222	352	411
F1826_4	M665_4	238	1355	24	29
F1826_4	M829_4	238	1242	645	760
F2727_4	F1143_4	238	1165	793	793
F2727_4	F1826_4	238	1333	799	799
F2727_4	F2791_4	238	1316	1121	1121
F2727_4	F67_4	238	1264	420	420
F2727_4	M1121_4	238	1183	519	519
F2727_4	M1611_4	238	1331	961	961
F2727_4	M1887_4	238	1269	814	814
F2727_4	M2071_4	238	1207	864	864
F2727_4	M2310_4	238	1235	327	327
F2727_4	M2441_4	238	1335	976	976
F2727_4	M2504_4	238	1236	475	475
F2727_4	M665_4	238	1294	30	30
F2727_4	M829_4	238	1218	755	755
F2791_4	F1143_4	238	1196	866	866
F2791_4	F1826_4	238	1201	751	751
F2791_4	F2727_4	238	1316	890	890
F2791_4	F67_4	238	1369	499	499
F2791_4	M1121_4	238	1225	579	579
F2791_4	M1611_4	238	1153	835	835
F2791_4	M1887_4	238	1355	911	911
F2791_4	M2071_4	238	1307	980	980
F2791_4	M2310_4	238	1293	356	356
F2791_4	M2441_4	238	1314	973	973
F2791_4	M2504_4	238	1299	583	583
F2791_4	M665_4	238	1165	29	29
F2791_4	M829_4	238	1186	757	757
F67_4	F1143_4	238	1272	871	871
F67_4	F1826_4	238	1470	900	900
F67_4	F2727_4	238	1264	780	780
F67_4	F2791_4	238	1369	1139	1139
F67_4	M1121_4	238	1206	522	522
F67_4	M1611_4	238	1404	984	984
F67_4	M1887_4	238	1324	799	799
F67_4	M2071_4	238	1347	915	915
F67_4	M2310_4	238	1263	340	340
F67_4	M2441_4	238	1137	801	801
F67_4	M2504_4	238	1187	462	462
F67_4	M665_4	238	1060	19	19
F67_4	M829_4	238	1189	735	735
M1121_4	F1143_4	238	1248	554	554
M1121_4	F1826_4	238	1150	381	381
M1121_4	F2727_4	238	1183	407	407
M1121_4	F2791_4	238	1225	807	807
M1121_4	F67_4	238	1206	176	176
M1121_4	M1611_4	238	1204	536	536
M1121_4	M1887_4	238	1267	459	459
M1121_4	M2071_4	238	1295	528	528
M1121_4	M2310_4	238	1243	139	139
M1121_4	M2441_4	238	1415	671	671
M1121_4	M2504_4	238	1277	224	224
M1121_4	M665_4	238	1328	13	13
M1121_4	M829_4	238	1210	429	429
M1611_4	F1143_4	238	1062	769	769
M1611_4	F1826_4	238	1228	788	788
M1611_4	F2727_4	238	1331	895	895
M1611_4	F2791_4	238	1153	1004	1004
M1611_4	F67_4	238	1404	503	503
M1611_4	M1121_4	238	1204	565	565
M1611_4	M1887_4	238	1198	805	805
M1611_4	M2071_4	238	1212	876	876
M1611_4	M2310_4	238	1424	422	422
M1611_4	M2441_4	238	1209	931	931
M1611_4	M2504_4	238	1294	552	552
M1611_4	M665_4	238	1324	29	29
M1611_4	M829_4	238	1215	799	799
M1887_4	F1143_4	238	1368	1237	1237
M1887_4	F1826_4	238	1366	1175	1175
M1887_4	F2727_4	238	1269	1118	1118
M1887_4	F2791_4	238	1355	1299	1299
M1887_4	F67_4	238	1324	871	871
M1887_4	M1121_4	238	1267	935	935
M1887_4	M1611_4	238	1198	1060	1060
M1887_4	M2071_4	238	1234	1105	1105
M1887_4	M2310_4	238	1108	623	623
M1887_4	M2441_4	238	1272	1145	1145
M1887_4	M2504_4	238	1138	826	826
M1887_4	M665_4	238	1314	122	122
M1887_4	M829_4	238	1377	1212	1212
M2071_4	F1143_4	238	1295	1228	2541
M2071_4	F1826_4	238	1235	1129	2328
M2071_4	F2727_4	238	1207	1111	2342
M2071_4	F2791_4	238	1307	1271	2632
M2071_4	F67_4	238	1347	1062	2179
M2071_4	M1121_4	238	1295	1089	2209
M2071_4	M1611_4	238	1212	1135	2363
M2071_4	M1887_4	238	1234	1135	2302
M2071_4	M2310_4	238	1197	835	1718
M2071_4	M2441_4	238	1268	1205	2411
M2071_4	M2504_4	238	1265	1064	2170
M2071_4	M665_4	238	1315	188	397
M2071_4	M829_4	238	1216	1108	2321
M2310_4	F1143_4	238	1132	913	913
M2310_4	F1826_4	238	1215	941	941
M2310_4	F2727_4	238	1235	974	974
M2310_4	F2791_4	238	1293	1193	1193
M2310_4	F67_4	238	1263	645	645
M2310_4	M1121_4	238	1243	792	792
M2310_4	M1611_4	238	1424	1216	1216
M2310_4	M1887_4	238	1108	880	880
M2310_4	M2071_4	238	1197	1004	1004
M2310_4	M2441_4	238	1296	1107	1107
M2310_4	M2504_4	238	1198	729	729
M2310_4	M665_4	238	1305	67	67
M2310_4	M829_4	238	1304	1047	1047
M2441_4	F1143_4	238	1292	1232	4030
M2441_4	F1826_4	238	1250	1166	3917
M2441_4	F2727_4	238	1335	1232	4029
M2441_4	F2791_4	238	1314	1291	4307
M2441_4	F67_4	238	1137	929	3026
M2441_4	M1121_4	238	1415	1209	3976
M2441_4	M1611_4	238	1209	1154	3794
M2441_4	M1887_4	238	1272	1184	3967
M2441_4	M2071_4	238	1268	1221	4074
M2441_4	M2310_4	238	1296	994	3299
M2441_4	M2504_4	238	1160	1008	3406
M2441_4	M665_4	238	1155	199	668
M2441_4	M829_4	238	1167	1092	3636
M2504_4	F1143_4	238	1189	1137	1137
M2504_4	F1826_4	238	1222	1138	1138
M2504_4	F2727_4	238	1236	1155	1155
M2504_4	F2791_4	238	1299	1272	1272
M2504_4	F67_4	238	1187	974	974
M2504_4	M1121_4	238	1277	1139	1139
M2504_4	M1611_4	238	1294	1232	1232
M2504_4	M1887_4	238	1138	1083	1083
M2504_4	M2071_4	238	1265	1211	1211
M2504_4	M2310_4	238	1198	923	923
M2504_4	M2441_4	238	1160	1108	1108
M2504_4	M665_4	238	1218	223	223
M2504_4	M829_4	238	1226	1157	1157
M665_4	F1143_4	238	1469	1457	1457
M665_4	F1826_4	238	1355	1343	1343
M665_4	F2727_4	238	1294	1281	1281
M665_4	F2791_4	238	1165	1162	1162
M665_4	F67_4	238	1060	1026	1026
M665_4	M1121_4	238	1328	1288	1288
M665_4	M1611_4	238	1324	1316	1316
M665_4	M1887_4	238	1314	1298	1298
M665_4	M2071_4	238	1315	1307	1307
M665_4	M2310_4	238	1305	1253	1253
M665_4	M2441_4	238	1155	1144	1144
M665_4	M2504_4	238	1218	1193	1193
M665_4	M829_4	238	1329	1313	1313
M829_4	F1143_4	238	1290	965	1346
M829_4	F1826_4	238	1242	795	1117
M829_4	F2727_4	238	1218	825	1142
M829_4	F2791_4	238	1186	1032	1435
M829_4	F67_4	238	1189	468	667
M829_4	M1121_4	238	1210	620	874
M829_4	M1611_4	238	1215	923	1264
M829_4	M1887_4	238	1377	939	1321
M829_4	M2071_4	238	1216	910	1263
M829_4	M2310_4	238	1304	434	613
M829_4	M2441_4	238	1167	870	1196
M829_4	M2504_4	238	1226	585	785
M829_4	M665_4	238	1329	51	70
F2279_4	F2413_4	239	1228	263	263
F2279_4	F2747_4	239	1201	392	392
F2279_4	F478_4	239	1338	481	481
F2279_4	M1097_4	239	1182	714	714
F2279_4	M1719_4	239	1181	402	402
F2279_4	M1791_4	239	1378	1221	1221
F2279_4	M2364_4	239	1310	758	758
F2279_4	M2437_4	239	1302	1207	1207
F2279_4	M2519_4	239	1322	1035	1035
F2279_4	M417_4	239	1427	763	763
F2279_4	M65_4	239	1256	832	832
F2279_4	M739_4	239	1213	801	801
F2279_4	M792_4	239	1203	368	368
F2413_4	F2279_4	239	1228	1078	1450
F2413_4	F2747_4	239	1201	925	1271
F2413_4	F478_4	239	1271	1005	1341
F2413_4	M1097_4	239	1205	1092	1480
F2413_4	M1719_4	239	1281	982	1311
F2413_4	M1791_4	239	1244	1221	1663
F2413_4	M2364_4	239	1253	1136	1543
F2413_4	M2437_4	239	1248	1234	1627
F2413_4	M2519_4	239	1186	1150	1556
F2413_4	M417_4	239	1236	1112	1505
F2413_4	M65_4	239	1257	1186	1600
F2413_4	M739_4	239	1221	1153	1552
F2413_4	M792_4	239	1221	905	1228
F2747_4	F2279_4	239	1201	179	449
F2747_4	F2413_4	239	1201	41	99
F2747_4	F478_4	239	1239	75	205
F2747_4	M1097_4	239	1341	221	548
F2747_4	M1719_4	239	1247	92	248
F2747_4	M1791_4	239	1181	553	1391
F2747_4	M2364_4	239	1290	189	488
F2747_4	M2437_4	239	1094	790	2003
F2747_4	M2519_4	239	1243	394	1042
F2747_4	M417_4	239	1218	173	443
F2747_4	M65_4	239	1308	289	749
F2747_4	M739_4	239	1384	281	697
F2747_4	M792_4	239	1316	69	198
F478_4	F2279_4	239	1338	829	1929
F478_4	F2413_4	239	1271	305	665
F478_4	F2747_4	239	1239	467	1053
F478_4	M1097_4	239	1231	769	1769
F478_4	M1719_4	239	1262	478	1099
F478_4	M1791_4	239	1289	1145	2594
F478_4	M2364_4	239	1303	794	1793
F478_4	M2437_4	239	1301	1232	2889
F478_4	M2519_4	239	1283	1066	2478
F478_4	M417_4	239	1220	714	1590
F478_4	M65_4	239	1217	881	2048
F478_4	M739_4	239	1174	807	1781
F478_4	M792_4	239	1085	370	817
M1097_4	F2279_4	239	1182	364	1304
M1097_4	F2413_4	239	1205	104	397
M1097_4	F2747_4	239	1341	174	586
M1097_4	F478_4	239	1231	188	702
M1097_4	M1719_4	239	1260	202	751
M1097_4	M1791_4	239	1190	858	3097
M1097_4	M2364_4	239	1251	389	1359
M1097_4	M2437_4	239	1162	986	3475
M1097_4	M2519_4	239	1202	705	2438
M1097_4	M417_4	239	1193	356	1244
M1097_4	M65_4	239	1221	474	1693
M1097_4	M739_4	239	1220	444	1496
M1097_4	M792_4	239	1407	170	593
M1719_4	F2279_4	239	1181	232	338
M1719_4	F2413_4	239	1281	76	115
M1719_4	F2747_4	239	1247	129	188
M1719_4	F478_4	239	1262	129	181
M1719_4	M1097_4	239	1260	310	424
M1719_4	M1791_4	239	1207	762	1094
M1719_4	M2364_4	239	1328	315	451
M1719_4	M2437_4	239	1237	981	1398
M1719_4	M2519_4	239	1343	624	936
M1719_4	M417_4	239	1356	289	397
M1719_4	M65_4	239	1205	365	536
M1719_4	M739_4	239	1212	365	526
M1719_4	M792_4	239	1172	98	160
M1791_4	F2279_4	239	1378	597	597
M1791_4	F2413_4	239	1244	196	196
M1791_4	F2747_4	239	1181	298	298
M1791_4	F478_4	239	1289	348	348
M1791_4	M1097_4	239	1190	586	586
M1791_4	M1719_4	239	1207	328	328
M1791_4	M2364_4	239	1322	646	646
M1791_4	M2437_4	239	1287	1189	1189
M1791_4	M2519_4	239	1215	868	868
M1791_4	M417_4	239	1246	565	565
M1791_4	M65_4	239	1224	667	667
M1791_4	M739_4	239	1208	654	654
M1791_4	M792_4	239	1336	308	308
M2364_4	F2279_4	239	1310	444	444
M2364_4	F2413_4	239	1253	94	94
M2364_4	F2747_4	239	1290	182	182
M2364_4	F478_4	239	1303	197	197
M2364_4	M1097_4	239	1251	433	433
M2364_4	M1719_4	239	1328	223	223
M2364_4	M1791_4	239	1322	979	979
M2364_4	M2437_4	239	1241	1054	1054
M2364_4	M2519_4	239	1271	757	757
M2364_4	M417_4	239	1268	388	388
M2364_4	M65_4	239	1381	603	603
M2364_4	M739_4	239	1288	507	507
M2364_4	M792_4	239	1180	155	155
M2437_4	F2279_4	239	1302	1161	1314
M2437_4	F2413_4	239	1248	855	961
M2437_4	F2747_4	239	1094	861	971
M2437_4	F478_4	239	1301	1012	1152
M2437_4	M1097_4	239	1162	1063	1196
M2437_4	M1719_4	239	1237	1001	1143
M2437_4	M1791_4	239	1287	1259	1418
M2437_4	M2364_4	239	1241	1129	1315
M2437_4	M2519_4	239	1168	1125	1283
M2437_4	M417_4	239	1343	1209	1368
M2437_4	M65_4	239	1213	1147	1327
M2437_4	M739_4	239	1217	1125	1302
M2437_4	M792_4	239	1206	923	1051
M2519_4	F2279_4	239	1322	1177	1177
M2519_4	F2413_4	239	1186	720	720
M2519_4	F2747_4	239	1243	923	923
M2519_4	F478_4	239	1283	946	946
M2519_4	M1097_4	239	1202	1076	1076
M2519_4	M1719_4	239	1343	1020	1020
M2519_4	M1791_4	239	1215	1186	1186
M2519_4	M2364_4	239	1271	1122	1122
M2519_4	M2437_4	239	1168	1153	1153
M2519_4	M417_4	239	1322	1157	1157
M2519_4	M65_4	239	1275	1166	1166
M2519_4	M739_4	239	1396	1267	1267
M2519_4	M792_4	239	1234	899	899
M417_4	F2279_4	239	1427	766	1319
M417_4	F2413_4	239	1236	278	469
M417_4	F2747_4	239	1218	374	670
M417_4	F478_4	239	1220	441	777
M417_4	M1097_4	239	1193	705	1236
M417_4	M1719_4	239	1356	480	856
M417_4	M1791_4	239	1246	1080	1872
M417_4	M2364_4	239	1268	741	1280
M417_4	M2437_4	239	1343	1264	2163
M417_4	M2519_4	239	1322	1041	1807
M417_4	M65_4	239	1175	784	1349
M417_4	M739_4	239	1310	855	1473
M417_4	M792_4	239	1242	357	593
M65_4	F2279_4	239	1256	379	420
M65_4	F2413_4	239	1257	125	133
M65_4	F2747_4	239	1308	220	235
M65_4	F478_4	239	1217	199	216
M65_4	M1097_4	239	1221	429	456
M65_4	M1719_4	239	1205	201	211
M65_4	M1791_4	239	1224	918	983
M65_4	M2364_4	239	1381	448	473
M65_4	M2437_4	239	1213	1062	1131
M65_4	M2519_4	239	1275	745	796
M65_4	M417_4	239	1175	378	413
M65_4	M739_4	239	1228	492	531
M65_4	M792_4	239	1108	136	149
M739_4	F2279_4	239	1213	656	656
M739_4	F2413_4	239	1221	269	269
M739_4	F2747_4	239	1384	434	434
M739_4	F478_4	239	1174	448	448
M739_4	M1097_4	239	1220	741	741
M739_4	M1719_4	239	1212	386	386
M739_4	M1791_4	239	1208	1058	1058
M739_4	M2364_4	239	1288	755	755
M739_4	M2437_4	239	1217	1147	1147
M739_4	M2519_4	239	1396	1111	1111
M739_4	M417_4	239	1310	702	702
M739_4	M65_4	239	1228	836	836
M739_4	M792_4	239	1456	419	419
M792_4	F2279_4	239	1203	632	1285
M792_4	F2413_4	239	1221	252	511
M792_4	F2747_4	239	1316	373	715
M792_4	F478_4	239	1085	357	721
M792_4	M1097_4	239	1407	782	1586
M792_4	M1719_4	239	1172	357	722
M792_4	M1791_4	239	1336	1170	2396
M792_4	M2364_4	239	1180	630	1242
M792_4	M2437_4	239	1206	1141	2353
M792_4	M2519_4	239	1234	966	1971
M792_4	M417_4	239	1242	683	1390
M792_4	M65_4	239	1108	717	1437
M792_4	M739_4	239	1456	924	1859
F1110_4	F1647_4	240	1139	1090	3727
F1110_4	F1794_4	240	1280	1097	3791
F1110_4	F1870_4	240	1341	1293	4392
F1110_4	F2119_4	240	1341	1205	4080
F1110_4	F228_4	240	1261	581	1969
F1110_4	F2608_4	240	1289	1218	4219
F1110_4	F279_4	240	1261	551	1862
F1110_4	F627_4	240	1238	551	1832
F1110_4	M1651_4	240	1211	1021	3530
F1110_4	M1821_4	240	1273	341	1141
F1110_4	M2162_4	240	1234	815	2765
F1110_4	M2247_4	240	1293	1197	4069
F1110_4	M2506_4	240	1292	780	2707
F1647_4	F1110_4	240	1139	1057	1860
F1647_4	F1794_4	240	1266	1082	1909
F1647_4	F1870_4	240	1382	1327	2333
F1647_4	F2119_4	240	1290	1151	1974
F1647_4	F228_4	240	1175	509	901
F1647_4	F2608_4	240	1356	1267	2204
F1647_4	F279_4	240	1150	478	843
F1647_4	F627_4	240	1376	544	961
F1647_4	M1651_4	240	1492	1242	2177
F1647_4	M1821_4	240	1215	294	530
F1647_4	M2162_4	240	1223	791	1419
F1647_4	M2247_4	240	1215	1117	1946
F1647_4	M2506_4	240	1157	631	1116
F1794_4	F1110_4	240	1280	913	1191
F1794_4	F1647_4	240	1266	1042	1362
F1794_4	F1870_4	240	1311	1119	1424
F1794_4	F2119_4	240	1245	756	985
F1794_4	F228_4	240	1255	161	209
F1794_4	F2608_4	240	1264	926	1213
F1794_4	F279_4	240	1249	142	180
F1794_4	F627_4	240	1215	136	180
F1794_4	M1651_4	240	1183	565	735
F1794_4	M1821_4	240	1252	71	96
F1794_4	M2162_4	240	1337	366	481
F1794_4	M2247_4	240	1370	951	1245
F1794_4	M2506_4	240	1225	238	290
F1870_4	F1110_4	240	1341	1116	1116
F1870_4	F1647_4	240	1382	1199	1199
F1870_4	F1794_4	240	1311	853	853
F1870_4	F2119_4	240	1207	938	938
F1870_4	F228_4	240	1255	289	289
F1870_4	F2608_4	240	1255	1048	1048
F1870_4	F279_4	240	1248	265	265
F1870_4	F627_4	240	1327	260	260
F1870_4	M1651_4	240	1324	817	817
F1870_4	M1821_4	240	1253	122	122
F1870_4	M2162_4	240	1200	478	478
F1870_4	M2247_4	240	1302	1034	1034
F1870_4	M2506_4	240	1133	351	351
F2119_4	F1110_4	240	1341	589	589
F2119_4	F1647_4	240	1290	728	728
F2119_4	F1794_4	240	1245	311	311
F2119_4	F1870_4	240	1207	806	806
F2119_4	F228_4	240	1149	53	53
F2119_4	F2608_4	240	1213	577	577
F2119_4	F279_4	240	1314	56	56
F2119_4	F627_4	240	1357	63	63
F2119_4	M1651_4	240	1235	270	270
F2119_4	M1821_4	240	1176	22	22
F2119_4	M2162_4	240	1350	126	126
F2119_4	M2247_4	240	1234	519	519
F2119_4	M2506_4	240	1134	98	98
F228_4	F1110_4	240	1261	596	596
F228_4	F1647_4	240	1175	700	700
F228_4	F1794_4	240	1255	319	319
F228_4	F1870_4	240	1255	810	810
F228_4	F2119_4	240	1149	382	382
F228_4	F2608_4	240	1263	565	565
F228_4	F279_4	240	1221	37	37
F228_4	F627_4	240	1214	43	43
F228_4	M1651_4	240	1185	267	267
F228_4	M1821_4	240	1137	19	19
F228_4	M2162_4	240	1287	132	132
F228_4	M2247_4	240	1341	549	549
F228_4	M2506_4	240	1340	91	91
F2608_4	F1110_4	240	1289	279	353
F2608_4	F1647_4	240	1356	418	533
F2608_4	F1794_4	240	1264	136	170
F2608_4	F1870_4	240	1255	459	566
F2608_4	F2119_4	240	1213	183	224
F2608_4	F228_4	240	1263	17	25
F2608_4	F279_4	240	1157	18	27
F2608_4	F627_4	240	1194	21	26
F2608_4	M1651_4	240	1144	86	109
F2608_4	M1821_4	240	1269	6	7
F2608_4	M2162_4	240	1179	46	57
F2608_4	M2247_4	240	1350	287	376
F2608_4	M2506_4	240	1350	32	41
F279_4	F1110_4	240	1261	1248	1248
F279_4	F1647_4	240	1150	1141	1141
F279_4	F1794_4	240	1249	1200	1200
F279_4	F1870_4	240	1248	1243	1243
F279_4	F2119_4	240	1314	1287	1287
F279_4	F228_4	240	1221	991	991
F279_4	F2608_4	240	1157	1150	1150
F279_4	F627_4	240	1396	1112	1112
F279_4	M1651_4	240	1381	1323	1323
F279_4	M1821_4	240	1248	818	818
F279_4	M2162_4	240	1243	1147	1147
F279_4	M2247_4	240	1273	1256	1256
F279_4	M2506_4	240	1198	1074	1074
F627_4	F1110_4	240	1238	789	789
F627_4	F1647_4	240	1376	1025	1025
F627_4	F1794_4	240	1215	556	556
F627_4	F1870_4	240	1327	1092	1092
F627_4	F2119_4	240	1357	790	790
F627_4	F228_4	240	1214	113	113
F627_4	F2608_4	240	1194	815	815
F627_4	F279_4	240	1396	120	120
F627_4	M1651_4	240	1258	504	504
F627_4	M1821_4	240	1289	58	58
F627_4	M2162_4	240	1255	268	268
F627_4	M2247_4	240	1266	828	828
F627_4	M2506_4	240	1354	212	212
M1651_4	F1110_4	240	1211	979	979
M1651_4	F1647_4	240	1492	1293	1293
M1651_4	F1794_4	240	1183	787	787
M1651_4	F1870_4	240	1324	1194	1194
M1651_4	F2119_4	240	1235	902	902
M1651_4	F228_4	240	1185	224	224
M1651_4	F2608_4	240	1144	952	952
M1651_4	F279_4	240	1381	238	238
M1651_4	F627_4	240	1258	202	202
M1651_4	M1821_4	240	1229	133	133
M1651_4	M2162_4	240	1245	461	461
M1651_4	M2247_4	240	1273	1008	1008
M1651_4	M2506_4	240	1219	362	362
M1821_4	F1110_4	240	1273	728	728
M1821_4	F1647_4	240	1215	855	855
M1821_4	F1794_4	240	1252	477	477
M1821_4	F1870_4	240	1253	951	951
M1821_4	F2119_4	240	1176	564	564
M1821_4	F228_4	240	1137	69	69
M1821_4	F2608_4	240	1269	762	762
M1821_4	F279_4	240	1248	106	106
M1821_4	F627_4	240	1289	81	81
M1821_4	M1651_4	240	1229	373	373
M1821_4	M2162_4	240	1173	200	200
M1821_4	M2247_4	240	1181	664	664
M1821_4	M2506_4	240	1229	157	157
M2162_4	F1110_4	240	1234	819	819
M2162_4	F1647_4	240	1223	941	941
M2162_4	F1794_4	240	1337	599	599
M2162_4	F1870_4	240	1200	964	964
M2162_4	F2119_4	240	1350	776	776
M2162_4	F228_4	240	1287	127	127
M2162_4	F2608_4	240	1179	801	801
M2162_4	F279_4	240	1243	120	120
M2162_4	F627_4	240	1255	112	112
M2162_4	M1651_4	240	1245	474	474
M2162_4	M1821_4	240	1173	52	52
M2162_4	M2247_4	240	1109	677	677
M2162_4	M2506_4	240	1198	194	194
M2247_4	F1110_4	240	1293	1264	2126
M2247_4	F1647_4	240	1215	1191	2002
M2247_4	F1794_4	240	1370	1290	2182
M2247_4	F1870_4	240	1302	1290	2250
M2247_4	F2119_4	240	1234	1179	2008
M2247_4	F228_4	240	1341	908	1569
M2247_4	F2608_4	240	1350	1318	2222
M2247_4	F279_4	240	1273	852	1473
M2247_4	F627_4	240	1266	858	1487
M2247_4	M1651_4	240	1273	1178	2021
M2247_4	M1821_4	240	1181	629	1054
M2247_4	M2162_4	240	1109	931	1608
M2247_4	M2506_4	240	1193	943	1601
M2506_4	F1110_4	240	1292	1190	1190
M2506_4	F1647_4	240	1157	1091	1091
M2506_4	F1794_4	240	1225	1018	1018
M2506_4	F1870_4	240	1133	1084	1084
M2506_4	F2119_4	240	1134	1020	1020
M2506_4	F228_4	240	1340	509	509
M2506_4	F2608_4	240	1350	1242	1242
M2506_4	F279_4	240	1198	453	453
M2506_4	F627_4	240	1354	483	483
M2506_4	M1651_4	240	1219	965	965
M2506_4	M1821_4	240	1229	266	266
M2506_4	M2162_4	240	1198	736	736
M2506_4	M2247_4	240	1193	1092	1092
F1950_4	F1969_4	241	1184	727	727
F1950_4	F369_4	241	1311	963	963
F1950_4	M1143_4	241	1269	572	572
F1950_4	M1405_4	241	1313	403	403
F1950_4	M1561_4	241	1251	961	961
F1950_4	M1602_4	241	1127	481	481
F1950_4	M1653_4	241	1148	721	721
F1950_4	M2023_4	241	1192	54	54
F1950_4	M2043_4	241	1181	627	627
F1950_4	M2210_4	241	1133	411	411
F1950_4	M2372_4	241	1278	96	96
F1950_4	M2408_4	241	1197	101	101
F1950_4	M662_4	241	1395	256	256
F1969_4	F1950_4	241	1184	142	416
F1969_4	F369_4	241	1315	925	2593
F1969_4	M1143_4	241	1204	507	1462
F1969_4	M1405_4	241	1196	311	886
F1969_4	M1561_4	241	1162	867	2390
F1969_4	M1602_4	241	1290	515	1459
F1969_4	M1653_4	241	1418	850	2312
F1969_4	M2023_4	241	1313	38	106
F1969_4	M2043_4	241	1308	666	1862
F1969_4	M2210_4	241	1199	419	1179
F1969_4	M2372_4	241	1111	73	214
F1969_4	M2408_4	241	1207	98	264
F1969_4	M662_4	241	1375	232	636
F369_4	F1950_4	241	1311	1119	1119
F369_4	F1969_4	241	1315	1295	1295
F369_4	M1143_4	241	1214	1178	1178
F369_4	M1405_4	241	1221	1157	1157
F369_4	M1561_4	241	1263	1255	1255
F369_4	M1602_4	241	1251	1208	1208
F369_4	M1653_4	241	1218	1199	1199
F369_4	M2023_4	241	1230	799	799
F369_4	M2043_4	241	1208	1189	1189
F369_4	M2210_4	241	1247	1199	1199
F369_4	M2372_4	241	1360	1006	1006
F369_4	M2408_4	241	1343	1044	1044
F369_4	M662_4	241	1448	1331	1331
M1143_4	F1950_4	241	1269	725	725
M1143_4	F1969_4	241	1204	1132	1132
M1143_4	F369_4	241	1214	1164	1164
M1143_4	M1405_4	241	1213	985	985
M1143_4	M1561_4	241	1184	1146	1146
M1143_4	M1602_4	241	1049	913	913
M1143_4	M1653_4	241	1212	1138	1138
M1143_4	M2023_4	241	1222	307	307
M1143_4	M2043_4	241	1185	1069	1069
M1143_4	M2210_4	241	1160	999	999
M1143_4	M2372_4	241	1169	455	455
M1143_4	M2408_4	241	1257	608	608
M1143_4	M662_4	241	1315	920	920
M1405_4	F1950_4	241	1313	555	1510
M1405_4	F1969_4	241	1196	1049	2898
M1405_4	F369_4	241	1221	1151	3021
M1405_4	M1143_4	241	1213	992	2653
M1405_4	M1561_4	241	1148	1074	2972
M1405_4	M1602_4	241	1251	983	2677
M1405_4	M1653_4	241	1160	1014	2733
M1405_4	M2023_4	241	1254	230	634
M1405_4	M2043_4	241	1227	1039	2733
M1405_4	M2210_4	241	1332	1011	2654
M1405_4	M2372_4	241	1160	314	832
M1405_4	M2408_4	241	1138	349	961
M1405_4	M662_4	241	1291	752	2040
M1561_4	F1950_4	241	1251	760	1250
M1561_4	F1969_4	241	1162	1106	1760
M1561_4	F369_4	241	1263	1228	1895
M1561_4	M1143_4	241	1184	1095	1728
M1561_4	M1405_4	241	1148	960	1502
M1561_4	M1602_4	241	1194	1073	1758
M1561_4	M1653_4	241	1107	1063	1664
M1561_4	M2023_4	241	1220	425	683
M1561_4	M2043_4	241	1051	982	1494
M1561_4	M2210_4	241	1223	1069	1740
M1561_4	M2372_4	241	1316	598	981
M1561_4	M2408_4	241	1267	649	1002
M1561_4	M662_4	241	1286	955	1530
M1602_4	F1950_4	241	1127	222	833
M1602_4	F1969_4	241	1290	948	3569
M1602_4	F369_4	241	1251	1039	3823
M1602_4	M1143_4	241	1049	624	2313
M1602_4	M1405_4	241	1251	564	2082
M1602_4	M1561_4	241	1194	1039	3838
M1602_4	M1653_4	241	1261	928	3442
M1602_4	M2023_4	241	1280	91	307
M1602_4	M2043_4	241	1290	888	3332
M1602_4	M2210_4	241	1221	580	2101
M1602_4	M2372_4	241	1324	165	587
M1602_4	M2408_4	241	1255	168	609
M1602_4	M662_4	241	1320	404	1470
M1653_4	F1950_4	241	1148	185	185
M1653_4	F1969_4	241	1418	917	917
M1653_4	F369_4	241	1218	935	935
M1653_4	M1143_4	241	1212	625	625
M1653_4	M1405_4	241	1160	406	406
M1653_4	M1561_4	241	1107	882	882
M1653_4	M1602_4	241	1261	621	621
M1653_4	M2023_4	241	1414	69	69
M1653_4	M2043_4	241	1252	713	713
M1653_4	M2210_4	241	1304	547	547
M1653_4	M2372_4	241	1437	129	129
M1653_4	M2408_4	241	1214	133	133
M1653_4	M662_4	241	1166	275	275
M2023_4	F1950_4	241	1192	730	1034
M2023_4	F1969_4	241	1313	1247	1750
M2023_4	F369_4	241	1230	1190	1642
M2023_4	M1143_4	241	1222	1106	1518
M2023_4	M1405_4	241	1254	1052	1466
M2023_4	M1561_4	241	1220	1192	1656
M2023_4	M1602_4	241	1280	1153	1600
M2023_4	M1653_4	241	1414	1336	1893
M2023_4	M2043_4	241	1384	1280	1744
M2023_4	M2210_4	241	1259	1088	1520
M2023_4	M2372_4	241	1241	569	778
M2023_4	M2408_4	241	1284	689	979
M2023_4	M662_4	241	1226	901	1273
M2043_4	F1950_4	241	1181	347	521
M2043_4	F1969_4	241	1308	1073	1679
M2043_4	F369_4	241	1208	1064	1695
M2043_4	M1143_4	241	1185	827	1301
M2043_4	M1405_4	241	1227	673	1078
M2043_4	M1561_4	241	1051	940	1526
M2043_4	M1602_4	241	1290	838	1353
M2043_4	M1653_4	241	1252	1031	1705
M2043_4	M2023_4	241	1384	149	259
M2043_4	M2210_4	241	1261	789	1273
M2043_4	M2372_4	241	1259	216	331
M2043_4	M2408_4	241	1389	256	422
M2043_4	M662_4	241	1152	463	742
M2210_4	F1950_4	241	1133	723	723
M2210_4	F1969_4	241	1199	1138	1138
M2210_4	F369_4	241	1247	1213	1213
M2210_4	M1143_4	241	1160	1056	1056
M2210_4	M1405_4	241	1332	1137	1137
M2210_4	M1561_4	241	1223	1204	1204
M2210_4	M1602_4	241	1221	1113	1113
M2210_4	M1653_4	241	1304	1251	1251
M2210_4	M2023_4	241	1259	468	468
M2210_4	M2043_4	241	1261	1182	1182
M2210_4	M2372_4	241	1257	625	625
M2210_4	M2408_4	241	1238	675	675
M2210_4	M662_4	241	1371	1016	1016
M2372_4	F1950_4	241	1278	354	354
M2372_4	F1969_4	241	1111	866	866
M2372_4	F369_4	241	1360	1187	1187
M2372_4	M1143_4	241	1169	802	802
M2372_4	M1405_4	241	1160	607	607
M2372_4	M1561_4	241	1316	1177	1177
M2372_4	M1602_4	241	1324	848	848
M2372_4	M1653_4	241	1437	1182	1182
M2372_4	M2023_4	241	1241	134	134
M2372_4	M2043_4	241	1259	948	948
M2372_4	M2210_4	241	1257	768	768
M2372_4	M2408_4	241	1344	248	248
M2372_4	M662_4	241	1235	471	471
M2408_4	F1950_4	241	1197	1073	1073
M2408_4	F1969_4	241	1207	1200	1200
M2408_4	F369_4	241	1343	1337	1337
M2408_4	M1143_4	241	1257	1237	1237
M2408_4	M1405_4	241	1138	1099	1099
M2408_4	M1561_4	241	1267	1263	1263
M2408_4	M1602_4	241	1255	1231	1231
M2408_4	M1653_4	241	1214	1210	1210
M2408_4	M2023_4	241	1284	967	967
M2408_4	M2043_4	241	1389	1370	1370
M2408_4	M2210_4	241	1238	1205	1205
M2408_4	M2372_4	241	1344	1123	1123
M2408_4	M662_4	241	1235	1163	1163
M662_4	F1950_4	241	1395	138	313
M662_4	F1969_4	241	1375	783	1733
M662_4	F369_4	241	1448	1028	2330
M662_4	M1143_4	241	1315	570	1256
M662_4	M1405_4	241	1291	349	810
M662_4	M1561_4	241	1286	963	2150
M662_4	M1602_4	241	1320	503	1107
M662_4	M1653_4	241	1166	668	1508
M662_4	M2023_4	241	1226	40	72
M662_4	M2043_4	241	1152	593	1342
M662_4	M2210_4	241	1371	452	991
M662_4	M2372_4	241	1235	78	184
M662_4	M2408_4	241	1235	94	223
F1025_4	F1171_4	242	1293	210	296
F1025_4	F1379_4	242	1230	1084	1565
F1025_4	F1732_4	242	1394	273	380
F1025_4	F1860_4	242	1048	168	235
F1025_4	F2099_4	242	1277	1085	1551
F1025_4	F2374_4	242	1280	909	1298
F1025_4	F2723_4	242	1285	429	637
F1025_4	M109_4	242	1349	583	805
F1025_4	M136_4	242	1230	851	1207
F1025_4	M1751_4	242	1408	1140	1600
F1025_4	M194_4	242	1296	570	827
F1025_4	M1955_4	242	1192	155	206
F1025_4	M788_4	242	1144	393	527
F1171_4	F1025_4	242	1293	1127	2255
F1171_4	F1379_4	242	1251	1164	2369
F1171_4	F1732_4	242	1224	413	821
F1171_4	F1860_4	242	1161	292	601
F1171_4	F2099_4	242	1326	1227	2524
F1171_4	F2374_4	242	1281	1040	2086
F1171_4	F2723_4	242	1286	657	1319
F1171_4	M109_4	242	1231	728	1427
F1171_4	M136_4	242	1290	1063	2146
F1171_4	M1751_4	242	1230	1085	2175
F1171_4	M194_4	242	1274	751	1531
F1171_4	M1955_4	242	1264	296	593
F1171_4	M788_4	242	1257	632	1256
F1379_4	F1025_4	242	1230	673	673
F1379_4	F1171_4	242	1251	81	81
F1379_4	F1732_4	242	1252	91	91
F1379_4	F1860_4	242	1298	53	53
F1379_4	F2099_4	242	1322	875	875
F1379_4	F2374_4	242	1265	546	546
F1379_4	F2723_4	242	1148	166	166
F1379_4	M109_4	242	1170	237	237
F1379_4	M136_4	242	1227	499	499
F1379_4	M1751_4	242	1290	721	721
F1379_4	M194_4	242	1266	232	232
F1379_4	M1955_4	242	1343	55	55
F1379_4	M788_4	242	1285	193	193
F1732_4	F1025_4	242	1394	1306	7123
F1732_4	F1171_4	242	1224	584	3282
F1732_4	F1379_4	242	1252	1207	6665
F1732_4	F1860_4	242	1219	512	2799
F1732_4	F2099_4	242	1247	1192	6528
F1732_4	F2374_4	242	1404	1271	7037
F1732_4	F2723_4	242	1117	766	4251
F1732_4	M109_4	242	1257	952	5305
F1732_4	M136_4	242	1160	1050	5742
F1732_4	M1751_4	242	1233	1174	6542
F1732_4	M194_4	242	1314	984	5331
F1732_4	M1955_4	242	1272	521	2918
F1732_4	M788_4	242	1070	732	4087
F1860_4	F1025_4	242	1048	935	935
F1860_4	F1171_4	242	1161	366	366
F1860_4	F1379_4	242	1298	1204	1204
F1860_4	F1732_4	242	1219	417	417
F1860_4	F2099_4	242	1108	1007	1007
F1860_4	F2374_4	242	1507	1246	1246
F1860_4	F2723_4	242	1406	743	743
F1860_4	M109_4	242	1199	738	738
F1860_4	M136_4	242	1282	1046	1046
F1860_4	M1751_4	242	1230	1095	1095
F1860_4	M194_4	242	1274	768	768
F1860_4	M1955_4	242	1230	317	317
F1860_4	M788_4	242	1261	691	691
F2099_4	F1025_4	242	1277	1213	1213
F2099_4	F1171_4	242	1326	655	655
F2099_4	F1379_4	242	1322	1288	1288
F2099_4	F1732_4	242	1247	661	661
F2099_4	F1860_4	242	1108	480	480
F2099_4	F2374_4	242	1281	1171	1171
F2099_4	F2723_4	242	1222	886	886
F2099_4	M109_4	242	1329	1043	1043
F2099_4	M136_4	242	1340	1218	1218
F2099_4	M1751_4	242	1179	1106	1106
F2099_4	M194_4	242	1249	940	940
F2099_4	M1955_4	242	1209	538	538
F2099_4	M788_4	242	1286	947	947
F2374_4	F1025_4	242	1280	1036	2992
F2374_4	F1171_4	242	1281	281	758
F2374_4	F1379_4	242	1265	1151	3270
F2374_4	F1732_4	242	1404	330	924
F2374_4	F1860_4	242	1507	286	800
F2374_4	F2099_4	242	1281	1121	3140
F2374_4	F2723_4	242	1325	530	1514
F2374_4	M109_4	242	1258	584	1634
F2374_4	M136_4	242	1247	902	2557
F2374_4	M1751_4	242	1179	968	2731
F2374_4	M194_4	242	1440	675	1923
F2374_4	M1955_4	242	1158	212	572
F2374_4	M788_4	242	1210	489	1405
F2723_4	F1025_4	242	1285	1153	2972
F2723_4	F1171_4	242	1286	425	1078
F2723_4	F1379_4	242	1148	1084	2813
F2723_4	F1732_4	242	1117	402	1058
F2723_4	F1860_4	242	1406	418	1085
F2723_4	F2099_4	242	1222	1134	2871
F2723_4	F2374_4	242	1325	1121	2859
F2723_4	M109_4	242	1249	766	2001
F2723_4	M136_4	242	1201	997	2637
F2723_4	M1751_4	242	1130	1009	2601
F2723_4	M194_4	242	1344	834	2115
F2723_4	M1955_4	242	1359	377	952
F2723_4	M788_4	242	1206	690	1788
M109_4	F1025_4	242	1349	412	750
M109_4	F1171_4	242	1231	32	52
M109_4	F1379_4	242	1170	530	942
M109_4	F1732_4	242	1257	26	46
M109_4	F1860_4	242	1199	24	47
M109_4	F2099_4	242	1329	518	932
M109_4	F2374_4	242	1258	273	491
M109_4	F2723_4	242	1249	73	146
M109_4	M136_4	242	1309	278	506
M109_4	M1751_4	242	1333	437	823
M109_4	M194_4	242	1375	107	195
M109_4	M1955_4	242	1404	25	43
M109_4	M788_4	242	1294	67	119
M136_4	F1025_4	242	1230	1219	3975
M136_4	F1171_4	242	1290	1074	3560
M136_4	F1379_4	242	1227	1219	3976
M136_4	F1732_4	242	1160	989	3165
M136_4	F1860_4	242	1282	1001	3250
M136_4	F2099_4	242	1340	1330	4356
M136_4	F2374_4	242	1247	1228	3987
M136_4	F2723_4	242	1201	1097	3541
M136_4	M109_4	242	1309	1213	3951
M136_4	M1751_4	242	1225	1209	3968
M136_4	M194_4	242	1243	1174	3829
M136_4	M1955_4	242	1223	955	3108
M136_4	M788_4	242	1285	1187	3938
M1751_4	F1025_4	242	1408	731	1195
M1751_4	F1171_4	242	1230	73	123
M1751_4	F1379_4	242	1290	842	1361
M1751_4	F1732_4	242	1233	87	140
M1751_4	F1860_4	242	1230	54	86
M1751_4	F2099_4	242	1179	751	1203
M1751_4	F2374_4	242	1179	487	748
M1751_4	F2723_4	242	1130	135	223
M1751_4	M109_4	242	1333	271	430
M1751_4	M136_4	242	1225	463	715
M1751_4	M194_4	242	1327	239	380
M1751_4	M1955_4	242	1215	36	70
M1751_4	M788_4	242	1350	182	272
M194_4	F1025_4	242	1296	1212	1431
M194_4	F1171_4	242	1274	595	698
M194_4	F1379_4	242	1266	1222	1437
M194_4	F1732_4	242	1314	676	781
M194_4	F1860_4	242	1274	543	632
M194_4	F2099_4	242	1249	1201	1410
M194_4	F2374_4	242	1440	1312	1555
M194_4	F2723_4	242	1344	906	1059
M194_4	M109_4	242	1375	1034	1194
M194_4	M136_4	242	1243	1126	1325
M194_4	M1751_4	242	1327	1251	1471
M194_4	M1955_4	242	1189	439	514
M194_4	M788_4	242	1146	770	903
M1955_4	F1025_4	242	1192	1022	2460
M1955_4	F1171_4	242	1264	371	884
M1955_4	F1379_4	242	1343	1247	3041
M1955_4	F1732_4	242	1272	438	1046
M1955_4	F1860_4	242	1230	357	869
M1955_4	F2099_4	242	1209	1107	2685
M1955_4	F2374_4	242	1158	959	2375
M1955_4	F2723_4	242	1359	697	1719
M1955_4	M109_4	242	1404	861	2041
M1955_4	M136_4	242	1223	996	2428
M1955_4	M1751_4	242	1215	1088	2626
M1955_4	M194_4	242	1189	743	1779
M1955_4	M788_4	242	1203	609	1494
M788_4	F1025_4	242	1144	956	956
M788_4	F1171_4	242	1257	296	296
M788_4	F1379_4	242	1285	1176	1176
M788_4	F1732_4	242	1070	266	266
M788_4	F1860_4	242	1261	259	259
M788_4	F2099_4	242	1286	1138	1138
M788_4	F2374_4	242	1210	934	934
M788_4	F2723_4	242	1206	512	512
M788_4	M109_4	242	1294	663	663
M788_4	M136_4	242	1285	937	937
M788_4	M1751_4	242	1350	1140	1140
M788_4	M194_4	242	1146	607	607
M788_4	M1955_4	242	1203	208	208
F1052_4	F109_4	243	1334	394	394
F1052_4	F1217_4	243	1254	609	609
F1052_4	F2029_4	243	1204	51	51
F1052_4	F2417_4	243	1287	740	740
F1052_4	F2516_4	243	1338	88	88
F1052_4	F703_4	243	1227	361	361
F1052_4	M1889_4	243	1275	231	231
F1052_4	M1954_4	243	1267	214	214
F1052_4	M2007_4	243	1297	301	301
F1052_4	M241_4	243	1219	76	76
F1052_4	M2442_4	243	1265	311	311
F1052_4	M2674_4	243	1199	872	872
F1052_4	M456_4	243	1272	210	210
F109_4	F1052_4	243	1334	1271	1271
F109_4	F1217_4	243	1399	1197	1197
F109_4	F2029_4	243	1252	294	294
F109_4	F2417_4	243	1156	1034	1034
F109_4	F2516_4	243	1355	384	384
F109_4	F703_4	243	1276	916	916
F109_4	M1889_4	243	1356	743	743
F109_4	M1954_4	243	1287	666	666
F109_4	M2007_4	243	1209	800	800
F109_4	M241_4	243	1178	342	342
F109_4	M2442_4	243	1308	852	852
F109_4	M2674_4	243	1335	1247	1247
F109_4	M456_4	243	1230	658	658
F1217_4	F1052_4	243	1254	1158	1158
F1217_4	F109_4	243	1399	793	793
F1217_4	F2029_4	243	1237	164	164
F1217_4	F2417_4	243	1459	1219	1219
F1217_4	F2516_4	243	1233	240	240
F1217_4	F703_4	243	1193	692	692
F1217_4	M1889_4	243	1193	449	449
F1217_4	M1954_4	243	1356	501	501
F1217_4	M2007_4	243	1194	579	579
F1217_4	M241_4	243	1179	199	199
F1217_4	M2442_4	243	1320	644	644
F1217_4	M2674_4	243	1374	1233	1233
F1217_4	M456_4	243	1312	443	443
F2029_4	F1052_4	243	1204	1173	1310
F2029_4	F109_4	243	1252	1078	1212
F2029_4	F1217_4	243	1237	1150	1297
F2029_4	F2417_4	243	1141	1082	1229
F2029_4	F2516_4	243	1152	582	669
F2029_4	F703_4	243	1293	1094	1238
F2029_4	M1889_4	243	1367	1006	1141
F2029_4	M1954_4	243	1406	998	1114
F2029_4	M2007_4	243	1317	1067	1213
F2029_4	M241_4	243	1207	501	552
F2029_4	M2442_4	243	1338	1062	1217
F2029_4	M2674_4	243	1161	1125	1286
F2029_4	M456_4	243	1226	869	984
F2417_4	F1052_4	243	1287	1264	1264
F2417_4	F109_4	243	1156	1018	1018
F2417_4	F1217_4	243	1459	1404	1404
F2417_4	F2029_4	243	1141	551	551
F2417_4	F2516_4	243	1232	710	710
F2417_4	F703_4	243	1204	1061	1061
F2417_4	M1889_4	243	1229	990	990
F2417_4	M1954_4	243	1253	951	951
F2417_4	M2007_4	243	1228	1051	1051
F2417_4	M241_4	243	1339	712	712
F2417_4	M2442_4	243	1289	1075	1075
F2417_4	M2674_4	243	1373	1341	1341
F2417_4	M456_4	243	1139	873	873
F2516_4	F1052_4	243	1338	1074	1074
F2516_4	F109_4	243	1355	391	391
F2516_4	F1217_4	243	1233	608	608
F2516_4	F2029_4	243	1152	57	57
F2516_4	F2417_4	243	1232	735	735
F2516_4	F703_4	243	1196	358	358
F2516_4	M1889_4	243	1221	232	232
F2516_4	M1954_4	243	1213	189	189
F2516_4	M2007_4	243	1297	304	304
F2516_4	M241_4	243	1389	76	76
F2516_4	M2442_4	243	1302	335	335
F2516_4	M2674_4	243	1181	884	884
F2516_4	M456_4	243	1297	225	225
F703_4	F1052_4	243	1227	1006	1006
F703_4	F109_4	243	1276	473	473
F703_4	F1217_4	243	1193	676	676
F703_4	F2029_4	243	1293	98	98
F703_4	F2417_4	243	1204	790	790
F703_4	F2516_4	243	1196	103	103
F703_4	M1889_4	243	1186	282	282
F703_4	M1954_4	243	1430	334	334
F703_4	M2007_4	243	1171	349	349
F703_4	M241_4	243	1397	108	108
F703_4	M2442_4	243	1325	432	432
F703_4	M2674_4	243	1334	1065	1065
F703_4	M456_4	243	1141	234	234
M1889_4	F1052_4	243	1275	1189	3957
M1889_4	F109_4	243	1356	834	2802
M1889_4	F1217_4	243	1193	956	3208
M1889_4	F2029_4	243	1367	218	736
M1889_4	F2417_4	243	1229	1053	3611
M1889_4	F2516_4	243	1221	289	971
M1889_4	F703_4	243	1186	751	2547
M1889_4	M1954_4	243	1215	531	1752
M1889_4	M2007_4	243	1311	753	2536
M1889_4	M241_4	243	1249	263	838
M1889_4	M2442_4	243	1128	599	1988
M1889_4	M2674_4	243	1239	1135	3769
M1889_4	M456_4	243	1294	530	1740
M1954_4	F1052_4	243	1267	1154	1154
M1954_4	F109_4	243	1287	733	733
M1954_4	F1217_4	243	1356	1015	1015
M1954_4	F2029_4	243	1406	175	175
M1954_4	F2417_4	243	1253	1006	1006
M1954_4	F2516_4	243	1213	241	241
M1954_4	F703_4	243	1430	838	838
M1954_4	M1889_4	243	1215	481	481
M1954_4	M2007_4	243	1113	546	546
M1954_4	M241_4	243	1367	238	238
M1954_4	M2442_4	243	1359	668	668
M1954_4	M2674_4	243	1208	1086	1086
M1954_4	M456_4	243	1318	459	459
M2007_4	F1052_4	243	1297	1250	1518
M2007_4	F109_4	243	1209	902	1101
M2007_4	F1217_4	243	1194	1046	1254
M2007_4	F2029_4	243	1317	373	448
M2007_4	F2417_4	243	1228	1141	1395
M2007_4	F2516_4	243	1297	467	561
M2007_4	F703_4	243	1171	882	1047
M2007_4	M1889_4	243	1311	797	975
M2007_4	M1954_4	243	1113	631	759
M2007_4	M241_4	243	1280	389	460
M2007_4	M2442_4	243	1269	906	1116
M2007_4	M2674_4	243	1329	1262	1499
M2007_4	M456_4	243	1195	677	818
M241_4	F1052_4	243	1219	1158	3997
M241_4	F109_4	243	1178	794	2628
M241_4	F1217_4	243	1179	973	3391
M241_4	F2029_4	243	1207	214	731
M241_4	F2417_4	243	1339	1160	3991
M241_4	F2516_4	243	1389	394	1390
M241_4	F703_4	243	1397	940	3299
M241_4	M1889_4	243	1249	632	2127
M241_4	M1954_4	243	1367	639	2177
M241_4	M2007_4	243	1280	741	2477
M241_4	M2442_4	243	1206	724	2399
M241_4	M2674_4	243	1147	1056	3590
M241_4	M456_4	243	1311	607	2029
M2442_4	F1052_4	243	1265	1172	3672
M2442_4	F109_4	243	1308	773	2423
M2442_4	F1217_4	243	1320	984	3026
M2442_4	F2029_4	243	1338	176	541
M2442_4	F2417_4	243	1289	1062	3334
M2442_4	F2516_4	243	1302	274	829
M2442_4	F703_4	243	1325	744	2315
M2442_4	M1889_4	243	1128	462	1462
M2442_4	M1954_4	243	1359	533	1589
M2442_4	M2007_4	243	1269	672	2093
M2442_4	M241_4	243	1206	221	672
M2442_4	M2674_4	243	1182	1086	3461
M2442_4	M456_4	243	1189	442	1418
M2674_4	F1052_4	243	1199	1159	1159
M2674_4	F109_4	243	1335	1107	1107
M2674_4	F1217_4	243	1374	1264	1264
M2674_4	F2029_4	243	1161	413	413
M2674_4	F2417_4	243	1373	1300	1300
M2674_4	F2516_4	243	1181	511	511
M2674_4	F703_4	243	1334	1099	1099
M2674_4	M1889_4	243	1239	865	865
M2674_4	M1954_4	243	1208	817	817
M2674_4	M2007_4	243	1329	1025	1025
M2674_4	M241_4	243	1147	479	479
M2674_4	M2442_4	243	1182	901	901
M2674_4	M456_4	243	1222	777	777
M456_4	F1052_4	243	1272	1217	1217
M456_4	F109_4	243	1230	964	964
M456_4	F1217_4	243	1312	1181	1181
M456_4	F2029_4	243	1226	369	369
M456_4	F2417_4	243	1139	1056	1056
M456_4	F2516_4	243	1297	516	516
M456_4	F703_4	243	1141	924	924
M456_4	M1889_4	243	1294	823	823
M456_4	M1954_4	243	1318	832	832
M456_4	M2007_4	243	1195	878	878
M456_4	M241_4	243	1311	498	498
M456_4	M2442_4	243	1189	866	866
M456_4	M2674_4	243	1222	1167	1167
F1000_4	F1321_4	244	1284	387	649
F1000_4	F1553_4	244	1187	774	1294
F1000_4	F250_4	244	1274	661	1091
F1000_4	F2662_4	244	1243	1086	1803
F1000_4	F943_4	244	1235	1128	1866
F1000_4	F948_4	244	1232	706	1156
F1000_4	M1194_4	244	1377	951	1556
F1000_4	M125_4	244	1216	1160	1890
F1000_4	M1283_4	244	1183	1058	1762
F1000_4	M2018_4	244	1185	607	1043
F1000_4	M205_4	244	1334	700	1170
F1000_4	M695_4	244	1239	692	1111
F1000_4	M888_4	244	1246	967	1622
F1321_4	F1000_4	244	1284	0	0
F1321_4	F1553_4	244	1179	108	108
F1321_4	F250_4	244	1176	70	70
F1321_4	F2662_4	244	1319	340	340
F1321_4	F943_4	244	1217	477	477
F1321_4	F948_4	244	1293	99	99
F1321_4	M1194_4	244	1206	127	127
F1321_4	M125_4	244	1318	741	741
F1321_4	M1283_4	244	1179	374	374
F1321_4	M2018_4	244	1093	60	60
F1321_4	M205_4	244	1383	73	73
F1321_4	M695_4	244	1367	96	96
F1321_4	M888_4	244	1137	174	174
F1553_4	F1000_4	244	1187	197	197
F1553_4	F1321_4	244	1179	548	548
F1553_4	F250_4	244	1329	876	876
F1553_4	F2662_4	244	1136	1057	1057
F1553_4	F943_4	244	1388	1318	1318
F1553_4	F948_4	244	1046	737	737
F1553_4	M1194_4	244	1334	1095	1095
F1553_4	M125_4	244	1380	1353	1353
F1553_4	M1283_4	244	1175	1080	1080
F1553_4	M2018_4	244	1162	768	768
F1553_4	M205_4	244	1208	791	791
F1553_4	M695_4	244	1231	877	877
F1553_4	M888_4	244	1355	1183	1183
F250_4	F1000_4	244	1274	435	570
F250_4	F1321_4	244	1176	783	1025
F250_4	F1553_4	244	1329	1212	1584
F250_4	F2662_4	244	1335	1292	1731
F250_4	F943_4	244	1189	1160	1535
F250_4	F948_4	244	1314	1139	1471
F250_4	M1194_4	244	1253	1148	1477
F250_4	M125_4	244	1372	1351	1789
F250_4	M1283_4	244	1358	1313	1723
F250_4	M2018_4	244	1333	1124	1477
F250_4	M205_4	244	1207	1002	1316
F250_4	M695_4	244	1164	997	1296
F250_4	M888_4	244	1306	1241	1664
F2662_4	F1000_4	244	1243	191	366
F2662_4	F1321_4	244	1319	562	1125
F2662_4	F1553_4	244	1136	856	1684
F2662_4	F250_4	244	1335	897	1759
F2662_4	F943_4	244	1184	1121	2161
F2662_4	F948_4	244	1166	818	1531
F2662_4	M1194_4	244	1425	1145	2256
F2662_4	M125_4	244	1170	1138	2214
F2662_4	M1283_4	244	1174	1094	2172
F2662_4	M2018_4	244	1325	885	1705
F2662_4	M205_4	244	1275	844	1611
F2662_4	M695_4	244	1264	857	1686
F2662_4	M888_4	244	1111	967	1875
F943_4	F1000_4	244	1235	233	559
F943_4	F1321_4	244	1217	559	1434
F943_4	F1553_4	244	1388	1101	2794
F943_4	F250_4	244	1189	820	2127
F943_4	F2662_4	244	1184	1106	2757
F943_4	F948_4	244	1247	921	2318
F943_4	M1194_4	244	1291	1096	2778
F943_4	M125_4	244	1277	1245	3155
F943_4	M1283_4	244	1162	1106	2790
F943_4	M2018_4	244	1276	895	2197
F943_4	M205_4	244	1199	846	2114
F943_4	M695_4	244	1382	968	2486
F943_4	M888_4	244	1141	1004	2552
F948_4	F1000_4	244	1232	118	118
F948_4	F1321_4	244	1293	402	402
F948_4	F1553_4	244	1046	684	684
F948_4	F250_4	244	1314	716	716
F948_4	F2662_4	244	1166	1021	1021
F948_4	F943_4	244	1247	1142	1142
F948_4	M1194_4	244	1216	856	856
F948_4	M125_4	244	1180	1125	1125
F948_4	M1283_4	244	1425	1267	1267
F948_4	M2018_4	244	1182	605	605
F948_4	M205_4	244	1152	591	591
F948_4	M695_4	244	1237	681	681
F948_4	M888_4	244	1384	1088	1088
M1194_4	F1000_4	244	1377	24	52
M1194_4	F1321_4	244	1206	82	215
M1194_4	F1553_4	244	1334	327	758
M1194_4	F250_4	244	1253	232	563
M1194_4	F2662_4	244	1425	782	1896
M1194_4	F943_4	244	1291	845	2049
M1194_4	F948_4	244	1216	249	609
M1194_4	M125_4	244	1276	1016	2484
M1194_4	M1283_4	244	1315	746	1827
M1194_4	M2018_4	244	1088	180	414
M1194_4	M205_4	244	1275	207	479
M1194_4	M695_4	244	1260	221	534
M1194_4	M888_4	244	1265	487	1193
M125_4	F1000_4	244	1216	102	102
M125_4	F1321_4	244	1318	379	379
M125_4	F1553_4	244	1380	882	882
M125_4	F250_4	244	1372	709	709
M125_4	F2662_4	244	1170	1022	1022
M125_4	F943_4	244	1277	1148	1148
M125_4	F948_4	244	1180	667	667
M125_4	M1194_4	244	1276	859	859
M125_4	M1283_4	244	1308	1155	1155
M125_4	M2018_4	244	1183	618	618
M125_4	M205_4	244	1195	620	620
M125_4	M695_4	244	1203	627	627
M125_4	M888_4	244	1338	1051	1051
M1283_4	F1000_4	244	1183	296	550
M1283_4	F1321_4	244	1179	667	1200
M1283_4	F1553_4	244	1175	994	1849
M1283_4	F250_4	244	1358	1077	1969
M1283_4	F2662_4	244	1174	1102	2013
M1283_4	F943_4	244	1162	1118	2010
M1283_4	F948_4	244	1425	1164	2165
M1283_4	M1194_4	244	1315	1135	2060
M1283_4	M125_4	244	1308	1290	2358
M1283_4	M2018_4	244	1204	908	1718
M1283_4	M205_4	244	1301	1026	1877
M1283_4	M695_4	244	1270	998	1886
M1283_4	M888_4	244	1214	1099	2058
M2018_4	F1000_4	244	1185	166	166
M2018_4	F1321_4	244	1093	420	420
M2018_4	F1553_4	244	1162	853	853
M2018_4	F250_4	244	1333	813	813
M2018_4	F2662_4	244	1325	1188	1188
M2018_4	F943_4	244	1276	1191	1191
M2018_4	F948_4	244	1182	797	797
M2018_4	M1194_4	244	1088	860	860
M2018_4	M125_4	244	1183	1148	1148
M2018_4	M1283_4	244	1204	1102	1102
M2018_4	M205_4	244	1259	734	734
M2018_4	M695_4	244	1254	778	778
M2018_4	M888_4	244	1386	1152	1152
M205_4	F1000_4	244	1334	10	29
M205_4	F1321_4	244	1383	87	246
M205_4	F1553_4	244	1208	251	678
M205_4	F250_4	244	1207	169	419
M205_4	F2662_4	244	1275	660	1737
M205_4	F943_4	244	1199	738	2006
M205_4	F948_4	244	1152	177	473
M205_4	M1194_4	244	1275	297	783
M205_4	M125_4	244	1195	932	2457
M205_4	M1283_4	244	1301	675	1839
M205_4	M2018_4	244	1259	173	471
M205_4	M695_4	244	1288	198	537
M205_4	M888_4	244	1058	375	997
M695_4	F1000_4	244	1239	83	111
M695_4	F1321_4	244	1367	265	359
M695_4	F1553_4	244	1231	643	901
M695_4	F250_4	244	1164	465	613
M695_4	F2662_4	244	1264	1012	1366
M695_4	F943_4	244	1382	1185	1600
M695_4	F948_4	244	1237	538	734
M695_4	M1194_4	244	1260	698	920
M695_4	M125_4	244	1203	1117	1514
M695_4	M1283_4	244	1270	1017	1348
M695_4	M2018_4	244	1254	473	651
M695_4	M205_4	244	1288	479	656
M695_4	M888_4	244	1240	800	1069
M888_4	F1000_4	244	1246	7	7
M888_4	F1321_4	244	1137	36	36
M888_4	F1553_4	244	1355	186	186
M888_4	F250_4	244	1306	119	119
M888_4	F2662_4	244	1111	399	399
M888_4	F943_4	244	1141	550	550
M888_4	F948_4	244	1384	144	144
M888_4	M1194_4	244	1265	205	205
M888_4	M125_4	244	1338	858	858
M888_4	M1283_4	244	1214	492	492
M888_4	M2018_4	244	1386	136	136
M888_4	M205_4	244	1058	85	85
M888_4	M695_4	244	1240	115	115
F101_4	F107_4	245	1235	125	394
F101_4	F1082_4	245	1255	139	431
F101_4	F1400_4	245	1162	158	450
F101_4	F1851_4	245	1384	475	1399
F101_4	F642_4	245	1231	256	763
F101_4	F821_4	245	1395	1075	3094
F101_4	M160_4	245	1122	499	1511
F101_4	M1959_4	245	1191	174	522
F101_4	M2309_4	245	1317	503	1568
F101_4	M2684_4	245	1462	492	1453
F101_4	M272_4	245	1181	23	69
F101_4	M2792_4	245	1219	688	2050
F101_4	M379_4	245	1264	285	867
F107_4	F101_4	245	1235	468	468
F107_4	F1082_4	245	1311	870	870
F107_4	F1400_4	245	1241	868	868
F107_4	F1851_4	245	1171	1033	1033
F107_4	F642_4	245	1269	984	984
F107_4	F821_4	245	1176	1156	1156
F107_4	M160_4	245	1234	1102	1102
F107_4	M1959_4	245	1280	884	884
F107_4	M2309_4	245	1306	1180	1180
F107_4	M2684_4	245	1240	1091	1091
F107_4	M272_4	245	1190	239	239
F107_4	M2792_4	245	1328	1242	1242
F107_4	M379_4	245	1212	953	953
F1082_4	F101_4	245	1255	584	584
F1082_4	F107_4	245	1311	816	816
F1082_4	F1400_4	245	1349	1068	1068
F1082_4	F1851_4	245	1075	956	956
F1082_4	F642_4	245	1232	1000	1000
F1082_4	F821_4	245	1155	1140	1140
F1082_4	M160_4	245	1268	1177	1177
F1082_4	M1959_4	245	1256	957	957
F1082_4	M2309_4	245	1339	1238	1238
F1082_4	M2684_4	245	1113	998	998
F1082_4	M272_4	245	1245	310	310
F1082_4	M2792_4	245	1161	1103	1103
F1082_4	M379_4	245	1307	1085	1085
F1400_4	F101_4	245	1162	153	153
F1400_4	F107_4	245	1241	306	306
F1400_4	F1082_4	245	1349	450	450
F1400_4	F1851_4	245	1279	811	811
F1400_4	F642_4	245	1355	625	625
F1400_4	F821_4	245	1058	961	961
F1400_4	M160_4	245	1228	883	883
F1400_4	M1959_4	245	1313	476	476
F1400_4	M2309_4	245	1360	990	990
F1400_4	M2684_4	245	1223	762	762
F1400_4	M272_4	245	1224	70	70
F1400_4	M2792_4	245	1169	940	940
F1400_4	M379_4	245	1180	571	571
F1851_4	F101_4	245	1384	45	165
F1851_4	F107_4	245	1171	48	152
F1851_4	F1082_4	245	1075	75	233
F1851_4	F1400_4	245	1279	127	420
F1851_4	F642_4	245	1401	145	477
F1851_4	F821_4	245	1158	701	2345
F1851_4	M160_4	245	1202	301	948
F1851_4	M1959_4	245	1210	89	294
F1851_4	M2309_4	245	1194	303	996
F1851_4	M2684_4	245	1264	247	861
F1851_4	M272_4	245	1214	14	43
F1851_4	M2792_4	245	1366	497	1627
F1851_4	M379_4	245	1262	152	508
F642_4	F101_4	245	1231	213	213
F642_4	F107_4	245	1269	375	375
F642_4	F1082_4	245	1232	506	506
F642_4	F1400_4	245	1355	601	601
F642_4	F1851_4	245	1401	944	944
F642_4	F821_4	245	1294	1199	1199
F642_4	M160_4	245	1376	1047	1047
F642_4	M1959_4	245	1169	467	467
F642_4	M2309_4	245	1124	832	832
F642_4	M2684_4	245	1330	900	900
F642_4	M272_4	245	1181	102	102
F642_4	M2792_4	245	1193	994	994
F642_4	M379_4	245	1224	700	700
F821_4	F101_4	245	1395	387	491
F821_4	F107_4	245	1176	507	684
F821_4	F1082_4	245	1155	594	766
F821_4	F1400_4	245	1058	651	832
F821_4	F1851_4	245	1158	924	1209
F821_4	F642_4	245	1294	847	1124
F821_4	M160_4	245	1179	1016	1303
F821_4	M1959_4	245	1265	670	870
F821_4	M2309_4	245	1181	980	1262
F821_4	M2684_4	245	1215	938	1234
F821_4	M272_4	245	1149	156	205
F821_4	M2792_4	245	1326	1220	1596
F821_4	M379_4	245	1093	772	997
M160_4	F101_4	245	1122	366	366
M160_4	F107_4	245	1234	599	599
M160_4	F1082_4	245	1268	734	734
M160_4	F1400_4	245	1228	837	837
M160_4	F1851_4	245	1202	1021	1021
M160_4	F642_4	245	1376	1008	1008
M160_4	F821_4	245	1179	1146	1146
M160_4	M1959_4	245	1335	853	853
M160_4	M2309_4	245	1183	1038	1038
M160_4	M2684_4	245	1104	921	921
M160_4	M272_4	245	1217	184	184
M160_4	M2792_4	245	1179	1086	1086
M160_4	M379_4	245	1464	1086	1086
M1959_4	F101_4	245	1191	251	251
M1959_4	F107_4	245	1280	475	475
M1959_4	F1082_4	245	1256	548	548
M1959_4	F1400_4	245	1313	659	659
M1959_4	F1851_4	245	1210	881	881
M1959_4	F642_4	245	1169	654	654
M1959_4	F821_4	245	1265	1186	1186
M1959_4	M160_4	245	1335	1077	1077
M1959_4	M2309_4	245	1225	964	964
M1959_4	M2684_4	245	1189	853	853
M1959_4	M272_4	245	1214	112	112
M1959_4	M2792_4	245	1263	1065	1065
M1959_4	M379_4	245	1368	866	866
M2309_4	F101_4	245	1317	238	238
M2309_4	F107_4	245	1306	414	414
M2309_4	F1082_4	245	1339	546	546
M2309_4	F1400_4	245	1360	631	631
M2309_4	F1851_4	245	1194	867	867
M2309_4	F642_4	245	1124	608	608
M2309_4	F821_4	245	1181	1107	1107
M2309_4	M160_4	245	1183	932	932
M2309_4	M1959_4	245	1225	551	551
M2309_4	M2684_4	245	1182	826	826
M2309_4	M272_4	245	1228	112	112
M2309_4	M2792_4	245	1493	1264	1264
M2309_4	M379_4	245	1182	718	718
M2684_4	F101_4	245	1462	99	124
M2684_4	F107_4	245	1240	171	219
M2684_4	F1082_4	245	1113	218	284
M2684_4	F1400_4	245	1223	277	364
M2684_4	F1851_4	245	1264	592	764
M2684_4	F642_4	245	1330	435	548
M2684_4	F821_4	245	1215	1011	1321
M2684_4	M160_4	245	1104	632	819
M2684_4	M1959_4	245	1189	260	334
M2684_4	M2309_4	245	1182	634	811
M2684_4	M272_4	245	1265	51	64
M2684_4	M2792_4	245	1370	910	1176
M2684_4	M379_4	245	1306	434	549
M272_4	F101_4	245	1181	14	29
M272_4	F107_4	245	1190	26	50
M272_4	F1082_4	245	1245	32	71
M272_4	F1400_4	245	1224	58	107
M272_4	F1851_4	245	1214	124	239
M272_4	F642_4	245	1181	74	152
M272_4	F821_4	245	1149	469	930
M272_4	M160_4	245	1217	151	294
M272_4	M1959_4	245	1214	41	85
M272_4	M2309_4	245	1228	175	345
M272_4	M2684_4	245	1265	127	252
M272_4	M2792_4	245	1309	257	536
M272_4	M379_4	245	1201	73	150
M2792_4	F101_4	245	1219	2	2
M2792_4	F107_4	245	1328	5	5
M2792_4	F1082_4	245	1161	9	9
M2792_4	F1400_4	245	1169	15	15
M2792_4	F1851_4	245	1366	42	42
M2792_4	F642_4	245	1193	14	14
M2792_4	F821_4	245	1326	172	172
M2792_4	M160_4	245	1179	42	42
M2792_4	M1959_4	245	1263	11	11
M2792_4	M2309_4	245	1493	44	44
M2792_4	M2684_4	245	1370	34	34
M2792_4	M272_4	245	1309	3	3
M2792_4	M379_4	245	1274	11	11
M379_4	F101_4	245	1264	1110	1110
M379_4	F107_4	245	1212	1142	1142
M379_4	F1082_4	245	1307	1264	1264
M379_4	F1400_4	245	1180	1141	1141
M379_4	F1851_4	245	1262	1249	1249
M379_4	F642_4	245	1224	1185	1185
M379_4	F821_4	245	1093	1090	1090
M379_4	M160_4	245	1464	1452	1452
M379_4	M1959_4	245	1368	1313	1313
M379_4	M2309_4	245	1182	1172	1172
M379_4	M2684_4	245	1306	1281	1281
M379_4	M272_4	245	1201	891	891
M379_4	M2792_4	245	1274	1267	1267
F1119_4	F1526_4	246	1279	1260	1476
F1119_4	F2503_4	246	1338	974	1140
F1119_4	F321_4	246	1215	503	592
F1119_4	F506_4	246	1221	885	1023
F1119_4	M1019_4	246	1243	827	995
F1119_4	M1755_4	246	1323	406	478
F1119_4	M2103_4	246	1199	959	1103
F1119_4	M2325_4	246	1147	1089	1271
F1119_4	M2601_4	246	1294	1018	1183
F1119_4	M298_4	246	1231	239	270
F1119_4	M454_4	246	1243	562	673
F1119_4	M780_4	246	1105	614	713
F1119_4	M79_4	246	1248	999	1160
F1526_4	F1119_4	246	1279	1253	1253
F1526_4	F2503_4	246	1283	1255	1255
F1526_4	F321_4	246	1374	1255	1255
F1526_4	F506_4	246	1333	1293	1293
F1526_4	M1019_4	246	1159	1114	1114
F1526_4	M1755_4	246	1126	964	964
F1526_4	M2103_4	246	1179	1167	1167
F1526_4	M2325_4	246	1167	1162	1162
F1526_4	M2601_4	246	1291	1259	1259
F1526_4	M298_4	246	1246	981	981
F1526_4	M454_4	246	1267	1161	1161
F1526_4	M780_4	246	1400	1328	1328
F1526_4	M79_4	246	1182	1161	1161
F2503_4	F1119_4	246	1338	266	266
F2503_4	F1526_4	246	1283	1122	1122
F2503_4	F321_4	246	1309	65	65
F2503_4	F506_4	246	1349	282	282
F2503_4	M1019_4	246	1224	199	199
F2503_4	M1755_4	246	1303	52	52
F2503_4	M2103_4	246	1461	378	378
F2503_4	M2325_4	246	1275	815	815
F2503_4	M2601_4	246	1188	280	280
F2503_4	M298_4	246	1215	22	22
F2503_4	M454_4	246	1298	85	85
F2503_4	M780_4	246	1352	114	114
F2503_4	M79_4	246	1347	329	329
F321_4	F1119_4	246	1215	668	668
F321_4	F1526_4	246	1374	1339	1339
F321_4	F2503_4	246	1309	690	690
F321_4	F506_4	246	1140	588	588
F321_4	M1019_4	246	1310	607	607
F321_4	M1755_4	246	1229	199	199
F321_4	M2103_4	246	1198	761	761
F321_4	M2325_4	246	1316	1179	1179
F321_4	M2601_4	246	1278	761	761
F321_4	M298_4	246	1239	114	114
F321_4	M454_4	246	1259	331	331
F321_4	M780_4	246	1261	398	398
F321_4	M79_4	246	1282	753	753
F506_4	F1119_4	246	1221	969	3149
F506_4	F1526_4	246	1333	1318	4296
F506_4	F2503_4	246	1349	1023	3344
F506_4	F321_4	246	1140	521	1729
F506_4	M1019_4	246	1243	887	2877
F506_4	M1755_4	246	1250	472	1542
F506_4	M2103_4	246	1295	1078	3483
F506_4	M2325_4	246	1213	1172	3775
F506_4	M2601_4	246	1256	1004	3302
F506_4	M298_4	246	1250	283	977
F506_4	M454_4	246	1213	631	2040
F506_4	M780_4	246	1194	680	2174
F506_4	M79_4	246	1282	1024	3276
M1019_4	F1119_4	246	1243	399	399
M1019_4	F1526_4	246	1159	1069	1069
M1019_4	F2503_4	246	1224	347	347
M1019_4	F321_4	246	1310	116	116
M1019_4	F506_4	246	1243	350	350
M1019_4	M1755_4	246	1258	68	68
M1019_4	M2103_4	246	1301	520	520
M1019_4	M2325_4	246	1307	987	987
M1019_4	M2601_4	246	1233	438	438
M1019_4	M298_4	246	1277	38	38
M1019_4	M454_4	246	1287	133	133
M1019_4	M780_4	246	1140	169	169
M1019_4	M79_4	246	1136	390	390
M1755_4	F1119_4	246	1323	375	645
M1755_4	F1526_4	246	1126	1025	1773
M1755_4	F2503_4	246	1303	359	591
M1755_4	F321_4	246	1229	136	222
M1755_4	F506_4	246	1250	327	557
M1755_4	M1019_4	246	1258	267	446
M1755_4	M2103_4	246	1441	534	913
M1755_4	M2325_4	246	1209	892	1508
M1755_4	M2601_4	246	1262	411	729
M1755_4	M298_4	246	1451	46	79
M1755_4	M454_4	246	1334	144	223
M1755_4	M780_4	246	1311	187	323
M1755_4	M79_4	246	1217	400	684
M2103_4	F1119_4	246	1199	622	1729
M2103_4	F1526_4	246	1179	1149	3230
M2103_4	F2503_4	246	1461	720	1968
M2103_4	F321_4	246	1198	225	626
M2103_4	F506_4	246	1295	620	1775
M2103_4	M1019_4	246	1301	548	1523
M2103_4	M1755_4	246	1441	244	695
M2103_4	M2325_4	246	1169	1034	2874
M2103_4	M2601_4	246	1294	709	1933
M2103_4	M298_4	246	1326	123	334
M2103_4	M454_4	246	1338	308	858
M2103_4	M780_4	246	1432	429	1138
M2103_4	M79_4	246	1279	703	1951
M2325_4	F1119_4	246	1147	544	544
M2325_4	F1526_4	246	1167	1129	1129
M2325_4	F2503_4	246	1275	564	564
M2325_4	F321_4	246	1316	217	217
M2325_4	F506_4	246	1213	507	507
M2325_4	M1019_4	246	1307	495	495
M2325_4	M1755_4	246	1209	137	137
M2325_4	M2103_4	246	1169	632	632
M2325_4	M2601_4	246	1256	624	624
M2325_4	M298_4	246	1234	86	86
M2325_4	M454_4	246	1331	236	236
M2325_4	M780_4	246	1401	351	351
M2325_4	M79_4	246	1439	766	766
M2601_4	F1119_4	246	1294	1194	1477
M2601_4	F1526_4	246	1291	1283	1578
M2601_4	F2503_4	246	1188	1076	1337
M2601_4	F321_4	246	1278	895	1106
M2601_4	F506_4	246	1256	1131	1368
M2601_4	M1019_4	246	1233	1084	1343
M2601_4	M1755_4	246	1262	810	990
M2601_4	M2103_4	246	1294	1210	1484
M2601_4	M2325_4	246	1256	1230	1519
M2601_4	M298_4	246	1154	527	651
M2601_4	M454_4	246	1374	1036	1295
M2601_4	M780_4	246	1247	1012	1258
M2601_4	M79_4	246	1170	1085	1340
M298_4	F1119_4	246	1231	765	2572
M298_4	F1526_4	246	1246	1215	4062
M298_4	F2503_4	246	1215	674	2277
M298_4	F321_4	246	1239	288	921
M298_4	F506_4	246	1250	687	2284
M298_4	M1019_4	246	1277	640	2171
M298_4	M1755_4	246	1451	278	947
M298_4	M2103_4	246	1326	888	2972
M298_4	M2325_4	246	1234	1116	3859
M298_4	M2601_4	246	1154	699	2396
M298_4	M454_4	246	1372	426	1471
M298_4	M780_4	246	1220	403	1357
M298_4	M79_4	246	1250	817	2767
M454_4	F1119_4	246	1243	106	106
M454_4	F1526_4	246	1267	852	852
M454_4	F2503_4	246	1298	78	78
M454_4	F321_4	246	1259	25	25
M454_4	F506_4	246	1213	79	79
M454_4	M1019_4	246	1287	74	74
M454_4	M1755_4	246	1334	15	15
M454_4	M2103_4	246	1338	136	136
M454_4	M2325_4	246	1331	425	425
M454_4	M2601_4	246	1374	97	97
M454_4	M298_4	246	1372	5	5
M454_4	M780_4	246	1190	33	33
M454_4	M79_4	246	1299	109	109
M780_4	F1119_4	246	1105	844	860
M780_4	F1526_4	246	1400	1384	1422
M780_4	F2503_4	246	1352	1005	1034
M780_4	F321_4	246	1261	560	571
M780_4	F506_4	246	1194	878	904
M780_4	M1019_4	246	1140	777	797
M780_4	M1755_4	246	1311	486	499
M780_4	M2103_4	246	1432	1190	1222
M780_4	M2325_4	246	1401	1333	1355
M780_4	M2601_4	246	1247	998	1015
M780_4	M298_4	246	1220	287	296
M780_4	M454_4	246	1190	577	596
M780_4	M79_4	246	1315	1051	1078
M79_4	F1119_4	246	1248	1063	2144
M79_4	F1526_4	246	1182	1175	2295
M79_4	F2503_4	246	1347	1111	2241
M79_4	F321_4	246	1282	693	1425
M79_4	F506_4	246	1282	1067	2159
M79_4	M1019_4	246	1136	892	1856
M79_4	M1755_4	246	1217	580	1159
M79_4	M2103_4	246	1279	1114	2245
M79_4	M2325_4	246	1439	1392	2825
M79_4	M2601_4	246	1170	1008	2024
M79_4	M298_4	246	1250	389	798
M79_4	M454_4	246	1299	813	1641
M79_4	M780_4	246	1315	903	1842
F1362_4	F1370_4	247	1280	257	599
F1362_4	F2028_4	247	1273	580	1292
F1362_4	F2082_4	247	1230	1166	2744
F1362_4	F2384_4	247	1374	93	217
F1362_4	F2714_4	247	1225	300	684
F1362_4	F408_4	247	1193	728	1696
F1362_4	F629_4	247	1179	590	1374
F1362_4	F887_4	247	1242	62	152
F1362_4	M1748_4	247	1285	146	337
F1362_4	M2771_4	247	1157	603	1424
F1362_4	M461_4	247	1173	89	208
F1362_4	M563_4	247	1226	190	441
F1362_4	M814_4	247	1274	271	630
F1370_4	F1362_4	247	1280	326	898
F1370_4	F2028_4	247	1316	1076	2914
F1370_4	F2082_4	247	1293	1284	3611
F1370_4	F2384_4	247	1288	353	941
F1370_4	F2714_4	247	1187	733	1930
F1370_4	F408_4	247	1245	1125	3014
F1370_4	F629_4	247	1303	1111	3074
F1370_4	F887_4	247	1339	312	862
F1370_4	M1748_4	247	1262	526	1429
F1370_4	M2771_4	247	1273	1080	2941
F1370_4	M461_4	247	1267	379	1059
F1370_4	M563_4	247	1268	605	1625
F1370_4	M814_4	247	1238	741	1943
F2028_4	F1362_4	247	1273	285	285
F2028_4	F1370_4	247	1316	705	705
F2028_4	F2082_4	247	1278	1266	1266
F2028_4	F2384_4	247	1379	320	320
F2028_4	F2714_4	247	1286	743	743
F2028_4	F408_4	247	1243	1079	1079
F2028_4	F629_4	247	1190	940	940
F2028_4	F887_4	247	1354	262	262
F2028_4	M1748_4	247	1227	393	393
F2028_4	M2771_4	247	1397	1106	1106
F2028_4	M461_4	247	1233	298	298
F2028_4	M563_4	247	1304	531	531
F2028_4	M814_4	247	1139	617	617
F2082_4	F1362_4	247	1230	264	548
F2082_4	F1370_4	247	1293	721	1503
F2082_4	F2028_4	247	1278	1034	2200
F2082_4	F2384_4	247	1117	268	580
F2082_4	F2714_4	247	1202	699	1458
F2082_4	F408_4	247	1262	1079	2326
F2082_4	F629_4	247	1194	962	2005
F2082_4	F887_4	247	1213	246	513
F2082_4	M1748_4	247	1160	414	913
F2082_4	M2771_4	247	1237	1019	2165
F2082_4	M461_4	247	1144	308	647
F2082_4	M563_4	247	1386	575	1200
F2082_4	M814_4	247	1188	664	1396
F2384_4	F1362_4	247	1374	23	76
F2384_4	F1370_4	247	1288	78	214
F2384_4	F2028_4	247	1379	227	636
F2384_4	F2082_4	247	1117	865	2469
F2384_4	F2714_4	247	1380	102	295
F2384_4	F408_4	247	1249	313	886
F2384_4	F629_4	247	1267	199	575
F2384_4	F887_4	247	1266	22	74
F2384_4	M1748_4	247	1329	39	101
F2384_4	M2771_4	247	1050	201	561
F2384_4	M461_4	247	1120	18	50
F2384_4	M563_4	247	1157	39	101
F2384_4	M814_4	247	1416	87	231
F2714_4	F1362_4	247	1225	99	99
F2714_4	F1370_4	247	1187	356	356
F2714_4	F2028_4	247	1286	742	742
F2714_4	F2082_4	247	1202	1165	1165
F2714_4	F2384_4	247	1380	139	139
F2714_4	F408_4	247	1322	953	953
F2714_4	F629_4	247	1161	699	699
F2714_4	F887_4	247	1215	78	78
F2714_4	M1748_4	247	1132	171	171
F2714_4	M2771_4	247	1313	802	802
F2714_4	M461_4	247	1166	134	134
F2714_4	M563_4	247	1290	243	243
F2714_4	M814_4	247	1245	398	398
F408_4	F1362_4	247	1193	545	1169
F408_4	F1370_4	247	1245	954	2069
F408_4	F2028_4	247	1243	1142	2474
F408_4	F2082_4	247	1262	1256	2705
F408_4	F2384_4	247	1249	571	1198
F408_4	F2714_4	247	1322	1089	2373
F408_4	F629_4	247	1128	1034	2213
F408_4	F887_4	247	1179	476	1043
F408_4	M1748_4	247	1282	776	1686
F408_4	M2771_4	247	1254	1158	2473
F408_4	M461_4	247	1241	596	1324
F408_4	M563_4	247	1201	787	1683
F408_4	M814_4	247	1259	985	2106
F629_4	F1362_4	247	1179	78	78
F629_4	F1370_4	247	1303	291	291
F629_4	F2028_4	247	1190	589	589
F629_4	F2082_4	247	1194	1126	1126
F629_4	F2384_4	247	1267	87	87
F629_4	F2714_4	247	1161	292	292
F629_4	F408_4	247	1128	716	716
F629_4	F887_4	247	1282	66	66
F629_4	M1748_4	247	1214	143	143
F629_4	M2771_4	247	1093	572	572
F629_4	M461_4	247	1288	98	98
F629_4	M563_4	247	1153	175	175
F629_4	M814_4	247	1229	280	280
F887_4	F1362_4	247	1242	357	357
F887_4	F1370_4	247	1339	821	821
F887_4	F2028_4	247	1354	1153	1153
F887_4	F2082_4	247	1213	1199	1199
F887_4	F2384_4	247	1266	402	402
F887_4	F2714_4	247	1215	821	821
F887_4	F408_4	247	1179	1064	1064
F887_4	F629_4	247	1282	1091	1091
F887_4	M1748_4	247	1200	557	557
F887_4	M2771_4	247	1208	1037	1037
F887_4	M461_4	247	1232	413	413
F887_4	M563_4	247	1417	707	707
F887_4	M814_4	247	1271	812	812
M1748_4	F1362_4	247	1285	659	659
M1748_4	F1370_4	247	1262	1026	1026
M1748_4	F2028_4	247	1227	1148	1148
M1748_4	F2082_4	247	1160	1155	1155
M1748_4	F2384_4	247	1329	673	673
M1748_4	F2714_4	247	1132	958	958
M1748_4	F408_4	247	1282	1235	1235
M1748_4	F629_4	247	1214	1138	1138
M1748_4	F887_4	247	1200	581	581
M1748_4	M2771_4	247	1394	1310	1310
M1748_4	M461_4	247	1378	778	778
M1748_4	M563_4	247	1104	809	809
M1748_4	M814_4	247	1249	993	993
M2771_4	F1362_4	247	1157	85	85
M2771_4	F1370_4	247	1273	299	299
M2771_4	F2028_4	247	1397	703	703
M2771_4	F2082_4	247	1237	1174	1174
M2771_4	F2384_4	247	1050	81	81
M2771_4	F2714_4	247	1313	344	344
M2771_4	F408_4	247	1254	810	810
M2771_4	F629_4	247	1093	563	563
M2771_4	F887_4	247	1208	76	76
M2771_4	M1748_4	247	1394	193	193
M2771_4	M461_4	247	1224	94	94
M2771_4	M563_4	247	1230	196	196
M2771_4	M814_4	247	1340	297	297
M461_4	F1362_4	247	1173	79	167
M461_4	F1370_4	247	1267	320	644
M461_4	F2028_4	247	1233	600	1179
M461_4	F2082_4	247	1144	1093	2211
M461_4	F2384_4	247	1120	69	124
M461_4	F2714_4	247	1166	329	661
M461_4	F408_4	247	1241	817	1625
M461_4	F629_4	247	1288	682	1382
M461_4	F887_4	247	1232	80	171
M461_4	M1748_4	247	1378	195	376
M461_4	M2771_4	247	1224	683	1327
M461_4	M563_4	247	1319	223	431
M461_4	M814_4	247	1297	324	666
M563_4	F1362_4	247	1226	246	246
M563_4	F1370_4	247	1268	627	627
M563_4	F2028_4	247	1304	1007	1007
M563_4	F2082_4	247	1386	1362	1362
M563_4	F2384_4	247	1157	221	221
M563_4	F2714_4	247	1290	721	721
M563_4	F408_4	247	1201	1051	1051
M563_4	F629_4	247	1153	896	896
M563_4	F887_4	247	1417	261	261
M563_4	M1748_4	247	1104	339	339
M563_4	M2771_4	247	1230	990	990
M563_4	M461_4	247	1319	313	313
M563_4	M814_4	247	1246	652	652
M814_4	F1362_4	247	1274	65	65
M814_4	F1370_4	247	1238	190	190
M814_4	F2028_4	247	1139	430	430
M814_4	F2082_4	247	1188	1087	1087
M814_4	F2384_4	247	1416	76	76
M814_4	F2714_4	247	1245	235	235
M814_4	F408_4	247	1259	648	648
M814_4	F629_4	247	1229	479	479
M814_4	F887_4	247	1271	47	47
M814_4	M1748_4	247	1249	107	107
M814_4	M2771_4	247	1340	548	548
M814_4	M461_4	247	1297	62	62
M814_4	M563_4	247	1246	149	149
F1384_4	F1712_4	248	1214	621	1835
F1384_4	F2153_4	248	1320	70	198
F1384_4	F2553_4	248	1312	113	331
F1384_4	F548_4	248	1326	52	162
F1384_4	M1589_4	248	1385	173	517
F1384_4	M1623_4	248	1251	177	536
F1384_4	M1692_4	248	1380	444	1317
F1384_4	M1877_4	248	1157	1039	3007
F1384_4	M2013_4	248	1218	202	568
F1384_4	M2637_4	248	1211	67	207
F1384_4	M686_4	248	1151	6	15
F1384_4	M936_4	248	1185	136	382
F1384_4	M947_4	248	1231	517	1515
F1712_4	F1384_4	248	1214	700	700
F1712_4	F2153_4	248	1230	770	770
F1712_4	F2553_4	248	1229	930	930
F1712_4	F548_4	248	1423	758	758
F1712_4	M1589_4	248	1170	944	944
F1712_4	M1623_4	248	1202	992	992
F1712_4	M1692_4	248	1172	1075	1075
F1712_4	M1877_4	248	1196	1191	1191
F1712_4	M2013_4	248	1176	1000	1000
F1712_4	M2637_4	248	1202	777	777
F1712_4	M686_4	248	1247	237	237
F1712_4	M936_4	248	1240	979	979
F1712_4	M947_4	248	1208	1149	1149
F2153_4	F1384_4	248	1320	241	553
F2153_4	F1712_4	248	1230	1019	2464
F2153_4	F2553_4	248	1376	502	1177
F2153_4	F548_4	248	1568	271	649
F2153_4	M1589_4	248	1241	536	1325
F2153_4	M1623_4	248	1213	566	1324
F2153_4	M1692_4	248	1221	824	2014
F2153_4	M1877_4	248	1307	1278	3071
F2153_4	M2013_4	248	1274	641	1522
F2153_4	M2637_4	248	1270	304	718
F2153_4	M686_4	248	1134	47	126
F2153_4	M936_4	248	1325	533	1232
F2153_4	M947_4	248	1159	929	2220
F2553_4	F1384_4	248	1312	639	726
F2553_4	F1712_4	248	1229	1174	1344
F2553_4	F2153_4	248	1376	764	892
F2553_4	F548_4	248	1263	592	691
F2553_4	M1589_4	248	1222	927	1054
F2553_4	M1623_4	248	1286	1025	1193
F2553_4	M1692_4	248	1363	1204	1387
F2553_4	M1877_4	248	1216	1201	1369
F2553_4	M2013_4	248	1182	976	1108
F2553_4	M2637_4	248	1191	676	778
F2553_4	M686_4	248	1268	212	243
F2553_4	M936_4	248	1222	886	1018
F2553_4	M947_4	248	1417	1336	1563
F548_4	F1384_4	248	1326	232	232
F548_4	F1712_4	248	1423	1167	1167
F548_4	F2153_4	248	1568	338	338
F548_4	F2553_4	248	1263	380	380
F548_4	M1589_4	248	1292	488	488
F548_4	M1623_4	248	1331	580	580
F548_4	M1692_4	248	1255	833	833
F548_4	M1877_4	248	1125	1103	1103
F548_4	M2013_4	248	1131	571	571
F548_4	M2637_4	248	1158	236	236
F548_4	M686_4	248	1176	46	46
F548_4	M936_4	248	1353	473	473
F548_4	M947_4	248	1314	977	977
M1589_4	F1384_4	248	1385	160	166
M1589_4	F1712_4	248	1170	892	936
M1589_4	F2153_4	248	1241	198	207
M1589_4	F2553_4	248	1222	301	312
M1589_4	F548_4	248	1292	152	154
M1589_4	M1623_4	248	1329	451	465
M1589_4	M1692_4	248	1285	739	776
M1589_4	M1877_4	248	1294	1245	1313
M1589_4	M2013_4	248	1267	524	548
M1589_4	M2637_4	248	1224	214	224
M1589_4	M686_4	248	1332	39	41
M1589_4	M936_4	248	1216	356	373
M1589_4	M947_4	248	1296	867	917
M1623_4	F1384_4	248	1251	876	1805
M1623_4	F1712_4	248	1202	1180	2424
M1623_4	F2153_4	248	1213	905	1866
M1623_4	F2553_4	248	1286	1075	2222
M1623_4	F548_4	248	1331	926	1985
M1623_4	M1589_4	248	1329	1150	2342
M1623_4	M1692_4	248	1229	1164	2483
M1623_4	M1877_4	248	1291	1291	2605
M1623_4	M2013_4	248	1286	1179	2426
M1623_4	M2637_4	248	1223	896	1847
M1623_4	M686_4	248	1532	463	958
M1623_4	M936_4	248	1485	1292	2654
M1623_4	M947_4	248	1285	1255	2581
M1692_4	F1384_4	248	1380	748	2329
M1692_4	F1712_4	248	1172	1133	3552
M1692_4	F2153_4	248	1221	742	2367
M1692_4	F2553_4	248	1363	989	3008
M1692_4	F548_4	248	1255	649	1994
M1692_4	M1589_4	248	1285	1023	3152
M1692_4	M1623_4	248	1229	1003	3146
M1692_4	M1877_4	248	1205	1199	3703
M1692_4	M2013_4	248	1327	1137	3528
M1692_4	M2637_4	248	1269	788	2443
M1692_4	M686_4	248	1189	196	602
M1692_4	M936_4	248	1327	1009	3186
M1692_4	M947_4	248	1332	1258	3960
M1877_4	F1384_4	248	1157	58	124
M1877_4	F1712_4	248	1196	689	1505
M1877_4	F2153_4	248	1307	101	215
M1877_4	F2553_4	248	1216	136	300
M1877_4	F548_4	248	1125	60	133
M1877_4	M1589_4	248	1294	193	405
M1877_4	M1623_4	248	1291	248	526
M1877_4	M1692_4	248	1205	417	879
M1877_4	M2013_4	248	1303	307	695
M1877_4	M2637_4	248	1158	103	217
M1877_4	M686_4	248	1341	6	13
M1877_4	M936_4	248	1299	173	349
M1877_4	M947_4	248	1195	557	1191
M2013_4	F1384_4	248	1218	43	43
M2013_4	F1712_4	248	1176	466	466
M2013_4	F2153_4	248	1274	57	57
M2013_4	F2553_4	248	1182	79	79
M2013_4	F548_4	248	1131	28	28
M2013_4	M1589_4	248	1267	116	116
M2013_4	M1623_4	248	1286	134	134
M2013_4	M1692_4	248	1327	309	309
M2013_4	M1877_4	248	1303	1089	1089
M2013_4	M2637_4	248	1227	44	44
M2013_4	M686_4	248	1281	8	8
M2013_4	M936_4	248	1372	129	129
M2013_4	M947_4	248	1266	409	409
M2637_4	F1384_4	248	1211	610	1331
M2637_4	F1712_4	248	1202	1151	2532
M2637_4	F2153_4	248	1270	710	1590
M2637_4	F2553_4	248	1191	810	1821
M2637_4	F548_4	248	1158	539	1177
M2637_4	M1589_4	248	1224	924	2025
M2637_4	M1623_4	248	1223	970	2145
M2637_4	M1692_4	248	1269	1161	2545
M2637_4	M1877_4	248	1158	1150	2554
M2637_4	M2013_4	248	1227	993	2195
M2637_4	M686_4	248	1374	198	435
M2637_4	M936_4	248	1101	815	1808
M2637_4	M947_4	248	1226	1145	2464
M686_4	F1384_4	248	1151	116	214
M686_4	F1712_4	248	1247	866	1611
M686_4	F2153_4	248	1134	136	246
M686_4	F2553_4	248	1268	257	503
M686_4	F548_4	248	1176	102	187
M686_4	M1589_4	248	1332	327	636
M686_4	M1623_4	248	1532	425	791
M686_4	M1692_4	248	1189	571	1075
M686_4	M1877_4	248	1341	1280	2456
M686_4	M2013_4	248	1281	451	881
M686_4	M2637_4	248	1374	141	290
M686_4	M936_4	248	1234	281	535
M686_4	M947_4	248	1199	716	1379
M936_4	F1384_4	248	1185	979	2704
M936_4	F1712_4	248	1240	1226	3429
M936_4	F2153_4	248	1325	1158	3170
M936_4	F2553_4	248	1222	1130	3110
M936_4	F548_4	248	1353	1097	3094
M936_4	M1589_4	248	1216	1163	3131
M936_4	M1623_4	248	1485	1418	3915
M936_4	M1692_4	248	1327	1301	3616
M936_4	M1877_4	248	1299	1296	3625
M936_4	M2013_4	248	1372	1325	3641
M936_4	M2637_4	248	1101	943	2590
M936_4	M686_4	248	1234	586	1681
M936_4	M947_4	248	1267	1246	3445
M947_4	F1384_4	248	1231	291	291
M947_4	F1712_4	248	1208	1045	1045
M947_4	F2153_4	248	1159	354	354
M947_4	F2553_4	248	1417	601	601
M947_4	F548_4	248	1314	301	301
M947_4	M1589_4	248	1296	612	612
M947_4	M1623_4	248	1285	700	700
M947_4	M1692_4	248	1332	1011	1011
M947_4	M1877_4	248	1195	1170	1170
M947_4	M2013_4	248	1266	779	779
M947_4	M2637_4	248	1226	352	352
M947_4	M686_4	248	1199	70	70
M947_4	M936_4	248	1267	585	585
F1159_4	F1230_4	249	1284	217	430
F1159_4	F1276_4	249	1167	683	1318
F1159_4	F1887_4	249	1297	371	708
F1159_4	F2377_4	249	1254	81	151
F1159_4	F2650_4	249	1318	205	394
F1159_4	F2671_4	249	1383	35	58
F1159_4	M1126_4	249	1080	847	1653
F1159_4	M1334_4	249	1193	666	1229
F1159_4	M1466_4	249	1339	149	270
F1159_4	M233_4	249	1102	141	254
F1159_4	M597_4	249	1351	428	782
F1159_4	M847_4	249	1298	468	911
F1159_4	M977_4	249	1203	43	85
F1230_4	F1159_4	249	1284	819	1462
F1230_4	F1276_4	249	1198	1130	1944
F1230_4	F1887_4	249	1247	999	1750
F1230_4	F2377_4	249	1293	511	872
F1230_4	F2650_4	249	1142	792	1386
F1230_4	F2671_4	249	1257	243	392
F1230_4	M1126_4	249	1328	1290	2307
F1230_4	M1334_4	249	1277	1191	2103
F1230_4	M1466_4	249	1155	600	1071
F1230_4	M233_4	249	1144	688	1236
F1230_4	M597_4	249	1315	1067	1893
F1230_4	M847_4	249	1330	1129	1957
F1230_4	M977_4	249	1252	385	638
F1276_4	F1159_4	249	1167	562	562
F1276_4	F1230_4	249	1198	627	627
F1276_4	F1887_4	249	1260	877	877
F1276_4	F2377_4	249	1209	287	287
F1276_4	F2650_4	249	1352	732	732
F1276_4	F2671_4	249	1279	160	160
F1276_4	M1126_4	249	1340	1282	1282
F1276_4	M1334_4	249	1180	1049	1049
F1276_4	M1466_4	249	1229	474	474
F1276_4	M233_4	249	1273	617	617
F1276_4	M597_4	249	1332	984	984
F1276_4	M847_4	249	1246	939	939
F1276_4	M977_4	249	1241	233	233
F1887_4	F1159_4	249	1297	600	600
F1887_4	F1230_4	249	1247	645	645
F1887_4	F1276_4	249	1260	1125	1125
F1887_4	F2377_4	249	1341	382	382
F1887_4	F2650_4	249	1158	623	623
F1887_4	F2671_4	249	1087	126	126
F1887_4	M1126_4	249	1159	1087	1087
F1887_4	M1334_4	249	1271	1114	1114
F1887_4	M1466_4	249	1231	452	452
F1887_4	M233_4	249	1221	582	582
F1887_4	M597_4	249	1353	1008	1008
F1887_4	M847_4	249	1319	986	986
F1887_4	M977_4	249	1348	257	257
F2377_4	F1159_4	249	1254	363	911
F2377_4	F1230_4	249	1293	434	1080
F2377_4	F1276_4	249	1209	954	2360
F2377_4	F1887_4	249	1341	646	1648
F2377_4	F2650_4	249	1310	462	1155
F2377_4	F2671_4	249	1261	65	168
F2377_4	M1126_4	249	1304	1188	3014
F2377_4	M1334_4	249	1338	1024	2607
F2377_4	M1466_4	249	1188	238	610
F2377_4	M233_4	249	1213	339	827
F2377_4	M597_4	249	1159	655	1643
F2377_4	M847_4	249	1435	871	2222
F2377_4	M977_4	249	1323	134	331
F2650_4	F1159_4	249	1318	285	285
F2650_4	F1230_4	249	1142	308	308
F2650_4	F1276_4	249	1352	960	960
F2650_4	F1887_4	249	1158	484	484
F2650_4	F2377_4	249	1310	121	121
F2650_4	F2671_4	249	1158	64	64
F2650_4	M1126_4	249	1351	1181	1181
F2650_4	M1334_4	249	1148	848	848
F2650_4	M1466_4	249	1066	169	169
F2650_4	M233_4	249	1231	274	274
F2650_4	M597_4	249	1277	586	586
F2650_4	M847_4	249	1204	614	614
F2650_4	M977_4	249	1270	98	98
F2671_4	F1159_4	249	1383	518	518
F2671_4	F1230_4	249	1257	591	591
F2671_4	F1276_4	249	1279	1105	1105
F2671_4	F1887_4	249	1087	682	682
F2671_4	F2377_4	249	1261	262	262
F2671_4	F2650_4	249	1158	519	519
F2671_4	M1126_4	249	1189	1120	1120
F2671_4	M1334_4	249	1219	1026	1026
F2671_4	M1466_4	249	1192	344	344
F2671_4	M233_4	249	1199	438	438
F2671_4	M597_4	249	1479	1010	1010
F2671_4	M847_4	249	1280	893	893
F2671_4	M977_4	249	1245	190	190
M1126_4	F1159_4	249	1080	367	1056
M1126_4	F1230_4	249	1328	542	1630
M1126_4	F1276_4	249	1340	1090	3241
M1126_4	F1887_4	249	1159	615	1825
M1126_4	F2377_4	249	1304	212	641
M1126_4	F2650_4	249	1351	501	1421
M1126_4	F2671_4	249	1189	61	176
M1126_4	M1334_4	249	1298	1018	2993
M1126_4	M1466_4	249	1256	320	988
M1126_4	M233_4	249	1367	441	1292
M1126_4	M597_4	249	1219	726	2130
M1126_4	M847_4	249	1204	782	2356
M1126_4	M977_4	249	1368	169	505
M1334_4	F1159_4	249	1193	856	1577
M1334_4	F1230_4	249	1277	1010	1843
M1334_4	F1276_4	249	1180	1131	2063
M1334_4	F1887_4	249	1271	1100	1956
M1334_4	F2377_4	249	1338	688	1249
M1334_4	F2650_4	249	1148	909	1614
M1334_4	F2671_4	249	1219	320	616
M1334_4	M1126_4	249	1298	1282	2295
M1334_4	M1466_4	249	1309	842	1479
M1334_4	M233_4	249	1247	908	1666
M1334_4	M597_4	249	1485	1332	2390
M1334_4	M847_4	249	1301	1191	2222
M1334_4	M977_4	249	1168	533	981
M1466_4	F1159_4	249	1339	215	407
M1466_4	F1230_4	249	1155	245	461
M1466_4	F1276_4	249	1229	793	1583
M1466_4	F1887_4	249	1231	422	846
M1466_4	F2377_4	249	1188	100	168
M1466_4	F2650_4	249	1066	270	531
M1466_4	F2671_4	249	1192	44	88
M1466_4	M1126_4	249	1256	1070	2058
M1466_4	M1334_4	249	1309	851	1671
M1466_4	M233_4	249	1259	206	407
M1466_4	M597_4	249	1285	512	981
M1466_4	M847_4	249	1346	611	1183
M1466_4	M977_4	249	1426	78	149
M233_4	F1159_4	249	1102	170	574
M233_4	F1230_4	249	1144	214	713
M233_4	F1276_4	249	1273	810	2783
M233_4	F1887_4	249	1221	354	1213
M233_4	F2377_4	249	1213	87	291
M233_4	F2650_4	249	1231	267	866
M233_4	F2671_4	249	1199	41	137
M233_4	M1126_4	249	1367	1119	3796
M233_4	M1334_4	249	1247	767	2641
M233_4	M1466_4	249	1259	149	508
M233_4	M597_4	249	1180	421	1446
M233_4	M847_4	249	1329	542	1871
M233_4	M977_4	249	1262	77	252
M597_4	F1159_4	249	1351	542	1863
M597_4	F1230_4	249	1315	650	2148
M597_4	F1276_4	249	1332	1137	3691
M597_4	F1887_4	249	1353	848	2833
M597_4	F2377_4	249	1159	254	853
M597_4	F2650_4	249	1277	656	2126
M597_4	F2671_4	249	1479	143	500
M597_4	M1126_4	249	1219	1166	3828
M597_4	M1334_4	249	1485	1265	4239
M597_4	M1466_4	249	1285	438	1498
M597_4	M233_4	249	1180	488	1604
M597_4	M847_4	249	1180	833	2765
M597_4	M977_4	249	1227	206	692
M847_4	F1159_4	249	1298	183	519
M847_4	F1230_4	249	1330	240	677
M847_4	F1276_4	249	1246	745	2128
M847_4	F1887_4	249	1319	413	1147
M847_4	F2377_4	249	1435	80	245
M847_4	F2650_4	249	1204	223	663
M847_4	F2671_4	249	1280	38	103
M847_4	M1126_4	249	1204	985	2839
M847_4	M1334_4	249	1301	734	2076
M847_4	M1466_4	249	1346	145	411
M847_4	M233_4	249	1329	204	599
M847_4	M597_4	249	1180	387	1105
M847_4	M977_4	249	1182	69	195
M977_4	F1159_4	249	1203	635	1550
M977_4	F1230_4	249	1252	743	1796
M977_4	F1276_4	249	1241	1158	2881
M977_4	F1887_4	249	1348	1001	2508
M977_4	F2377_4	249	1323	449	1062
M977_4	F2650_4	249	1270	780	1874
M977_4	F2671_4	249	1245	161	400
M977_4	M1126_4	249	1368	1331	3265
M977_4	M1334_4	249	1168	1068	2574
M977_4	M1466_4	249	1426	624	1528
M977_4	M233_4	249	1262	663	1640
M977_4	M597_4	249	1227	959	2342
M977_4	M847_4	249	1182	939	2299
F1261_4	F1710_4	250	1159	146	216
F1261_4	F179_4	250	1346	896	1438
F1261_4	F2343_4	250	1288	693	1122
F1261_4	F36_4	250	1364	345	553
F1261_4	F379_4	250	1184	812	1354
F1261_4	F628_4	250	1294	670	1070
F1261_4	F82_4	250	1194	331	552
F1261_4	M1296_4	250	1192	791	1292
F1261_4	M2413_4	250	1282	219	359
F1261_4	M2455_4	250	1346	602	980
F1261_4	M2580_4	250	1125	220	344
F1261_4	M755_4	250	1109	647	1078
F1261_4	M906_4	250	1329	563	928
F1710_4	F1261_4	250	1159	1007	3461
F1710_4	F179_4	250	1284	1262	4493
F1710_4	F2343_4	250	1302	1265	4576
F1710_4	F36_4	250	1324	1203	4174
F1710_4	F379_4	250	1361	1340	4772
F1710_4	F628_4	250	1125	1100	3920
F1710_4	F82_4	250	1249	1136	4066
F1710_4	M1296_4	250	1386	1366	4757
F1710_4	M2413_4	250	1171	987	3362
F1710_4	M2455_4	250	1234	1184	4185
F1710_4	M2580_4	250	1378	1207	4270
F1710_4	M755_4	250	1190	1157	4150
F1710_4	M906_4	250	1170	1117	3953
F179_4	F1261_4	250	1346	993	1582
F179_4	F1710_4	250	1284	829	1293
F179_4	F2343_4	250	1207	1134	1768
F179_4	F36_4	250	1325	1103	1765
F179_4	F379_4	250	1190	1162	1893
F179_4	F628_4	250	1366	1282	2014
F179_4	F82_4	250	1251	1036	1622
F179_4	M1296_4	250	1208	1164	1884
F179_4	M2413_4	250	1243	884	1429
F179_4	M2455_4	250	1199	1092	1758
F179_4	M2580_4	250	1305	973	1544
F179_4	M755_4	250	1211	1140	1782
F179_4	M906_4	250	1144	1053	1651
F2343_4	F1261_4	250	1288	630	2390
F2343_4	F1710_4	250	1302	434	1625
F2343_4	F179_4	250	1207	1084	4138
F2343_4	F36_4	250	1289	747	2886
F2343_4	F379_4	250	1338	1196	4549
F2343_4	F628_4	250	1287	1061	4127
F2343_4	F82_4	250	1284	774	2973
F2343_4	M1296_4	250	1227	1066	4093
F2343_4	M2413_4	250	1346	573	2247
F2343_4	M2455_4	250	1349	1052	4076
F2343_4	M2580_4	250	1208	600	2304
F2343_4	M755_4	250	1249	1067	4029
F2343_4	M906_4	250	1259	939	3606
F36_4	F1261_4	250	1364	463	463
F36_4	F1710_4	250	1324	357	357
F36_4	F179_4	250	1325	1120	1120
F36_4	F2343_4	250	1289	939	939
F36_4	F379_4	250	1169	997	997
F36_4	F628_4	250	1280	943	943
F36_4	F82_4	250	1330	630	630
F36_4	M1296_4	250	1287	1089	1089
F36_4	M2413_4	250	1392	469	469
F36_4	M2455_4	250	1221	806	806
F36_4	M2580_4	250	1185	450	450
F36_4	M755_4	250	1215	932	932
F36_4	M906_4	250	1178	781	781
F379_4	F1261_4	250	1184	615	1111
F379_4	F1710_4	250	1361	541	965
F379_4	F179_4	250	1190	1086	1880
F379_4	F2343_4	250	1338	1145	2052
F379_4	F36_4	250	1169	737	1314
F379_4	F628_4	250	1221	1047	1884
F379_4	F82_4	250	1228	787	1408
F379_4	M1296_4	250	1196	1104	1979
F379_4	M2413_4	250	1109	560	1006
F379_4	M2455_4	250	1331	1054	1839
F379_4	M2580_4	250	1220	668	1163
F379_4	M755_4	250	1277	1125	2015
F379_4	M906_4	250	1232	984	1813
F628_4	F1261_4	250	1294	981	981
F628_4	F1710_4	250	1125	706	706
F628_4	F179_4	250	1366	1321	1321
F628_4	F2343_4	250	1287	1214	1214
F628_4	F36_4	250	1280	1039	1039
F628_4	F379_4	250	1221	1189	1189
F628_4	F82_4	250	1030	841	841
F628_4	M1296_4	250	1258	1232	1232
F628_4	M2413_4	250	1225	899	899
F628_4	M2455_4	250	1315	1195	1195
F628_4	M2580_4	250	1128	871	871
F628_4	M755_4	250	1333	1261	1261
F628_4	M906_4	250	1273	1154	1154
F82_4	F1261_4	250	1194	202	311
F82_4	F1710_4	250	1249	138	221
F82_4	F179_4	250	1251	826	1272
F82_4	F2343_4	250	1284	694	1071
F82_4	F36_4	250	1330	349	530
F82_4	F379_4	250	1228	832	1327
F82_4	F628_4	250	1030	507	790
F82_4	M1296_4	250	1151	775	1194
F82_4	M2413_4	250	1415	223	358
F82_4	M2455_4	250	1240	533	855
F82_4	M2580_4	250	1171	220	331
F82_4	M755_4	250	1132	672	1043
F82_4	M906_4	250	1190	512	799
M1296_4	F1261_4	250	1192	643	1612
M1296_4	F1710_4	250	1386	541	1322
M1296_4	F179_4	250	1208	1091	2690
M1296_4	F2343_4	250	1227	1033	2608
M1296_4	F36_4	250	1287	804	2050
M1296_4	F379_4	250	1196	1100	2674
M1296_4	F628_4	250	1258	1039	2623
M1296_4	F82_4	250	1151	727	1860
M1296_4	M2413_4	250	1287	606	1558
M1296_4	M2455_4	250	1420	1117	2792
M1296_4	M2580_4	250	1319	692	1711
M1296_4	M755_4	250	1214	1037	2607
M1296_4	M906_4	250	1191	919	2325
M2413_4	F1261_4	250	1282	192	192
M2413_4	F1710_4	250	1171	96	96
M2413_4	F179_4	250	1243	756	756
M2413_4	F2343_4	250	1346	623	623
M2413_4	F36_4	250	1392	296	296
M2413_4	F379_4	250	1109	683	683
M2413_4	F628_4	250	1225	566	566
M2413_4	F82_4	250	1415	326	326
M2413_4	M1296_4	250	1287	757	757
M2413_4	M2455_4	250	1327	506	506
M2413_4	M2580_4	250	1326	221	221
M2413_4	M755_4	250	1310	708	708
M2413_4	M906_4	250	1372	489	489
M2455_4	F1261_4	250	1346	810	810
M2455_4	F1710_4	250	1234	622	622
M2455_4	F179_4	250	1199	1118	1118
M2455_4	F2343_4	250	1349	1207	1207
M2455_4	F36_4	250	1221	882	882
M2455_4	F379_4	250	1331	1255	1255
M2455_4	F628_4	250	1315	1165	1165
M2455_4	F82_4	250	1240	898	898
M2455_4	M1296_4	250	1420	1330	1330
M2455_4	M2413_4	250	1327	800	800
M2455_4	M2580_4	250	1266	785	785
M2455_4	M755_4	250	1159	1053	1053
M2455_4	M906_4	250	1381	1161	1161
M2580_4	F1261_4	250	1125	165	165
M2580_4	F1710_4	250	1378	125	125
M2580_4	F179_4	250	1305	836	836
M2580_4	F2343_4	250	1208	606	606
M2580_4	F36_4	250	1185	262	262
M2580_4	F379_4	250	1220	777	777
M2580_4	F628_4	250	1128	516	516
M2580_4	F82_4	250	1171	243	243
M2580_4	M1296_4	250	1319	834	834
M2580_4	M2413_4	250	1326	200	200
M2580_4	M2455_4	250	1266	491	491
M2580_4	M755_4	250	1183	601	601
M2580_4	M906_4	250	1288	513	513
M755_4	F1261_4	250	1109	829	895
M755_4	F1710_4	250	1190	784	847
M755_4	F179_4	250	1211	1172	1266
M755_4	F2343_4	250	1249	1201	1282
M755_4	F36_4	250	1215	1019	1101
M755_4	F379_4	250	1277	1237	1304
M755_4	F628_4	250	1333	1252	1332
M755_4	F82_4	250	1132	934	1010
M755_4	M1296_4	250	1214	1168	1253
M755_4	M2413_4	250	1310	975	1044
M755_4	M2455_4	250	1159	1050	1129
M755_4	M2580_4	250	1183	900	961
M755_4	M906_4	250	1268	1172	1254
M906_4	F1261_4	250	1329	448	451
M906_4	F1710_4	250	1170	298	302
M906_4	F179_4	250	1144	945	954
M906_4	F2343_4	250	1259	907	915
M906_4	F36_4	250	1178	513	523
M906_4	F379_4	250	1232	1040	1050
M906_4	F628_4	250	1273	907	919
M906_4	F82_4	250	1190	551	557
M906_4	M1296_4	250	1191	975	989
M906_4	M2413_4	250	1372	449	453
M906_4	M2455_4	250	1381	878	884
M906_4	M2580_4	250	1288	461	471
M906_4	M755_4	250	1268	998	1017
F1014_4	F1354_4	251	1415	381	381
F1014_4	F1368_4	251	1333	581	581
F1014_4	F2046_4	251	1364	648	648
F1014_4	F2429_4	251	1168	359	359
F1014_4	F2517_4	251	1274	1140	1140
F1014_4	F2719_4	251	1420	798	798
F1014_4	F623_4	251	1225	1093	1093
F1014_4	M1046_4	251	1226	759	759
F1014_4	M1914_4	251	1273	956	956
F1014_4	M2246_4	251	1259	585	585
F1014_4	M2562_4	251	1297	180	180
F1014_4	M2566_4	251	1256	869	869
F1014_4	M293_4	251	1225	1088	1088
F1354_4	F1014_4	251	1415	47	47
F1354_4	F1368_4	251	1182	174	174
F1354_4	F2046_4	251	1442	214	214
F1354_4	F2429_4	251	1035	96	96
F1354_4	F2517_4	251	1441	925	925
F1354_4	F2719_4	251	1324	286	286
F1354_4	F623_4	251	1301	747	747
F1354_4	M1046_4	251	1254	282	282
F1354_4	M1914_4	251	1196	466	466
F1354_4	M2246_4	251	1208	187	187
F1354_4	M2562_4	251	1353	39	39
F1354_4	M2566_4	251	1270	422	422
F1354_4	M293_4	251	1122	680	680
F1368_4	F1014_4	251	1333	470	470
F1368_4	F1354_4	251	1182	678	678
F1368_4	F2046_4	251	1136	823	823
F1368_4	F2429_4	251	1398	817	817
F1368_4	F2517_4	251	1319	1286	1286
F1368_4	F2719_4	251	1328	1042	1042
F1368_4	F623_4	251	1227	1176	1176
F1368_4	M1046_4	251	1283	1058	1058
F1368_4	M1914_4	251	1129	1025	1025
F1368_4	M2246_4	251	1303	964	964
F1368_4	M2562_4	251	1114	375	375
F1368_4	M2566_4	251	1225	1064	1064
F1368_4	M293_4	251	1274	1224	1224
F2046_4	F1014_4	251	1364	875	875
F2046_4	F1354_4	251	1442	1124	1124
F2046_4	F1368_4	251	1136	1014	1014
F2046_4	F2429_4	251	1228	1001	1001
F2046_4	F2517_4	251	1305	1285	1285
F2046_4	F2719_4	251	1336	1234	1234
F2046_4	F623_4	251	1131	1112	1112
F2046_4	M1046_4	251	1269	1190	1190
F2046_4	M1914_4	251	1275	1233	1233
F2046_4	M2246_4	251	1228	1105	1105
F2046_4	M2562_4	251	1149	671	671
F2046_4	M2566_4	251	1211	1144	1144
F2046_4	M293_4	251	1250	1226	1226
F2429_4	F1014_4	251	1168	38	102
F2429_4	F1354_4	251	1035	80	216
F2429_4	F1368_4	251	1398	199	530
F2429_4	F2046_4	251	1228	169	490
F2429_4	F2517_4	251	1344	844	2326
F2429_4	F2719_4	251	1119	203	574
F2429_4	F623_4	251	1354	763	2106
F2429_4	M1046_4	251	1098	239	647
F2429_4	M1914_4	251	1179	391	1042
F2429_4	M2246_4	251	1280	175	469
F2429_4	M2562_4	251	1179	32	87
F2429_4	M2566_4	251	1152	363	1027
F2429_4	M293_4	251	1307	699	1986
F2517_4	F1014_4	251	1274	82	82
F2517_4	F1354_4	251	1441	199	199
F2517_4	F1368_4	251	1319	305	305
F2517_4	F2046_4	251	1305	312	312
F2517_4	F2429_4	251	1344	161	161
F2517_4	F2719_4	251	1226	378	378
F2517_4	F623_4	251	1172	854	854
F2517_4	M1046_4	251	1279	447	447
F2517_4	M1914_4	251	1350	675	675
F2517_4	M2246_4	251	1191	268	268
F2517_4	M2562_4	251	1256	54	54
F2517_4	M2566_4	251	1233	542	542
F2517_4	M293_4	251	1509	1061	1061
F2719_4	F1014_4	251	1420	33	34
F2719_4	F1354_4	251	1324	65	71
F2719_4	F1368_4	251	1328	177	192
F2719_4	F2046_4	251	1336	178	193
F2719_4	F2429_4	251	1119	68	73
F2719_4	F2517_4	251	1226	711	752
F2719_4	F623_4	251	1362	719	776
F2719_4	M1046_4	251	1306	268	284
F2719_4	M1914_4	251	1280	380	419
F2719_4	M2246_4	251	1270	147	155
F2719_4	M2562_4	251	1206	25	25
F2719_4	M2566_4	251	1287	335	354
F2719_4	M293_4	251	1190	615	660
F623_4	F1014_4	251	1225	91	195
F623_4	F1354_4	251	1301	199	462
F623_4	F1368_4	251	1227	357	850
F623_4	F2046_4	251	1131	328	772
F623_4	F2429_4	251	1354	255	616
F623_4	F2517_4	251	1172	968	2330
F623_4	F2719_4	251	1362	516	1190
F623_4	M1046_4	251	1049	446	1047
F623_4	M1914_4	251	1219	701	1678
F623_4	M2246_4	251	1294	375	896
F623_4	M2562_4	251	1280	81	190
F623_4	M2566_4	251	1200	641	1536
F623_4	M293_4	251	1171	884	2129
M1046_4	F1014_4	251	1226	136	136
M1046_4	F1354_4	251	1254	254	254
M1046_4	F1368_4	251	1283	491	491
M1046_4	F2046_4	251	1269	499	499
M1046_4	F2429_4	251	1098	266	266
M1046_4	F2517_4	251	1279	1095	1095
M1046_4	F2719_4	251	1306	630	630
M1046_4	F623_4	251	1049	886	886
M1046_4	M1914_4	251	1384	932	932
M1046_4	M2246_4	251	1307	481	481
M1046_4	M2562_4	251	1243	125	125
M1046_4	M2566_4	251	1379	869	869
M1046_4	M293_4	251	1207	995	995
M1914_4	F1014_4	251	1273	496	1575
M1914_4	F1354_4	251	1196	721	2314
M1914_4	F1368_4	251	1129	875	2810
M1914_4	F2046_4	251	1275	973	3157
M1914_4	F2429_4	251	1179	730	2307
M1914_4	F2517_4	251	1350	1312	4185
M1914_4	F2719_4	251	1280	1040	3235
M1914_4	F623_4	251	1219	1175	3734
M1914_4	M1046_4	251	1384	1174	3734
M1914_4	M2246_4	251	1251	930	2899
M1914_4	M2562_4	251	1287	449	1421
M1914_4	M2566_4	251	1205	1078	3388
M1914_4	M293_4	251	1189	1133	3509
M2246_4	F1014_4	251	1259	533	533
M2246_4	F1354_4	251	1208	746	746
M2246_4	F1368_4	251	1303	1043	1043
M2246_4	F2046_4	251	1228	996	996
M2246_4	F2429_4	251	1280	845	845
M2246_4	F2517_4	251	1191	1164	1164
M2246_4	F2719_4	251	1270	1060	1060
M2246_4	F623_4	251	1294	1265	1265
M2246_4	M1046_4	251	1307	1142	1142
M2246_4	M1914_4	251	1251	1150	1150
M2246_4	M2562_4	251	1408	555	555
M2246_4	M2566_4	251	1267	1135	1135
M2246_4	M293_4	251	1360	1317	1317
M2562_4	F1014_4	251	1297	954	3674
M2562_4	F1354_4	251	1353	1132	4245
M2562_4	F1368_4	251	1114	1032	3883
M2562_4	F2046_4	251	1149	1068	4085
M2562_4	F2429_4	251	1179	1011	3768
M2562_4	F2517_4	251	1256	1247	4775
M2562_4	F2719_4	251	1206	1129	4237
M2562_4	F623_4	251	1280	1270	4834
M2562_4	M1046_4	251	1243	1194	4537
M2562_4	M1914_4	251	1287	1253	4809
M2562_4	M2246_4	251	1408	1275	4915
M2562_4	M2566_4	251	1178	1140	4387
M2562_4	M293_4	251	1112	1096	4115
M2566_4	F1014_4	251	1256	84	84
M2566_4	F1354_4	251	1270	228	228
M2566_4	F1368_4	251	1225	431	431
M2566_4	F2046_4	251	1211	391	391
M2566_4	F2429_4	251	1152	209	209
M2566_4	F2517_4	251	1233	1033	1033
M2566_4	F2719_4	251	1287	516	516
M2566_4	F623_4	251	1200	939	939
M2566_4	M1046_4	251	1379	591	591
M2566_4	M1914_4	251	1205	769	769
M2566_4	M2246_4	251	1267	404	404
M2566_4	M2562_4	251	1178	88	88
M2566_4	M293_4	251	1294	1000	1000
M293_4	F1014_4	251	1225	106	244
M293_4	F1354_4	251	1122	202	457
M293_4	F1368_4	251	1274	411	934
M293_4	F2046_4	251	1250	421	947
M293_4	F2429_4	251	1307	247	533
M293_4	F2517_4	251	1509	1276	2931
M293_4	F2719_4	251	1190	484	1098
M293_4	F623_4	251	1171	918	2074
M293_4	M1046_4	251	1207	531	1195
M293_4	M1914_4	251	1189	749	1732
M293_4	M2246_4	251	1360	421	907
M293_4	M2562_4	251	1112	93	208
M293_4	M2566_4	251	1294	730	1616
F1184_4	F1421_4	252	1209	1034	3151
F1184_4	F1427_4	252	1228	969	2926
F1184_4	F1730_4	252	1273	1125	3526
F1184_4	F180_4	252	1286	1057	3272
F1184_4	F2024_4	252	1265	936	2732
F1184_4	F2790_4	252	1135	337	1066
F1184_4	F358_4	252	1260	1156	3492
F1184_4	F825_4	252	1241	1181	3644
F1184_4	M1196_4	252	1204	898	2677
F1184_4	M1969_4	252	1204	366	1144
F1184_4	M2056_4	252	1452	1119	3276
F1184_4	M568_4	252	1387	1092	3339
F1184_4	M64_4	252	1252	613	1906
F1421_4	F1184_4	252	1209	1093	2579
F1421_4	F1427_4	252	1314	1279	3013
F1421_4	F1730_4	252	1381	1352	3159
F1421_4	F180_4	252	1227	1186	2734
F1421_4	F2024_4	252	1294	1248	2914
F1421_4	F2790_4	252	1428	1075	2534
F1421_4	F358_4	252	1285	1265	2933
F1421_4	F825_4	252	1297	1295	2973
F1421_4	M1196_4	252	1242	1187	2754
F1421_4	M1969_4	252	1336	1004	2401
F1421_4	M2056_4	252	1411	1363	3170
F1421_4	M568_4	252	1191	1156	2693
F1421_4	M64_4	252	1253	1103	2514
F1427_4	F1184_4	252	1228	747	747
F1427_4	F1421_4	252	1314	1146	1146
F1427_4	F1730_4	252	1346	1219	1219
F1427_4	F180_4	252	1325	1089	1089
F1427_4	F2024_4	252	1303	1019	1019
F1427_4	F2790_4	252	1204	403	403
F1427_4	F358_4	252	1168	1069	1069
F1427_4	F825_4	252	1066	1029	1029
F1427_4	M1196_4	252	1240	953	953
F1427_4	M1969_4	252	1195	350	350
F1427_4	M2056_4	252	1337	1041	1041
F1427_4	M568_4	252	1362	1071	1071
F1427_4	M64_4	252	1268	644	644
F1730_4	F1184_4	252	1273	1005	1005
F1730_4	F1421_4	252	1381	1315	1315
F1730_4	F1427_4	252	1346	1238	1238
F1730_4	F180_4	252	1095	1024	1024
F1730_4	F2024_4	252	1331	1204	1204
F1730_4	F2790_4	252	1201	672	672
F1730_4	F358_4	252	1391	1348	1348
F1730_4	F825_4	252	1274	1262	1262
F1730_4	M1196_4	252	1347	1200	1200
F1730_4	M1969_4	252	1194	657	657
F1730_4	M2056_4	252	1232	1100	1100
F1730_4	M568_4	252	1199	1093	1093
F1730_4	M64_4	252	1213	892	892
F180_4	F1184_4	252	1286	222	613
F180_4	F1421_4	252	1227	597	1717
F180_4	F1427_4	252	1325	473	1349
F180_4	F1730_4	252	1095	649	1868
F180_4	F2024_4	252	1281	401	1208
F180_4	F2790_4	252	1372	70	196
F180_4	F358_4	252	1469	968	2748
F180_4	F825_4	252	1232	995	2907
F180_4	M1196_4	252	1269	427	1222
F180_4	M1969_4	252	1086	59	173
F180_4	M2056_4	252	1397	463	1305
F180_4	M568_4	252	1249	473	1328
F180_4	M64_4	252	1215	173	501
F2024_4	F1184_4	252	1265	668	1172
F2024_4	F1421_4	252	1294	1042	1788
F2024_4	F1427_4	252	1303	926	1588
F2024_4	F1730_4	252	1331	1151	1996
F2024_4	F180_4	252	1281	971	1717
F2024_4	F2790_4	252	1217	311	522
F2024_4	F358_4	252	1168	1025	1757
F2024_4	F825_4	252	1354	1278	2212
F2024_4	M1196_4	252	1105	732	1293
F2024_4	M1969_4	252	1329	253	452
F2024_4	M2056_4	252	1159	795	1397
F2024_4	M568_4	252	1160	842	1503
F2024_4	M64_4	252	1251	507	888
F2790_4	F1184_4	252	1135	628	628
F2790_4	F1421_4	252	1428	1242	1242
F2790_4	F1427_4	252	1204	929	929
F2790_4	F1730_4	252	1201	1064	1064
F2790_4	F180_4	252	1372	1075	1075
F2790_4	F2024_4	252	1217	895	895
F2790_4	F358_4	252	1215	1108	1108
F2790_4	F825_4	252	1194	1150	1150
F2790_4	M1196_4	252	1291	945	945
F2790_4	M1969_4	252	1285	362	362
F2790_4	M2056_4	252	1274	968	968
F2790_4	M568_4	252	1421	1116	1116
F2790_4	M64_4	252	1366	681	681
F358_4	F1184_4	252	1260	810	2195
F358_4	F1421_4	252	1285	1140	3071
F358_4	F1427_4	252	1168	970	2626
F358_4	F1730_4	252	1391	1283	3471
F358_4	F180_4	252	1469	1279	3454
F358_4	F2024_4	252	1168	923	2502
F358_4	F2790_4	252	1215	465	1228
F358_4	F825_4	252	1318	1280	3540
F358_4	M1196_4	252	1295	1016	2817
F358_4	M1969_4	252	1187	391	1041
F358_4	M2056_4	252	1310	1077	2875
F358_4	M568_4	252	1241	1032	2808
F358_4	M64_4	252	1184	677	1880
F825_4	F1184_4	252	1241	1054	2800
F825_4	F1421_4	252	1297	1252	3295
F825_4	F1427_4	252	1066	1003	2672
F825_4	F1730_4	252	1274	1236	3260
F825_4	F180_4	252	1232	1168	3094
F825_4	F2024_4	252	1354	1258	3384
F825_4	F2790_4	252	1194	773	1949
F825_4	F358_4	252	1318	1291	3403
F825_4	M1196_4	252	1226	1155	2899
F825_4	M1969_4	252	1364	831	2190
F825_4	M2056_4	252	1296	1205	3126
F825_4	M568_4	252	1594	1498	3858
F825_4	M64_4	252	1173	945	2465
M1196_4	F1184_4	252	1204	293	422
M1196_4	F1421_4	252	1242	732	990
M1196_4	F1427_4	252	1240	621	859
M1196_4	F1730_4	252	1347	882	1216
M1196_4	F180_4	252	1269	693	980
M1196_4	F2024_4	252	1105	483	663
M1196_4	F2790_4	252	1291	113	155
M1196_4	F358_4	252	1295	963	1370
M1196_4	F825_4	252	1226	1047	1459
M1196_4	M1969_4	252	1324	110	153
M1196_4	M2056_4	252	1120	520	710
M1196_4	M568_4	252	1315	631	873
M1196_4	M64_4	252	1400	286	381
M1969_4	F1184_4	252	1204	693	693
M1969_4	F1421_4	252	1336	1157	1157
M1969_4	F1427_4	252	1195	948	948
M1969_4	F1730_4	252	1194	1053	1053
M1969_4	F180_4	252	1086	885	885
M1969_4	F2024_4	252	1329	995	995
M1969_4	F2790_4	252	1285	422	422
M1969_4	F358_4	252	1187	1103	1103
M1969_4	F825_4	252	1364	1321	1321
M1969_4	M1196_4	252	1324	1003	1003
M1969_4	M2056_4	252	1175	874	874
M1969_4	M568_4	252	1334	1056	1056
M1969_4	M64_4	252	1175	577	577
M2056_4	F1184_4	252	1452	499	499
M2056_4	F1421_4	252	1411	985	985
M2056_4	F1427_4	252	1337	805	805
M2056_4	F1730_4	252	1232	925	925
M2056_4	F180_4	252	1397	908	908
M2056_4	F2024_4	252	1159	620	620
M2056_4	F2790_4	252	1274	198	198
M2056_4	F358_4	252	1310	1079	1079
M2056_4	F825_4	252	1296	1162	1162
M2056_4	M1196_4	252	1120	595	595
M2056_4	M1969_4	252	1175	167	167
M2056_4	M568_4	252	1294	778	778
M2056_4	M64_4	252	1302	370	370
M568_4	F1184_4	252	1387	1057	2226
M568_4	F1421_4	252	1191	1106	2364
M568_4	F1427_4	252	1362	1227	2599
M568_4	F1730_4	252	1199	1140	2422
M568_4	F180_4	252	1249	1147	2393
M568_4	F2024_4	252	1160	1017	2128
M568_4	F2790_4	252	1421	745	1533
M568_4	F358_4	252	1241	1194	2491
M568_4	F825_4	252	1594	1570	3347
M568_4	M1196_4	252	1315	1165	2459
M568_4	M1969_4	252	1334	650	1380
M568_4	M2056_4	252	1294	1145	2414
M568_4	M64_4	252	1213	868	1760
M64_4	F1184_4	252	1252	735	2203
M64_4	F1421_4	252	1253	1067	3130
M64_4	F1427_4	252	1268	1029	2969
M64_4	F1730_4	252	1213	1081	3225
M64_4	F180_4	252	1215	990	2910
M64_4	F2024_4	252	1251	930	2758
M64_4	F2790_4	252	1366	467	1444
M64_4	F358_4	252	1184	1087	3185
M64_4	F825_4	252	1173	1126	3408
M64_4	M1196_4	252	1400	1061	3145
M64_4	M1969_4	252	1175	329	960
M64_4	M2056_4	252	1302	1004	2880
M64_4	M568_4	252	1213	974	2779
F1183_4	F1908_4	253	1184	365	1189
F1183_4	F1971_4	253	1223	5	12
F1183_4	F248_4	253	1270	173	517
F1183_4	F345_4	253	1271	80	251
F1183_4	M184_4	253	1268	541	1725
F1183_4	M2069_4	253	1305	68	204
F1183_4	M2224_4	253	1238	888	2778
F1183_4	M2311_4	253	1233	45	127
F1183_4	M2322_4	253	1322	918	2852
F1183_4	M2355_4	253	1342	148	481
F1183_4	M2471_4	253	1376	103	344
F1183_4	M625_4	253	1245	412	1271
F1183_4	M958_4	253	1213	151	472
F1908_4	F1183_4	253	1184	347	582
F1908_4	F1971_4	253	1257	10	18
F1908_4	F248_4	253	1258	267	452
F1908_4	F345_4	253	1376	135	234
F1908_4	M184_4	253	1194	673	1162
F1908_4	M2069_4	253	1214	126	199
F1908_4	M2224_4	253	1234	1020	1778
F1908_4	M2311_4	253	1201	73	130
F1908_4	M2322_4	253	1456	1174	1979
F1908_4	M2355_4	253	1242	206	370
F1908_4	M2471_4	253	1354	143	250
F1908_4	M625_4	253	1211	571	996
F1908_4	M958_4	253	1269	250	417
F1971_4	F1183_4	253	1223	157	157
F1971_4	F1908_4	253	1257	270	270
F1971_4	F248_4	253	1231	110	110
F1971_4	F345_4	253	1274	53	53
F1971_4	M184_4	253	1183	351	351
F1971_4	M2069_4	253	1220	38	38
F1971_4	M2224_4	253	1230	807	807
F1971_4	M2311_4	253	1316	30	30
F1971_4	M2322_4	253	1468	827	827
F1971_4	M2355_4	253	1244	72	72
F1971_4	M2471_4	253	1181	49	49
F1971_4	M625_4	253	1362	304	304
F1971_4	M958_4	253	1451	120	120
F248_4	F1183_4	253	1270	754	754
F248_4	F1908_4	253	1258	939	939
F248_4	F1971_4	253	1231	30	30
F248_4	F345_4	253	1212	374	374
F248_4	M184_4	253	1376	1152	1152
F248_4	M2069_4	253	1273	340	340
F248_4	M2224_4	253	1238	1172	1172
F248_4	M2311_4	253	1301	254	254
F248_4	M2322_4	253	1224	1156	1156
F248_4	M2355_4	253	1241	529	529
F248_4	M2471_4	253	1079	326	326
F248_4	M625_4	253	1325	1046	1046
F248_4	M958_4	253	1400	656	656
F345_4	F1183_4	253	1271	1175	1175
F345_4	F1908_4	253	1376	1332	1332
F345_4	F1971_4	253	1274	271	271
F345_4	F248_4	253	1212	1119	1119
F345_4	M184_4	253	1226	1202	1202
F345_4	M2069_4	253	1247	996	996
F345_4	M2224_4	253	1228	1221	1221
F345_4	M2311_4	253	1285	867	867
F345_4	M2322_4	253	1197	1188	1188
F345_4	M2355_4	253	1253	1096	1096
F345_4	M2471_4	253	1146	925	925
F345_4	M625_4	253	1304	1268	1268
F345_4	M958_4	253	1349	1201	1201
M184_4	F1183_4	253	1268	800	1256
M184_4	F1908_4	253	1194	924	1453
M184_4	F1971_4	253	1183	35	49
M184_4	F248_4	253	1376	755	1210
M184_4	F345_4	253	1226	437	692
M184_4	M2069_4	253	1285	436	682
M184_4	M2224_4	253	1210	1156	1821
M184_4	M2311_4	253	1237	267	429
M184_4	M2322_4	253	1184	1104	1709
M184_4	M2355_4	253	1251	563	895
M184_4	M2471_4	253	1358	477	763
M184_4	M625_4	253	1430	1137	1809
M184_4	M958_4	253	1309	685	1072
M2069_4	F1183_4	253	1305	248	248
M2069_4	F1908_4	253	1214	387	387
M2069_4	F1971_4	253	1220	3	3
M2069_4	F248_4	253	1273	193	193
M2069_4	F345_4	253	1247	82	82
M2069_4	M184_4	253	1285	544	544
M2069_4	M2224_4	253	1345	997	997
M2069_4	M2311_4	253	1306	29	29
M2069_4	M2322_4	253	1310	923	923
M2069_4	M2355_4	253	1286	126	126
M2069_4	M2471_4	253	1271	81	81
M2069_4	M625_4	253	1341	479	479
M2069_4	M958_4	253	1252	151	151
M2224_4	F1183_4	253	1238	1109	1368
M2224_4	F1908_4	253	1234	1171	1464
M2224_4	F1971_4	253	1230	192	237
M2224_4	F248_4	253	1238	1097	1356
M2224_4	F345_4	253	1228	916	1129
M2224_4	M184_4	253	1210	1169	1452
M2224_4	M2069_4	253	1345	986	1227
M2224_4	M2311_4	253	1500	904	1109
M2224_4	M2322_4	253	1291	1277	1564
M2224_4	M2355_4	253	1334	1097	1344
M2224_4	M2471_4	253	1184	853	1040
M2224_4	M625_4	253	1314	1272	1547
M2224_4	M958_4	253	1159	999	1263
M2311_4	F1183_4	253	1233	613	613
M2311_4	F1908_4	253	1201	779	779
M2311_4	F1971_4	253	1316	16	16
M2311_4	F248_4	253	1301	517	517
M2311_4	F345_4	253	1285	284	284
M2311_4	M184_4	253	1237	924	924
M2311_4	M2069_4	253	1306	259	259
M2311_4	M2224_4	253	1500	1394	1394
M2311_4	M2322_4	253	1289	1143	1143
M2311_4	M2355_4	253	1302	371	371
M2311_4	M2471_4	253	1308	269	269
M2311_4	M625_4	253	1248	840	840
M2311_4	M958_4	253	1245	461	461
M2322_4	F1183_4	253	1322	941	1351
M2322_4	F1908_4	253	1456	1233	1825
M2322_4	F1971_4	253	1468	79	123
M2322_4	F248_4	253	1224	801	1154
M2322_4	F345_4	253	1197	569	840
M2322_4	M184_4	253	1184	1066	1570
M2322_4	M2069_4	253	1310	598	859
M2322_4	M2224_4	253	1291	1252	1841
M2322_4	M2311_4	253	1289	385	550
M2322_4	M2355_4	253	1412	825	1205
M2322_4	M2471_4	253	1264	535	796
M2322_4	M625_4	253	1186	1038	1510
M2322_4	M958_4	253	1287	860	1247
M2355_4	F1183_4	253	1342	329	367
M2355_4	F1908_4	253	1242	498	579
M2355_4	F1971_4	253	1244	2	2
M2355_4	F248_4	253	1241	228	260
M2355_4	F345_4	253	1253	114	129
M2355_4	M184_4	253	1251	635	732
M2355_4	M2069_4	253	1286	106	123
M2355_4	M2224_4	253	1334	1063	1246
M2355_4	M2311_4	253	1302	55	62
M2355_4	M2322_4	253	1412	1055	1211
M2355_4	M2471_4	253	1251	107	122
M2355_4	M625_4	253	1251	518	589
M2355_4	M958_4	253	1219	215	249
M2471_4	F1183_4	253	1376	214	214
M2471_4	F1908_4	253	1354	443	443
M2471_4	F1971_4	253	1181	5	5
M2471_4	F248_4	253	1079	133	133
M2471_4	F345_4	253	1146	72	72
M2471_4	M184_4	253	1358	571	571
M2471_4	M2069_4	253	1271	76	76
M2471_4	M2224_4	253	1184	867	867
M2471_4	M2311_4	253	1308	48	48
M2471_4	M2322_4	253	1264	897	897
M2471_4	M2355_4	253	1251	118	118
M2471_4	M625_4	253	1366	486	486
M2471_4	M958_4	253	1241	158	158
M625_4	F1183_4	253	1245	1094	2104
M625_4	F1908_4	253	1211	1141	2289
M625_4	F1971_4	253	1362	158	306
M625_4	F248_4	253	1325	1110	2128
M625_4	F345_4	253	1304	898	1785
M625_4	M184_4	253	1430	1388	2733
M625_4	M2069_4	253	1341	929	1825
M625_4	M2224_4	253	1314	1299	2591
M625_4	M2311_4	253	1248	697	1365
M625_4	M2322_4	253	1186	1177	2322
M625_4	M2355_4	253	1251	964	1952
M625_4	M2471_4	253	1366	920	1795
M625_4	M958_4	253	1101	912	1803
M958_4	F1183_4	253	1213	430	579
M958_4	F1908_4	253	1269	708	944
M958_4	F1971_4	253	1451	15	16
M958_4	F248_4	253	1400	442	595
M958_4	F345_4	253	1349	244	335
M958_4	M184_4	253	1309	880	1154
M958_4	M2069_4	253	1252	173	239
M958_4	M2224_4	253	1159	1024	1357
M958_4	M2311_4	253	1245	116	163
M958_4	M2322_4	253	1287	1108	1492
M958_4	M2355_4	253	1219	309	405
M958_4	M2471_4	253	1241	174	225
M958_4	M625_4	253	1101	630	833
F1004_4	F2355_4	254	1283	500	554
F1004_4	F244_4	254	1284	455	499
F1004_4	F2647_4	254	1276	39	41
F1004_4	F580_4	254	1304	176	189
F1004_4	M1449_4	254	1163	763	849
F1004_4	M1487_4	254	1284	38	42
F1004_4	M1579_4	254	1165	705	780
F1004_4	M1655_4	254	1402	42	45
F1004_4	M2214_4	254	1241	1069	1179
F1004_4	M2431_4	254	1294	145	159
F1004_4	M699_4	254	1310	521	578
F1004_4	M943_4	254	1246	269	304
F1004_4	M969_4	254	1326	292	326
F2355_4	F1004_4	254	1283	1018	4717
F2355_4	F244_4	254	1215	770	3621
F2355_4	F2647_4	254	1323	106	506
F2355_4	F580_4	254	1242	358	1700
F2355_4	M1449_4	254	1528	1266	5948
F2355_4	M1487_4	254	1225	80	373
F2355_4	M1579_4	254	1144	894	4094
F2355_4	M1655_4	254	1196	94	450
F2355_4	M2214_4	254	1306	1218	5721
F2355_4	M2431_4	254	1615	346	1583
F2355_4	M699_4	254	1157	743	3479
F2355_4	M943_4	254	1225	474	2260
F2355_4	M969_4	254	1202	487	2331
F244_4	F1004_4	254	1284	246	397
F244_4	F2355_4	254	1215	111	192
F244_4	F2647_4	254	1257	2	4
F244_4	F580_4	254	1130	34	48
F244_4	M1449_4	254	1301	293	464
F244_4	M1487_4	254	1344	10	15
F244_4	M1579_4	254	1259	246	383
F244_4	M1655_4	254	1233	6	9
F244_4	M2214_4	254	1243	616	974
F244_4	M2431_4	254	1220	24	32
F244_4	M699_4	254	1359	130	203
F244_4	M943_4	254	1282	41	65
F244_4	M969_4	254	1302	65	94
F2647_4	F1004_4	254	1276	1127	3603
F2647_4	F2355_4	254	1323	1029	3232
F2647_4	F244_4	254	1257	944	2968
F2647_4	F580_4	254	1211	522	1735
F2647_4	M1449_4	254	1209	1107	3507
F2647_4	M1487_4	254	1138	122	378
F2647_4	M1579_4	254	1360	1197	3747
F2647_4	M1655_4	254	1203	175	577
F2647_4	M2214_4	254	1226	1191	3781
F2647_4	M2431_4	254	1326	494	1549
F2647_4	M699_4	254	1067	803	2560
F2647_4	M943_4	254	1267	673	2137
F2647_4	M969_4	254	1303	722	2307
F580_4	F1004_4	254	1304	1252	2560
F580_4	F2355_4	254	1242	1128	2256
F580_4	F244_4	254	1130	1036	2067
F580_4	F2647_4	254	1211	438	905
F580_4	M1449_4	254	1229	1201	2389
F580_4	M1487_4	254	1253	373	782
F580_4	M1579_4	254	1461	1414	2818
F580_4	M1655_4	254	1342	485	962
F580_4	M2214_4	254	1332	1321	2728
F580_4	M2431_4	254	1103	765	1573
F580_4	M699_4	254	1368	1261	2526
F580_4	M943_4	254	1212	959	1956
F580_4	M969_4	254	1229	997	2055
M1449_4	F1004_4	254	1163	675	2534
M1449_4	F2355_4	254	1528	551	2104
M1449_4	F244_4	254	1301	490	1856
M1449_4	F2647_4	254	1209	41	169
M1449_4	F580_4	254	1229	164	616
M1449_4	M1487_4	254	1134	30	128
M1449_4	M1579_4	254	1194	693	2663
M1449_4	M1655_4	254	1189	40	156
M1449_4	M2214_4	254	1410	1206	4663
M1449_4	M2431_4	254	1400	164	670
M1449_4	M699_4	254	1314	537	1969
M1449_4	M943_4	254	1593	327	1284
M1449_4	M969_4	254	1278	260	967
M1487_4	F1004_4	254	1284	1158	2577
M1487_4	F2355_4	254	1225	982	2189
M1487_4	F244_4	254	1344	1055	2331
M1487_4	F2647_4	254	1138	194	400
M1487_4	F580_4	254	1253	585	1372
M1487_4	M1449_4	254	1134	1055	2364
M1487_4	M1579_4	254	1293	1156	2554
M1487_4	M1655_4	254	1342	228	547
M1487_4	M2214_4	254	1251	1236	2723
M1487_4	M2431_4	254	1128	463	1017
M1487_4	M699_4	254	1204	975	2159
M1487_4	M943_4	254	1194	677	1506
M1487_4	M969_4	254	1341	825	1848
M1579_4	F1004_4	254	1165	320	320
M1579_4	F2355_4	254	1144	180	180
M1579_4	F244_4	254	1259	192	192
M1579_4	F2647_4	254	1360	12	12
M1579_4	F580_4	254	1461	63	63
M1579_4	M1449_4	254	1194	398	398
M1579_4	M1487_4	254	1293	9	9
M1579_4	M1655_4	254	1222	10	10
M1579_4	M2214_4	254	1281	812	812
M1579_4	M2431_4	254	1103	34	34
M1579_4	M699_4	254	1170	171	171
M1579_4	M943_4	254	1224	63	63
M1579_4	M969_4	254	1332	91	91
M1655_4	F1004_4	254	1402	1365	1545
M1655_4	F2355_4	254	1196	1130	1266
M1655_4	F244_4	254	1233	1150	1293
M1655_4	F2647_4	254	1203	545	604
M1655_4	F580_4	254	1342	1047	1163
M1655_4	M1449_4	254	1189	1173	1321
M1655_4	M1487_4	254	1342	538	613
M1655_4	M1579_4	254	1222	1176	1326
M1655_4	M2214_4	254	1221	1211	1341
M1655_4	M2431_4	254	1321	985	1107
M1655_4	M699_4	254	1393	1317	1490
M1655_4	M943_4	254	1207	1034	1195
M1655_4	M969_4	254	1412	1224	1345
M2214_4	F1004_4	254	1241	1076	1290
M2214_4	F2355_4	254	1306	923	1111
M2214_4	F244_4	254	1243	871	1065
M2214_4	F2647_4	254	1226	132	154
M2214_4	F580_4	254	1332	457	547
M2214_4	M1449_4	254	1410	1232	1481
M2214_4	M1487_4	254	1251	112	123
M2214_4	M1579_4	254	1281	1074	1277
M2214_4	M1655_4	254	1221	137	167
M2214_4	M2431_4	254	1360	442	532
M2214_4	M699_4	254	1371	991	1165
M2214_4	M943_4	254	1307	657	801
M2214_4	M969_4	254	1262	618	742
M2431_4	F1004_4	254	1294	1001	2977
M2431_4	F2355_4	254	1615	958	2899
M2431_4	F244_4	254	1220	701	2059
M2431_4	F2647_4	254	1326	114	321
M2431_4	F580_4	254	1103	272	846
M2431_4	M1449_4	254	1400	1149	3372
M2431_4	M1487_4	254	1128	74	245
M2431_4	M1579_4	254	1103	856	2506
M2431_4	M1655_4	254	1321	94	305
M2431_4	M2214_4	254	1360	1297	3862
M2431_4	M699_4	254	1211	747	2184
M2431_4	M943_4	254	1328	452	1358
M2431_4	M969_4	254	1431	570	1664
M699_4	F1004_4	254	1310	838	1905
M699_4	F2355_4	254	1157	541	1245
M699_4	F244_4	254	1359	604	1388
M699_4	F2647_4	254	1067	42	97
M699_4	F580_4	254	1368	224	534
M699_4	M1449_4	254	1314	954	2238
M699_4	M1487_4	254	1204	46	111
M699_4	M1579_4	254	1170	774	1778
M699_4	M1655_4	254	1393	72	162
M699_4	M2214_4	254	1371	1251	2953
M699_4	M2431_4	254	1211	182	406
M699_4	M943_4	254	1357	322	772
M699_4	M969_4	254	1104	298	706
M943_4	F1004_4	254	1246	1189	1189
M943_4	F2355_4	254	1225	1105	1105
M943_4	F244_4	254	1282	1131	1131
M943_4	F2647_4	254	1267	398	398
M943_4	F580_4	254	1212	825	825
M943_4	M1449_4	254	1593	1518	1518
M943_4	M1487_4	254	1194	350	350
M943_4	M1579_4	254	1224	1170	1170
M943_4	M1655_4	254	1207	415	415
M943_4	M2214_4	254	1307	1288	1288
M943_4	M2431_4	254	1328	814	814
M943_4	M699_4	254	1357	1227	1227
M943_4	M969_4	254	1267	1025	1025
M969_4	F1004_4	254	1326	1184	1184
M969_4	F2355_4	254	1202	960	960
M969_4	F244_4	254	1302	1010	1010
M969_4	F2647_4	254	1303	183	183
M969_4	F580_4	254	1229	570	570
M969_4	M1449_4	254	1278	1182	1182
M969_4	M1487_4	254	1341	201	201
M969_4	M1579_4	254	1332	1186	1186
M969_4	M1655_4	254	1412	220	220
M969_4	M2214_4	254	1262	1238	1238
M969_4	M2431_4	254	1431	601	601
M969_4	M699_4	254	1104	845	845
M969_4	M943_4	254	1267	736	736
F1231_4	F1380_4	255	1210	858	1576
F1231_4	F1677_4	255	1406	1248	2326
F1231_4	F1797_4	255	1356	950	1794
F1231_4	F2113_4	255	1334	121	230
F1231_4	F2467_4	255	1315	986	1834
F1231_4	F2771_4	255	1397	1102	2015
F1231_4	F360_4	255	1235	1082	1998
F1231_4	M1867_4	255	1216	1070	1942
F1231_4	M2009_4	255	1095	184	348
F1231_4	M2258_4	255	1306	853	1610
F1231_4	M239_4	255	1216	845	1605
F1231_4	M2676_4	255	1238	675	1286
F1231_4	M490_4	255	1336	1142	2114
F1380_4	F1231_4	255	1210	902	2875
F1380_4	F1677_4	255	1066	898	2870
F1380_4	F1797_4	255	1378	864	2783
F1380_4	F2113_4	255	1361	72	240
F1380_4	F2467_4	255	1210	818	2580
F1380_4	F2771_4	255	1271	934	2955
F1380_4	F360_4	255	1252	1023	3327
F1380_4	M1867_4	255	1258	1085	3568
F1380_4	M2009_4	255	1243	127	387
F1380_4	M2258_4	255	1330	726	2354
F1380_4	M239_4	255	1299	772	2454
F1380_4	M2676_4	255	1335	580	1858
F1380_4	M490_4	255	1245	987	3198
F1677_4	F1231_4	255	1406	1381	1381
F1677_4	F1380_4	255	1066	1029	1029
F1677_4	F1797_4	255	1268	1228	1228
F1677_4	F2113_4	255	1374	654	654
F1677_4	F2467_4	255	1235	1196	1196
F1677_4	F2771_4	255	1298	1274	1274
F1677_4	F360_4	255	1415	1397	1397
F1677_4	M1867_4	255	1277	1263	1263
F1677_4	M2009_4	255	1144	803	803
F1677_4	M2258_4	255	1331	1275	1275
F1677_4	M239_4	255	1221	1182	1182
F1677_4	M2676_4	255	1302	1199	1199
F1677_4	M490_4	255	1216	1201	1201
F1797_4	F1231_4	255	1356	1232	1232
F1797_4	F1380_4	255	1378	1130	1130
F1797_4	F1677_4	255	1268	1207	1207
F1797_4	F2113_4	255	1235	204	204
F1797_4	F2467_4	255	1262	1087	1087
F1797_4	F2771_4	255	1177	1067	1067
F1797_4	F360_4	255	1305	1232	1232
F1797_4	M1867_4	255	1279	1213	1213
F1797_4	M2009_4	255	1282	402	402
F1797_4	M2258_4	255	1300	1029	1029
F1797_4	M239_4	255	1325	1098	1098
F1797_4	M2676_4	255	1319	949	949
F1797_4	M490_4	255	1158	1073	1073
F2113_4	F1231_4	255	1334	1127	3984
F2113_4	F1380_4	255	1361	1042	3652
F2113_4	F1677_4	255	1374	1246	4443
F2113_4	F1797_4	255	1235	875	3082
F2113_4	F2467_4	255	1417	1079	3894
F2113_4	F2771_4	255	1290	1103	3889
F2113_4	F360_4	255	1267	1111	3937
F2113_4	M1867_4	255	1304	1199	4294
F2113_4	M2009_4	255	1293	270	962
F2113_4	M2258_4	255	1376	955	3419
F2113_4	M239_4	255	1136	838	3013
F2113_4	M2676_4	255	1328	753	2652
F2113_4	M490_4	255	1184	1039	3761
F2467_4	F1231_4	255	1315	1071	1071
F2467_4	F1380_4	255	1210	857	857
F2467_4	F1677_4	255	1235	1106	1106
F2467_4	F1797_4	255	1262	856	856
F2467_4	F2113_4	255	1417	125	125
F2467_4	F2771_4	255	1239	992	992
F2467_4	F360_4	255	1303	1115	1115
F2467_4	M1867_4	255	1375	1225	1225
F2467_4	M2009_4	255	1314	225	225
F2467_4	M2258_4	255	1218	773	773
F2467_4	M239_4	255	1246	842	842
F2467_4	M2676_4	255	1236	646	646
F2467_4	M490_4	255	1257	1068	1068
F2771_4	F1231_4	255	1397	1312	2291
F2771_4	F1380_4	255	1271	1152	2064
F2771_4	F1677_4	255	1298	1253	2209
F2771_4	F1797_4	255	1177	1061	1863
F2771_4	F2113_4	255	1290	348	610
F2771_4	F2467_4	255	1239	1142	2045
F2771_4	F360_4	255	1419	1369	2463
F2771_4	M1867_4	255	1261	1218	2185
F2771_4	M2009_4	255	1266	574	1015
F2771_4	M2258_4	255	1154	1007	1775
F2771_4	M239_4	255	1259	1139	2028
F2771_4	M2676_4	255	1229	979	1730
F2771_4	M490_4	255	1232	1167	2040
F360_4	F1231_4	255	1235	1115	2164
F360_4	F1380_4	255	1252	1041	2041
F360_4	F1677_4	255	1415	1311	2544
F360_4	F1797_4	255	1305	1060	2041
F360_4	F2113_4	255	1267	189	372
F360_4	F2467_4	255	1303	1105	2159
F360_4	F2771_4	255	1419	1269	2471
F360_4	M1867_4	255	1306	1229	2394
F360_4	M2009_4	255	1328	369	705
F360_4	M2258_4	255	1147	897	1742
F360_4	M239_4	255	1315	1061	2029
F360_4	M2676_4	255	1321	909	1751
F360_4	M490_4	255	1245	1148	2230
M1867_4	F1231_4	255	1216	764	857
M1867_4	F1380_4	255	1258	627	713
M1867_4	F1677_4	255	1277	934	1060
M1867_4	F1797_4	255	1279	601	683
M1867_4	F2113_4	255	1304	45	52
M1867_4	F2467_4	255	1375	685	784
M1867_4	F2771_4	255	1261	772	888
M1867_4	F360_4	255	1306	943	1078
M1867_4	M2009_4	255	1216	87	101
M1867_4	M2258_4	255	1289	539	610
M1867_4	M239_4	255	1325	636	712
M1867_4	M2676_4	255	1123	334	376
M1867_4	M490_4	255	1347	915	1055
M2009_4	F1231_4	255	1095	879	1647
M2009_4	F1380_4	255	1243	902	1725
M2009_4	F1677_4	255	1144	1019	1958
M2009_4	F1797_4	255	1282	857	1691
M2009_4	F2113_4	255	1293	109	220
M2009_4	F2467_4	255	1314	972	1886
M2009_4	F2771_4	255	1266	1007	1925
M2009_4	F360_4	255	1328	1153	2234
M2009_4	M1867_4	255	1216	1069	2052
M2009_4	M2258_4	255	1245	782	1487
M2009_4	M239_4	255	1256	832	1599
M2009_4	M2676_4	255	1320	670	1303
M2009_4	M490_4	255	1283	1090	2104
M2258_4	F1231_4	255	1306	1144	1144
M2258_4	F1380_4	255	1330	1091	1091
M2258_4	F1677_4	255	1331	1239	1239
M2258_4	F1797_4	255	1300	1069	1069
M2258_4	F2113_4	255	1376	206	206
M2258_4	F2467_4	255	1218	1026	1026
M2258_4	F2771_4	255	1154	1019	1019
M2258_4	F360_4	255	1147	1055	1055
M2258_4	M1867_4	255	1289	1200	1200
M2258_4	M2009_4	255	1245	347	347
M2258_4	M239_4	255	1334	1060	1060
M2258_4	M2676_4	255	1276	845	845
M2258_4	M490_4	255	1115	1012	1012
M239_4	F1231_4	255	1216	878	3864
M239_4	F1380_4	255	1299	793	3495
M239_4	F1677_4	255	1221	1024	4473
M239_4	F1797_4	255	1325	750	3324
M239_4	F2113_4	255	1136	42	185
M239_4	F2467_4	255	1246	802	3511
M239_4	F2771_4	255	1259	884	3831
M239_4	F360_4	255	1315	1054	4579
M239_4	M1867_4	255	1325	1105	4719
M239_4	M2009_4	255	1256	135	568
M239_4	M2258_4	255	1334	704	3028
M239_4	M2676_4	255	1180	447	1941
M239_4	M490_4	255	1173	887	3930
M2676_4	F1231_4	255	1238	481	481
M2676_4	F1380_4	255	1335	369	369
M2676_4	F1677_4	255	1302	693	693
M2676_4	F1797_4	255	1319	314	314
M2676_4	F2113_4	255	1328	13	13
M2676_4	F2467_4	255	1236	363	363
M2676_4	F2771_4	255	1229	456	456
M2676_4	F360_4	255	1321	684	684
M2676_4	M1867_4	255	1123	627	627
M2676_4	M2009_4	255	1320	32	32
M2676_4	M2258_4	255	1276	267	267
M2676_4	M239_4	255	1180	275	275
M2676_4	M490_4	255	1313	617	617
M490_4	F1231_4	255	1336	1262	2996
M490_4	F1380_4	255	1245	1145	2723
M490_4	F1677_4	255	1216	1188	2879
M490_4	F1797_4	255	1158	1048	2536
M490_4	F2113_4	255	1184	356	855
M490_4	F2467_4	255	1257	1165	2742
M490_4	F2771_4	255	1232	1150	2801
M490_4	F360_4	255	1245	1208	2851
M490_4	M1867_4	255	1347	1314	3211
M490_4	M2009_4	255	1283	645	1555
M490_4	M2258_4	255	1115	996	2375
M490_4	M239_4	255	1173	1070	2607
M490_4	M2676_4	255	1313	1090	2602
F1224_4	F1648_4	256	1137	377	377
F1224_4	F2578_4	256	1169	625	625
F1224_4	F2580_4	256	1215	1038	1038
F1224_4	F2626_4	256	1360	527	527
F1224_4	F2666_4	256	1247	53	53
F1224_4	M1105_4	256	1201	29	29
F1224_4	M1298_4	256	1272	148	148
F1224_4	M1380_4	256	1372	1049	1049
F1224_4	M1906_4	256	1389	792	792
F1224_4	M2458_4	256	1212	105	105
F1224_4	M404_4	256	1158	937	937
F1224_4	M721_4	256	1138	491	491
F1224_4	M821_4	256	1193	61	61
F1648_4	F1224_4	256	1137	945	945
F1648_4	F2578_4	256	1125	1032	1032
F1648_4	F2580_4	256	1270	1250	1250
F1648_4	F2626_4	256	1191	1031	1031
F1648_4	F2666_4	256	1266	439	439
F1648_4	M1105_4	256	1255	318	318
F1648_4	M1298_4	256	1058	585	585
F1648_4	M1380_4	256	1157	1125	1125
F1648_4	M1906_4	256	1201	1124	1124
F1648_4	M2458_4	256	1265	600	600
F1648_4	M404_4	256	1345	1313	1313
F1648_4	M721_4	256	1210	1074	1074
F1648_4	M821_4	256	1433	429	429
F2578_4	F1224_4	256	1169	1162	1162
F2578_4	F1648_4	256	1125	1108	1108
F2578_4	F2580_4	256	1298	1297	1297
F2578_4	F2626_4	256	1287	1278	1278
F2578_4	F2666_4	256	1220	1106	1106
F2578_4	M1105_4	256	1428	1227	1227
F2578_4	M1298_4	256	1320	1257	1257
F2578_4	M1380_4	256	1170	1168	1168
F2578_4	M1906_4	256	1414	1407	1407
F2578_4	M2458_4	256	1190	1126	1126
F2578_4	M404_4	256	1267	1267	1267
F2578_4	M721_4	256	1401	1391	1391
F2578_4	M821_4	256	1459	1314	1314
F2580_4	F1224_4	256	1215	947	947
F2580_4	F1648_4	256	1270	901	901
F2580_4	F2578_4	256	1298	1140	1140
F2580_4	F2626_4	256	1287	1005	1005
F2580_4	F2666_4	256	1253	285	285
F2580_4	M1105_4	256	1180	203	203
F2580_4	M1298_4	256	1240	564	564
F2580_4	M1380_4	256	1143	1082	1082
F2580_4	M1906_4	256	1164	1048	1048
F2580_4	M2458_4	256	1203	415	415
F2580_4	M404_4	256	1177	1141	1141
F2580_4	M721_4	256	1245	994	994
F2580_4	M821_4	256	1351	274	274
F2626_4	F1224_4	256	1360	1153	1153
F2626_4	F1648_4	256	1191	987	987
F2626_4	F2578_4	256	1287	1186	1186
F2626_4	F2580_4	256	1287	1261	1261
F2626_4	F2666_4	256	1206	415	415
F2626_4	M1105_4	256	1266	299	299
F2626_4	M1298_4	256	1159	657	657
F2626_4	M1380_4	256	1210	1164	1164
F2626_4	M1906_4	256	1226	1157	1157
F2626_4	M2458_4	256	1364	680	680
F2626_4	M404_4	256	1324	1298	1298
F2626_4	M721_4	256	1145	1010	1010
F2626_4	M821_4	256	1341	415	415
F2666_4	F1224_4	256	1247	473	473
F2666_4	F1648_4	256	1266	402	402
F2666_4	F2578_4	256	1220	671	671
F2666_4	F2580_4	256	1253	1089	1089
F2666_4	F2626_4	256	1206	489	489
F2666_4	M1105_4	256	1099	42	42
F2666_4	M1298_4	256	1388	166	166
F2666_4	M1380_4	256	1195	923	923
F2666_4	M1906_4	256	1138	725	725
F2666_4	M2458_4	256	1159	115	115
F2666_4	M404_4	256	1276	1081	1081
F2666_4	M721_4	256	1168	496	496
F2666_4	M821_4	256	1353	58	58
M1105_4	F1224_4	256	1201	1186	1186
M1105_4	F1648_4	256	1255	1246	1246
M1105_4	F2578_4	256	1428	1421	1421
M1105_4	F2580_4	256	1180	1179	1179
M1105_4	F2626_4	256	1266	1252	1252
M1105_4	F2666_4	256	1099	993	993
M1105_4	M1298_4	256	1207	1172	1172
M1105_4	M1380_4	256	1200	1197	1197
M1105_4	M1906_4	256	1252	1245	1245
M1105_4	M2458_4	256	1218	1158	1158
M1105_4	M404_4	256	1227	1226	1226
M1105_4	M721_4	256	1349	1340	1340
M1105_4	M821_4	256	1320	1184	1184
M1298_4	F1224_4	256	1272	705	705
M1298_4	F1648_4	256	1058	518	518
M1298_4	F2578_4	256	1320	948	948
M1298_4	F2580_4	256	1240	1152	1152
M1298_4	F2626_4	256	1159	681	681
M1298_4	F2666_4	256	1388	157	157
M1298_4	M1105_4	256	1207	77	77
M1298_4	M1380_4	256	1257	1101	1101
M1298_4	M1906_4	256	1391	1055	1055
M1298_4	M2458_4	256	1173	195	195
M1298_4	M404_4	256	1261	1135	1135
M1298_4	M721_4	256	1123	690	690
M1298_4	M821_4	256	1231	126	126
M1380_4	F1224_4	256	1372	1300	1300
M1380_4	F1648_4	256	1157	1099	1099
M1380_4	F2578_4	256	1170	1145	1145
M1380_4	F2580_4	256	1143	1138	1138
M1380_4	F2626_4	256	1210	1161	1161
M1380_4	F2666_4	256	1195	777	777
M1380_4	M1105_4	256	1200	646	646
M1380_4	M1298_4	256	1257	1060	1060
M1380_4	M1906_4	256	1294	1269	1269
M1380_4	M2458_4	256	1377	1083	1083
M1380_4	M404_4	256	1290	1282	1282
M1380_4	M721_4	256	1207	1172	1172
M1380_4	M821_4	256	1280	829	829
M1906_4	F1224_4	256	1389	294	509
M1906_4	F1648_4	256	1201	227	416
M1906_4	F2578_4	256	1414	555	998
M1906_4	F2580_4	256	1164	885	1525
M1906_4	F2626_4	256	1226	343	639
M1906_4	F2666_4	256	1138	31	53
M1906_4	M1105_4	256	1252	21	38
M1906_4	M1298_4	256	1391	81	143
M1906_4	M1380_4	256	1294	804	1413
M1906_4	M2458_4	256	1202	45	75
M1906_4	M404_4	256	1255	891	1511
M1906_4	M721_4	256	1203	339	594
M1906_4	M821_4	256	1257	31	59
M2458_4	F1224_4	256	1212	524	976
M2458_4	F1648_4	256	1265	484	871
M2458_4	F2578_4	256	1190	706	1266
M2458_4	F2580_4	256	1203	1084	2015
M2458_4	F2626_4	256	1364	665	1192
M2458_4	F2666_4	256	1159	66	114
M2458_4	M1105_4	256	1218	61	110
M2458_4	M1298_4	256	1173	187	354
M2458_4	M1380_4	256	1377	1109	2014
M2458_4	M1906_4	256	1202	831	1544
M2458_4	M404_4	256	1216	1054	1874
M2458_4	M721_4	256	1273	676	1263
M2458_4	M821_4	256	1396	89	167
M404_4	F1224_4	256	1158	1115	2258
M404_4	F1648_4	256	1345	1282	2566
M404_4	F2578_4	256	1267	1242	2522
M404_4	F2580_4	256	1177	1175	2325
M404_4	F2626_4	256	1324	1278	2632
M404_4	F2666_4	256	1276	902	1808
M404_4	M1105_4	256	1227	687	1434
M404_4	M1298_4	256	1261	1079	2187
M404_4	M1380_4	256	1290	1276	2550
M404_4	M1906_4	256	1255	1238	2437
M404_4	M2458_4	256	1216	975	1962
M404_4	M721_4	256	1296	1250	2562
M404_4	M821_4	256	1308	882	1833
M721_4	F1224_4	256	1138	870	870
M721_4	F1648_4	256	1210	901	901
M721_4	F2578_4	256	1401	1240	1240
M721_4	F2580_4	256	1245	1205	1205
M721_4	F2626_4	256	1145	904	904
M721_4	F2666_4	256	1168	282	282
M721_4	M1105_4	256	1349	221	221
M721_4	M1298_4	256	1123	489	489
M721_4	M1380_4	256	1207	1155	1155
M721_4	M1906_4	256	1203	1085	1085
M721_4	M2458_4	256	1273	461	461
M721_4	M404_4	256	1296	1253	1253
M721_4	M821_4	256	1189	260	260
M821_4	F1224_4	256	1193	937	937
M821_4	F1648_4	256	1433	1097	1097
M821_4	F2578_4	256	1459	1305	1305
M821_4	F2580_4	256	1351	1319	1319
M821_4	F2626_4	256	1341	1120	1120
M821_4	F2666_4	256	1353	342	342
M821_4	M1105_4	256	1320	258	258
M821_4	M1298_4	256	1231	594	594
M821_4	M1380_4	256	1280	1225	1225
M821_4	M1906_4	256	1257	1161	1161
M821_4	M2458_4	256	1396	587	587
M821_4	M404_4	256	1308	1278	1278
M821_4	M721_4	256	1189	1004	1004
F2511_4	F2627_4	257	1264	70	121
F2511_4	F2661_4	257	1349	347	623
F2511_4	F354_4	257	1139	545	946
F2511_4	M1088_4	257	1332	793	1448
F2511_4	M1236_4	257	1230	501	848
F2511_4	M2017_4	257	1255	761	1330
F2511_4	M2145_4	257	1271	75	116
F2511_4	M2558_4	257	1185	291	524
F2511_4	M26_4	257	1196	559	984
F2511_4	M362_4	257	1309	599	1074
F2511_4	M424_4	257	1378	153	282
F2511_4	M485_4	257	1235	303	532
F2511_4	M690_4	257	1214	19	35
F2627_4	F2511_4	257	1264	604	1160
F2627_4	F2661_4	257	1298	1211	2395
F2627_4	F354_4	257	1448	1406	2783
F2627_4	M1088_4	257	1154	1131	2183
F2627_4	M1236_4	257	1169	1124	2212
F2627_4	M2017_4	257	1290	1267	2439
F2627_4	M2145_4	257	1239	870	1721
F2627_4	M2558_4	257	1368	1239	2429
F2627_4	M26_4	257	1164	1125	2188
F2627_4	M362_4	257	1124	1101	2146
F2627_4	M424_4	257	1161	957	1844
F2627_4	M485_4	257	1229	1135	2191
F2627_4	M690_4	257	1191	486	960
F2661_4	F2511_4	257	1349	50	176
F2661_4	F2627_4	257	1298	116	434
F2661_4	F354_4	257	1164	690	2574
F2661_4	M1088_4	257	1355	966	3634
F2661_4	M1236_4	257	1263	631	2325
F2661_4	M2017_4	257	1341	925	3479
F2661_4	M2145_4	257	1302	115	436
F2661_4	M2558_4	257	1234	406	1507
F2661_4	M26_4	257	1305	686	2565
F2661_4	M362_4	257	1267	706	2539
F2661_4	M424_4	257	1368	211	776
F2661_4	M485_4	257	1329	494	1831
F2661_4	M690_4	257	1568	38	133
F354_4	F2511_4	257	1139	490	770
F354_4	F2627_4	257	1448	897	1333
F354_4	F2661_4	257	1164	1058	1592
F354_4	M1088_4	257	1218	1185	1744
F354_4	M1236_4	257	1271	1198	1767
F354_4	M2017_4	257	1303	1265	1897
F354_4	M2145_4	257	1378	898	1356
F354_4	M2558_4	257	1199	1072	1603
F354_4	M26_4	257	1244	1200	1789
F354_4	M362_4	257	1175	1126	1661
F354_4	M424_4	257	1241	943	1370
F354_4	M485_4	257	1282	1178	1806
F354_4	M690_4	257	1320	508	774
M1088_4	F2511_4	257	1332	124	284
M1088_4	F2627_4	257	1154	174	391
M1088_4	F2661_4	257	1355	826	1804
M1088_4	F354_4	257	1218	981	2190
M1088_4	M1236_4	257	1304	927	1993
M1088_4	M2017_4	257	1374	1154	2633
M1088_4	M2145_4	257	1219	269	575
M1088_4	M2558_4	257	1141	612	1406
M1088_4	M26_4	257	1199	920	2052
M1088_4	M362_4	257	1197	906	1993
M1088_4	M424_4	257	1331	442	976
M1088_4	M485_4	257	1132	632	1392
M1088_4	M690_4	257	1280	100	222
M1236_4	F2511_4	257	1230	34	34
M1236_4	F2627_4	257	1169	54	54
M1236_4	F2661_4	257	1263	333	333
M1236_4	F354_4	257	1271	634	634
M1236_4	M1088_4	257	1304	798	798
M1236_4	M2017_4	257	1347	809	809
M1236_4	M2145_4	257	1291	90	90
M1236_4	M2558_4	257	1219	271	271
M1236_4	M26_4	257	1206	538	538
M1236_4	M362_4	257	1414	664	664
M1236_4	M424_4	257	1191	139	139
M1236_4	M485_4	257	1210	334	334
M1236_4	M690_4	257	1320	27	27
M2017_4	F2511_4	257	1255	810	1096
M2017_4	F2627_4	257	1290	1010	1406
M2017_4	F2661_4	257	1341	1280	1782
M2017_4	F354_4	257	1303	1289	1771
M2017_4	M1088_4	257	1374	1360	1869
M2017_4	M1236_4	257	1347	1319	1845
M2017_4	M2145_4	257	1294	1044	1409
M2017_4	M2558_4	257	1269	1203	1673
M2017_4	M26_4	257	1286	1263	1731
M2017_4	M362_4	257	1325	1307	1790
M2017_4	M424_4	257	1390	1251	1708
M2017_4	M485_4	257	1200	1156	1578
M2017_4	M690_4	257	1311	782	1105
M2145_4	F2511_4	257	1271	283	283
M2145_4	F2627_4	257	1239	449	449
M2145_4	F2661_4	257	1302	1014	1014
M2145_4	F354_4	257	1378	1239	1239
M2145_4	M1088_4	257	1219	1149	1149
M2145_4	M1236_4	257	1291	1092	1092
M2145_4	M2017_4	257	1294	1212	1212
M2145_4	M2558_4	257	1270	990	990
M2145_4	M26_4	257	1256	1140	1140
M2145_4	M362_4	257	1227	1082	1082
M2145_4	M424_4	257	1270	729	729
M2145_4	M485_4	257	1384	1078	1078
M2145_4	M690_4	257	1174	206	206
M2558_4	F2511_4	257	1185	82	163
M2558_4	F2627_4	257	1368	204	448
M2558_4	F2661_4	257	1234	660	1337
M2558_4	F354_4	257	1199	885	1821
M2558_4	M1088_4	257	1141	947	1985
M2558_4	M1236_4	257	1219	781	1611
M2558_4	M2017_4	257	1269	1039	2171
M2558_4	M2145_4	257	1270	231	466
M2558_4	M26_4	257	1248	880	1755
M2558_4	M362_4	257	1145	834	1715
M2558_4	M424_4	257	1264	351	737
M2558_4	M485_4	257	1255	645	1333
M2558_4	M690_4	257	1134	69	145
M26_4	F2511_4	257	1196	267	868
M26_4	F2627_4	257	1164	394	1330
M26_4	F2661_4	257	1305	1055	3445
M26_4	F354_4	257	1244	1133	3730
M26_4	M1088_4	257	1199	1131	3683
M26_4	M1236_4	257	1206	1062	3382
M26_4	M2017_4	257	1286	1217	3939
M26_4	M2145_4	257	1256	513	1705
M26_4	M2558_4	257	1248	932	3029
M26_4	M362_4	257	1246	1147	3725
M26_4	M424_4	257	1264	688	2256
M26_4	M485_4	257	1196	933	2963
M26_4	M690_4	257	1240	203	636
M362_4	F2511_4	257	1309	473	473
M362_4	F2627_4	257	1124	632	632
M362_4	F2661_4	257	1267	1146	1146
M362_4	F354_4	257	1175	1124	1124
M362_4	M1088_4	257	1197	1162	1162
M362_4	M1236_4	257	1414	1318	1318
M362_4	M2017_4	257	1325	1291	1291
M362_4	M2145_4	257	1227	749	749
M362_4	M2558_4	257	1145	1008	1008
M362_4	M26_4	257	1246	1189	1189
M362_4	M424_4	257	1453	1062	1062
M362_4	M485_4	257	1286	1137	1137
M362_4	M690_4	257	1225	375	375
M424_4	F2511_4	257	1378	86	254
M424_4	F2627_4	257	1161	166	469
M424_4	F2661_4	257	1368	716	1998
M424_4	F354_4	257	1241	909	2555
M424_4	M1088_4	257	1331	1111	3131
M424_4	M1236_4	257	1191	803	2291
M424_4	M2017_4	257	1390	1158	3236
M424_4	M2145_4	257	1270	245	682
M424_4	M2558_4	257	1264	609	1743
M424_4	M26_4	257	1264	919	2621
M424_4	M362_4	257	1453	1082	2996
M424_4	M485_4	257	1294	693	1955
M424_4	M690_4	257	1211	78	211
M485_4	F2511_4	257	1235	586	1421
M485_4	F2627_4	257	1229	764	1819
M485_4	F2661_4	257	1329	1230	2995
M485_4	F354_4	257	1282	1250	2972
M485_4	M1088_4	257	1132	1107	2569
M485_4	M1236_4	257	1210	1156	2721
M485_4	M2017_4	257	1200	1181	2888
M485_4	M2145_4	257	1384	971	2264
M485_4	M2558_4	257	1255	1143	2728
M485_4	M26_4	257	1196	1152	2762
M485_4	M362_4	257	1286	1238	2964
M485_4	M424_4	257	1294	1038	2457
M485_4	M690_4	257	1283	550	1345
M690_4	F2511_4	257	1214	286	1110
M690_4	F2627_4	257	1191	473	1856
M690_4	F2661_4	257	1568	1264	5045
M690_4	F354_4	257	1320	1199	4746
M690_4	M1088_4	257	1280	1221	4866
M690_4	M1236_4	257	1320	1172	4731
M690_4	M2017_4	257	1311	1248	5083
M690_4	M2145_4	257	1174	522	2142
M690_4	M2558_4	257	1134	876	3438
M690_4	M26_4	257	1240	1130	4493
M690_4	M362_4	257	1225	1121	4569
M690_4	M424_4	257	1211	718	2865
M690_4	M485_4	257	1283	1005	4113
F2166_4	F219_4	258	1292	1090	1090
F2166_4	F2665_4	258	1466	884	884
F2166_4	F2753_4	258	1219	547	547
F2166_4	F433_4	258	1247	484	484
F2166_4	F73_4	258	1234	469	469
F2166_4	M1424_4	258	1369	756	756
F2166_4	M1966_4	258	1366	1244	1244
F2166_4	M2345_4	258	1225	657	657
F2166_4	M2435_4	258	1334	779	779
F2166_4	M252_4	258	1222	224	224
F2166_4	M310_4	258	1306	521	521
F2166_4	M510_4	258	1146	218	218
F2166_4	M718_4	258	1182	468	468
F219_4	F2166_4	258	1292	1198	1198
F219_4	F2665_4	258	1287	836	836
F219_4	F2753_4	258	1236	640	640
F219_4	F433_4	258	1132	479	479
F219_4	F73_4	258	1262	550	550
F219_4	M1424_4	258	1200	739	739
F219_4	M1966_4	258	1144	1076	1076
F219_4	M2345_4	258	1292	779	779
F219_4	M2435_4	258	1252	815	815
F219_4	M252_4	258	1400	331	331
F219_4	M310_4	258	1250	557	557
F219_4	M510_4	258	1218	260	260
F219_4	M718_4	258	1282	606	606
F2665_4	F2166_4	258	1466	1130	2859
F2665_4	F219_4	258	1287	842	2117
F2665_4	F2753_4	258	1180	226	542
F2665_4	F433_4	258	1489	258	692
F2665_4	F73_4	258	1182	197	511
F2665_4	M1424_4	258	1428	442	1135
F2665_4	M1966_4	258	1339	1046	2615
F2665_4	M2345_4	258	1281	364	881
F2665_4	M2435_4	258	1283	435	1121
F2665_4	M252_4	258	1305	95	242
F2665_4	M310_4	258	1191	213	517
F2665_4	M510_4	258	1230	88	232
F2665_4	M718_4	258	1221	224	551
F2753_4	F2166_4	258	1219	957	957
F2753_4	F219_4	258	1236	836	836
F2753_4	F2665_4	258	1180	433	433
F2753_4	F433_4	258	1318	275	275
F2753_4	F73_4	258	1136	235	235
F2753_4	M1424_4	258	1193	424	424
F2753_4	M1966_4	258	1210	977	977
F2753_4	M2345_4	258	1168	367	367
F2753_4	M2435_4	258	1276	451	451
F2753_4	M252_4	258	1283	77	77
F2753_4	M310_4	258	1334	266	266
F2753_4	M510_4	258	1213	88	88
F2753_4	M718_4	258	1368	307	307
F433_4	F2166_4	258	1247	1224	1224
F433_4	F219_4	258	1132	1110	1110
F433_4	F2665_4	258	1489	1381	1381
F433_4	F2753_4	258	1318	1179	1179
F433_4	F73_4	258	1173	1006	1006
F433_4	M1424_4	258	1230	1158	1158
F433_4	M1966_4	258	1256	1244	1244
F433_4	M2345_4	258	1286	1202	1202
F433_4	M2435_4	258	1189	1106	1106
F433_4	M252_4	258	1251	866	866
F433_4	M310_4	258	1331	1153	1153
F433_4	M510_4	258	1158	801	801
F433_4	M718_4	258	1156	996	996
F73_4	F2166_4	258	1234	1010	1984
F73_4	F219_4	258	1262	899	1772
F73_4	F2665_4	258	1182	507	1019
F73_4	F2753_4	258	1136	356	708
F73_4	F433_4	258	1173	299	592
F73_4	M1424_4	258	1264	497	994
F73_4	M1966_4	258	1358	1158	2269
F73_4	M2345_4	258	1368	501	987
F73_4	M2435_4	258	1106	435	812
F73_4	M252_4	258	1210	159	315
F73_4	M310_4	258	1357	332	632
F73_4	M510_4	258	1302	167	306
F73_4	M718_4	258	1198	335	618
M1424_4	F2166_4	258	1369	870	870
M1424_4	F219_4	258	1200	591	591
M1424_4	F2665_4	258	1428	289	289
M1424_4	F2753_4	258	1193	166	166
M1424_4	F433_4	258	1230	114	114
M1424_4	F73_4	258	1264	147	147
M1424_4	M1966_4	258	1271	832	832
M1424_4	M2345_4	258	1255	235	235
M1424_4	M2435_4	258	1285	303	303
M1424_4	M252_4	258	1359	66	66
M1424_4	M310_4	258	1317	158	158
M1424_4	M510_4	258	1244	70	70
M1424_4	M718_4	258	1211	174	174
M1966_4	F2166_4	258	1366	1304	1304
M1966_4	F219_4	258	1144	1067	1067
M1966_4	F2665_4	258	1339	1067	1067
M1966_4	F2753_4	258	1210	861	861
M1966_4	F433_4	258	1256	797	797
M1966_4	F73_4	258	1358	836	836
M1966_4	M1424_4	258	1271	1008	1008
M1966_4	M2345_4	258	1214	922	922
M1966_4	M2435_4	258	1196	954	954
M1966_4	M252_4	258	1196	468	468
M1966_4	M310_4	258	1278	803	803
M1966_4	M510_4	258	1206	493	493
M1966_4	M718_4	258	1315	847	847
M2345_4	F2166_4	258	1225	1204	1204
M2345_4	F219_4	258	1292	1269	1269
M2345_4	F2665_4	258	1281	1174	1174
M2345_4	F2753_4	258	1168	998	998
M2345_4	F433_4	258	1286	1048	1048
M2345_4	F73_4	258	1368	1118	1118
M2345_4	M1424_4	258	1255	1143	1143
M2345_4	M1966_4	258	1214	1197	1197
M2345_4	M2435_4	258	1276	1171	1171
M2345_4	M252_4	258	1266	801	801
M2345_4	M310_4	258	1189	1009	1009
M2345_4	M510_4	258	1302	824	824
M2345_4	M718_4	258	1290	1062	1062
M2435_4	F2166_4	258	1334	998	2193
M2435_4	F219_4	258	1252	781	1723
M2435_4	F2665_4	258	1283	396	860
M2435_4	F2753_4	258	1276	277	617
M2435_4	F433_4	258	1189	193	440
M2435_4	F73_4	258	1106	178	390
M2435_4	M1424_4	258	1285	371	862
M2435_4	M1966_4	258	1196	923	2009
M2435_4	M2345_4	258	1276	344	789
M2435_4	M252_4	258	1279	95	213
M2435_4	M310_4	258	1156	191	443
M2435_4	M510_4	258	1301	80	171
M2435_4	M718_4	258	1234	224	503
M252_4	F2166_4	258	1222	1076	1076
M252_4	F219_4	258	1400	1098	1098
M252_4	F2665_4	258	1305	664	664
M252_4	F2753_4	258	1283	507	507
M252_4	F433_4	258	1251	417	417
M252_4	F73_4	258	1210	386	386
M252_4	M1424_4	258	1359	688	688
M252_4	M1966_4	258	1196	1069	1069
M252_4	M2345_4	258	1266	576	576
M252_4	M2435_4	258	1279	652	652
M252_4	M310_4	258	1217	401	401
M252_4	M510_4	258	1287	200	200
M252_4	M718_4	258	1306	448	448
M310_4	F2166_4	258	1306	1144	1144
M310_4	F219_4	258	1250	984	984
M310_4	F2665_4	258	1191	633	633
M310_4	F2753_4	258	1334	548	548
M310_4	F433_4	258	1331	425	425
M310_4	F73_4	258	1357	424	424
M310_4	M1424_4	258	1317	662	662
M310_4	M1966_4	258	1278	1122	1122
M310_4	M2345_4	258	1189	547	547
M310_4	M2435_4	258	1156	613	613
M310_4	M252_4	258	1217	203	203
M310_4	M510_4	258	1214	182	182
M310_4	M718_4	258	1215	398	398
M510_4	F2166_4	258	1146	1055	1055
M510_4	F219_4	258	1218	1068	1068
M510_4	F2665_4	258	1230	823	823
M510_4	F2753_4	258	1213	633	633
M510_4	F433_4	258	1158	529	529
M510_4	F73_4	258	1302	590	590
M510_4	M1424_4	258	1244	809	809
M510_4	M1966_4	258	1206	1145	1145
M510_4	M2345_4	258	1302	776	776
M510_4	M2435_4	258	1301	874	874
M510_4	M252_4	258	1287	330	330
M510_4	M310_4	258	1214	606	606
M510_4	M718_4	258	1265	651	651
M718_4	F2166_4	258	1182	1069	2194
M718_4	F219_4	258	1282	1090	2274
M718_4	F2665_4	258	1221	724	1456
M718_4	F2753_4	258	1368	615	1318
M718_4	F433_4	258	1156	447	933
M718_4	F73_4	258	1198	436	911
M718_4	M1424_4	258	1211	652	1375
M718_4	M1966_4	258	1315	1193	2526
M718_4	M2345_4	258	1290	681	1460
M718_4	M2435_4	258	1234	707	1524
M718_4	M252_4	258	1306	245	513
M718_4	M310_4	258	1215	460	993
M718_4	M510_4	258	1265	221	430
F1235_4	F124_4	259	1302	251	251
F1235_4	F1396_4	259	1265	309	309
F1235_4	F1599_4	259	1417	817	817
F1235_4	F1815_4	259	1255	48	48
F1235_4	F2096_4	259	1262	104	104
F1235_4	F2531_4	259	1335	755	755
F1235_4	F982_4	259	1349	614	614
F1235_4	M1204_4	259	1419	225	225
F1235_4	M1216_4	259	1189	170	170
F1235_4	M1338_4	259	1153	137	137
F1235_4	M1716_4	259	1161	59	59
F1235_4	M2574_4	259	1236	236	236
F1235_4	M2754_4	259	1306	630	630
F124_4	F1235_4	259	1302	970	1002
F124_4	F1396_4	259	1414	972	1004
F124_4	F1599_4	259	1220	1105	1149
F124_4	F1815_4	259	1267	288	292
F124_4	F2096_4	259	1199	457	468
F124_4	F2531_4	259	1211	1075	1111
F124_4	F982_4	259	1278	1108	1143
F124_4	M1204_4	259	1135	690	712
F124_4	M1216_4	259	1513	790	814
F124_4	M1338_4	259	1274	696	726
F124_4	M1716_4	259	1259	348	354
F124_4	M2574_4	259	1191	756	776
F124_4	M2754_4	259	1203	1075	1113
F1396_4	F1235_4	259	1265	72	121
F1396_4	F124_4	259	1414	40	64
F1396_4	F1599_4	259	1348	235	421
F1396_4	F1815_4	259	1331	6	8
F1396_4	F2096_4	259	1254	17	29
F1396_4	F2531_4	259	1148	222	406
F1396_4	F982_4	259	1121	147	264
F1396_4	M1204_4	259	1193	31	52
F1396_4	M1216_4	259	1218	37	65
F1396_4	M1338_4	259	1203	28	48
F1396_4	M1716_4	259	1249	16	28
F1396_4	M2574_4	259	1313	60	118
F1396_4	M2754_4	259	1334	180	307
F1599_4	F1235_4	259	1417	640	640
F1599_4	F124_4	259	1220	415	415
F1599_4	F1396_4	259	1348	488	488
F1599_4	F1815_4	259	1187	76	76
F1599_4	F2096_4	259	1274	208	208
F1599_4	F2531_4	259	1207	852	852
F1599_4	F982_4	259	1129	722	722
F1599_4	M1204_4	259	1257	353	353
F1599_4	M1216_4	259	1272	304	304
F1599_4	M1338_4	259	1339	318	318
F1599_4	M1716_4	259	1099	117	117
F1599_4	M2574_4	259	1222	414	414
F1599_4	M2754_4	259	1223	812	812
F1815_4	F1235_4	259	1255	1176	1176
F1815_4	F124_4	259	1267	1126	1126
F1815_4	F1396_4	259	1331	1204	1204
F1815_4	F1599_4	259	1187	1167	1167
F1815_4	F2096_4	259	1273	944	944
F1815_4	F2531_4	259	1303	1264	1264
F1815_4	F982_4	259	1268	1230	1230
F1815_4	M1204_4	259	1284	1092	1092
F1815_4	M1216_4	259	1239	1038	1038
F1815_4	M1338_4	259	1392	1163	1163
F1815_4	M1716_4	259	1220	806	806
F1815_4	M2574_4	259	1351	1190	1190
F1815_4	M2754_4	259	1182	1145	1145
F2096_4	F1235_4	259	1262	656	1520
F2096_4	F124_4	259	1199	464	1067
F2096_4	F1396_4	259	1254	494	1100
F2096_4	F1599_4	259	1274	977	2205
F2096_4	F1815_4	259	1273	135	320
F2096_4	F2531_4	259	1297	983	2249
F2096_4	F982_4	259	1357	944	2139
F2096_4	M1204_4	259	1238	389	902
F2096_4	M1216_4	259	1258	321	754
F2096_4	M1338_4	259	1283	320	735
F2096_4	M1716_4	259	1170	144	351
F2096_4	M2574_4	259	1159	473	1104
F2096_4	M2754_4	259	1356	958	2192
F2531_4	F1235_4	259	1335	203	203
F2531_4	F124_4	259	1211	134	134
F2531_4	F1396_4	259	1148	137	137
F2531_4	F1599_4	259	1207	503	503
F2531_4	F1815_4	259	1303	34	34
F2531_4	F2096_4	259	1297	64	64
F2531_4	F982_4	259	1315	433	433
F2531_4	M1204_4	259	1220	101	101
F2531_4	M1216_4	259	1265	74	74
F2531_4	M1338_4	259	1197	82	82
F2531_4	M1716_4	259	1215	34	34
F2531_4	M2574_4	259	1623	171	171
F2531_4	M2754_4	259	1256	393	393
F982_4	F1235_4	259	1349	818	3446
F982_4	F124_4	259	1278	627	2658
F982_4	F1396_4	259	1121	580	2394
F982_4	F1599_4	259	1129	945	4018
F982_4	F1815_4	259	1268	161	679
F982_4	F2096_4	259	1357	362	1539
F982_4	F2531_4	259	1315	1108	4717
F982_4	M1204_4	259	1252	546	2275
F982_4	M1216_4	259	1293	500	2105
F982_4	M1338_4	259	1113	420	1748
F982_4	M1716_4	259	1302	246	1075
F982_4	M2574_4	259	1177	606	2523
F982_4	M2754_4	259	1180	943	4039
M1204_4	F1235_4	259	1419	1328	1328
M1204_4	F124_4	259	1135	1005	1005
M1204_4	F1396_4	259	1193	1076	1076
M1204_4	F1599_4	259	1257	1231	1231
M1204_4	F1815_4	259	1284	701	701
M1204_4	F2096_4	259	1238	916	916
M1204_4	F2531_4	259	1220	1194	1194
M1204_4	F982_4	259	1252	1210	1210
M1204_4	M1216_4	259	1263	1026	1026
M1204_4	M1338_4	259	1138	932	932
M1204_4	M1716_4	259	1272	815	815
M1204_4	M2574_4	259	1215	1072	1072
M1204_4	M2754_4	259	1228	1187	1187
M1216_4	F1235_4	259	1189	863	863
M1216_4	F124_4	259	1513	962	962
M1216_4	F1396_4	259	1218	813	813
M1216_4	F1599_4	259	1272	1171	1171
M1216_4	F1815_4	259	1239	281	281
M1216_4	F2096_4	259	1258	510	510
M1216_4	F2531_4	259	1265	1140	1140
M1216_4	F982_4	259	1293	1125	1125
M1216_4	M1204_4	259	1263	764	764
M1216_4	M1338_4	259	1394	747	747
M1216_4	M1716_4	259	1237	376	376
M1216_4	M2574_4	259	1189	763	763
M1216_4	M2754_4	259	1162	1006	1006
M1338_4	F1235_4	259	1153	253	287
M1338_4	F124_4	259	1274	163	189
M1338_4	F1396_4	259	1203	177	211
M1338_4	F1599_4	259	1339	584	703
M1338_4	F1815_4	259	1392	30	30
M1338_4	F2096_4	259	1283	66	78
M1338_4	F2531_4	259	1197	492	581
M1338_4	F982_4	259	1113	368	424
M1338_4	M1204_4	259	1138	122	137
M1338_4	M1216_4	259	1394	117	141
M1338_4	M1716_4	259	1171	34	38
M1338_4	M2574_4	259	1275	189	219
M1338_4	M2754_4	259	1408	490	571
M1716_4	F1235_4	259	1161	87	87
M1716_4	F124_4	259	1259	50	50
M1716_4	F1396_4	259	1249	58	58
M1716_4	F1599_4	259	1099	230	230
M1716_4	F1815_4	259	1220	8	8
M1716_4	F2096_4	259	1170	14	14
M1716_4	F2531_4	259	1215	237	237
M1716_4	F982_4	259	1302	167	167
M1716_4	M1204_4	259	1272	45	45
M1716_4	M1216_4	259	1237	30	30
M1716_4	M1338_4	259	1171	29	29
M1716_4	M2574_4	259	1266	51	51
M1716_4	M2754_4	259	1224	189	189
M2574_4	F1235_4	259	1236	1104	2913
M2574_4	F124_4	259	1191	970	2499
M2574_4	F1396_4	259	1313	1112	2871
M2574_4	F1599_4	259	1222	1165	2973
M2574_4	F1815_4	259	1351	563	1455
M2574_4	F2096_4	259	1159	697	1785
M2574_4	F2531_4	259	1623	1549	3910
M2574_4	F982_4	259	1177	1103	2796
M2574_4	M1204_4	259	1215	925	2409
M2574_4	M1216_4	259	1189	863	2247
M2574_4	M1338_4	259	1275	951	2449
M2574_4	M1716_4	259	1266	678	1773
M2574_4	M2754_4	259	1285	1222	3186
M2754_4	F1235_4	259	1306	171	171
M2754_4	F124_4	259	1203	101	101
M2754_4	F1396_4	259	1334	117	117
M2754_4	F1599_4	259	1223	399	399
M2754_4	F1815_4	259	1182	17	17
M2754_4	F2096_4	259	1356	42	42
M2754_4	F2531_4	259	1256	384	384
M2754_4	F982_4	259	1180	266	266
M2754_4	M1204_4	259	1228	84	84
M2754_4	M1216_4	259	1162	52	52
M2754_4	M1338_4	259	1408	69	69
M2754_4	M1716_4	259	1224	24	24
M2754_4	M2574_4	259	1285	103	103
F1662_4	F1976_4	260	1113	830	830
F1662_4	F2302_4	260	1287	814	814
F1662_4	F2776_4	260	1246	1164	1164
F1662_4	F543_4	260	1239	605	605
F1662_4	F616_4	260	1242	122	122
F1662_4	M1124_4	260	1310	975	975
F1662_4	M1275_4	260	1181	533	533
F1662_4	M12_4	260	1326	697	697
F1662_4	M137_4	260	1335	778	778
F1662_4	M1826_4	260	1318	880	880
F1662_4	M2392_4	260	1205	871	871
F1662_4	M2639_4	260	1253	559	559
F1662_4	M541_4	260	1247	767	767
F1976_4	F1662_4	260	1113	979	979
F1976_4	F2302_4	260	1196	634	634
F1976_4	F2776_4	260	1371	1247	1247
F1976_4	F543_4	260	1262	472	472
F1976_4	F616_4	260	1400	117	117
F1976_4	M1124_4	260	1304	830	830
F1976_4	M1275_4	260	1175	423	423
F1976_4	M12_4	260	1204	509	509
F1976_4	M137_4	260	1229	590	590
F1976_4	M1826_4	260	1192	696	696
F1976_4	M2392_4	260	1253	762	762
F1976_4	M2639_4	260	1282	465	465
F1976_4	M541_4	260	1324	627	627
F2302_4	F1662_4	260	1287	1247	1247
F2302_4	F1976_4	260	1196	1080	1080
F2302_4	F2776_4	260	1252	1226	1226
F2302_4	F543_4	260	1322	993	993
F2302_4	F616_4	260	1258	311	311
F2302_4	M1124_4	260	1259	1110	1110
F2302_4	M1275_4	260	1180	848	848
F2302_4	M12_4	260	1341	994	994
F2302_4	M137_4	260	1220	988	988
F2302_4	M1826_4	260	1271	1078	1078
F2302_4	M2392_4	260	1224	1068	1068
F2302_4	M2639_4	260	1144	788	788
F2302_4	M541_4	260	1376	1102	1102
F2776_4	F1662_4	260	1246	1073	3385
F2776_4	F1976_4	260	1371	851	2630
F2776_4	F2302_4	260	1252	541	1656
F2776_4	F543_4	260	1278	446	1405
F2776_4	F616_4	260	1377	81	280
F2776_4	M1124_4	260	1215	698	2135
F2776_4	M1275_4	260	1095	334	1073
F2776_4	M12_4	260	1114	416	1332
F2776_4	M137_4	260	1354	547	1778
F2776_4	M1826_4	260	1428	693	2186
F2776_4	M2392_4	260	1255	724	2338
F2776_4	M2639_4	260	1134	303	907
F2776_4	M541_4	260	1231	483	1501
F543_4	F1662_4	260	1239	1233	1233
F543_4	F1976_4	260	1262	1239	1239
F543_4	F2302_4	260	1322	1288	1288
F543_4	F2776_4	260	1278	1273	1273
F543_4	F616_4	260	1217	863	863
F543_4	M1124_4	260	1371	1345	1345
F543_4	M1275_4	260	1295	1227	1227
F543_4	M12_4	260	1225	1158	1158
F543_4	M137_4	260	1202	1164	1164
F543_4	M1826_4	260	1372	1329	1329
F543_4	M2392_4	260	1254	1236	1236
F543_4	M2639_4	260	1483	1397	1397
F543_4	M541_4	260	1408	1352	1352
F616_4	F1662_4	260	1242	1237	2003
F616_4	F1976_4	260	1400	1370	2248
F616_4	F2302_4	260	1258	1199	1950
F616_4	F2776_4	260	1377	1371	2268
F616_4	F543_4	260	1217	1128	1827
F616_4	M1124_4	260	1316	1284	2104
F616_4	M1275_4	260	1249	1137	1904
F616_4	M12_4	260	1108	1033	1676
F616_4	M137_4	260	1158	1095	1781
F616_4	M1826_4	260	1170	1117	1828
F616_4	M2392_4	260	1289	1252	2057
F616_4	M2639_4	260	1227	1096	1800
F616_4	M541_4	260	1250	1171	1891
M1124_4	F1662_4	260	1310	1125	1778
M1124_4	F1976_4	260	1304	797	1271
M1124_4	F2302_4	260	1259	566	884
M1124_4	F2776_4	260	1215	1084	1738
M1124_4	F543_4	260	1371	459	720
M1124_4	F616_4	260	1316	66	105
M1124_4	M1275_4	260	1258	414	657
M1124_4	M12_4	260	1291	453	732
M1124_4	M137_4	260	1187	502	792
M1124_4	M1826_4	260	1160	593	967
M1124_4	M2392_4	260	1262	752	1188
M1124_4	M2639_4	260	1253	361	562
M1124_4	M541_4	260	1374	577	940
M1275_4	F1662_4	260	1181	1000	1000
M1275_4	F1976_4	260	1175	708	708
M1275_4	F2302_4	260	1180	521	521
M1275_4	F2776_4	260	1095	975	975
M1275_4	F543_4	260	1295	390	390
M1275_4	F616_4	260	1249	54	54
M1275_4	M1124_4	260	1258	691	691
M1275_4	M12_4	260	1094	365	365
M1275_4	M137_4	260	1273	500	500
M1275_4	M1826_4	260	1452	670	670
M1275_4	M2392_4	260	1118	633	633
M1275_4	M2639_4	260	1313	368	368
M1275_4	M541_4	260	1211	481	481
M12_4	F1662_4	260	1326	1244	1300
M12_4	F1976_4	260	1204	972	1019
M12_4	F2302_4	260	1341	921	964
M12_4	F2776_4	260	1114	1056	1114
M12_4	F543_4	260	1225	667	705
M12_4	F616_4	260	1108	129	132
M12_4	M1124_4	260	1291	980	1034
M12_4	M1275_4	260	1094	556	583
M12_4	M137_4	260	1456	971	1020
M12_4	M1826_4	260	1257	919	963
M12_4	M2392_4	260	1226	939	975
M12_4	M2639_4	260	1149	555	581
M12_4	M541_4	260	1257	777	811
M137_4	F1662_4	260	1335	1323	2519
M137_4	F1976_4	260	1229	1183	2293
M137_4	F2302_4	260	1220	1144	2185
M137_4	F2776_4	260	1354	1341	2503
M137_4	F543_4	260	1202	1074	1909
M137_4	F616_4	260	1158	585	1110
M137_4	M1124_4	260	1187	1140	2173
M137_4	M1275_4	260	1273	1127	2119
M137_4	M12_4	260	1456	1313	2464
M137_4	M1826_4	260	1146	1080	2065
M137_4	M2392_4	260	1141	1094	2067
M137_4	M2639_4	260	1293	1118	2138
M137_4	M541_4	260	1235	1126	2132
M1826_4	F1662_4	260	1318	1301	1415
M1826_4	F1976_4	260	1192	1142	1234
M1826_4	F2302_4	260	1271	1151	1256
M1826_4	F2776_4	260	1428	1413	1544
M1826_4	F543_4	260	1372	1214	1305
M1826_4	F616_4	260	1170	542	591
M1826_4	M1124_4	260	1160	1102	1199
M1826_4	M1275_4	260	1452	1250	1370
M1826_4	M12_4	260	1257	1094	1198
M1826_4	M137_4	260	1146	1033	1119
M1826_4	M2392_4	260	1448	1370	1498
M1826_4	M2639_4	260	1150	967	1051
M1826_4	M541_4	260	1224	1121	1214
M2392_4	F1662_4	260	1205	658	658
M2392_4	F1976_4	260	1253	331	331
M2392_4	F2302_4	260	1224	190	190
M2392_4	F2776_4	260	1255	783	783
M2392_4	F543_4	260	1254	143	143
M2392_4	F616_4	260	1289	14	14
M2392_4	M1124_4	260	1262	303	303
M2392_4	M1275_4	260	1118	104	104
M2392_4	M12_4	260	1226	147	147
M2392_4	M137_4	260	1141	141	141
M2392_4	M1826_4	260	1448	281	281
M2392_4	M2639_4	260	1243	103	103
M2392_4	M541_4	260	1286	172	172
M2639_4	F1662_4	260	1253	1162	1637
M2639_4	F1976_4	260	1282	1042	1456
M2639_4	F2302_4	260	1144	750	1098
M2639_4	F2776_4	260	1134	1067	1502
M2639_4	F543_4	260	1483	797	1106
M2639_4	F616_4	260	1227	173	250
M2639_4	M1124_4	260	1253	992	1402
M2639_4	M1275_4	260	1313	675	933
M2639_4	M12_4	260	1149	657	908
M2639_4	M137_4	260	1293	824	1144
M2639_4	M1826_4	260	1150	843	1189
M2639_4	M2392_4	260	1243	962	1329
M2639_4	M541_4	260	1232	823	1151
M541_4	F1662_4	260	1247	743	1254
M541_4	F1976_4	260	1324	357	598
M541_4	F2302_4	260	1376	248	414
M541_4	F2776_4	260	1231	758	1287
M541_4	F543_4	260	1408	167	278
M541_4	F616_4	260	1250	16	28
M541_4	M1124_4	260	1374	314	508
M541_4	M1275_4	260	1211	121	219
M541_4	M12_4	260	1257	159	255
M541_4	M137_4	260	1235	176	310
M541_4	M1826_4	260	1224	261	478
M541_4	M2392_4	260	1286	327	549
M541_4	M2639_4	260	1232	103	167
F11_4	F153_4	261	1125	772	929
F11_4	F1745_4	261	1212	1067	1246
F11_4	F2427_4	261	1223	608	725
F11_4	F819_4	261	1298	1100	1294
F11_4	F941_4	261	1306	1303	1496
F11_4	M15_4	261	1142	741	872
F11_4	M186_4	261	1273	496	570
F11_4	M2002_4	261	1191	890	1046
F11_4	M225_4	261	1294	1251	1509
F11_4	M2416_4	261	1184	98	112
F11_4	M249_4	261	1170	790	926
F11_4	M312_4	261	1213	904	1063
F11_4	M957_4	261	1189	251	309
F153_4	F11_4	261	1125	947	947
F153_4	F1745_4	261	1170	1130	1130
F153_4	F2427_4	261	1240	957	957
F153_4	F819_4	261	1182	1121	1121
F153_4	F941_4	261	1157	1157	1157
F153_4	M15_4	261	1291	1123	1123
F153_4	M186_4	261	1182	813	813
F153_4	M2002_4	261	1213	1125	1125
F153_4	M225_4	261	1120	1114	1114
F153_4	M2416_4	261	1425	363	363
F153_4	M249_4	261	1299	1131	1131
F153_4	M312_4	261	1437	1321	1321
F153_4	M957_4	261	1119	559	559
F1745_4	F11_4	261	1212	596	596
F1745_4	F153_4	261	1170	662	662
F1745_4	F2427_4	261	1385	508	508
F1745_4	F819_4	261	1198	899	899
F1745_4	F941_4	261	1270	1258	1258
F1745_4	M15_4	261	1211	630	630
F1745_4	M186_4	261	1242	329	329
F1745_4	M2002_4	261	1319	853	853
F1745_4	M225_4	261	1265	1191	1191
F1745_4	M2416_4	261	1212	63	63
F1745_4	M249_4	261	1277	721	721
F1745_4	M312_4	261	1247	768	768
F1745_4	M957_4	261	1174	161	161
F2427_4	F11_4	261	1223	1014	1014
F2427_4	F153_4	261	1240	1095	1095
F2427_4	F1745_4	261	1385	1331	1331
F2427_4	F819_4	261	1152	1074	1074
F2427_4	F941_4	261	1290	1289	1289
F2427_4	M15_4	261	1303	1100	1100
F2427_4	M186_4	261	1366	908	908
F2427_4	M2002_4	261	1196	1087	1087
F2427_4	M225_4	261	1237	1222	1222
F2427_4	M2416_4	261	1241	278	278
F2427_4	M249_4	261	1166	1010	1010
F2427_4	M312_4	261	1248	1114	1114
F2427_4	M957_4	261	1343	611	611
F819_4	F11_4	261	1298	85	108
F819_4	F153_4	261	1182	97	131
F819_4	F1745_4	261	1198	283	358
F819_4	F2427_4	261	1152	35	47
F819_4	F941_4	261	1414	1317	1738
F819_4	M15_4	261	1310	88	118
F819_4	M186_4	261	1278	29	37
F819_4	M2002_4	261	1243	153	210
F819_4	M225_4	261	1256	766	990
F819_4	M2416_4	261	1310	4	4
F819_4	M249_4	261	1272	97	133
F819_4	M312_4	261	1167	115	153
F819_4	M957_4	261	1117	10	14
F941_4	F11_4	261	1306	96	253
F941_4	F153_4	261	1157	112	295
F941_4	F1745_4	261	1270	354	905
F941_4	F2427_4	261	1290	55	134
F941_4	F819_4	261	1414	283	777
F941_4	M15_4	261	1154	107	267
F941_4	M186_4	261	1285	48	118
F941_4	M2002_4	261	1187	170	481
F941_4	M225_4	261	1366	855	2226
F941_4	M2416_4	261	1085	2	5
F941_4	M249_4	261	1228	119	324
F941_4	M312_4	261	1292	178	468
F941_4	M957_4	261	1229	12	32
M15_4	F11_4	261	1142	929	929
M15_4	F153_4	261	1291	1126	1126
M15_4	F1745_4	261	1211	1162	1162
M15_4	F2427_4	261	1303	917	917
M15_4	F819_4	261	1310	1223	1223
M15_4	F941_4	261	1154	1153	1153
M15_4	M186_4	261	1158	768	768
M15_4	M2002_4	261	1298	1173	1173
M15_4	M225_4	261	1327	1319	1319
M15_4	M2416_4	261	1123	238	238
M15_4	M249_4	261	1291	1102	1102
M15_4	M312_4	261	1281	1131	1131
M15_4	M957_4	261	1270	555	555
M186_4	F11_4	261	1273	976	1419
M186_4	F153_4	261	1182	950	1366
M186_4	F1745_4	261	1242	1161	1667
M186_4	F2427_4	261	1366	925	1346
M186_4	F819_4	261	1278	1171	1696
M186_4	F941_4	261	1285	1284	1854
M186_4	M15_4	261	1158	922	1375
M186_4	M2002_4	261	1229	1057	1573
M186_4	M225_4	261	1235	1221	1755
M186_4	M2416_4	261	1283	212	320
M186_4	M249_4	261	1248	1004	1473
M186_4	M312_4	261	1246	1069	1544
M186_4	M957_4	261	1272	491	718
M2002_4	F11_4	261	1191	113	122
M2002_4	F153_4	261	1213	168	181
M2002_4	F1745_4	261	1319	484	506
M2002_4	F2427_4	261	1196	75	75
M2002_4	F819_4	261	1243	325	345
M2002_4	F941_4	261	1187	1138	1208
M2002_4	M15_4	261	1298	120	131
M2002_4	M186_4	261	1229	52	54
M2002_4	M225_4	261	1189	848	894
M2002_4	M2416_4	261	1213	9	10
M2002_4	M249_4	261	1252	175	179
M2002_4	M312_4	261	1274	224	237
M2002_4	M957_4	261	1197	23	24
M225_4	F11_4	261	1294	95	95
M225_4	F153_4	261	1120	101	101
M225_4	F1745_4	261	1265	362	362
M225_4	F2427_4	261	1237	37	37
M225_4	F819_4	261	1256	235	235
M225_4	F941_4	261	1366	1288	1288
M225_4	M15_4	261	1327	102	102
M225_4	M186_4	261	1235	40	40
M225_4	M2002_4	261	1189	163	163
M225_4	M2416_4	261	1181	6	6
M225_4	M249_4	261	1267	136	136
M225_4	M312_4	261	1256	148	148
M225_4	M957_4	261	1180	21	21
M2416_4	F11_4	261	1184	92	180
M2416_4	F153_4	261	1425	144	269
M2416_4	F1745_4	261	1212	384	710
M2416_4	F2427_4	261	1241	56	100
M2416_4	F819_4	261	1310	306	592
M2416_4	F941_4	261	1085	1037	1930
M2416_4	M15_4	261	1123	123	221
M2416_4	M186_4	261	1283	44	77
M2416_4	M2002_4	261	1213	175	310
M2416_4	M225_4	261	1181	811	1465
M2416_4	M249_4	261	1312	159	286
M2416_4	M312_4	261	1408	187	331
M2416_4	M957_4	261	1351	32	56
M249_4	F11_4	261	1170	944	2851
M249_4	F153_4	261	1299	1100	3245
M249_4	F1745_4	261	1277	1225	3712
M249_4	F2427_4	261	1166	821	2485
M249_4	F819_4	261	1272	1197	3583
M249_4	F941_4	261	1228	1228	3649
M249_4	M15_4	261	1291	1076	3224
M249_4	M186_4	261	1248	825	2473
M249_4	M2002_4	261	1252	1133	3329
M249_4	M225_4	261	1267	1255	3745
M249_4	M2416_4	261	1312	268	798
M249_4	M312_4	261	1389	1247	3760
M249_4	M957_4	261	1274	555	1640
M312_4	F11_4	261	1213	54	54
M312_4	F153_4	261	1437	123	123
M312_4	F1745_4	261	1247	252	252
M312_4	F2427_4	261	1248	41	41
M312_4	F819_4	261	1167	157	157
M312_4	F941_4	261	1292	1193	1193
M312_4	M15_4	261	1281	76	76
M312_4	M186_4	261	1246	16	16
M312_4	M2002_4	261	1274	126	126
M312_4	M225_4	261	1256	681	681
M312_4	M2416_4	261	1408	2	2
M312_4	M249_4	261	1389	98	98
M312_4	M957_4	261	1311	14	14
M957_4	F11_4	261	1189	559	559
M957_4	F153_4	261	1119	655	655
M957_4	F1745_4	261	1174	957	957
M957_4	F2427_4	261	1343	461	461
M957_4	F819_4	261	1117	834	834
M957_4	F941_4	261	1229	1226	1226
M957_4	M15_4	261	1270	642	642
M957_4	M186_4	261	1272	322	322
M957_4	M2002_4	261	1197	735	735
M957_4	M225_4	261	1180	1120	1120
M957_4	M2416_4	261	1351	53	53
M957_4	M249_4	261	1274	716	716
M957_4	M312_4	261	1311	818	818
F1089_4	F1115_4	262	1328	1234	1317
F1089_4	F1413_4	262	1228	694	735
F1089_4	F2103_4	262	1245	769	818
F1089_4	F2501_4	262	1141	991	1055
F1089_4	F2743_4	262	1216	1069	1144
F1089_4	F387_4	262	1266	254	271
F1089_4	M1456_4	262	1358	794	862
F1089_4	M2197_4	262	1301	645	692
F1089_4	M2613_4	262	1143	540	576
F1089_4	M2760_4	262	1212	120	130
F1089_4	M611_4	262	1323	339	357
F1089_4	M864_4	262	1363	1260	1334
F1089_4	M877_4	262	1292	944	1007
F1115_4	F1089_4	262	1328	1138	1138
F1115_4	F1413_4	262	1249	1097	1097
F1115_4	F2103_4	262	1256	1136	1136
F1115_4	F2501_4	262	1374	1342	1342
F1115_4	F2743_4	262	1185	1161	1161
F1115_4	F387_4	262	1204	732	732
F1115_4	M1456_4	262	1253	1111	1111
F1115_4	M2197_4	262	1242	1063	1063
F1115_4	M2613_4	262	1113	933	933
F1115_4	M2760_4	262	1155	530	530
F1115_4	M611_4	262	1322	957	957
F1115_4	M864_4	262	1427	1412	1412
F1115_4	M877_4	262	1250	1180	1180
F1413_4	F1089_4	262	1228	1179	2401
F1413_4	F1115_4	262	1249	1247	2504
F1413_4	F2103_4	262	1184	1144	2364
F1413_4	F2501_4	262	1196	1189	2457
F1413_4	F2743_4	262	1366	1358	2779
F1413_4	F387_4	262	1297	1097	2209
F1413_4	M1456_4	262	1242	1191	2393
F1413_4	M2197_4	262	1166	1113	2242
F1413_4	M2613_4	262	1202	1132	2294
F1413_4	M2760_4	262	1238	893	1844
F1413_4	M611_4	262	1152	1031	2081
F1413_4	M864_4	262	1292	1287	2617
F1413_4	M877_4	262	1330	1316	2644
F2103_4	F1089_4	262	1245	831	938
F2103_4	F1115_4	262	1256	1195	1346
F2103_4	F1413_4	262	1184	836	945
F2103_4	F2501_4	262	1264	1173	1362
F2103_4	F2743_4	262	1289	1197	1369
F2103_4	F387_4	262	1387	430	486
F2103_4	M1456_4	262	1263	902	1027
F2103_4	M2197_4	262	1217	811	918
F2103_4	M2613_4	262	1245	757	860
F2103_4	M2760_4	262	1253	279	321
F2103_4	M611_4	262	1358	589	665
F2103_4	M864_4	262	1306	1244	1428
F2103_4	M877_4	262	1353	1127	1271
F2501_4	F1089_4	262	1141	902	902
F2501_4	F1115_4	262	1374	1339	1339
F2501_4	F1413_4	262	1196	1003	1003
F2501_4	F2103_4	262	1264	1031	1031
F2501_4	F2743_4	262	1361	1306	1306
F2501_4	F387_4	262	1245	547	547
F2501_4	M1456_4	262	1262	1047	1047
F2501_4	M2197_4	262	1188	935	935
F2501_4	M2613_4	262	1271	933	933
F2501_4	M2760_4	262	1209	387	387
F2501_4	M611_4	262	1210	707	707
F2501_4	M864_4	262	1363	1328	1328
F2501_4	M877_4	262	1196	1067	1067
F2743_4	F1089_4	262	1216	1146	1712
F2743_4	F1115_4	262	1185	1172	1768
F2743_4	F1413_4	262	1366	1297	2006
F2743_4	F2103_4	262	1289	1245	1881
F2743_4	F2501_4	262	1361	1352	2075
F2743_4	F387_4	262	1261	984	1532
F2743_4	M1456_4	262	1306	1245	1884
F2743_4	M2197_4	262	1247	1176	1748
F2743_4	M2613_4	262	1287	1212	1826
F2743_4	M2760_4	262	1182	758	1148
F2743_4	M611_4	262	1178	1007	1538
F2743_4	M864_4	262	1287	1283	1917
F2743_4	M877_4	262	1227	1199	1833
F387_4	F1089_4	262	1266	762	1537
F387_4	F1115_4	262	1204	1103	2278
F387_4	F1413_4	262	1297	844	1713
F387_4	F2103_4	262	1387	948	1911
F387_4	F2501_4	262	1245	1127	2272
F387_4	F2743_4	262	1261	1147	2359
F387_4	M1456_4	262	1233	838	1715
F387_4	M2197_4	262	1316	786	1634
F387_4	M2613_4	262	1214	665	1366
F387_4	M2760_4	262	1246	167	368
F387_4	M611_4	262	1276	444	941
F387_4	M864_4	262	1222	1137	2396
F387_4	M877_4	262	1270	1045	2140
M1456_4	F1089_4	262	1358	995	1152
M1456_4	F1115_4	262	1253	1214	1438
M1456_4	F1413_4	262	1242	949	1119
M1456_4	F2103_4	262	1263	991	1166
M1456_4	F2501_4	262	1262	1197	1400
M1456_4	F2743_4	262	1306	1247	1469
M1456_4	F387_4	262	1233	461	546
M1456_4	M2197_4	262	1317	957	1111
M1456_4	M2613_4	262	1294	886	1066
M1456_4	M2760_4	262	1283	324	381
M1456_4	M611_4	262	1202	619	730
M1456_4	M864_4	262	1263	1216	1453
M1456_4	M877_4	262	1148	999	1193
M2197_4	F1089_4	262	1301	303	457
M2197_4	F1115_4	262	1242	930	1424
M2197_4	F1413_4	262	1166	340	563
M2197_4	F2103_4	262	1217	366	587
M2197_4	F2501_4	262	1188	764	1199
M2197_4	F2743_4	262	1247	869	1390
M2197_4	F387_4	262	1316	93	138
M2197_4	M1456_4	262	1317	402	635
M2197_4	M2613_4	262	1416	302	476
M2197_4	M2760_4	262	1304	55	84
M2197_4	M611_4	262	1199	122	190
M2197_4	M864_4	262	1431	1125	1726
M2197_4	M877_4	262	1355	606	948
M2613_4	F1089_4	262	1143	231	373
M2613_4	F1115_4	262	1113	762	1200
M2613_4	F1413_4	262	1202	240	356
M2613_4	F2103_4	262	1245	285	413
M2613_4	F2501_4	262	1271	752	1111
M2613_4	F2743_4	262	1287	779	1140
M2613_4	F387_4	262	1214	63	97
M2613_4	M1456_4	262	1294	291	431
M2613_4	M2197_4	262	1416	244	375
M2613_4	M2760_4	262	1252	23	32
M2613_4	M611_4	262	1292	87	130
M2613_4	M864_4	262	1385	950	1471
M2613_4	M877_4	262	1392	529	805
M2760_4	F1089_4	262	1212	1098	2397
M2760_4	F1115_4	262	1155	1137	2439
M2760_4	F1413_4	262	1238	1130	2441
M2760_4	F2103_4	262	1253	1160	2527
M2760_4	F2501_4	262	1209	1197	2586
M2760_4	F2743_4	262	1182	1168	2546
M2760_4	F387_4	262	1246	835	1789
M2760_4	M1456_4	262	1283	1197	2526
M2760_4	M2197_4	262	1304	1156	2536
M2760_4	M2613_4	262	1252	1107	2465
M2760_4	M611_4	262	1209	952	2073
M2760_4	M864_4	262	1275	1261	2787
M2760_4	M877_4	262	1319	1278	2724
M611_4	F1089_4	262	1323	331	575
M611_4	F1115_4	262	1322	1030	1783
M611_4	F1413_4	262	1152	321	565
M611_4	F2103_4	262	1358	415	736
M611_4	F2501_4	262	1210	832	1424
M611_4	F2743_4	262	1178	792	1363
M611_4	F387_4	262	1276	70	122
M611_4	M1456_4	262	1202	316	564
M611_4	M2197_4	262	1199	290	482
M611_4	M2613_4	262	1292	271	459
M611_4	M2760_4	262	1209	50	85
M611_4	M864_4	262	1265	1003	1748
M611_4	M877_4	262	1232	531	944
M864_4	F1089_4	262	1363	61	61
M864_4	F1115_4	262	1427	404	404
M864_4	F1413_4	262	1292	62	62
M864_4	F2103_4	262	1306	66	66
M864_4	F2501_4	262	1363	266	266
M864_4	F2743_4	262	1287	262	262
M864_4	F387_4	262	1222	10	10
M864_4	M1456_4	262	1263	58	58
M864_4	M2197_4	262	1431	49	49
M864_4	M2613_4	262	1385	57	57
M864_4	M2760_4	262	1275	9	9
M864_4	M611_4	262	1265	15	15
M864_4	M877_4	262	1299	104	104
M877_4	F1089_4	262	1292	450	833
M877_4	F1115_4	262	1250	1075	1957
M877_4	F1413_4	262	1330	528	1001
M877_4	F2103_4	262	1353	552	1028
M877_4	F2501_4	262	1196	921	1749
M877_4	F2743_4	262	1227	950	1760
M877_4	F387_4	262	1270	129	217
M877_4	M1456_4	262	1148	442	823
M877_4	M2197_4	262	1355	470	844
M877_4	M2613_4	262	1392	405	757
M877_4	M2760_4	262	1319	64	115
M877_4	M611_4	262	1232	208	371
M877_4	M864_4	262	1299	1123	2114
F1078_4	F189_4	263	1378	450	850
F1078_4	F2361_4	263	1093	241	460
F1078_4	F2552_4	263	1155	11	21
F1078_4	F2609_4	263	1279	176	339
F1078_4	F925_4	263	1274	561	1085
F1078_4	M1141_4	263	1270	383	736
F1078_4	M2608_4	263	1219	444	880
F1078_4	M2630_4	263	1156	618	1192
F1078_4	M277_4	263	1236	897	1712
F1078_4	M2_4	263	1221	54	95
F1078_4	M356_4	263	1287	708	1403
F1078_4	M402_4	263	1152	556	1040
F1078_4	M73_4	263	1203	255	459
F189_4	F1078_4	263	1378	553	876
F189_4	F2361_4	263	1146	349	561
F189_4	F2552_4	263	1183	11	16
F189_4	F2609_4	263	1247	270	429
F189_4	F925_4	263	1258	768	1192
F189_4	M1141_4	263	1430	572	886
F189_4	M2608_4	263	1182	603	928
F189_4	M2630_4	263	1325	867	1357
F189_4	M277_4	263	1110	889	1408
F189_4	M2_4	263	1221	92	140
F189_4	M356_4	263	1141	793	1236
F189_4	M402_4	263	1197	738	1155
F189_4	M73_4	263	1344	448	710
F2361_4	F1078_4	263	1093	866	866
F2361_4	F189_4	263	1146	956	956
F2361_4	F2552_4	263	1373	126	126
F2361_4	F2609_4	263	1365	849	849
F2361_4	F925_4	263	1282	1139	1139
F2361_4	M1141_4	263	1269	1009	1009
F2361_4	M2608_4	263	1137	960	960
F2361_4	M2630_4	263	1185	1087	1087
F2361_4	M277_4	263	1156	1111	1111
F2361_4	M2_4	263	1311	382	382
F2361_4	M356_4	263	1266	1159	1159
F2361_4	M402_4	263	1357	1236	1236
F2361_4	M73_4	263	1337	962	962
F2552_4	F1078_4	263	1155	720	720
F2552_4	F189_4	263	1183	774	774
F2552_4	F2361_4	263	1373	684	684
F2552_4	F2609_4	263	1234	464	464
F2552_4	F925_4	263	1425	1105	1105
F2552_4	M1141_4	263	1347	818	818
F2552_4	M2608_4	263	1235	830	830
F2552_4	M2630_4	263	1122	903	903
F2552_4	M277_4	263	1326	1197	1197
F2552_4	M2_4	263	1175	169	169
F2552_4	M356_4	263	1103	912	912
F2552_4	M402_4	263	1417	1133	1133
F2552_4	M73_4	263	1258	654	654
F2609_4	F1078_4	263	1279	451	451
F2609_4	F189_4	263	1247	525	525
F2609_4	F2361_4	263	1365	375	375
F2609_4	F2552_4	263	1234	13	13
F2609_4	F925_4	263	1285	665	665
F2609_4	M1141_4	263	1249	426	426
F2609_4	M2608_4	263	1119	492	492
F2609_4	M2630_4	263	1162	706	706
F2609_4	M277_4	263	1293	1017	1017
F2609_4	M2_4	263	1302	84	84
F2609_4	M356_4	263	1165	738	738
F2609_4	M402_4	263	1225	701	701
F2609_4	M73_4	263	1370	391	391
F925_4	F1078_4	263	1274	153	153
F925_4	F189_4	263	1258	197	197
F925_4	F2361_4	263	1282	96	96
F925_4	F2552_4	263	1425	4	4
F925_4	F2609_4	263	1285	57	57
F925_4	M1141_4	263	1209	135	135
F925_4	M2608_4	263	1279	210	210
F925_4	M2630_4	263	1260	330	330
F925_4	M277_4	263	1307	570	570
F925_4	M2_4	263	1305	17	17
F925_4	M356_4	263	1209	313	313
F925_4	M402_4	263	1371	313	313
F925_4	M73_4	263	1204	89	89
M1141_4	F1078_4	263	1270	322	578
M1141_4	F189_4	263	1430	407	721
M1141_4	F2361_4	263	1269	227	423
M1141_4	F2552_4	263	1347	11	14
M1141_4	F2609_4	263	1249	140	243
M1141_4	F925_4	263	1209	459	820
M1141_4	M2608_4	263	1249	428	739
M1141_4	M2630_4	263	1251	603	1088
M1141_4	M277_4	263	1235	854	1447
M1141_4	M2_4	263	1221	49	99
M1141_4	M356_4	263	1233	617	1117
M1141_4	M402_4	263	1259	529	947
M1141_4	M73_4	263	1451	291	487
M2608_4	F1078_4	263	1219	344	344
M2608_4	F189_4	263	1182	373	373
M2608_4	F2361_4	263	1137	239	239
M2608_4	F2552_4	263	1235	10	10
M2608_4	F2609_4	263	1119	148	148
M2608_4	F925_4	263	1279	576	576
M2608_4	M1141_4	263	1249	348	348
M2608_4	M2630_4	263	1397	738	738
M2608_4	M277_4	263	1351	983	983
M2608_4	M2_4	263	1323	58	58
M2608_4	M356_4	263	1238	717	717
M2608_4	M402_4	263	1333	627	627
M2608_4	M73_4	263	1027	227	227
M2630_4	F1078_4	263	1156	182	182
M2630_4	F189_4	263	1325	257	257
M2630_4	F2361_4	263	1185	127	127
M2630_4	F2552_4	263	1122	6	6
M2630_4	F2609_4	263	1162	71	71
M2630_4	F925_4	263	1260	381	381
M2630_4	M1141_4	263	1251	185	185
M2630_4	M2608_4	263	1397	305	305
M2630_4	M277_4	263	1234	688	688
M2630_4	M2_4	263	1216	32	32
M2630_4	M356_4	263	1231	430	430
M2630_4	M402_4	263	1271	394	394
M2630_4	M73_4	263	1422	171	171
M277_4	F1078_4	263	1236	920	920
M277_4	F189_4	263	1110	837	837
M277_4	F2361_4	263	1156	743	743
M277_4	F2552_4	263	1326	85	85
M277_4	F2609_4	263	1293	671	671
M277_4	F925_4	263	1307	1103	1103
M277_4	M1141_4	263	1235	904	904
M277_4	M2608_4	263	1351	1044	1044
M277_4	M2630_4	263	1234	1069	1069
M277_4	M2_4	263	1391	310	310
M277_4	M356_4	263	1401	1224	1224
M277_4	M402_4	263	1261	1094	1094
M277_4	M73_4	263	1204	780	780
M2_4	F1078_4	263	1221	445	445
M2_4	F189_4	263	1221	512	512
M2_4	F2361_4	263	1311	354	354
M2_4	F2552_4	263	1175	16	16
M2_4	F2609_4	263	1302	221	221
M2_4	F925_4	263	1305	665	665
M2_4	M1141_4	263	1221	422	422
M2_4	M2608_4	263	1323	560	560
M2_4	M2630_4	263	1216	733	733
M2_4	M277_4	263	1391	1080	1080
M2_4	M356_4	263	1174	732	732
M2_4	M402_4	263	1328	760	760
M2_4	M73_4	263	1144	327	327
M356_4	F1078_4	263	1287	519	519
M356_4	F189_4	263	1141	545	545
M356_4	F2361_4	263	1266	383	383
M356_4	F2552_4	263	1103	14	14
M356_4	F2609_4	263	1165	215	215
M356_4	F925_4	263	1209	687	687
M356_4	M1141_4	263	1233	472	472
M356_4	M2608_4	263	1238	593	593
M356_4	M2630_4	263	1231	764	764
M356_4	M277_4	263	1401	1124	1124
M356_4	M2_4	263	1174	90	90
M356_4	M402_4	263	1400	866	866
M356_4	M73_4	263	1246	384	384
M402_4	F1078_4	263	1152	239	239
M402_4	F189_4	263	1197	269	269
M402_4	F2361_4	263	1357	170	170
M402_4	F2552_4	263	1417	6	6
M402_4	F2609_4	263	1225	95	95
M402_4	F925_4	263	1371	437	437
M402_4	M1141_4	263	1259	217	217
M402_4	M2608_4	263	1333	311	311
M402_4	M2630_4	263	1271	469	469
M402_4	M277_4	263	1261	725	725
M402_4	M2_4	263	1328	29	29
M402_4	M356_4	263	1400	513	513
M402_4	M73_4	263	1171	161	161
M73_4	F1078_4	263	1203	1065	1065
M73_4	F189_4	263	1344	1227	1227
M73_4	F2361_4	263	1337	1124	1124
M73_4	F2552_4	263	1258	176	176
M73_4	F2609_4	263	1370	996	996
M73_4	F925_4	263	1204	1129	1129
M73_4	M1141_4	263	1451	1274	1274
M73_4	M2608_4	263	1027	938	938
M73_4	M2630_4	263	1422	1346	1346
M73_4	M277_4	263	1204	1172	1172
M73_4	M2_4	263	1144	506	506
M73_4	M356_4	263	1246	1197	1197
M73_4	M402_4	263	1171	1112	1112
F1182_4	F1574_4	264	1320	1270	1270
F1182_4	F1702_4	264	1220	183	183
F1182_4	F1854_4	264	1176	845	845
F1182_4	F2425_4	264	1283	55	55
F1182_4	F600_4	264	1307	1092	1092
F1182_4	F735_4	264	1302	545	545
F1182_4	F736_4	264	1205	776	776
F1182_4	M1192_4	264	1300	483	483
F1182_4	M1416_4	264	1209	934	934
F1182_4	M2347_4	264	1260	73	73
F1182_4	M2626_4	264	1280	15	15
F1182_4	M561_4	264	1209	1086	1086
F1182_4	M58_4	264	1511	829	829
F1574_4	F1182_4	264	1320	25	73
F1574_4	F1702_4	264	1346	43	116
F1574_4	F1854_4	264	1142	303	817
F1574_4	F2425_4	264	1300	9	17
F1574_4	F600_4	264	1257	574	1582
F1574_4	F735_4	264	1147	109	260
F1574_4	F736_4	264	1234	244	640
F1574_4	M1192_4	264	1386	99	266
F1574_4	M1416_4	264	1344	423	1111
F1574_4	M2347_4	264	1384	12	31
F1574_4	M2626_4	264	1184	2	8
F1574_4	M561_4	264	1343	708	1912
F1574_4	M58_4	264	1303	191	494
F1702_4	F1182_4	264	1220	311	311
F1702_4	F1574_4	264	1346	1320	1320
F1702_4	F1854_4	264	1302	1128	1128
F1702_4	F2425_4	264	1274	133	133
F1702_4	F600_4	264	1345	1259	1259
F1702_4	F735_4	264	1318	876	876
F1702_4	F736_4	264	1106	890	890
F1702_4	M1192_4	264	1239	688	688
F1702_4	M1416_4	264	1318	1173	1173
F1702_4	M2347_4	264	1222	196	196
F1702_4	M2626_4	264	1237	62	62
F1702_4	M561_4	264	1211	1148	1148
F1702_4	M58_4	264	1196	919	919
F1854_4	F1182_4	264	1176	366	1071
F1854_4	F1574_4	264	1142	1127	3104
F1854_4	F1702_4	264	1302	461	1314
F1854_4	F2425_4	264	1255	156	442
F1854_4	F600_4	264	1218	1154	3166
F1854_4	F735_4	264	1237	867	2475
F1854_4	F736_4	264	1195	1008	2794
F1854_4	M1192_4	264	1235	752	2073
F1854_4	M1416_4	264	1348	1233	3396
F1854_4	M2347_4	264	1308	257	732
F1854_4	M2626_4	264	1314	59	212
F1854_4	M561_4	264	1351	1299	3583
F1854_4	M58_4	264	1076	849	2374
F2425_4	F1182_4	264	1283	984	4072
F2425_4	F1574_4	264	1300	1297	5259
F2425_4	F1702_4	264	1274	1005	4093
F2425_4	F1854_4	264	1255	1239	5114
F2425_4	F600_4	264	1406	1397	5776
F2425_4	F735_4	264	1380	1304	5387
F2425_4	F736_4	264	1167	1138	4752
F2425_4	M1192_4	264	1153	1070	4444
F2425_4	M1416_4	264	1307	1288	5268
F2425_4	M2347_4	264	1256	791	3219
F2425_4	M2626_4	264	1246	315	1300
F2425_4	M561_4	264	1315	1304	5471
F2425_4	M58_4	264	1078	1044	4338
F600_4	F1182_4	264	1307	107	448
F600_4	F1574_4	264	1257	1164	4775
F600_4	F1702_4	264	1345	113	462
F600_4	F1854_4	264	1218	705	2946
F600_4	F2425_4	264	1406	36	145
F600_4	F735_4	264	1376	407	1765
F600_4	F736_4	264	1458	713	2924
F600_4	M1192_4	264	1254	280	1188
F600_4	M1416_4	264	1372	881	3654
F600_4	M2347_4	264	1404	54	219
F600_4	M2626_4	264	1270	4	14
F600_4	M561_4	264	1191	971	4063
F600_4	M58_4	264	1146	462	1904
F735_4	F1182_4	264	1302	50	50
F735_4	F1574_4	264	1147	1008	1008
F735_4	F1702_4	264	1318	72	72
F735_4	F1854_4	264	1237	478	478
F735_4	F2425_4	264	1380	18	18
F735_4	F600_4	264	1376	819	819
F735_4	F736_4	264	1069	328	328
F735_4	M1192_4	264	1254	149	149
F735_4	M1416_4	264	1240	561	561
F735_4	M2347_4	264	1269	21	21
F735_4	M2626_4	264	1193	8	8
F735_4	M561_4	264	1275	892	892
F735_4	M58_4	264	1273	319	319
F736_4	F1182_4	264	1205	13	15
F736_4	F1574_4	264	1234	857	959
F736_4	F1702_4	264	1106	16	18
F736_4	F1854_4	264	1195	254	288
F736_4	F2425_4	264	1167	4	4
F736_4	F600_4	264	1458	517	577
F736_4	F735_4	264	1069	78	88
F736_4	M1192_4	264	1274	57	63
F736_4	M1416_4	264	1191	300	335
F736_4	M2347_4	264	1253	4	5
F736_4	M2626_4	264	1255	1	1
F736_4	M561_4	264	1188	558	635
F736_4	M58_4	264	1128	138	151
M1192_4	F1182_4	264	1300	225	402
M1192_4	F1574_4	264	1386	1339	2475
M1192_4	F1702_4	264	1239	270	474
M1192_4	F1854_4	264	1235	994	1788
M1192_4	F2425_4	264	1153	61	112
M1192_4	F600_4	264	1254	1121	2107
M1192_4	F735_4	264	1254	662	1244
M1192_4	F736_4	264	1274	893	1630
M1192_4	M1416_4	264	1403	1156	2090
M1192_4	M2347_4	264	1294	126	230
M1192_4	M2626_4	264	1193	28	49
M1192_4	M561_4	264	1457	1324	2386
M1192_4	M58_4	264	1324	829	1484
M1416_4	F1182_4	264	1209	13	13
M1416_4	F1574_4	264	1344	884	884
M1416_4	F1702_4	264	1318	16	16
M1416_4	F1854_4	264	1348	240	240
M1416_4	F2425_4	264	1307	5	5
M1416_4	F600_4	264	1372	433	433
M1416_4	F735_4	264	1240	67	67
M1416_4	F736_4	264	1191	131	131
M1416_4	M1192_4	264	1403	63	63
M1416_4	M2347_4	264	1302	11	11
M1416_4	M2626_4	264	1185	3	3
M1416_4	M561_4	264	1181	484	484
M1416_4	M58_4	264	1197	119	119
M2347_4	F1182_4	264	1260	249	453
M2347_4	F1574_4	264	1384	1351	2552
M2347_4	F1702_4	264	1222	290	545
M2347_4	F1854_4	264	1308	1085	2018
M2347_4	F2425_4	264	1256	89	174
M2347_4	F600_4	264	1404	1272	2402
M2347_4	F735_4	264	1269	727	1337
M2347_4	F736_4	264	1253	936	1767
M2347_4	M1192_4	264	1294	645	1226
M2347_4	M1416_4	264	1302	1083	2006
M2347_4	M2626_4	264	1304	26	51
M2347_4	M561_4	264	1298	1213	2320
M2347_4	M58_4	264	1226	817	1552
M2626_4	F1182_4	264	1280	280	873
M2626_4	F1574_4	264	1184	1154	3548
M2626_4	F1702_4	264	1237	318	1001
M2626_4	F1854_4	264	1314	1090	3324
M2626_4	F2425_4	264	1246	108	342
M2626_4	F600_4	264	1270	1170	3534
M2626_4	F735_4	264	1193	703	2190
M2626_4	F736_4	264	1255	967	2969
M2626_4	M1192_4	264	1193	620	1868
M2626_4	M1416_4	264	1185	997	3094
M2626_4	M2347_4	264	1304	147	449
M2626_4	M561_4	264	1180	1112	3406
M2626_4	M58_4	264	1233	858	2624
M561_4	F1182_4	264	1209	339	537
M561_4	F1574_4	264	1343	1325	2019
M561_4	F1702_4	264	1211	386	609
M561_4	F1854_4	264	1351	1179	1831
M561_4	F2425_4	264	1315	139	212
M561_4	F600_4	264	1191	1117	1717
M561_4	F735_4	264	1275	860	1357
M561_4	F736_4	264	1188	977	1524
M561_4	M1192_4	264	1457	867	1325
M561_4	M1416_4	264	1181	1048	1639
M561_4	M2347_4	264	1298	196	298
M561_4	M2626_4	264	1180	55	84
M561_4	M58_4	264	1164	899	1380
M58_4	F1182_4	264	1511	79	79
M58_4	F1574_4	264	1303	1154	1154
M58_4	F1702_4	264	1196	63	63
M58_4	F1854_4	264	1076	462	462
M58_4	F2425_4	264	1078	13	13
M58_4	F600_4	264	1146	712	712
M58_4	F735_4	264	1273	265	265
M58_4	F736_4	264	1128	375	375
M58_4	M1192_4	264	1324	200	200
M58_4	M1416_4	264	1197	616	616
M58_4	M2347_4	264	1226	24	24
M58_4	M2626_4	264	1233	3	3
M58_4	M561_4	264	1164	824	824
F1116_4	F1521_4	265	1226	1070	1070
F1116_4	F1763_4	265	1262	682	682
F1116_4	F1874_4	265	1305	288	288
F1116_4	F2171_4	265	1162	997	997
F1116_4	F2294_4	265	1243	408	408
F1116_4	F268_4	265	1344	939	939
F1116_4	F26_4	265	1403	919	919
F1116_4	F765_4	265	1289	1063	1063
F1116_4	M1620_4	265	1367	1174	1174
F1116_4	M2434_4	265	1340	319	319
F1116_4	M2446_4	265	1261	396	396
F1116_4	M396_4	265	1102	402	402
F1116_4	M930_4	265	1284	905	905
F1521_4	F1116_4	265	1226	25	92
F1521_4	F1763_4	265	1336	418	1434
F1521_4	F1874_4	265	1260	101	336
F1521_4	F2171_4	265	1197	832	2755
F1521_4	F2294_4	265	1321	212	705
F1521_4	F268_4	265	1326	633	2150
F1521_4	F26_4	265	1113	517	1760
F1521_4	F765_4	265	1391	879	2962
F1521_4	M1620_4	265	1324	911	3050
F1521_4	M2434_4	265	1236	124	425
F1521_4	M2446_4	265	1178	188	654
F1521_4	M396_4	265	1424	243	824
F1521_4	M930_4	265	1063	515	1787
F1763_4	F1116_4	265	1262	30	72
F1763_4	F1521_4	265	1336	1039	2645
F1763_4	F1874_4	265	1402	170	418
F1763_4	F2171_4	265	1343	1000	2490
F1763_4	F2294_4	265	1370	259	647
F1763_4	F268_4	265	1251	714	1785
F1763_4	F26_4	265	1152	558	1385
F1763_4	F765_4	265	1274	884	2174
F1763_4	M1620_4	265	1168	898	2228
F1763_4	M2434_4	265	1228	192	461
F1763_4	M2446_4	265	1246	250	635
F1763_4	M396_4	265	1265	295	734
F1763_4	M930_4	265	1193	674	1630
F1874_4	F1116_4	265	1305	327	742
F1874_4	F1521_4	265	1260	1238	2866
F1874_4	F1763_4	265	1402	1248	2884
F1874_4	F2171_4	265	1445	1412	3153
F1874_4	F2294_4	265	1285	1004	2290
F1874_4	F268_4	265	1228	1154	2635
F1874_4	F26_4	265	1318	1246	2815
F1874_4	F765_4	265	1236	1196	2819
F1874_4	M1620_4	265	1287	1246	2853
F1874_4	M2434_4	265	1319	962	2175
F1874_4	M2446_4	265	1379	1072	2472
F1874_4	M396_4	265	1343	1078	2454
F1874_4	M930_4	265	1492	1403	3187
F2171_4	F1116_4	265	1162	16	16
F2171_4	F1521_4	265	1197	696	696
F2171_4	F1763_4	265	1343	258	258
F2171_4	F1874_4	265	1445	74	74
F2171_4	F2294_4	265	1222	100	100
F2171_4	F268_4	265	1246	360	360
F2171_4	F26_4	265	1289	380	380
F2171_4	F765_4	265	1344	665	665
F2171_4	M1620_4	265	1173	620	620
F2171_4	M2434_4	265	1236	77	77
F2171_4	M2446_4	265	1237	87	87
F2171_4	M396_4	265	1241	104	104
F2171_4	M930_4	265	1263	405	405
F2294_4	F1116_4	265	1243	2	7
F2294_4	F1521_4	265	1321	225	592
F2294_4	F1763_4	265	1370	43	129
F2294_4	F1874_4	265	1285	9	27
F2294_4	F2171_4	265	1222	169	452
F2294_4	F268_4	265	1286	77	185
F2294_4	F26_4	265	1214	69	185
F2294_4	F765_4	265	1451	187	481
F2294_4	M1620_4	265	1228	173	423
F2294_4	M2434_4	265	1210	17	44
F2294_4	M2446_4	265	1265	17	42
F2294_4	M396_4	265	1268	23	62
F2294_4	M930_4	265	1232	83	239
F268_4	F1116_4	265	1344	6	10
F268_4	F1521_4	265	1326	587	1068
F268_4	F1763_4	265	1251	133	226
F268_4	F1874_4	265	1228	37	71
F268_4	F2171_4	265	1246	447	812
F268_4	F2294_4	265	1286	63	113
F268_4	F26_4	265	1291	202	342
F268_4	F765_4	265	1216	373	666
F268_4	M1620_4	265	1233	477	842
F268_4	M2434_4	265	1461	42	75
F268_4	M2446_4	265	1196	57	103
F268_4	M396_4	265	1323	69	126
F268_4	M930_4	265	1342	250	463
F26_4	F1116_4	265	1403	16	16
F26_4	F1521_4	265	1113	739	739
F26_4	F1763_4	265	1152	250	250
F26_4	F1874_4	265	1318	78	78
F26_4	F2171_4	265	1289	736	736
F26_4	F2294_4	265	1214	119	119
F26_4	F268_4	265	1291	463	463
F26_4	F765_4	265	1386	748	748
F26_4	M1620_4	265	1265	767	767
F26_4	M2434_4	265	1276	121	121
F26_4	M2446_4	265	1201	127	127
F26_4	M396_4	265	1178	151	151
F26_4	M930_4	265	1272	510	510
F765_4	F1116_4	265	1289	24	32
F765_4	F1521_4	265	1391	1054	1402
F765_4	F1763_4	265	1274	402	531
F765_4	F1874_4	265	1236	112	136
F765_4	F2171_4	265	1344	964	1309
F765_4	F2294_4	265	1451	233	298
F765_4	F268_4	265	1216	564	733
F765_4	F26_4	265	1386	648	873
F765_4	M1620_4	265	1224	884	1217
F765_4	M2434_4	265	1196	145	197
F765_4	M2446_4	265	1316	203	259
F765_4	M396_4	265	1334	275	376
F765_4	M930_4	265	1198	603	781
M1620_4	F1116_4	265	1367	71	71
M1620_4	F1521_4	265	1324	1170	1170
M1620_4	F1763_4	265	1168	686	686
M1620_4	F1874_4	265	1287	294	294
M1620_4	F2171_4	265	1173	1024	1024
M1620_4	F2294_4	265	1228	418	418
M1620_4	F268_4	265	1233	900	900
M1620_4	F26_4	265	1265	903	903
M1620_4	F765_4	265	1224	1021	1021
M1620_4	M2434_4	265	1400	417	417
M1620_4	M2446_4	265	1180	426	426
M1620_4	M396_4	265	1351	524	524
M1620_4	M930_4	265	1192	884	884
M2434_4	F1116_4	265	1340	46	142
M2434_4	F1521_4	265	1236	1031	3288
M2434_4	F1763_4	265	1228	583	1809
M2434_4	F1874_4	265	1319	203	621
M2434_4	F2171_4	265	1236	1004	3160
M2434_4	F2294_4	265	1210	341	1077
M2434_4	F268_4	265	1461	949	2952
M2434_4	F26_4	265	1276	771	2357
M2434_4	F765_4	265	1196	944	2855
M2434_4	M1620_4	265	1400	1147	3531
M2434_4	M2446_4	265	1371	355	1140
M2434_4	M396_4	265	1310	409	1250
M2434_4	M930_4	265	1247	827	2560
M2446_4	F1116_4	265	1261	6	6
M2446_4	F1521_4	265	1178	543	543
M2446_4	F1763_4	265	1246	145	145
M2446_4	F1874_4	265	1379	40	40
M2446_4	F2171_4	265	1237	471	471
M2446_4	F2294_4	265	1265	53	53
M2446_4	F268_4	265	1196	265	265
M2446_4	F26_4	265	1201	249	249
M2446_4	F765_4	265	1316	436	436
M2446_4	M1620_4	265	1180	474	474
M2446_4	M2434_4	265	1371	58	58
M2446_4	M396_4	265	1505	96	96
M2446_4	M930_4	265	1086	249	249
M396_4	F1116_4	265	1102	20	20
M396_4	F1521_4	265	1424	1065	1106
M396_4	F1763_4	265	1265	426	441
M396_4	F1874_4	265	1343	151	155
M396_4	F2171_4	265	1241	879	920
M396_4	F2294_4	265	1268	215	224
M396_4	F268_4	265	1323	714	759
M396_4	F26_4	265	1178	595	618
M396_4	F765_4	265	1334	905	939
M396_4	M1620_4	265	1351	998	1043
M396_4	M2434_4	265	1310	171	179
M396_4	M2446_4	265	1505	295	300
M396_4	M930_4	265	1213	668	689
M930_4	F1116_4	265	1284	13	13
M930_4	F1521_4	265	1063	640	640
M930_4	F1763_4	265	1193	255	255
M930_4	F1874_4	265	1492	72	72
M930_4	F2171_4	265	1263	664	664
M930_4	F2294_4	265	1232	101	101
M930_4	F268_4	265	1342	423	423
M930_4	F26_4	265	1272	392	392
M930_4	F765_4	265	1198	564	564
M930_4	M1620_4	265	1192	675	675
M930_4	M2434_4	265	1247	87	87
M930_4	M2446_4	265	1086	93	93
M930_4	M396_4	265	1213	128	128
F1335_4	F1359_4	266	1174	280	280
F1335_4	F1689_4	266	1098	1031	1031
F1335_4	F1949_4	266	1174	1115	1115
F1335_4	F200_4	266	1260	1087	1087
F1335_4	F2146_4	266	1236	744	744
F1335_4	F2645_4	266	1380	771	771
F1335_4	F264_4	266	1218	939	939
F1335_4	F633_4	266	1310	1009	1009
F1335_4	M115_4	266	1354	962	962
F1335_4	M1750_4	266	1298	132	132
F1335_4	M1776_4	266	1383	125	125
F1335_4	M2021_4	266	1325	1312	1312
F1335_4	M811_4	266	1228	256	256
F1359_4	F1335_4	266	1174	100	100
F1359_4	F1689_4	266	1222	1033	1033
F1359_4	F1949_4	266	1369	1171	1171
F1359_4	F200_4	266	1275	871	871
F1359_4	F2146_4	266	1249	364	364
F1359_4	F2645_4	266	1298	312	312
F1359_4	F264_4	266	1260	640	640
F1359_4	F633_4	266	1354	645	645
F1359_4	M115_4	266	1407	601	601
F1359_4	M1750_4	266	1226	34	34
F1359_4	M1776_4	266	1394	43	43
F1359_4	M2021_4	266	1312	1264	1264
F1359_4	M811_4	266	1287	100	100
F1689_4	F1335_4	266	1098	195	195
F1689_4	F1359_4	266	1222	181	181
F1689_4	F1949_4	266	1326	1220	1220
F1689_4	F200_4	266	1224	966	966
F1689_4	F2146_4	266	1291	587	587
F1689_4	F2645_4	266	1192	450	450
F1689_4	F264_4	266	1355	883	883
F1689_4	F633_4	266	1084	703	703
F1689_4	M115_4	266	1288	724	724
F1689_4	M1750_4	266	1171	67	67
F1689_4	M1776_4	266	1419	67	67
F1689_4	M2021_4	266	1145	1114	1114
F1689_4	M811_4	266	1334	177	177
F1949_4	F1335_4	266	1174	680	836
F1949_4	F1359_4	266	1369	769	977
F1949_4	F1689_4	266	1326	1308	1640
F1949_4	F200_4	266	1191	1151	1378
F1949_4	F2146_4	266	1207	1063	1281
F1949_4	F2645_4	266	1352	1155	1398
F1949_4	F264_4	266	1220	1154	1406
F1949_4	F633_4	266	1198	1120	1377
F1949_4	M115_4	266	1372	1265	1556
F1949_4	M1750_4	266	1340	422	520
F1949_4	M1776_4	266	1120	339	415
F1949_4	M2021_4	266	1286	1281	1546
F1949_4	M811_4	266	1337	733	902
F200_4	F1335_4	266	1260	462	462
F200_4	F1359_4	266	1275	423	423
F200_4	F1689_4	266	1224	1181	1181
F200_4	F1949_4	266	1191	1159	1159
F200_4	F2146_4	266	1146	815	815
F200_4	F2645_4	266	1226	840	840
F200_4	F264_4	266	1205	1030	1030
F200_4	F633_4	266	1203	996	996
F200_4	M115_4	266	1317	1058	1058
F200_4	M1750_4	266	1372	195	195
F200_4	M1776_4	266	1242	176	176
F200_4	M2021_4	266	1300	1292	1292
F200_4	M811_4	266	1204	398	398
F2146_4	F1335_4	266	1236	171	570
F2146_4	F1359_4	266	1249	163	536
F2146_4	F1689_4	266	1291	1138	3556
F2146_4	F1949_4	266	1207	1100	3491
F2146_4	F200_4	266	1146	885	2899
F2146_4	F2645_4	266	1345	487	1584
F2146_4	F264_4	266	1253	777	2545
F2146_4	F633_4	266	1259	786	2500
F2146_4	M115_4	266	1356	746	2336
F2146_4	M1750_4	266	1258	47	141
F2146_4	M1776_4	266	1273	63	196
F2146_4	M2021_4	266	1204	1168	3720
F2146_4	M811_4	266	1322	151	480
F2645_4	F1335_4	266	1380	636	1891
F2645_4	F1359_4	266	1298	502	1469
F2645_4	F1689_4	266	1192	1159	3404
F2645_4	F1949_4	266	1352	1320	3846
F2645_4	F200_4	266	1226	1161	3393
F2645_4	F2146_4	266	1345	1054	3128
F2645_4	F264_4	266	1381	1219	3584
F2645_4	F633_4	266	1212	1048	3025
F2645_4	M115_4	266	1392	1191	3461
F2645_4	M1750_4	266	1290	227	680
F2645_4	M1776_4	266	1275	213	594
F2645_4	M2021_4	266	1290	1284	3774
F2645_4	M811_4	266	1334	449	1350
F264_4	F1335_4	266	1218	116	447
F264_4	F1359_4	266	1260	67	265
F264_4	F1689_4	266	1355	1078	4321
F264_4	F1949_4	266	1220	1019	4167
F264_4	F200_4	266	1205	766	3127
F264_4	F2146_4	266	1253	339	1417
F264_4	F2645_4	266	1381	297	1203
F264_4	F633_4	266	1184	534	2230
F264_4	M115_4	266	1358	470	1886
F264_4	M1750_4	266	1181	33	128
F264_4	M1776_4	266	1173	30	108
F264_4	M2021_4	266	1271	1222	4930
F264_4	M811_4	266	1363	84	328
F633_4	F1335_4	266	1310	459	490
F633_4	F1359_4	266	1354	414	433
F633_4	F1689_4	266	1084	1033	1088
F633_4	F1949_4	266	1198	1159	1214
F633_4	F200_4	266	1203	1092	1152
F633_4	F2146_4	266	1259	842	888
F633_4	F2645_4	266	1212	793	845
F633_4	F264_4	266	1184	1003	1064
F633_4	M115_4	266	1255	957	1015
F633_4	M1750_4	266	1144	139	146
F633_4	M1776_4	266	1199	123	126
F633_4	M2021_4	266	1172	1165	1234
F633_4	M811_4	266	1171	317	334
M115_4	F1335_4	266	1354	360	1089
M115_4	F1359_4	266	1407	308	952
M115_4	F1689_4	266	1288	1231	3715
M115_4	F1949_4	266	1372	1298	3920
M115_4	F200_4	266	1317	1178	3566
M115_4	F2146_4	266	1356	838	2597
M115_4	F2645_4	266	1392	765	2267
M115_4	F264_4	266	1358	1062	3222
M115_4	F633_4	266	1255	958	2856
M115_4	M1750_4	266	1257	106	329
M115_4	M1776_4	266	1212	86	239
M115_4	M2021_4	266	1218	1202	3618
M115_4	M811_4	266	1364	281	838
M1750_4	F1335_4	266	1298	30	64
M1750_4	F1359_4	266	1226	33	70
M1750_4	F1689_4	266	1171	616	1226
M1750_4	F1949_4	266	1340	798	1596
M1750_4	F200_4	266	1372	477	957
M1750_4	F2146_4	266	1258	112	243
M1750_4	F2645_4	266	1290	98	206
M1750_4	F264_4	266	1181	263	533
M1750_4	F633_4	266	1144	233	481
M1750_4	M115_4	266	1257	191	359
M1750_4	M1776_4	266	1153	9	16
M1750_4	M2021_4	266	1407	1204	2396
M1750_4	M811_4	266	1268	22	44
M1776_4	F1335_4	266	1383	667	1533
M1776_4	F1359_4	266	1394	613	1451
M1776_4	F1689_4	266	1419	1380	3224
M1776_4	F1949_4	266	1120	1099	2649
M1776_4	F200_4	266	1242	1192	2833
M1776_4	F2146_4	266	1273	1017	2390
M1776_4	F2645_4	266	1275	977	2280
M1776_4	F264_4	266	1173	1066	2477
M1776_4	F633_4	266	1199	1066	2570
M1776_4	M115_4	266	1212	1044	2427
M1776_4	M1750_4	266	1153	270	669
M1776_4	M2021_4	266	1364	1360	3225
M1776_4	M811_4	266	1414	610	1390
M2021_4	F1335_4	266	1325	240	328
M2021_4	F1359_4	266	1312	220	296
M2021_4	F1689_4	266	1145	1057	1419
M2021_4	F1949_4	266	1286	1214	1624
M2021_4	F200_4	266	1300	1065	1402
M2021_4	F2146_4	266	1204	621	831
M2021_4	F2645_4	266	1290	604	814
M2021_4	F264_4	266	1271	923	1261
M2021_4	F633_4	266	1172	798	1067
M2021_4	M115_4	266	1218	763	1050
M2021_4	M1750_4	266	1407	84	101
M2021_4	M1776_4	266	1364	78	106
M2021_4	M811_4	266	1107	156	210
M811_4	F1335_4	266	1228	217	217
M811_4	F1359_4	266	1287	183	183
M811_4	F1689_4	266	1334	1185	1185
M811_4	F1949_4	266	1337	1214	1214
M811_4	F200_4	266	1204	950	950
M811_4	F2146_4	266	1322	560	560
M811_4	F2645_4	266	1334	542	542
M811_4	F264_4	266	1363	897	897
M811_4	F633_4	266	1171	772	772
M811_4	M115_4	266	1364	803	803
M811_4	M1750_4	266	1268	64	64
M811_4	M1776_4	266	1414	74	74
M811_4	M2021_4	266	1107	1081	1081
F162_4	F1714_4	267	1267	60	60
F162_4	F1840_4	267	1302	10	10
F162_4	F2011_4	267	1227	254	254
F162_4	F454_4	267	1364	817	817
F162_4	M1752_4	267	1130	513	513
F162_4	M1816_4	267	1149	658	658
F162_4	M1865_4	267	1183	795	795
F162_4	M1995_4	267	1160	53	53
F162_4	M2134_4	267	1261	299	299
F162_4	M2383_4	267	1060	571	571
F162_4	M578_4	267	1223	36	36
F162_4	M63_4	267	1336	59	59
F162_4	M965_4	267	1332	42	42
F1714_4	F162_4	267	1267	50	50
F1714_4	F1840_4	267	1236	12	12
F1714_4	F2011_4	267	1223	236	236
F1714_4	F454_4	267	1340	782	782
F1714_4	M1752_4	267	1297	565	565
F1714_4	M1816_4	267	1199	657	657
F1714_4	M1865_4	267	1366	876	876
F1714_4	M1995_4	267	1203	59	59
F1714_4	M2134_4	267	1129	286	286
F1714_4	M2383_4	267	1167	587	587
F1714_4	M578_4	267	1075	34	34
F1714_4	M63_4	267	1245	45	45
F1714_4	M965_4	267	1299	38	38
F1840_4	F162_4	267	1302	594	594
F1840_4	F1714_4	267	1236	518	518
F1840_4	F2011_4	267	1429	1139	1139
F1840_4	F454_4	267	1330	1272	1272
F1840_4	M1752_4	267	1154	1062	1062
F1840_4	M1816_4	267	1310	1259	1259
F1840_4	M1865_4	267	1252	1220	1220
F1840_4	M1995_4	267	1307	478	478
F1840_4	M2134_4	267	1158	961	961
F1840_4	M2383_4	267	1304	1247	1247
F1840_4	M578_4	267	1136	362	362
F1840_4	M63_4	267	1254	480	480
F1840_4	M965_4	267	1445	509	509
F2011_4	F162_4	267	1227	744	744
F2011_4	F1714_4	267	1223	715	715
F2011_4	F1840_4	267	1429	207	207
F2011_4	F454_4	267	1356	1320	1320
F2011_4	M1752_4	267	1243	1200	1200
F2011_4	M1816_4	267	1281	1247	1247
F2011_4	M1865_4	267	1133	1115	1115
F2011_4	M1995_4	267	1189	625	625
F2011_4	M2134_4	267	1319	1193	1193
F2011_4	M2383_4	267	1192	1158	1158
F2011_4	M578_4	267	1231	596	596
F2011_4	M63_4	267	1185	639	639
F2011_4	M965_4	267	1243	618	618
F454_4	F162_4	267	1364	158	409
F454_4	F1714_4	267	1340	122	316
F454_4	F1840_4	267	1330	23	51
F454_4	F2011_4	267	1356	498	1303
F454_4	M1752_4	267	1360	847	2188
F454_4	M1816_4	267	1230	881	2291
F454_4	M1865_4	267	1142	902	2332
F454_4	M1995_4	267	1129	86	202
F454_4	M2134_4	267	1313	544	1386
F454_4	M2383_4	267	1418	1013	2531
F454_4	M578_4	267	1273	78	186
F454_4	M63_4	267	1456	117	296
F454_4	M965_4	267	1447	78	192
M1752_4	F162_4	267	1130	346	1006
M1752_4	F1714_4	267	1297	395	1097
M1752_4	F1840_4	267	1154	69	170
M1752_4	F2011_4	267	1243	865	2323
M1752_4	F454_4	267	1360	1260	3492
M1752_4	M1816_4	267	1222	1114	3188
M1752_4	M1865_4	267	1254	1191	3249
M1752_4	M1995_4	267	1218	309	839
M1752_4	M2134_4	267	1360	1015	2798
M1752_4	M2383_4	267	1359	1237	3382
M1752_4	M578_4	267	1436	285	810
M1752_4	M63_4	267	1223	363	1022
M1752_4	M965_4	267	1268	286	810
M1816_4	F162_4	267	1149	204	204
M1816_4	F1714_4	267	1199	182	182
M1816_4	F1840_4	267	1310	39	39
M1816_4	F2011_4	267	1281	641	641
M1816_4	F454_4	267	1230	1037	1037
M1816_4	M1752_4	267	1222	929	929
M1816_4	M1865_4	267	1256	1105	1105
M1816_4	M1995_4	267	1240	176	176
M1816_4	M2134_4	267	1144	675	675
M1816_4	M2383_4	267	1208	1002	1002
M1816_4	M578_4	267	1206	136	136
M1816_4	M63_4	267	1293	194	194
M1816_4	M965_4	267	1223	132	132
M1865_4	F162_4	267	1183	221	573
M1865_4	F1714_4	267	1366	230	590
M1865_4	F1840_4	267	1252	35	92
M1865_4	F2011_4	267	1133	545	1373
M1865_4	F454_4	267	1142	970	2580
M1865_4	M1752_4	267	1254	957	2509
M1865_4	M1816_4	267	1256	1060	2837
M1865_4	M1995_4	267	1186	164	436
M1865_4	M2134_4	267	1232	716	1859
M1865_4	M2383_4	267	1221	1017	2684
M1865_4	M578_4	267	1310	144	357
M1865_4	M63_4	267	1266	196	498
M1865_4	M965_4	267	1237	134	351
M1995_4	F162_4	267	1160	264	422
M1995_4	F1714_4	267	1203	211	320
M1995_4	F1840_4	267	1307	39	57
M1995_4	F2011_4	267	1189	679	1012
M1995_4	F454_4	267	1129	983	1520
M1995_4	M1752_4	267	1218	945	1446
M1995_4	M1816_4	267	1240	1056	1616
M1995_4	M1865_4	267	1186	1066	1627
M1995_4	M2134_4	267	1246	763	1167
M1995_4	M2383_4	267	1121	939	1473
M1995_4	M578_4	267	1173	142	219
M1995_4	M63_4	267	1265	235	367
M1995_4	M965_4	267	1304	186	304
M2134_4	F162_4	267	1261	186	368
M2134_4	F1714_4	267	1129	168	357
M2134_4	F1840_4	267	1158	34	73
M2134_4	F2011_4	267	1319	622	1240
M2134_4	F454_4	267	1313	1099	2250
M2134_4	M1752_4	267	1360	1001	2040
M2134_4	M1816_4	267	1144	922	1875
M2134_4	M1865_4	267	1232	1081	2185
M2134_4	M1995_4	267	1246	129	290
M2134_4	M2383_4	267	1310	1044	2123
M2134_4	M578_4	267	1204	118	227
M2134_4	M63_4	267	1387	170	351
M2134_4	M965_4	267	1298	124	243
M2383_4	F162_4	267	1060	407	407
M2383_4	F1714_4	267	1167	420	420
M2383_4	F1840_4	267	1304	82	82
M2383_4	F2011_4	267	1192	891	891
M2383_4	F454_4	267	1418	1335	1335
M2383_4	M1752_4	267	1359	1236	1236
M2383_4	M1816_4	267	1208	1131	1131
M2383_4	M1865_4	267	1221	1172	1172
M2383_4	M1995_4	267	1121	332	332
M2383_4	M2134_4	267	1310	1008	1008
M2383_4	M578_4	267	1337	338	338
M2383_4	M63_4	267	1247	455	455
M2383_4	M965_4	267	1342	399	399
M578_4	F162_4	267	1223	158	158
M578_4	F1714_4	267	1075	114	114
M578_4	F1840_4	267	1136	16	16
M578_4	F2011_4	267	1231	485	485
M578_4	F454_4	267	1273	1050	1050
M578_4	M1752_4	267	1436	1002	1002
M578_4	M1816_4	267	1206	918	918
M578_4	M1865_4	267	1310	1103	1103
M578_4	M1995_4	267	1173	131	131
M578_4	M2134_4	267	1204	541	541
M578_4	M2383_4	267	1337	1027	1027
M578_4	M63_4	267	1306	135	135
M578_4	M965_4	267	1150	106	106
M63_4	F162_4	267	1336	819	1396
M63_4	F1714_4	267	1245	743	1288
M63_4	F1840_4	267	1254	208	357
M63_4	F2011_4	267	1185	1041	1753
M63_4	F454_4	267	1456	1417	2323
M63_4	M1752_4	267	1223	1172	1963
M63_4	M1816_4	267	1293	1259	2061
M63_4	M1865_4	267	1266	1238	2069
M63_4	M1995_4	267	1265	690	1172
M63_4	M2134_4	267	1387	1232	2033
M63_4	M2383_4	267	1247	1216	2018
M63_4	M578_4	267	1306	608	1022
M63_4	M965_4	267	1153	545	895
M965_4	F162_4	267	1332	757	1042
M965_4	F1714_4	267	1299	686	911
M965_4	F1840_4	267	1445	204	273
M965_4	F2011_4	267	1243	1060	1434
M965_4	F454_4	267	1447	1407	1957
M965_4	M1752_4	267	1268	1207	1640
M965_4	M1816_4	267	1223	1169	1597
M965_4	M1865_4	267	1237	1213	1670
M965_4	M1995_4	267	1304	691	949
M965_4	M2134_4	267	1298	1159	1597
M965_4	M2383_4	267	1342	1301	1808
M965_4	M578_4	267	1150	490	665
M965_4	M63_4	267	1153	604	812
F1157_4	F1877_4	268	1293	976	976
F1157_4	F1905_4	268	1030	712	712
F1157_4	F2147_4	268	1275	1189	1189
F1157_4	F2698_4	268	1499	1337	1337
F1157_4	F673_4	268	1248	1074	1074
F1157_4	F690_4	268	1312	1144	1144
F1157_4	F799_4	268	1337	1127	1127
F1157_4	M1238_4	268	1192	729	729
F1157_4	M1370_4	268	1251	1236	1236
F1157_4	M1878_4	268	1292	700	700
F1157_4	M2095_4	268	1199	1138	1138
F1157_4	M2439_4	268	1200	816	816
F1157_4	M515_4	268	1347	1274	1274
F1877_4	F1157_4	268	1293	246	418
F1877_4	F1905_4	268	1157	665	1099
F1877_4	F2147_4	268	1245	1103	1829
F1877_4	F2698_4	268	1276	995	1677
F1877_4	F673_4	268	1218	942	1553
F1877_4	F690_4	268	1399	1143	1858
F1877_4	F799_4	268	1254	928	1513
F1877_4	M1238_4	268	1355	677	1124
F1877_4	M1370_4	268	1284	1256	2106
F1877_4	M1878_4	268	1276	580	972
F1877_4	M2095_4	268	1304	1202	1985
F1877_4	M2439_4	268	1168	645	1077
F1877_4	M515_4	268	1252	1163	1902
F1905_4	F1157_4	268	1030	20	20
F1905_4	F1877_4	268	1157	171	171
F1905_4	F2147_4	268	1208	503	503
F1905_4	F2698_4	268	1164	311	311
F1905_4	F673_4	268	1582	332	332
F1905_4	F690_4	268	1349	360	360
F1905_4	F799_4	268	1130	211	211
F1905_4	M1238_4	268	1315	87	87
F1905_4	M1370_4	268	1347	1033	1033
F1905_4	M1878_4	268	1247	100	100
F1905_4	M2095_4	268	1400	695	695
F1905_4	M2439_4	268	1281	120	120
F1905_4	M515_4	268	1204	564	564
F2147_4	F1157_4	268	1275	37	37
F2147_4	F1877_4	268	1245	273	273
F2147_4	F1905_4	268	1208	185	185
F2147_4	F2698_4	268	1112	403	403
F2147_4	F673_4	268	1309	412	412
F2147_4	F690_4	268	1239	431	431
F2147_4	F799_4	268	1244	359	359
F2147_4	M1238_4	268	1257	123	123
F2147_4	M1370_4	268	1317	1121	1121
F2147_4	M1878_4	268	1170	111	111
F2147_4	M2095_4	268	1130	664	664
F2147_4	M2439_4	268	1288	149	149
F2147_4	M515_4	268	1151	676	676
F2698_4	F1157_4	268	1499	339	490
F2698_4	F1877_4	268	1276	959	1399
F2698_4	F1905_4	268	1164	754	1129
F2698_4	F2147_4	268	1112	1026	1501
F2698_4	F673_4	268	1271	1076	1577
F2698_4	F690_4	268	1224	1043	1481
F2698_4	F799_4	268	1318	1070	1567
F2698_4	M1238_4	268	1320	741	1065
F2698_4	M1370_4	268	1293	1267	1848
F2698_4	M1878_4	268	1237	664	948
F2698_4	M2095_4	268	1370	1272	1848
F2698_4	M2439_4	268	1292	813	1203
F2698_4	M515_4	268	1231	1157	1722
F673_4	F1157_4	268	1248	25	30
F673_4	F1877_4	268	1218	167	200
F673_4	F1905_4	268	1582	155	191
F673_4	F2147_4	268	1309	525	649
F673_4	F2698_4	268	1271	339	414
F673_4	F690_4	268	1406	329	437
F673_4	F799_4	268	1245	227	309
F673_4	M1238_4	268	1202	90	116
F673_4	M1370_4	268	1222	957	1214
F673_4	M1878_4	268	1267	85	110
F673_4	M2095_4	268	1220	561	701
F673_4	M2439_4	268	1187	95	121
F673_4	M515_4	268	1090	522	656
F690_4	F1157_4	268	1312	54	99
F690_4	F1877_4	268	1399	417	811
F690_4	F1905_4	268	1349	269	525
F690_4	F2147_4	268	1239	755	1484
F690_4	F2698_4	268	1224	577	1120
F690_4	F673_4	268	1406	592	1156
F690_4	F799_4	268	1231	444	852
F690_4	M1238_4	268	1304	213	443
F690_4	M1370_4	268	1339	1179	2315
F690_4	M1878_4	268	1309	162	324
F690_4	M2095_4	268	1175	779	1562
F690_4	M2439_4	268	1241	242	470
F690_4	M515_4	268	1181	808	1585
F799_4	F1157_4	268	1337	71	322
F799_4	F1877_4	268	1254	457	2058
F799_4	F1905_4	268	1130	342	1470
F799_4	F2147_4	268	1244	904	3792
F799_4	F2698_4	268	1318	761	3230
F799_4	F673_4	268	1245	622	2649
F799_4	F690_4	268	1231	663	2849
F799_4	M1238_4	268	1180	278	1214
F799_4	M1370_4	268	1350	1257	5353
F799_4	M1878_4	268	1277	245	1029
F799_4	M2095_4	268	1227	949	3955
F799_4	M2439_4	268	1203	305	1292
F799_4	M515_4	268	1227	944	3992
M1238_4	F1157_4	268	1192	119	119
M1238_4	F1877_4	268	1355	633	633
M1238_4	F1905_4	268	1315	507	507
M1238_4	F2147_4	268	1257	990	990
M1238_4	F2698_4	268	1320	868	868
M1238_4	F673_4	268	1202	746	746
M1238_4	F690_4	268	1304	857	857
M1238_4	F799_4	268	1180	666	666
M1238_4	M1370_4	268	1363	1297	1297
M1238_4	M1878_4	268	1307	356	356
M1238_4	M2095_4	268	1221	1033	1033
M1238_4	M2439_4	268	1256	464	464
M1238_4	M515_4	268	1297	1105	1105
M1370_4	F1157_4	268	1251	14	14
M1370_4	F1877_4	268	1284	169	169
M1370_4	F1905_4	268	1347	136	136
M1370_4	F2147_4	268	1317	536	536
M1370_4	F2698_4	268	1293	310	310
M1370_4	F673_4	268	1222	251	251
M1370_4	F690_4	268	1339	332	332
M1370_4	F799_4	268	1350	246	246
M1370_4	M1238_4	268	1363	71	71
M1370_4	M1878_4	268	1223	70	70
M1370_4	M2095_4	268	1375	602	602
M1370_4	M2439_4	268	1326	105	105
M1370_4	M515_4	268	1276	571	571
M1878_4	F1157_4	268	1292	52	65
M1878_4	F1877_4	268	1276	289	348
M1878_4	F1905_4	268	1247	228	283
M1878_4	F2147_4	268	1170	675	825
M1878_4	F2698_4	268	1237	512	630
M1878_4	F673_4	268	1267	455	541
M1878_4	F690_4	268	1309	500	611
M1878_4	F799_4	268	1277	406	504
M1878_4	M1238_4	268	1307	175	212
M1878_4	M1370_4	268	1223	1069	1309
M1878_4	M2095_4	268	1199	781	965
M1878_4	M2439_4	268	1253	216	264
M1878_4	M515_4	268	1231	780	959
M2095_4	F1157_4	268	1199	76	81
M2095_4	F1877_4	268	1304	494	510
M2095_4	F1905_4	268	1400	392	417
M2095_4	F2147_4	268	1130	827	857
M2095_4	F2698_4	268	1370	776	818
M2095_4	F673_4	268	1220	628	658
M2095_4	F690_4	268	1175	649	680
M2095_4	F799_4	268	1227	556	584
M2095_4	M1238_4	268	1221	308	318
M2095_4	M1370_4	268	1375	1279	1331
M2095_4	M1878_4	268	1199	242	257
M2095_4	M2439_4	268	1061	303	321
M2095_4	M515_4	268	1301	998	1047
M2439_4	F1157_4	268	1200	206	287
M2439_4	F1877_4	268	1168	771	1012
M2439_4	F1905_4	268	1281	724	964
M2439_4	F2147_4	268	1288	1142	1536
M2439_4	F2698_4	268	1292	1054	1428
M2439_4	F673_4	268	1187	933	1231
M2439_4	F690_4	268	1241	1002	1339
M2439_4	F799_4	268	1203	916	1237
M2439_4	M1238_4	268	1256	626	824
M2439_4	M1370_4	268	1326	1287	1719
M2439_4	M1878_4	268	1253	517	705
M2439_4	M2095_4	268	1061	976	1327
M2439_4	M515_4	268	1338	1217	1633
M515_4	F1157_4	268	1347	437	870
M515_4	F1877_4	268	1252	1021	1955
M515_4	F1905_4	268	1204	878	1701
M515_4	F2147_4	268	1151	1094	2122
M515_4	F2698_4	268	1231	1110	2081
M515_4	F673_4	268	1090	973	1905
M515_4	F690_4	268	1181	1076	2114
M515_4	F799_4	268	1227	1053	2004
M515_4	M1238_4	268	1297	890	1676
M515_4	M1370_4	268	1276	1263	2387
M515_4	M1878_4	268	1231	810	1541
M515_4	M2095_4	268	1301	1249	2415
M515_4	M2439_4	268	1338	980	1899
F1141_4	F1618_4	269	1247	91	153
F1141_4	F1818_4	269	1283	2	4
F1141_4	F1925_4	269	1364	45	76
F1141_4	F2437_4	269	1235	90	151
F1141_4	F2476_4	269	1389	7	12
F1141_4	F2587_4	269	1302	162	300
F1141_4	F421_4	269	1211	45	78
F1141_4	M1104_4	269	1198	504	888
F1141_4	M1541_4	269	1267	43	65
F1141_4	M1974_4	269	1216	42	83
F1141_4	M2168_4	269	1149	648	1167
F1141_4	M848_4	269	1252	37	68
F1141_4	M880_4	269	1318	315	552
F1618_4	F1141_4	269	1247	1182	1418
F1618_4	F1818_4	269	1213	101	125
F1618_4	F1925_4	269	1238	550	659
F1618_4	F2437_4	269	1272	855	1018
F1618_4	F2476_4	269	1337	168	203
F1618_4	F2587_4	269	1297	1010	1234
F1618_4	F421_4	269	1206	554	675
F1618_4	M1104_4	269	1206	1149	1387
F1618_4	M1541_4	269	1435	773	948
F1618_4	M1974_4	269	1288	541	640
F1618_4	M2168_4	269	1170	1134	1364
F1618_4	M848_4	269	1361	646	800
F1618_4	M880_4	269	1454	1287	1541
F1818_4	F1141_4	269	1283	1059	1491
F1818_4	F1618_4	269	1213	370	496
F1818_4	F1925_4	269	1250	179	238
F1818_4	F2437_4	269	1123	311	450
F1818_4	F2476_4	269	1230	31	46
F1818_4	F2587_4	269	1347	628	846
F1818_4	F421_4	269	1135	200	291
F1818_4	M1104_4	269	1305	1062	1479
F1818_4	M1541_4	269	1232	266	380
F1818_4	M1974_4	269	1274	195	265
F1818_4	M2168_4	269	1331	1149	1600
F1818_4	M848_4	269	1185	224	314
F1818_4	M880_4	269	1198	734	1025
F1925_4	F1141_4	269	1364	822	1442
F1925_4	F1618_4	269	1238	154	251
F1925_4	F1818_4	269	1250	11	13
F1925_4	F2437_4	269	1274	140	230
F1925_4	F2476_4	269	1269	10	18
F1925_4	F2587_4	269	1257	260	440
F1925_4	F421_4	269	1271	88	139
F1925_4	M1104_4	269	1301	706	1130
F1925_4	M1541_4	269	1309	77	132
F1925_4	M1974_4	269	1186	52	80
F1925_4	M2168_4	269	1140	746	1273
F1925_4	M848_4	269	1414	73	128
F1925_4	M880_4	269	1225	371	631
F2437_4	F1141_4	269	1235	864	864
F2437_4	F1618_4	269	1272	218	218
F2437_4	F1818_4	269	1123	17	17
F2437_4	F1925_4	269	1274	89	89
F2437_4	F2476_4	269	1279	26	26
F2437_4	F2587_4	269	1266	403	403
F2437_4	F421_4	269	1200	112	112
F2437_4	M1104_4	269	1278	836	836
F2437_4	M1541_4	269	1196	132	132
F2437_4	M1974_4	269	1248	113	113
F2437_4	M2168_4	269	1427	1100	1100
F2437_4	M848_4	269	1236	100	100
F2437_4	M880_4	269	1379	642	642
F2476_4	F1141_4	269	1389	1319	1319
F2476_4	F1618_4	269	1337	830	830
F2476_4	F1818_4	269	1230	105	105
F2476_4	F1925_4	269	1269	498	498
F2476_4	F2437_4	269	1279	725	725
F2476_4	F2587_4	269	1279	1006	1006
F2476_4	F421_4	269	1272	542	542
F2476_4	M1104_4	269	1182	1108	1108
F2476_4	M1541_4	269	1339	612	612
F2476_4	M1974_4	269	1264	491	491
F2476_4	M2168_4	269	1332	1279	1279
F2476_4	M848_4	269	1227	523	523
F2476_4	M880_4	269	1378	1191	1191
F2587_4	F1141_4	269	1302	1233	1233
F2587_4	F1618_4	269	1297	836	836
F2587_4	F1818_4	269	1347	112	112
F2587_4	F1925_4	269	1257	519	519
F2587_4	F2437_4	269	1266	801	801
F2587_4	F2476_4	269	1279	165	165
F2587_4	F421_4	269	1272	656	656
F2587_4	M1104_4	269	1315	1246	1246
F2587_4	M1541_4	269	1292	689	689
F2587_4	M1974_4	269	1136	510	510
F2587_4	M2168_4	269	1502	1454	1454
F2587_4	M848_4	269	1262	650	650
F2587_4	M880_4	269	1271	1120	1120
F421_4	F1141_4	269	1211	1002	1002
F421_4	F1618_4	269	1206	396	396
F421_4	F1818_4	269	1135	21	21
F421_4	F1925_4	269	1271	215	215
F421_4	F2437_4	269	1200	356	356
F421_4	F2476_4	269	1272	30	30
F421_4	F2587_4	269	1272	625	625
F421_4	M1104_4	269	1204	983	983
F421_4	M1541_4	269	1165	249	249
F421_4	M1974_4	269	1266	194	194
F421_4	M2168_4	269	1213	1069	1069
F421_4	M848_4	269	1234	203	203
F421_4	M880_4	269	1104	720	720
M1104_4	F1141_4	269	1198	1172	1634
M1104_4	F1618_4	269	1206	958	1320
M1104_4	F1818_4	269	1305	184	255
M1104_4	F1925_4	269	1301	776	1041
M1104_4	F2437_4	269	1278	998	1399
M1104_4	F2476_4	269	1182	234	328
M1104_4	F2587_4	269	1315	1168	1590
M1104_4	F421_4	269	1204	765	1052
M1104_4	M1541_4	269	1183	810	1106
M1104_4	M1974_4	269	1297	811	1101
M1104_4	M2168_4	269	1317	1302	1798
M1104_4	M848_4	269	1210	785	1055
M1104_4	M880_4	269	1151	1077	1476
M1541_4	F1141_4	269	1267	1116	2987
M1541_4	F1618_4	269	1435	591	1617
M1541_4	F1818_4	269	1232	46	138
M1541_4	F1925_4	269	1309	270	718
M1541_4	F2437_4	269	1196	461	1223
M1541_4	F2476_4	269	1339	52	126
M1541_4	F2587_4	269	1292	749	2053
M1541_4	F421_4	269	1165	285	801
M1541_4	M1104_4	269	1183	1012	2736
M1541_4	M1974_4	269	1388	272	755
M1541_4	M2168_4	269	1238	1116	3079
M1541_4	M848_4	269	1182	309	851
M1541_4	M880_4	269	1355	950	2630
M1974_4	F1141_4	269	1216	1034	4344
M1974_4	F1618_4	269	1288	430	1777
M1974_4	F1818_4	269	1274	28	108
M1974_4	F1925_4	269	1186	200	809
M1974_4	F2437_4	269	1248	444	1897
M1974_4	F2476_4	269	1264	44	185
M1974_4	F2587_4	269	1136	580	2305
M1974_4	F421_4	269	1266	274	1198
M1974_4	M1104_4	269	1297	1067	4374
M1974_4	M1541_4	269	1388	325	1321
M1974_4	M2168_4	269	1281	1135	4807
M1974_4	M848_4	269	1291	272	1121
M1974_4	M880_4	269	1214	806	3369
M2168_4	F1141_4	269	1149	1107	1487
M2168_4	F1618_4	269	1170	762	1055
M2168_4	F1818_4	269	1331	125	176
M2168_4	F1925_4	269	1140	454	600
M2168_4	F2437_4	269	1427	880	1214
M2168_4	F2476_4	269	1332	123	172
M2168_4	F2587_4	269	1502	1177	1650
M2168_4	F421_4	269	1213	546	743
M2168_4	M1104_4	269	1317	1230	1667
M2168_4	M1541_4	269	1238	637	886
M2168_4	M1974_4	269	1281	549	755
M2168_4	M848_4	269	1232	545	766
M2168_4	M880_4	269	1340	1165	1589
M848_4	F1141_4	269	1252	1077	1077
M848_4	F1618_4	269	1361	510	510
M848_4	F1818_4	269	1185	33	33
M848_4	F1925_4	269	1414	268	268
M848_4	F2437_4	269	1236	491	491
M848_4	F2476_4	269	1227	52	52
M848_4	F2587_4	269	1262	704	704
M848_4	F421_4	269	1234	294	294
M848_4	M1104_4	269	1210	1036	1036
M848_4	M1541_4	269	1182	319	319
M848_4	M1974_4	269	1291	281	281
M848_4	M2168_4	269	1232	1118	1118
M848_4	M880_4	269	1301	903	903
M880_4	F1141_4	269	1318	1080	1080
M880_4	F1618_4	269	1454	457	457
M880_4	F1818_4	269	1198	29	29
M880_4	F1925_4	269	1225	175	175
M880_4	F2437_4	269	1379	410	410
M880_4	F2476_4	269	1378	48	48
M880_4	F2587_4	269	1271	591	591
M880_4	F421_4	269	1104	190	190
M880_4	M1104_4	269	1151	924	924
M880_4	M1541_4	269	1355	294	294
M880_4	M1974_4	269	1214	216	216
M880_4	M2168_4	269	1340	1173	1173
M880_4	M848_4	269	1301	244	244
F1170_4	F1232_4	270	1251	825	1190
F1170_4	F1249_4	270	1213	96	143
F1170_4	F182_4	270	1368	81	119
F1170_4	F2638_4	270	1362	1290	1902
F1170_4	F472_4	270	1085	709	1022
F1170_4	F782_4	270	1311	1202	1717
F1170_4	F956_4	270	1323	739	1066
F1170_4	M1830_4	270	1220	1089	1570
F1170_4	M2514_4	270	1173	147	199
F1170_4	M2546_4	270	1369	1137	1663
F1170_4	M425_4	270	1221	865	1267
F1170_4	M448_4	270	1182	367	514
F1170_4	M970_4	270	1418	544	802
F1232_4	F1170_4	270	1251	188	188
F1232_4	F1249_4	270	1177	96	96
F1232_4	F182_4	270	1308	87	87
F1232_4	F2638_4	270	1352	1284	1284
F1232_4	F472_4	270	1231	822	822
F1232_4	F782_4	270	1146	1049	1049
F1232_4	F956_4	270	1258	677	677
F1232_4	M1830_4	270	1359	1237	1237
F1232_4	M2514_4	270	1187	168	168
F1232_4	M2546_4	270	1182	980	980
F1232_4	M425_4	270	1291	916	916
F1232_4	M448_4	270	1273	422	422
F1232_4	M970_4	270	1303	560	560
F1249_4	F1170_4	270	1213	2	2
F1249_4	F1232_4	270	1177	62	62
F1249_4	F182_4	270	1265	2	2
F1249_4	F2638_4	270	1185	376	376
F1249_4	F472_4	270	1301	78	78
F1249_4	F782_4	270	1357	364	364
F1249_4	F956_4	270	1413	46	46
F1249_4	M1830_4	270	1233	228	228
F1249_4	M2514_4	270	1183	4	4
F1249_4	M2546_4	270	1426	146	146
F1249_4	M425_4	270	1249	78	78
F1249_4	M448_4	270	1279	21	21
F1249_4	M970_4	270	1223	19	19
F182_4	F1170_4	270	1368	30	67
F182_4	F1232_4	270	1308	317	692
F182_4	F1249_4	270	1265	19	41
F182_4	F2638_4	270	1093	776	1811
F182_4	F472_4	270	1395	291	664
F182_4	F782_4	270	1277	784	1783
F182_4	F956_4	270	1167	185	427
F182_4	M1830_4	270	1339	781	1808
F182_4	M2514_4	270	1202	18	38
F182_4	M2546_4	270	1118	417	935
F182_4	M425_4	270	1208	297	677
F182_4	M448_4	270	1296	70	162
F182_4	M970_4	270	1098	104	249
F2638_4	F1170_4	270	1362	112	112
F2638_4	F1232_4	270	1352	713	713
F2638_4	F1249_4	270	1185	55	55
F2638_4	F182_4	270	1093	49	49
F2638_4	F472_4	270	1199	624	624
F2638_4	F782_4	270	1220	1064	1064
F2638_4	F956_4	270	1237	535	535
F2638_4	M1830_4	270	1350	1134	1134
F2638_4	M2514_4	270	1214	90	90
F2638_4	M2546_4	270	1257	885	885
F2638_4	M425_4	270	1348	772	772
F2638_4	M448_4	270	1338	269	269
F2638_4	M970_4	270	1353	370	370
F472_4	F1170_4	270	1085	237	618
F472_4	F1232_4	270	1231	954	2538
F472_4	F1249_4	270	1301	205	565
F472_4	F182_4	270	1395	149	406
F472_4	F2638_4	270	1199	1155	3165
F472_4	F782_4	270	1273	1217	3279
F472_4	F956_4	270	1201	851	2311
F472_4	M1830_4	270	1271	1200	3197
F472_4	M2514_4	270	1406	314	829
F472_4	M2546_4	270	1361	1195	3229
F472_4	M425_4	270	1213	972	2572
F472_4	M448_4	270	1351	615	1671
F472_4	M970_4	270	1186	680	1821
F782_4	F1170_4	270	1311	548	1010
F782_4	F1232_4	270	1146	1022	1850
F782_4	F1249_4	270	1357	405	747
F782_4	F182_4	270	1277	315	567
F782_4	F2638_4	270	1220	1202	2207
F782_4	F472_4	270	1273	1134	2081
F782_4	F956_4	270	1285	1100	2042
F782_4	M1830_4	270	1205	1171	2183
F782_4	M2514_4	270	1341	543	1017
F782_4	M2546_4	270	1251	1189	2218
F782_4	M425_4	270	1405	1304	2387
F782_4	M448_4	270	1286	859	1584
F782_4	M970_4	270	1412	1074	1943
F956_4	F1170_4	270	1323	285	1127
F956_4	F1232_4	270	1258	990	3857
F956_4	F1249_4	270	1413	212	789
F956_4	F182_4	270	1167	155	629
F956_4	F2638_4	270	1237	1207	4711
F956_4	F472_4	270	1201	944	3702
F956_4	F782_4	270	1285	1226	4774
F956_4	M1830_4	270	1342	1279	5095
F956_4	M2514_4	270	1219	310	1205
F956_4	M2546_4	270	1373	1242	4940
F956_4	M425_4	270	1251	1040	4098
F956_4	M448_4	270	1170	554	2160
F956_4	M970_4	270	1225	694	2649
M1830_4	F1170_4	270	1220	256	256
M1830_4	F1232_4	270	1359	1040	1040
M1830_4	F1249_4	270	1233	170	170
M1830_4	F182_4	270	1339	146	146
M1830_4	F2638_4	270	1350	1312	1312
M1830_4	F472_4	270	1271	985	985
M1830_4	F782_4	270	1205	1158	1158
M1830_4	F956_4	270	1342	936	936
M1830_4	M2514_4	270	1430	339	339
M1830_4	M2546_4	270	1411	1276	1276
M1830_4	M425_4	270	1289	1061	1061
M1830_4	M448_4	270	1226	535	535
M1830_4	M970_4	270	1305	706	706
M2514_4	F1170_4	270	1173	251	687
M2514_4	F1232_4	270	1187	920	2547
M2514_4	F1249_4	270	1183	161	427
M2514_4	F182_4	270	1202	129	352
M2514_4	F2638_4	270	1214	1173	3300
M2514_4	F472_4	270	1406	1074	3038
M2514_4	F782_4	270	1341	1281	3623
M2514_4	F956_4	270	1219	842	2348
M2514_4	M1830_4	270	1430	1337	3848
M2514_4	M2546_4	270	1240	1086	3109
M2514_4	M425_4	270	1306	1056	3065
M2514_4	M448_4	270	1223	540	1510
M2514_4	M970_4	270	1271	726	2032
M2546_4	F1170_4	270	1369	282	282
M2546_4	F1232_4	270	1182	898	898
M2546_4	F1249_4	270	1426	195	195
M2546_4	F182_4	270	1118	112	112
M2546_4	F2638_4	270	1257	1214	1214
M2546_4	F472_4	270	1361	1015	1015
M2546_4	F782_4	270	1251	1170	1170
M2546_4	F956_4	270	1373	933	933
M2546_4	M1830_4	270	1411	1335	1335
M2546_4	M2514_4	270	1240	244	244
M2546_4	M425_4	270	1220	977	977
M2546_4	M448_4	270	1257	564	564
M2546_4	M970_4	270	1269	633	633
M425_4	F1170_4	270	1221	608	1102
M425_4	F1232_4	270	1291	1207	2171
M425_4	F1249_4	270	1249	509	906
M425_4	F182_4	270	1208	385	691
M425_4	F2638_4	270	1348	1338	2391
M425_4	F472_4	270	1213	1117	2028
M425_4	F782_4	270	1405	1385	2470
M425_4	F956_4	270	1251	1123	2021
M425_4	M1830_4	270	1289	1270	2255
M425_4	M2514_4	270	1306	734	1282
M425_4	M2546_4	270	1220	1178	2142
M425_4	M448_4	270	1384	1024	1827
M425_4	M970_4	270	1170	977	1757
M448_4	F1170_4	270	1182	438	842
M448_4	F1232_4	270	1273	1116	2173
M448_4	F1249_4	270	1279	326	631
M448_4	F182_4	270	1296	285	532
M448_4	F2638_4	270	1338	1315	2511
M448_4	F472_4	270	1351	1188	2264
M448_4	F782_4	270	1286	1249	2475
M448_4	F956_4	270	1170	938	1814
M448_4	M1830_4	270	1226	1198	2324
M448_4	M2514_4	270	1223	464	904
M448_4	M2546_4	270	1257	1172	2275
M448_4	M425_4	270	1384	1241	2427
M448_4	M970_4	270	1324	967	1902
M970_4	F1170_4	270	1418	35	35
M970_4	F1232_4	270	1303	354	354
M970_4	F1249_4	270	1223	23	23
M970_4	F182_4	270	1098	13	13
M970_4	F2638_4	270	1353	1043	1043
M970_4	F472_4	270	1186	305	305
M970_4	F782_4	270	1412	984	984
M970_4	F956_4	270	1225	230	230
M970_4	M1830_4	270	1305	830	830
M970_4	M2514_4	270	1271	44	44
M970_4	M2546_4	270	1269	591	591
M970_4	M425_4	270	1170	399	399
M970_4	M448_4	270	1324	91	91
F1147_4	F1523_4	271	1223	729	1726
F1147_4	F1540_4	271	1293	777	1821
F1147_4	F1587_4	271	1182	184	443
F1147_4	F1800_4	271	1140	39	88
F1147_4	F2329_4	271	1335	239	551
F1147_4	F2398_4	271	1134	217	474
F1147_4	F2418_4	271	1258	233	548
F1147_4	F833_4	271	1332	354	793
F1147_4	F973_4	271	1284	203	487
F1147_4	M1439_4	271	1242	108	253
F1147_4	M2390_4	271	1125	350	829
F1147_4	M2527_4	271	1178	19	34
F1147_4	M477_4	271	1151	638	1480
F1523_4	F1147_4	271	1223	912	912
F1523_4	F1540_4	271	1212	1136	1136
F1523_4	F1587_4	271	1195	740	740
F1523_4	F1800_4	271	1336	356	356
F1523_4	F2329_4	271	1199	784	784
F1523_4	F2398_4	271	1182	796	796
F1523_4	F2418_4	271	1253	866	866
F1523_4	F833_4	271	1287	995	995
F1523_4	F973_4	271	1262	837	837
F1523_4	M1439_4	271	1180	583	583
F1523_4	M2390_4	271	1313	1093	1093
F1523_4	M2527_4	271	1224	189	189
F1523_4	M477_4	271	1202	1105	1105
F1540_4	F1147_4	271	1293	607	607
F1540_4	F1523_4	271	1212	982	982
F1540_4	F1587_4	271	1267	405	405
F1540_4	F1800_4	271	1311	135	135
F1540_4	F2329_4	271	1292	490	490
F1540_4	F2398_4	271	1194	478	478
F1540_4	F2418_4	271	1125	406	406
F1540_4	F833_4	271	1170	588	588
F1540_4	F973_4	271	1162	432	432
F1540_4	M1439_4	271	1325	278	278
F1540_4	M2390_4	271	1153	631	631
F1540_4	M2527_4	271	1260	66	66
F1540_4	M477_4	271	1236	941	941
F1587_4	F1147_4	271	1182	271	310
F1587_4	F1523_4	271	1195	642	748
F1587_4	F1540_4	271	1267	687	788
F1587_4	F1800_4	271	1328	45	52
F1587_4	F2329_4	271	1245	181	209
F1587_4	F2398_4	271	1237	201	236
F1587_4	F2418_4	271	1133	157	175
F1587_4	F833_4	271	1227	262	293
F1587_4	F973_4	271	1205	164	190
F1587_4	M1439_4	271	1218	104	128
F1587_4	M2390_4	271	1221	333	372
F1587_4	M2527_4	271	1257	20	23
F1587_4	M477_4	271	1170	575	662
F1800_4	F1147_4	271	1140	1002	1002
F1800_4	F1523_4	271	1336	1280	1280
F1800_4	F1540_4	271	1311	1263	1263
F1800_4	F1587_4	271	1328	1045	1045
F1800_4	F2329_4	271	1328	1075	1075
F1800_4	F2398_4	271	1288	1053	1053
F1800_4	F2418_4	271	1313	1110	1110
F1800_4	F833_4	271	1136	1005	1005
F1800_4	F973_4	271	1301	998	998
F1800_4	M1439_4	271	1163	774	774
F1800_4	M2390_4	271	1200	1088	1088
F1800_4	M2527_4	271	1279	394	394
F1800_4	M477_4	271	1151	1104	1104
F2329_4	F1147_4	271	1335	165	245
F2329_4	F1523_4	271	1199	468	644
F2329_4	F1540_4	271	1292	485	664
F2329_4	F1587_4	271	1245	71	100
F2329_4	F1800_4	271	1328	21	25
F2329_4	F2398_4	271	1193	114	155
F2329_4	F2418_4	271	1342	114	154
F2329_4	F833_4	271	1332	184	253
F2329_4	F973_4	271	1236	99	135
F2329_4	M1439_4	271	1254	54	71
F2329_4	M2390_4	271	1152	186	240
F2329_4	M2527_4	271	1353	15	21
F2329_4	M477_4	271	1435	465	619
F2398_4	F1147_4	271	1134	976	976
F2398_4	F1523_4	271	1182	1150	1150
F2398_4	F1540_4	271	1194	1160	1160
F2398_4	F1587_4	271	1237	974	974
F2398_4	F1800_4	271	1288	577	577
F2398_4	F2329_4	271	1193	986	986
F2398_4	F2418_4	271	1288	1044	1044
F2398_4	F833_4	271	1199	1058	1058
F2398_4	F973_4	271	1080	858	858
F2398_4	M1439_4	271	1236	851	851
F2398_4	M2390_4	271	1223	1133	1133
F2398_4	M2527_4	271	1232	341	341
F2398_4	M477_4	271	1315	1260	1260
F2418_4	F1147_4	271	1258	654	654
F2418_4	F1523_4	271	1253	1043	1043
F2418_4	F1540_4	271	1125	904	904
F2418_4	F1587_4	271	1133	438	438
F2418_4	F1800_4	271	1313	194	194
F2418_4	F2329_4	271	1342	539	539
F2418_4	F2398_4	271	1288	572	572
F2418_4	F833_4	271	1220	668	668
F2418_4	F973_4	271	1244	473	473
F2418_4	M1439_4	271	1115	305	305
F2418_4	M2390_4	271	1223	719	719
F2418_4	M2527_4	271	1298	83	83
F2418_4	M477_4	271	1189	982	982
F833_4	F1147_4	271	1332	1248	1624
F833_4	F1523_4	271	1287	1257	1633
F833_4	F1540_4	271	1170	1150	1511
F833_4	F1587_4	271	1227	1087	1403
F833_4	F1800_4	271	1136	728	963
F833_4	F2329_4	271	1332	1195	1532
F833_4	F2398_4	271	1199	1090	1415
F833_4	F2418_4	271	1220	1088	1409
F833_4	F973_4	271	1254	1103	1425
F833_4	M1439_4	271	1260	1004	1304
F833_4	M2390_4	271	1203	1147	1494
F833_4	M2527_4	271	1202	579	765
F833_4	M477_4	271	1195	1176	1507
F973_4	F1147_4	271	1284	687	687
F973_4	F1523_4	271	1262	1024	1024
F973_4	F1540_4	271	1162	933	933
F973_4	F1587_4	271	1205	418	418
F973_4	F1800_4	271	1301	153	153
F973_4	F2329_4	271	1236	519	519
F973_4	F2398_4	271	1080	434	434
F973_4	F2418_4	271	1244	541	541
F973_4	F833_4	271	1254	679	679
F973_4	M1439_4	271	1461	376	376
F973_4	M2390_4	271	1209	759	759
F973_4	M2527_4	271	1275	84	84
F973_4	M477_4	271	1166	922	922
M1439_4	F1147_4	271	1242	971	971
M1439_4	F1523_4	271	1180	1083	1083
M1439_4	F1540_4	271	1325	1221	1221
M1439_4	F1587_4	271	1218	773	773
M1439_4	F1800_4	271	1163	334	334
M1439_4	F2329_4	271	1254	844	844
M1439_4	F2398_4	271	1236	859	859
M1439_4	F2418_4	271	1115	799	799
M1439_4	F833_4	271	1260	963	963
M1439_4	F973_4	271	1461	945	945
M1439_4	M2390_4	271	1233	1017	1017
M1439_4	M2527_4	271	1202	216	216
M1439_4	M477_4	271	1156	1077	1077
M2390_4	F1147_4	271	1125	989	3825
M2390_4	F1523_4	271	1313	1269	4966
M2390_4	F1540_4	271	1153	1109	4249
M2390_4	F1587_4	271	1221	982	3837
M2390_4	F1800_4	271	1200	616	2363
M2390_4	F2329_4	271	1152	939	3644
M2390_4	F2398_4	271	1223	1028	3864
M2390_4	F2418_4	271	1223	1047	4032
M2390_4	F833_4	271	1203	1065	4132
M2390_4	F973_4	271	1209	1001	3914
M2390_4	M1439_4	271	1233	860	3378
M2390_4	M2527_4	271	1165	377	1451
M2390_4	M477_4	271	1290	1229	4714
M2527_4	F1147_4	271	1178	523	1302
M2527_4	F1523_4	271	1224	959	2210
M2527_4	F1540_4	271	1260	970	2332
M2527_4	F1587_4	271	1257	382	919
M2527_4	F1800_4	271	1279	103	252
M2527_4	F2329_4	271	1353	420	1007
M2527_4	F2398_4	271	1232	428	1041
M2527_4	F2418_4	271	1298	464	1127
M2527_4	F833_4	271	1202	533	1296
M2527_4	F973_4	271	1275	371	872
M2527_4	M1439_4	271	1202	219	516
M2527_4	M2390_4	271	1165	620	1455
M2527_4	M477_4	271	1205	894	2124
M477_4	F1147_4	271	1151	135	135
M477_4	F1523_4	271	1202	460	460
M477_4	F1540_4	271	1236	512	512
M477_4	F1587_4	271	1170	93	93
M477_4	F1800_4	271	1151	21	21
M477_4	F2329_4	271	1435	128	128
M477_4	F2398_4	271	1315	114	114
M477_4	F2418_4	271	1189	117	117
M477_4	F833_4	271	1195	157	157
M477_4	F973_4	271	1166	86	86
M477_4	M1439_4	271	1156	49	49
M477_4	M2390_4	271	1290	240	240
M477_4	M2527_4	271	1205	11	11
F1865_4	F1944_4	272	1136	102	413
F1865_4	F2127_4	272	1092	104	452
F1865_4	F2269_4	272	1146	398	1817
F1865_4	F2523_4	272	1258	733	3249
F1865_4	F2622_4	272	1364	546	2364
F1865_4	F632_4	272	1326	201	893
F1865_4	M1108_4	272	1375	180	846
F1865_4	M1376_4	272	1078	12	45
F1865_4	M1539_4	272	1086	42	159
F1865_4	M289_4	272	1225	100	406
F1865_4	M689_4	272	1359	780	3400
F1865_4	M768_4	272	1328	80	337
F1865_4	M854_4	272	1293	375	1559
F1944_4	F1865_4	272	1136	233	448
F1944_4	F2127_4	272	1337	73	149
F1944_4	F2269_4	272	1198	284	552
F1944_4	F2523_4	272	1329	522	1089
F1944_4	F2622_4	272	1256	362	741
F1944_4	F632_4	272	1132	102	207
F1944_4	M1108_4	272	1303	75	144
F1944_4	M1376_4	272	1312	10	21
F1944_4	M1539_4	272	1229	26	48
F1944_4	M289_4	272	1355	57	112
F1944_4	M689_4	272	1222	550	1146
F1944_4	M768_4	272	1187	27	58
F1944_4	M854_4	272	1375	221	439
F2127_4	F1865_4	272	1092	596	2173
F2127_4	F1944_4	272	1337	306	1099
F2127_4	F2269_4	272	1377	829	2967
F2127_4	F2523_4	272	1123	909	3215
F2127_4	F2622_4	272	1266	865	3112
F2127_4	F632_4	272	1304	442	1564
F2127_4	M1108_4	272	1230	330	1144
F2127_4	M1376_4	272	1298	52	175
F2127_4	M1539_4	272	1115	114	434
F2127_4	M289_4	272	1255	238	859
F2127_4	M689_4	272	1179	940	3501
F2127_4	M768_4	272	1223	154	566
F2127_4	M854_4	272	1193	581	2005
F2269_4	F1865_4	272	1146	427	788
F2269_4	F1944_4	272	1198	136	233
F2269_4	F2127_4	272	1377	148	286
F2269_4	F2523_4	272	1380	832	1524
F2269_4	F2622_4	272	1130	523	945
F2269_4	F632_4	272	1157	194	358
F2269_4	M1108_4	272	1146	147	263
F2269_4	M1376_4	272	1193	14	26
F2269_4	M1539_4	272	1248	64	128
F2269_4	M289_4	272	1297	138	249
F2269_4	M689_4	272	1339	828	1440
F2269_4	M768_4	272	1312	96	178
F2269_4	M854_4	272	1238	398	726
F2523_4	F1865_4	272	1258	430	828
F2523_4	F1944_4	272	1329	147	268
F2523_4	F2127_4	272	1123	127	247
F2523_4	F2269_4	272	1380	548	1040
F2523_4	F2622_4	272	1248	539	1048
F2523_4	F632_4	272	1242	218	401
F2523_4	M1108_4	272	1285	161	310
F2523_4	M1376_4	272	1326	17	31
F2523_4	M1539_4	272	1334	49	81
F2523_4	M289_4	272	1326	145	284
F2523_4	M689_4	272	1104	659	1257
F2523_4	M768_4	272	1252	87	167
F2523_4	M854_4	272	1186	332	656
F2622_4	F1865_4	272	1364	1200	2283
F2622_4	F1944_4	272	1256	771	1474
F2622_4	F2127_4	272	1266	744	1393
F2622_4	F2269_4	272	1130	1010	1969
F2622_4	F2523_4	272	1248	1182	2277
F2622_4	F632_4	272	1284	927	1799
F2622_4	M1108_4	272	1271	815	1589
F2622_4	M1376_4	272	1386	209	391
F2622_4	M1539_4	272	1151	420	823
F2622_4	M289_4	272	1275	748	1410
F2622_4	M689_4	272	1221	1162	2276
F2622_4	M768_4	272	1224	609	1200
F2622_4	M854_4	272	1320	1114	2213
F632_4	F1865_4	272	1326	806	1888
F632_4	F1944_4	272	1132	317	741
F632_4	F2127_4	272	1304	310	745
F632_4	F2269_4	272	1157	776	1791
F632_4	F2523_4	272	1242	1024	2326
F632_4	F2622_4	272	1284	887	2082
F632_4	M1108_4	272	1300	389	877
F632_4	M1376_4	272	1394	52	113
F632_4	M1539_4	272	1098	153	370
F632_4	M289_4	272	1294	291	679
F632_4	M689_4	272	1125	899	2084
F632_4	M768_4	272	1312	210	486
F632_4	M854_4	272	1061	558	1289
M1108_4	F1865_4	272	1375	1135	1135
M1108_4	F1944_4	272	1303	692	692
M1108_4	F2127_4	272	1230	646	646
M1108_4	F2269_4	272	1146	986	986
M1108_4	F2523_4	272	1285	1207	1207
M1108_4	F2622_4	272	1271	1122	1122
M1108_4	F632_4	272	1300	853	853
M1108_4	M1376_4	272	1163	140	140
M1108_4	M1539_4	272	1310	398	398
M1108_4	M289_4	272	1248	622	622
M1108_4	M689_4	272	1424	1342	1342
M1108_4	M768_4	272	1387	563	563
M1108_4	M854_4	272	1257	987	987
M1376_4	F1865_4	272	1078	258	480
M1376_4	F1944_4	272	1312	76	139
M1376_4	F2127_4	272	1298	65	122
M1376_4	F2269_4	272	1193	280	502
M1376_4	F2523_4	272	1326	548	1010
M1376_4	F2622_4	272	1386	371	695
M1376_4	F632_4	272	1394	101	185
M1376_4	M1108_4	272	1163	76	126
M1376_4	M1539_4	272	1377	27	51
M1376_4	M289_4	272	1355	53	93
M1376_4	M689_4	272	1314	549	1008
M1376_4	M768_4	272	1225	39	74
M1376_4	M854_4	272	1118	183	331
M1539_4	F1865_4	272	1086	551	566
M1539_4	F1944_4	272	1229	215	225
M1539_4	F2127_4	272	1115	176	186
M1539_4	F2269_4	272	1248	657	673
M1539_4	F2523_4	272	1334	987	1017
M1539_4	F2622_4	272	1151	699	720
M1539_4	F632_4	272	1098	295	307
M1539_4	M1108_4	272	1310	257	267
M1539_4	M1376_4	272	1377	31	33
M1539_4	M289_4	272	1291	199	205
M1539_4	M689_4	272	1254	923	958
M1539_4	M768_4	272	1307	140	149
M1539_4	M854_4	272	1406	530	543
M289_4	F1865_4	272	1225	304	304
M289_4	F1944_4	272	1355	89	89
M289_4	F2127_4	272	1255	74	74
M289_4	F2269_4	272	1297	331	331
M289_4	F2523_4	272	1326	626	626
M289_4	F2622_4	272	1275	397	397
M289_4	F632_4	272	1294	147	147
M289_4	M1108_4	272	1248	93	93
M289_4	M1376_4	272	1355	9	9
M289_4	M1539_4	272	1291	27	27
M289_4	M689_4	272	1187	529	529
M289_4	M768_4	272	1174	49	49
M289_4	M854_4	272	1310	252	252
M689_4	F1865_4	272	1359	1315	1315
M689_4	F1944_4	272	1222	1072	1072
M689_4	F2127_4	272	1179	1013	1013
M689_4	F2269_4	272	1339	1309	1309
M689_4	F2523_4	272	1104	1090	1090
M689_4	F2622_4	272	1221	1191	1191
M689_4	F632_4	272	1125	1033	1033
M689_4	M1108_4	272	1424	1285	1285
M689_4	M1376_4	272	1314	583	583
M689_4	M1539_4	272	1254	910	910
M689_4	M289_4	272	1187	1029	1029
M689_4	M768_4	272	1247	1016	1016
M689_4	M854_4	272	1193	1155	1155
M768_4	F1865_4	272	1328	1101	1565
M768_4	F1944_4	272	1187	648	917
M768_4	F2127_4	272	1223	633	916
M768_4	F2269_4	272	1312	1133	1627
M768_4	F2523_4	272	1252	1186	1664
M768_4	F2622_4	272	1224	1107	1555
M768_4	F632_4	272	1312	881	1254
M768_4	M1108_4	272	1387	815	1155
M768_4	M1376_4	272	1225	163	225
M768_4	M1539_4	272	1307	399	562
M768_4	M289_4	272	1174	639	902
M768_4	M689_4	272	1247	1167	1693
M768_4	M854_4	272	1233	989	1411
M854_4	F1865_4	272	1293	1102	1102
M854_4	F1944_4	272	1375	728	728
M854_4	F2127_4	272	1193	613	613
M854_4	F2269_4	272	1238	1047	1047
M854_4	F2523_4	272	1186	1103	1103
M854_4	F2622_4	272	1320	1159	1159
M854_4	F632_4	272	1061	678	678
M854_4	M1108_4	272	1257	749	749
M854_4	M1376_4	272	1118	130	130
M854_4	M1539_4	272	1406	429	429
M854_4	M289_4	272	1310	699	699
M854_4	M689_4	272	1193	1117	1117
M854_4	M768_4	272	1233	544	544
F1102_4	F1243_4	273	1486	433	785
F1102_4	F1939_4	273	1318	368	669
F1102_4	F2589_4	273	1312	825	1467
F1102_4	F39_4	273	1147	1076	1895
F1102_4	F42_4	273	1371	207	361
F1102_4	F464_4	273	1323	981	1776
F1102_4	F638_4	273	1294	1140	2082
F1102_4	M1000_4	273	1163	825	1490
F1102_4	M2146_4	273	1095	115	195
F1102_4	M2510_4	273	1162	110	201
F1102_4	M2633_4	273	1191	784	1407
F1102_4	M2785_4	273	1107	556	981
F1102_4	M504_4	273	1368	1052	1869
F1243_4	F1102_4	273	1486	467	467
F1243_4	F1939_4	273	1454	893	893
F1243_4	F2589_4	273	1191	1042	1042
F1243_4	F39_4	273	1399	1377	1377
F1243_4	F42_4	273	1154	533	533
F1243_4	F464_4	273	1253	1162	1162
F1243_4	F638_4	273	1231	1190	1190
F1243_4	M1000_4	273	1381	1255	1255
F1243_4	M2146_4	273	1333	414	414
F1243_4	M2510_4	273	1483	502	502
F1243_4	M2633_4	273	1316	1160	1160
F1243_4	M2785_4	273	1400	1134	1134
F1243_4	M504_4	273	1180	1074	1074
F1939_4	F1102_4	273	1318	45	69
F1939_4	F1243_4	273	1454	156	242
F1939_4	F2589_4	273	1316	425	658
F1939_4	F39_4	273	1227	1034	1617
F1939_4	F42_4	273	1068	53	76
F1939_4	F464_4	273	1312	608	912
F1939_4	F638_4	273	1232	857	1367
F1939_4	M1000_4	273	1252	503	795
F1939_4	M2146_4	273	1283	53	90
F1939_4	M2510_4	273	1281	46	67
F1939_4	M2633_4	273	1309	521	811
F1939_4	M2785_4	273	1355	292	461
F1939_4	M504_4	273	1304	596	934
F2589_4	F1102_4	273	1312	427	427
F2589_4	F1243_4	273	1191	721	721
F2589_4	F1939_4	273	1316	763	763
F2589_4	F39_4	273	1250	1225	1225
F2589_4	F42_4	273	1191	547	547
F2589_4	F464_4	273	1236	1152	1152
F2589_4	F638_4	273	1256	1224	1224
F2589_4	M1000_4	273	1169	1058	1058
F2589_4	M2146_4	273	1243	367	367
F2589_4	M2510_4	273	1207	380	380
F2589_4	M2633_4	273	1183	1042	1042
F2589_4	M2785_4	273	1238	963	963
F2589_4	M504_4	273	1322	1220	1220
F39_4	F1102_4	273	1147	17	17
F39_4	F1243_4	273	1399	58	58
F39_4	F1939_4	273	1227	57	57
F39_4	F2589_4	273	1250	199	199
F39_4	F42_4	273	1223	31	31
F39_4	F464_4	273	1240	318	318
F39_4	F638_4	273	1270	592	592
F39_4	M1000_4	273	1063	212	212
F39_4	M2146_4	273	1293	12	12
F39_4	M2510_4	273	1332	28	28
F39_4	M2633_4	273	1341	295	295
F39_4	M2785_4	273	1387	128	128
F39_4	M504_4	273	1183	332	332
F42_4	F1102_4	273	1371	99	200
F42_4	F1243_4	273	1154	233	471
F42_4	F1939_4	273	1068	203	396
F42_4	F2589_4	273	1191	623	1171
F42_4	F39_4	273	1223	1122	2150
F42_4	F464_4	273	1210	778	1529
F42_4	F638_4	273	1131	934	1801
F42_4	M1000_4	273	1250	732	1411
F42_4	M2146_4	273	1238	71	122
F42_4	M2510_4	273	1333	86	156
F42_4	M2633_4	273	1233	726	1409
F42_4	M2785_4	273	1148	453	902
F42_4	M504_4	273	1242	823	1594
F464_4	F1102_4	273	1323	76	136
F464_4	F1243_4	273	1253	243	488
F464_4	F1939_4	273	1312	227	453
F464_4	F2589_4	273	1236	587	1163
F464_4	F39_4	273	1240	1125	2202
F464_4	F42_4	273	1210	133	265
F464_4	F638_4	273	1237	1009	1985
F464_4	M1000_4	273	1153	646	1306
F464_4	M2146_4	273	1054	66	131
F464_4	M2510_4	273	1210	70	131
F464_4	M2633_4	273	1192	640	1292
F464_4	M2785_4	273	1134	423	819
F464_4	M504_4	273	1273	791	1608
F638_4	F1102_4	273	1294	1007	1007
F638_4	F1243_4	273	1231	1137	1137
F638_4	F1939_4	273	1232	1142	1142
F638_4	F2589_4	273	1256	1223	1223
F638_4	F39_4	273	1270	1267	1267
F638_4	F42_4	273	1131	972	972
F638_4	F464_4	273	1237	1225	1225
F638_4	M1000_4	273	1220	1198	1198
F638_4	M2146_4	273	1329	1030	1030
F638_4	M2510_4	273	1341	1071	1071
F638_4	M2633_4	273	1184	1163	1163
F638_4	M2785_4	273	1417	1381	1381
F638_4	M504_4	273	1353	1334	1334
M1000_4	F1102_4	273	1163	38	55
M1000_4	F1243_4	273	1381	143	231
M1000_4	F1939_4	273	1252	127	195
M1000_4	F2589_4	273	1169	388	608
M1000_4	F39_4	273	1063	895	1412
M1000_4	F42_4	273	1250	77	115
M1000_4	F464_4	273	1153	546	831
M1000_4	F638_4	273	1220	824	1299
M1000_4	M2146_4	273	1212	45	68
M1000_4	M2510_4	273	1078	40	62
M1000_4	M2633_4	273	1196	448	708
M1000_4	M2785_4	273	1248	270	413
M1000_4	M504_4	273	1243	586	893
M2146_4	F1102_4	273	1095	41	41
M2146_4	F1243_4	273	1333	188	188
M2146_4	F1939_4	273	1283	186	186
M2146_4	F2589_4	273	1243	488	488
M2146_4	F39_4	273	1293	1121	1121
M2146_4	F42_4	273	1238	104	104
M2146_4	F464_4	273	1054	590	590
M2146_4	F638_4	273	1329	1008	1008
M2146_4	M1000_4	273	1212	626	626
M2146_4	M2510_4	273	1227	66	66
M2146_4	M2633_4	273	1235	579	579
M2146_4	M2785_4	273	1174	336	336
M2146_4	M504_4	273	1201	672	672
M2510_4	F1102_4	273	1162	169	169
M2510_4	F1243_4	273	1483	600	600
M2510_4	F1939_4	273	1281	475	475
M2510_4	F2589_4	273	1207	878	878
M2510_4	F39_4	273	1332	1283	1283
M2510_4	F42_4	273	1333	354	354
M2510_4	F464_4	273	1210	1012	1012
M2510_4	F638_4	273	1341	1236	1236
M2510_4	M1000_4	273	1078	840	840
M2510_4	M2146_4	273	1227	184	184
M2510_4	M2633_4	273	1262	976	976
M2510_4	M2785_4	273	1212	764	764
M2510_4	M504_4	273	1201	993	993
M2633_4	F1102_4	273	1191	107	331
M2633_4	F1243_4	273	1316	378	1053
M2633_4	F1939_4	273	1309	346	997
M2633_4	F2589_4	273	1183	751	2026
M2633_4	F39_4	273	1341	1262	3543
M2633_4	F42_4	273	1233	223	621
M2633_4	F464_4	273	1192	913	2651
M2633_4	F638_4	273	1184	1055	2896
M2633_4	M1000_4	273	1196	841	2409
M2633_4	M2146_4	273	1235	131	374
M2633_4	M2510_4	273	1262	134	354
M2633_4	M2785_4	273	1241	627	1689
M2633_4	M504_4	273	1242	934	2588
M2785_4	F1102_4	273	1107	55	55
M2785_4	F1243_4	273	1400	248	248
M2785_4	F1939_4	273	1355	208	208
M2785_4	F2589_4	273	1238	547	547
M2785_4	F39_4	273	1387	1221	1221
M2785_4	F42_4	273	1148	97	97
M2785_4	F464_4	273	1134	648	648
M2785_4	F638_4	273	1417	1095	1095
M2785_4	M1000_4	273	1248	682	682
M2785_4	M2146_4	273	1174	54	54
M2785_4	M2510_4	273	1212	61	61
M2785_4	M2633_4	273	1241	628	628
M2785_4	M504_4	273	1258	775	775
M504_4	F1102_4	273	1368	24	34
M504_4	F1243_4	273	1180	83	129
M504_4	F1939_4	273	1304	70	97
M504_4	F2589_4	273	1322	277	404
M504_4	F39_4	273	1183	861	1239
M504_4	F42_4	273	1242	33	52
M504_4	F464_4	273	1273	412	602
M504_4	F638_4	273	1353	707	1014
M504_4	M1000_4	273	1243	312	448
M504_4	M2146_4	273	1201	19	30
M504_4	M2510_4	273	1201	15	23
M504_4	M2633_4	273	1242	320	454
M504_4	M2785_4	273	1258	159	234
F1088_4	F2160_4	274	1398	922	922
F1088_4	F2215_4	274	1267	447	447
F1088_4	F2570_4	274	1185	228	228
F1088_4	F385_4	274	1175	1030	1030
F1088_4	F625_4	274	1327	865	865
F1088_4	M1720_4	274	1190	864	864
F1088_4	M212_4	274	1343	931	931
F1088_4	M2371_4	274	1245	751	751
F1088_4	M2516_4	274	1165	917	917
F1088_4	M314_4	274	1354	1195	1195
F1088_4	M526_4	274	1250	977	977
F1088_4	M61_4	274	1200	953	953
F1088_4	M794_4	274	1184	704	704
F2160_4	F1088_4	274	1398	28	104
F2160_4	F2215_4	274	1151	35	138
F2160_4	F2570_4	274	1151	9	34
F2160_4	F385_4	274	1290	414	1415
F2160_4	F625_4	274	1309	101	339
F2160_4	M1720_4	274	1254	163	538
F2160_4	M212_4	274	1257	114	426
F2160_4	M2371_4	274	1283	106	371
F2160_4	M2516_4	274	1363	196	705
F2160_4	M314_4	274	1321	369	1212
F2160_4	M526_4	274	1302	205	688
F2160_4	M61_4	274	1264	209	731
F2160_4	M794_4	274	1293	101	344
F2215_4	F1088_4	274	1267	66	228
F2215_4	F2160_4	274	1151	242	814
F2215_4	F2570_4	274	1215	41	128
F2215_4	F385_4	274	1229	632	2158
F2215_4	F625_4	274	1225	226	729
F2215_4	M1720_4	274	1177	304	1102
F2215_4	M212_4	274	1177	251	880
F2215_4	M2371_4	274	1178	180	611
F2215_4	M2516_4	274	1341	437	1406
F2215_4	M314_4	274	1199	567	1891
F2215_4	M526_4	274	1224	390	1272
F2215_4	M61_4	274	1264	359	1226
F2215_4	M794_4	274	1320	206	655
F2570_4	F1088_4	274	1185	141	141
F2570_4	F2160_4	274	1151	451	451
F2570_4	F2215_4	274	1215	188	188
F2570_4	F385_4	274	1228	879	879
F2570_4	F625_4	274	1314	460	460
F2570_4	M1720_4	274	1212	595	595
F2570_4	M212_4	274	1354	559	559
F2570_4	M2371_4	274	1214	385	385
F2570_4	M2516_4	274	1296	693	693
F2570_4	M314_4	274	1259	922	922
F2570_4	M526_4	274	1227	664	664
F2570_4	M61_4	274	1339	746	746
F2570_4	M794_4	274	1311	388	388
F385_4	F1088_4	274	1175	355	355
F385_4	F2160_4	274	1290	821	821
F385_4	F2215_4	274	1229	386	386
F385_4	F2570_4	274	1228	217	217
F385_4	F625_4	274	1213	733	733
F385_4	M1720_4	274	1272	897	897
F385_4	M212_4	274	1262	859	859
F385_4	M2371_4	274	1260	750	750
F385_4	M2516_4	274	1241	919	919
F385_4	M314_4	274	1204	1063	1063
F385_4	M526_4	274	1419	1074	1074
F385_4	M61_4	274	1312	1005	1005
F385_4	M794_4	274	1264	718	718
F625_4	F1088_4	274	1327	400	400
F625_4	F2160_4	274	1309	829	829
F625_4	F2215_4	274	1225	418	418
F625_4	F2570_4	274	1314	237	237
F625_4	F385_4	274	1213	1048	1048
F625_4	M1720_4	274	1336	933	933
F625_4	M212_4	274	1204	779	779
F625_4	M2371_4	274	1230	685	685
F625_4	M2516_4	274	1241	962	962
F625_4	M314_4	274	1255	1086	1086
F625_4	M526_4	274	1317	984	984
F625_4	M61_4	274	1248	938	938
F625_4	M794_4	274	1425	830	830
M1720_4	F1088_4	274	1190	467	467
M1720_4	F2160_4	274	1254	937	937
M1720_4	F2215_4	274	1177	543	543
M1720_4	F2570_4	274	1212	290	290
M1720_4	F385_4	274	1272	1177	1177
M1720_4	F625_4	274	1336	956	956
M1720_4	M212_4	274	1227	909	909
M1720_4	M2371_4	274	1304	908	908
M1720_4	M2516_4	274	1163	988	988
M1720_4	M314_4	274	1221	1131	1131
M1720_4	M526_4	274	1236	1052	1052
M1720_4	M61_4	274	1373	1151	1151
M1720_4	M794_4	274	1410	952	952
M212_4	F1088_4	274	1343	234	234
M212_4	F2160_4	274	1257	524	524
M212_4	F2215_4	274	1177	219	219
M212_4	F2570_4	274	1354	132	132
M212_4	F385_4	274	1262	960	960
M212_4	F625_4	274	1204	488	488
M212_4	M1720_4	274	1227	629	629
M212_4	M2371_4	274	1175	432	432
M212_4	M2516_4	274	1398	812	812
M212_4	M314_4	274	1206	911	911
M212_4	M526_4	274	1255	787	787
M212_4	M61_4	274	1325	788	788
M212_4	M794_4	274	1411	524	524
M2371_4	F1088_4	274	1245	388	388
M2371_4	F2160_4	274	1283	848	848
M2371_4	F2215_4	274	1178	397	397
M2371_4	F2570_4	274	1214	238	238
M2371_4	F385_4	274	1260	1138	1138
M2371_4	F625_4	274	1230	774	774
M2371_4	M1720_4	274	1304	936	936
M2371_4	M212_4	274	1175	788	788
M2371_4	M2516_4	274	1324	1030	1030
M2371_4	M314_4	274	1344	1208	1208
M2371_4	M526_4	274	1253	1010	1010
M2371_4	M61_4	274	1195	945	945
M2371_4	M794_4	274	1311	758	758
M2516_4	F1088_4	274	1165	42	42
M2516_4	F2160_4	274	1363	219	219
M2516_4	F2215_4	274	1341	69	69
M2516_4	F2570_4	274	1296	35	35
M2516_4	F385_4	274	1241	556	556
M2516_4	F625_4	274	1241	173	173
M2516_4	M1720_4	274	1163	253	253
M2516_4	M212_4	274	1398	208	208
M2516_4	M2371_4	274	1324	179	179
M2516_4	M314_4	274	1190	515	515
M2516_4	M526_4	274	1272	345	345
M2516_4	M61_4	274	1193	337	337
M2516_4	M794_4	274	1167	158	158
M314_4	F1088_4	274	1354	99	368
M314_4	F2160_4	274	1321	352	1322
M314_4	F2215_4	274	1199	97	367
M314_4	F2570_4	274	1259	45	184
M314_4	F385_4	274	1204	716	2666
M314_4	F625_4	274	1255	276	1021
M314_4	M1720_4	274	1221	398	1540
M314_4	M212_4	274	1206	317	1265
M314_4	M2371_4	274	1344	256	945
M314_4	M2516_4	274	1190	479	1796
M314_4	M526_4	274	1197	454	1694
M314_4	M61_4	274	1229	504	1918
M314_4	M794_4	274	1120	226	876
M526_4	F1088_4	274	1250	727	1033
M526_4	F2160_4	274	1302	1119	1545
M526_4	F2215_4	274	1224	752	1034
M526_4	F2570_4	274	1227	546	733
M526_4	F385_4	274	1419	1377	1905
M526_4	F625_4	274	1317	1117	1548
M526_4	M1720_4	274	1236	1107	1562
M526_4	M212_4	274	1255	1102	1557
M526_4	M2371_4	274	1253	1032	1448
M526_4	M2516_4	274	1272	1172	1638
M526_4	M314_4	274	1197	1159	1641
M526_4	M61_4	274	1229	1137	1596
M526_4	M794_4	274	1332	1093	1493
M61_4	F1088_4	274	1200	212	212
M61_4	F2160_4	274	1264	556	556
M61_4	F2215_4	274	1264	250	250
M61_4	F2570_4	274	1339	144	144
M61_4	F385_4	274	1312	1029	1029
M61_4	F625_4	274	1248	545	545
M61_4	M1720_4	274	1373	755	755
M61_4	M212_4	274	1325	623	623
M61_4	M2371_4	274	1195	463	463
M61_4	M2516_4	274	1193	734	734
M61_4	M314_4	274	1229	967	967
M61_4	M526_4	274	1229	784	784
M61_4	M794_4	274	1186	456	456
M794_4	F1088_4	274	1184	392	947
M794_4	F2160_4	274	1293	902	2275
M794_4	F2215_4	274	1320	464	1131
M794_4	F2570_4	274	1311	274	698
M794_4	F385_4	274	1264	1130	2786
M794_4	F625_4	274	1425	930	2329
M794_4	M1720_4	274	1410	1070	2623
M794_4	M212_4	274	1411	990	2431
M794_4	M2371_4	274	1311	805	2047
M794_4	M2516_4	274	1167	952	2277
M794_4	M314_4	274	1120	1007	2482
M794_4	M526_4	274	1332	1050	2566
M794_4	M61_4	274	1186	945	2380
F1130_4	F1383_4	275	1255	1125	1878
F1130_4	F1570_4	275	1349	645	1095
F1130_4	F1852_4	275	1243	556	919
F1130_4	F2093_4	275	1182	1124	1815
F1130_4	F985_4	275	1181	1020	1669
F1130_4	M1444_4	275	1252	1202	2023
F1130_4	M1558_4	275	1354	1209	2001
F1130_4	M1738_4	275	1334	984	1610
F1130_4	M174_4	275	1244	1095	1809
F1130_4	M2091_4	275	1262	1202	1992
F1130_4	M2357_4	275	1265	770	1267
F1130_4	M557_4	275	1278	975	1595
F1130_4	M56_4	275	1162	996	1631
F1383_4	F1130_4	275	1255	1141	1141
F1383_4	F1570_4	275	1221	737	737
F1383_4	F1852_4	275	1256	733	733
F1383_4	F2093_4	275	1154	1118	1118
F1383_4	F985_4	275	1178	1070	1070
F1383_4	M1444_4	275	1265	1234	1234
F1383_4	M1558_4	275	1483	1379	1379
F1383_4	M1738_4	275	1318	1117	1117
F1383_4	M174_4	275	1211	1122	1122
F1383_4	M2091_4	275	1211	1169	1169
F1383_4	M2357_4	275	1205	888	888
F1383_4	M557_4	275	1428	1215	1215
F1383_4	M56_4	275	1203	1098	1098
F1570_4	F1130_4	275	1349	562	2143
F1570_4	F1383_4	275	1221	638	2340
F1570_4	F1852_4	275	1394	119	468
F1570_4	F2093_4	275	1267	803	3045
F1570_4	F985_4	275	1158	470	1746
F1570_4	M1444_4	275	1069	790	2943
F1570_4	M1558_4	275	1280	600	2303
F1570_4	M1738_4	275	1209	276	1015
F1570_4	M174_4	275	1306	628	2334
F1570_4	M2091_4	275	1348	870	3239
F1570_4	M2357_4	275	1108	171	634
F1570_4	M557_4	275	1263	301	1136
F1570_4	M56_4	275	1345	515	1978
F1852_4	F1130_4	275	1243	647	1316
F1852_4	F1383_4	275	1256	829	1665
F1852_4	F1570_4	275	1394	220	457
F1852_4	F2093_4	275	1371	1021	2063
F1852_4	F985_4	275	1330	736	1507
F1852_4	M1444_4	275	1283	1066	2171
F1852_4	M1558_4	275	1151	659	1354
F1852_4	M1738_4	275	1161	421	842
F1852_4	M174_4	275	1167	730	1501
F1852_4	M2091_4	275	1362	1001	2027
F1852_4	M2357_4	275	1328	344	700
F1852_4	M557_4	275	1331	533	1073
F1852_4	M56_4	275	1356	729	1484
F2093_4	F1130_4	275	1182	1132	1132
F2093_4	F1383_4	275	1154	1135	1135
F2093_4	F1570_4	275	1267	985	985
F2093_4	F1852_4	275	1371	1059	1059
F2093_4	F985_4	275	1150	1102	1102
F2093_4	M1444_4	275	1418	1408	1408
F2093_4	M1558_4	275	1227	1187	1187
F2093_4	M1738_4	275	1203	1097	1097
F2093_4	M174_4	275	1280	1234	1234
F2093_4	M2091_4	275	1244	1220	1220
F2093_4	M2357_4	275	1259	1108	1108
F2093_4	M557_4	275	1426	1324	1324
F2093_4	M56_4	275	1188	1152	1152
F985_4	F1130_4	275	1181	912	912
F985_4	F1383_4	275	1178	992	992
F985_4	F1570_4	275	1158	395	395
F985_4	F1852_4	275	1330	431	431
F985_4	F2093_4	275	1150	1026	1026
F985_4	M1444_4	275	1190	1118	1118
F985_4	M1558_4	275	1194	968	968
F985_4	M1738_4	275	1324	804	804
F985_4	M174_4	275	1288	1058	1058
F985_4	M2091_4	275	1302	1155	1155
F985_4	M2357_4	275	1250	621	621
F985_4	M557_4	275	1221	811	811
F985_4	M56_4	275	1356	1024	1024
M1444_4	F1130_4	275	1252	1236	1837
M1444_4	F1383_4	275	1265	1255	1833
M1444_4	F1570_4	275	1069	980	1463
M1444_4	F1852_4	275	1283	1177	1707
M1444_4	F2093_4	275	1418	1414	2022
M1444_4	F985_4	275	1190	1175	1735
M1444_4	M1558_4	275	1241	1233	1772
M1444_4	M1738_4	275	1345	1312	1890
M1444_4	M174_4	275	1248	1237	1839
M1444_4	M2091_4	275	1324	1320	1941
M1444_4	M2357_4	275	1229	1173	1739
M1444_4	M557_4	275	1255	1223	1804
M1444_4	M56_4	275	1252	1235	1775
M1558_4	F1130_4	275	1354	790	2004
M1558_4	F1383_4	275	1483	1024	2653
M1558_4	F1570_4	275	1280	209	564
M1558_4	F1852_4	275	1151	164	443
M1558_4	F2093_4	275	1227	939	2444
M1558_4	F985_4	275	1194	679	1805
M1558_4	M1444_4	275	1241	1012	2617
M1558_4	M1738_4	275	1375	516	1362
M1558_4	M174_4	275	1399	920	2392
M1558_4	M2091_4	275	1281	971	2626
M1558_4	M2357_4	275	1274	377	928
M1558_4	M557_4	275	1382	597	1524
M1558_4	M56_4	275	1199	689	1744
M1738_4	F1130_4	275	1334	698	2390
M1738_4	F1383_4	275	1318	819	2802
M1738_4	F1570_4	275	1209	174	592
M1738_4	F1852_4	275	1161	124	443
M1738_4	F2093_4	275	1203	893	3070
M1738_4	F985_4	275	1324	704	2398
M1738_4	M1444_4	275	1345	1096	3745
M1738_4	M1558_4	275	1375	800	2735
M1738_4	M174_4	275	1256	739	2510
M1738_4	M2091_4	275	1134	811	2773
M1738_4	M2357_4	275	1246	277	977
M1738_4	M557_4	275	1257	449	1501
M1738_4	M56_4	275	1203	588	1977
M174_4	F1130_4	275	1244	396	418
M174_4	F1383_4	275	1211	480	507
M174_4	F1570_4	275	1306	80	86
M174_4	F1852_4	275	1167	63	67
M174_4	F2093_4	275	1280	675	708
M174_4	F985_4	275	1288	402	428
M174_4	M1444_4	275	1248	812	857
M174_4	M1558_4	275	1399	495	530
M174_4	M1738_4	275	1256	187	199
M174_4	M2091_4	275	1297	668	702
M174_4	M2357_4	275	1400	141	148
M174_4	M557_4	275	1467	278	298
M174_4	M56_4	275	1286	392	407
M2091_4	F1130_4	275	1262	116	120
M2091_4	F1383_4	275	1211	171	187
M2091_4	F1570_4	275	1348	22	23
M2091_4	F1852_4	275	1362	19	22
M2091_4	F2093_4	275	1244	255	278
M2091_4	F985_4	275	1302	126	133
M2091_4	M1444_4	275	1324	380	409
M2091_4	M1558_4	275	1281	147	162
M2091_4	M1738_4	275	1134	53	57
M2091_4	M174_4	275	1297	167	176
M2091_4	M2357_4	275	1179	28	32
M2091_4	M557_4	275	1227	75	81
M2091_4	M56_4	275	1212	108	117
M2357_4	F1130_4	275	1265	1043	1043
M2357_4	F1383_4	275	1205	1040	1040
M2357_4	F1570_4	275	1108	423	423
M2357_4	F1852_4	275	1328	494	494
M2357_4	F2093_4	275	1259	1161	1161
M2357_4	F985_4	275	1250	1049	1049
M2357_4	M1444_4	275	1229	1159	1159
M2357_4	M1558_4	275	1274	1081	1081
M2357_4	M1738_4	275	1246	821	821
M2357_4	M174_4	275	1400	1204	1204
M2357_4	M2091_4	275	1179	1077	1077
M2357_4	M557_4	275	1336	912	912
M2357_4	M56_4	275	1226	994	994
M557_4	F1130_4	275	1278	336	626
M557_4	F1383_4	275	1428	525	992
M557_4	F1570_4	275	1263	58	96
M557_4	F1852_4	275	1331	57	92
M557_4	F2093_4	275	1426	712	1347
M557_4	F985_4	275	1221	360	682
M557_4	M1444_4	275	1255	758	1385
M557_4	M1558_4	275	1382	426	828
M557_4	M1738_4	275	1257	190	327
M557_4	M174_4	275	1467	548	1018
M557_4	M2091_4	275	1227	553	1007
M557_4	M2357_4	275	1336	122	219
M557_4	M56_4	275	1336	360	669
M56_4	F1130_4	275	1162	742	742
M56_4	F1383_4	275	1203	895	895
M56_4	F1570_4	275	1345	265	265
M56_4	F1852_4	275	1356	268	268
M56_4	F2093_4	275	1188	979	979
M56_4	F985_4	275	1356	883	883
M56_4	M1444_4	275	1252	1115	1115
M56_4	M1558_4	275	1199	838	838
M56_4	M1738_4	275	1203	519	519
M56_4	M174_4	275	1286	934	934
M56_4	M2091_4	275	1212	976	976
M56_4	M2357_4	275	1226	428	428
M56_4	M557_4	275	1336	663	663
F104_4	F1094_4	276	1273	959	2155
F104_4	F1292_4	276	1206	972	2264
F104_4	F161_4	276	1248	989	2279
F104_4	F1983_4	276	1213	468	1059
F104_4	F2104_4	276	1153	881	2033
F104_4	F2581_4	276	1224	628	1494
F104_4	F809_4	276	1326	1270	2947
F104_4	F951_4	276	1234	1214	2795
F104_4	M100_4	276	1150	464	1051
F104_4	M1043_4	276	1244	916	2110
F104_4	M2248_4	276	1150	866	2004
F104_4	M512_4	276	1193	891	2060
F104_4	M547_4	276	1267	1172	2677
F1094_4	F104_4	276	1273	316	316
F1094_4	F1292_4	276	1139	227	227
F1094_4	F161_4	276	1222	223	223
F1094_4	F1983_4	276	1199	44	44
F1094_4	F2104_4	276	1365	260	260
F1094_4	F2581_4	276	1317	76	76
F1094_4	F809_4	276	1363	733	733
F1094_4	F951_4	276	1286	941	941
F1094_4	M100_4	276	1271	54	54
F1094_4	M1043_4	276	1313	205	205
F1094_4	M2248_4	276	1206	176	176
F1094_4	M512_4	276	1233	190	190
F1094_4	M547_4	276	1189	509	509
F1292_4	F104_4	276	1206	657	657
F1292_4	F1094_4	276	1139	423	423
F1292_4	F161_4	276	1292	616	616
F1292_4	F1983_4	276	1347	148	148
F1292_4	F2104_4	276	1128	500	500
F1292_4	F2581_4	276	1332	256	256
F1292_4	F809_4	276	1210	1007	1007
F1292_4	F951_4	276	1165	1065	1065
F1292_4	M100_4	276	1096	147	147
F1292_4	M1043_4	276	1071	419	419
F1292_4	M2248_4	276	1232	502	502
F1292_4	M512_4	276	1482	589	589
F1292_4	M547_4	276	1570	1161	1161
F161_4	F104_4	276	1248	565	578
F161_4	F1094_4	276	1222	365	377
F161_4	F1292_4	276	1292	486	507
F161_4	F1983_4	276	1144	111	113
F161_4	F2104_4	276	1245	462	479
F161_4	F2581_4	276	1225	139	141
F161_4	F809_4	276	1325	992	1021
F161_4	F951_4	276	1328	1168	1199
F161_4	M100_4	276	1223	112	114
F161_4	M1043_4	276	1283	395	401
F161_4	M2248_4	276	1283	405	415
F161_4	M512_4	276	1228	409	420
F161_4	M547_4	276	1208	796	815
F1983_4	F104_4	276	1213	936	2555
F1983_4	F1094_4	276	1199	722	1989
F1983_4	F1292_4	276	1347	971	2650
F1983_4	F161_4	276	1144	800	2258
F1983_4	F2104_4	276	1251	840	2307
F1983_4	F2581_4	276	1397	508	1379
F1983_4	F809_4	276	1377	1288	3545
F1983_4	F951_4	276	1382	1339	3633
F1983_4	M100_4	276	1225	359	995
F1983_4	M1043_4	276	1242	761	2136
F1983_4	M2248_4	276	1295	799	2235
F1983_4	M512_4	276	1351	870	2435
F1983_4	M547_4	276	1270	1100	2982
F2104_4	F104_4	276	1153	707	707
F2104_4	F1094_4	276	1365	580	580
F2104_4	F1292_4	276	1128	637	637
F2104_4	F161_4	276	1245	645	645
F2104_4	F1983_4	276	1251	179	179
F2104_4	F2581_4	276	1177	250	250
F2104_4	F809_4	276	1206	1010	1010
F2104_4	F951_4	276	1250	1161	1161
F2104_4	M100_4	276	1196	166	166
F2104_4	M1043_4	276	1390	627	627
F2104_4	M2248_4	276	1200	521	521
F2104_4	M512_4	276	1209	596	596
F2104_4	M547_4	276	1271	1006	1006
F2581_4	F104_4	276	1224	708	708
F2581_4	F1094_4	276	1317	509	509
F2581_4	F1292_4	276	1332	681	681
F2581_4	F161_4	276	1225	577	577
F2581_4	F1983_4	276	1397	175	175
F2581_4	F2104_4	276	1177	474	474
F2581_4	F809_4	276	1135	929	929
F2581_4	F951_4	276	1072	981	981
F2581_4	M100_4	276	1152	166	166
F2581_4	M1043_4	276	1215	468	468
F2581_4	M2248_4	276	1285	522	522
F2581_4	M512_4	276	1129	476	476
F2581_4	M547_4	276	1351	996	996
F809_4	F104_4	276	1326	1304	3318
F809_4	F1094_4	276	1363	1304	3233
F809_4	F1292_4	276	1210	1170	2835
F809_4	F161_4	276	1325	1277	3076
F809_4	F1983_4	276	1377	1139	2755
F809_4	F2104_4	276	1206	1157	2898
F809_4	F2581_4	276	1135	1015	2464
F809_4	F951_4	276	1237	1233	3106
F809_4	M100_4	276	1275	1053	2611
F809_4	M1043_4	276	1201	1144	2829
F809_4	M2248_4	276	1173	1126	2791
F809_4	M512_4	276	1101	1063	2650
F809_4	M547_4	276	1166	1159	2842
F951_4	F104_4	276	1234	1167	3785
F951_4	F1094_4	276	1286	1142	3595
F951_4	F1292_4	276	1165	1073	3394
F951_4	F161_4	276	1328	1206	3878
F951_4	F1983_4	276	1382	892	2895
F951_4	F2104_4	276	1250	1151	3707
F951_4	F2581_4	276	1072	783	2535
F951_4	F809_4	276	1237	1223	3907
F951_4	M100_4	276	1254	818	2635
F951_4	M1043_4	276	1133	1007	3219
F951_4	M2248_4	276	1439	1278	4087
F951_4	M512_4	276	1235	1122	3635
F951_4	M547_4	276	1214	1179	3783
M100_4	F104_4	276	1150	952	2104
M100_4	F1094_4	276	1271	882	1942
M100_4	F1292_4	276	1096	862	1967
M100_4	F161_4	276	1223	916	2075
M100_4	F1983_4	276	1225	461	1012
M100_4	F2104_4	276	1196	908	2019
M100_4	F2581_4	276	1152	573	1293
M100_4	F809_4	276	1275	1201	2663
M100_4	F951_4	276	1254	1222	2792
M100_4	M1043_4	276	1102	824	1838
M100_4	M2248_4	276	1279	915	2038
M100_4	M512_4	276	1368	1004	2235
M100_4	M547_4	276	1113	1023	2269
M1043_4	F104_4	276	1244	499	1046
M1043_4	F1094_4	276	1313	340	713
M1043_4	F1292_4	276	1071	362	778
M1043_4	F161_4	276	1283	392	829
M1043_4	F1983_4	276	1242	81	160
M1043_4	F2104_4	276	1390	403	824
M1043_4	F2581_4	276	1215	117	251
M1043_4	F809_4	276	1201	856	1802
M1043_4	F951_4	276	1133	971	2029
M1043_4	M100_4	276	1102	81	166
M1043_4	M2248_4	276	1441	372	759
M1043_4	M512_4	276	1299	347	704
M1043_4	M547_4	276	1343	803	1652
M2248_4	F104_4	276	1150	1026	1026
M2248_4	F1094_4	276	1206	935	935
M2248_4	F1292_4	276	1232	1045	1045
M2248_4	F161_4	276	1283	1092	1092
M2248_4	F1983_4	276	1295	587	587
M2248_4	F2104_4	276	1200	1014	1014
M2248_4	F2581_4	276	1285	766	766
M2248_4	F809_4	276	1173	1137	1137
M2248_4	F951_4	276	1439	1412	1412
M2248_4	M100_4	276	1279	580	580
M2248_4	M1043_4	276	1441	1151	1151
M2248_4	M512_4	276	1114	905	905
M2248_4	M547_4	276	1172	1117	1117
M512_4	F104_4	276	1193	778	2578
M512_4	F1094_4	276	1233	564	1760
M512_4	F1292_4	276	1482	843	2779
M512_4	F161_4	276	1228	651	2127
M512_4	F1983_4	276	1351	215	713
M512_4	F2104_4	276	1209	641	2108
M512_4	F2581_4	276	1129	283	971
M512_4	F809_4	276	1101	949	3107
M512_4	F951_4	276	1235	1149	3741
M512_4	M100_4	276	1368	195	662
M512_4	M1043_4	276	1299	639	2096
M512_4	M2248_4	276	1114	539	1793
M512_4	M547_4	276	1244	989	3357
M547_4	F104_4	276	1267	1095	2537
M547_4	F1094_4	276	1189	881	2089
M547_4	F1292_4	276	1570	1294	3005
M547_4	F161_4	276	1208	971	2277
M547_4	F1983_4	276	1270	532	1231
M547_4	F2104_4	276	1271	1011	2342
M547_4	F2581_4	276	1351	681	1601
M547_4	F809_4	276	1166	1108	2539
M547_4	F951_4	276	1214	1188	2772
M547_4	M100_4	276	1113	483	1118
M547_4	M1043_4	276	1343	1021	2405
M547_4	M2248_4	276	1172	895	2080
M547_4	M512_4	276	1244	972	2237
F1012_4	F1162_4	277	1238	1197	1346
F1012_4	F1311_4	277	1404	1319	1490
F1012_4	F1543_4	277	1230	1054	1193
F1012_4	F1595_4	277	1338	1174	1313
F1012_4	F1697_4	277	1203	1154	1303
F1012_4	F2299_4	277	1391	1154	1272
F1012_4	F233_4	277	1297	646	713
F1012_4	F731_4	277	1288	1244	1401
F1012_4	M119_4	277	1277	1132	1262
F1012_4	M1838_4	277	1352	1247	1404
F1012_4	M1903_4	277	1274	837	941
F1012_4	M2552_4	277	1379	1154	1308
F1012_4	M464_4	277	1301	1272	1423
F1162_4	F1012_4	277	1238	504	1100
F1162_4	F1311_4	277	1165	724	1620
F1162_4	F1543_4	277	1305	446	1009
F1162_4	F1595_4	277	1227	512	1139
F1162_4	F1697_4	277	1335	907	1962
F1162_4	F2299_4	277	1348	383	823
F1162_4	F233_4	277	1309	112	229
F1162_4	F731_4	277	1323	975	2161
F1162_4	M119_4	277	1249	557	1190
F1162_4	M1838_4	277	1114	611	1334
F1162_4	M1903_4	277	1214	182	392
F1162_4	M2552_4	277	1204	381	866
F1162_4	M464_4	277	1346	1041	2278
F1311_4	F1012_4	277	1404	26	26
F1311_4	F1162_4	277	1165	83	83
F1311_4	F1543_4	277	1291	11	11
F1311_4	F1595_4	277	1167	34	34
F1311_4	F1697_4	277	1164	70	70
F1311_4	F2299_4	277	1309	22	22
F1311_4	F233_4	277	1340	0	0
F1311_4	F731_4	277	1172	92	92
F1311_4	M119_4	277	1288	37	37
F1311_4	M1838_4	277	1324	34	34
F1311_4	M1903_4	277	1260	7	7
F1311_4	M2552_4	277	1307	14	14
F1311_4	M464_4	277	1408	109	109
F1543_4	F1012_4	277	1230	792	792
F1543_4	F1162_4	277	1305	1160	1160
F1543_4	F1311_4	277	1291	1080	1080
F1543_4	F1595_4	277	1319	922	922
F1543_4	F1697_4	277	1261	1116	1116
F1543_4	F2299_4	277	1178	653	653
F1543_4	F233_4	277	1080	225	225
F1543_4	F731_4	277	1281	1138	1138
F1543_4	M119_4	277	1354	983	983
F1543_4	M1838_4	277	1314	1033	1033
F1543_4	M1903_4	277	1234	449	449
F1543_4	M2552_4	277	1247	722	722
F1543_4	M464_4	277	1215	1107	1107
F1595_4	F1012_4	277	1338	898	898
F1595_4	F1162_4	277	1227	1094	1094
F1595_4	F1311_4	277	1167	988	988
F1595_4	F1543_4	277	1319	788	788
F1595_4	F1697_4	277	1185	1065	1065
F1595_4	F2299_4	277	1252	709	709
F1595_4	F233_4	277	1171	273	273
F1595_4	F731_4	277	1318	1187	1187
F1595_4	M119_4	277	1248	850	850
F1595_4	M1838_4	277	1204	927	927
F1595_4	M1903_4	277	1087	384	384
F1595_4	M2552_4	277	1271	737	737
F1595_4	M464_4	277	1249	1145	1145
F1697_4	F1012_4	277	1203	460	1076
F1697_4	F1162_4	277	1335	971	2239
F1697_4	F1311_4	277	1164	726	1688
F1697_4	F1543_4	277	1261	389	894
F1697_4	F1595_4	277	1185	488	1123
F1697_4	F2299_4	277	1238	331	792
F1697_4	F233_4	277	1376	97	223
F1697_4	F731_4	277	1335	968	2188
F1697_4	M119_4	277	1321	534	1155
F1697_4	M1838_4	277	1258	662	1569
F1697_4	M1903_4	277	1227	185	437
F1697_4	M2552_4	277	1345	389	904
F1697_4	M464_4	277	1269	967	2189
F2299_4	F1012_4	277	1391	204	256
F2299_4	F1162_4	277	1348	609	746
F2299_4	F1311_4	277	1309	428	547
F2299_4	F1543_4	277	1178	174	223
F2299_4	F1595_4	277	1252	244	292
F2299_4	F1697_4	277	1238	472	603
F2299_4	F233_4	277	1153	20	24
F2299_4	F731_4	277	1235	565	698
F2299_4	M119_4	277	1282	257	306
F2299_4	M1838_4	277	1262	330	417
F2299_4	M1903_4	277	1493	71	91
F2299_4	M2552_4	277	1192	135	171
F2299_4	M464_4	277	1206	633	790
F233_4	F1012_4	277	1297	684	1678
F233_4	F1162_4	277	1309	1091	2700
F233_4	F1311_4	277	1340	1015	2473
F233_4	F1543_4	277	1080	492	1228
F233_4	F1595_4	277	1171	721	1798
F233_4	F1697_4	277	1376	1113	2730
F233_4	F2299_4	277	1153	502	1250
F233_4	F731_4	277	1303	1092	2688
F233_4	M119_4	277	1244	730	1811
F233_4	M1838_4	277	1325	887	2244
F233_4	M1903_4	277	1264	322	789
F233_4	M2552_4	277	1291	567	1400
F233_4	M464_4	277	1299	1106	2776
F731_4	F1012_4	277	1288	861	2045
F731_4	F1162_4	277	1323	1171	2664
F731_4	F1311_4	277	1172	992	2247
F731_4	F1543_4	277	1281	779	1776
F731_4	F1595_4	277	1318	924	2111
F731_4	F1697_4	277	1335	1157	2698
F731_4	F2299_4	277	1235	680	1603
F731_4	F233_4	277	1303	310	716
F731_4	M119_4	277	1298	903	2117
F731_4	M1838_4	277	1255	1007	2301
F731_4	M1903_4	277	1411	504	1140
F731_4	M2552_4	277	1311	801	1842
F731_4	M464_4	277	1354	1236	2900
M119_4	F1012_4	277	1277	914	914
M119_4	F1162_4	277	1249	1132	1132
M119_4	F1311_4	277	1288	1106	1106
M119_4	F1543_4	277	1354	865	865
M119_4	F1595_4	277	1248	906	906
M119_4	F1697_4	277	1321	1186	1186
M119_4	F2299_4	277	1282	782	782
M119_4	F233_4	277	1244	327	327
M119_4	F731_4	277	1298	1178	1178
M119_4	M1838_4	277	1267	1010	1010
M119_4	M1903_4	277	1207	479	479
M119_4	M2552_4	277	1342	858	858
M119_4	M464_4	277	1207	1127	1127
M1838_4	F1012_4	277	1352	243	243
M1838_4	F1162_4	277	1114	541	541
M1838_4	F1311_4	277	1324	532	532
M1838_4	F1543_4	277	1314	188	188
M1838_4	F1595_4	277	1204	261	261
M1838_4	F1697_4	277	1258	556	556
M1838_4	F2299_4	277	1262	167	167
M1838_4	F233_4	277	1325	44	44
M1838_4	F731_4	277	1255	620	620
M1838_4	M119_4	277	1267	285	285
M1838_4	M1903_4	277	1389	86	86
M1838_4	M2552_4	277	1308	190	190
M1838_4	M464_4	277	1125	649	649
M1903_4	F1012_4	277	1274	130	367
M1903_4	F1162_4	277	1214	369	1086
M1903_4	F1311_4	277	1260	275	809
M1903_4	F1543_4	277	1234	84	260
M1903_4	F1595_4	277	1087	114	345
M1903_4	F1697_4	277	1227	339	998
M1903_4	F2299_4	277	1493	81	220
M1903_4	F233_4	277	1264	19	63
M1903_4	F731_4	277	1411	468	1388
M1903_4	M119_4	277	1207	121	395
M1903_4	M1838_4	277	1389	209	585
M1903_4	M2552_4	277	1275	80	236
M1903_4	M464_4	277	1278	476	1332
M2552_4	F1012_4	277	1379	231	231
M2552_4	F1162_4	277	1204	521	521
M2552_4	F1311_4	277	1307	440	440
M2552_4	F1543_4	277	1247	136	136
M2552_4	F1595_4	277	1271	220	220
M2552_4	F1697_4	277	1345	519	519
M2552_4	F2299_4	277	1192	122	122
M2552_4	F233_4	277	1291	41	41
M2552_4	F731_4	277	1311	597	597
M2552_4	M119_4	277	1342	245	245
M2552_4	M1838_4	277	1308	329	329
M2552_4	M1903_4	277	1275	69	69
M2552_4	M464_4	277	1231	606	606
M464_4	F1012_4	277	1301	415	1737
M464_4	F1162_4	277	1346	884	3662
M464_4	F1311_4	277	1408	780	3176
M464_4	F1543_4	277	1215	320	1293
M464_4	F1595_4	277	1249	471	1883
M464_4	F1697_4	277	1269	799	3200
M464_4	F2299_4	277	1206	280	1103
M464_4	F233_4	277	1299	92	365
M464_4	F731_4	277	1354	918	3664
M464_4	M119_4	277	1207	421	1709
M464_4	M1838_4	277	1125	500	2051
M464_4	M1903_4	277	1278	151	607
M464_4	M2552_4	277	1231	306	1272
F1293_4	F1476_4	278	1305	400	1308
F1293_4	F1773_4	278	1217	725	2395
F1293_4	F1792_4	278	1132	407	1280
F1293_4	F297_4	278	1192	962	3069
F1293_4	F333_4	278	1369	863	2777
F1293_4	F538_4	278	1084	524	1635
F1293_4	F726_4	278	1283	80	270
F1293_4	F771_4	278	1246	634	2021
F1293_4	F90_4	278	1315	799	2609
F1293_4	F954_4	278	1277	448	1447
F1293_4	F984_4	278	1333	1271	4155
F1293_4	M1526_4	278	1309	347	1111
F1293_4	M577_4	278	1269	809	2568
F1476_4	F1293_4	278	1305	172	172
F1476_4	F1773_4	278	1267	334	334
F1476_4	F1792_4	278	1079	175	175
F1476_4	F297_4	278	1353	708	708
F1476_4	F333_4	278	1070	352	352
F1476_4	F538_4	278	1312	219	219
F1476_4	F726_4	278	1283	21	21
F1476_4	F771_4	278	1209	279	279
F1476_4	F90_4	278	1188	318	318
F1476_4	F954_4	278	1318	166	166
F1476_4	F984_4	278	1303	1102	1102
F1476_4	M1526_4	278	1184	130	130
F1476_4	M577_4	278	1289	394	394
F1773_4	F1293_4	278	1217	789	789
F1773_4	F1476_4	278	1267	773	773
F1773_4	F1792_4	278	1200	774	774
F1773_4	F297_4	278	1240	1152	1152
F1773_4	F333_4	278	1200	1011	1011
F1773_4	F538_4	278	1252	927	927
F1773_4	F726_4	278	1315	243	243
F1773_4	F771_4	278	1474	1136	1136
F1773_4	F90_4	278	1190	976	976
F1773_4	F954_4	278	1222	733	733
F1773_4	F984_4	278	1262	1236	1236
F1773_4	M1526_4	278	1136	594	594
F1773_4	M577_4	278	1310	1079	1079
F1792_4	F1293_4	278	1132	596	596
F1792_4	F1476_4	278	1079	490	490
F1792_4	F1773_4	278	1200	839	839
F1792_4	F297_4	278	1271	1124	1124
F1792_4	F333_4	278	1304	959	959
F1792_4	F538_4	278	1172	676	676
F1792_4	F726_4	278	1386	128	128
F1792_4	F771_4	278	1272	836	836
F1792_4	F90_4	278	1196	854	854
F1792_4	F954_4	278	1257	578	578
F1792_4	F984_4	278	1326	1284	1284
F1792_4	M1526_4	278	1222	486	486
F1792_4	M577_4	278	1274	908	908
F297_4	F1293_4	278	1192	869	990
F297_4	F1476_4	278	1353	928	1068
F297_4	F1773_4	278	1240	1069	1264
F297_4	F1792_4	278	1271	916	1068
F297_4	F333_4	278	1427	1249	1427
F297_4	F538_4	278	1171	916	1067
F297_4	F726_4	278	1261	268	320
F297_4	F771_4	278	1255	1027	1181
F297_4	F90_4	278	1244	1058	1223
F297_4	F954_4	278	1286	868	1010
F297_4	F984_4	278	1286	1274	1457
F297_4	M1526_4	278	1225	757	873
F297_4	M577_4	278	1378	1230	1440
F333_4	F1293_4	278	1369	258	702
F333_4	F1476_4	278	1070	161	396
F333_4	F1773_4	278	1200	385	984
F333_4	F1792_4	278	1304	209	519
F333_4	F297_4	278	1427	840	2164
F333_4	F538_4	278	1291	294	808
F333_4	F726_4	278	1351	22	55
F333_4	F771_4	278	1269	332	838
F333_4	F90_4	278	1310	432	1131
F333_4	F954_4	278	1165	168	468
F333_4	F984_4	278	1209	1057	2687
F333_4	M1526_4	278	1179	148	395
F333_4	M577_4	278	1233	433	1106
F538_4	F1293_4	278	1084	165	491
F538_4	F1476_4	278	1312	158	458
F538_4	F1773_4	278	1252	365	1112
F538_4	F1792_4	278	1172	187	541
F538_4	F297_4	278	1171	649	1985
F538_4	F333_4	278	1291	367	1112
F538_4	F726_4	278	1231	23	69
F538_4	F771_4	278	1231	273	836
F538_4	F90_4	278	1362	391	1171
F538_4	F954_4	278	1164	144	425
F538_4	F984_4	278	1261	1074	3277
F538_4	M1526_4	278	1343	122	385
F538_4	M577_4	278	1279	372	1136
F726_4	F1293_4	278	1283	187	187
F726_4	F1476_4	278	1283	140	140
F726_4	F1773_4	278	1315	371	371
F726_4	F1792_4	278	1386	191	191
F726_4	F297_4	278	1261	679	679
F726_4	F333_4	278	1351	456	456
F726_4	F538_4	278	1231	230	230
F726_4	F771_4	278	1351	301	301
F726_4	F90_4	278	1187	343	343
F726_4	F954_4	278	1143	135	135
F726_4	F984_4	278	1260	1060	1060
F726_4	M1526_4	278	1051	104	104
F726_4	M577_4	278	1269	346	346
F771_4	F1293_4	278	1246	586	1431
F771_4	F1476_4	278	1209	543	1348
F771_4	F1773_4	278	1474	999	2479
F771_4	F1792_4	278	1272	636	1614
F771_4	F297_4	278	1255	1116	2767
F771_4	F333_4	278	1269	936	2293
F771_4	F538_4	278	1231	691	1727
F771_4	F726_4	278	1351	133	353
F771_4	F90_4	278	1157	822	2081
F771_4	F954_4	278	1387	625	1542
F771_4	F984_4	278	1274	1242	3116
F771_4	M1526_4	278	1184	479	1141
F771_4	M577_4	278	1276	909	2332
F90_4	F1293_4	278	1315	835	1027
F90_4	F1476_4	278	1188	664	841
F90_4	F1773_4	278	1190	945	1153
F90_4	F1792_4	278	1196	736	885
F90_4	F297_4	278	1244	1152	1430
F90_4	F333_4	278	1310	1070	1313
F90_4	F538_4	278	1362	955	1185
F90_4	F726_4	278	1187	187	231
F90_4	F771_4	278	1157	837	1014
F90_4	F954_4	278	1248	709	861
F90_4	F984_4	278	1401	1381	1688
F90_4	M1526_4	278	1373	732	877
F90_4	M577_4	278	1181	972	1192
F954_4	F1293_4	278	1277	452	1371
F954_4	F1476_4	278	1318	358	1071
F954_4	F1773_4	278	1222	667	2049
F954_4	F1792_4	278	1257	421	1277
F954_4	F297_4	278	1286	985	3013
F954_4	F333_4	278	1165	671	2029
F954_4	F538_4	278	1164	448	1384
F954_4	F726_4	278	1143	59	190
F954_4	F771_4	278	1387	673	2053
F954_4	F90_4	278	1248	681	2029
F954_4	F984_4	278	1260	1187	3607
F954_4	M1526_4	278	1371	329	937
F954_4	M577_4	278	1377	754	2280
F984_4	F1293_4	278	1333	443	784
F984_4	F1476_4	278	1303	365	625
F984_4	F1773_4	278	1262	698	1237
F984_4	F1792_4	278	1326	429	752
F984_4	F297_4	278	1286	1005	1742
F984_4	F333_4	278	1209	700	1186
F984_4	F538_4	278	1261	554	966
F984_4	F726_4	278	1260	78	130
F984_4	F771_4	278	1274	590	987
F984_4	F90_4	278	1401	778	1317
F984_4	F954_4	278	1260	373	655
F984_4	M1526_4	278	1254	307	511
F984_4	M577_4	278	1081	628	1090
M1526_4	F1293_4	278	1309	1106	3568
M1526_4	F1476_4	278	1184	946	2927
M1526_4	F1773_4	278	1136	1048	3275
M1526_4	F1792_4	278	1222	1027	3136
M1526_4	F297_4	278	1225	1195	3712
M1526_4	F333_4	278	1179	1113	3464
M1526_4	F538_4	278	1343	1204	3834
M1526_4	F726_4	278	1051	408	1306
M1526_4	F771_4	278	1184	1065	3290
M1526_4	F90_4	278	1373	1275	4047
M1526_4	F954_4	278	1371	1101	3474
M1526_4	F984_4	278	1254	1251	3868
M1526_4	M577_4	278	1217	1135	3648
M577_4	F1293_4	278	1269	1018	1095
M577_4	F1476_4	278	1289	976	1047
M577_4	F1773_4	278	1310	1184	1262
M577_4	F1792_4	278	1274	1007	1064
M577_4	F297_4	278	1378	1325	1403
M577_4	F333_4	278	1233	1120	1196
M577_4	F538_4	278	1279	1067	1136
M577_4	F726_4	278	1269	410	425
M577_4	F771_4	278	1276	1126	1205
M577_4	F90_4	278	1181	1071	1137
M577_4	F954_4	278	1377	1038	1108
M577_4	F984_4	278	1081	1072	1136
M577_4	M1526_4	278	1217	867	929
F1049_4	F1211_4	279	1333	563	1227
F1049_4	F1333_4	279	1409	1350	2967
F1049_4	F1917_4	279	1231	712	1546
F1049_4	F2188_4	279	1269	381	837
F1049_4	F2629_4	279	1218	151	321
F1049_4	F649_4	279	1237	958	2103
F1049_4	M1183_4	279	1521	941	1994
F1049_4	M1253_4	279	1329	918	1993
F1049_4	M1564_4	279	1266	696	1494
F1049_4	M1659_4	279	1183	853	1864
F1049_4	M1792_4	279	1292	183	393
F1049_4	M2610_4	279	1339	577	1282
F1049_4	M2623_4	279	1177	206	440
F1211_4	F1049_4	279	1333	1185	1185
F1211_4	F1333_4	279	1279	1266	1266
F1211_4	F1917_4	279	1271	1043	1043
F1211_4	F2188_4	279	1252	752	752
F1211_4	F2629_4	279	1213	394	394
F1211_4	F649_4	279	1281	1190	1190
F1211_4	M1183_4	279	1152	993	993
F1211_4	M1253_4	279	1228	1091	1091
F1211_4	M1564_4	279	1238	990	990
F1211_4	M1659_4	279	1196	1083	1083
F1211_4	M1792_4	279	1315	499	499
F1211_4	M2610_4	279	1324	999	999
F1211_4	M2623_4	279	1251	564	564
F1333_4	F1049_4	279	1409	1162	1162
F1333_4	F1211_4	279	1279	744	744
F1333_4	F1917_4	279	1373	995	995
F1333_4	F2188_4	279	1176	509	509
F1333_4	F2629_4	279	1337	286	286
F1333_4	F649_4	279	1278	1121	1121
F1333_4	M1183_4	279	1271	966	966
F1333_4	M1253_4	279	1265	1011	1011
F1333_4	M1564_4	279	1297	878	878
F1333_4	M1659_4	279	1256	1063	1063
F1333_4	M1792_4	279	1040	227	227
F1333_4	M2610_4	279	1120	666	666
F1333_4	M2623_4	279	1033	286	286
F1917_4	F1049_4	279	1231	1033	1033
F1917_4	F1211_4	279	1271	795	795
F1917_4	F1333_4	279	1373	1340	1340
F1917_4	F2188_4	279	1176	579	579
F1917_4	F2629_4	279	1225	299	299
F1917_4	F649_4	279	1233	1113	1113
F1917_4	M1183_4	279	1301	989	989
F1917_4	M1253_4	279	1275	1069	1069
F1917_4	M1564_4	279	1266	946	946
F1917_4	M1659_4	279	1296	1110	1110
F1917_4	M1792_4	279	1343	376	376
F1917_4	M2610_4	279	1207	787	787
F1917_4	M2623_4	279	1342	447	447
F2188_4	F1049_4	279	1269	657	1584
F2188_4	F1211_4	279	1252	340	839
F2188_4	F1333_4	279	1176	1067	2564
F2188_4	F1917_4	279	1176	442	1077
F2188_4	F2629_4	279	1228	91	227
F2188_4	F649_4	279	1241	776	1929
F2188_4	M1183_4	279	1098	464	1132
F2188_4	M1253_4	279	1229	634	1550
F2188_4	M1564_4	279	1232	459	1117
F2188_4	M1659_4	279	1238	715	1703
F2188_4	M1792_4	279	1335	116	286
F2188_4	M2610_4	279	1323	357	864
F2188_4	M2623_4	279	1355	129	334
F2629_4	F1049_4	279	1218	261	1031
F2629_4	F1211_4	279	1213	91	376
F2629_4	F1333_4	279	1337	935	3907
F2629_4	F1917_4	279	1225	176	699
F2629_4	F2188_4	279	1228	49	204
F2629_4	F649_4	279	1218	351	1443
F2629_4	M1183_4	279	1137	161	654
F2629_4	M1253_4	279	1252	255	1012
F2629_4	M1564_4	279	1370	139	531
F2629_4	M1659_4	279	1088	284	1125
F2629_4	M1792_4	279	1276	21	94
F2629_4	M2610_4	279	1337	105	407
F2629_4	M2623_4	279	1196	25	99
F649_4	F1049_4	279	1237	833	833
F649_4	F1211_4	279	1281	478	478
F649_4	F1333_4	279	1278	1216	1216
F649_4	F1917_4	279	1233	637	637
F649_4	F2188_4	279	1241	320	320
F649_4	F2629_4	279	1218	107	107
F649_4	M1183_4	279	1381	746	746
F649_4	M1253_4	279	1301	842	842
F649_4	M1564_4	279	1345	680	680
F649_4	M1659_4	279	1300	925	925
F649_4	M1792_4	279	1056	133	133
F649_4	M2610_4	279	1473	587	587
F649_4	M2623_4	279	1229	177	177
M1183_4	F1049_4	279	1521	761	1738
M1183_4	F1211_4	279	1152	264	629
M1183_4	F1333_4	279	1271	1145	2627
M1183_4	F1917_4	279	1301	491	1096
M1183_4	F2188_4	279	1098	155	329
M1183_4	F2629_4	279	1137	60	118
M1183_4	F649_4	279	1381	840	1891
M1183_4	M1253_4	279	1230	608	1352
M1183_4	M1564_4	279	1257	407	882
M1183_4	M1659_4	279	1254	693	1584
M1183_4	M1792_4	279	1164	64	155
M1183_4	M2610_4	279	1269	301	699
M1183_4	M2623_4	279	1326	108	272
M1253_4	F1049_4	279	1329	948	2874
M1253_4	F1211_4	279	1228	560	1640
M1253_4	F1333_4	279	1265	1229	3690
M1253_4	F1917_4	279	1275	779	2352
M1253_4	F2188_4	279	1229	368	1142
M1253_4	F2629_4	279	1252	159	497
M1253_4	F649_4	279	1301	1039	3109
M1253_4	M1183_4	279	1230	798	2360
M1253_4	M1564_4	279	1268	754	2282
M1253_4	M1659_4	279	1346	1034	3140
M1253_4	M1792_4	279	1293	194	629
M1253_4	M2610_4	279	1368	649	1971
M1253_4	M2623_4	279	1277	254	771
M1564_4	F1049_4	279	1266	700	700
M1564_4	F1211_4	279	1238	317	317
M1564_4	F1333_4	279	1297	1186	1186
M1564_4	F1917_4	279	1266	543	543
M1564_4	F2188_4	279	1232	210	210
M1564_4	F2629_4	279	1370	94	94
M1564_4	F649_4	279	1345	872	872
M1564_4	M1183_4	279	1257	546	546
M1564_4	M1253_4	279	1268	693	693
M1564_4	M1659_4	279	1308	813	813
M1564_4	M1792_4	279	1373	108	108
M1564_4	M2610_4	279	1194	355	355
M1564_4	M2623_4	279	1302	141	141
M1659_4	F1049_4	279	1183	941	941
M1659_4	F1211_4	279	1196	646	646
M1659_4	F1333_4	279	1256	1226	1226
M1659_4	F1917_4	279	1296	856	856
M1659_4	F2188_4	279	1238	504	504
M1659_4	F2629_4	279	1088	202	202
M1659_4	F649_4	279	1300	1096	1096
M1659_4	M1183_4	279	1254	881	881
M1659_4	M1253_4	279	1346	1036	1036
M1659_4	M1564_4	279	1308	855	855
M1659_4	M1792_4	279	1154	236	236
M1659_4	M2610_4	279	1282	730	730
M1659_4	M2623_4	279	1194	295	295
M1792_4	F1049_4	279	1292	610	610
M1792_4	F1211_4	279	1315	318	318
M1792_4	F1333_4	279	1040	907	907
M1792_4	F1917_4	279	1343	461	461
M1792_4	F2188_4	279	1335	187	187
M1792_4	F2629_4	279	1276	63	63
M1792_4	F649_4	279	1056	636	636
M1792_4	M1183_4	279	1164	427	427
M1792_4	M1253_4	279	1293	603	603
M1792_4	M1564_4	279	1373	411	411
M1792_4	M1659_4	279	1154	630	630
M1792_4	M2610_4	279	1216	284	284
M1792_4	M2623_4	279	1259	87	87
M2610_4	F1049_4	279	1339	1096	1465
M2610_4	F1211_4	279	1324	749	973
M2610_4	F1333_4	279	1120	1090	1444
M2610_4	F1917_4	279	1207	870	1154
M2610_4	F2188_4	279	1323	579	766
M2610_4	F2629_4	279	1337	274	366
M2610_4	F649_4	279	1473	1274	1693
M2610_4	M1183_4	279	1269	939	1234
M2610_4	M1253_4	279	1368	1085	1424
M2610_4	M1564_4	279	1194	823	1104
M2610_4	M1659_4	279	1282	1087	1427
M2610_4	M1792_4	279	1216	297	407
M2610_4	M2623_4	279	1254	354	482
M2623_4	F1049_4	279	1177	1092	1446
M2623_4	F1211_4	279	1251	976	1252
M2623_4	F1333_4	279	1033	1024	1367
M2623_4	F1917_4	279	1342	1154	1538
M2623_4	F2188_4	279	1355	871	1133
M2623_4	F2629_4	279	1196	476	633
M2623_4	F649_4	279	1229	1151	1542
M2623_4	M1183_4	279	1326	1153	1520
M2623_4	M1253_4	279	1277	1153	1499
M2623_4	M1564_4	279	1302	1087	1437
M2623_4	M1659_4	279	1194	1115	1510
M2623_4	M1792_4	279	1259	545	716
M2623_4	M2610_4	279	1254	1005	1340
F2078_4	F2466_4	280	1196	413	413
F2078_4	F38_4	280	1159	119	119
F2078_4	F541_4	280	1150	444	444
F2078_4	M1007_4	280	1198	113	113
F2078_4	M1247_4	280	1184	97	97
F2078_4	M1367_4	280	1221	865	865
F2078_4	M2054_4	280	1285	157	157
F2078_4	M2410_4	280	1260	151	151
F2078_4	M2592_4	280	1306	115	115
F2078_4	M576_4	280	1371	752	752
F2078_4	M605_4	280	1360	1058	1058
F2078_4	M727_4	280	1172	575	575
F2078_4	M76_4	280	1294	1194	1194
F2466_4	F2078_4	280	1196	602	602
F2466_4	F38_4	280	1204	130	130
F2466_4	F541_4	280	1384	660	660
F2466_4	M1007_4	280	1356	156	156
F2466_4	M1247_4	280	1266	132	132
F2466_4	M1367_4	280	1184	892	892
F2466_4	M2054_4	280	1332	203	203
F2466_4	M2410_4	280	1113	141	141
F2466_4	M2592_4	280	1336	168	168
F2466_4	M576_4	280	1192	694	694
F2466_4	M605_4	280	1167	961	961
F2466_4	M727_4	280	1237	679	679
F2466_4	M76_4	280	1222	1158	1158
F38_4	F2078_4	280	1159	1107	1107
F38_4	F2466_4	280	1204	1089	1089
F38_4	F541_4	280	1198	1128	1128
F38_4	M1007_4	280	1213	890	890
F38_4	M1247_4	280	1123	772	772
F38_4	M1367_4	280	1117	1091	1091
F38_4	M2054_4	280	1178	943	943
F38_4	M2410_4	280	1107	815	815
F38_4	M2592_4	280	1301	940	940
F38_4	M576_4	280	1069	1041	1041
F38_4	M605_4	280	1130	1117	1117
F38_4	M727_4	280	1217	1168	1168
F38_4	M76_4	280	1182	1182	1182
F541_4	F2078_4	280	1150	1103	2417
F541_4	F2466_4	280	1384	1296	2803
F541_4	F38_4	280	1198	887	1876
F541_4	M1007_4	280	1435	1012	2168
F541_4	M1247_4	280	1258	854	1797
F541_4	M1367_4	280	1208	1192	2537
F541_4	M2054_4	280	1327	1030	2226
F541_4	M2410_4	280	1346	1006	2206
F541_4	M2592_4	280	1281	937	2040
F541_4	M576_4	280	1155	1107	2352
F541_4	M605_4	280	1184	1173	2531
F541_4	M727_4	280	1247	1203	2594
F541_4	M76_4	280	1205	1203	2473
M1007_4	F2078_4	280	1198	134	134
M1007_4	F2466_4	280	1356	88	88
M1007_4	F38_4	280	1213	24	24
M1007_4	F541_4	280	1435	135	135
M1007_4	M1247_4	280	1266	19	19
M1007_4	M1367_4	280	1259	322	322
M1007_4	M2054_4	280	1310	32	32
M1007_4	M2410_4	280	1322	21	21
M1007_4	M2592_4	280	1339	22	22
M1007_4	M576_4	280	1095	157	157
M1007_4	M605_4	280	1265	418	418
M1007_4	M727_4	280	1270	154	154
M1007_4	M76_4	280	1345	840	840
M1247_4	F2078_4	280	1184	283	283
M1247_4	F2466_4	280	1266	175	175
M1247_4	F38_4	280	1123	36	36
M1247_4	F541_4	280	1258	253	253
M1247_4	M1007_4	280	1266	42	42
M1247_4	M1367_4	280	1237	548	548
M1247_4	M2054_4	280	1253	87	87
M1247_4	M2410_4	280	1100	47	47
M1247_4	M2592_4	280	1388	46	46
M1247_4	M576_4	280	1337	408	408
M1247_4	M605_4	280	1115	631	631
M1247_4	M727_4	280	1321	351	351
M1247_4	M76_4	280	1290	1058	1058
M1367_4	F2078_4	280	1221	1098	1576
M1367_4	F2466_4	280	1184	979	1422
M1367_4	F38_4	280	1117	596	880
M1367_4	F541_4	280	1208	1050	1509
M1367_4	M1007_4	280	1259	612	872
M1367_4	M1247_4	280	1237	555	812
M1367_4	M2054_4	280	1315	753	1090
M1367_4	M2410_4	280	1184	608	881
M1367_4	M2592_4	280	1101	557	787
M1367_4	M576_4	280	1312	1212	1741
M1367_4	M605_4	280	1228	1199	1729
M1367_4	M727_4	280	1428	1276	1836
M1367_4	M76_4	280	1276	1264	1870
M2054_4	F2078_4	280	1285	1012	1012
M2054_4	F2466_4	280	1332	899	899
M2054_4	F38_4	280	1178	382	382
M2054_4	F541_4	280	1327	965	965
M2054_4	M1007_4	280	1310	375	375
M2054_4	M1247_4	280	1253	327	327
M2054_4	M1367_4	280	1315	1184	1184
M2054_4	M2410_4	280	1300	438	438
M2054_4	M2592_4	280	1347	407	407
M2054_4	M576_4	280	1235	999	999
M2054_4	M605_4	280	1238	1179	1179
M2054_4	M727_4	280	1279	1004	1004
M2054_4	M76_4	280	1210	1183	1183
M2410_4	F2078_4	280	1260	1099	1099
M2410_4	F2466_4	280	1113	874	874
M2410_4	F38_4	280	1107	536	536
M2410_4	F541_4	280	1346	1143	1143
M2410_4	M1007_4	280	1322	581	581
M2410_4	M1247_4	280	1100	446	446
M2410_4	M1367_4	280	1184	1129	1129
M2410_4	M2054_4	280	1300	691	691
M2410_4	M2592_4	280	1247	593	593
M2410_4	M576_4	280	1238	1113	1113
M2410_4	M605_4	280	1298	1250	1250
M2410_4	M727_4	280	1305	1151	1151
M2410_4	M76_4	280	1309	1299	1299
M2592_4	F2078_4	280	1306	1276	4930
M2592_4	F2466_4	280	1336	1267	4973
M2592_4	F38_4	280	1301	1097	4290
M2592_4	F541_4	280	1281	1234	4875
M2592_4	M1007_4	280	1339	1107	4415
M2592_4	M1247_4	280	1388	1095	4260
M2592_4	M1367_4	280	1101	1090	4236
M2592_4	M2054_4	280	1347	1180	4569
M2592_4	M2410_4	280	1247	1070	4126
M2592_4	M576_4	280	1193	1168	4582
M2592_4	M605_4	280	1265	1257	4920
M2592_4	M727_4	280	1202	1180	4603
M2592_4	M76_4	280	1298	1294	5047
M576_4	F2078_4	280	1371	918	918
M576_4	F2466_4	280	1192	638	638
M576_4	F38_4	280	1069	264	264
M576_4	F541_4	280	1155	716	716
M576_4	M1007_4	280	1095	207	207
M576_4	M1247_4	280	1337	228	228
M576_4	M1367_4	280	1312	1098	1098
M576_4	M2054_4	280	1235	338	338
M576_4	M2410_4	280	1238	277	277
M576_4	M2592_4	280	1193	249	249
M576_4	M605_4	280	1190	1076	1076
M576_4	M727_4	280	1391	992	992
M576_4	M76_4	280	1215	1167	1167
M605_4	F2078_4	280	1360	1241	2102
M605_4	F2466_4	280	1167	988	1707
M605_4	F38_4	280	1130	648	1153
M605_4	F541_4	280	1184	1045	1743
M605_4	M1007_4	280	1265	697	1201
M605_4	M1247_4	280	1115	590	1026
M605_4	M1367_4	280	1228	1178	2034
M605_4	M2054_4	280	1238	824	1351
M605_4	M2410_4	280	1298	755	1287
M605_4	M2592_4	280	1265	694	1192
M605_4	M576_4	280	1190	1091	1907
M605_4	M727_4	280	1312	1199	2060
M605_4	M76_4	280	1301	1290	2192
M727_4	F2078_4	280	1172	281	281
M727_4	F2466_4	280	1237	192	192
M727_4	F38_4	280	1217	59	59
M727_4	F541_4	280	1247	264	264
M727_4	M1007_4	280	1270	53	53
M727_4	M1247_4	280	1321	43	43
M727_4	M1367_4	280	1428	646	646
M727_4	M2054_4	280	1279	59	59
M727_4	M2410_4	280	1305	59	59
M727_4	M2592_4	280	1202	43	43
M727_4	M576_4	280	1391	422	422
M727_4	M605_4	280	1312	747	747
M727_4	M76_4	280	1256	1021	1021
M76_4	F2078_4	280	1294	1183	1183
M76_4	F2466_4	280	1222	981	981
M76_4	F38_4	280	1182	664	664
M76_4	F541_4	280	1205	1053	1053
M76_4	M1007_4	280	1345	697	697
M76_4	M1247_4	280	1290	618	618
M76_4	M1367_4	280	1276	1225	1225
M76_4	M2054_4	280	1210	751	751
M76_4	M2410_4	280	1309	696	696
M76_4	M2592_4	280	1298	667	667
M76_4	M576_4	280	1215	1125	1125
M76_4	M605_4	280	1301	1266	1266
M76_4	M727_4	280	1256	1143	1143
F1149_4	F121_4	281	1326	223	268
F1149_4	F1680_4	281	1288	832	1037
F1149_4	F1816_4	281	1169	129	153
F1149_4	F2077_4	281	1173	39	49
F1149_4	F2401_4	281	1381	23	31
F1149_4	F422_4	281	1238	27	33
F1149_4	F562_4	281	1246	20	25
F1149_4	M1084_4	281	1314	67	80
F1149_4	M108_4	281	1238	168	217
F1149_4	M1110_4	281	1186	45	58
F1149_4	M397_4	281	1228	169	205
F1149_4	M498_4	281	1263	200	251
F1149_4	M571_4	281	1191	160	201
F121_4	F1149_4	281	1326	499	581
F121_4	F1680_4	281	1244	1053	1227
F121_4	F1816_4	281	1460	438	509
F121_4	F2077_4	281	1312	112	146
F121_4	F2401_4	281	1214	86	101
F121_4	F422_4	281	1348	97	120
F121_4	F562_4	281	1299	60	71
F121_4	M1084_4	281	1389	207	237
F121_4	M108_4	281	1259	455	533
F121_4	M1110_4	281	1177	95	116
F121_4	M397_4	281	1157	396	458
F121_4	M498_4	281	1228	488	565
F121_4	M571_4	281	1252	413	475
F1680_4	F1149_4	281	1288	733	1039
F1680_4	F121_4	281	1244	785	1117
F1680_4	F1816_4	281	1242	616	905
F1680_4	F2077_4	281	1229	230	352
F1680_4	F2401_4	281	1261	151	228
F1680_4	F422_4	281	1242	201	290
F1680_4	F562_4	281	1169	152	219
F1680_4	M1084_4	281	1226	315	450
F1680_4	M108_4	281	1361	739	1112
F1680_4	M1110_4	281	1223	218	322
F1680_4	M397_4	281	1244	629	913
F1680_4	M498_4	281	1302	782	1148
F1680_4	M571_4	281	1058	538	778
F1816_4	F1149_4	281	1169	191	191
F1816_4	F121_4	281	1460	279	279
F1816_4	F1680_4	281	1242	851	851
F1816_4	F2077_4	281	1316	36	36
F1816_4	F2401_4	281	1220	30	30
F1816_4	F422_4	281	1209	32	32
F1816_4	F562_4	281	1357	35	35
F1816_4	M1084_4	281	1273	69	69
F1816_4	M108_4	281	1170	194	194
F1816_4	M1110_4	281	1064	39	39
F1816_4	M397_4	281	1266	181	181
F1816_4	M498_4	281	1294	246	246
F1816_4	M571_4	281	1158	158	158
F2077_4	F1149_4	281	1173	1045	1045
F2077_4	F121_4	281	1312	1207	1207
F2077_4	F1680_4	281	1229	1217	1217
F2077_4	F1816_4	281	1316	1148	1148
F2077_4	F2401_4	281	1263	626	626
F2077_4	F422_4	281	1320	774	774
F2077_4	F562_4	281	1285	675	675
F2077_4	M1084_4	281	1215	884	884
F2077_4	M108_4	281	1344	1201	1201
F2077_4	M1110_4	281	1329	798	798
F2077_4	M397_4	281	1214	1073	1073
F2077_4	M498_4	281	1324	1223	1223
F2077_4	M571_4	281	1223	1082	1082
F2401_4	F1149_4	281	1381	1268	1268
F2401_4	F121_4	281	1214	1147	1147
F2401_4	F1680_4	281	1261	1251	1251
F2401_4	F1816_4	281	1220	1103	1103
F2401_4	F2077_4	281	1263	847	847
F2401_4	F422_4	281	1106	717	717
F2401_4	F562_4	281	1249	688	688
F2401_4	M1084_4	281	1184	940	940
F2401_4	M108_4	281	1315	1207	1207
F2401_4	M1110_4	281	1260	836	836
F2401_4	M397_4	281	1250	1147	1147
F2401_4	M498_4	281	1302	1228	1228
F2401_4	M571_4	281	1227	1115	1115
F422_4	F1149_4	281	1238	1177	1435
F422_4	F121_4	281	1348	1291	1596
F422_4	F1680_4	281	1242	1233	1472
F422_4	F1816_4	281	1209	1128	1376
F422_4	F2077_4	281	1320	1004	1261
F422_4	F2401_4	281	1106	751	894
F422_4	F562_4	281	1194	816	964
F422_4	M1084_4	281	1290	1093	1316
F422_4	M108_4	281	1312	1254	1503
F422_4	M1110_4	281	1200	912	1121
F422_4	M397_4	281	1340	1266	1527
F422_4	M498_4	281	1304	1249	1510
F422_4	M571_4	281	1193	1124	1328
F562_4	F1149_4	281	1246	137	282
F562_4	F121_4	281	1299	201	418
F562_4	F1680_4	281	1169	680	1424
F562_4	F1816_4	281	1357	136	265
F562_4	F2077_4	281	1285	26	55
F562_4	F2401_4	281	1249	12	28
F562_4	F422_4	281	1194	23	42
F562_4	M1084_4	281	1139	38	82
F562_4	M108_4	281	1255	150	309
F562_4	M1110_4	281	1299	24	54
F562_4	M397_4	281	1164	144	311
F562_4	M498_4	281	1161	181	375
F562_4	M571_4	281	1275	162	335
M1084_4	F1149_4	281	1314	763	763
M1084_4	F121_4	281	1389	938	938
M1084_4	F1680_4	281	1226	1147	1147
M1084_4	F1816_4	281	1273	673	673
M1084_4	F2077_4	281	1215	239	239
M1084_4	F2401_4	281	1184	174	174
M1084_4	F422_4	281	1290	245	245
M1084_4	F562_4	281	1139	163	163
M1084_4	M108_4	281	1119	621	621
M1084_4	M1110_4	281	1195	260	260
M1084_4	M397_4	281	1154	658	658
M1084_4	M498_4	281	1240	770	770
M1084_4	M571_4	281	1233	711	711
M108_4	F1149_4	281	1238	535	1479
M108_4	F121_4	281	1259	636	1726
M108_4	F1680_4	281	1361	1204	3174
M108_4	F1816_4	281	1170	466	1230
M108_4	F2077_4	281	1344	158	417
M108_4	F2401_4	281	1315	99	276
M108_4	F422_4	281	1312	120	322
M108_4	F562_4	281	1255	108	321
M108_4	M1084_4	281	1119	164	441
M108_4	M1110_4	281	1202	135	379
M108_4	M397_4	281	1251	532	1432
M108_4	M498_4	281	1286	604	1565
M108_4	M571_4	281	1157	453	1140
M1110_4	F1149_4	281	1186	270	270
M1110_4	F121_4	281	1177	336	336
M1110_4	F1680_4	281	1223	929	929
M1110_4	F1816_4	281	1064	212	212
M1110_4	F2077_4	281	1329	65	65
M1110_4	F2401_4	281	1260	41	41
M1110_4	F422_4	281	1200	46	46
M1110_4	F562_4	281	1299	40	40
M1110_4	M1084_4	281	1195	72	72
M1110_4	M108_4	281	1202	267	267
M1110_4	M397_4	281	1198	260	260
M1110_4	M498_4	281	1308	295	295
M1110_4	M571_4	281	1436	322	322
M397_4	F1149_4	281	1228	916	1457
M397_4	F121_4	281	1157	909	1476
M397_4	F1680_4	281	1244	1199	1831
M397_4	F1816_4	281	1266	863	1363
M397_4	F2077_4	281	1214	362	582
M397_4	F2401_4	281	1250	327	533
M397_4	F422_4	281	1340	421	674
M397_4	F562_4	281	1164	276	457
M397_4	M1084_4	281	1154	509	816
M397_4	M108_4	281	1251	910	1418
M397_4	M1110_4	281	1198	396	619
M397_4	M498_4	281	1306	1009	1574
M397_4	M571_4	281	1184	844	1358
M498_4	F1149_4	281	1263	626	2221
M498_4	F121_4	281	1228	690	2395
M498_4	F1680_4	281	1302	1177	4160
M498_4	F1816_4	281	1294	542	1861
M498_4	F2077_4	281	1324	187	668
M498_4	F2401_4	281	1302	136	506
M498_4	F422_4	281	1304	153	562
M498_4	F562_4	281	1161	119	416
M498_4	M1084_4	281	1240	260	909
M498_4	M108_4	281	1286	656	2269
M498_4	M1110_4	281	1308	194	709
M498_4	M397_4	281	1306	608	2176
M498_4	M571_4	281	1296	570	2051
M571_4	F1149_4	281	1191	860	860
M571_4	F121_4	281	1252	960	960
M571_4	F1680_4	281	1058	1014	1014
M571_4	F1816_4	281	1158	766	766
M571_4	F2077_4	281	1223	379	379
M571_4	F2401_4	281	1227	285	285
M571_4	F422_4	281	1193	357	357
M571_4	F562_4	281	1275	242	242
M571_4	M1084_4	281	1233	500	500
M571_4	M108_4	281	1157	814	814
M571_4	M1110_4	281	1436	438	438
M571_4	M397_4	281	1184	814	814
M571_4	M498_4	281	1296	990	990
F1122_4	F1228_4	282	1299	1242	1776
F1122_4	F1727_4	282	1213	282	389
F1122_4	F2594_4	282	1320	430	605
F1122_4	F2598_4	282	1327	499	715
F1122_4	F2660_4	282	1339	489	688
F1122_4	F2757_4	282	1324	1179	1625
F1122_4	F550_4	282	1240	264	376
F1122_4	F63_4	282	1303	916	1309
F1122_4	M1020_4	282	1149	1009	1431
F1122_4	M1734_4	282	1193	598	842
F1122_4	M2025_4	282	1210	395	572
F1122_4	M2459_4	282	1364	91	132
F1122_4	M480_4	282	1405	798	1155
F1228_4	F1122_4	282	1299	1256	1256
F1228_4	F1727_4	282	1285	1013	1013
F1228_4	F2594_4	282	1289	1117	1117
F1228_4	F2598_4	282	1212	1061	1061
F1228_4	F2660_4	282	1210	1032	1032
F1228_4	F2757_4	282	1242	1233	1233
F1228_4	F550_4	282	1278	957	957
F1228_4	F63_4	282	1269	1219	1219
F1228_4	M1020_4	282	1262	1244	1244
F1228_4	M1734_4	282	1078	993	993
F1228_4	M2025_4	282	1306	1130	1130
F1228_4	M2459_4	282	1216	557	557
F1228_4	M480_4	282	1153	1074	1074
F1727_4	F1122_4	282	1213	267	267
F1727_4	F1228_4	282	1285	984	984
F1727_4	F2594_4	282	1162	80	80
F1727_4	F2598_4	282	1306	88	88
F1727_4	F2660_4	282	1414	115	115
F1727_4	F2757_4	282	1140	620	620
F1727_4	F550_4	282	1409	39	39
F1727_4	F63_4	282	1238	306	306
F1727_4	M1020_4	282	1274	631	631
F1727_4	M1734_4	282	1350	174	174
F1727_4	M2025_4	282	1139	87	87
F1727_4	M2459_4	282	1406	13	13
F1727_4	M480_4	282	1239	169	169
F2594_4	F1122_4	282	1320	306	368
F2594_4	F1228_4	282	1289	976	1172
F2594_4	F1727_4	282	1162	46	53
F2594_4	F2598_4	282	1363	111	139
F2594_4	F2660_4	282	1342	93	116
F2594_4	F2757_4	282	1248	679	833
F2594_4	F550_4	282	1303	36	43
F2594_4	F63_4	282	1300	331	396
F2594_4	M1020_4	282	1338	684	845
F2594_4	M1734_4	282	1253	171	201
F2594_4	M2025_4	282	1354	105	123
F2594_4	M2459_4	282	1286	17	25
F2594_4	M480_4	282	1216	177	214
F2598_4	F1122_4	282	1327	677	677
F2598_4	F1228_4	282	1212	1119	1119
F2598_4	F1727_4	282	1306	199	199
F2598_4	F2594_4	282	1363	306	306
F2598_4	F2660_4	282	1240	311	311
F2598_4	F2757_4	282	1148	959	959
F2598_4	F550_4	282	1289	156	156
F2598_4	F63_4	282	1262	724	724
F2598_4	M1020_4	282	1264	1028	1028
F2598_4	M1734_4	282	1195	421	421
F2598_4	M2025_4	282	1162	264	264
F2598_4	M2459_4	282	1185	47	47
F2598_4	M480_4	282	1398	600	600
F2660_4	F1122_4	282	1339	1220	1220
F2660_4	F1228_4	282	1210	1198	1198
F2660_4	F1727_4	282	1414	893	893
F2660_4	F2594_4	282	1342	987	987
F2660_4	F2598_4	282	1240	937	937
F2660_4	F2757_4	282	1336	1303	1303
F2660_4	F550_4	282	1361	755	755
F2660_4	F63_4	282	1290	1193	1193
F2660_4	M1020_4	282	1187	1159	1159
F2660_4	M1734_4	282	1212	1002	1002
F2660_4	M2025_4	282	1278	932	932
F2660_4	M2459_4	282	1322	337	337
F2660_4	M480_4	282	1331	1160	1160
F2757_4	F1122_4	282	1324	648	648
F2757_4	F1228_4	282	1242	1141	1141
F2757_4	F1727_4	282	1140	169	169
F2757_4	F2594_4	282	1248	266	266
F2757_4	F2598_4	282	1148	249	249
F2757_4	F2660_4	282	1336	258	258
F2757_4	F550_4	282	1290	145	145
F2757_4	F63_4	282	1244	687	687
F2757_4	M1020_4	282	1159	916	916
F2757_4	M1734_4	282	1244	405	405
F2757_4	M2025_4	282	1294	256	256
F2757_4	M2459_4	282	1307	38	38
F2757_4	M480_4	282	1257	499	499
F550_4	F1122_4	282	1240	1035	4714
F550_4	F1228_4	282	1278	1260	5693
F550_4	F1727_4	282	1409	570	2595
F550_4	F2594_4	282	1303	706	3323
F550_4	F2598_4	282	1289	714	3339
F550_4	F2660_4	282	1361	734	3323
F550_4	F2757_4	282	1290	1217	5577
F550_4	F63_4	282	1243	1025	4726
F550_4	M1020_4	282	1215	1147	5164
F550_4	M1734_4	282	1485	1017	4648
F550_4	M2025_4	282	1206	594	2665
F550_4	M2459_4	282	1344	189	846
F550_4	M480_4	282	1236	887	3964
F63_4	F1122_4	282	1303	793	2113
F63_4	F1228_4	282	1269	1212	3180
F63_4	F1727_4	282	1238	249	632
F63_4	F2594_4	282	1300	389	1040
F63_4	F2598_4	282	1262	381	1058
F63_4	F2660_4	282	1290	417	1104
F63_4	F2757_4	282	1244	1093	2872
F63_4	F550_4	282	1243	205	557
F63_4	M1020_4	282	1293	1114	2885
F63_4	M1734_4	282	1158	521	1374
F63_4	M2025_4	282	1414	369	961
F63_4	M2459_4	282	1122	55	135
F63_4	M480_4	282	1160	595	1547
M1020_4	F1122_4	282	1149	205	205
M1020_4	F1228_4	282	1262	852	852
M1020_4	F1727_4	282	1274	47	47
M1020_4	F2594_4	282	1338	77	77
M1020_4	F2598_4	282	1264	58	58
M1020_4	F2660_4	282	1187	51	51
M1020_4	F2757_4	282	1159	539	539
M1020_4	F550_4	282	1215	29	29
M1020_4	F63_4	282	1293	261	261
M1020_4	M1734_4	282	1283	102	102
M1020_4	M2025_4	282	1260	50	50
M1020_4	M2459_4	282	1286	5	5
M1020_4	M480_4	282	1261	130	130
M1734_4	F1122_4	282	1193	1027	1353
M1734_4	F1228_4	282	1078	1062	1431
M1734_4	F1727_4	282	1350	679	877
M1734_4	F2594_4	282	1253	791	1053
M1734_4	F2598_4	282	1195	792	1055
M1734_4	F2660_4	282	1212	817	1116
M1734_4	F2757_4	282	1244	1187	1581
M1734_4	F550_4	282	1485	651	851
M1734_4	F63_4	282	1158	1014	1349
M1734_4	M1020_4	282	1283	1233	1658
M1734_4	M2025_4	282	1287	784	1040
M1734_4	M2459_4	282	1251	238	329
M1734_4	M480_4	282	1290	1050	1395
M2025_4	F1122_4	282	1210	697	697
M2025_4	F1228_4	282	1306	1207	1207
M2025_4	F1727_4	282	1139	186	186
M2025_4	F2594_4	282	1354	313	313
M2025_4	F2598_4	282	1162	308	308
M2025_4	F2660_4	282	1278	305	305
M2025_4	F2757_4	282	1294	1074	1074
M2025_4	F550_4	282	1206	147	147
M2025_4	F63_4	282	1414	829	829
M2025_4	M1020_4	282	1260	1022	1022
M2025_4	M1734_4	282	1287	462	462
M2025_4	M2459_4	282	1310	56	56
M2025_4	M480_4	282	1278	527	527
M2459_4	F1122_4	282	1364	592	2525
M2459_4	F1228_4	282	1216	1092	4710
M2459_4	F1727_4	282	1406	135	580
M2459_4	F2594_4	282	1286	198	851
M2459_4	F2598_4	282	1185	222	977
M2459_4	F2660_4	282	1322	221	986
M2459_4	F2757_4	282	1307	993	4287
M2459_4	F550_4	282	1344	103	413
M2459_4	F63_4	282	1122	553	2472
M2459_4	M1020_4	282	1286	936	4093
M2459_4	M1734_4	282	1251	346	1475
M2459_4	M2025_4	282	1310	215	964
M2459_4	M480_4	282	1240	407	1757
M480_4	F1122_4	282	1405	748	2840
M480_4	F1228_4	282	1153	1068	4044
M480_4	F1727_4	282	1239	189	690
M480_4	F2594_4	282	1216	284	1107
M480_4	F2598_4	282	1398	340	1266
M480_4	F2660_4	282	1331	319	1179
M480_4	F2757_4	282	1257	1048	3929
M480_4	F550_4	282	1236	155	557
M480_4	F63_4	282	1160	673	2511
M480_4	M1020_4	282	1261	1023	3932
M480_4	M1734_4	282	1290	477	1863
M480_4	M2025_4	282	1278	291	1058
M480_4	M2459_4	282	1240	55	213
F1178_4	F1827_4	283	1260	1102	3057
F1178_4	F2502_4	283	1184	1156	3162
F1178_4	F2690_4	283	1109	472	1325
F1178_4	F519_4	283	1235	1145	3216
F1178_4	F69_4	283	1220	808	2310
F1178_4	M1299_4	283	1280	970	2666
F1178_4	M1347_4	283	1210	707	2005
F1178_4	M1503_4	283	1309	1131	3146
F1178_4	M1741_4	283	1146	590	1698
F1178_4	M2076_4	283	1138	978	2722
F1178_4	M2402_4	283	1288	249	687
F1178_4	M2538_4	283	1273	1117	3124
F1178_4	M833_4	283	1171	869	2384
F1827_4	F1178_4	283	1260	175	175
F1827_4	F2502_4	283	1205	1026	1026
F1827_4	F2690_4	283	1246	131	131
F1827_4	F519_4	283	1193	793	793
F1827_4	F69_4	283	1100	235	235
F1827_4	M1299_4	283	1214	386	386
F1827_4	M1347_4	283	1492	301	301
F1827_4	M1503_4	283	1190	623	623
F1827_4	M1741_4	283	1242	205	205
F1827_4	M2076_4	283	1287	624	624
F1827_4	M2402_4	283	1332	56	56
F1827_4	M2538_4	283	1365	737	737
F1827_4	M833_4	283	1281	449	449
F2502_4	F1178_4	283	1184	474	1722
F2502_4	F1827_4	283	1205	1005	3660
F2502_4	F2690_4	283	1322	436	1609
F2502_4	F519_4	283	1323	1191	4345
F2502_4	F69_4	283	1242	702	2559
F2502_4	M1299_4	283	1171	772	2913
F2502_4	M1347_4	283	1241	588	2213
F2502_4	M1503_4	283	1363	1097	4100
F2502_4	M1741_4	283	1332	566	2005
F2502_4	M2076_4	283	1422	1137	4177
F2502_4	M2402_4	283	1301	164	612
F2502_4	M2538_4	283	1211	986	3695
F2502_4	M833_4	283	1192	814	2974
F2690_4	F1178_4	283	1109	294	544
F2690_4	F1827_4	283	1246	918	1652
F2690_4	F2502_4	283	1322	1224	2187
F2690_4	F519_4	283	1300	1078	1968
F2690_4	F69_4	283	1368	541	947
F2690_4	M1299_4	283	1315	621	1121
F2690_4	M1347_4	283	1217	410	737
F2690_4	M1503_4	283	1305	934	1656
F2690_4	M1741_4	283	1177	366	664
F2690_4	M2076_4	283	1240	837	1507
F2690_4	M2402_4	283	1206	93	172
F2690_4	M2538_4	283	1342	962	1699
F2690_4	M833_4	283	1305	701	1260
F519_4	F1178_4	283	1235	288	522
F519_4	F1827_4	283	1193	821	1435
F519_4	F2502_4	283	1323	1213	2149
F519_4	F2690_4	283	1300	257	436
F519_4	F69_4	283	1124	419	768
F519_4	M1299_4	283	1438	683	1211
F519_4	M1347_4	283	1366	411	740
F519_4	M1503_4	283	1277	888	1606
F519_4	M1741_4	283	1315	364	655
F519_4	M2076_4	283	1326	831	1423
F519_4	M2402_4	283	1171	62	118
F519_4	M2538_4	283	1150	802	1472
F519_4	M833_4	283	1330	665	1188
F69_4	F1178_4	283	1220	306	306
F69_4	F1827_4	283	1100	777	777
F69_4	F2502_4	283	1242	1141	1141
F69_4	F2690_4	283	1368	312	312
F69_4	F519_4	283	1124	906	906
F69_4	M1299_4	283	1245	598	598
F69_4	M1347_4	283	1174	391	391
F69_4	M1503_4	283	1251	868	868
F69_4	M1741_4	283	1210	317	317
F69_4	M2076_4	283	1156	774	774
F69_4	M2402_4	283	1257	77	77
F69_4	M2538_4	283	1240	841	841
F69_4	M833_4	283	1143	629	629
M1299_4	F1178_4	283	1280	138	138
M1299_4	F1827_4	283	1214	587	587
M1299_4	F2502_4	283	1171	975	975
M1299_4	F2690_4	283	1315	138	138
M1299_4	F519_4	283	1438	926	926
M1299_4	F69_4	283	1245	247	247
M1299_4	M1347_4	283	1245	208	208
M1299_4	M1503_4	283	1359	640	640
M1299_4	M1741_4	283	1187	143	143
M1299_4	M2076_4	283	1207	559	559
M1299_4	M2402_4	283	1236	35	35
M1299_4	M2538_4	283	1373	702	702
M1299_4	M833_4	283	1221	387	387
M1347_4	F1178_4	283	1210	908	1656
M1347_4	F1827_4	283	1492	1420	2605
M1347_4	F2502_4	283	1241	1227	2363
M1347_4	F2690_4	283	1217	870	1634
M1347_4	F519_4	283	1366	1322	2451
M1347_4	F69_4	283	1174	997	1826
M1347_4	M1299_4	283	1245	1117	2093
M1347_4	M1503_4	283	1255	1193	2246
M1347_4	M1741_4	283	1321	1006	1895
M1347_4	M2076_4	283	1254	1189	2284
M1347_4	M2402_4	283	1162	445	807
M1347_4	M2538_4	283	1237	1192	2293
M1347_4	M833_4	283	1339	1234	2300
M1503_4	F1178_4	283	1309	892	892
M1503_4	F1827_4	283	1190	1127	1127
M1503_4	F2502_4	283	1363	1343	1343
M1503_4	F2690_4	283	1305	833	833
M1503_4	F519_4	283	1277	1230	1230
M1503_4	F69_4	283	1251	1019	1019
M1503_4	M1299_4	283	1359	1146	1146
M1503_4	M1347_4	283	1255	968	968
M1503_4	M1741_4	283	1313	951	951
M1503_4	M2076_4	283	1257	1166	1166
M1503_4	M2402_4	283	1369	433	433
M1503_4	M2538_4	283	1332	1248	1248
M1503_4	M833_4	283	1289	1133	1133
M1741_4	F1178_4	283	1146	657	2794
M1741_4	F1827_4	283	1242	1130	4778
M1741_4	F2502_4	283	1332	1297	5577
M1741_4	F2690_4	283	1177	609	2516
M1741_4	F519_4	283	1315	1231	5267
M1741_4	F69_4	283	1210	866	3589
M1741_4	M1299_4	283	1187	929	3876
M1741_4	M1347_4	283	1321	836	3500
M1741_4	M1503_4	283	1313	1205	5081
M1741_4	M2076_4	283	1196	1065	4527
M1741_4	M2402_4	283	1406	329	1406
M1741_4	M2538_4	283	1335	1195	5031
M1741_4	M833_4	283	1281	1049	4506
M2076_4	F1178_4	283	1138	459	1678
M2076_4	F1827_4	283	1287	1035	3783
M2076_4	F2502_4	283	1422	1367	5081
M2076_4	F2690_4	283	1240	450	1582
M2076_4	F519_4	283	1326	1195	4345
M2076_4	F69_4	283	1156	623	2278
M2076_4	M1299_4	283	1207	783	2827
M2076_4	M1347_4	283	1254	608	2248
M2076_4	M1503_4	283	1257	1028	3637
M2076_4	M1741_4	283	1196	502	1801
M2076_4	M2402_4	283	1257	146	554
M2076_4	M2538_4	283	1292	1081	3962
M2076_4	M833_4	283	1338	916	3333
M2402_4	F1178_4	283	1288	971	971
M2402_4	F1827_4	283	1332	1276	1276
M2402_4	F2502_4	283	1301	1284	1284
M2402_4	F2690_4	283	1206	877	877
M2402_4	F519_4	283	1171	1141	1141
M2402_4	F69_4	283	1257	1070	1070
M2402_4	M1299_4	283	1236	1124	1124
M2402_4	M1347_4	283	1162	969	969
M2402_4	M1503_4	283	1369	1304	1304
M2402_4	M1741_4	283	1406	1106	1106
M2402_4	M2076_4	283	1257	1199	1199
M2402_4	M2538_4	283	1288	1240	1240
M2402_4	M833_4	283	1103	1036	1036
M2538_4	F1178_4	283	1273	582	582
M2538_4	F1827_4	283	1365	1161	1161
M2538_4	F2502_4	283	1211	1165	1165
M2538_4	F2690_4	283	1342	525	525
M2538_4	F519_4	283	1150	1050	1050
M2538_4	F69_4	283	1240	702	702
M2538_4	M1299_4	283	1373	927	927
M2538_4	M1347_4	283	1237	637	637
M2538_4	M1503_4	283	1332	1135	1135
M2538_4	M1741_4	283	1335	605	605
M2538_4	M2076_4	283	1292	1029	1029
M2538_4	M2402_4	283	1288	183	183
M2538_4	M833_4	283	1280	901	901
M833_4	F1178_4	283	1171	1038	1038
M833_4	F1827_4	283	1281	1263	1263
M833_4	F2502_4	283	1192	1190	1190
M833_4	F2690_4	283	1305	1119	1119
M833_4	F519_4	283	1330	1319	1319
M833_4	F69_4	283	1143	1065	1065
M833_4	M1299_4	283	1221	1166	1166
M833_4	M1347_4	283	1339	1210	1210
M833_4	M1503_4	283	1289	1269	1269
M833_4	M1741_4	283	1281	1123	1123
M833_4	M2076_4	283	1338	1307	1307
M833_4	M2402_4	283	1103	675	675
M833_4	M2538_4	283	1280	1256	1256
F1802_4	F1968_4	284	1352	16	21
F1802_4	F2599_4	284	1260	26	30
F1802_4	F844_4	284	1206	26	36
F1802_4	F924_4	284	1217	63	76
F1802_4	M1093_4	284	1236	30	36
F1802_4	M132_4	284	1188	370	428
F1802_4	M1557_4	284	1150	160	190
F1802_4	M1754_4	284	1318	60	69
F1802_4	M1814_4	284	1307	98	113
F1802_4	M2102_4	284	1194	104	121
F1802_4	M224_4	284	1381	116	136
F1802_4	M2433_4	284	1199	18	20
F1802_4	M908_4	284	1311	59	69
F1968_4	F1802_4	284	1352	1325	1762
F1968_4	F2599_4	284	1266	531	701
F1968_4	F844_4	284	1187	663	869
F1968_4	F924_4	284	1104	765	1040
F1968_4	M1093_4	284	1410	839	1134
F1968_4	M132_4	284	1162	1105	1464
F1968_4	M1557_4	284	1229	1079	1424
F1968_4	M1754_4	284	1266	907	1234
F1968_4	M1814_4	284	1266	965	1316
F1968_4	M2102_4	284	1278	1034	1398
F1968_4	M224_4	284	1243	1009	1335
F1968_4	M2433_4	284	1359	649	875
F1968_4	M908_4	284	1306	741	1004
F2599_4	F1802_4	284	1260	853	853
F2599_4	F1968_4	284	1266	38	38
F2599_4	F844_4	284	1193	80	80
F2599_4	F924_4	284	1438	133	133
F2599_4	M1093_4	284	1177	76	76
F2599_4	M132_4	284	1347	652	652
F2599_4	M1557_4	284	1193	308	308
F2599_4	M1754_4	284	1230	123	123
F2599_4	M1814_4	284	1144	149	149
F2599_4	M2102_4	284	1270	198	198
F2599_4	M224_4	284	1297	191	191
F2599_4	M2433_4	284	1181	54	54
F2599_4	M908_4	284	1297	92	92
F844_4	F1802_4	284	1206	1168	2638
F844_4	F1968_4	284	1187	329	718
F844_4	F2599_4	284	1193	329	757
F844_4	F924_4	284	1342	777	1792
F844_4	M1093_4	284	1190	571	1303
F844_4	M132_4	284	1269	1166	2653
F844_4	M1557_4	284	1244	1008	2202
F844_4	M1754_4	284	1147	652	1463
F844_4	M1814_4	284	1133	746	1702
F844_4	M2102_4	284	1264	879	2036
F844_4	M224_4	284	1295	895	2042
F844_4	M2433_4	284	1314	427	974
F844_4	M908_4	284	1330	614	1433
F924_4	F1802_4	284	1217	1073	1636
F924_4	F1968_4	284	1104	115	185
F924_4	F2599_4	284	1438	142	224
F924_4	F844_4	284	1342	257	392
F924_4	M1093_4	284	1192	212	336
F924_4	M132_4	284	1187	870	1300
F924_4	M1557_4	284	1178	555	831
F924_4	M1754_4	284	1088	310	468
F924_4	M1814_4	284	1200	401	597
F924_4	M2102_4	284	1233	461	696
F924_4	M224_4	284	1123	423	634
F924_4	M2433_4	284	1188	143	224
F924_4	M908_4	284	1272	247	376
M1093_4	F1802_4	284	1236	1179	1179
M1093_4	F1968_4	284	1410	305	305
M1093_4	F2599_4	284	1177	261	261
M1093_4	F844_4	284	1190	446	446
M1093_4	F924_4	284	1192	565	565
M1093_4	M132_4	284	1211	1077	1077
M1093_4	M1557_4	284	1119	824	824
M1093_4	M1754_4	284	1213	615	615
M1093_4	M1814_4	284	1137	646	646
M1093_4	M2102_4	284	1284	812	812
M1093_4	M224_4	284	1114	685	685
M1093_4	M2433_4	284	1223	342	342
M1093_4	M908_4	284	1228	434	434
M132_4	F1802_4	284	1188	1088	1421
M132_4	F1968_4	284	1162	139	194
M132_4	F2599_4	284	1347	183	243
M132_4	F844_4	284	1269	299	381
M132_4	F924_4	284	1187	408	530
M132_4	M1093_4	284	1211	293	391
M132_4	M1557_4	284	1179	705	925
M132_4	M1754_4	284	1237	447	579
M132_4	M1814_4	284	1216	505	655
M132_4	M2102_4	284	1169	554	744
M132_4	M224_4	284	1266	600	776
M132_4	M2433_4	284	1154	205	268
M132_4	M908_4	284	1231	291	385
M1557_4	F1802_4	284	1150	746	2031
M1557_4	F1968_4	284	1229	34	84
M1557_4	F2599_4	284	1193	45	133
M1557_4	F844_4	284	1244	70	186
M1557_4	F924_4	284	1178	124	318
M1557_4	M1093_4	284	1119	85	229
M1557_4	M132_4	284	1179	563	1588
M1557_4	M1754_4	284	1158	121	328
M1557_4	M1814_4	284	1224	154	416
M1557_4	M2102_4	284	1155	199	533
M1557_4	M224_4	284	1158	206	584
M1557_4	M2433_4	284	1305	62	185
M1557_4	M908_4	284	1163	61	168
M1754_4	F1802_4	284	1318	1185	2508
M1754_4	F1968_4	284	1266	159	332
M1754_4	F2599_4	284	1230	160	337
M1754_4	F844_4	284	1147	282	580
M1754_4	F924_4	284	1088	333	728
M1754_4	M1093_4	284	1213	318	680
M1754_4	M132_4	284	1237	990	2106
M1754_4	M1557_4	284	1158	683	1471
M1754_4	M1814_4	284	1155	460	964
M1754_4	M2102_4	284	1167	536	1104
M1754_4	M224_4	284	1295	569	1151
M1754_4	M2433_4	284	1301	220	453
M1754_4	M908_4	284	1221	302	659
M1814_4	F1802_4	284	1307	1269	1882
M1814_4	F1968_4	284	1266	418	624
M1814_4	F2599_4	284	1144	420	615
M1814_4	F844_4	284	1133	559	859
M1814_4	F924_4	284	1200	753	1131
M1814_4	M1093_4	284	1137	604	876
M1814_4	M132_4	284	1216	1139	1690
M1814_4	M1557_4	284	1224	1016	1505
M1814_4	M1754_4	284	1155	728	1099
M1814_4	M2102_4	284	1230	903	1321
M1814_4	M224_4	284	1200	894	1343
M1814_4	M2433_4	284	1206	505	739
M1814_4	M908_4	284	1193	623	936
M2102_4	F1802_4	284	1194	1106	3660
M2102_4	F1968_4	284	1278	210	702
M2102_4	F2599_4	284	1270	231	740
M2102_4	F844_4	284	1264	359	1192
M2102_4	F924_4	284	1233	459	1587
M2102_4	M1093_4	284	1284	392	1311
M2102_4	M132_4	284	1169	998	3378
M2102_4	M1557_4	284	1155	764	2514
M2102_4	M1754_4	284	1167	463	1508
M2102_4	M1814_4	284	1230	615	1997
M2102_4	M224_4	284	1305	677	2206
M2102_4	M2433_4	284	1047	224	702
M2102_4	M908_4	284	1246	376	1261
M224_4	F1802_4	284	1381	1345	1345
M224_4	F1968_4	284	1243	501	501
M224_4	F2599_4	284	1297	551	551
M224_4	F844_4	284	1295	754	754
M224_4	F924_4	284	1123	764	764
M224_4	M1093_4	284	1114	660	660
M224_4	M132_4	284	1266	1203	1203
M224_4	M1557_4	284	1158	1002	1002
M224_4	M1754_4	284	1295	902	902
M224_4	M1814_4	284	1200	888	888
M224_4	M2102_4	284	1305	1020	1020
M224_4	M2433_4	284	1284	612	612
M224_4	M908_4	284	1341	782	782
M2433_4	F1802_4	284	1199	1135	4728
M2433_4	F1968_4	284	1359	231	964
M2433_4	F2599_4	284	1181	215	929
M2433_4	F844_4	284	1314	443	1927
M2433_4	F924_4	284	1188	544	2296
M2433_4	M1093_4	284	1223	437	1826
M2433_4	M132_4	284	1154	995	4133
M2433_4	M1557_4	284	1305	930	3863
M2433_4	M1754_4	284	1301	574	2421
M2433_4	M1814_4	284	1206	635	2620
M2433_4	M2102_4	284	1047	591	2453
M2433_4	M224_4	284	1284	736	3014
M2433_4	M908_4	284	1261	389	1624
M908_4	F1802_4	284	1311	1263	1263
M908_4	F1968_4	284	1306	424	424
M908_4	F2599_4	284	1297	447	447
M908_4	F844_4	284	1330	669	669
M908_4	F924_4	284	1272	832	832
M908_4	M1093_4	284	1228	654	654
M908_4	M132_4	284	1231	1155	1155
M908_4	M1557_4	284	1163	979	979
M908_4	M1754_4	284	1221	767	767
M908_4	M1814_4	284	1193	828	828
M908_4	M2102_4	284	1246	921	921
M908_4	M224_4	284	1341	995	995
M908_4	M2433_4	284	1261	501	501
F1305_4	F1762_4	285	1270	275	275
F1305_4	F2462_4	285	1250	423	423
F1305_4	F2588_4	285	1440	289	289
F1305_4	F2780_4	285	1226	1140	1140
F1305_4	F671_4	285	1307	1088	1088
F1305_4	M1346_4	285	1190	908	908
F1305_4	M192_4	285	1221	226	226
F1305_4	M1961_4	285	1289	632	632
F1305_4	M2513_4	285	1297	692	692
F1305_4	M256_4	285	1307	869	869
F1305_4	M938_4	285	1280	1189	1189
F1305_4	M952_4	285	1238	1022	1022
F1305_4	M962_4	285	1120	950	950
F1762_4	F1305_4	285	1270	61	61
F1762_4	F2462_4	285	1185	104	104
F1762_4	F2588_4	285	1381	50	50
F1762_4	F2780_4	285	1269	850	850
F1762_4	F671_4	285	1578	781	781
F1762_4	M1346_4	285	1171	375	375
F1762_4	M192_4	285	1342	50	50
F1762_4	M1961_4	285	1273	159	159
F1762_4	M2513_4	285	1104	153	153
F1762_4	M256_4	285	1324	308	308
F1762_4	M938_4	285	1196	711	711
F1762_4	M952_4	285	1333	584	584
F1762_4	M962_4	285	1318	610	610
F2462_4	F1305_4	285	1250	513	630
F2462_4	F1762_4	285	1185	460	546
F2462_4	F2588_4	285	1244	452	539
F2462_4	F2780_4	285	1220	1180	1400
F2462_4	F671_4	285	1369	1268	1531
F2462_4	M1346_4	285	1343	1161	1391
F2462_4	M192_4	285	1226	433	526
F2462_4	M1961_4	285	1331	915	1072
F2462_4	M2513_4	285	1467	1067	1276
F2462_4	M256_4	285	1213	990	1188
F2462_4	M938_4	285	1327	1282	1530
F2462_4	M952_4	285	1250	1151	1386
F2462_4	M962_4	285	1195	1104	1318
F2588_4	F1305_4	285	1440	846	846
F2588_4	F1762_4	285	1381	785	785
F2588_4	F2462_4	285	1244	914	914
F2588_4	F2780_4	285	1226	1211	1211
F2588_4	F671_4	285	1331	1281	1281
F2588_4	M1346_4	285	1264	1206	1206
F2588_4	M192_4	285	1240	709	709
F2588_4	M1961_4	285	1279	1084	1084
F2588_4	M2513_4	285	1189	1018	1018
F2588_4	M256_4	285	1255	1136	1136
F2588_4	M938_4	285	1357	1326	1326
F2588_4	M952_4	285	1287	1239	1239
F2588_4	M962_4	285	1225	1194	1194
F2780_4	F1305_4	285	1226	40	40
F2780_4	F1762_4	285	1269	50	50
F2780_4	F2462_4	285	1220	93	93
F2780_4	F2588_4	285	1226	22	22
F2780_4	F671_4	285	1177	494	494
F2780_4	M1346_4	285	1229	346	346
F2780_4	M192_4	285	1132	43	43
F2780_4	M1961_4	285	1326	149	149
F2780_4	M2513_4	285	1510	188	188
F2780_4	M256_4	285	1177	227	227
F2780_4	M938_4	285	1324	763	763
F2780_4	M952_4	285	1207	451	451
F2780_4	M962_4	285	1244	539	539
F671_4	F1305_4	285	1307	423	740
F671_4	F1762_4	285	1578	497	845
F671_4	F2462_4	285	1369	638	1119
F671_4	F2588_4	285	1331	379	662
F671_4	F2780_4	285	1177	1128	1945
F671_4	M1346_4	285	1425	1211	2120
F671_4	M192_4	285	1262	403	726
F671_4	M1961_4	285	1155	695	1186
F671_4	M2513_4	285	1279	817	1450
F671_4	M256_4	285	1334	1044	1855
F671_4	M938_4	285	1229	1172	2047
F671_4	M952_4	285	1278	1150	2015
F671_4	M962_4	285	1355	1228	2133
M1346_4	F1305_4	285	1190	500	2143
M1346_4	F1762_4	285	1171	453	1944
M1346_4	F2462_4	285	1343	734	3093
M1346_4	F2588_4	285	1264	424	1849
M1346_4	F2780_4	285	1229	1184	5101
M1346_4	F671_4	285	1425	1323	5744
M1346_4	M192_4	285	1354	476	2056
M1346_4	M1961_4	285	1268	853	3579
M1346_4	M2513_4	285	1190	827	3541
M1346_4	M256_4	285	1249	1006	4347
M1346_4	M938_4	285	1258	1214	5280
M1346_4	M952_4	285	1346	1241	5288
M1346_4	M962_4	285	1400	1306	5580
M192_4	F1305_4	285	1221	788	914
M192_4	F1762_4	285	1342	874	1006
M192_4	F2462_4	285	1226	940	1100
M192_4	F2588_4	285	1240	750	859
M192_4	F2780_4	285	1132	1126	1307
M192_4	F671_4	285	1262	1217	1406
M192_4	M1346_4	285	1354	1296	1513
M192_4	M1961_4	285	1323	1142	1323
M192_4	M2513_4	285	1077	948	1079
M192_4	M256_4	285	1087	990	1131
M192_4	M938_4	285	1225	1207	1398
M192_4	M952_4	285	1289	1248	1456
M192_4	M962_4	285	1330	1312	1524
M1961_4	F1305_4	285	1289	73	200
M1961_4	F1762_4	285	1273	71	191
M1961_4	F2462_4	285	1331	149	441
M1961_4	F2588_4	285	1279	64	172
M1961_4	F2780_4	285	1326	981	2843
M1961_4	F671_4	285	1155	628	1755
M1961_4	M1346_4	285	1268	533	1436
M1961_4	M192_4	285	1323	84	227
M1961_4	M2513_4	285	1197	211	599
M1961_4	M256_4	285	1290	414	1185
M1961_4	M938_4	285	1087	760	2237
M1961_4	M952_4	285	1474	753	2072
M1961_4	M962_4	285	1095	628	1818
M2513_4	F1305_4	285	1297	258	371
M2513_4	F1762_4	285	1104	218	297
M2513_4	F2462_4	285	1467	506	737
M2513_4	F2588_4	285	1189	210	279
M2513_4	F2780_4	285	1510	1403	1942
M2513_4	F671_4	285	1279	1098	1528
M2513_4	M1346_4	285	1190	915	1280
M2513_4	M192_4	285	1077	221	305
M2513_4	M1961_4	285	1197	582	794
M2513_4	M256_4	285	1348	869	1241
M2513_4	M938_4	285	1360	1236	1775
M2513_4	M952_4	285	1254	1026	1428
M2513_4	M962_4	285	1341	1126	1570
M256_4	F1305_4	285	1307	906	4476
M256_4	F1762_4	285	1324	895	4402
M256_4	F2462_4	285	1213	991	4891
M256_4	F2588_4	285	1255	811	3921
M256_4	F2780_4	285	1177	1165	5842
M256_4	F671_4	285	1334	1306	6548
M256_4	M1346_4	285	1249	1198	5839
M256_4	M192_4	285	1087	716	3533
M256_4	M1961_4	285	1290	1129	5561
M256_4	M2513_4	285	1348	1209	5902
M256_4	M938_4	285	1278	1263	6113
M256_4	M952_4	285	1196	1174	5785
M256_4	M962_4	285	1309	1279	6354
M938_4	F1305_4	285	1280	67	225
M938_4	F1762_4	285	1196	73	261
M938_4	F2462_4	285	1327	134	431
M938_4	F2588_4	285	1357	55	179
M938_4	F2780_4	285	1324	990	3033
M938_4	F671_4	285	1229	679	2119
M938_4	M1346_4	285	1258	546	1695
M938_4	M192_4	285	1225	63	191
M938_4	M1961_4	285	1087	199	625
M938_4	M2513_4	285	1360	251	763
M938_4	M256_4	285	1278	379	1186
M938_4	M952_4	285	1270	659	2036
M938_4	M962_4	285	1264	707	2253
M952_4	F1305_4	285	1238	131	422
M952_4	F1762_4	285	1333	129	425
M952_4	F2462_4	285	1250	233	703
M952_4	F2588_4	285	1287	129	434
M952_4	F2780_4	285	1207	1036	3225
M952_4	F671_4	285	1278	898	2904
M952_4	M1346_4	285	1346	749	2436
M952_4	M192_4	285	1289	129	425
M952_4	M1961_4	285	1474	444	1460
M952_4	M2513_4	285	1254	374	1257
M952_4	M256_4	285	1196	518	1657
M952_4	M938_4	285	1270	1023	3267
M952_4	M962_4	285	1380	970	3151
M962_4	F1305_4	285	1120	718	2016
M962_4	F1762_4	285	1318	854	2450
M962_4	F2462_4	285	1195	941	2719
M962_4	F2588_4	285	1225	761	2194
M962_4	F2780_4	285	1244	1227	3466
M962_4	F671_4	285	1355	1321	3787
M962_4	M1346_4	285	1400	1336	3757
M962_4	M192_4	285	1330	818	2292
M962_4	M1961_4	285	1095	933	2686
M962_4	M2513_4	285	1341	1171	3250
M962_4	M256_4	285	1309	1230	3483
M962_4	M938_4	285	1264	1248	3656
M962_4	M952_4	285	1380	1331	3865
F1002_4	F1206_4	286	1464	437	1210
F1002_4	F1472_4	286	1334	89	261
F1002_4	F1711_4	286	1188	319	838
F1002_4	F2617_4	286	1296	178	478
F1002_4	F2676_4	286	1182	36	86
F1002_4	F724_4	286	1286	391	1044
F1002_4	M1457_4	286	1090	95	271
F1002_4	M1805_4	286	1285	183	513
F1002_4	M1949_4	286	1258	1062	2870
F1002_4	M2651_4	286	1222	115	290
F1002_4	M435_4	286	1389	697	1949
F1002_4	M668_4	286	1218	52	148
F1002_4	M710_4	286	1206	696	1960
F1206_4	F1002_4	286	1464	211	211
F1206_4	F1472_4	286	1265	37	37
F1206_4	F1711_4	286	1264	275	275
F1206_4	F2617_4	286	1177	100	100
F1206_4	F2676_4	286	1129	23	23
F1206_4	F724_4	286	1271	308	308
F1206_4	M1457_4	286	1221	77	77
F1206_4	M1805_4	286	1215	119	119
F1206_4	M1949_4	286	1309	1064	1064
F1206_4	M2651_4	286	1317	80	80
F1206_4	M435_4	286	1302	519	519
F1206_4	M668_4	286	1242	34	34
F1206_4	M710_4	286	1319	647	647
F1472_4	F1002_4	286	1334	186	186
F1472_4	F1206_4	286	1265	279	279
F1472_4	F1711_4	286	1203	270	270
F1472_4	F2617_4	286	1190	109	109
F1472_4	F2676_4	286	1259	40	40
F1472_4	F724_4	286	1321	353	353
F1472_4	M1457_4	286	1252	77	77
F1472_4	M1805_4	286	1280	131	131
F1472_4	M1949_4	286	1155	941	941
F1472_4	M2651_4	286	1347	107	107
F1472_4	M435_4	286	1234	524	524
F1472_4	M668_4	286	1299	49	49
F1472_4	M710_4	286	1439	743	743
F1711_4	F1002_4	286	1188	23	31
F1711_4	F1206_4	286	1264	40	61
F1711_4	F1472_4	286	1203	7	11
F1711_4	F2617_4	286	1305	14	20
F1711_4	F2676_4	286	1233	4	6
F1711_4	F724_4	286	1471	58	86
F1711_4	M1457_4	286	1197	10	17
F1711_4	M1805_4	286	1248	13	20
F1711_4	M1949_4	286	1244	396	620
F1711_4	M2651_4	286	1197	9	14
F1711_4	M435_4	286	1323	116	174
F1711_4	M668_4	286	1233	5	10
F1711_4	M710_4	286	1436	139	204
F2617_4	F1002_4	286	1296	703	715
F2617_4	F1206_4	286	1177	805	821
F2617_4	F1472_4	286	1190	279	282
F2617_4	F1711_4	286	1305	842	856
F2617_4	F2676_4	286	1336	205	209
F2617_4	F724_4	286	1203	839	851
F2617_4	M1457_4	286	1318	422	425
F2617_4	M1805_4	286	1294	577	587
F2617_4	M1949_4	286	1207	1170	1191
F2617_4	M2651_4	286	1174	426	434
F2617_4	M435_4	286	1248	1038	1051
F2617_4	M668_4	286	1273	234	236
F2617_4	M710_4	286	1120	988	1000
F2676_4	F1002_4	286	1182	234	1346
F2676_4	F1206_4	286	1129	337	1917
F2676_4	F1472_4	286	1259	96	538
F2676_4	F1711_4	286	1233	375	2103
F2676_4	F2617_4	286	1336	173	1013
F2676_4	F724_4	286	1435	474	2737
F2676_4	M1457_4	286	1229	102	611
F2676_4	M1805_4	286	1157	170	981
F2676_4	M1949_4	286	1343	1155	6766
F2676_4	M2651_4	286	1307	155	909
F2676_4	M435_4	286	1304	674	3838
F2676_4	M668_4	286	1228	61	354
F2676_4	M710_4	286	1136	678	3931
F724_4	F1002_4	286	1286	562	562
F724_4	F1206_4	286	1271	710	710
F724_4	F1472_4	286	1321	239	239
F724_4	F1711_4	286	1471	816	816
F724_4	F2617_4	286	1203	355	355
F724_4	F2676_4	286	1435	156	156
F724_4	M1457_4	286	1338	307	307
F724_4	M1805_4	286	1294	455	455
F724_4	M1949_4	286	1285	1206	1206
F724_4	M2651_4	286	1173	306	306
F724_4	M435_4	286	1368	1043	1043
F724_4	M668_4	286	1281	184	184
F724_4	M710_4	286	1227	994	994
M1457_4	F1002_4	286	1090	51	95
M1457_4	F1206_4	286	1221	96	196
M1457_4	F1472_4	286	1252	22	50
M1457_4	F1711_4	286	1197	84	153
M1457_4	F2617_4	286	1318	49	105
M1457_4	F2676_4	286	1229	8	17
M1457_4	F724_4	286	1338	110	208
M1457_4	M1805_4	286	1123	46	95
M1457_4	M1949_4	286	1139	613	1216
M1457_4	M2651_4	286	1087	28	56
M1457_4	M435_4	286	1317	239	470
M1457_4	M668_4	286	1249	12	18
M1457_4	M710_4	286	1347	274	545
M1805_4	F1002_4	286	1285	264	264
M1805_4	F1206_4	286	1215	348	348
M1805_4	F1472_4	286	1280	64	64
M1805_4	F1711_4	286	1248	347	347
M1805_4	F2617_4	286	1294	157	157
M1805_4	F2676_4	286	1157	32	32
M1805_4	F724_4	286	1294	384	384
M1805_4	M1457_4	286	1123	75	75
M1805_4	M1949_4	286	1273	1063	1063
M1805_4	M2651_4	286	1232	102	102
M1805_4	M435_4	286	1119	585	585
M1805_4	M668_4	286	1369	62	62
M1805_4	M710_4	286	1359	774	774
M1949_4	F1002_4	286	1258	858	1272
M1949_4	F1206_4	286	1309	1022	1488
M1949_4	F1472_4	286	1155	375	541
M1949_4	F1711_4	286	1244	929	1346
M1949_4	F2617_4	286	1207	651	967
M1949_4	F2676_4	286	1343	316	470
M1949_4	F724_4	286	1285	1028	1517
M1949_4	M1457_4	286	1139	499	752
M1949_4	M1805_4	286	1273	719	1047
M1949_4	M2651_4	286	1380	674	993
M1949_4	M435_4	286	1267	1144	1693
M1949_4	M668_4	286	1382	390	581
M1949_4	M710_4	286	1128	1044	1490
M2651_4	F1002_4	286	1222	949	2418
M2651_4	F1206_4	286	1317	1095	2678
M2651_4	F1472_4	286	1347	602	1527
M2651_4	F1711_4	286	1197	974	2454
M2651_4	F2617_4	286	1174	761	1878
M2651_4	F2676_4	286	1307	440	1089
M2651_4	F724_4	286	1173	1004	2586
M2651_4	M1457_4	286	1087	580	1411
M2651_4	M1805_4	286	1232	853	2095
M2651_4	M1949_4	286	1380	1361	3378
M2651_4	M435_4	286	1292	1210	3005
M2651_4	M668_4	286	1276	480	1240
M2651_4	M710_4	286	1113	1043	2657
M435_4	F1002_4	286	1389	1183	1203
M435_4	F1206_4	286	1302	1165	1196
M435_4	F1472_4	286	1234	688	706
M435_4	F1711_4	286	1323	1167	1189
M435_4	F2617_4	286	1248	945	978
M435_4	F2676_4	286	1304	563	571
M435_4	F724_4	286	1368	1239	1281
M435_4	M1457_4	286	1317	895	910
M435_4	M1805_4	286	1119	836	846
M435_4	M1949_4	286	1267	1244	1277
M435_4	M2651_4	286	1292	874	900
M435_4	M668_4	286	1380	665	687
M435_4	M710_4	286	1220	1183	1220
M668_4	F1002_4	286	1218	970	1616
M668_4	F1206_4	286	1242	1067	1846
M668_4	F1472_4	286	1299	586	994
M668_4	F1711_4	286	1233	1018	1717
M668_4	F2617_4	286	1273	826	1395
M668_4	F2676_4	286	1228	367	625
M668_4	F724_4	286	1281	1126	1915
M668_4	M1457_4	286	1249	686	1190
M668_4	M1805_4	286	1369	900	1557
M668_4	M1949_4	286	1382	1362	2420
M668_4	M2651_4	286	1276	748	1248
M668_4	M435_4	286	1380	1285	2245
M668_4	M710_4	286	1400	1320	2265
M710_4	F1002_4	286	1206	395	408
M710_4	F1206_4	286	1319	588	611
M710_4	F1472_4	286	1439	155	159
M710_4	F1711_4	286	1436	593	608
M710_4	F2617_4	286	1120	212	225
M710_4	F2676_4	286	1136	55	58
M710_4	F724_4	286	1227	559	581
M710_4	M1457_4	286	1347	216	224
M710_4	M1805_4	286	1359	348	360
M710_4	M1949_4	286	1128	1035	1075
M710_4	M2651_4	286	1113	205	211
M710_4	M435_4	286	1220	809	837
M710_4	M668_4	286	1400	110	115
F154_4	F1930_4	287	1246	884	884
F154_4	F2001_4	287	1201	858	858
F154_4	F2054_4	287	1200	774	774
F154_4	F2736_4	287	1181	1131	1131
F154_4	F286_4	287	1152	864	864
F154_4	F453_4	287	1361	554	554
F154_4	F461_4	287	1326	57	57
F154_4	M1182_4	287	1186	1034	1034
F154_4	M1245_4	287	1262	814	814
F154_4	M1345_4	287	1227	487	487
F154_4	M2370_4	287	1190	952	952
F154_4	M495_4	287	1170	842	842
F154_4	M919_4	287	1242	851	851
F1930_4	F154_4	287	1246	840	1339
F1930_4	F2001_4	287	1245	1087	1725
F1930_4	F2054_4	287	1247	1075	1697
F1930_4	F2736_4	287	1061	1052	1627
F1930_4	F286_4	287	1097	991	1549
F1930_4	F453_4	287	1104	786	1229
F1930_4	F461_4	287	1341	158	255
F1930_4	M1182_4	287	1227	1177	1866
F1930_4	M1245_4	287	1222	1071	1720
F1930_4	M1345_4	287	1217	811	1330
F1930_4	M2370_4	287	1247	1154	1788
F1930_4	M495_4	287	1327	1171	1795
F1930_4	M919_4	287	1326	1177	1826
F2001_4	F154_4	287	1201	26	39
F2001_4	F1930_4	287	1245	110	163
F2001_4	F2054_4	287	1388	90	137
F2001_4	F2736_4	287	1352	593	863
F2001_4	F286_4	287	1120	102	153
F2001_4	F453_4	287	1233	31	42
F2001_4	F461_4	287	1227	1	1
F2001_4	M1182_4	287	1262	271	394
F2001_4	M1245_4	287	1440	97	149
F2001_4	M1345_4	287	1382	31	41
F2001_4	M2370_4	287	1282	149	210
F2001_4	M495_4	287	1347	103	159
F2001_4	M919_4	287	1230	89	130
F2054_4	F154_4	287	1200	464	855
F2054_4	F1930_4	287	1247	875	1562
F2054_4	F2001_4	287	1388	952	1719
F2054_4	F2736_4	287	1284	1221	2213
F2054_4	F286_4	287	1231	921	1660
F2054_4	F453_4	287	1316	586	1069
F2054_4	F461_4	287	1226	48	93
F2054_4	M1182_4	287	1321	1176	2086
F2054_4	M1245_4	287	1394	902	1634
F2054_4	M1345_4	287	1279	525	925
F2054_4	M2370_4	287	1304	1043	1912
F2054_4	M495_4	287	1140	794	1422
F2054_4	M919_4	287	1161	795	1471
F2736_4	F154_4	287	1181	36	44
F2736_4	F1930_4	287	1061	121	151
F2736_4	F2001_4	287	1352	155	184
F2736_4	F2054_4	287	1284	105	130
F2736_4	F286_4	287	1189	165	202
F2736_4	F453_4	287	1300	41	54
F2736_4	F461_4	287	1284	2	3
F2736_4	M1182_4	287	1186	359	441
F2736_4	M1245_4	287	1103	92	110
F2736_4	M1345_4	287	1240	51	65
F2736_4	M2370_4	287	1236	209	251
F2736_4	M495_4	287	1200	141	176
F2736_4	M919_4	287	1323	139	171
F286_4	F154_4	287	1152	549	549
F286_4	F1930_4	287	1097	833	833
F286_4	F2001_4	287	1120	869	869
F286_4	F2054_4	287	1231	898	898
F286_4	F2736_4	287	1189	1156	1156
F286_4	F453_4	287	1264	634	634
F286_4	F461_4	287	1262	79	79
F286_4	M1182_4	287	1219	1117	1117
F286_4	M1245_4	287	1160	862	862
F286_4	M1345_4	287	1185	624	624
F286_4	M2370_4	287	1321	1146	1146
F286_4	M495_4	287	1256	964	964
F286_4	M919_4	287	1141	877	877
F453_4	F154_4	287	1361	269	269
F453_4	F1930_4	287	1104	492	492
F453_4	F2001_4	287	1233	568	568
F453_4	F2054_4	287	1316	507	507
F453_4	F2736_4	287	1300	1162	1162
F453_4	F286_4	287	1264	662	662
F453_4	F461_4	287	1292	16	16
F453_4	M1182_4	287	1235	902	902
F453_4	M1245_4	287	1280	503	503
F453_4	M1345_4	287	1320	255	255
F453_4	M2370_4	287	1237	693	693
F453_4	M495_4	287	1235	564	564
F453_4	M919_4	287	1191	506	506
F461_4	F154_4	287	1326	484	708
F461_4	F1930_4	287	1341	904	1292
F461_4	F2001_4	287	1227	860	1257
F461_4	F2054_4	287	1226	770	1126
F461_4	F2736_4	287	1284	1224	1752
F461_4	F286_4	287	1262	890	1296
F461_4	F453_4	287	1292	509	769
F461_4	M1182_4	287	1250	1094	1582
F461_4	M1245_4	287	1197	757	1085
F461_4	M1345_4	287	1293	481	701
F461_4	M2370_4	287	1104	822	1228
F461_4	M495_4	287	1240	803	1173
F461_4	M919_4	287	1402	937	1324
M1182_4	F154_4	287	1186	650	656
M1182_4	F1930_4	287	1227	1031	1040
M1182_4	F2001_4	287	1262	1031	1043
M1182_4	F2054_4	287	1321	1022	1033
M1182_4	F2736_4	287	1186	1158	1164
M1182_4	F286_4	287	1219	1038	1047
M1182_4	F453_4	287	1235	721	726
M1182_4	F461_4	287	1250	114	115
M1182_4	M1245_4	287	1344	1061	1067
M1182_4	M1345_4	287	1340	758	760
M1182_4	M2370_4	287	1255	1083	1095
M1182_4	M495_4	287	1176	942	948
M1182_4	M919_4	287	1184	932	943
M1245_4	F154_4	287	1262	21	21
M1245_4	F1930_4	287	1222	63	63
M1245_4	F2001_4	287	1440	73	73
M1245_4	F2054_4	287	1394	44	44
M1245_4	F2736_4	287	1103	327	327
M1245_4	F286_4	287	1160	58	58
M1245_4	F453_4	287	1280	11	11
M1245_4	F461_4	287	1197	3	3
M1245_4	M1182_4	287	1344	177	177
M1245_4	M1345_4	287	1253	19	19
M1245_4	M2370_4	287	1373	82	82
M1245_4	M495_4	287	1353	60	60
M1245_4	M919_4	287	1311	65	65
M1345_4	F154_4	287	1227	1167	1673
M1345_4	F1930_4	287	1217	1200	1686
M1345_4	F2001_4	287	1382	1367	1995
M1345_4	F2054_4	287	1279	1249	1768
M1345_4	F2736_4	287	1240	1240	1796
M1345_4	F286_4	287	1185	1173	1691
M1345_4	F453_4	287	1320	1258	1773
M1345_4	F461_4	287	1293	735	1083
M1345_4	M1182_4	287	1340	1330	1900
M1345_4	M1245_4	287	1253	1230	1774
M1345_4	M2370_4	287	1289	1279	1894
M1345_4	M495_4	287	1270	1253	1794
M1345_4	M919_4	287	1177	1154	1611
M2370_4	F154_4	287	1190	109	155
M2370_4	F1930_4	287	1247	367	542
M2370_4	F2001_4	287	1282	360	533
M2370_4	F2054_4	287	1304	314	456
M2370_4	F2736_4	287	1236	977	1405
M2370_4	F286_4	287	1321	444	645
M2370_4	F453_4	287	1237	108	150
M2370_4	F461_4	287	1104	7	7
M2370_4	M1182_4	287	1255	737	1056
M2370_4	M1245_4	287	1373	357	512
M2370_4	M1345_4	287	1289	156	219
M2370_4	M495_4	287	1259	381	542
M2370_4	M919_4	287	1364	375	530
M495_4	F154_4	287	1170	321	392
M495_4	F1930_4	287	1327	806	970
M495_4	F2001_4	287	1347	808	969
M495_4	F2054_4	287	1140	582	736
M495_4	F2736_4	287	1200	1128	1363
M495_4	F286_4	287	1256	801	990
M495_4	F453_4	287	1235	383	460
M495_4	F461_4	287	1240	37	47
M495_4	M1182_4	287	1176	974	1171
M495_4	M1245_4	287	1353	713	849
M495_4	M1345_4	287	1270	400	484
M495_4	M2370_4	287	1259	884	1059
M495_4	M919_4	287	1228	736	896
M919_4	F154_4	287	1242	298	361
M919_4	F1930_4	287	1326	708	854
M919_4	F2001_4	287	1230	641	745
M919_4	F2054_4	287	1161	532	633
M919_4	F2736_4	287	1323	1205	1448
M919_4	F286_4	287	1141	676	807
M919_4	F453_4	287	1191	292	357
M919_4	F461_4	287	1402	23	29
M919_4	M1182_4	287	1184	945	1136
M919_4	M1245_4	287	1311	610	733
M919_4	M1345_4	287	1177	299	360
M919_4	M2370_4	287	1364	850	1022
M919_4	M495_4	287	1228	632	780
F1326_4	F1576_4	288	1254	387	609
F1326_4	F2008_4	288	1502	107	170
F1326_4	F2035_4	288	1282	225	378
F1326_4	F2081_4	288	1382	146	237
F1326_4	F2561_4	288	1239	180	289
F1326_4	F2699_4	288	1291	116	175
F1326_4	F599_4	288	1261	92	145
F1326_4	M1103_4	288	1379	182	287
F1326_4	M250_4	288	1361	530	837
F1326_4	M2531_4	288	1250	714	1185
F1326_4	M518_4	288	1123	115	187
F1326_4	M874_4	288	1331	555	904
F1326_4	M896_4	288	1283	1012	1631
F1576_4	F1326_4	288	1254	1030	1100
F1576_4	F2008_4	288	1270	826	876
F1576_4	F2035_4	288	1235	1039	1099
F1576_4	F2081_4	288	1154	889	951
F1576_4	F2561_4	288	1241	992	1045
F1576_4	F2699_4	288	1197	760	803
F1576_4	F599_4	288	1297	840	900
F1576_4	M1103_4	288	1376	1085	1176
F1576_4	M250_4	288	1312	1222	1293
F1576_4	M2531_4	288	1409	1371	1452
F1576_4	M518_4	288	1148	863	918
F1576_4	M874_4	288	1263	1192	1273
F1576_4	M896_4	288	1273	1264	1351
F2008_4	F1326_4	288	1502	751	751
F2008_4	F1576_4	288	1270	934	934
F2008_4	F2035_4	288	1299	740	740
F2008_4	F2081_4	288	1309	548	548
F2008_4	F2561_4	288	1177	532	532
F2008_4	F2699_4	288	1319	441	441
F2008_4	F599_4	288	1117	331	331
F2008_4	M1103_4	288	1226	603	603
F2008_4	M250_4	288	1228	976	976
F2008_4	M2531_4	288	1364	1196	1196
F2008_4	M518_4	288	1321	511	511
F2008_4	M874_4	288	1222	978	978
F2008_4	M896_4	288	1288	1232	1232
F2035_4	F1326_4	288	1282	870	2538
F2035_4	F1576_4	288	1235	1029	2977
F2035_4	F2008_4	288	1299	564	1636
F2035_4	F2081_4	288	1192	721	2059
F2035_4	F2561_4	288	1283	819	2417
F2035_4	F2699_4	288	1415	690	1952
F2035_4	F599_4	288	1235	583	1636
F2035_4	M1103_4	288	1224	806	2345
F2035_4	M250_4	288	1303	1133	3305
F2035_4	M2531_4	288	1456	1369	3985
F2035_4	M518_4	288	1213	719	2087
F2035_4	M874_4	288	1313	1167	3419
F2035_4	M896_4	288	1263	1237	3521
F2081_4	F1326_4	288	1382	1095	4260
F2081_4	F1576_4	288	1154	1046	4132
F2081_4	F2008_4	288	1309	823	3333
F2081_4	F2035_4	288	1192	992	3905
F2081_4	F2561_4	288	1321	1023	4068
F2081_4	F2699_4	288	1215	790	3097
F2081_4	F599_4	288	1344	845	3331
F2081_4	M1103_4	288	1275	1008	3959
F2081_4	M250_4	288	1382	1300	5164
F2081_4	M2531_4	288	1480	1429	5623
F2081_4	M518_4	288	1290	946	3868
F2081_4	M874_4	288	1220	1151	4494
F2081_4	M896_4	288	1244	1230	4859
F2561_4	F1326_4	288	1239	1117	3174
F2561_4	F1576_4	288	1241	1191	3552
F2561_4	F2008_4	288	1177	909	2707
F2561_4	F2035_4	288	1283	1193	3473
F2561_4	F2081_4	288	1321	1156	3483
F2561_4	F2699_4	288	1202	979	2874
F2561_4	F599_4	288	1548	1219	3518
F2561_4	M1103_4	288	1272	1145	3335
F2561_4	M250_4	288	1168	1139	3345
F2561_4	M2531_4	288	1339	1310	3866
F2561_4	M518_4	288	1324	1127	3266
F2561_4	M874_4	288	1327	1286	3698
F2561_4	M896_4	288	1182	1172	3408
F2699_4	F1326_4	288	1291	1229	2897
F2699_4	F1576_4	288	1197	1175	2874
F2699_4	F2008_4	288	1319	1151	2738
F2699_4	F2035_4	288	1415	1351	3234
F2699_4	F2081_4	288	1215	1122	2714
F2699_4	F2561_4	288	1202	1132	2733
F2699_4	F599_4	288	1198	1056	2537
F2699_4	M1103_4	288	1197	1127	2768
F2699_4	M250_4	288	1218	1199	2865
F2699_4	M2531_4	288	1320	1309	3140
F2699_4	M518_4	288	1275	1174	2833
F2699_4	M874_4	288	1297	1282	3064
F2699_4	M896_4	288	1141	1136	2635
F599_4	F1326_4	288	1261	878	1971
F599_4	F1576_4	288	1297	1139	2549
F599_4	F2008_4	288	1117	577	1355
F599_4	F2035_4	288	1235	969	2195
F599_4	F2081_4	288	1344	896	2026
F599_4	F2561_4	288	1548	1064	2414
F599_4	F2699_4	288	1198	655	1477
F599_4	M1103_4	288	1243	889	2074
F599_4	M250_4	288	1394	1270	2858
F599_4	M2531_4	288	1373	1288	2886
F599_4	M518_4	288	1383	860	1964
F599_4	M874_4	288	1206	1097	2459
F599_4	M896_4	288	1389	1369	3090
M1103_4	F1326_4	288	1379	951	951
M1103_4	F1576_4	288	1376	1208	1208
M1103_4	F2008_4	288	1226	642	642
M1103_4	F2035_4	288	1224	966	966
M1103_4	F2081_4	288	1275	798	798
M1103_4	F2561_4	288	1272	851	851
M1103_4	F2699_4	288	1197	646	646
M1103_4	F599_4	288	1243	661	661
M1103_4	M250_4	288	1162	1048	1048
M1103_4	M2531_4	288	1256	1188	1188
M1103_4	M518_4	288	1153	694	694
M1103_4	M874_4	288	1285	1165	1165
M1103_4	M896_4	288	1376	1341	1341
M250_4	F1326_4	288	1361	421	421
M250_4	F1576_4	288	1312	697	697
M250_4	F2008_4	288	1228	198	198
M250_4	F2035_4	288	1303	446	446
M250_4	F2081_4	288	1382	358	358
M250_4	F2561_4	288	1168	353	353
M250_4	F2699_4	288	1218	222	222
M250_4	F599_4	288	1394	197	197
M250_4	M1103_4	288	1162	345	345
M250_4	M2531_4	288	1308	998	998
M250_4	M518_4	288	1201	260	260
M250_4	M874_4	288	1305	861	861
M250_4	M896_4	288	1301	1183	1183
M2531_4	F1326_4	288	1250	887	887
M2531_4	F1576_4	288	1409	1227	1227
M2531_4	F2008_4	288	1364	720	720
M2531_4	F2035_4	288	1456	1138	1138
M2531_4	F2081_4	288	1480	966	966
M2531_4	F2561_4	288	1339	925	925
M2531_4	F2699_4	288	1320	748	748
M2531_4	F599_4	288	1373	745	745
M2531_4	M1103_4	288	1256	903	903
M2531_4	M250_4	288	1308	1169	1169
M2531_4	M518_4	288	1361	913	913
M2531_4	M874_4	288	1333	1233	1233
M2531_4	M896_4	288	1248	1223	1223
M518_4	F1326_4	288	1123	111	111
M518_4	F1576_4	288	1148	308	308
M518_4	F2008_4	288	1321	76	76
M518_4	F2035_4	288	1213	172	172
M518_4	F2081_4	288	1290	121	121
M518_4	F2561_4	288	1324	132	132
M518_4	F2699_4	288	1275	77	77
M518_4	F599_4	288	1383	75	75
M518_4	M1103_4	288	1153	126	126
M518_4	M250_4	288	1201	386	386
M518_4	M2531_4	288	1361	676	676
M518_4	M874_4	288	1418	467	467
M518_4	M896_4	288	1408	1018	1018
M874_4	F1326_4	288	1331	697	697
M874_4	F1576_4	288	1263	964	964
M874_4	F2008_4	288	1222	393	393
M874_4	F2035_4	288	1313	758	758
M874_4	F2081_4	288	1220	572	572
M874_4	F2561_4	288	1327	643	643
M874_4	F2699_4	288	1297	443	443
M874_4	F599_4	288	1206	368	368
M874_4	M1103_4	288	1285	629	629
M874_4	M250_4	288	1305	1058	1058
M874_4	M2531_4	288	1333	1172	1172
M874_4	M518_4	288	1418	565	565
M874_4	M896_4	288	1191	1153	1153
M896_4	F1326_4	288	1283	384	384
M896_4	F1576_4	288	1273	641	641
M896_4	F2008_4	288	1288	212	212
M896_4	F2035_4	288	1263	425	425
M896_4	F2081_4	288	1244	272	272
M896_4	F2561_4	288	1182	320	320
M896_4	F2699_4	288	1141	170	170
M896_4	F599_4	288	1389	195	195
M896_4	M1103_4	288	1376	337	337
M896_4	M250_4	288	1301	794	794
M896_4	M2531_4	288	1248	917	917
M896_4	M518_4	288	1408	301	301
M896_4	M874_4	288	1191	704	704
F1065_4	F1431_4	289	1132	14	14
F1065_4	F1497_4	289	1192	34	34
F1065_4	F1709_4	289	1144	164	164
F1065_4	F2036_4	289	1273	19	19
F1065_4	F2167_4	289	1251	336	336
F1065_4	F2351_4	289	1101	152	152
F1065_4	F2707_4	289	1256	271	271
F1065_4	F672_4	289	1281	2	2
F1065_4	M1024_4	289	1262	21	21
F1065_4	M1505_4	289	1191	8	8
F1065_4	M156_4	289	1129	98	98
F1065_4	M2139_4	289	1225	45	45
F1065_4	M2632_4	289	1281	11	11
F1431_4	F1065_4	289	1132	312	312
F1431_4	F1497_4	289	1321	953	953
F1431_4	F1709_4	289	1278	1198	1198
F1431_4	F2036_4	289	1214	632	632
F1431_4	F2167_4	289	1324	1281	1281
F1431_4	F2351_4	289	1246	1172	1172
F1431_4	F2707_4	289	1220	1168	1168
F1431_4	F672_4	289	1240	350	350
F1431_4	M1024_4	289	1261	764	764
F1431_4	M1505_4	289	1299	447	447
F1431_4	M156_4	289	1231	1078	1078
F1431_4	M2139_4	289	1262	893	893
F1431_4	M2632_4	289	1218	573	573
F1497_4	F1065_4	289	1192	14	14
F1497_4	F1431_4	289	1321	51	51
F1497_4	F1709_4	289	1220	486	486
F1497_4	F2036_4	289	1263	49	49
F1497_4	F2167_4	289	1188	657	657
F1497_4	F2351_4	289	1308	454	454
F1497_4	F2707_4	289	1300	584	584
F1497_4	F672_4	289	1194	16	16
F1497_4	M1024_4	289	1258	69	69
F1497_4	M1505_4	289	1205	18	18
F1497_4	M156_4	289	1258	263	263
F1497_4	M2139_4	289	1284	133	133
F1497_4	M2632_4	289	1213	37	37
F1709_4	F1065_4	289	1144	300	319
F1709_4	F1431_4	289	1278	760	816
F1709_4	F1497_4	289	1220	870	922
F1709_4	F2036_4	289	1319	679	731
F1709_4	F2167_4	289	1333	1284	1377
F1709_4	F2351_4	289	1219	1121	1214
F1709_4	F2707_4	289	1371	1304	1407
F1709_4	F672_4	289	1326	367	386
F1709_4	M1024_4	289	1329	754	811
F1709_4	M1505_4	289	1262	391	423
F1709_4	M156_4	289	1158	995	1067
F1709_4	M2139_4	289	1330	964	1020
F1709_4	M2632_4	289	1254	578	618
F2036_4	F1065_4	289	1273	26	26
F2036_4	F1431_4	289	1214	82	82
F2036_4	F1497_4	289	1263	158	158
F2036_4	F1709_4	289	1319	615	615
F2036_4	F2167_4	289	1220	749	749
F2036_4	F2351_4	289	1230	506	506
F2036_4	F2707_4	289	1340	726	726
F2036_4	F672_4	289	1174	26	26
F2036_4	M1024_4	289	1255	74	74
F2036_4	M1505_4	289	1224	27	27
F2036_4	M156_4	289	1400	374	374
F2036_4	M2139_4	289	1271	148	148
F2036_4	M2632_4	289	1216	50	50
F2167_4	F1065_4	289	1251	45	96
F2167_4	F1431_4	289	1324	262	603
F2167_4	F1497_4	289	1188	326	758
F2167_4	F1709_4	289	1333	931	2186
F2167_4	F2036_4	289	1220	160	355
F2167_4	F2351_4	289	1243	830	1945
F2167_4	F2707_4	289	1271	974	2244
F2167_4	F672_4	289	1323	70	174
F2167_4	M1024_4	289	1253	227	516
F2167_4	M1505_4	289	1313	73	173
F2167_4	M156_4	289	1291	640	1527
F2167_4	M2139_4	289	1113	302	688
F2167_4	M2632_4	289	1253	146	348
F2351_4	F1065_4	289	1101	122	122
F2351_4	F1431_4	289	1246	396	396
F2351_4	F1497_4	289	1308	543	543
F2351_4	F1709_4	289	1219	994	994
F2351_4	F2036_4	289	1230	307	307
F2351_4	F2167_4	289	1243	1118	1118
F2351_4	F2707_4	289	1272	1096	1096
F2351_4	F672_4	289	1223	147	147
F2351_4	M1024_4	289	1292	378	378
F2351_4	M1505_4	289	1342	166	166
F2351_4	M156_4	289	1187	804	804
F2351_4	M2139_4	289	1190	515	515
F2351_4	M2632_4	289	1222	264	264
F2707_4	F1065_4	289	1256	47	89
F2707_4	F1431_4	289	1220	186	374
F2707_4	F1497_4	289	1300	294	545
F2707_4	F1709_4	289	1371	927	1872
F2707_4	F2036_4	289	1340	148	292
F2707_4	F2167_4	289	1271	1003	1985
F2707_4	F2351_4	289	1272	797	1569
F2707_4	F672_4	289	1278	56	104
F2707_4	M1024_4	289	1262	194	385
F2707_4	M1505_4	289	1368	83	167
F2707_4	M156_4	289	1276	574	1129
F2707_4	M2139_4	289	1259	297	591
F2707_4	M2632_4	289	1303	132	229
F672_4	F1065_4	289	1281	41	41
F672_4	F1431_4	289	1240	123	123
F672_4	F1497_4	289	1194	184	184
F672_4	F1709_4	289	1326	727	727
F672_4	F2036_4	289	1174	83	83
F672_4	F2167_4	289	1323	956	956
F672_4	F2351_4	289	1223	648	648
F672_4	F2707_4	289	1278	784	784
F672_4	M1024_4	289	1248	134	134
F672_4	M1505_4	289	1287	53	53
F672_4	M156_4	289	1184	408	408
F672_4	M2139_4	289	1266	218	218
F672_4	M2632_4	289	1267	79	79
M1024_4	F1065_4	289	1262	301	911
M1024_4	F1431_4	289	1261	736	2354
M1024_4	F1497_4	289	1258	840	2654
M1024_4	F1709_4	289	1329	1246	3796
M1024_4	F2036_4	289	1255	599	1868
M1024_4	F2167_4	289	1253	1216	3801
M1024_4	F2351_4	289	1292	1176	3653
M1024_4	F2707_4	289	1262	1204	3701
M1024_4	F672_4	289	1248	328	1020
M1024_4	M1505_4	289	1212	362	1117
M1024_4	M156_4	289	1239	1069	3170
M1024_4	M2139_4	289	1190	800	2432
M1024_4	M2632_4	289	1146	470	1427
M1505_4	F1065_4	289	1191	23	23
M1505_4	F1431_4	289	1299	112	112
M1505_4	F1497_4	289	1205	140	140
M1505_4	F1709_4	289	1262	627	627
M1505_4	F2036_4	289	1224	60	60
M1505_4	F2167_4	289	1313	803	803
M1505_4	F2351_4	289	1342	553	553
M1505_4	F2707_4	289	1368	698	698
M1505_4	F672_4	289	1287	34	34
M1505_4	M1024_4	289	1212	96	96
M1505_4	M156_4	289	1276	325	325
M1505_4	M2139_4	289	1179	143	143
M1505_4	M2632_4	289	1186	55	55
M156_4	F1065_4	289	1129	59	90
M156_4	F1431_4	289	1231	183	272
M156_4	F1497_4	289	1258	298	454
M156_4	F1709_4	289	1158	757	1123
M156_4	F2036_4	289	1400	155	223
M156_4	F2167_4	289	1291	1014	1494
M156_4	F2351_4	289	1187	735	1100
M156_4	F2707_4	289	1276	897	1300
M156_4	F672_4	289	1184	46	71
M156_4	M1024_4	289	1239	172	266
M156_4	M1505_4	289	1276	78	124
M156_4	M2139_4	289	1183	282	435
M156_4	M2632_4	289	1334	128	197
M2139_4	F1065_4	289	1225	53	97
M2139_4	F1431_4	289	1262	165	305
M2139_4	F1497_4	289	1284	254	454
M2139_4	F1709_4	289	1330	813	1564
M2139_4	F2036_4	289	1271	122	219
M2139_4	F2167_4	289	1113	865	1524
M2139_4	F2351_4	289	1190	720	1265
M2139_4	F2707_4	289	1259	875	1577
M2139_4	F672_4	289	1266	52	94
M2139_4	M1024_4	289	1190	164	301
M2139_4	M1505_4	289	1179	62	100
M2139_4	M156_4	289	1183	483	860
M2139_4	M2632_4	289	1255	103	192
M2632_4	F1065_4	289	1281	54	54
M2632_4	F1431_4	289	1218	195	209
M2632_4	F1497_4	289	1213	330	353
M2632_4	F1709_4	289	1254	838	892
M2632_4	F2036_4	289	1216	141	148
M2632_4	F2167_4	289	1253	1043	1109
M2632_4	F2351_4	289	1222	775	830
M2632_4	F2707_4	289	1303	956	1017
M2632_4	F672_4	289	1267	54	55
M2632_4	M1024_4	289	1146	184	195
M2632_4	M1505_4	289	1186	76	80
M2632_4	M156_4	289	1334	611	654
M2632_4	M2139_4	289	1255	324	343
F1632_4	F1703_4	290	1133	47	47
F1632_4	F1787_4	290	1334	778	778
F1632_4	F1991_4	290	1256	188	188
F1632_4	F20_4	290	1145	503	503
F1632_4	F2510_4	290	1161	16	16
F1632_4	F2664_4	290	1282	55	55
F1632_4	F2667_4	290	1350	471	471
F1632_4	F359_4	290	1239	884	884
F1632_4	F455_4	290	1221	350	350
F1632_4	M1335_4	290	1287	295	295
F1632_4	M2036_4	290	1410	15	15
F1632_4	M2739_4	290	1096	960	960
F1632_4	M365_4	290	1235	519	519
F1703_4	F1632_4	290	1133	56	159
F1703_4	F1787_4	290	1298	1087	3034
F1703_4	F1991_4	290	1299	517	1410
F1703_4	F20_4	290	1169	855	2377
F1703_4	F2510_4	290	1400	95	269
F1703_4	F2664_4	290	1252	209	555
F1703_4	F2667_4	290	1199	779	2162
F1703_4	F359_4	290	1287	1158	3146
F1703_4	F455_4	290	1279	770	2125
F1703_4	M1335_4	290	1363	704	1937
F1703_4	M2036_4	290	1146	70	190
F1703_4	M2739_4	290	1344	1296	3590
F1703_4	M365_4	290	1171	826	2239
F1787_4	F1632_4	290	1334	0	0
F1787_4	F1703_4	290	1298	3	3
F1787_4	F1991_4	290	1383	6	6
F1787_4	F20_4	290	1215	24	24
F1787_4	F2510_4	290	1268	3	3
F1787_4	F2664_4	290	1323	2	2
F1787_4	F2667_4	290	1211	20	20
F1787_4	F359_4	290	1251	62	62
F1787_4	F455_4	290	1421	18	18
F1787_4	M1335_4	290	1303	9	9
F1787_4	M2036_4	290	1354	0	0
F1787_4	M2739_4	290	1360	212	212
F1787_4	M365_4	290	1079	12	12
F1991_4	F1632_4	290	1256	829	829
F1991_4	F1703_4	290	1299	1090	1090
F1991_4	F1787_4	290	1383	1374	1374
F1991_4	F20_4	290	1192	1181	1181
F1991_4	F2510_4	290	1406	989	989
F1991_4	F2664_4	290	1395	1213	1213
F1991_4	F2667_4	290	1474	1455	1455
F1991_4	F359_4	290	1208	1205	1205
F1991_4	F455_4	290	1167	1154	1154
F1991_4	M1335_4	290	1504	1465	1465
F1991_4	M2036_4	290	1317	842	842
F1991_4	M2739_4	290	1311	1310	1310
F1991_4	M365_4	290	1358	1342	1342
F20_4	F1632_4	290	1145	208	208
F20_4	F1703_4	290	1169	471	471
F20_4	F1787_4	290	1215	1155	1155
F20_4	F1991_4	290	1192	884	884
F20_4	F2510_4	290	1205	266	266
F20_4	F2664_4	290	1349	604	604
F20_4	F2667_4	290	1139	1032	1032
F20_4	F359_4	290	1305	1265	1265
F20_4	F455_4	290	1177	1045	1045
F20_4	M1335_4	290	1300	1112	1112
F20_4	M2036_4	290	1270	243	243
F20_4	M2739_4	290	1292	1282	1282
F20_4	M365_4	290	1353	1211	1211
F2510_4	F1632_4	290	1161	60	216
F2510_4	F1703_4	290	1400	191	758
F2510_4	F1787_4	290	1268	1063	4411
F2510_4	F1991_4	290	1406	533	2120
F2510_4	F20_4	290	1205	898	3698
F2510_4	F2664_4	290	1287	197	809
F2510_4	F2667_4	290	1287	838	3379
F2510_4	F359_4	290	1242	1124	4619
F2510_4	F455_4	290	1290	769	3202
F2510_4	M1335_4	290	1285	728	3029
F2510_4	M2036_4	290	1349	65	264
F2510_4	M2739_4	290	1184	1126	4566
F2510_4	M365_4	290	1299	900	3686
F2664_4	F1632_4	290	1282	16	33
F2664_4	F1703_4	290	1252	39	83
F2664_4	F1787_4	290	1323	520	994
F2664_4	F1991_4	290	1395	100	185
F2664_4	F20_4	290	1349	372	717
F2664_4	F2510_4	290	1287	13	28
F2664_4	F2667_4	290	1047	239	459
F2664_4	F359_4	290	1327	718	1343
F2664_4	F455_4	290	1183	218	433
F2664_4	M1335_4	290	1141	159	318
F2664_4	M2036_4	290	1298	8	19
F2664_4	M2739_4	290	1290	1024	1961
F2664_4	M365_4	290	1321	359	676
F2667_4	F1632_4	290	1350	82	82
F2667_4	F1703_4	290	1199	178	178
F2667_4	F1787_4	290	1211	1045	1045
F2667_4	F1991_4	290	1474	599	599
F2667_4	F20_4	290	1139	852	852
F2667_4	F2510_4	290	1287	83	83
F2667_4	F2664_4	290	1047	160	160
F2667_4	F359_4	290	1091	988	988
F2667_4	F455_4	290	1288	775	775
F2667_4	M1335_4	290	1250	703	703
F2667_4	M2036_4	290	1314	74	74
F2667_4	M2739_4	290	1413	1368	1368
F2667_4	M365_4	290	1298	923	923
F359_4	F1632_4	290	1239	698	698
F359_4	F1703_4	290	1287	1026	1026
F359_4	F1787_4	290	1251	1242	1242
F359_4	F1991_4	290	1208	1137	1137
F359_4	F20_4	290	1305	1294	1294
F359_4	F2510_4	290	1242	767	767
F359_4	F2664_4	290	1327	1077	1077
F359_4	F2667_4	290	1091	1070	1070
F359_4	F455_4	290	1246	1209	1209
F359_4	M1335_4	290	1322	1281	1281
F359_4	M2036_4	290	1354	730	730
F359_4	M2739_4	290	1303	1300	1300
F359_4	M365_4	290	1342	1315	1315
F455_4	F1632_4	290	1221	328	734
F455_4	F1703_4	290	1279	642	1384
F455_4	F1787_4	290	1421	1373	2998
F455_4	F1991_4	290	1167	930	1980
F455_4	F20_4	290	1177	1105	2386
F455_4	F2510_4	290	1290	380	817
F455_4	F2664_4	290	1183	656	1418
F455_4	F2667_4	290	1288	1184	2623
F455_4	F359_4	290	1246	1218	2661
F455_4	M1335_4	290	1272	1117	2468
F455_4	M2036_4	290	1223	283	616
F455_4	M2739_4	290	1224	1223	2645
F455_4	M365_4	290	1174	1098	2367
M1335_4	F1632_4	290	1287	140	564
M1335_4	F1703_4	290	1363	316	1274
M1335_4	F1787_4	290	1303	1164	4774
M1335_4	F1991_4	290	1504	843	3498
M1335_4	F20_4	290	1300	1060	4320
M1335_4	F2510_4	290	1285	114	462
M1335_4	F2664_4	290	1141	294	1201
M1335_4	F2667_4	290	1250	987	4006
M1335_4	F359_4	290	1322	1237	5052
M1335_4	F455_4	290	1272	921	3733
M1335_4	M2036_4	290	1154	102	428
M1335_4	M2739_4	290	1184	1164	4716
M1335_4	M365_4	290	1255	1041	4203
M2036_4	F1632_4	290	1410	153	654
M2036_4	F1703_4	290	1146	285	1198
M2036_4	F1787_4	290	1354	1230	5106
M2036_4	F1991_4	290	1317	701	2947
M2036_4	F20_4	290	1270	1074	4390
M2036_4	F2510_4	290	1349	157	620
M2036_4	F2664_4	290	1298	356	1435
M2036_4	F2667_4	290	1314	1067	4417
M2036_4	F359_4	290	1354	1277	5317
M2036_4	F455_4	290	1223	898	3732
M2036_4	M1335_4	290	1154	817	3365
M2036_4	M2739_4	290	1216	1194	4889
M2036_4	M365_4	290	1210	1004	4173
M2739_4	F1632_4	290	1096	192	356
M2739_4	F1703_4	290	1344	495	958
M2739_4	F1787_4	290	1360	1292	2558
M2739_4	F1991_4	290	1311	882	1677
M2739_4	F20_4	290	1292	1163	2220
M2739_4	F2510_4	290	1184	236	458
M2739_4	F2664_4	290	1290	495	940
M2739_4	F2667_4	290	1413	1218	2331
M2739_4	F359_4	290	1303	1254	2375
M2739_4	F455_4	290	1224	1005	1942
M2739_4	M1335_4	290	1184	936	1795
M2739_4	M2036_4	290	1216	175	335
M2739_4	M365_4	290	1317	1162	2257
M365_4	F1632_4	290	1235	131	241
M365_4	F1703_4	290	1171	273	450
M365_4	F1787_4	290	1079	985	1614
M365_4	F1991_4	290	1358	719	1166
M365_4	F20_4	290	1353	1119	1848
M365_4	F2510_4	290	1299	118	195
M365_4	F2664_4	290	1321	357	584
M365_4	F2667_4	290	1298	996	1616
M365_4	F359_4	290	1342	1257	2058
M365_4	F455_4	290	1174	875	1425
M365_4	M1335_4	290	1255	870	1423
M365_4	M2036_4	290	1210	91	155
M365_4	M2739_4	290	1317	1295	2122
F1188_4	F1234_4	291	1286	572	975
F1188_4	F1642_4	291	1115	312	548
F1188_4	F2575_4	291	1251	82	146
F1188_4	F58_4	291	1233	49	72
F1188_4	F662_4	291	1327	141	258
F1188_4	F759_4	291	1200	468	801
F1188_4	F968_4	291	1237	152	249
F1188_4	M1542_4	291	1317	176	312
F1188_4	M1772_4	291	1261	71	128
F1188_4	M2359_4	291	1332	651	1112
F1188_4	M716_4	291	1346	31	55
F1188_4	M907_4	291	1200	60	105
F1188_4	M910_4	291	1168	224	372
F1234_4	F1188_4	291	1286	894	894
F1234_4	F1642_4	291	1248	666	666
F1234_4	F2575_4	291	1247	239	239
F1234_4	F58_4	291	1158	130	130
F1234_4	F662_4	291	1336	374	374
F1234_4	F759_4	291	1374	876	876
F1234_4	F968_4	291	1299	369	369
F1234_4	M1542_4	291	1247	404	404
F1234_4	M1772_4	291	1436	223	223
F1234_4	M2359_4	291	1120	840	840
F1234_4	M716_4	291	1201	94	94
F1234_4	M907_4	291	1243	187	187
F1234_4	M910_4	291	1168	543	543
F1642_4	F1188_4	291	1115	896	1288
F1642_4	F1234_4	291	1248	1021	1498
F1642_4	F2575_4	291	1220	379	549
F1642_4	F58_4	291	1382	243	330
F1642_4	F662_4	291	1286	539	777
F1642_4	F759_4	291	1322	1031	1440
F1642_4	F968_4	291	1342	635	924
F1642_4	M1542_4	291	1242	606	859
F1642_4	M1772_4	291	1177	297	441
F1642_4	M2359_4	291	1126	946	1342
F1642_4	M716_4	291	1194	172	234
F1642_4	M907_4	291	1214	310	459
F1642_4	M910_4	291	1128	702	996
F2575_4	F1188_4	291	1251	403	403
F2575_4	F1234_4	291	1247	425	425
F2575_4	F1642_4	291	1220	261	261
F2575_4	F58_4	291	1306	25	25
F2575_4	F662_4	291	1109	66	66
F2575_4	F759_4	291	1168	339	339
F2575_4	F968_4	291	1149	109	109
F2575_4	M1542_4	291	1130	85	85
F2575_4	M1772_4	291	1381	62	62
F2575_4	M2359_4	291	1092	417	417
F2575_4	M716_4	291	1145	21	21
F2575_4	M907_4	291	1346	48	48
F2575_4	M910_4	291	1169	186	186
F58_4	F1188_4	291	1233	1219	1219
F58_4	F1234_4	291	1158	1143	1143
F58_4	F1642_4	291	1382	1355	1355
F58_4	F2575_4	291	1306	1146	1146
F58_4	F662_4	291	1393	1307	1307
F58_4	F759_4	291	1158	1146	1146
F58_4	F968_4	291	1382	1289	1289
F58_4	M1542_4	291	1245	1184	1184
F58_4	M1772_4	291	1268	1072	1072
F58_4	M2359_4	291	1306	1290	1290
F58_4	M716_4	291	1437	1052	1052
F58_4	M907_4	291	1289	1092	1092
F58_4	M910_4	291	1289	1250	1250
F662_4	F1188_4	291	1327	1271	1271
F662_4	F1234_4	291	1336	1281	1281
F662_4	F1642_4	291	1286	1170	1170
F662_4	F2575_4	291	1109	721	721
F662_4	F58_4	291	1393	718	718
F662_4	F759_4	291	1262	1187	1187
F662_4	F968_4	291	1120	896	896
F662_4	M1542_4	291	1233	1016	1016
F662_4	M1772_4	291	1276	739	739
F662_4	M2359_4	291	1194	1140	1140
F662_4	M716_4	291	1461	584	584
F662_4	M907_4	291	1062	664	664
F662_4	M910_4	291	1250	1110	1110
F759_4	F1188_4	291	1200	1168	1168
F759_4	F1234_4	291	1374	1334	1334
F759_4	F1642_4	291	1322	1260	1260
F759_4	F2575_4	291	1168	871	871
F759_4	F58_4	291	1158	740	740
F759_4	F662_4	291	1262	1062	1062
F759_4	F968_4	291	1380	1195	1195
F759_4	M1542_4	291	1264	1132	1132
F759_4	M1772_4	291	1291	940	940
F759_4	M2359_4	291	1239	1212	1212
F759_4	M716_4	291	1356	763	763
F759_4	M907_4	291	1219	875	875
F759_4	M910_4	291	1318	1219	1219
F968_4	F1188_4	291	1237	257	981
F968_4	F1234_4	291	1299	297	1061
F968_4	F1642_4	291	1342	185	689
F968_4	F2575_4	291	1149	22	78
F968_4	F58_4	291	1382	23	86
F968_4	F662_4	291	1120	46	153
F968_4	F759_4	291	1380	284	1002
F968_4	M1542_4	291	1239	79	296
F968_4	M1772_4	291	1308	22	72
F968_4	M2359_4	291	1220	326	1167
F968_4	M716_4	291	1256	9	29
F968_4	M907_4	291	1301	27	95
F968_4	M910_4	291	1152	105	391
M1542_4	F1188_4	291	1317	1283	3145
M1542_4	F1234_4	291	1247	1226	2949
M1542_4	F1642_4	291	1242	1190	2910
M1542_4	F2575_4	291	1130	926	2262
M1542_4	F58_4	291	1245	902	2150
M1542_4	F662_4	291	1233	1108	2720
M1542_4	F759_4	291	1264	1236	2987
M1542_4	F968_4	291	1239	1122	2777
M1542_4	M1772_4	291	1253	983	2471
M1542_4	M2359_4	291	1187	1167	2841
M1542_4	M716_4	291	1265	801	2028
M1542_4	M907_4	291	1317	1050	2521
M1542_4	M910_4	291	1277	1220	2988
M1772_4	F1188_4	291	1261	434	874
M1772_4	F1234_4	291	1436	593	1171
M1772_4	F1642_4	291	1177	293	602
M1772_4	F2575_4	291	1381	66	149
M1772_4	F58_4	291	1268	36	78
M1772_4	F662_4	291	1276	102	213
M1772_4	F759_4	291	1291	453	965
M1772_4	F968_4	291	1308	113	222
M1772_4	M1542_4	291	1253	132	269
M1772_4	M2359_4	291	1179	511	1069
M1772_4	M716_4	291	1365	26	58
M1772_4	M907_4	291	1313	64	143
M1772_4	M910_4	291	1252	235	486
M2359_4	F1188_4	291	1332	1035	1207
M2359_4	F1234_4	291	1120	875	994
M2359_4	F1642_4	291	1126	738	848
M2359_4	F2575_4	291	1092	235	278
M2359_4	F58_4	291	1306	212	240
M2359_4	F662_4	291	1194	451	532
M2359_4	F759_4	291	1239	940	1101
M2359_4	F968_4	291	1220	446	522
M2359_4	M1542_4	291	1187	500	584
M2359_4	M1772_4	291	1179	261	308
M2359_4	M716_4	291	1240	121	138
M2359_4	M907_4	291	1254	293	345
M2359_4	M910_4	291	1330	735	853
M716_4	F1188_4	291	1346	1308	4604
M716_4	F1234_4	291	1201	1166	4019
M716_4	F1642_4	291	1194	1141	3925
M716_4	F2575_4	291	1145	899	3092
M716_4	F58_4	291	1437	919	3170
M716_4	F662_4	291	1461	1250	4329
M716_4	F759_4	291	1356	1305	4504
M716_4	F968_4	291	1256	1104	3804
M716_4	M1542_4	291	1265	1122	3936
M716_4	M1772_4	291	1365	1014	3453
M716_4	M2359_4	291	1240	1213	4194
M716_4	M907_4	291	1172	876	2991
M716_4	M910_4	291	1300	1200	4167
M907_4	F1188_4	291	1200	203	203
M907_4	F1234_4	291	1243	259	259
M907_4	F1642_4	291	1214	113	113
M907_4	F2575_4	291	1346	35	35
M907_4	F58_4	291	1289	6	6
M907_4	F662_4	291	1062	44	44
M907_4	F759_4	291	1219	188	188
M907_4	F968_4	291	1301	68	68
M907_4	M1542_4	291	1317	54	54
M907_4	M1772_4	291	1313	25	25
M907_4	M2359_4	291	1254	305	305
M907_4	M716_4	291	1172	10	10
M907_4	M910_4	291	1273	102	102
M910_4	F1188_4	291	1168	1057	1057
M910_4	F1234_4	291	1168	1044	1044
M910_4	F1642_4	291	1128	918	918
M910_4	F2575_4	291	1169	533	533
M910_4	F58_4	291	1289	366	366
M910_4	F662_4	291	1250	700	700
M910_4	F759_4	291	1318	1150	1150
M910_4	F968_4	291	1152	707	707
M910_4	M1542_4	291	1277	816	816
M910_4	M1772_4	291	1252	476	476
M910_4	M2359_4	291	1330	1222	1222
M910_4	M716_4	291	1300	267	267
M910_4	M907_4	291	1273	513	513
F1039_4	F1542_4	292	1261	566	2709
F1039_4	F1550_4	292	1173	77	367
F1039_4	F1847_4	292	1242	703	3323
F1039_4	F2186_4	292	1354	257	1175
F1039_4	F2739_4	292	1326	825	3930
F1039_4	F744_4	292	1549	208	980
F1039_4	M1396_4	292	1376	1009	4802
F1039_4	M1638_4	292	1308	554	2596
F1039_4	M1764_4	292	1345	1018	4839
F1039_4	M2292_4	292	1291	793	3781
F1039_4	M2614_4	292	1355	655	3010
F1039_4	M520_4	292	1334	817	3932
F1039_4	M654_4	292	1146	139	677
F1542_4	F1039_4	292	1261	68	68
F1542_4	F1550_4	292	1253	19	19
F1542_4	F1847_4	292	1182	264	264
F1542_4	F2186_4	292	1304	66	66
F1542_4	F2739_4	292	1248	315	315
F1542_4	F744_4	292	1208	39	39
F1542_4	M1396_4	292	1249	483	483
F1542_4	M1638_4	292	1443	203	203
F1542_4	M1764_4	292	1332	540	540
F1542_4	M2292_4	292	1292	337	337
F1542_4	M2614_4	292	1335	223	223
F1542_4	M520_4	292	1236	313	313
F1542_4	M654_4	292	1203	33	33
F1550_4	F1039_4	292	1173	9	9
F1550_4	F1542_4	292	1253	30	30
F1550_4	F1847_4	292	1155	43	43
F1550_4	F2186_4	292	1130	7	7
F1550_4	F2739_4	292	1329	68	68
F1550_4	F744_4	292	1243	4	4
F1550_4	M1396_4	292	1330	107	107
F1550_4	M1638_4	292	1116	37	37
F1550_4	M1764_4	292	1362	108	108
F1550_4	M2292_4	292	1207	70	70
F1550_4	M2614_4	292	1381	38	38
F1550_4	M520_4	292	1296	58	58
F1550_4	M654_4	292	1280	6	6
F1847_4	F1039_4	292	1242	501	1719
F1847_4	F1542_4	292	1182	808	2641
F1847_4	F1550_4	292	1155	163	550
F1847_4	F2186_4	292	1288	503	1718
F1847_4	F2739_4	292	1201	970	3152
F1847_4	F744_4	292	1353	415	1378
F1847_4	M1396_4	292	1163	1019	3451
F1847_4	M1638_4	292	1343	902	2931
F1847_4	M1764_4	292	1242	1116	3681
F1847_4	M2292_4	292	1245	1021	3411
F1847_4	M2614_4	292	1146	817	2794
F1847_4	M520_4	292	1285	1014	3371
F1847_4	M654_4	292	1260	355	1208
F2186_4	F1039_4	292	1354	811	1104
F2186_4	F1542_4	292	1304	1066	1500
F2186_4	F1550_4	292	1130	287	388
F2186_4	F1847_4	292	1288	1118	1536
F2186_4	F2739_4	292	1241	1128	1574
F2186_4	F744_4	292	1267	568	794
F2186_4	M1396_4	292	1157	1075	1498
F2186_4	M1638_4	292	1350	1073	1505
F2186_4	M1764_4	292	1273	1209	1641
F2186_4	M2292_4	292	1325	1198	1650
F2186_4	M2614_4	292	1203	1004	1384
F2186_4	M520_4	292	1119	1003	1427
F2186_4	M654_4	292	1253	570	795
F2739_4	F1039_4	292	1326	21	21
F2739_4	F1542_4	292	1248	73	73
F2739_4	F1550_4	292	1329	6	6
F2739_4	F1847_4	292	1201	93	93
F2739_4	F2186_4	292	1241	22	22
F2739_4	F744_4	292	1232	18	18
F2739_4	M1396_4	292	1357	225	225
F2739_4	M1638_4	292	1177	59	59
F2739_4	M1764_4	292	1171	257	257
F2739_4	M2292_4	292	1306	134	134
F2739_4	M2614_4	292	1306	103	103
F2739_4	M520_4	292	1200	131	131
F2739_4	M654_4	292	1275	7	7
F744_4	F1039_4	292	1549	954	2149
F744_4	F1542_4	292	1208	1030	2168
F744_4	F1550_4	292	1243	312	673
F744_4	F1847_4	292	1353	1177	2510
F744_4	F2186_4	292	1267	717	1545
F744_4	F2739_4	292	1232	1112	2425
F744_4	M1396_4	292	1244	1150	2482
F744_4	M1638_4	292	1374	1082	2298
F744_4	M1764_4	292	1241	1164	2534
F744_4	M2292_4	292	1069	968	2049
F744_4	M2614_4	292	1207	986	2113
F744_4	M520_4	292	1278	1145	2463
F744_4	M654_4	292	1324	616	1299
M1396_4	F1039_4	292	1376	327	833
M1396_4	F1542_4	292	1249	661	1728
M1396_4	F1550_4	292	1330	92	249
M1396_4	F1847_4	292	1163	665	1763
M1396_4	F2186_4	292	1157	270	711
M1396_4	F2739_4	292	1357	869	2312
M1396_4	F744_4	292	1244	198	523
M1396_4	M1638_4	292	1221	563	1552
M1396_4	M1764_4	292	1330	1050	2833
M1396_4	M2292_4	292	1340	863	2316
M1396_4	M2614_4	292	1416	734	1877
M1396_4	M520_4	292	1378	846	2307
M1396_4	M654_4	292	1174	190	508
M1638_4	F1039_4	292	1308	68	68
M1638_4	F1542_4	292	1443	223	223
M1638_4	F1550_4	292	1116	15	15
M1638_4	F1847_4	292	1343	272	272
M1638_4	F2186_4	292	1350	62	62
M1638_4	F2739_4	292	1177	270	270
M1638_4	F744_4	292	1374	43	43
M1638_4	M1396_4	292	1221	447	447
M1638_4	M1764_4	292	1314	542	542
M1638_4	M2292_4	292	1308	343	343
M1638_4	M2614_4	292	1231	220	220
M1638_4	M520_4	292	1306	318	318
M1638_4	M654_4	292	1413	46	46
M1764_4	F1039_4	292	1345	605	1080
M1764_4	F1542_4	292	1332	943	1662
M1764_4	F1550_4	292	1362	212	382
M1764_4	F1847_4	292	1242	947	1700
M1764_4	F2186_4	292	1273	512	870
M1764_4	F2739_4	292	1171	956	1728
M1764_4	F744_4	292	1241	375	667
M1764_4	M1396_4	292	1330	1175	2081
M1764_4	M1638_4	292	1314	919	1690
M1764_4	M2292_4	292	1049	872	1510
M1764_4	M2614_4	292	1208	868	1573
M1764_4	M520_4	292	1198	955	1754
M1764_4	M654_4	292	1181	357	651
M2292_4	F1039_4	292	1291	175	297
M2292_4	F1542_4	292	1292	428	715
M2292_4	F1550_4	292	1207	36	69
M2292_4	F1847_4	292	1245	419	744
M2292_4	F2186_4	292	1325	138	240
M2292_4	F2739_4	292	1306	600	1044
M2292_4	F744_4	292	1069	64	105
M2292_4	M1396_4	292	1340	806	1408
M2292_4	M1638_4	292	1308	368	639
M2292_4	M1764_4	292	1049	687	1164
M2292_4	M2614_4	292	1233	414	703
M2292_4	M520_4	292	1378	613	1047
M2292_4	M654_4	292	1369	105	179
M2614_4	F1039_4	292	1355	133	133
M2614_4	F1542_4	292	1335	327	327
M2614_4	F1550_4	292	1381	31	31
M2614_4	F1847_4	292	1146	358	358
M2614_4	F2186_4	292	1203	117	117
M2614_4	F2739_4	292	1306	485	485
M2614_4	F744_4	292	1207	73	73
M2614_4	M1396_4	292	1416	751	751
M2614_4	M1638_4	292	1231	284	284
M2614_4	M1764_4	292	1208	664	664
M2614_4	M2292_4	292	1233	485	485
M2614_4	M520_4	292	1266	459	459
M2614_4	M654_4	292	1406	75	75
M520_4	F1039_4	292	1334	572	572
M520_4	F1542_4	292	1236	867	867
M520_4	F1550_4	292	1296	197	197
M520_4	F1847_4	292	1285	952	952
M520_4	F2186_4	292	1119	436	436
M520_4	F2739_4	292	1200	959	959
M520_4	F744_4	292	1278	386	386
M520_4	M1396_4	292	1378	1201	1201
M520_4	M1638_4	292	1306	875	875
M520_4	M1764_4	292	1198	1087	1087
M520_4	M2292_4	292	1378	1110	1110
M520_4	M2614_4	292	1266	940	940
M520_4	M654_4	292	1287	401	401
M654_4	F1039_4	292	1146	743	743
M654_4	F1542_4	292	1203	1016	1016
M654_4	F1550_4	292	1280	344	344
M654_4	F1847_4	292	1260	1122	1122
M654_4	F2186_4	292	1253	758	758
M654_4	F2739_4	292	1275	1163	1163
M654_4	F744_4	292	1324	658	658
M654_4	M1396_4	292	1174	1108	1108
M654_4	M1638_4	292	1413	1161	1161
M654_4	M1764_4	292	1181	1117	1117
M654_4	M2292_4	292	1369	1241	1241
M654_4	M2614_4	292	1406	1202	1202
M654_4	M520_4	292	1287	1147	1147
F1097_4	F163_4	293	1205	585	585
F1097_4	F1920_4	293	1204	1103	1103
F1097_4	F2063_4	293	1301	1030	1030
F1097_4	F2255_4	293	1373	874	874
F1097_4	F2301_4	293	1243	1191	1191
F1097_4	F94_4	293	1251	891	891
F1097_4	M1060_4	293	1233	1174	1174
F1097_4	M1604_4	293	1265	1111	1111
F1097_4	M1823_4	293	1301	1055	1055
F1097_4	M2231_4	293	1301	277	277
F1097_4	M2596_4	293	1190	465	465
F1097_4	M55_4	293	1168	1074	1074
F1097_4	M851_4	293	1200	422	422
F163_4	F1097_4	293	1205	612	2709
F163_4	F1920_4	293	1281	1094	4861
F163_4	F2063_4	293	1265	823	3738
F163_4	F2255_4	293	1338	640	2943
F163_4	F2301_4	293	1195	1076	4805
F163_4	F94_4	293	1108	589	2624
F163_4	M1060_4	293	1133	1016	4501
F163_4	M1604_4	293	1218	941	4148
F163_4	M1823_4	293	1518	947	4302
F163_4	M2231_4	293	1281	158	723
F163_4	M2596_4	293	1243	296	1342
F163_4	M55_4	293	1223	1084	4885
F163_4	M851_4	293	1169	304	1344
F1920_4	F1097_4	293	1204	89	240
F1920_4	F163_4	293	1281	56	146
F1920_4	F2063_4	293	1263	190	488
F1920_4	F2255_4	293	1495	103	264
F1920_4	F2301_4	293	1205	546	1426
F1920_4	F94_4	293	1286	111	276
F1920_4	M1060_4	293	1164	482	1277
F1920_4	M1604_4	293	1156	281	797
F1920_4	M1823_4	293	1260	169	432
F1920_4	M2231_4	293	1291	17	42
F1920_4	M2596_4	293	1241	30	72
F1920_4	M55_4	293	1282	465	1179
F1920_4	M851_4	293	1222	34	84
F2063_4	F1097_4	293	1301	1095	1095
F2063_4	F163_4	293	1265	870	870
F2063_4	F1920_4	293	1263	1218	1218
F2063_4	F2255_4	293	1212	989	989
F2063_4	F2301_4	293	1187	1165	1165
F2063_4	F94_4	293	1321	1141	1141
F2063_4	M1060_4	293	1315	1279	1279
F2063_4	M1604_4	293	1162	1102	1102
F2063_4	M1823_4	293	1201	1084	1084
F2063_4	M2231_4	293	1320	503	503
F2063_4	M2596_4	293	1271	800	800
F2063_4	M55_4	293	1211	1166	1166
F2063_4	M851_4	293	1279	785	785
F2255_4	F1097_4	293	1373	445	556
F2255_4	F163_4	293	1338	234	276
F2255_4	F1920_4	293	1495	1080	1297
F2255_4	F2063_4	293	1212	553	666
F2255_4	F2301_4	293	1178	944	1160
F2255_4	F94_4	293	1190	402	498
F2255_4	M1060_4	293	1236	968	1214
F2255_4	M1604_4	293	1313	816	1004
F2255_4	M1823_4	293	1147	521	637
F2255_4	M2231_4	293	1138	64	78
F2255_4	M2596_4	293	1179	153	183
F2255_4	M55_4	293	1202	885	1069
F2255_4	M851_4	293	1170	123	153
F2301_4	F1097_4	293	1243	594	594
F2301_4	F163_4	293	1195	359	359
F2301_4	F1920_4	293	1205	991	991
F2301_4	F2063_4	293	1187	725	725
F2301_4	F2255_4	293	1178	489	489
F2301_4	F94_4	293	1304	642	642
F2301_4	M1060_4	293	1210	1057	1057
F2301_4	M1604_4	293	1217	955	955
F2301_4	M1823_4	293	1265	760	760
F2301_4	M2231_4	293	1353	132	132
F2301_4	M2596_4	293	1240	267	267
F2301_4	M55_4	293	1277	1084	1084
F2301_4	M851_4	293	1385	316	316
F94_4	F1097_4	293	1251	600	876
F94_4	F163_4	293	1108	316	466
F94_4	F1920_4	293	1286	1064	1565
F94_4	F2063_4	293	1321	812	1157
F94_4	F2255_4	293	1190	481	703
F94_4	F2301_4	293	1304	1153	1668
F94_4	M1060_4	293	1357	1185	1769
F94_4	M1604_4	293	1290	978	1407
F94_4	M1823_4	293	1194	750	1097
F94_4	M2231_4	293	1240	127	179
F94_4	M2596_4	293	1207	267	390
F94_4	M55_4	293	1463	1216	1829
F94_4	M851_4	293	1260	224	340
M1060_4	F1097_4	293	1233	778	778
M1060_4	F163_4	293	1133	468	468
M1060_4	F1920_4	293	1164	1022	1022
M1060_4	F2063_4	293	1315	978	978
M1060_4	F2255_4	293	1236	734	734
M1060_4	F2301_4	293	1210	1130	1130
M1060_4	F94_4	293	1357	881	881
M1060_4	M1604_4	293	1337	1148	1148
M1060_4	M1823_4	293	1103	788	788
M1060_4	M2231_4	293	1368	234	234
M1060_4	M2596_4	293	1407	486	486
M1060_4	M55_4	293	1259	1132	1132
M1060_4	M851_4	293	1214	391	391
M1604_4	F1097_4	293	1265	218	315
M1604_4	F163_4	293	1218	95	132
M1604_4	F1920_4	293	1156	624	909
M1604_4	F2063_4	293	1162	303	423
M1604_4	F2255_4	293	1313	209	302
M1604_4	F2301_4	293	1217	799	1186
M1604_4	F94_4	293	1290	239	351
M1604_4	M1060_4	293	1337	830	1187
M1604_4	M1823_4	293	1321	372	532
M1604_4	M2231_4	293	1437	34	50
M1604_4	M2596_4	293	1245	80	119
M1604_4	M55_4	293	1375	784	1118
M1604_4	M851_4	293	1317	75	109
M1823_4	F1097_4	293	1301	170	170
M1823_4	F163_4	293	1518	89	89
M1823_4	F1920_4	293	1260	653	653
M1823_4	F2063_4	293	1201	266	266
M1823_4	F2255_4	293	1147	133	133
M1823_4	F2301_4	293	1265	770	770
M1823_4	F94_4	293	1194	189	189
M1823_4	M1060_4	293	1103	614	614
M1823_4	M1604_4	293	1321	477	477
M1823_4	M2231_4	293	1172	43	43
M1823_4	M2596_4	293	1335	55	55
M1823_4	M55_4	293	1267	650	650
M1823_4	M851_4	293	1313	55	55
M2231_4	F1097_4	293	1301	154	267
M2231_4	F163_4	293	1281	75	139
M2231_4	F1920_4	293	1291	530	938
M2231_4	F2063_4	293	1320	250	439
M2231_4	F2255_4	293	1138	121	209
M2231_4	F2301_4	293	1353	752	1313
M2231_4	F94_4	293	1240	163	283
M2231_4	M1060_4	293	1368	691	1234
M2231_4	M1604_4	293	1437	429	743
M2231_4	M1823_4	293	1172	216	377
M2231_4	M2596_4	293	1128	44	74
M2231_4	M55_4	293	1246	524	953
M2231_4	M851_4	293	1201	36	62
M2596_4	F1097_4	293	1190	234	281
M2596_4	F163_4	293	1243	103	121
M2596_4	F1920_4	293	1241	656	780
M2596_4	F2063_4	293	1271	302	347
M2596_4	F2255_4	293	1179	172	197
M2596_4	F2301_4	293	1240	802	938
M2596_4	F94_4	293	1207	217	260
M2596_4	M1060_4	293	1407	868	1034
M2596_4	M1604_4	293	1245	567	673
M2596_4	M1823_4	293	1335	354	411
M2596_4	M2231_4	293	1128	34	48
M2596_4	M55_4	293	1225	652	768
M2596_4	M851_4	293	1243	83	101
M55_4	F1097_4	293	1168	594	1115
M55_4	F163_4	293	1223	385	739
M55_4	F1920_4	293	1282	1084	2082
M55_4	F2063_4	293	1211	773	1470
M55_4	F2255_4	293	1202	550	1031
M55_4	F2301_4	293	1277	1136	2211
M55_4	F94_4	293	1463	783	1465
M55_4	M1060_4	293	1259	1093	2083
M55_4	M1604_4	293	1375	1062	1990
M55_4	M1823_4	293	1267	820	1593
M55_4	M2231_4	293	1246	134	267
M55_4	M2596_4	293	1225	321	584
M55_4	M851_4	293	1097	248	484
M851_4	F1097_4	293	1200	136	459
M851_4	F163_4	293	1169	50	172
M851_4	F1920_4	293	1222	517	1909
M851_4	F2063_4	293	1279	246	883
M851_4	F2255_4	293	1170	99	348
M851_4	F2301_4	293	1385	695	2493
M851_4	F94_4	293	1260	150	530
M851_4	M1060_4	293	1214	599	2076
M851_4	M1604_4	293	1317	409	1433
M851_4	M1823_4	293	1313	249	938
M851_4	M2231_4	293	1201	18	49
M851_4	M2596_4	293	1243	55	180
M851_4	M55_4	293	1097	449	1639
F1079_4	F1357_4	294	1295	1113	1828
F1079_4	F1435_4	294	1240	1167	1951
F1079_4	F2107_4	294	1164	1028	1739
F1079_4	F2322_4	294	1247	908	1514
F1079_4	F2798_4	294	1273	1167	1978
F1079_4	F373_4	294	1316	847	1402
F1079_4	M2014_4	294	1386	967	1608
F1079_4	M2303_4	294	1358	486	801
F1079_4	M2331_4	294	1258	1140	1926
F1079_4	M266_4	294	1084	782	1269
F1079_4	M2780_4	294	1321	1059	1751
F1079_4	M582_4	294	1190	1135	1908
F1079_4	M867_4	294	1293	766	1273
F1357_4	F1079_4	294	1295	1182	1381
F1357_4	F1435_4	294	1288	1239	1450
F1357_4	F2107_4	294	1423	1303	1544
F1357_4	F2322_4	294	1175	890	1035
F1357_4	F2798_4	294	1281	1212	1406
F1357_4	F373_4	294	1252	892	1047
F1357_4	M2014_4	294	1416	1050	1224
F1357_4	M2303_4	294	1311	585	683
F1357_4	M2331_4	294	1193	1127	1329
F1357_4	M266_4	294	1220	974	1159
F1357_4	M2780_4	294	1179	1010	1161
F1357_4	M582_4	294	1412	1363	1575
F1357_4	M867_4	294	1255	811	977
F1435_4	F1079_4	294	1240	390	849
F1435_4	F1357_4	294	1288	353	766
F1435_4	F2107_4	294	1388	409	922
F1435_4	F2322_4	294	1368	198	444
F1435_4	F2798_4	294	1335	548	1255
F1435_4	F373_4	294	1525	183	394
F1435_4	M2014_4	294	1350	144	318
F1435_4	M2303_4	294	1151	43	99
F1435_4	M2331_4	294	1366	531	1142
F1435_4	M266_4	294	1168	150	349
F1435_4	M2780_4	294	1285	269	575
F1435_4	M582_4	294	1176	610	1337
F1435_4	M867_4	294	1271	106	227
F2107_4	F1079_4	294	1164	893	893
F2107_4	F1357_4	294	1423	1012	1012
F2107_4	F1435_4	294	1388	1199	1199
F2107_4	F2322_4	294	1239	688	688
F2107_4	F2798_4	294	1172	1002	1002
F2107_4	F373_4	294	1255	572	572
F2107_4	M2014_4	294	1064	556	556
F2107_4	M2303_4	294	1119	233	233
F2107_4	M2331_4	294	1265	1055	1055
F2107_4	M266_4	294	1227	667	667
F2107_4	M2780_4	294	1242	826	826
F2107_4	M582_4	294	1271	1149	1149
F2107_4	M867_4	294	1297	505	505
F2322_4	F1079_4	294	1247	1195	1195
F2322_4	F1357_4	294	1175	1116	1116
F2322_4	F1435_4	294	1368	1344	1344
F2322_4	F2107_4	294	1239	1182	1182
F2322_4	F2798_4	294	1305	1276	1276
F2322_4	F373_4	294	1178	1028	1028
F2322_4	M2014_4	294	1071	947	947
F2322_4	M2303_4	294	1274	875	875
F2322_4	M2331_4	294	1311	1263	1263
F2322_4	M266_4	294	1178	1058	1058
F2322_4	M2780_4	294	1132	1049	1049
F2322_4	M582_4	294	1197	1186	1186
F2322_4	M867_4	294	1229	1002	1002
F2798_4	F1079_4	294	1273	1183	1183
F2798_4	F1357_4	294	1281	1159	1159
F2798_4	F1435_4	294	1335	1293	1293
F2798_4	F2107_4	294	1172	1077	1077
F2798_4	F2322_4	294	1305	1043	1043
F2798_4	F373_4	294	1328	951	951
F2798_4	M2014_4	294	1215	927	927
F2798_4	M2303_4	294	1304	614	614
F2798_4	M2331_4	294	1118	1058	1058
F2798_4	M266_4	294	1287	1018	1018
F2798_4	M2780_4	294	1311	1139	1139
F2798_4	M582_4	294	1221	1176	1176
F2798_4	M867_4	294	1212	804	804
F373_4	F1079_4	294	1316	858	3573
F373_4	F1357_4	294	1252	787	3149
F373_4	F1435_4	294	1525	1267	5206
F373_4	F2107_4	294	1255	815	3270
F373_4	F2322_4	294	1178	512	2119
F373_4	F2798_4	294	1328	1027	4172
F373_4	M2014_4	294	1291	491	2015
F373_4	M2303_4	294	1319	180	742
F373_4	M2331_4	294	1329	1011	4152
F373_4	M266_4	294	1366	607	2500
F373_4	M2780_4	294	1303	692	2815
F373_4	M582_4	294	1315	1095	4449
F373_4	M867_4	294	1327	362	1474
M2014_4	F1079_4	294	1386	1042	1042
M2014_4	F1357_4	294	1416	993	993
M2014_4	F1435_4	294	1350	1173	1173
M2014_4	F2107_4	294	1064	804	804
M2014_4	F2322_4	294	1071	547	547
M2014_4	F2798_4	294	1215	992	992
M2014_4	F373_4	294	1291	578	578
M2014_4	M2303_4	294	1289	250	250
M2014_4	M2331_4	294	1171	934	934
M2014_4	M266_4	294	1378	738	738
M2014_4	M2780_4	294	1318	840	840
M2014_4	M582_4	294	1164	1029	1029
M2014_4	M867_4	294	1376	508	508
M2303_4	F1079_4	294	1358	1153	1153
M2303_4	F1357_4	294	1311	1064	1064
M2303_4	F1435_4	294	1151	1058	1058
M2303_4	F2107_4	294	1119	956	956
M2303_4	F2322_4	294	1274	830	830
M2303_4	F2798_4	294	1304	1166	1166
M2303_4	F373_4	294	1319	755	755
M2303_4	M2014_4	294	1289	744	744
M2303_4	M2331_4	294	1330	1184	1184
M2303_4	M266_4	294	1125	772	772
M2303_4	M2780_4	294	1251	951	951
M2303_4	M582_4	294	1227	1138	1138
M2303_4	M867_4	294	1272	624	624
M2331_4	F1079_4	294	1258	1201	2980
M2331_4	F1357_4	294	1193	1137	2885
M2331_4	F1435_4	294	1366	1349	3525
M2331_4	F2107_4	294	1265	1223	3056
M2331_4	F2322_4	294	1311	1174	2995
M2331_4	F2798_4	294	1118	1092	2705
M2331_4	F373_4	294	1329	1140	2898
M2331_4	M2014_4	294	1171	1016	2591
M2331_4	M2303_4	294	1330	905	2296
M2331_4	M266_4	294	1230	1133	2876
M2331_4	M2780_4	294	1382	1299	3284
M2331_4	M582_4	294	1352	1336	3386
M2331_4	M867_4	294	1169	949	2473
M266_4	F1079_4	294	1084	858	2288
M266_4	F1357_4	294	1220	887	2326
M266_4	F1435_4	294	1168	1048	2756
M266_4	F2107_4	294	1227	976	2605
M266_4	F2322_4	294	1178	622	1683
M266_4	F2798_4	294	1287	1079	2804
M266_4	F373_4	294	1366	645	1737
M266_4	M2014_4	294	1378	670	1736
M266_4	M2303_4	294	1125	215	560
M266_4	M2331_4	294	1230	1028	2724
M266_4	M2780_4	294	1154	768	2019
M266_4	M582_4	294	1303	1175	3143
M266_4	M867_4	294	1238	498	1331
M2780_4	F1079_4	294	1321	1215	1215
M2780_4	F1357_4	294	1179	1051	1051
M2780_4	F1435_4	294	1285	1249	1249
M2780_4	F2107_4	294	1242	1155	1155
M2780_4	F2322_4	294	1132	932	932
M2780_4	F2798_4	294	1311	1248	1248
M2780_4	F373_4	294	1303	998	998
M2780_4	M2014_4	294	1318	1030	1030
M2780_4	M2303_4	294	1251	624	624
M2780_4	M2331_4	294	1382	1308	1308
M2780_4	M266_4	294	1154	965	965
M2780_4	M582_4	294	1339	1303	1303
M2780_4	M867_4	294	1393	971	971
M582_4	F1079_4	294	1190	322	322
M582_4	F1357_4	294	1412	270	270
M582_4	F1435_4	294	1176	542	542
M582_4	F2107_4	294	1271	358	358
M582_4	F2322_4	294	1197	130	130
M582_4	F2798_4	294	1221	436	436
M582_4	F373_4	294	1315	115	115
M582_4	M2014_4	294	1164	110	110
M582_4	M2303_4	294	1227	32	32
M582_4	M2331_4	294	1352	463	463
M582_4	M266_4	294	1303	142	142
M582_4	M2780_4	294	1339	227	227
M582_4	M867_4	294	1311	88	88
M867_4	F1079_4	294	1293	513	513
M867_4	F1357_4	294	1255	410	410
M867_4	F1435_4	294	1271	759	759
M867_4	F2107_4	294	1297	502	502
M867_4	F2322_4	294	1229	213	213
M867_4	F2798_4	294	1212	592	592
M867_4	F373_4	294	1327	190	190
M867_4	M2014_4	294	1376	202	202
M867_4	M2303_4	294	1272	63	63
M867_4	M2331_4	294	1169	541	541
M867_4	M266_4	294	1238	230	230
M867_4	M2780_4	294	1393	375	375
M867_4	M582_4	294	1311	804	804
F1271_4	F1668_4	295	1270	446	490
F1271_4	F1749_4	295	1371	1303	1458
F1271_4	F1837_4	295	1270	1022	1165
F1271_4	F246_4	295	1211	1160	1301
F1271_4	F356_4	295	1059	820	927
F1271_4	F444_4	295	1324	428	495
F1271_4	F861_4	295	1202	1102	1245
F1271_4	F892_4	295	1276	444	500
F1271_4	M1291_4	295	1258	1243	1386
F1271_4	M1690_4	295	1218	1103	1231
F1271_4	M2591_4	295	1372	1024	1145
F1271_4	M475_4	295	1297	1157	1304
F1271_4	M924_4	295	1101	361	401
F1668_4	F1271_4	295	1270	373	771
F1668_4	F1749_4	295	1239	805	1563
F1668_4	F1837_4	295	1263	319	651
F1668_4	F246_4	295	1258	891	1799
F1668_4	F356_4	295	1297	318	624
F1668_4	F444_4	295	1161	59	111
F1668_4	F861_4	295	1205	688	1363
F1668_4	F892_4	295	1255	61	141
F1668_4	M1291_4	295	1178	1059	2105
F1668_4	M1690_4	295	1258	551	1095
F1668_4	M2591_4	295	1161	285	565
F1668_4	M475_4	295	1275	568	1128
F1668_4	M924_4	295	1194	57	123
F1749_4	F1271_4	295	1371	861	861
F1749_4	F1668_4	295	1239	239	239
F1749_4	F1837_4	295	1286	809	809
F1749_4	F246_4	295	1260	1149	1149
F1749_4	F356_4	295	1258	798	798
F1749_4	F444_4	295	1257	218	218
F1749_4	F861_4	295	1176	997	997
F1749_4	F892_4	295	1321	236	236
F1749_4	M1291_4	295	1275	1234	1234
F1749_4	M1690_4	295	1230	973	973
F1749_4	M2591_4	295	1232	693	693
F1749_4	M475_4	295	1210	959	959
F1749_4	M924_4	295	1271	218	218
F1837_4	F1271_4	295	1270	923	2148
F1837_4	F1668_4	295	1263	302	738
F1837_4	F1749_4	295	1286	1181	2780
F1837_4	F246_4	295	1243	1150	2678
F1837_4	F356_4	295	1201	834	2025
F1837_4	F444_4	295	1191	266	636
F1837_4	F861_4	295	1392	1253	2965
F1837_4	F892_4	295	1218	254	618
F1837_4	M1291_4	295	1319	1299	3109
F1837_4	M1690_4	295	1288	1087	2539
F1837_4	M2591_4	295	1308	838	1987
F1837_4	M475_4	295	1179	989	2364
F1837_4	M924_4	295	1237	269	638
F246_4	F1271_4	295	1211	158	183
F246_4	F1668_4	295	1258	18	21
F246_4	F1749_4	295	1260	423	497
F246_4	F1837_4	295	1243	126	141
F246_4	F356_4	295	1345	121	136
F246_4	F444_4	295	1253	28	34
F246_4	F861_4	295	1180	328	381
F246_4	F892_4	295	1272	15	18
F246_4	M1291_4	295	1124	800	941
F246_4	M1690_4	295	1302	293	340
F246_4	M2591_4	295	1285	87	107
F246_4	M475_4	295	1119	241	287
F246_4	M924_4	295	1384	17	18
F356_4	F1271_4	295	1059	977	1897
F356_4	F1668_4	295	1297	744	1443
F356_4	F1749_4	295	1258	1233	2364
F356_4	F1837_4	295	1201	1103	2133
F356_4	F246_4	295	1345	1326	2580
F356_4	F444_4	295	1263	739	1471
F356_4	F861_4	295	1163	1130	2223
F356_4	F892_4	295	1401	819	1650
F356_4	M1291_4	295	1117	1111	2174
F356_4	M1690_4	295	1276	1228	2409
F356_4	M2591_4	295	1313	1167	2299
F356_4	M475_4	295	1157	1117	2182
F356_4	M924_4	295	1170	682	1298
F444_4	F1271_4	295	1324	1010	2734
F444_4	F1668_4	295	1161	347	948
F444_4	F1749_4	295	1257	1188	3147
F444_4	F1837_4	295	1191	900	2454
F444_4	F246_4	295	1253	1180	3119
F444_4	F356_4	295	1263	902	2393
F444_4	F861_4	295	1276	1136	3046
F444_4	F892_4	295	1313	380	1048
F444_4	M1291_4	295	1229	1214	3248
F444_4	M1690_4	295	1149	995	2700
F444_4	M2591_4	295	1300	890	2450
F444_4	M475_4	295	1313	1132	2996
F444_4	M924_4	295	1376	373	1032
F861_4	F1271_4	295	1202	873	873
F861_4	F1668_4	295	1205	282	282
F861_4	F1749_4	295	1176	1087	1087
F861_4	F1837_4	295	1392	1008	1008
F861_4	F246_4	295	1180	1107	1107
F861_4	F356_4	295	1163	849	849
F861_4	F444_4	295	1276	337	337
F861_4	F892_4	295	1305	336	336
F861_4	M1291_4	295	1239	1216	1216
F861_4	M1690_4	295	1229	1059	1059
F861_4	M2591_4	295	1457	960	960
F861_4	M475_4	295	1195	1035	1035
F861_4	M924_4	295	1183	283	283
F892_4	F1271_4	295	1276	740	1666
F892_4	F1668_4	295	1255	179	389
F892_4	F1749_4	295	1321	1147	2607
F892_4	F1837_4	295	1218	676	1486
F892_4	F246_4	295	1272	1114	2527
F892_4	F356_4	295	1401	762	1728
F892_4	F444_4	295	1313	180	404
F892_4	F861_4	295	1305	1016	2235
F892_4	M1291_4	295	1288	1228	2762
F892_4	M1690_4	295	1411	1024	2297
F892_4	M2591_4	295	1246	618	1336
F892_4	M475_4	295	1174	870	1948
F892_4	M924_4	295	1388	170	382
M1291_4	F1271_4	295	1258	455	695
M1291_4	F1668_4	295	1178	79	123
M1291_4	F1749_4	295	1275	962	1468
M1291_4	F1837_4	295	1319	487	760
M1291_4	F246_4	295	1124	870	1345
M1291_4	F356_4	295	1117	370	553
M1291_4	F444_4	295	1229	89	134
M1291_4	F861_4	295	1239	791	1222
M1291_4	F892_4	295	1288	86	128
M1291_4	M1690_4	295	1123	618	934
M1291_4	M2591_4	295	1338	376	592
M1291_4	M475_4	295	1223	706	1077
M1291_4	M924_4	295	1166	72	120
M1690_4	F1271_4	295	1218	524	1522
M1690_4	F1668_4	295	1258	112	328
M1690_4	F1749_4	295	1230	968	2788
M1690_4	F1837_4	295	1288	563	1615
M1690_4	F246_4	295	1302	1084	3124
M1690_4	F356_4	295	1276	526	1556
M1690_4	F444_4	295	1149	107	301
M1690_4	F861_4	295	1229	886	2603
M1690_4	F892_4	295	1411	149	408
M1690_4	M1291_4	295	1123	1062	3094
M1690_4	M2591_4	295	1289	479	1385
M1690_4	M475_4	295	1275	811	2344
M1690_4	M924_4	295	1476	122	352
M2591_4	F1271_4	295	1372	531	531
M2591_4	F1668_4	295	1161	93	93
M2591_4	F1749_4	295	1232	914	914
M2591_4	F1837_4	295	1308	497	497
M2591_4	F246_4	295	1285	1024	1024
M2591_4	F356_4	295	1313	485	485
M2591_4	F444_4	295	1300	100	100
M2591_4	F861_4	295	1457	961	961
M2591_4	F892_4	295	1246	95	95
M2591_4	M1291_4	295	1338	1261	1261
M2591_4	M1690_4	295	1289	764	764
M2591_4	M475_4	295	1195	702	702
M2591_4	M924_4	295	1267	86	86
M475_4	F1271_4	295	1297	522	768
M475_4	F1668_4	295	1275	99	137
M475_4	F1749_4	295	1210	878	1226
M475_4	F1837_4	295	1179	428	593
M475_4	F246_4	295	1119	834	1218
M475_4	F356_4	295	1157	376	516
M475_4	F444_4	295	1313	99	153
M475_4	F861_4	295	1195	745	1080
M475_4	F892_4	295	1174	75	110
M475_4	M1291_4	295	1223	1119	1617
M475_4	M1690_4	295	1275	676	983
M475_4	M2591_4	295	1195	327	478
M475_4	M924_4	295	1304	80	115
M924_4	F1271_4	295	1101	1015	2035
M924_4	F1668_4	295	1194	744	1382
M924_4	F1749_4	295	1271	1247	2522
M924_4	F1837_4	295	1237	1128	2253
M924_4	F246_4	295	1384	1371	2661
M924_4	F356_4	295	1170	1069	2135
M924_4	F444_4	295	1376	787	1575
M924_4	F861_4	295	1183	1139	2306
M924_4	F892_4	295	1388	843	1696
M924_4	M1291_4	295	1166	1163	2338
M924_4	M1690_4	295	1476	1409	2767
M924_4	M2591_4	295	1267	1124	2243
M924_4	M475_4	295	1304	1257	2508
F1041_4	F1621_4	296	1343	1177	1177
F1041_4	F2308_4	296	1353	1232	1232
F1041_4	F326_4	296	1169	1013	1013
F1041_4	F511_4	296	1239	719	719
F1041_4	F576_4	296	1262	1090	1090
F1041_4	F769_4	296	1294	992	992
F1041_4	M1329_4	296	1222	766	766
F1041_4	M1570_4	296	1452	399	399
F1041_4	M1897_4	296	1212	601	601
F1041_4	M2064_4	296	1227	365	365
F1041_4	M2080_4	296	1237	1200	1200
F1041_4	M2405_4	296	1216	879	879
F1041_4	M399_4	296	1286	1019	1019
F1621_4	F1041_4	296	1343	397	848
F1621_4	F2308_4	296	1273	985	2104
F1621_4	F326_4	296	1229	848	1778
F1621_4	F511_4	296	1238	367	823
F1621_4	F576_4	296	1326	926	1987
F1621_4	F769_4	296	1148	635	1343
F1621_4	M1329_4	296	1150	431	920
F1621_4	M1570_4	296	1189	161	372
F1621_4	M1897_4	296	1253	358	777
F1621_4	M2064_4	296	1302	158	329
F1621_4	M2080_4	296	1207	1114	2403
F1621_4	M2405_4	296	1285	592	1255
F1621_4	M399_4	296	1378	772	1678
F2308_4	F1041_4	296	1353	294	294
F2308_4	F1621_4	296	1273	716	716
F2308_4	F326_4	296	1330	734	734
F2308_4	F511_4	296	1224	237	237
F2308_4	F576_4	296	1378	791	791
F2308_4	F769_4	296	1378	598	598
F2308_4	M1329_4	296	1253	317	317
F2308_4	M1570_4	296	1167	93	93
F2308_4	M1897_4	296	1267	226	226
F2308_4	M2064_4	296	1344	87	87
F2308_4	M2080_4	296	1308	1167	1167
F2308_4	M2405_4	296	1272	465	465
F2308_4	M399_4	296	1123	531	531
F326_4	F1041_4	296	1169	451	1553
F326_4	F1621_4	296	1229	900	3154
F326_4	F2308_4	296	1330	1059	3715
F326_4	F511_4	296	1285	440	1543
F326_4	F576_4	296	1024	775	2817
F326_4	F769_4	296	1145	689	2481
F326_4	M1329_4	296	1276	501	1798
F326_4	M1570_4	296	1104	157	562
F326_4	M1897_4	296	1148	379	1361
F326_4	M2064_4	296	1385	222	805
F326_4	M2080_4	296	1208	1118	4006
F326_4	M2405_4	296	1095	586	2078
F326_4	M399_4	296	1138	703	2500
F511_4	F1041_4	296	1239	39	77
F511_4	F1621_4	296	1238	191	341
F511_4	F2308_4	296	1224	242	449
F511_4	F326_4	296	1285	198	361
F511_4	F576_4	296	1401	232	425
F511_4	F769_4	296	1174	105	185
F511_4	M1329_4	296	1199	51	103
F511_4	M1570_4	296	1417	17	30
F511_4	M1897_4	296	1204	31	60
F511_4	M2064_4	296	1098	8	15
F511_4	M2080_4	296	1230	570	1058
F511_4	M2405_4	296	1352	85	154
F511_4	M399_4	296	1253	122	218
F576_4	F1041_4	296	1262	713	1019
F576_4	F1621_4	296	1326	1132	1592
F576_4	F2308_4	296	1378	1227	1816
F576_4	F326_4	296	1024	863	1219
F576_4	F511_4	296	1401	704	1013
F576_4	F769_4	296	1178	863	1217
F576_4	M1329_4	296	1315	780	1155
F576_4	M1570_4	296	1363	350	482
F576_4	M1897_4	296	1413	627	883
F576_4	M2064_4	296	1189	304	453
F576_4	M2080_4	296	1151	1112	1577
F576_4	M2405_4	296	1439	995	1404
F576_4	M399_4	296	1366	1038	1482
F769_4	F1041_4	296	1294	55	165
F769_4	F1621_4	296	1148	206	617
F769_4	F2308_4	296	1378	316	915
F769_4	F326_4	296	1145	182	534
F769_4	F511_4	296	1174	47	142
F769_4	F576_4	296	1178	193	578
F769_4	M1329_4	296	1432	69	210
F769_4	M1570_4	296	1152	25	86
F769_4	M1897_4	296	1318	39	122
F769_4	M2064_4	296	1374	17	54
F769_4	M2080_4	296	1192	625	1831
F769_4	M2405_4	296	1335	92	257
F769_4	M399_4	296	1280	138	406
M1329_4	F1041_4	296	1222	474	474
M1329_4	F1621_4	296	1150	861	861
M1329_4	F2308_4	296	1253	1041	1041
M1329_4	F326_4	296	1276	964	964
M1329_4	F511_4	296	1199	440	440
M1329_4	F576_4	296	1315	1027	1027
M1329_4	F769_4	296	1432	898	898
M1329_4	M1570_4	296	1137	180	180
M1329_4	M1897_4	296	1378	456	456
M1329_4	M2064_4	296	1200	176	176
M1329_4	M2080_4	296	1312	1237	1237
M1329_4	M2405_4	296	1138	602	602
M1329_4	M399_4	296	1209	817	817
M1570_4	F1041_4	296	1452	511	511
M1570_4	F1621_4	296	1189	854	854
M1570_4	F2308_4	296	1167	938	938
M1570_4	F326_4	296	1104	794	794
M1570_4	F511_4	296	1417	487	487
M1570_4	F576_4	296	1363	1000	1000
M1570_4	F769_4	296	1152	654	654
M1570_4	M1329_4	296	1137	467	467
M1570_4	M1897_4	296	1239	342	342
M1570_4	M2064_4	296	1177	148	148
M1570_4	M2080_4	296	1266	1181	1181
M1570_4	M2405_4	296	1210	588	588
M1570_4	M399_4	296	1310	830	830
M1897_4	F1041_4	296	1212	780	780
M1897_4	F1621_4	296	1253	1105	1105
M1897_4	F2308_4	296	1267	1181	1181
M1897_4	F326_4	296	1148	1030	1030
M1897_4	F511_4	296	1204	740	740
M1897_4	F576_4	296	1413	1278	1278
M1897_4	F769_4	296	1318	1090	1090
M1897_4	M1329_4	296	1378	939	939
M1897_4	M1570_4	296	1239	388	388
M1897_4	M2064_4	296	1171	351	351
M1897_4	M2080_4	296	1159	1140	1140
M1897_4	M2405_4	296	1209	935	935
M1897_4	M399_4	296	1240	1030	1030
M2064_4	F1041_4	296	1227	22	36
M2064_4	F1621_4	296	1302	76	125
M2064_4	F2308_4	296	1344	128	182
M2064_4	F326_4	296	1385	64	108
M2064_4	F511_4	296	1098	14	26
M2064_4	F576_4	296	1189	67	109
M2064_4	F769_4	296	1374	45	71
M2064_4	M1329_4	296	1200	15	24
M2064_4	M1570_4	296	1177	6	9
M2064_4	M1897_4	296	1171	19	34
M2064_4	M2080_4	296	1346	375	619
M2064_4	M2405_4	296	1128	27	41
M2064_4	M399_4	296	1177	47	75
M2080_4	F1041_4	296	1237	269	269
M2080_4	F1621_4	296	1207	645	645
M2080_4	F2308_4	296	1308	826	826
M2080_4	F326_4	296	1208	660	660
M2080_4	F511_4	296	1230	260	260
M2080_4	F576_4	296	1151	653	653
M2080_4	F769_4	296	1192	500	500
M2080_4	M1329_4	296	1312	322	322
M2080_4	M1570_4	296	1266	87	87
M2080_4	M1897_4	296	1159	193	193
M2080_4	M2064_4	296	1346	85	85
M2080_4	M2405_4	296	1177	370	370
M2080_4	M399_4	296	1342	564	564
M2405_4	F1041_4	296	1216	85	203
M2405_4	F1621_4	296	1285	380	955
M2405_4	F2308_4	296	1272	476	1194
M2405_4	F326_4	296	1095	303	734
M2405_4	F511_4	296	1352	106	274
M2405_4	F576_4	296	1439	452	1136
M2405_4	F769_4	296	1335	278	745
M2405_4	M1329_4	296	1138	95	232
M2405_4	M1570_4	296	1210	39	94
M2405_4	M1897_4	296	1209	82	220
M2405_4	M2064_4	296	1128	19	39
M2405_4	M2080_4	296	1177	811	1969
M2405_4	M399_4	296	1196	273	674
M399_4	F1041_4	296	1286	283	698
M399_4	F1621_4	296	1378	816	1964
M399_4	F2308_4	296	1123	775	1896
M399_4	F326_4	296	1138	657	1612
M399_4	F511_4	296	1253	279	675
M399_4	F576_4	296	1366	817	1978
M399_4	F769_4	296	1280	574	1368
M399_4	M1329_4	296	1209	309	759
M399_4	M1570_4	296	1310	119	308
M399_4	M1897_4	296	1240	251	582
M399_4	M2064_4	296	1177	78	201
M399_4	M2080_4	296	1342	1189	2811
M399_4	M2405_4	296	1196	443	1081
F1083_4	F1259_4	297	1209	469	469
F1083_4	F1267_4	297	1193	559	559
F1083_4	F176_4	297	1408	1347	1347
F1083_4	F2234_4	297	1309	1278	1278
F1083_4	F2558_4	297	1187	1112	1112
F1083_4	F2697_4	297	1138	993	993
F1083_4	F813_4	297	1067	745	745
F1083_4	F952_4	297	1280	1132	1132
F1083_4	M1010_4	297	1260	1229	1229
F1083_4	M1036_4	297	1281	1077	1077
F1083_4	M1508_4	297	1083	891	891
F1083_4	M1856_4	297	1095	1018	1018
F1083_4	M2096_4	297	1302	1291	1291
F1259_4	F1083_4	297	1209	274	274
F1259_4	F1267_4	297	1284	320	320
F1259_4	F176_4	297	1285	1161	1161
F1259_4	F2234_4	297	1192	1105	1105
F1259_4	F2558_4	297	1166	969	969
F1259_4	F2697_4	297	1199	836	836
F1259_4	F813_4	297	1313	615	615
F1259_4	F952_4	297	1200	897	897
F1259_4	M1010_4	297	1309	1245	1245
F1259_4	M1036_4	297	1124	771	771
F1259_4	M1508_4	297	1211	781	781
F1259_4	M1856_4	297	1199	992	992
F1259_4	M2096_4	297	1198	1168	1168
F1267_4	F1083_4	297	1193	212	212
F1267_4	F1259_4	297	1284	165	165
F1267_4	F176_4	297	1264	1098	1098
F1267_4	F2234_4	297	1283	1139	1139
F1267_4	F2558_4	297	1367	1028	1028
F1267_4	F2697_4	297	1183	777	777
F1267_4	F813_4	297	1257	460	460
F1267_4	F952_4	297	1192	775	775
F1267_4	M1010_4	297	1202	1121	1121
F1267_4	M1036_4	297	1418	837	837
F1267_4	M1508_4	297	1300	740	740
F1267_4	M1856_4	297	1304	1018	1018
F1267_4	M2096_4	297	1272	1231	1231
F176_4	F1083_4	297	1408	345	345
F176_4	F1259_4	297	1285	224	224
F176_4	F1267_4	297	1264	298	298
F176_4	F2234_4	297	1256	1162	1162
F176_4	F2558_4	297	1065	838	838
F176_4	F2697_4	297	1314	953	953
F176_4	F813_4	297	1225	533	533
F176_4	F952_4	297	1273	932	932
F176_4	M1010_4	297	1354	1272	1272
F176_4	M1036_4	297	1163	799	799
F176_4	M1508_4	297	1212	787	787
F176_4	M1856_4	297	1168	966	966
F176_4	M2096_4	297	1251	1227	1227
F2234_4	F1083_4	297	1309	490	857
F2234_4	F1259_4	297	1192	350	624
F2234_4	F1267_4	297	1283	498	855
F2234_4	F176_4	297	1256	1175	2017
F2234_4	F2558_4	297	1294	1141	1981
F2234_4	F2697_4	297	1128	932	1627
F2234_4	F813_4	297	1353	839	1391
F2234_4	F952_4	297	1373	1160	1963
F2234_4	M1010_4	297	1312	1279	2271
F2234_4	M1036_4	297	1358	1070	1772
F2234_4	M1508_4	297	1082	828	1446
F2234_4	M1856_4	297	1202	1070	1827
F2234_4	M2096_4	297	1267	1251	2145
F2558_4	F1083_4	297	1187	74	74
F2558_4	F1259_4	297	1166	52	52
F2558_4	F1267_4	297	1367	76	76
F2558_4	F176_4	297	1065	672	672
F2558_4	F2234_4	297	1294	875	875
F2558_4	F2697_4	297	1311	440	440
F2558_4	F813_4	297	1464	211	211
F2558_4	F952_4	297	1192	367	367
F2558_4	M1010_4	297	1300	975	975
F2558_4	M1036_4	297	1084	308	308
F2558_4	M1508_4	297	1150	286	286
F2558_4	M1856_4	297	1189	531	531
F2558_4	M2096_4	297	1336	1166	1166
F2697_4	F1083_4	297	1138	239	590
F2697_4	F1259_4	297	1199	181	475
F2697_4	F1267_4	297	1183	215	502
F2697_4	F176_4	297	1314	1171	2845
F2697_4	F2234_4	297	1128	1019	2423
F2697_4	F2558_4	297	1311	1012	2444
F2697_4	F813_4	297	1448	581	1373
F2697_4	F952_4	297	1132	782	1880
F2697_4	M1010_4	297	1331	1244	3025
F2697_4	M1036_4	297	1293	776	1903
F2697_4	M1508_4	297	1227	711	1686
F2697_4	M1856_4	297	1361	1076	2670
F2697_4	M2096_4	297	1261	1212	2909
F813_4	F1083_4	297	1067	54	184
F813_4	F1259_4	297	1313	36	150
F813_4	F1267_4	297	1257	67	237
F813_4	F176_4	297	1225	780	2686
F813_4	F2234_4	297	1353	899	3080
F813_4	F2558_4	297	1464	596	2056
F813_4	F2697_4	297	1448	427	1528
F813_4	F952_4	297	1308	421	1446
F813_4	M1010_4	297	1294	977	3448
F813_4	M1036_4	297	1213	305	1037
F813_4	M1508_4	297	1219	274	902
F813_4	M1856_4	297	1319	565	1993
F813_4	M2096_4	297	1175	1041	3608
F952_4	F1083_4	297	1280	254	254
F952_4	F1259_4	297	1200	156	156
F952_4	F1267_4	297	1192	213	213
F952_4	F176_4	297	1273	1128	1128
F952_4	F2234_4	297	1373	1226	1226
F952_4	F2558_4	297	1192	887	887
F952_4	F2697_4	297	1132	732	732
F952_4	F813_4	297	1308	509	509
F952_4	M1010_4	297	1221	1127	1127
F952_4	M1036_4	297	1240	762	762
F952_4	M1508_4	297	1301	737	737
F952_4	M1856_4	297	1330	1005	1005
F952_4	M2096_4	297	1325	1279	1279
M1010_4	F1083_4	297	1260	397	397
M1010_4	F1259_4	297	1309	344	344
M1010_4	F1267_4	297	1202	383	383
M1010_4	F176_4	297	1354	1272	1272
M1010_4	F2234_4	297	1312	1233	1233
M1010_4	F2558_4	297	1300	1129	1129
M1010_4	F2697_4	297	1331	1065	1065
M1010_4	F813_4	297	1294	728	728
M1010_4	F952_4	297	1221	1006	1006
M1010_4	M1036_4	297	1241	918	918
M1010_4	M1508_4	297	1226	906	906
M1010_4	M1856_4	297	1281	1130	1130
M1010_4	M2096_4	297	1223	1203	1203
M1036_4	F1083_4	297	1281	447	447
M1036_4	F1259_4	297	1124	277	277
M1036_4	F1267_4	297	1418	470	470
M1036_4	F176_4	297	1163	1092	1092
M1036_4	F2234_4	297	1358	1296	1296
M1036_4	F2558_4	297	1084	955	955
M1036_4	F2697_4	297	1293	1031	1031
M1036_4	F813_4	297	1213	705	705
M1036_4	F952_4	297	1240	1025	1025
M1036_4	M1010_4	297	1241	1194	1194
M1036_4	M1508_4	297	1256	956	956
M1036_4	M1856_4	297	1146	1009	1009
M1036_4	M2096_4	297	1187	1168	1168
M1508_4	F1083_4	297	1083	211	440
M1508_4	F1259_4	297	1211	151	321
M1508_4	F1267_4	297	1300	244	488
M1508_4	F176_4	297	1212	1032	2032
M1508_4	F2234_4	297	1082	964	1931
M1508_4	F2558_4	297	1150	860	1708
M1508_4	F2697_4	297	1227	801	1648
M1508_4	F813_4	297	1219	439	885
M1508_4	F952_4	297	1301	844	1707
M1508_4	M1010_4	297	1226	1142	2320
M1508_4	M1036_4	297	1256	732	1521
M1508_4	M1856_4	297	1280	978	1967
M1508_4	M2096_4	297	1335	1286	2608
M1856_4	F1083_4	297	1095	273	638
M1856_4	F1259_4	297	1199	194	471
M1856_4	F1267_4	297	1304	281	639
M1856_4	F176_4	297	1168	1038	2396
M1856_4	F2234_4	297	1202	1098	2521
M1856_4	F2558_4	297	1189	939	2154
M1856_4	F2697_4	297	1361	937	2147
M1856_4	F813_4	297	1319	554	1302
M1856_4	F952_4	297	1330	919	2095
M1856_4	M1010_4	297	1281	1196	2774
M1856_4	M1036_4	297	1146	713	1653
M1856_4	M1508_4	297	1280	767	1720
M1856_4	M2096_4	297	1223	1188	2654
M2096_4	F1083_4	297	1302	478	478
M2096_4	F1259_4	297	1198	347	347
M2096_4	F1267_4	297	1272	461	461
M2096_4	F176_4	297	1251	1177	1177
M2096_4	F2234_4	297	1267	1209	1209
M2096_4	F2558_4	297	1336	1186	1186
M2096_4	F2697_4	297	1261	1045	1045
M2096_4	F813_4	297	1175	709	709
M2096_4	F952_4	297	1325	1112	1112
M2096_4	M1010_4	297	1223	1193	1193
M2096_4	M1036_4	297	1187	943	943
M2096_4	M1508_4	297	1335	1039	1039
M2096_4	M1856_4	297	1223	1105	1105
F1190_4	F1376_4	298	1281	393	402
F1190_4	F1608_4	298	1140	1027	1046
F1190_4	F2144_4	298	1194	1028	1051
F1190_4	F2285_4	298	1263	677	686
F1190_4	F2320_4	298	1173	1054	1077
F1190_4	F2606_4	298	1286	673	685
F1190_4	F438_4	298	1281	1262	1298
F1190_4	M1626_4	298	1410	1393	1435
F1190_4	M2082_4	298	1460	1411	1439
F1190_4	M2350_4	298	1301	718	738
F1190_4	M2612_4	298	1253	1175	1193
F1190_4	M627_4	298	1208	1100	1125
F1190_4	M74_4	298	1335	1322	1352
F1376_4	F1190_4	298	1281	190	503
F1376_4	F1608_4	298	1191	63	171
F1376_4	F2144_4	298	1233	57	166
F1376_4	F2285_4	298	1359	7	18
F1376_4	F2320_4	298	1296	68	187
F1376_4	F2606_4	298	1344	11	33
F1376_4	F438_4	298	1249	398	1011
F1376_4	M1626_4	298	1302	531	1449
F1376_4	M2082_4	298	1386	228	591
F1376_4	M2350_4	298	1173	7	17
F1376_4	M2612_4	298	1004	70	218
F1376_4	M627_4	298	1152	91	259
F1376_4	M74_4	298	1196	602	1542
F1608_4	F1190_4	298	1140	931	1680
F1608_4	F1376_4	298	1191	95	173
F1608_4	F2144_4	298	1324	779	1439
F1608_4	F2285_4	298	1441	282	527
F1608_4	F2320_4	298	1363	825	1511
F1608_4	F2606_4	298	1191	221	400
F1608_4	F438_4	298	1392	1305	2404
F1608_4	M1626_4	298	1221	1158	2162
F1608_4	M2082_4	298	1164	995	1809
F1608_4	M2350_4	298	1252	233	398
F1608_4	M2612_4	298	1160	839	1528
F1608_4	M627_4	298	1368	947	1763
F1608_4	M74_4	298	1208	1160	2125
F2144_4	F1190_4	298	1194	1042	1042
F2144_4	F1376_4	298	1233	129	129
F2144_4	F1608_4	298	1324	938	938
F2144_4	F2285_4	298	1284	315	315
F2144_4	F2320_4	298	1422	986	986
F2144_4	F2606_4	298	1309	297	297
F2144_4	F438_4	298	1274	1211	1211
F2144_4	M1626_4	298	1202	1153	1153
F2144_4	M2082_4	298	1247	1118	1118
F2144_4	M2350_4	298	1194	282	282
F2144_4	M2612_4	298	1313	1049	1049
F2144_4	M627_4	298	1216	925	925
F2144_4	M74_4	298	1401	1370	1370
F2285_4	F1190_4	298	1263	824	1046
F2285_4	F1376_4	298	1359	54	71
F2285_4	F1608_4	298	1441	608	788
F2285_4	F2144_4	298	1284	459	572
F2285_4	F2320_4	298	1318	563	724
F2285_4	F2606_4	298	1271	103	131
F2285_4	F438_4	298	1330	1137	1449
F2285_4	M1626_4	298	1249	1115	1417
F2285_4	M2082_4	298	1210	871	1067
F2285_4	M2350_4	298	1286	101	124
F2285_4	M2612_4	298	1200	638	821
F2285_4	M627_4	298	1234	628	777
F2285_4	M74_4	298	1193	1082	1389
F2320_4	F1190_4	298	1173	914	914
F2320_4	F1376_4	298	1296	81	81
F2320_4	F1608_4	298	1363	792	792
F2320_4	F2144_4	298	1422	807	807
F2320_4	F2285_4	298	1318	204	204
F2320_4	F2606_4	298	1269	213	213
F2320_4	F438_4	298	1370	1245	1245
F2320_4	M1626_4	298	1193	1121	1121
F2320_4	M2082_4	298	1296	1067	1067
F2320_4	M2350_4	298	1195	170	170
F2320_4	M2612_4	298	1381	959	959
F2320_4	M627_4	298	1211	804	804
F2320_4	M74_4	298	1369	1305	1305
F2606_4	F1190_4	298	1286	558	827
F2606_4	F1376_4	298	1344	21	28
F2606_4	F1608_4	298	1191	258	392
F2606_4	F2144_4	298	1309	291	435
F2606_4	F2285_4	298	1271	46	62
F2606_4	F2320_4	298	1269	260	387
F2606_4	F438_4	298	1212	822	1214
F2606_4	M1626_4	298	1266	956	1416
F2606_4	M2082_4	298	1208	629	913
F2606_4	M2350_4	298	1282	49	67
F2606_4	M2612_4	298	1214	407	617
F2606_4	M627_4	298	1207	353	556
F2606_4	M74_4	298	1222	993	1522
F438_4	F1190_4	298	1281	1248	3081
F438_4	F1376_4	298	1249	588	1437
F438_4	F1608_4	298	1392	1311	3207
F438_4	F2144_4	298	1274	1193	2954
F438_4	F2285_4	298	1330	939	2169
F438_4	F2320_4	298	1370	1285	3150
F438_4	F2606_4	298	1212	861	2078
F438_4	M1626_4	298	1144	1140	2820
F438_4	M2082_4	298	1198	1176	2930
F438_4	M2350_4	298	1187	832	2013
F438_4	M2612_4	298	1349	1310	3202
F438_4	M627_4	298	1237	1183	2941
F438_4	M74_4	298	1236	1233	2987
M1626_4	F1190_4	298	1410	1041	2537
M1626_4	F1376_4	298	1302	88	201
M1626_4	F1608_4	298	1221	670	1621
M1626_4	F2144_4	298	1202	642	1585
M1626_4	F2285_4	298	1249	180	433
M1626_4	F2320_4	298	1193	649	1542
M1626_4	F2606_4	298	1266	200	459
M1626_4	F438_4	298	1144	1046	2522
M1626_4	M2082_4	298	1213	982	2364
M1626_4	M2350_4	298	1206	188	425
M1626_4	M2612_4	298	1375	944	2247
M1626_4	M627_4	298	1209	751	1767
M1626_4	M74_4	298	1212	1146	2752
M2082_4	F1190_4	298	1460	1166	4506
M2082_4	F1376_4	298	1386	104	414
M2082_4	F1608_4	298	1164	703	2731
M2082_4	F2144_4	298	1247	745	2931
M2082_4	F2285_4	298	1210	199	756
M2082_4	F2320_4	298	1296	763	2812
M2082_4	F2606_4	298	1208	221	809
M2082_4	F438_4	298	1198	1100	4289
M2082_4	M1626_4	298	1213	1145	4425
M2082_4	M2350_4	298	1269	205	812
M2082_4	M2612_4	298	1244	884	3444
M2082_4	M627_4	298	1372	912	3432
M2082_4	M74_4	298	1383	1336	5027
M2350_4	F1190_4	298	1301	1206	1206
M2350_4	F1376_4	298	1173	238	238
M2350_4	F1608_4	298	1252	1016	1016
M2350_4	F2144_4	298	1194	935	935
M2350_4	F2285_4	298	1286	482	482
M2350_4	F2320_4	298	1195	956	956
M2350_4	F2606_4	298	1282	470	470
M2350_4	F438_4	298	1187	1157	1157
M2350_4	M1626_4	298	1206	1188	1188
M2350_4	M2082_4	298	1269	1202	1202
M2350_4	M2612_4	298	1231	1095	1095
M2350_4	M627_4	298	1198	1045	1045
M2350_4	M74_4	298	1202	1194	1194
M2612_4	F1190_4	298	1253	510	510
M2612_4	F1376_4	298	1004	17	17
M2612_4	F1608_4	298	1160	253	253
M2612_4	F2144_4	298	1313	247	247
M2612_4	F2285_4	298	1200	35	35
M2612_4	F2320_4	298	1381	311	311
M2612_4	F2606_4	298	1214	30	30
M2612_4	F438_4	298	1349	919	919
M2612_4	M1626_4	298	1375	1032	1032
M2612_4	M2082_4	298	1244	631	631
M2612_4	M2350_4	298	1231	39	39
M2612_4	M627_4	298	1163	339	339
M2612_4	M74_4	298	1182	969	969
M627_4	F1190_4	298	1208	837	3468
M627_4	F1376_4	298	1152	61	252
M627_4	F1608_4	298	1368	658	2896
M627_4	F2144_4	298	1216	524	2261
M627_4	F2285_4	298	1234	128	527
M627_4	F2320_4	298	1211	560	2384
M627_4	F2606_4	298	1207	136	615
M627_4	F438_4	298	1237	1068	4597
M627_4	M1626_4	298	1209	1083	4718
M627_4	M2082_4	298	1372	1045	4583
M627_4	M2350_4	298	1198	113	503
M627_4	M2612_4	298	1163	667	2920
M627_4	M74_4	298	1202	1122	4845
M74_4	F1190_4	298	1335	1199	1199
M74_4	F1376_4	298	1196	180	180
M74_4	F1608_4	298	1208	927	927
M74_4	F2144_4	298	1401	992	992
M74_4	F2285_4	298	1193	365	365
M74_4	F2320_4	298	1369	1034	1034
M74_4	F2606_4	298	1222	396	396
M74_4	F438_4	298	1236	1196	1196
M74_4	M1626_4	298	1212	1171	1171
M74_4	M2082_4	298	1383	1280	1280
M74_4	M2350_4	298	1202	367	367
M74_4	M2612_4	298	1182	985	985
M74_4	M627_4	298	1202	1001	1001
F1256_4	F1419_4	299	1425	329	557
F1256_4	F1678_4	299	1339	1160	2003
F1256_4	F2134_4	299	1358	888	1500
F1256_4	F2346_4	299	1301	77	133
F1256_4	F2498_4	299	1214	85	139
F1256_4	F2596_4	299	1234	146	256
F1256_4	F2692_4	299	1288	59	88
F1256_4	F2730_4	299	1377	139	235
F1256_4	M1044_4	299	1351	16	24
F1256_4	M1057_4	299	1324	576	968
F1256_4	M1064_4	299	1208	254	429
F1256_4	M2498_4	299	1169	85	150
F1256_4	M2600_4	299	1267	361	614
F1419_4	F1256_4	299	1425	1289	1289
F1419_4	F1678_4	299	1133	1117	1117
F1419_4	F2134_4	299	1146	1077	1077
F1419_4	F2346_4	299	1166	366	366
F1419_4	F2498_4	299	1332	508	508
F1419_4	F2596_4	299	1346	673	673
F1419_4	F2692_4	299	1235	339	339
F1419_4	F2730_4	299	1213	575	575
F1419_4	M1044_4	299	1216	90	90
F1419_4	M1057_4	299	1196	1041	1041
F1419_4	M1064_4	299	1308	850	850
F1419_4	M2498_4	299	1105	462	462
F1419_4	M2600_4	299	1377	1055	1055
F1678_4	F1256_4	299	1339	1257	1257
F1678_4	F1419_4	299	1133	910	910
F1678_4	F2134_4	299	1461	1400	1400
F1678_4	F2346_4	299	1309	619	619
F1678_4	F2498_4	299	1383	672	672
F1678_4	F2596_4	299	1137	727	727
F1678_4	F2692_4	299	1273	512	512
F1678_4	F2730_4	299	1254	766	766
F1678_4	M1044_4	299	1221	127	127
F1678_4	M1057_4	299	1343	1239	1239
F1678_4	M1064_4	299	1352	1073	1073
F1678_4	M2498_4	299	1143	661	661
F1678_4	M2600_4	299	1240	1090	1090
F2134_4	F1256_4	299	1358	1342	1617
F2134_4	F1419_4	299	1146	1092	1331
F2134_4	F1678_4	299	1461	1460	1792
F2134_4	F2346_4	299	1139	953	1158
F2134_4	F2498_4	299	1170	1001	1220
F2134_4	F2596_4	299	1177	1094	1313
F2134_4	F2692_4	299	1193	914	1101
F2134_4	F2730_4	299	1393	1261	1520
F2134_4	M1044_4	299	1184	505	602
F2134_4	M1057_4	299	1352	1336	1603
F2134_4	M1064_4	299	1323	1266	1536
F2134_4	M2498_4	299	1201	1038	1300
F2134_4	M2600_4	299	1208	1167	1435
F2346_4	F1256_4	299	1301	728	728
F2346_4	F1419_4	299	1166	303	303
F2346_4	F1678_4	299	1309	1148	1148
F2346_4	F2134_4	299	1139	771	771
F2346_4	F2498_4	299	1376	92	92
F2346_4	F2596_4	299	1178	146	146
F2346_4	F2692_4	299	1311	71	71
F2346_4	F2730_4	299	1328	141	141
F2346_4	M1044_4	299	1122	15	15
F2346_4	M1057_4	299	1163	554	554
F2346_4	M1064_4	299	1263	274	274
F2346_4	M2498_4	299	1200	114	114
F2346_4	M2600_4	299	1239	390	390
F2498_4	F1256_4	299	1214	452	961
F2498_4	F1419_4	299	1332	209	401
F2498_4	F1678_4	299	1383	1083	2171
F2498_4	F2134_4	299	1170	587	1193
F2498_4	F2346_4	299	1376	54	109
F2498_4	F2596_4	299	1217	56	107
F2498_4	F2692_4	299	1253	24	44
F2498_4	F2730_4	299	1402	84	153
F2498_4	M1044_4	299	1190	4	12
F2498_4	M1057_4	299	1344	432	887
F2498_4	M1064_4	299	1304	154	298
F2498_4	M2498_4	299	1204	60	126
F2498_4	M2600_4	299	1241	252	508
F2596_4	F1256_4	299	1234	989	989
F2596_4	F1419_4	299	1346	735	735
F2596_4	F1678_4	299	1137	1098	1098
F2596_4	F2134_4	299	1177	1023	1023
F2596_4	F2346_4	299	1178	218	218
F2596_4	F2498_4	299	1217	255	255
F2596_4	F2692_4	299	1269	177	177
F2596_4	F2730_4	299	1247	385	385
F2596_4	M1044_4	299	1262	43	43
F2596_4	M1057_4	299	1285	963	963
F2596_4	M1064_4	299	1282	660	660
F2596_4	M2498_4	299	1331	349	349
F2596_4	M2600_4	299	1301	817	817
F2692_4	F1256_4	299	1288	1079	2871
F2692_4	F1419_4	299	1235	740	1973
F2692_4	F1678_4	299	1273	1231	3374
F2692_4	F2134_4	299	1193	1084	2902
F2692_4	F2346_4	299	1311	275	721
F2692_4	F2498_4	299	1253	355	956
F2692_4	F2596_4	299	1269	493	1294
F2692_4	F2730_4	299	1212	400	1076
F2692_4	M1044_4	299	1212	53	134
F2692_4	M1057_4	299	1275	987	2567
F2692_4	M1064_4	299	1311	731	1955
F2692_4	M2498_4	299	1193	379	1033
F2692_4	M2600_4	299	1385	933	2458
F2730_4	F1256_4	299	1377	1351	1351
F2730_4	F1419_4	299	1213	1115	1115
F2730_4	F1678_4	299	1254	1245	1245
F2730_4	F2134_4	299	1393	1376	1376
F2730_4	F2346_4	299	1328	945	945
F2730_4	F2498_4	299	1402	1036	1036
F2730_4	F2596_4	299	1247	1032	1032
F2730_4	F2692_4	299	1212	778	778
F2730_4	M1044_4	299	1296	360	360
F2730_4	M1057_4	299	1161	1124	1124
F2730_4	M1064_4	299	1166	1051	1051
F2730_4	M2498_4	299	1257	1011	1011
F2730_4	M2600_4	299	1215	1153	1153
M1044_4	F1256_4	299	1351	1304	2859
M1044_4	F1419_4	299	1216	1080	2369
M1044_4	F1678_4	299	1221	1216	2676
M1044_4	F2134_4	299	1184	1157	2588
M1044_4	F2346_4	299	1122	704	1533
M1044_4	F2498_4	299	1190	830	1802
M1044_4	F2596_4	299	1262	953	2087
M1044_4	F2692_4	299	1212	659	1512
M1044_4	F2730_4	299	1296	1002	2133
M1044_4	M1057_4	299	1304	1232	2728
M1044_4	M1064_4	299	1390	1211	2685
M1044_4	M2498_4	299	1194	861	1970
M1044_4	M2600_4	299	1218	1120	2483
M1057_4	F1256_4	299	1324	918	918
M1057_4	F1419_4	299	1196	439	439
M1057_4	F1678_4	299	1343	1241	1241
M1057_4	F2134_4	299	1352	1067	1067
M1057_4	F2346_4	299	1163	131	131
M1057_4	F2498_4	299	1344	172	172
M1057_4	F2596_4	299	1285	220	220
M1057_4	F2692_4	299	1275	95	95
M1057_4	F2730_4	299	1161	209	209
M1057_4	M1044_4	299	1304	26	26
M1057_4	M1064_4	299	1316	421	421
M1057_4	M2498_4	299	1267	170	170
M1057_4	M2600_4	299	1203	542	542
M1064_4	F1256_4	299	1208	347	722
M1064_4	F1419_4	299	1308	148	315
M1064_4	F1678_4	299	1352	916	1990
M1064_4	F2134_4	299	1323	572	1217
M1064_4	F2346_4	299	1263	30	68
M1064_4	F2498_4	299	1304	38	84
M1064_4	F2596_4	299	1282	66	139
M1064_4	F2692_4	299	1311	18	42
M1064_4	F2730_4	299	1166	42	89
M1064_4	M1044_4	299	1390	3	6
M1064_4	M1057_4	299	1316	324	707
M1064_4	M2498_4	299	1221	48	122
M1064_4	M2600_4	299	1176	172	372
M2498_4	F1256_4	299	1169	383	383
M2498_4	F1419_4	299	1105	128	128
M2498_4	F1678_4	299	1143	823	823
M2498_4	F2134_4	299	1201	526	526
M2498_4	F2346_4	299	1200	42	42
M2498_4	F2498_4	299	1204	33	33
M2498_4	F2596_4	299	1331	64	64
M2498_4	F2692_4	299	1193	17	17
M2498_4	F2730_4	299	1257	47	47
M2498_4	M1044_4	299	1194	4	4
M2498_4	M1057_4	299	1267	318	318
M2498_4	M1064_4	299	1221	120	120
M2498_4	M2600_4	299	1274	208	208
M2600_4	F1256_4	299	1267	851	851
M2600_4	F1419_4	299	1377	470	470
M2600_4	F1678_4	299	1240	1140	1140
M2600_4	F2134_4	299	1208	949	949
M2600_4	F2346_4	299	1239	113	113
M2600_4	F2498_4	299	1241	156	156
M2600_4	F2596_4	299	1301	225	225
M2600_4	F2692_4	299	1385	90	90
M2600_4	F2730_4	299	1215	185	185
M2600_4	M1044_4	299	1218	26	26
M2600_4	M1057_4	299	1203	713	713
M2600_4	M1064_4	299	1176	362	362
M2600_4	M2498_4	299	1274	212	212
F1044_4	F1320_4	300	1217	356	356
F1044_4	F1940_4	300	1169	760	760
F1044_4	F205_4	300	1394	441	441
F1044_4	F2443_4	300	1249	985	985
F1044_4	F839_4	300	1124	934	934
F1044_4	M1116_4	300	1304	865	865
F1044_4	M1603_4	300	1215	246	246
F1044_4	M196_4	300	1248	1193	1193
F1044_4	M197_4	300	1220	768	768
F1044_4	M2466_4	300	1191	393	393
F1044_4	M2667_4	300	1322	1187	1187
F1044_4	M2775_4	300	1247	662	662
F1044_4	M731_4	300	1170	303	303
F1320_4	F1044_4	300	1217	941	3925
F1320_4	F1940_4	300	1393	688	2850
F1320_4	F205_4	300	1243	222	889
F1320_4	F2443_4	300	1242	715	2898
F1320_4	F839_4	300	1239	877	3491
F1320_4	M1116_4	300	1198	569	2402
F1320_4	M1603_4	300	1217	95	401
F1320_4	M196_4	300	1406	1272	5196
F1320_4	M197_4	300	1150	499	2067
F1320_4	M2466_4	300	1215	241	1015
F1320_4	M2667_4	300	1271	1044	4321
F1320_4	M2775_4	300	1256	450	1831
F1320_4	M731_4	300	1227	141	583
F1940_4	F1044_4	300	1169	1166	1589
F1940_4	F1320_4	300	1393	1264	1746
F1940_4	F205_4	300	1270	1153	1550
F1940_4	F2443_4	300	1227	1207	1653
F1940_4	F839_4	300	1241	1236	1677
F1940_4	M1116_4	300	1303	1273	1766
F1940_4	M1603_4	300	1316	1105	1526
F1940_4	M196_4	300	1230	1228	1681
F1940_4	M197_4	300	1289	1248	1682
F1940_4	M2466_4	300	1380	1266	1736
F1940_4	M2667_4	300	1184	1173	1633
F1940_4	M2775_4	300	1421	1383	1913
F1940_4	M731_4	300	1104	954	1334
F205_4	F1044_4	300	1394	1139	2205
F205_4	F1320_4	300	1243	281	556
F205_4	F1940_4	300	1270	729	1419
F205_4	F2443_4	300	1335	912	1750
F205_4	F839_4	300	1354	1037	1979
F205_4	M1116_4	300	1298	734	1429
F205_4	M1603_4	300	1442	195	392
F205_4	M196_4	300	1305	1215	2350
F205_4	M197_4	300	1318	675	1306
F205_4	M2466_4	300	1231	307	583
F205_4	M2667_4	300	1245	1057	2051
F205_4	M2775_4	300	1322	610	1188
F205_4	M731_4	300	1384	240	453
F2443_4	F1044_4	300	1249	1197	1628
F2443_4	F1320_4	300	1242	737	973
F2443_4	F1940_4	300	1227	1044	1436
F2443_4	F205_4	300	1335	845	1095
F2443_4	F839_4	300	1282	1215	1632
F2443_4	M1116_4	300	1204	1043	1395
F2443_4	M1603_4	300	1334	576	771
F2443_4	M196_4	300	1265	1244	1674
F2443_4	M197_4	300	1254	1052	1381
F2443_4	M2466_4	300	1293	824	1099
F2443_4	M2667_4	300	1161	1114	1497
F2443_4	M2775_4	300	1126	902	1194
F2443_4	M731_4	300	1254	639	831
F839_4	F1044_4	300	1124	1076	1076
F839_4	F1320_4	300	1239	672	672
F839_4	F1940_4	300	1241	1045	1045
F839_4	F205_4	300	1354	785	785
F839_4	F2443_4	300	1282	1167	1167
F839_4	M1116_4	300	1238	1019	1019
F839_4	M1603_4	300	1254	514	514
F839_4	M196_4	300	1256	1240	1240
F839_4	M197_4	300	1126	926	926
F839_4	M2466_4	300	1232	746	746
F839_4	M2667_4	300	1288	1239	1239
F839_4	M2775_4	300	1306	1004	1004
F839_4	M731_4	300	1351	666	666
M1116_4	F1044_4	300	1304	907	907
M1116_4	F1320_4	300	1198	156	156
M1116_4	F1940_4	300	1303	511	511
M1116_4	F205_4	300	1298	199	199
M1116_4	F2443_4	300	1204	623	623
M1116_4	F839_4	300	1238	758	758
M1116_4	M1603_4	300	1222	72	72
M1116_4	M196_4	300	1269	1105	1105
M1116_4	M197_4	300	1288	429	429
M1116_4	M2466_4	300	1192	194	194
M1116_4	M2667_4	300	1342	1020	1020
M1116_4	M2775_4	300	1315	384	384
M1116_4	M731_4	300	1152	92	92
M1603_4	F1044_4	300	1215	1081	1860
M1603_4	F1320_4	300	1217	336	561
M1603_4	F1940_4	300	1316	847	1480
M1603_4	F205_4	300	1442	461	775
M1603_4	F2443_4	300	1334	976	1720
M1603_4	F839_4	300	1254	1039	1825
M1603_4	M1116_4	300	1222	812	1381
M1603_4	M196_4	300	1258	1185	1997
M1603_4	M197_4	300	1276	783	1331
M1603_4	M2466_4	300	1245	422	735
M1603_4	M2667_4	300	1140	1022	1809
M1603_4	M2775_4	300	1302	665	1178
M1603_4	M731_4	300	1125	257	460
M196_4	F1044_4	300	1248	865	865
M196_4	F1320_4	300	1406	164	164
M196_4	F1940_4	300	1230	446	446
M196_4	F205_4	300	1305	162	162
M196_4	F2443_4	300	1265	644	644
M196_4	F839_4	300	1256	766	766
M196_4	M1116_4	300	1269	479	479
M196_4	M1603_4	300	1258	87	87
M196_4	M197_4	300	1205	400	400
M196_4	M2466_4	300	1305	177	177
M196_4	M2667_4	300	1291	941	941
M196_4	M2775_4	300	1338	380	380
M196_4	M731_4	300	1080	85	85
M197_4	F1044_4	300	1220	1102	1102
M197_4	F1320_4	300	1150	359	359
M197_4	F1940_4	300	1289	876	876
M197_4	F205_4	300	1318	451	451
M197_4	F2443_4	300	1254	935	935
M197_4	F839_4	300	1126	949	949
M197_4	M1116_4	300	1288	874	874
M197_4	M1603_4	300	1276	268	268
M197_4	M196_4	300	1205	1142	1142
M197_4	M2466_4	300	1175	442	442
M197_4	M2667_4	300	1148	1047	1047
M197_4	M2775_4	300	1203	696	696
M197_4	M731_4	300	1146	306	306
M2466_4	F1044_4	300	1191	1180	1327
M2466_4	F1320_4	300	1215	1041	1170
M2466_4	F1940_4	300	1380	1331	1522
M2466_4	F205_4	300	1231	1076	1223
M2466_4	F2443_4	300	1293	1263	1416
M2466_4	F839_4	300	1232	1220	1389
M2466_4	M1116_4	300	1192	1158	1315
M2466_4	M1603_4	300	1245	951	1078
M2466_4	M196_4	300	1305	1299	1478
M2466_4	M197_4	300	1175	1127	1274
M2466_4	M2667_4	300	1290	1282	1467
M2466_4	M2775_4	300	1271	1208	1365
M2466_4	M731_4	300	1218	969	1082
M2667_4	F1044_4	300	1322	1037	1037
M2667_4	F1320_4	300	1271	213	213
M2667_4	F1940_4	300	1184	604	604
M2667_4	F205_4	300	1245	232	232
M2667_4	F2443_4	300	1161	711	711
M2667_4	F839_4	300	1288	941	941
M2667_4	M1116_4	300	1342	665	665
M2667_4	M1603_4	300	1140	120	120
M2667_4	M196_4	300	1291	1186	1186
M2667_4	M197_4	300	1148	509	509
M2667_4	M2466_4	300	1290	295	295
M2667_4	M2775_4	300	1365	488	488
M2667_4	M731_4	300	1288	149	149
M2775_4	F1044_4	300	1247	1146	1872
M2775_4	F1320_4	300	1256	516	850
M2775_4	F1940_4	300	1421	1062	1758
M2775_4	F205_4	300	1322	578	985
M2775_4	F2443_4	300	1126	941	1602
M2775_4	F839_4	300	1306	1175	1979
M2775_4	M1116_4	300	1315	976	1587
M2775_4	M1603_4	300	1302	339	600
M2775_4	M196_4	300	1338	1290	2182
M2775_4	M197_4	300	1203	849	1435
M2775_4	M2466_4	300	1271	568	995
M2775_4	M2667_4	300	1365	1276	2186
M2775_4	M731_4	300	1130	375	632
M731_4	F1044_4	300	1170	1083	1083
M731_4	F1320_4	300	1227	565	565
M731_4	F1940_4	300	1104	894	894
M731_4	F205_4	300	1384	672	672
M731_4	F2443_4	300	1254	1115	1115
M731_4	F839_4	300	1351	1232	1232
M731_4	M1116_4	300	1152	950	950
M731_4	M1603_4	300	1125	362	362
M731_4	M196_4	300	1080	1053	1053
M731_4	M197_4	300	1146	877	877
M731_4	M2466_4	300	1218	617	617
M731_4	M2667_4	300	1288	1219	1219
M731_4	M2775_4	300	1130	806	806
F1063_4	F1336_4	301	1353	1208	1208
F1063_4	F1378_4	301	1227	1170	1170
F1063_4	F1735_4	301	1204	951	951
F1063_4	F1799_4	301	1390	1371	1371
F1063_4	F1934_4	301	1297	1093	1093
F1063_4	F249_4	301	1330	1078	1078
F1063_4	F2663_4	301	1248	566	566
F1063_4	F452_4	301	1258	1134	1134
F1063_4	F912_4	301	1208	1103	1103
F1063_4	M1628_4	301	1277	1108	1108
F1063_4	M190_4	301	1149	906	906
F1063_4	M604_4	301	1336	883	883
F1063_4	M884_4	301	1371	1337	1337
F1336_4	F1063_4	301	1353	1161	3171
F1336_4	F1378_4	301	1171	1110	3017
F1336_4	F1735_4	301	1380	1020	2768
F1336_4	F1799_4	301	1218	1198	3257
F1336_4	F1934_4	301	1199	924	2506
F1336_4	F249_4	301	1163	849	2250
F1336_4	F2663_4	301	1158	461	1273
F1336_4	F452_4	301	1250	1085	2959
F1336_4	F912_4	301	1302	1155	3190
F1336_4	M1628_4	301	1121	908	2516
F1336_4	M190_4	301	1302	963	2657
F1336_4	M604_4	301	1187	704	1806
F1336_4	M884_4	301	1146	1098	2969
F1378_4	F1063_4	301	1227	1013	1013
F1378_4	F1336_4	301	1171	1012	1012
F1378_4	F1735_4	301	1127	806	806
F1378_4	F1799_4	301	1234	1202	1202
F1378_4	F1934_4	301	1186	843	843
F1378_4	F249_4	301	1346	937	937
F1378_4	F2663_4	301	1258	402	402
F1378_4	F452_4	301	1344	1097	1097
F1378_4	F912_4	301	1312	1093	1093
F1378_4	M1628_4	301	1280	989	989
F1378_4	M190_4	301	1278	881	881
F1378_4	M604_4	301	1365	740	740
F1378_4	M884_4	301	1383	1327	1327
F1735_4	F1063_4	301	1204	985	1846
F1735_4	F1336_4	301	1380	1177	2233
F1735_4	F1378_4	301	1127	1066	2005
F1735_4	F1799_4	301	1208	1192	2207
F1735_4	F1934_4	301	1289	937	1717
F1735_4	F249_4	301	1261	942	1693
F1735_4	F2663_4	301	1318	440	845
F1735_4	F452_4	301	1358	1139	2092
F1735_4	F912_4	301	1304	1143	2154
F1735_4	M1628_4	301	1243	984	1813
F1735_4	M190_4	301	1232	851	1569
F1735_4	M604_4	301	1223	679	1233
F1735_4	M884_4	301	1159	1116	2036
F1799_4	F1063_4	301	1390	436	776
F1799_4	F1336_4	301	1218	477	852
F1799_4	F1378_4	301	1234	701	1287
F1799_4	F1735_4	301	1208	242	430
F1799_4	F1934_4	301	1236	258	440
F1799_4	F249_4	301	1201	231	424
F1799_4	F2663_4	301	1034	63	100
F1799_4	F452_4	301	1319	470	839
F1799_4	F912_4	301	1286	493	906
F1799_4	M1628_4	301	1312	368	661
F1799_4	M190_4	301	1193	225	396
F1799_4	M604_4	301	1090	122	223
F1799_4	M884_4	301	1313	908	1639
F1934_4	F1063_4	301	1297	1118	1118
F1934_4	F1336_4	301	1199	1084	1084
F1934_4	F1378_4	301	1186	1124	1124
F1934_4	F1735_4	301	1289	991	991
F1934_4	F1799_4	301	1236	1208	1208
F1934_4	F249_4	301	1302	986	986
F1934_4	F2663_4	301	1388	543	543
F1934_4	F452_4	301	1330	1174	1174
F1934_4	F912_4	301	1381	1219	1219
F1934_4	M1628_4	301	1362	1149	1149
F1934_4	M190_4	301	1322	1020	1020
F1934_4	M604_4	301	1464	920	920
F1934_4	M884_4	301	1161	1137	1137
F249_4	F1063_4	301	1330	1065	4034
F249_4	F1336_4	301	1163	990	3584
F249_4	F1378_4	301	1346	1242	4586
F249_4	F1735_4	301	1261	873	3319
F249_4	F1799_4	301	1201	1154	4230
F249_4	F1934_4	301	1302	964	3567
F249_4	F2663_4	301	1221	418	1583
F249_4	F452_4	301	1307	1081	4020
F249_4	F912_4	301	1383	1168	4391
F249_4	M1628_4	301	1123	869	3299
F249_4	M190_4	301	1391	951	3601
F249_4	M604_4	301	1237	665	2544
F249_4	M884_4	301	1295	1235	4723
F2663_4	F1063_4	301	1248	851	851
F2663_4	F1336_4	301	1158	850	850
F2663_4	F1378_4	301	1258	1088	1088
F2663_4	F1735_4	301	1318	680	680
F2663_4	F1799_4	301	1034	974	974
F2663_4	F1934_4	301	1388	771	771
F2663_4	F249_4	301	1221	620	620
F2663_4	F452_4	301	1297	899	899
F2663_4	F912_4	301	1266	912	912
F2663_4	M1628_4	301	1253	753	753
F2663_4	M190_4	301	1272	629	629
F2663_4	M604_4	301	1223	422	422
F2663_4	M884_4	301	1294	1174	1174
F452_4	F1063_4	301	1258	804	3327
F452_4	F1336_4	301	1250	862	3546
F452_4	F1378_4	301	1344	1148	4752
F452_4	F1735_4	301	1358	679	2804
F452_4	F1799_4	301	1319	1238	5125
F452_4	F1934_4	301	1330	702	2908
F452_4	F249_4	301	1307	679	2843
F452_4	F2663_4	301	1297	224	900
F452_4	F912_4	301	1350	948	3974
F452_4	M1628_4	301	1422	870	3596
F452_4	M190_4	301	1399	708	2952
F452_4	M604_4	301	1286	392	1593
F452_4	M884_4	301	1176	1058	4487
F912_4	F1063_4	301	1208	1174	1174
F912_4	F1336_4	301	1302	1284	1284
F912_4	F1378_4	301	1312	1303	1303
F912_4	F1735_4	301	1304	1245	1245
F912_4	F1799_4	301	1286	1280	1280
F912_4	F1934_4	301	1381	1328	1328
F912_4	F249_4	301	1383	1319	1319
F912_4	F2663_4	301	1266	1019	1019
F912_4	F452_4	301	1350	1330	1330
F912_4	M1628_4	301	1314	1279	1279
F912_4	M190_4	301	1317	1252	1252
F912_4	M604_4	301	1301	1196	1196
F912_4	M884_4	301	1254	1245	1245
M1628_4	F1063_4	301	1277	1238	1356
M1628_4	F1336_4	301	1121	1100	1207
M1628_4	F1378_4	301	1280	1268	1375
M1628_4	F1735_4	301	1243	1169	1294
M1628_4	F1799_4	301	1312	1307	1436
M1628_4	F1934_4	301	1362	1299	1414
M1628_4	F249_4	301	1123	1064	1163
M1628_4	F2663_4	301	1253	986	1084
M1628_4	F452_4	301	1422	1385	1512
M1628_4	F912_4	301	1314	1282	1389
M1628_4	M190_4	301	1259	1195	1327
M1628_4	M604_4	301	1257	1085	1186
M1628_4	M884_4	301	1369	1362	1463
M190_4	F1063_4	301	1149	1053	1053
M190_4	F1336_4	301	1302	1208	1208
M190_4	F1378_4	301	1278	1240	1240
M190_4	F1735_4	301	1232	1040	1040
M190_4	F1799_4	301	1193	1180	1180
M190_4	F1934_4	301	1322	1165	1165
M190_4	F249_4	301	1391	1213	1213
M190_4	F2663_4	301	1272	697	697
M190_4	F452_4	301	1399	1299	1299
M190_4	F912_4	301	1317	1231	1231
M190_4	M1628_4	301	1259	1132	1132
M190_4	M604_4	301	1437	1075	1075
M190_4	M884_4	301	1157	1136	1136
M604_4	F1063_4	301	1336	300	300
M604_4	F1336_4	301	1187	313	313
M604_4	F1378_4	301	1365	670	670
M604_4	F1735_4	301	1223	161	161
M604_4	F1799_4	301	1090	811	811
M604_4	F1934_4	301	1464	239	239
M604_4	F249_4	301	1237	154	154
M604_4	F2663_4	301	1223	38	38
M604_4	F452_4	301	1286	301	301
M604_4	F912_4	301	1301	357	357
M604_4	M1628_4	301	1257	232	232
M604_4	M190_4	301	1437	190	190
M604_4	M884_4	301	1292	746	746
M884_4	F1063_4	301	1371	476	535
M884_4	F1336_4	301	1146	453	506
M884_4	F1378_4	301	1383	817	916
M884_4	F1735_4	301	1159	224	251
M884_4	F1799_4	301	1313	1090	1229
M884_4	F1934_4	301	1161	273	308
M884_4	F249_4	301	1295	292	343
M884_4	F2663_4	301	1294	69	78
M884_4	F452_4	301	1176	424	478
M884_4	F912_4	301	1254	487	537
M884_4	M1628_4	301	1369	391	442
M884_4	M190_4	301	1157	267	301
M884_4	M604_4	301	1292	144	162
F1213_4	F1539_4	302	1282	53	87
F1213_4	F2337_4	302	1360	282	464
F1213_4	F2547_4	302	1274	824	1202
F1213_4	F2549_4	302	1218	107	164
F1213_4	F2559_4	302	1408	299	435
F1213_4	F622_4	302	1357	647	972
F1213_4	M1758_4	302	1273	213	311
F1213_4	M1872_4	302	1120	243	364
F1213_4	M1918_4	302	1390	141	207
F1213_4	M2050_4	302	1233	25	39
F1213_4	M2605_4	302	1174	320	481
F1213_4	M465_4	302	1113	431	634
F1213_4	M558_4	302	1310	156	223
F1539_4	F1213_4	302	1282	463	463
F1539_4	F2337_4	302	1192	587	587
F1539_4	F2547_4	302	1246	1062	1062
F1539_4	F2549_4	302	1261	309	309
F1539_4	F2559_4	302	1381	699	699
F1539_4	F622_4	302	1290	996	996
F1539_4	M1758_4	302	1224	557	557
F1539_4	M1872_4	302	1241	689	689
F1539_4	M1918_4	302	1308	405	405
F1539_4	M2050_4	302	1305	96	96
F1539_4	M2605_4	302	1061	570	570
F1539_4	M465_4	302	1237	851	851
F1539_4	M558_4	302	1351	432	432
F2337_4	F1213_4	302	1360	109	281
F2337_4	F1539_4	302	1192	24	44
F2337_4	F2547_4	302	1290	685	1652
F2337_4	F2549_4	302	1232	58	166
F2337_4	F2559_4	302	1397	196	463
F2337_4	F622_4	302	1501	570	1403
F2337_4	M1758_4	302	1312	159	369
F2337_4	M1872_4	302	1277	216	505
F2337_4	M1918_4	302	1254	104	236
F2337_4	M2050_4	302	1157	26	79
F2337_4	M2605_4	302	1196	217	554
F2337_4	M465_4	302	1290	369	880
F2337_4	M558_4	302	1146	67	161
F2547_4	F1213_4	302	1274	568	568
F2547_4	F1539_4	302	1246	230	230
F2547_4	F2337_4	302	1290	759	759
F2547_4	F2549_4	302	1230	393	393
F2547_4	F2559_4	302	1208	730	730
F2547_4	F622_4	302	1319	1084	1084
F2547_4	M1758_4	302	1292	707	707
F2547_4	M1872_4	302	1234	789	789
F2547_4	M1918_4	302	1166	458	458
F2547_4	M2050_4	302	1352	143	143
F2547_4	M2605_4	302	1251	805	805
F2547_4	M465_4	302	1172	921	921
F2547_4	M558_4	302	1182	514	514
F2549_4	F1213_4	302	1218	29	29
F2549_4	F1539_4	302	1261	14	14
F2549_4	F2337_4	302	1232	60	60
F2549_4	F2547_4	302	1230	311	311
F2549_4	F2559_4	302	1263	52	52
F2549_4	F622_4	302	1134	154	154
F2549_4	M1758_4	302	1199	36	36
F2549_4	M1872_4	302	1268	67	67
F2549_4	M1918_4	302	1472	32	32
F2549_4	M2050_4	302	1258	3	3
F2549_4	M2605_4	302	1299	61	61
F2549_4	M465_4	302	1219	118	118
F2549_4	M558_4	302	1336	26	26
F2559_4	F1213_4	302	1408	565	1180
F2559_4	F1539_4	302	1381	215	444
F2559_4	F2337_4	302	1397	778	1647
F2559_4	F2547_4	302	1208	1090	2347
F2559_4	F2549_4	302	1263	332	676
F2559_4	F622_4	302	1285	1016	2098
F2559_4	M1758_4	302	1149	568	1162
F2559_4	M1872_4	302	1271	734	1526
F2559_4	M1918_4	302	1164	385	782
F2559_4	M2050_4	302	1228	100	205
F2559_4	M2605_4	302	1218	733	1609
F2559_4	M465_4	302	1321	967	2009
F2559_4	M558_4	302	1129	401	846
F622_4	F1213_4	302	1357	540	1989
F622_4	F1539_4	302	1290	196	705
F622_4	F2337_4	302	1501	783	2866
F622_4	F2547_4	302	1319	1175	4205
F622_4	F2549_4	302	1134	301	1065
F622_4	F2559_4	302	1285	676	2374
F622_4	M1758_4	302	1126	543	1987
F622_4	M1872_4	302	1240	719	2654
F622_4	M1918_4	302	1402	434	1657
F622_4	M2050_4	302	1069	93	350
F622_4	M2605_4	302	1249	734	2654
F622_4	M465_4	302	1245	901	3217
F622_4	M558_4	302	1340	468	1711
M1758_4	F1213_4	302	1273	825	825
M1758_4	F1539_4	302	1224	441	441
M1758_4	F2337_4	302	1312	992	992
M1758_4	F2547_4	302	1292	1236	1236
M1758_4	F2549_4	302	1199	637	637
M1758_4	F2559_4	302	1149	893	893
M1758_4	F622_4	302	1126	1027	1027
M1758_4	M1872_4	302	1239	943	943
M1758_4	M1918_4	302	1323	790	790
M1758_4	M2050_4	302	1178	257	257
M1758_4	M2605_4	302	1337	1055	1055
M1758_4	M465_4	302	1321	1168	1168
M1758_4	M558_4	302	1121	717	717
M1872_4	F1213_4	302	1120	258	258
M1872_4	F1539_4	302	1241	99	99
M1872_4	F2337_4	302	1277	470	470
M1872_4	F2547_4	302	1234	995	995
M1872_4	F2549_4	302	1268	198	198
M1872_4	F2559_4	302	1271	487	487
M1872_4	F622_4	302	1240	827	827
M1872_4	M1758_4	302	1239	401	401
M1872_4	M1918_4	302	1371	300	300
M1872_4	M2050_4	302	1250	52	52
M1872_4	M2605_4	302	1276	556	556
M1872_4	M465_4	302	1323	754	754
M1872_4	M558_4	302	1211	287	287
M1918_4	F1213_4	302	1390	1290	1290
M1918_4	F1539_4	302	1308	981	981
M1918_4	F2337_4	302	1254	1201	1201
M1918_4	F2547_4	302	1166	1158	1158
M1918_4	F2549_4	302	1472	1279	1279
M1918_4	F2559_4	302	1164	1108	1108
M1918_4	F622_4	302	1402	1370	1370
M1918_4	M1758_4	302	1323	1255	1255
M1918_4	M1872_4	302	1371	1298	1298
M1918_4	M2050_4	302	1086	626	626
M1918_4	M2605_4	302	1275	1222	1222
M1918_4	M465_4	302	1269	1244	1244
M1918_4	M558_4	302	1330	1191	1191
M2050_4	F1213_4	302	1233	1024	2070
M2050_4	F1539_4	302	1305	748	1528
M2050_4	F2337_4	302	1157	1041	2157
M2050_4	F2547_4	302	1352	1327	2736
M2050_4	F2549_4	302	1258	943	1836
M2050_4	F2559_4	302	1228	1121	2279
M2050_4	F622_4	302	1069	1043	2103
M2050_4	M1758_4	302	1178	1034	2115
M2050_4	M1872_4	302	1250	1140	2315
M2050_4	M1918_4	302	1086	877	1817
M2050_4	M2605_4	302	1301	1192	2428
M2050_4	M465_4	302	1194	1138	2302
M2050_4	M558_4	302	1316	1044	2110
M2605_4	F1213_4	302	1174	242	251
M2605_4	F1539_4	302	1061	82	86
M2605_4	F2337_4	302	1196	422	441
M2605_4	F2547_4	302	1251	986	1024
M2605_4	F2549_4	302	1299	186	194
M2605_4	F2559_4	302	1218	423	447
M2605_4	F622_4	302	1249	796	826
M2605_4	M1758_4	302	1337	415	433
M2605_4	M1872_4	302	1276	465	478
M2605_4	M1918_4	302	1275	245	256
M2605_4	M2050_4	302	1301	58	64
M2605_4	M465_4	302	1289	702	729
M2605_4	M558_4	302	1487	311	326
M465_4	F1213_4	302	1113	180	576
M465_4	F1539_4	302	1237	82	274
M465_4	F2337_4	302	1290	280	906
M465_4	F2547_4	302	1172	806	2598
M465_4	F2549_4	302	1219	118	383
M465_4	F2559_4	302	1321	358	1119
M465_4	F622_4	302	1245	666	2136
M465_4	M1758_4	302	1321	267	930
M465_4	M1872_4	302	1323	336	1104
M465_4	M1918_4	302	1269	139	459
M465_4	M2050_4	302	1194	32	105
M465_4	M2605_4	302	1289	352	1128
M465_4	M558_4	302	1229	161	525
M558_4	F1213_4	302	1310	437	567
M558_4	F1539_4	302	1351	183	251
M558_4	F2337_4	302	1146	520	679
M558_4	F2547_4	302	1182	1038	1398
M558_4	F2549_4	302	1336	319	416
M558_4	F2559_4	302	1129	529	693
M558_4	F622_4	302	1340	998	1346
M558_4	M1758_4	302	1121	454	628
M558_4	M1872_4	302	1211	600	816
M558_4	M1918_4	302	1330	378	517
M558_4	M2050_4	302	1316	90	121
M558_4	M2605_4	302	1487	808	1117
M558_4	M465_4	302	1229	847	1118
F1026_4	F1105_4	303	1533	726	726
F1026_4	F1255_4	303	1160	897	897
F1026_4	F1352_4	303	1142	1124	1124
F1026_4	F1532_4	303	1284	656	656
F1026_4	F84_4	303	1195	613	613
F1026_4	M1042_4	303	1211	683	683
F1026_4	M1259_4	303	1256	575	575
F1026_4	M1302_4	303	1347	1237	1237
F1026_4	M1450_4	303	1026	873	873
F1026_4	M1988_4	303	1188	1040	1040
F1026_4	M2528_4	303	1251	974	974
F1026_4	M2737_4	303	1368	508	508
F1026_4	M671_4	303	1266	587	587
F1105_4	F1026_4	303	1533	851	851
F1105_4	F1255_4	303	1280	641	641
F1105_4	F1352_4	303	1088	1020	1020
F1105_4	F1532_4	303	1197	260	260
F1105_4	F84_4	303	1263	279	279
F1105_4	M1042_4	303	1251	328	328
F1105_4	M1259_4	303	1270	252	252
F1105_4	M1302_4	303	1198	932	932
F1105_4	M1450_4	303	1183	736	736
F1105_4	M1988_4	303	1280	839	839
F1105_4	M2528_4	303	1369	730	730
F1105_4	M2737_4	303	1421	217	217
F1105_4	M671_4	303	1303	271	271
F1255_4	F1026_4	303	1160	1062	1436
F1255_4	F1105_4	303	1280	924	1253
F1255_4	F1352_4	303	1236	1226	1666
F1255_4	F1532_4	303	1230	928	1234
F1255_4	F84_4	303	1204	896	1217
F1255_4	M1042_4	303	1291	1018	1382
F1255_4	M1259_4	303	1196	837	1140
F1255_4	M1302_4	303	1306	1270	1720
F1255_4	M1450_4	303	1302	1236	1668
F1255_4	M1988_4	303	1175	1109	1525
F1255_4	M2528_4	303	1301	1187	1641
F1255_4	M2737_4	303	1170	756	1011
F1255_4	M671_4	303	1247	856	1148
F1352_4	F1026_4	303	1142	776	776
F1352_4	F1105_4	303	1088	337	337
F1352_4	F1255_4	303	1236	786	786
F1352_4	F1532_4	303	1229	401	401
F1352_4	F84_4	303	1130	372	372
F1352_4	M1042_4	303	1267	513	513
F1352_4	M1259_4	303	1400	411	411
F1352_4	M1302_4	303	1208	1015	1015
F1352_4	M1450_4	303	1374	1031	1031
F1352_4	M1988_4	303	1256	994	994
F1352_4	M2528_4	303	1273	812	812
F1352_4	M2737_4	303	1214	283	283
F1352_4	M671_4	303	1328	351	351
F1532_4	F1026_4	303	1284	322	322
F1532_4	F1105_4	303	1197	75	75
F1532_4	F1255_4	303	1230	254	254
F1532_4	F1352_4	303	1229	993	993
F1532_4	F84_4	303	1130	71	71
F1532_4	M1042_4	303	1308	120	120
F1532_4	M1259_4	303	1292	87	87
F1532_4	M1302_4	303	1237	548	548
F1532_4	M1450_4	303	1209	355	355
F1532_4	M1988_4	303	1342	455	455
F1532_4	M2528_4	303	1349	309	309
F1532_4	M2737_4	303	1341	44	44
F1532_4	M671_4	303	1229	60	60
F84_4	F1026_4	303	1195	518	518
F84_4	F1105_4	303	1263	172	172
F84_4	F1255_4	303	1204	510	510
F84_4	F1352_4	303	1130	1027	1027
F84_4	F1532_4	303	1130	198	198
F84_4	M1042_4	303	1364	306	306
F84_4	M1259_4	303	1523	210	210
F84_4	M1302_4	303	1221	841	841
F84_4	M1450_4	303	1206	635	635
F84_4	M1988_4	303	1166	702	702
F84_4	M2528_4	303	1173	493	493
F84_4	M2737_4	303	1233	148	148
F84_4	M671_4	303	1119	143	143
M1042_4	F1026_4	303	1211	916	2288
M1042_4	F1105_4	303	1251	488	1231
M1042_4	F1255_4	303	1291	926	2406
M1042_4	F1352_4	303	1267	1235	3242
M1042_4	F1532_4	303	1308	547	1402
M1042_4	F84_4	303	1364	541	1410
M1042_4	M1259_4	303	1227	474	1187
M1042_4	M1302_4	303	1274	1129	2876
M1042_4	M1450_4	303	1316	1027	2665
M1042_4	M1988_4	303	1371	1144	2898
M1042_4	M2528_4	303	1181	856	2232
M1042_4	M2737_4	303	1264	384	1014
M1042_4	M671_4	303	1265	440	1083
M1259_4	F1026_4	303	1256	827	1135
M1259_4	F1105_4	303	1270	357	485
M1259_4	F1255_4	303	1196	760	1074
M1259_4	F1352_4	303	1400	1350	1893
M1259_4	F1532_4	303	1292	419	611
M1259_4	F84_4	303	1523	490	677
M1259_4	M1042_4	303	1227	493	703
M1259_4	M1302_4	303	1252	1057	1458
M1259_4	M1450_4	303	1270	909	1263
M1259_4	M1988_4	303	1335	998	1351
M1259_4	M2528_4	303	1289	819	1152
M1259_4	M2737_4	303	1585	356	512
M1259_4	M671_4	303	1261	354	511
M1302_4	F1026_4	303	1347	1292	1292
M1302_4	F1105_4	303	1198	1002	1002
M1302_4	F1255_4	303	1306	1245	1245
M1302_4	F1352_4	303	1208	1204	1204
M1302_4	F1532_4	303	1237	1066	1066
M1302_4	F84_4	303	1221	1028	1028
M1302_4	M1042_4	303	1274	1125	1125
M1302_4	M1259_4	303	1252	1080	1080
M1302_4	M1450_4	303	1413	1366	1366
M1302_4	M1988_4	303	1155	1124	1124
M1302_4	M2528_4	303	1172	1124	1124
M1302_4	M2737_4	303	1169	907	907
M1302_4	M671_4	303	1270	1057	1057
M1450_4	F1026_4	303	1026	817	817
M1450_4	F1105_4	303	1183	519	519
M1450_4	F1255_4	303	1302	1033	1033
M1450_4	F1352_4	303	1374	1350	1350
M1450_4	F1532_4	303	1209	616	616
M1450_4	F84_4	303	1206	573	573
M1450_4	M1042_4	303	1316	748	748
M1450_4	M1259_4	303	1270	551	551
M1450_4	M1302_4	303	1413	1286	1286
M1450_4	M1988_4	303	1165	1038	1038
M1450_4	M2528_4	303	1354	1058	1058
M1450_4	M2737_4	303	1221	460	460
M1450_4	M671_4	303	1248	552	552
M1988_4	F1026_4	303	1188	614	1407
M1988_4	F1105_4	303	1280	224	519
M1988_4	F1255_4	303	1175	568	1263
M1988_4	F1352_4	303	1256	1176	2744
M1988_4	F1532_4	303	1342	291	640
M1988_4	F84_4	303	1166	234	536
M1988_4	M1042_4	303	1371	343	752
M1988_4	M1259_4	303	1335	230	508
M1988_4	M1302_4	303	1155	836	1875
M1988_4	M1450_4	303	1165	642	1493
M1988_4	M2528_4	303	1254	589	1372
M1988_4	M2737_4	303	1326	182	413
M1988_4	M671_4	303	1184	204	443
M2528_4	F1026_4	303	1251	1160	1466
M2528_4	F1105_4	303	1369	925	1196
M2528_4	F1255_4	303	1301	1165	1499
M2528_4	F1352_4	303	1273	1265	1630
M2528_4	F1532_4	303	1349	977	1231
M2528_4	F84_4	303	1173	807	1033
M2528_4	M1042_4	303	1181	908	1173
M2528_4	M1259_4	303	1289	853	1071
M2528_4	M1302_4	303	1172	1121	1435
M2528_4	M1450_4	303	1354	1262	1595
M2528_4	M1988_4	303	1254	1176	1477
M2528_4	M2737_4	303	1314	820	1003
M2528_4	M671_4	303	1258	803	991
M2737_4	F1026_4	303	1368	546	1608
M2737_4	F1105_4	303	1421	187	535
M2737_4	F1255_4	303	1170	457	1354
M2737_4	F1352_4	303	1214	1095	3250
M2737_4	F1532_4	303	1341	176	513
M2737_4	F84_4	303	1233	168	498
M2737_4	M1042_4	303	1264	235	642
M2737_4	M1259_4	303	1585	188	554
M2737_4	M1302_4	303	1169	735	2196
M2737_4	M1450_4	303	1221	578	1758
M2737_4	M1988_4	303	1326	719	2038
M2737_4	M2528_4	303	1314	500	1435
M2737_4	M671_4	303	1364	133	388
M671_4	F1026_4	303	1266	1095	1095
M671_4	F1105_4	303	1303	694	694
M671_4	F1255_4	303	1247	1040	1040
M671_4	F1352_4	303	1328	1319	1319
M671_4	F1532_4	303	1229	723	723
M671_4	F84_4	303	1119	627	627
M671_4	M1042_4	303	1265	809	809
M671_4	M1259_4	303	1261	670	670
M671_4	M1302_4	303	1270	1178	1178
M671_4	M1450_4	303	1248	1107	1107
M671_4	M1988_4	303	1184	1080	1080
M671_4	M2528_4	303	1258	1042	1042
M671_4	M2737_4	303	1364	622	622
F1051_4	F1943_4	304	1223	958	958
F1051_4	F2228_4	304	1373	1339	1339
F1051_4	F2350_4	304	1254	1231	1231
F1051_4	F31_4	304	1223	946	946
F1051_4	F469_4	304	1087	907	907
F1051_4	F522_4	304	1183	1156	1156
F1051_4	F617_4	304	1311	1299	1299
F1051_4	M1254_4	304	1313	1305	1305
F1051_4	M1395_4	304	1169	1160	1160
F1051_4	M1605_4	304	1326	1289	1289
F1051_4	M2517_4	304	1447	1391	1391
F1051_4	M2571_4	304	1419	1391	1391
F1051_4	M746_4	304	1271	1265	1265
F1943_4	F1051_4	304	1223	1013	1013
F1943_4	F2228_4	304	1273	1112	1112
F1943_4	F2350_4	304	1167	1098	1098
F1943_4	F31_4	304	1353	460	460
F1943_4	F469_4	304	1258	579	579
F1943_4	F522_4	304	1305	1087	1087
F1943_4	F617_4	304	1255	1163	1163
F1943_4	M1254_4	304	1208	1149	1149
F1943_4	M1395_4	304	1317	1258	1258
F1943_4	M1605_4	304	1364	1141	1141
F1943_4	M2517_4	304	1244	1026	1026
F1943_4	M2571_4	304	1146	1030	1030
F1943_4	M746_4	304	1374	1348	1348
F2228_4	F1051_4	304	1373	1143	3392
F2228_4	F1943_4	304	1273	494	1486
F2228_4	F2350_4	304	1225	1153	3451
F2228_4	F31_4	304	1182	443	1314
F2228_4	F469_4	304	1303	604	1774
F2228_4	F522_4	304	1131	954	2893
F2228_4	F617_4	304	1181	1096	3317
F2228_4	M1254_4	304	1267	1205	3691
F2228_4	M1395_4	304	1278	1199	3582
F2228_4	M1605_4	304	1284	1089	3277
F2228_4	M2517_4	304	1201	985	2918
F2228_4	M2571_4	304	1196	1074	3287
F2228_4	M746_4	304	1179	1170	3567
F2350_4	F1051_4	304	1254	313	1442
F2350_4	F1943_4	304	1167	45	209
F2350_4	F2228_4	304	1225	409	1818
F2350_4	F31_4	304	1389	55	219
F2350_4	F469_4	304	1257	76	359
F2350_4	F522_4	304	1244	386	1729
F2350_4	F617_4	304	1094	564	2567
F2350_4	M1254_4	304	1248	717	3141
F2350_4	M1395_4	304	1274	767	3482
F2350_4	M1605_4	304	1223	342	1566
F2350_4	M2517_4	304	1194	296	1385
F2350_4	M2571_4	304	1407	580	2633
F2350_4	M746_4	304	1293	1072	4759
F31_4	F1051_4	304	1223	569	2034
F31_4	F1943_4	304	1353	128	440
F31_4	F2228_4	304	1182	658	2396
F31_4	F2350_4	304	1389	987	3456
F31_4	F469_4	304	1295	192	686
F31_4	F522_4	304	1259	662	2400
F31_4	F617_4	304	1172	813	2884
F31_4	M1254_4	304	1272	985	3452
F31_4	M1395_4	304	1212	972	3412
F31_4	M1605_4	304	1203	622	2177
F31_4	M2517_4	304	1347	650	2254
F31_4	M2571_4	304	1339	869	3161
F31_4	M746_4	304	1270	1168	4155
F469_4	F1051_4	304	1087	1053	1053
F469_4	F1943_4	304	1258	1000	1000
F469_4	F2228_4	304	1303	1274	1274
F469_4	F2350_4	304	1257	1241	1241
F469_4	F31_4	304	1295	1027	1027
F469_4	F522_4	304	1274	1245	1245
F469_4	F617_4	304	1119	1112	1112
F469_4	M1254_4	304	1413	1394	1394
F469_4	M1395_4	304	1214	1203	1203
F469_4	M1605_4	304	1261	1214	1214
F469_4	M2517_4	304	1343	1281	1281
F469_4	M2571_4	304	1156	1147	1147
F469_4	M746_4	304	1316	1312	1312
F522_4	F1051_4	304	1183	554	554
F522_4	F1943_4	304	1305	127	127
F522_4	F2228_4	304	1131	619	619
F522_4	F2350_4	304	1244	865	865
F522_4	F31_4	304	1259	128	128
F522_4	F469_4	304	1274	161	161
F522_4	F617_4	304	1283	886	886
F522_4	M1254_4	304	1243	925	925
F522_4	M1395_4	304	1178	910	910
F522_4	M1605_4	304	1253	607	607
F522_4	M2517_4	304	1415	655	655
F522_4	M2571_4	304	1378	890	890
F522_4	M746_4	304	1194	1104	1104
F617_4	F1051_4	304	1311	1019	3096
F617_4	F1943_4	304	1255	435	1287
F617_4	F2228_4	304	1181	1009	3053
F617_4	F2350_4	304	1094	997	3033
F617_4	F31_4	304	1172	365	1062
F617_4	F469_4	304	1119	447	1380
F617_4	F522_4	304	1283	1048	3189
F617_4	M1254_4	304	1323	1255	3851
F617_4	M1395_4	304	1121	1065	3141
F617_4	M1605_4	304	1223	983	2910
F617_4	M2517_4	304	1485	1169	3546
F617_4	M2571_4	304	1171	1039	3154
F617_4	M746_4	304	1245	1219	3640
M1254_4	F1051_4	304	1313	958	958
M1254_4	F1943_4	304	1208	297	297
M1254_4	F2228_4	304	1267	986	986
M1254_4	F2350_4	304	1248	1083	1083
M1254_4	F31_4	304	1272	304	304
M1254_4	F469_4	304	1413	408	408
M1254_4	F522_4	304	1243	940	940
M1254_4	F617_4	304	1323	1159	1159
M1254_4	M1395_4	304	1369	1240	1240
M1254_4	M1605_4	304	1370	1007	1007
M1254_4	M2517_4	304	1275	891	891
M1254_4	M2571_4	304	1135	938	938
M1254_4	M746_4	304	1243	1206	1206
M1395_4	F1051_4	304	1169	1138	1138
M1395_4	F1943_4	304	1317	1131	1131
M1395_4	F2228_4	304	1278	1255	1255
M1395_4	F2350_4	304	1274	1264	1264
M1395_4	F31_4	304	1212	1022	1022
M1395_4	F469_4	304	1214	1088	1088
M1395_4	F522_4	304	1178	1151	1151
M1395_4	F617_4	304	1121	1114	1114
M1395_4	M1254_4	304	1369	1364	1364
M1395_4	M1605_4	304	1236	1219	1219
M1395_4	M2517_4	304	1381	1349	1349
M1395_4	M2571_4	304	1150	1141	1141
M1395_4	M746_4	304	1145	1142	1142
M1605_4	F1051_4	304	1326	775	908
M1605_4	F1943_4	304	1364	186	219
M1605_4	F2228_4	304	1284	867	1015
M1605_4	F2350_4	304	1223	983	1163
M1605_4	F31_4	304	1203	177	209
M1605_4	F469_4	304	1261	257	325
M1605_4	F522_4	304	1253	771	892
M1605_4	F617_4	304	1223	964	1143
M1605_4	M1254_4	304	1370	1146	1355
M1605_4	M1395_4	304	1236	1031	1239
M1605_4	M2517_4	304	1404	824	962
M1605_4	M2571_4	304	1227	905	1076
M1605_4	M746_4	304	1207	1146	1351
M2517_4	F1051_4	304	1447	545	545
M2517_4	F1943_4	304	1244	100	100
M2517_4	F2228_4	304	1201	586	586
M2517_4	F2350_4	304	1194	763	763
M2517_4	F31_4	304	1347	102	102
M2517_4	F469_4	304	1343	145	145
M2517_4	F522_4	304	1415	649	649
M2517_4	F617_4	304	1485	969	969
M2517_4	M1254_4	304	1275	908	908
M2517_4	M1395_4	304	1381	983	983
M2517_4	M1605_4	304	1404	594	594
M2517_4	M2571_4	304	1250	730	730
M2517_4	M746_4	304	1077	970	970
M2571_4	F1051_4	304	1419	207	207
M2571_4	F1943_4	304	1146	15	15
M2571_4	F2228_4	304	1196	214	214
M2571_4	F2350_4	304	1407	418	418
M2571_4	F31_4	304	1339	29	29
M2571_4	F469_4	304	1156	39	39
M2571_4	F522_4	304	1378	247	247
M2571_4	F617_4	304	1171	391	391
M2571_4	M1254_4	304	1135	451	451
M2571_4	M1395_4	304	1150	486	486
M2571_4	M1605_4	304	1227	208	208
M2571_4	M2517_4	304	1250	194	194
M2571_4	M746_4	304	1097	797	797
M746_4	F1051_4	304	1271	1022	1135
M746_4	F1943_4	304	1374	480	551
M746_4	F2228_4	304	1179	998	1122
M746_4	F2350_4	304	1293	1181	1312
M746_4	F31_4	304	1270	395	427
M746_4	F469_4	304	1316	529	588
M746_4	F522_4	304	1194	986	1087
M746_4	F617_4	304	1245	1133	1255
M746_4	M1254_4	304	1243	1172	1296
M746_4	M1395_4	304	1145	1080	1207
M746_4	M1605_4	304	1207	973	1072
M746_4	M2517_4	304	1077	847	926
M746_4	M2571_4	304	1097	990	1103
F1018_4	F1059_4	305	1295	661	1585
F1018_4	F1801_4	305	1301	388	946
F1018_4	F2455_4	305	1204	533	1298
F1018_4	M1377_4	305	1283	679	1618
F1018_4	M1409_4	305	1245	496	1226
F1018_4	M1437_4	305	1246	214	498
F1018_4	M1477_4	305	1313	91	222
F1018_4	M1631_4	305	1195	201	461
F1018_4	M1929_4	305	1438	78	189
F1018_4	M24_4	305	1387	298	707
F1018_4	M2767_4	305	1068	232	568
F1018_4	M469_4	305	1105	371	896
F1018_4	M600_4	305	1205	984	2369
F1059_4	F1018_4	305	1295	451	865
F1059_4	F1801_4	305	1239	853	1636
F1059_4	F2455_4	305	1252	1006	1880
F1059_4	M1377_4	305	1221	1041	1993
F1059_4	M1409_4	305	1219	978	1876
F1059_4	M1437_4	305	1242	701	1375
F1059_4	M1477_4	305	1220	329	628
F1059_4	M1631_4	305	1415	793	1478
F1059_4	M1929_4	305	1286	324	610
F1059_4	M24_4	305	1329	809	1536
F1059_4	M2767_4	305	1234	789	1494
F1059_4	M469_4	305	1348	1020	1944
F1059_4	M600_4	305	1311	1254	2389
F1801_4	F1018_4	305	1301	224	394
F1801_4	F1059_4	305	1239	856	1438
F1801_4	F2455_4	305	1213	806	1389
F1801_4	M1377_4	305	1391	947	1627
F1801_4	M1409_4	305	1238	715	1247
F1801_4	M1437_4	305	1231	396	685
F1801_4	M1477_4	305	1388	163	268
F1801_4	M1631_4	305	1140	360	613
F1801_4	M1929_4	305	1204	135	239
F1801_4	M24_4	305	1330	481	826
F1801_4	M2767_4	305	1105	400	682
F1801_4	M469_4	305	1285	667	1134
F1801_4	M600_4	305	1368	1265	2211
F2455_4	F1018_4	305	1204	85	85
F2455_4	F1059_4	305	1252	567	567
F2455_4	F1801_4	305	1213	278	278
F2455_4	M1377_4	305	1223	557	557
F2455_4	M1409_4	305	1094	371	371
F2455_4	M1437_4	305	1202	193	193
F2455_4	M1477_4	305	1283	48	48
F2455_4	M1631_4	305	1097	173	173
F2455_4	M1929_4	305	1292	56	56
F2455_4	M24_4	305	1175	235	235
F2455_4	M2767_4	305	1426	243	243
F2455_4	M469_4	305	1305	353	353
F2455_4	M600_4	305	1146	899	899
M1377_4	F1018_4	305	1283	218	218
M1377_4	F1059_4	305	1221	836	836
M1377_4	F1801_4	305	1391	654	654
M1377_4	F2455_4	305	1223	798	798
M1377_4	M1409_4	305	1257	756	756
M1377_4	M1437_4	305	1098	345	345
M1377_4	M1477_4	305	1141	138	138
M1377_4	M1631_4	305	1311	409	409
M1377_4	M1929_4	305	1291	153	153
M1377_4	M24_4	305	1350	505	505
M1377_4	M2767_4	305	1315	513	513
M1377_4	M469_4	305	1116	603	603
M1377_4	M600_4	305	1242	1136	1136
M1409_4	F1018_4	305	1245	260	1000
M1409_4	F1059_4	305	1219	906	3641
M1409_4	F1801_4	305	1238	624	2573
M1409_4	F2455_4	305	1094	791	3231
M1409_4	M1377_4	305	1257	964	3890
M1409_4	M1437_4	305	1260	503	2058
M1409_4	M1477_4	305	1317	242	923
M1409_4	M1631_4	305	1207	495	1991
M1409_4	M1929_4	305	1207	177	702
M1409_4	M24_4	305	1224	553	2223
M1409_4	M2767_4	305	1202	542	2239
M1409_4	M469_4	305	1241	742	3055
M1409_4	M600_4	305	1339	1249	5069
M1437_4	F1018_4	305	1246	152	328
M1437_4	F1059_4	305	1242	760	1782
M1437_4	F1801_4	305	1231	458	1053
M1437_4	F2455_4	305	1202	683	1520
M1437_4	M1377_4	305	1098	691	1554
M1437_4	M1409_4	305	1260	629	1470
M1437_4	M1477_4	305	1225	112	226
M1437_4	M1631_4	305	1291	317	731
M1437_4	M1929_4	305	1378	116	257
M1437_4	M24_4	305	1172	368	859
M1437_4	M2767_4	305	1158	361	879
M1437_4	M469_4	305	1094	466	1006
M1437_4	M600_4	305	1192	1038	2461
M1477_4	F1018_4	305	1313	35	82
M1477_4	F1059_4	305	1220	278	731
M1477_4	F1801_4	305	1388	130	361
M1477_4	F2455_4	305	1283	243	609
M1477_4	M1377_4	305	1141	291	785
M1477_4	M1409_4	305	1317	231	583
M1477_4	M1437_4	305	1225	79	211
M1477_4	M1631_4	305	1348	80	200
M1477_4	M1929_4	305	1337	33	87
M1477_4	M24_4	305	1173	79	219
M1477_4	M2767_4	305	1102	94	244
M1477_4	M469_4	305	1205	146	382
M1477_4	M600_4	305	1173	660	1736
M1631_4	F1018_4	305	1195	171	434
M1631_4	F1059_4	305	1415	910	2203
M1631_4	F1801_4	305	1140	478	1167
M1631_4	F2455_4	305	1097	637	1570
M1631_4	M1377_4	305	1311	891	2304
M1631_4	M1409_4	305	1207	660	1628
M1631_4	M1437_4	305	1291	349	891
M1631_4	M1477_4	305	1348	141	364
M1631_4	M1929_4	305	1231	122	305
M1631_4	M24_4	305	1277	392	975
M1631_4	M2767_4	305	1412	474	1191
M1631_4	M469_4	305	1280	605	1506
M1631_4	M600_4	305	1512	1359	3400
M1929_4	F1018_4	305	1438	469	469
M1929_4	F1059_4	305	1286	1068	1068
M1929_4	F1801_4	305	1204	789	789
M1929_4	F2455_4	305	1292	1044	1044
M1929_4	M1377_4	305	1291	1095	1095
M1929_4	M1409_4	305	1207	934	934
M1929_4	M1437_4	305	1378	721	721
M1929_4	M1477_4	305	1337	320	320
M1929_4	M1631_4	305	1231	673	673
M1929_4	M24_4	305	1438	824	824
M1929_4	M2767_4	305	1307	777	777
M1929_4	M469_4	305	1290	932	932
M1929_4	M600_4	305	1274	1224	1224
M24_4	F1018_4	305	1387	389	389
M24_4	F1059_4	305	1329	1051	1051
M24_4	F1801_4	305	1330	820	820
M24_4	F2455_4	305	1175	892	892
M24_4	M1377_4	305	1350	1111	1111
M24_4	M1409_4	305	1224	890	890
M24_4	M1437_4	305	1172	577	577
M24_4	M1477_4	305	1173	251	251
M24_4	M1631_4	305	1277	595	595
M24_4	M1929_4	305	1438	251	251
M24_4	M2767_4	305	1179	657	657
M24_4	M469_4	305	1240	834	834
M24_4	M600_4	305	1221	1153	1153
M2767_4	F1018_4	305	1068	69	121
M2767_4	F1059_4	305	1234	558	954
M2767_4	F1801_4	305	1105	277	458
M2767_4	F2455_4	305	1426	582	991
M2767_4	M1377_4	305	1315	615	1036
M2767_4	M1409_4	305	1202	436	729
M2767_4	M1437_4	305	1158	157	246
M2767_4	M1477_4	305	1102	58	97
M2767_4	M1631_4	305	1412	230	402
M2767_4	M1929_4	305	1307	65	100
M2767_4	M24_4	305	1179	189	313
M2767_4	M469_4	305	1236	356	584
M2767_4	M600_4	305	1265	1012	1671
M469_4	F1018_4	305	1105	173	300
M469_4	F1059_4	305	1348	919	1529
M469_4	F1801_4	305	1285	528	842
M469_4	F2455_4	305	1305	780	1263
M469_4	M1377_4	305	1116	755	1261
M469_4	M1409_4	305	1241	713	1151
M469_4	M1437_4	305	1094	325	534
M469_4	M1477_4	305	1205	134	243
M469_4	M1631_4	305	1280	390	658
M469_4	M1929_4	305	1290	120	195
M469_4	M24_4	305	1240	411	662
M469_4	M2767_4	305	1236	428	693
M469_4	M600_4	305	1181	1048	1701
M600_4	F1018_4	305	1205	35	35
M600_4	F1059_4	305	1311	362	362
M600_4	F1801_4	305	1368	183	183
M600_4	F2455_4	305	1146	303	303
M600_4	M1377_4	305	1242	348	348
M600_4	M1409_4	305	1339	258	258
M600_4	M1437_4	305	1192	93	93
M600_4	M1477_4	305	1173	32	32
M600_4	M1631_4	305	1512	117	117
M600_4	M1929_4	305	1274	33	33
M600_4	M24_4	305	1221	120	120
M600_4	M2767_4	305	1265	132	132
M600_4	M469_4	305	1181	179	179
F1289_4	F1556_4	306	1287	863	863
F1289_4	F1891_4	306	1367	1026	1026
F1289_4	F2142_4	306	1388	1277	1277
F1289_4	F2538_4	306	1265	408	408
F1289_4	F298_4	306	1282	746	746
F1289_4	F299_4	306	1242	1194	1194
F1289_4	F396_4	306	1138	1115	1115
F1289_4	F481_4	306	1318	1300	1300
F1289_4	F613_4	306	1491	1354	1354
F1289_4	M1301_4	306	1262	1018	1018
F1289_4	M2529_4	306	1202	985	985
F1289_4	M638_4	306	1226	1196	1196
F1289_4	M959_4	306	1452	1063	1063
F1556_4	F1289_4	306	1287	957	2283
F1556_4	F1891_4	306	1238	1084	2521
F1556_4	F2142_4	306	1086	1050	2461
F1556_4	F2538_4	306	1300	758	1820
F1556_4	F298_4	306	1206	946	2190
F1556_4	F299_4	306	1336	1307	2990
F1556_4	F396_4	306	1295	1288	2982
F1556_4	F481_4	306	1266	1259	2937
F1556_4	F613_4	306	1107	1065	2469
F1556_4	M1301_4	306	1359	1241	2931
F1556_4	M2529_4	306	1184	1092	2505
F1556_4	M638_4	306	1220	1213	2809
F1556_4	M959_4	306	1250	1104	2578
F1891_4	F1289_4	306	1367	38	38
F1891_4	F1556_4	306	1238	76	76
F1891_4	F2142_4	306	1147	293	293
F1891_4	F2538_4	306	1291	18	18
F1891_4	F298_4	306	1293	39	39
F1891_4	F299_4	306	1227	453	453
F1891_4	F396_4	306	1216	697	697
F1891_4	F481_4	306	1252	902	902
F1891_4	F613_4	306	1178	261	261
F1891_4	M1301_4	306	1196	133	133
F1891_4	M2529_4	306	1272	149	149
F1891_4	M638_4	306	1144	646	646
F1891_4	M959_4	306	1329	99	99
F2142_4	F1289_4	306	1388	99	290
F2142_4	F1556_4	306	1086	135	406
F2142_4	F1891_4	306	1147	209	620
F2142_4	F2538_4	306	1242	47	144
F2142_4	F298_4	306	1349	109	323
F2142_4	F299_4	306	1363	833	2434
F2142_4	F396_4	306	1247	955	2821
F2142_4	F481_4	306	1146	993	2908
F2142_4	F613_4	306	1328	572	1679
F2142_4	M1301_4	306	1330	292	864
F2142_4	M2529_4	306	1310	306	902
F2142_4	M638_4	306	1188	886	2542
F2142_4	M959_4	306	1286	230	703
F2538_4	F1289_4	306	1265	70	110
F2538_4	F1556_4	306	1300	104	161
F2538_4	F1891_4	306	1291	141	235
F2538_4	F2142_4	306	1242	405	662
F2538_4	F298_4	306	1201	58	94
F2538_4	F299_4	306	1213	562	899
F2538_4	F396_4	306	1273	846	1387
F2538_4	F481_4	306	1133	866	1392
F2538_4	F613_4	306	1218	359	576
F2538_4	M1301_4	306	1374	218	342
F2538_4	M2529_4	306	1290	215	329
F2538_4	M638_4	306	1294	876	1445
F2538_4	M959_4	306	1310	143	241
F298_4	F1289_4	306	1282	782	782
F298_4	F1556_4	306	1206	854	854
F298_4	F1891_4	306	1293	999	999
F298_4	F2142_4	306	1349	1256	1256
F298_4	F2538_4	306	1201	480	480
F298_4	F299_4	306	1160	1113	1113
F298_4	F396_4	306	1297	1274	1274
F298_4	F481_4	306	1184	1175	1175
F298_4	F613_4	306	1453	1340	1340
F298_4	M1301_4	306	1200	972	972
F298_4	M2529_4	306	1415	1190	1190
F298_4	M638_4	306	1291	1258	1258
F298_4	M959_4	306	1345	1055	1055
F299_4	F1289_4	306	1242	298	298
F299_4	F1556_4	306	1336	473	473
F299_4	F1891_4	306	1227	504	504
F299_4	F2142_4	306	1363	1013	1013
F299_4	F2538_4	306	1213	138	138
F299_4	F298_4	306	1160	314	314
F299_4	F396_4	306	1270	1164	1164
F299_4	F481_4	306	1355	1290	1290
F299_4	F613_4	306	1297	933	933
F299_4	M1301_4	306	1121	532	532
F299_4	M2529_4	306	1272	675	675
F299_4	M638_4	306	1367	1251	1251
F299_4	M959_4	306	1226	498	498
F396_4	F1289_4	306	1138	321	321
F396_4	F1556_4	306	1295	569	569
F396_4	F1891_4	306	1216	560	560
F396_4	F2142_4	306	1247	957	957
F396_4	F2538_4	306	1273	185	185
F396_4	F298_4	306	1297	433	433
F396_4	F299_4	306	1270	1128	1128
F396_4	F481_4	306	1310	1259	1259
F396_4	F613_4	306	1081	848	848
F396_4	M1301_4	306	1173	684	684
F396_4	M2529_4	306	1352	763	763
F396_4	M638_4	306	1291	1223	1223
F396_4	M959_4	306	1331	635	635
F481_4	F1289_4	306	1318	81	184
F481_4	F1556_4	306	1266	128	283
F481_4	F1891_4	306	1252	160	371
F481_4	F2142_4	306	1146	397	879
F481_4	F2538_4	306	1133	31	63
F481_4	F298_4	306	1184	76	164
F481_4	F299_4	306	1355	735	1587
F481_4	F396_4	306	1310	908	1977
F481_4	F613_4	306	1285	417	898
F481_4	M1301_4	306	1398	224	485
F481_4	M2529_4	306	1317	249	561
F481_4	M638_4	306	1231	846	1781
F481_4	M959_4	306	1294	149	306
F613_4	F1289_4	306	1491	72	173
F613_4	F1556_4	306	1107	69	173
F613_4	F1891_4	306	1178	98	235
F613_4	F2142_4	306	1328	357	857
F613_4	F2538_4	306	1218	20	45
F613_4	F298_4	306	1453	62	151
F613_4	F299_4	306	1297	565	1404
F613_4	F396_4	306	1081	631	1620
F613_4	F481_4	306	1285	937	2340
F613_4	M1301_4	306	1321	175	439
F613_4	M2529_4	306	1286	188	480
F613_4	M638_4	306	1294	768	1879
F613_4	M959_4	306	1210	110	273
M1301_4	F1289_4	306	1262	169	237
M1301_4	F1556_4	306	1359	312	423
M1301_4	F1891_4	306	1196	300	405
M1301_4	F2142_4	306	1330	785	1061
M1301_4	F2538_4	306	1374	70	99
M1301_4	F298_4	306	1200	156	204
M1301_4	F299_4	306	1121	812	1124
M1301_4	F396_4	306	1173	998	1385
M1301_4	F481_4	306	1398	1275	1736
M1301_4	F613_4	306	1321	747	1017
M1301_4	M2529_4	306	1221	425	593
M1301_4	M638_4	306	1298	1094	1466
M1301_4	M959_4	306	1176	275	368
M2529_4	F1289_4	306	1202	63	94
M2529_4	F1556_4	306	1184	84	137
M2529_4	F1891_4	306	1272	89	140
M2529_4	F2142_4	306	1310	336	524
M2529_4	F2538_4	306	1290	21	26
M2529_4	F298_4	306	1415	68	100
M2529_4	F299_4	306	1272	543	830
M2529_4	F396_4	306	1352	799	1231
M2529_4	F481_4	306	1317	963	1501
M2529_4	F613_4	306	1286	337	552
M2529_4	M1301_4	306	1221	137	207
M2529_4	M638_4	306	1287	776	1221
M2529_4	M959_4	306	1231	98	126
M638_4	F1289_4	306	1226	629	629
M638_4	F1556_4	306	1220	804	804
M638_4	F1891_4	306	1144	801	801
M638_4	F2142_4	306	1188	1062	1062
M638_4	F2538_4	306	1294	399	399
M638_4	F298_4	306	1291	727	727
M638_4	F299_4	306	1367	1296	1296
M638_4	F396_4	306	1291	1257	1257
M638_4	F481_4	306	1231	1208	1208
M638_4	F613_4	306	1294	1176	1176
M638_4	M1301_4	306	1298	1058	1058
M638_4	M2529_4	306	1287	1032	1032
M638_4	M959_4	306	1207	877	877
M959_4	F1289_4	306	1452	888	3698
M959_4	F1556_4	306	1250	904	3828
M959_4	F1891_4	306	1329	1005	4160
M959_4	F2142_4	306	1286	1192	5148
M959_4	F2538_4	306	1310	527	2182
M959_4	F298_4	306	1345	870	3631
M959_4	F299_4	306	1226	1180	4856
M959_4	F396_4	306	1331	1314	5436
M959_4	F481_4	306	1294	1285	5399
M959_4	F613_4	306	1210	1118	4677
M959_4	M1301_4	306	1176	970	4096
M959_4	M2529_4	306	1231	1039	4319
M959_4	M638_4	306	1207	1180	4884
F1003_4	F1371_4	307	1292	1104	1952
F1003_4	F171_4	307	1291	607	1047
F1003_4	F1780_4	307	1252	206	363
F1003_4	F2124_4	307	1287	502	900
F1003_4	F2669_4	307	1321	293	504
F1003_4	F502_4	307	1133	154	269
F1003_4	M1726_4	307	1304	83	163
F1003_4	M2111_4	307	1373	273	473
F1003_4	M244_4	307	1232	340	607
F1003_4	M2589_4	307	1179	7	12
F1003_4	M75_4	307	1222	170	295
F1003_4	M883_4	307	1254	58	85
F1003_4	M963_4	307	1236	162	288
F1371_4	F1003_4	307	1292	842	842
F1371_4	F171_4	307	1222	823	823
F1371_4	F1780_4	307	1260	377	377
F1371_4	F2124_4	307	1236	738	738
F1371_4	F2669_4	307	1187	491	491
F1371_4	F502_4	307	1144	298	298
F1371_4	M1726_4	307	1268	175	175
F1371_4	M2111_4	307	1297	450	450
F1371_4	M244_4	307	1260	589	589
F1371_4	M2589_4	307	1368	26	26
F1371_4	M75_4	307	1285	315	315
F1371_4	M883_4	307	1406	131	131
F1371_4	M963_4	307	1377	321	321
F171_4	F1003_4	307	1291	1218	1218
F171_4	F1371_4	307	1222	1219	1219
F171_4	F1780_4	307	1352	1041	1041
F171_4	F2124_4	307	1299	1189	1189
F171_4	F2669_4	307	1262	1079	1079
F171_4	F502_4	307	1325	1021	1021
F171_4	M1726_4	307	1391	820	820
F171_4	M2111_4	307	1229	1026	1026
F171_4	M244_4	307	1235	1092	1092
F171_4	M2589_4	307	1191	138	138
F171_4	M75_4	307	1252	956	956
F171_4	M883_4	307	1302	599	599
F171_4	M963_4	307	1316	939	939
F1780_4	F1003_4	307	1252	1088	1847
F1780_4	F1371_4	307	1260	1240	2112
F1780_4	F171_4	307	1352	1204	2096
F1780_4	F2124_4	307	1213	1047	1837
F1780_4	F2669_4	307	1150	856	1466
F1780_4	F502_4	307	1355	811	1385
F1780_4	M1726_4	307	1256	493	837
F1780_4	M2111_4	307	1352	955	1603
F1780_4	M244_4	307	1225	1004	1679
F1780_4	M2589_4	307	1050	54	91
F1780_4	M75_4	307	1242	737	1270
F1780_4	M883_4	307	1178	339	600
F1780_4	M963_4	307	1345	779	1331
F2124_4	F1003_4	307	1287	1081	1081
F2124_4	F1371_4	307	1236	1216	1216
F2124_4	F171_4	307	1299	1082	1082
F2124_4	F1780_4	307	1213	697	697
F2124_4	F2669_4	307	1187	761	761
F2124_4	F502_4	307	1331	650	650
F2124_4	M1726_4	307	1223	373	373
F2124_4	M2111_4	307	1268	751	751
F2124_4	M244_4	307	1103	800	800
F2124_4	M2589_4	307	1241	35	35
F2124_4	M75_4	307	1335	641	641
F2124_4	M883_4	307	1306	254	254
F2124_4	M963_4	307	1402	647	647
F2669_4	F1003_4	307	1321	680	680
F2669_4	F1371_4	307	1187	1060	1060
F2669_4	F171_4	307	1262	622	622
F2669_4	F1780_4	307	1150	234	234
F2669_4	F2124_4	307	1187	479	479
F2669_4	F502_4	307	1323	194	194
F2669_4	M1726_4	307	1219	95	95
F2669_4	M2111_4	307	1231	272	272
F2669_4	M244_4	307	1352	456	456
F2669_4	M2589_4	307	1419	10	10
F2669_4	M75_4	307	1313	205	205
F2669_4	M883_4	307	1467	59	59
F2669_4	M963_4	307	1133	158	158
F502_4	F1003_4	307	1133	1005	2959
F502_4	F1371_4	307	1144	1121	3338
F502_4	F171_4	307	1325	1153	3488
F502_4	F1780_4	307	1355	827	2432
F502_4	F2124_4	307	1331	1095	3261
F502_4	F2669_4	307	1323	921	2830
F502_4	M1726_4	307	1228	427	1290
F502_4	M2111_4	307	1326	879	2659
F502_4	M244_4	307	1287	979	2951
F502_4	M2589_4	307	1166	57	177
F502_4	M75_4	307	1198	678	2080
F502_4	M883_4	307	1289	309	963
F502_4	M963_4	307	1223	657	1931
M1726_4	F1003_4	307	1304	1105	1872
M1726_4	F1371_4	307	1268	1240	2095
M1726_4	F171_4	307	1391	1188	2039
M1726_4	F1780_4	307	1256	718	1214
M1726_4	F2124_4	307	1223	978	1677
M1726_4	F2669_4	307	1219	814	1353
M1726_4	F502_4	307	1228	621	1039
M1726_4	M2111_4	307	1285	841	1441
M1726_4	M244_4	307	1288	936	1617
M1726_4	M2589_4	307	1310	72	128
M1726_4	M75_4	307	1365	728	1232
M1726_4	M883_4	307	1447	328	559
M1726_4	M963_4	307	1316	635	1081
M2111_4	F1003_4	307	1373	1308	1308
M2111_4	F1371_4	307	1297	1287	1287
M2111_4	F171_4	307	1229	1180	1180
M2111_4	F1780_4	307	1352	1127	1127
M2111_4	F2124_4	307	1268	1182	1182
M2111_4	F2669_4	307	1231	1079	1079
M2111_4	F502_4	307	1326	1071	1071
M2111_4	M1726_4	307	1285	821	821
M2111_4	M244_4	307	1129	1027	1027
M2111_4	M2589_4	307	1392	196	196
M2111_4	M75_4	307	1325	1113	1113
M2111_4	M883_4	307	1293	685	685
M2111_4	M963_4	307	1339	1031	1031
M244_4	F1003_4	307	1232	1040	1040
M244_4	F1371_4	307	1260	1230	1230
M244_4	F171_4	307	1235	1025	1025
M244_4	F1780_4	307	1225	643	643
M244_4	F2124_4	307	1103	862	862
M244_4	F2669_4	307	1352	857	857
M244_4	F502_4	307	1287	599	599
M244_4	M1726_4	307	1288	367	367
M244_4	M2111_4	307	1129	649	649
M244_4	M2589_4	307	1237	48	48
M244_4	M75_4	307	1137	543	543
M244_4	M883_4	307	1311	234	234
M244_4	M963_4	307	1200	556	556
M2589_4	F1003_4	307	1179	486	486
M2589_4	F1371_4	307	1368	1118	1118
M2589_4	F171_4	307	1191	455	455
M2589_4	F1780_4	307	1050	127	127
M2589_4	F2124_4	307	1241	385	385
M2589_4	F2669_4	307	1419	244	244
M2589_4	F502_4	307	1166	116	116
M2589_4	M1726_4	307	1310	58	58
M2589_4	M2111_4	307	1392	220	220
M2589_4	M244_4	307	1237	276	276
M2589_4	M75_4	307	1465	125	125
M2589_4	M883_4	307	1350	35	35
M2589_4	M963_4	307	1380	135	135
M75_4	F1003_4	307	1222	1177	1177
M75_4	F1371_4	307	1285	1282	1282
M75_4	F171_4	307	1252	1228	1228
M75_4	F1780_4	307	1242	1103	1103
M75_4	F2124_4	307	1335	1285	1285
M75_4	F2669_4	307	1313	1214	1214
M75_4	F502_4	307	1198	1036	1036
M75_4	M1726_4	307	1365	1036	1036
M75_4	M2111_4	307	1325	1200	1200
M75_4	M244_4	307	1137	1074	1074
M75_4	M2589_4	307	1465	312	312
M75_4	M883_4	307	1201	758	758
M75_4	M963_4	307	1302	1124	1124
M883_4	F1003_4	307	1254	728	1562
M883_4	F1371_4	307	1406	1276	2800
M883_4	F171_4	307	1302	745	1645
M883_4	F1780_4	307	1178	292	644
M883_4	F2124_4	307	1306	663	1423
M883_4	F2669_4	307	1467	461	1034
M883_4	F502_4	307	1289	248	563
M883_4	M1726_4	307	1447	151	339
M883_4	M2111_4	307	1293	344	732
M883_4	M244_4	307	1311	520	1165
M883_4	M2589_4	307	1350	11	22
M883_4	M75_4	307	1201	238	543
M883_4	M963_4	307	1293	250	568
M963_4	F1003_4	307	1236	1054	2681
M963_4	F1371_4	307	1377	1349	3266
M963_4	F171_4	307	1316	1108	2715
M963_4	F1780_4	307	1345	723	1746
M963_4	F2124_4	307	1402	1092	2645
M963_4	F2669_4	307	1133	730	1794
M963_4	F502_4	307	1223	567	1410
M963_4	M1726_4	307	1316	395	950
M963_4	M2111_4	307	1339	790	1880
M963_4	M244_4	307	1200	878	2088
M963_4	M2589_4	307	1380	59	143
M963_4	M75_4	307	1302	636	1556
M963_4	M883_4	307	1293	244	616
F1455_4	F1478_4	308	1228	329	329
F1455_4	F1611_4	308	1315	707	707
F1455_4	F1614_4	308	1331	679	679
F1455_4	F2604_4	308	1350	351	351
F1455_4	F27_4	308	1198	839	839
F1455_4	F402_4	308	1317	605	605
F1455_4	F634_4	308	1243	647	647
F1455_4	F932_4	308	1283	208	208
F1455_4	F938_4	308	1288	1080	1080
F1455_4	M1062_4	308	1169	448	448
F1455_4	M140_4	308	1376	657	657
F1455_4	M2166_4	308	1278	985	985
F1455_4	M911_4	308	1171	506	506
F1478_4	F1455_4	308	1228	901	2095
F1478_4	F1611_4	308	1403	556	1275
F1478_4	F1614_4	308	1335	561	1317
F1478_4	F2604_4	308	1295	238	576
F1478_4	F27_4	308	1152	732	1721
F1478_4	F402_4	308	1518	516	1222
F1478_4	F634_4	308	1252	532	1242
F1478_4	F932_4	308	1259	162	383
F1478_4	F938_4	308	1474	1127	2679
F1478_4	M1062_4	308	1190	378	893
F1478_4	M140_4	308	1233	424	988
F1478_4	M2166_4	308	1265	877	2067
F1478_4	M911_4	308	1197	401	913
F1611_4	F1455_4	308	1315	1165	1165
F1611_4	F1478_4	308	1403	538	538
F1611_4	F1614_4	308	1232	781	781
F1611_4	F2604_4	308	1183	448	448
F1611_4	F27_4	308	1161	929	929
F1611_4	F402_4	308	1311	756	756
F1611_4	F634_4	308	1257	794	794
F1611_4	F932_4	308	1285	347	347
F1611_4	F938_4	308	1141	1035	1035
F1611_4	M1062_4	308	1289	657	657
F1611_4	M140_4	308	1373	847	847
F1611_4	M2166_4	308	1211	1054	1054
F1611_4	M911_4	308	1281	706	706
F1614_4	F1455_4	308	1331	1243	1243
F1614_4	F1478_4	308	1335	701	701
F1614_4	F1611_4	308	1232	943	943
F1614_4	F2604_4	308	1232	627	627
F1614_4	F27_4	308	1333	1218	1218
F1614_4	F402_4	308	1329	970	970
F1614_4	F634_4	308	1174	898	898
F1614_4	F932_4	308	1284	522	522
F1614_4	F938_4	308	1229	1159	1159
F1614_4	M1062_4	308	1240	844	844
F1614_4	M140_4	308	1267	910	910
F1614_4	M2166_4	308	1259	1143	1143
F1614_4	M911_4	308	1107	778	778
F2604_4	F1455_4	308	1350	687	1073
F2604_4	F1478_4	308	1295	106	178
F2604_4	F1611_4	308	1183	241	365
F2604_4	F1614_4	308	1232	243	391
F2604_4	F27_4	308	1232	471	773
F2604_4	F402_4	308	1312	225	364
F2604_4	F634_4	308	1391	261	403
F2604_4	F932_4	308	1346	70	112
F2604_4	F938_4	308	1189	645	1046
F2604_4	M1062_4	308	1269	168	257
F2604_4	M140_4	308	1230	221	351
F2604_4	M2166_4	308	1113	501	795
F2604_4	M911_4	308	1260	192	296
F27_4	F1455_4	308	1198	989	1171
F27_4	F1478_4	308	1152	348	418
F27_4	F1611_4	308	1161	670	782
F27_4	F1614_4	308	1333	786	923
F27_4	F2604_4	308	1232	422	492
F27_4	F402_4	308	1179	634	752
F27_4	F634_4	308	1292	723	856
F27_4	F932_4	308	1240	267	314
F27_4	F938_4	308	1124	987	1176
F27_4	M1062_4	308	1153	535	624
F27_4	M140_4	308	1270	682	796
F27_4	M2166_4	308	1262	1022	1223
F27_4	M911_4	308	1300	644	764
F402_4	F1455_4	308	1317	1136	1136
F402_4	F1478_4	308	1518	628	628
F402_4	F1611_4	308	1311	888	888
F402_4	F1614_4	308	1329	890	890
F402_4	F2604_4	308	1312	486	486
F402_4	F27_4	308	1179	963	963
F402_4	F634_4	308	1249	829	829
F402_4	F932_4	308	1204	343	343
F402_4	F938_4	308	1417	1280	1280
F402_4	M1062_4	308	1240	687	687
F402_4	M140_4	308	1239	762	762
F402_4	M2166_4	308	1310	1140	1140
F402_4	M911_4	308	1220	687	687
F634_4	F1455_4	308	1243	994	1274
F634_4	F1478_4	308	1252	352	473
F634_4	F1611_4	308	1257	604	773
F634_4	F1614_4	308	1174	591	787
F634_4	F2604_4	308	1391	335	427
F634_4	F27_4	308	1292	943	1230
F634_4	F402_4	308	1249	517	691
F634_4	F932_4	308	1272	218	284
F634_4	F938_4	308	1211	1015	1342
F634_4	M1062_4	308	1152	468	585
F634_4	M140_4	308	1385	661	866
F634_4	M2166_4	308	1143	876	1136
F634_4	M911_4	308	1263	563	736
F932_4	F1455_4	308	1283	722	722
F932_4	F1478_4	308	1259	126	126
F932_4	F1611_4	308	1285	307	307
F932_4	F1614_4	308	1284	270	270
F932_4	F2604_4	308	1346	129	129
F932_4	F27_4	308	1240	505	505
F932_4	F402_4	308	1204	237	237
F932_4	F634_4	308	1272	292	292
F932_4	F938_4	308	1294	787	787
F932_4	M1062_4	308	1372	211	211
F932_4	M140_4	308	1206	263	263
F932_4	M2166_4	308	1438	777	777
F932_4	M911_4	308	1209	230	230
F938_4	F1455_4	308	1288	1187	2143
F938_4	F1478_4	308	1474	744	1305
F938_4	F1611_4	308	1141	867	1522
F938_4	F1614_4	308	1229	934	1638
F938_4	F2604_4	308	1189	608	1060
F938_4	F27_4	308	1124	1001	1774
F938_4	F402_4	308	1417	998	1749
F938_4	F634_4	308	1211	919	1643
F938_4	F932_4	308	1294	453	819
F938_4	M1062_4	308	1359	914	1606
F938_4	M140_4	308	1338	964	1687
F938_4	M2166_4	308	1145	1053	1865
F938_4	M911_4	308	1100	761	1296
M1062_4	F1455_4	308	1169	616	616
M1062_4	F1478_4	308	1190	104	104
M1062_4	F1611_4	308	1289	283	283
M1062_4	F1614_4	308	1240	280	280
M1062_4	F2604_4	308	1269	119	119
M1062_4	F27_4	308	1153	466	466
M1062_4	F402_4	308	1240	224	224
M1062_4	F634_4	308	1152	231	231
M1062_4	F932_4	308	1372	60	60
M1062_4	F938_4	308	1359	761	761
M1062_4	M140_4	308	1354	235	235
M1062_4	M2166_4	308	1234	592	592
M1062_4	M911_4	308	1161	190	190
M140_4	F1455_4	308	1376	1279	1279
M140_4	F1478_4	308	1233	718	718
M140_4	F1611_4	308	1373	1078	1078
M140_4	F1614_4	308	1267	1006	1006
M140_4	F2604_4	308	1230	704	704
M140_4	F27_4	308	1270	1155	1155
M140_4	F402_4	308	1239	921	921
M140_4	F634_4	308	1385	1079	1079
M140_4	F932_4	308	1206	480	480
M140_4	F938_4	308	1338	1271	1271
M140_4	M1062_4	308	1354	924	924
M140_4	M2166_4	308	1266	1171	1171
M140_4	M911_4	308	1182	826	826
M2166_4	F1455_4	308	1278	1091	1091
M2166_4	F1478_4	308	1265	416	416
M2166_4	F1611_4	308	1211	715	715
M2166_4	F1614_4	308	1259	746	746
M2166_4	F2604_4	308	1113	401	401
M2166_4	F27_4	308	1262	992	992
M2166_4	F402_4	308	1310	689	689
M2166_4	F634_4	308	1143	665	665
M2166_4	F932_4	308	1438	311	311
M2166_4	F938_4	308	1145	992	992
M2166_4	M1062_4	308	1234	619	619
M2166_4	M140_4	308	1266	725	725
M2166_4	M911_4	308	1357	679	679
M911_4	F1455_4	308	1171	758	771
M911_4	F1478_4	308	1197	160	162
M911_4	F1611_4	308	1281	440	444
M911_4	F1614_4	308	1107	356	363
M911_4	F2604_4	308	1260	172	177
M911_4	F27_4	308	1300	667	678
M911_4	F402_4	308	1220	303	306
M911_4	F634_4	308	1263	394	396
M911_4	F932_4	308	1209	116	117
M911_4	F938_4	308	1100	784	796
M911_4	M1062_4	308	1161	262	265
M911_4	M140_4	308	1182	342	345
M911_4	M2166_4	308	1357	815	825
F1890_4	F1921_4	309	1123	530	530
F1890_4	F207_4	309	1296	49	49
F1890_4	F2576_4	309	1381	278	278
F1890_4	F5_4	309	1174	232	232
F1890_4	F618_4	309	1192	375	375
F1890_4	F87_4	309	1236	429	429
F1890_4	F96_4	309	1265	1124	1124
F1890_4	M1269_4	309	1280	814	814
F1890_4	M1454_4	309	1276	139	139
F1890_4	M2332_4	309	1245	285	285
F1890_4	M2367_4	309	1207	60	60
F1890_4	M444_4	309	1223	114	114
F1890_4	M832_4	309	1164	726	726
F1921_4	F1890_4	309	1123	124	178
F1921_4	F207_4	309	1143	21	28
F1921_4	F2576_4	309	1176	182	269
F1921_4	F5_4	309	1295	198	289
F1921_4	F618_4	309	1324	362	518
F1921_4	F87_4	309	1288	356	527
F1921_4	F96_4	309	1315	1121	1647
F1921_4	M1269_4	309	1282	673	951
F1921_4	M1454_4	309	1188	86	125
F1921_4	M2332_4	309	1208	224	340
F1921_4	M2367_4	309	1313	63	94
F1921_4	M444_4	309	1239	92	135
F1921_4	M832_4	309	1185	650	941
F207_4	F1890_4	309	1296	311	1307
F207_4	F1921_4	309	1143	715	2966
F207_4	F2576_4	309	1039	394	1695
F207_4	F5_4	309	1261	420	1701
F207_4	F618_4	309	1377	650	2700
F207_4	F87_4	309	1314	677	2852
F207_4	F96_4	309	1220	1158	4780
F207_4	M1269_4	309	1322	1016	4168
F207_4	M1454_4	309	1205	219	894
F207_4	M2332_4	309	1307	526	2153
F207_4	M2367_4	309	1278	129	514
F207_4	M444_4	309	1240	243	1024
F207_4	M832_4	309	1289	993	4171
F2576_4	F1890_4	309	1381	98	152
F2576_4	F1921_4	309	1176	334	570
F2576_4	F207_4	309	1039	22	36
F2576_4	F5_4	309	1270	132	202
F2576_4	F618_4	309	1186	213	358
F2576_4	F87_4	309	1276	253	419
F2576_4	F96_4	309	1285	1026	1644
F2576_4	M1269_4	309	1186	514	832
F2576_4	M1454_4	309	1314	70	118
F2576_4	M2332_4	309	1234	171	290
F2576_4	M2367_4	309	1314	40	68
F2576_4	M444_4	309	1342	72	111
F2576_4	M832_4	309	1218	531	869
F5_4	F1890_4	309	1174	698	2074
F5_4	F1921_4	309	1295	1128	3352
F5_4	F207_4	309	1261	255	766
F5_4	F2576_4	309	1270	826	2422
F5_4	F618_4	309	1422	1107	3281
F5_4	F87_4	309	1222	997	2915
F5_4	F96_4	309	1377	1353	4018
F5_4	M1269_4	309	1362	1248	3766
F5_4	M1454_4	309	1238	566	1682
F5_4	M2332_4	309	1263	914	2732
F5_4	M2367_4	309	1210	351	993
F5_4	M444_4	309	1169	543	1637
F5_4	M832_4	309	1262	1172	3549
F618_4	F1890_4	309	1192	62	62
F618_4	F1921_4	309	1324	326	326
F618_4	F207_4	309	1377	16	16
F618_4	F2576_4	309	1186	100	100
F618_4	F5_4	309	1422	121	121
F618_4	F87_4	309	1219	218	218
F618_4	F96_4	309	1143	860	860
F618_4	M1269_4	309	1376	539	539
F618_4	M1454_4	309	1138	61	61
F618_4	M2332_4	309	1274	137	137
F618_4	M2367_4	309	1222	30	30
F618_4	M444_4	309	1369	50	50
F618_4	M832_4	309	1313	511	511
F87_4	F1890_4	309	1236	901	1003
F87_4	F1921_4	309	1288	1214	1334
F87_4	F207_4	309	1314	441	471
F87_4	F2576_4	309	1276	1000	1083
F87_4	F5_4	309	1222	965	1054
F87_4	F618_4	309	1219	1107	1217
F87_4	F96_4	309	1333	1325	1454
F87_4	M1269_4	309	1196	1162	1287
F87_4	M1454_4	309	1412	942	1023
F87_4	M2332_4	309	1221	1007	1086
F87_4	M2367_4	309	1124	555	612
F87_4	M444_4	309	1242	850	927
F87_4	M832_4	309	1187	1141	1253
F96_4	F1890_4	309	1265	357	417
F96_4	F1921_4	309	1315	878	974
F96_4	F207_4	309	1220	79	90
F96_4	F2576_4	309	1285	451	525
F96_4	F5_4	309	1377	482	546
F96_4	F618_4	309	1143	612	692
F96_4	F87_4	309	1333	724	825
F96_4	M1269_4	309	1356	1065	1192
F96_4	M1454_4	309	1252	259	302
F96_4	M2332_4	309	1261	529	611
F96_4	M2367_4	309	1272	135	161
F96_4	M444_4	309	1314	253	292
F96_4	M832_4	309	1329	1064	1240
M1269_4	F1890_4	309	1280	317	317
M1269_4	F1921_4	309	1282	849	849
M1269_4	F207_4	309	1322	88	88
M1269_4	F2576_4	309	1186	390	390
M1269_4	F5_4	309	1362	469	469
M1269_4	F618_4	309	1376	650	650
M1269_4	F87_4	309	1196	668	668
M1269_4	F96_4	309	1356	1268	1268
M1269_4	M1454_4	309	1265	246	246
M1269_4	M2332_4	309	1259	473	473
M1269_4	M2367_4	309	1270	108	108
M1269_4	M444_4	309	1420	277	277
M1269_4	M832_4	309	1138	870	870
M1454_4	F1890_4	309	1276	720	763
M1454_4	F1921_4	309	1188	1018	1072
M1454_4	F207_4	309	1205	240	247
M1454_4	F2576_4	309	1314	843	891
M1454_4	F5_4	309	1238	777	804
M1454_4	F618_4	309	1138	870	912
M1454_4	F87_4	309	1412	1112	1173
M1454_4	F96_4	309	1252	1229	1291
M1454_4	M1269_4	309	1265	1157	1211
M1454_4	M2332_4	309	1164	789	835
M1454_4	M2367_4	309	1329	390	416
M1454_4	M444_4	309	1145	513	532
M1454_4	M832_4	309	1304	1199	1271
M2332_4	F1890_4	309	1245	363	465
M2332_4	F1921_4	309	1208	791	1015
M2332_4	F207_4	309	1307	72	89
M2332_4	F2576_4	309	1234	433	549
M2332_4	F5_4	309	1263	424	556
M2332_4	F618_4	309	1274	621	835
M2332_4	F87_4	309	1221	662	870
M2332_4	F96_4	309	1261	1200	1537
M2332_4	M1269_4	309	1259	947	1218
M2332_4	M1454_4	309	1164	239	312
M2332_4	M2367_4	309	1227	130	161
M2332_4	M444_4	309	1171	229	296
M2332_4	M832_4	309	1218	947	1233
M2367_4	F1890_4	309	1207	219	219
M2367_4	F1921_4	309	1313	680	680
M2367_4	F207_4	309	1278	45	45
M2367_4	F2576_4	309	1314	297	297
M2367_4	F5_4	309	1210	264	264
M2367_4	F618_4	309	1222	433	433
M2367_4	F87_4	309	1124	446	446
M2367_4	F96_4	309	1272	1150	1150
M2367_4	M1269_4	309	1270	853	853
M2367_4	M1454_4	309	1329	187	187
M2367_4	M2332_4	309	1227	340	340
M2367_4	M444_4	309	1227	158	158
M2367_4	M832_4	309	1200	812	812
M444_4	F1890_4	309	1223	587	901
M444_4	F1921_4	309	1239	1014	1526
M444_4	F207_4	309	1240	173	265
M444_4	F2576_4	309	1342	757	1155
M444_4	F5_4	309	1169	622	942
M444_4	F618_4	309	1369	945	1406
M444_4	F87_4	309	1242	901	1369
M444_4	F96_4	309	1314	1277	1998
M444_4	M1269_4	309	1420	1265	1927
M444_4	M1454_4	309	1145	425	658
M444_4	M2332_4	309	1171	694	1048
M444_4	M2367_4	309	1227	241	359
M444_4	M832_4	309	1197	1075	1660
M832_4	F1890_4	309	1164	877	877
M832_4	F1921_4	309	1185	1100	1100
M832_4	F207_4	309	1289	420	420
M832_4	F2576_4	309	1218	992	992
M832_4	F5_4	309	1262	993	993
M832_4	F618_4	309	1313	1160	1160
M832_4	F87_4	309	1187	1049	1049
M832_4	F96_4	309	1329	1320	1320
M832_4	M1269_4	309	1138	1106	1106
M832_4	M1454_4	309	1304	850	850
M832_4	M2332_4	309	1218	1020	1020
M832_4	M2367_4	309	1200	548	548
M832_4	M444_4	309	1197	796	796
F1286_4	F1909_4	310	1161	507	507
F1286_4	F2470_4	310	1243	376	376
F1286_4	F281_4	310	1227	757	757
F1286_4	F855_4	310	1286	278	278
F1286_4	F858_4	310	1339	531	531
F1286_4	M1304_4	310	1147	780	780
F1286_4	M1493_4	310	1241	712	712
F1286_4	M1643_4	310	1196	142	142
F1286_4	M1700_4	310	1332	432	432
F1286_4	M171_4	310	1232	395	395
F1286_4	M1739_4	310	1296	269	269
F1286_4	M2220_4	310	1287	724	724
F1286_4	M35_4	310	1320	111	111
F1909_4	F1286_4	310	1161	492	981
F1909_4	F2470_4	310	1233	811	1659
F1909_4	F281_4	310	1271	1131	2261
F1909_4	F855_4	310	1282	734	1448
F1909_4	F858_4	310	1394	1068	2131
F1909_4	M1304_4	310	1238	1103	2132
F1909_4	M1493_4	310	1342	1147	2268
F1909_4	M1643_4	310	1190	489	981
F1909_4	M1700_4	310	1265	856	1739
F1909_4	M171_4	310	1292	884	1793
F1909_4	M1739_4	310	1382	799	1579
F1909_4	M2220_4	310	1256	1067	2115
F1909_4	M35_4	310	1281	403	806
F2470_4	F1286_4	310	1243	454	454
F2470_4	F1909_4	310	1233	859	859
F2470_4	F281_4	310	1177	983	983
F2470_4	F855_4	310	1119	577	577
F2470_4	F858_4	310	1370	923	923
F2470_4	M1304_4	310	1345	1146	1146
F2470_4	M1493_4	310	1307	1073	1073
F2470_4	M1643_4	310	1162	363	363
F2470_4	M1700_4	310	1274	777	777
F2470_4	M171_4	310	1402	861	861
F2470_4	M1739_4	310	1300	639	639
F2470_4	M2220_4	310	1316	1047	1047
F2470_4	M35_4	310	1185	281	281
F281_4	F1286_4	310	1227	446	446
F281_4	F1909_4	310	1271	913	913
F281_4	F2470_4	310	1177	661	661
F281_4	F855_4	310	1263	593	593
F281_4	F858_4	310	1338	908	908
F281_4	M1304_4	310	1238	1091	1091
F281_4	M1493_4	310	1213	975	975
F281_4	M1643_4	310	1353	420	420
F281_4	M1700_4	310	1319	772	772
F281_4	M171_4	310	1360	848	848
F281_4	M1739_4	310	1182	566	566
F281_4	M2220_4	310	1325	1082	1082
F281_4	M35_4	310	1240	309	309
F855_4	F1286_4	310	1286	780	1401
F855_4	F1909_4	310	1282	1076	1924
F855_4	F2470_4	310	1119	829	1481
F855_4	F281_4	310	1263	1171	2087
F855_4	F858_4	310	1151	984	1733
F855_4	M1304_4	310	1219	1149	2109
F855_4	M1493_4	310	1242	1119	1971
F855_4	M1643_4	310	1137	599	1062
F855_4	M1700_4	310	1348	1028	1853
F855_4	M171_4	310	1234	961	1702
F855_4	M1739_4	310	1353	897	1606
F855_4	M2220_4	310	1425	1282	2300
F855_4	M35_4	310	1424	608	1098
F858_4	F1286_4	310	1339	433	433
F858_4	F1909_4	310	1394	870	870
F858_4	F2470_4	310	1370	693	693
F858_4	F281_4	310	1338	1094	1094
F858_4	F855_4	310	1151	499	499
F858_4	M1304_4	310	1319	1097	1097
F858_4	M1493_4	310	1435	1119	1119
F858_4	M1643_4	310	1257	330	330
F858_4	M1700_4	310	1211	603	603
F858_4	M171_4	310	1355	797	797
F858_4	M1739_4	310	1402	590	590
F858_4	M2220_4	310	1253	957	957
F858_4	M35_4	310	1410	273	273
M1304_4	F1286_4	310	1147	678	678
M1304_4	F1909_4	310	1238	1038	1038
M1304_4	F2470_4	310	1345	1027	1027
M1304_4	F281_4	310	1238	1137	1137
M1304_4	F855_4	310	1219	828	828
M1304_4	F858_4	310	1319	1093	1093
M1304_4	M1493_4	310	1343	1216	1216
M1304_4	M1643_4	310	1178	640	640
M1304_4	M1700_4	310	1237	968	968
M1304_4	M171_4	310	1177	968	968
M1304_4	M1739_4	310	1095	780	780
M1304_4	M2220_4	310	1211	1104	1104
M1304_4	M35_4	310	1212	542	542
M1493_4	F1286_4	310	1241	726	726
M1493_4	F1909_4	310	1342	1122	1122
M1493_4	F2470_4	310	1307	995	995
M1493_4	F281_4	310	1213	1138	1138
M1493_4	F855_4	310	1242	891	891
M1493_4	F858_4	310	1435	1234	1234
M1493_4	M1304_4	310	1343	1269	1269
M1493_4	M1643_4	310	1287	716	716
M1493_4	M1700_4	310	1098	883	883
M1493_4	M171_4	310	1305	1053	1053
M1493_4	M1739_4	310	1282	903	903
M1493_4	M2220_4	310	1230	1129	1129
M1493_4	M35_4	310	1219	530	530
M1643_4	F1286_4	310	1196	661	661
M1643_4	F1909_4	310	1190	997	997
M1643_4	F2470_4	310	1162	870	870
M1643_4	F281_4	310	1353	1235	1235
M1643_4	F855_4	310	1137	788	788
M1643_4	F858_4	310	1257	1059	1059
M1643_4	M1304_4	310	1178	1113	1113
M1643_4	M1493_4	310	1287	1160	1160
M1643_4	M1700_4	310	1219	919	919
M1643_4	M171_4	310	1160	939	939
M1643_4	M1739_4	310	1311	914	914
M1643_4	M2220_4	310	1180	1062	1062
M1643_4	M35_4	310	1284	546	546
M1700_4	F1286_4	310	1332	97	97
M1700_4	F1909_4	310	1265	329	329
M1700_4	F2470_4	310	1274	221	221
M1700_4	F281_4	310	1319	588	588
M1700_4	F855_4	310	1348	171	171
M1700_4	F858_4	310	1211	324	324
M1700_4	M1304_4	310	1237	627	627
M1700_4	M1493_4	310	1098	443	443
M1700_4	M1643_4	310	1219	79	79
M1700_4	M171_4	310	1218	247	247
M1700_4	M1739_4	310	1331	163	163
M1700_4	M2220_4	310	1203	469	469
M1700_4	M35_4	310	1277	77	77
M171_4	F1286_4	310	1232	122	122
M171_4	F1909_4	310	1292	409	409
M171_4	F2470_4	310	1402	286	286
M171_4	F281_4	310	1360	705	705
M171_4	F855_4	310	1234	179	179
M171_4	F858_4	310	1355	427	427
M171_4	M1304_4	310	1177	683	683
M171_4	M1493_4	310	1305	618	618
M171_4	M1643_4	310	1160	84	84
M171_4	M1700_4	310	1218	256	256
M171_4	M1739_4	310	1214	179	179
M171_4	M2220_4	310	1191	513	513
M171_4	M35_4	310	1197	69	69
M1739_4	F1286_4	310	1296	750	750
M1739_4	F1909_4	310	1382	1153	1153
M1739_4	F2470_4	310	1300	997	997
M1739_4	F281_4	310	1182	1099	1099
M1739_4	F855_4	310	1353	934	934
M1739_4	F858_4	310	1402	1201	1201
M1739_4	M1304_4	310	1095	1030	1030
M1739_4	M1493_4	310	1282	1169	1169
M1739_4	M1643_4	310	1311	716	716
M1739_4	M1700_4	310	1331	1016	1016
M1739_4	M171_4	310	1214	981	981
M1739_4	M2220_4	310	1226	1092	1092
M1739_4	M35_4	310	1372	620	620
M2220_4	F1286_4	310	1287	842	1281
M2220_4	F1909_4	310	1256	1084	1684
M2220_4	F2470_4	310	1316	1064	1661
M2220_4	F281_4	310	1325	1247	1895
M2220_4	F855_4	310	1425	1031	1573
M2220_4	F858_4	310	1253	1093	1658
M2220_4	M1304_4	310	1211	1143	1759
M2220_4	M1493_4	310	1230	1135	1747
M2220_4	M1643_4	310	1180	719	1104
M2220_4	M1700_4	310	1203	978	1485
M2220_4	M171_4	310	1191	978	1497
M2220_4	M1739_4	310	1226	913	1379
M2220_4	M35_4	310	1359	683	1059
M35_4	F1286_4	310	1320	221	221
M35_4	F1909_4	310	1281	613	613
M35_4	F2470_4	310	1185	393	393
M35_4	F281_4	310	1240	830	830
M35_4	F855_4	310	1424	392	392
M35_4	F858_4	310	1410	685	685
M35_4	M1304_4	310	1212	881	881
M35_4	M1493_4	310	1219	776	776
M35_4	M1643_4	310	1284	218	218
M35_4	M1700_4	310	1277	447	447
M35_4	M171_4	310	1197	496	496
M35_4	M1739_4	310	1372	394	394
M35_4	M2220_4	310	1359	850	850
F1011_4	F1274_4	311	1109	515	515
F1011_4	F1602_4	311	1286	53	53
F1011_4	F1883_4	311	1356	1235	1235
F1011_4	F2012_4	311	1385	97	97
F1011_4	F2137_4	311	1321	312	312
F1011_4	F2313_4	311	1044	744	744
F1011_4	F439_4	311	1281	1167	1167
F1011_4	M1066_4	311	1247	404	404
F1011_4	M1166_4	311	1384	402	402
F1011_4	M1718_4	311	1281	959	959
F1011_4	M1777_4	311	1361	333	333
F1011_4	M2470_4	311	1243	476	476
F1011_4	M446_4	311	1222	779	779
F1274_4	F1011_4	311	1109	1019	1200
F1274_4	F1602_4	311	1355	659	773
F1274_4	F1883_4	311	1165	1161	1368
F1274_4	F2012_4	311	1301	865	1052
F1274_4	F2137_4	311	1279	1129	1352
F1274_4	F2313_4	311	1283	1259	1522
F1274_4	F439_4	311	1166	1159	1380
F1274_4	M1066_4	311	1431	1325	1572
F1274_4	M1166_4	311	1299	1194	1420
F1274_4	M1718_4	311	1314	1288	1530
F1274_4	M1777_4	311	1260	1134	1349
F1274_4	M2470_4	311	1266	1194	1422
F1274_4	M446_4	311	1183	1153	1354
F1602_4	F1011_4	311	1286	739	739
F1602_4	F1274_4	311	1355	1008	1008
F1602_4	F1883_4	311	1305	1281	1281
F1602_4	F2012_4	311	1175	242	242
F1602_4	F2137_4	311	1203	586	586
F1602_4	F2313_4	311	1130	1009	1009
F1602_4	F439_4	311	1193	1156	1156
F1602_4	M1066_4	311	1380	823	823
F1602_4	M1166_4	311	1247	723	723
F1602_4	M1718_4	311	1266	1142	1142
F1602_4	M1777_4	311	1181	593	593
F1602_4	M2470_4	311	1355	884	884
F1602_4	M446_4	311	1208	1041	1041
F1883_4	F1011_4	311	1356	718	718
F1883_4	F1274_4	311	1165	806	806
F1883_4	F1602_4	311	1305	138	138
F1883_4	F2012_4	311	1162	191	191
F1883_4	F2137_4	311	1283	555	555
F1883_4	F2313_4	311	1328	1146	1146
F1883_4	F439_4	311	1407	1361	1361
F1883_4	M1066_4	311	1285	695	695
F1883_4	M1166_4	311	1165	579	579
F1883_4	M1718_4	311	1148	1022	1022
F1883_4	M1777_4	311	1115	522	522
F1883_4	M2470_4	311	1258	775	775
F1883_4	M446_4	311	1247	1020	1020
F2012_4	F1011_4	311	1385	705	705
F2012_4	F1274_4	311	1301	885	885
F2012_4	F1602_4	311	1175	95	95
F2012_4	F1883_4	311	1162	1107	1107
F2012_4	F2137_4	311	1322	517	517
F2012_4	F2313_4	311	1223	1053	1053
F2012_4	F439_4	311	1211	1159	1159
F2012_4	M1066_4	311	1156	578	578
F2012_4	M1166_4	311	1182	590	590
F2012_4	M1718_4	311	1229	1089	1089
F2012_4	M1777_4	311	1336	573	573
F2012_4	M2470_4	311	1103	651	651
F2012_4	M446_4	311	1196	965	965
F2137_4	F1011_4	311	1321	875	875
F2137_4	F1274_4	311	1279	996	996
F2137_4	F1602_4	311	1203	179	179
F2137_4	F1883_4	311	1283	1260	1260
F2137_4	F2012_4	311	1322	294	294
F2137_4	F2313_4	311	1425	1313	1313
F2137_4	F439_4	311	1344	1323	1323
F2137_4	M1066_4	311	1279	918	918
F2137_4	M1166_4	311	1287	851	851
F2137_4	M1718_4	311	1329	1236	1236
F2137_4	M1777_4	311	1179	716	716
F2137_4	M2470_4	311	1139	841	841
F2137_4	M446_4	311	1360	1207	1207
F2313_4	F1011_4	311	1044	770	770
F2313_4	F1274_4	311	1283	1077	1077
F2313_4	F1602_4	311	1130	225	225
F2313_4	F1883_4	311	1328	1304	1304
F2313_4	F2012_4	311	1223	396	396
F2313_4	F2137_4	311	1425	931	931
F2313_4	F439_4	311	1173	1150	1150
F2313_4	M1066_4	311	1357	1002	1002
F2313_4	M1166_4	311	1235	895	895
F2313_4	M1718_4	311	1249	1194	1194
F2313_4	M1777_4	311	1293	873	873
F2313_4	M2470_4	311	1306	1026	1026
F2313_4	M446_4	311	1226	1126	1126
F439_4	F1011_4	311	1281	724	724
F439_4	F1274_4	311	1166	833	833
F439_4	F1602_4	311	1193	125	125
F439_4	F1883_4	311	1407	1365	1365
F439_4	F2012_4	311	1211	207	207
F439_4	F2137_4	311	1344	639	639
F439_4	F2313_4	311	1173	1034	1034
F439_4	M1066_4	311	1347	792	792
F439_4	M1166_4	311	1300	723	723
F439_4	M1718_4	311	1333	1198	1198
F439_4	M1777_4	311	1087	539	539
F439_4	M2470_4	311	1242	833	833
F439_4	M446_4	311	1248	1076	1076
M1066_4	F1011_4	311	1247	322	322
M1066_4	F1274_4	311	1431	535	535
M1066_4	F1602_4	311	1380	47	47
M1066_4	F1883_4	311	1285	1146	1146
M1066_4	F2012_4	311	1156	60	60
M1066_4	F2137_4	311	1279	224	224
M1066_4	F2313_4	311	1357	906	906
M1066_4	F439_4	311	1347	1185	1185
M1066_4	M1166_4	311	1185	282	282
M1066_4	M1718_4	311	1279	861	861
M1066_4	M1777_4	311	1115	193	193
M1066_4	M2470_4	311	1206	346	346
M1066_4	M446_4	311	1446	847	847
M1166_4	F1011_4	311	1384	158	202
M1166_4	F1274_4	311	1299	260	362
M1166_4	F1602_4	311	1247	12	16
M1166_4	F1883_4	311	1165	911	1206
M1166_4	F2012_4	311	1182	30	39
M1166_4	F2137_4	311	1287	96	129
M1166_4	F2313_4	311	1235	540	693
M1166_4	F439_4	311	1300	990	1278
M1166_4	M1066_4	311	1185	162	212
M1166_4	M1718_4	311	1219	626	849
M1166_4	M1777_4	311	1203	128	171
M1166_4	M2470_4	311	1266	220	305
M1166_4	M446_4	311	1258	461	612
M1718_4	F1011_4	311	1281	889	889
M1718_4	F1274_4	311	1314	1056	1056
M1718_4	F1602_4	311	1266	211	211
M1718_4	F1883_4	311	1148	1129	1129
M1718_4	F2012_4	311	1229	343	343
M1718_4	F2137_4	311	1329	821	821
M1718_4	F2313_4	311	1249	1166	1166
M1718_4	F439_4	311	1333	1308	1308
M1718_4	M1066_4	311	1279	903	903
M1718_4	M1166_4	311	1219	838	838
M1718_4	M1777_4	311	1274	830	830
M1718_4	M2470_4	311	1201	925	925
M1718_4	M446_4	311	1335	1202	1202
M1777_4	F1011_4	311	1361	1088	1088
M1777_4	F1274_4	311	1260	1105	1105
M1777_4	F1602_4	311	1181	324	324
M1777_4	F1883_4	311	1115	1107	1107
M1777_4	F2012_4	311	1336	512	512
M1777_4	F2137_4	311	1179	849	849
M1777_4	F2313_4	311	1293	1240	1240
M1777_4	F439_4	311	1087	1077	1077
M1777_4	M1066_4	311	1115	906	906
M1777_4	M1166_4	311	1203	937	937
M1777_4	M1718_4	311	1274	1220	1220
M1777_4	M2470_4	311	1340	1124	1124
M1777_4	M446_4	311	1263	1177	1177
M2470_4	F1011_4	311	1243	1098	1098
M2470_4	F1274_4	311	1266	1198	1198
M2470_4	F1602_4	311	1355	596	596
M2470_4	F1883_4	311	1258	1251	1251
M2470_4	F2012_4	311	1103	643	643
M2470_4	F2137_4	311	1139	970	970
M2470_4	F2313_4	311	1306	1279	1279
M2470_4	F439_4	311	1242	1237	1237
M2470_4	M1066_4	311	1206	1062	1062
M2470_4	M1166_4	311	1266	1109	1109
M2470_4	M1718_4	311	1201	1186	1186
M2470_4	M1777_4	311	1340	1154	1154
M2470_4	M446_4	311	1232	1203	1203
M446_4	F1011_4	311	1222	1115	1607
M446_4	F1274_4	311	1183	1108	1554
M446_4	F1602_4	311	1208	548	794
M446_4	F1883_4	311	1247	1241	1804
M446_4	F2012_4	311	1196	699	1023
M446_4	F2137_4	311	1360	1197	1767
M446_4	F2313_4	311	1226	1202	1752
M446_4	F439_4	311	1248	1245	1774
M446_4	M1066_4	311	1446	1325	1952
M446_4	M1166_4	311	1258	1120	1638
M446_4	M1718_4	311	1335	1308	1923
M446_4	M1777_4	311	1263	1096	1604
M446_4	M2470_4	311	1232	1148	1706
F133_4	F1433_4	312	1300	522	907
F133_4	F1836_4	312	1315	397	706
F133_4	F1888_4	312	1161	74	127
F133_4	F2341_4	312	1119	220	381
F133_4	F794_4	312	1238	70	129
F133_4	M110_4	312	1446	162	293
F133_4	M1352_4	312	1124	171	282
F133_4	M2039_4	312	1229	779	1357
F133_4	M2186_4	312	1222	137	244
F133_4	M2215_4	312	1165	594	994
F133_4	M2399_4	312	1280	28	52
F133_4	M2649_4	312	1254	42	63
F133_4	M2657_4	312	1480	752	1270
F1433_4	F133_4	312	1300	231	315
F1433_4	F1836_4	312	1259	367	521
F1433_4	F1888_4	312	1180	87	121
F1433_4	F2341_4	312	1290	270	370
F1433_4	F794_4	312	1312	89	132
F1433_4	M110_4	312	1142	111	161
F1433_4	M1352_4	312	1348	215	305
F1433_4	M2039_4	312	1356	854	1207
F1433_4	M2186_4	312	1235	157	218
F1433_4	M2215_4	312	1237	630	906
F1433_4	M2399_4	312	1333	22	28
F1433_4	M2649_4	312	1319	47	66
F1433_4	M2657_4	312	1224	622	878
F1836_4	F133_4	312	1315	492	492
F1836_4	F1433_4	312	1259	758	758
F1836_4	F1888_4	312	1243	177	177
F1836_4	F2341_4	312	1189	433	433
F1836_4	F794_4	312	1356	187	187
F1836_4	M110_4	312	1333	265	265
F1836_4	M1352_4	312	1208	378	378
F1836_4	M2039_4	312	1201	924	924
F1836_4	M2186_4	312	1223	297	297
F1836_4	M2215_4	312	1213	865	865
F1836_4	M2399_4	312	1312	47	47
F1836_4	M2649_4	312	1204	80	80
F1836_4	M2657_4	312	1319	908	908
F1888_4	F133_4	312	1161	203	271
F1888_4	F1433_4	312	1180	413	559
F1888_4	F1836_4	312	1243	341	441
F1888_4	F2341_4	312	1379	225	288
F1888_4	F794_4	312	1386	86	106
F1888_4	M110_4	312	1396	110	152
F1888_4	M1352_4	312	1224	179	238
F1888_4	M2039_4	312	1141	665	890
F1888_4	M2186_4	312	1290	137	186
F1888_4	M2215_4	312	1261	567	752
F1888_4	M2399_4	312	1090	12	14
F1888_4	M2649_4	312	1317	32	48
F1888_4	M2657_4	312	1182	546	736
F2341_4	F133_4	312	1119	701	1474
F2341_4	F1433_4	312	1290	1050	2179
F2341_4	F1836_4	312	1189	871	1837
F2341_4	F1888_4	312	1379	451	938
F2341_4	F794_4	312	1121	349	722
F2341_4	M110_4	312	1160	504	1030
F2341_4	M1352_4	312	1320	740	1535
F2341_4	M2039_4	312	1316	1190	2440
F2341_4	M2186_4	312	1314	595	1256
F2341_4	M2215_4	312	1142	998	2096
F2341_4	M2399_4	312	1217	135	275
F2341_4	M2649_4	312	1187	223	461
F2341_4	M2657_4	312	1366	1195	2421
F794_4	F133_4	312	1238	882	2998
F794_4	F1433_4	312	1312	1151	3877
F794_4	F1836_4	312	1356	1094	3506
F794_4	F1888_4	312	1386	525	1715
F794_4	F2341_4	312	1121	775	2584
F794_4	M110_4	312	1220	646	2236
F794_4	M1352_4	312	1188	753	2461
F794_4	M2039_4	312	1370	1288	4323
F794_4	M2186_4	312	1321	748	2537
F794_4	M2215_4	312	1107	1010	3365
F794_4	M2399_4	312	1370	218	700
F794_4	M2649_4	312	1237	278	921
F794_4	M2657_4	312	1214	1108	3687
M110_4	F133_4	312	1446	557	557
M110_4	F1433_4	312	1142	746	746
M110_4	F1836_4	312	1333	723	723
M110_4	F1888_4	312	1396	220	220
M110_4	F2341_4	312	1160	457	457
M110_4	F794_4	312	1220	191	191
M110_4	M1352_4	312	1199	369	369
M110_4	M2039_4	312	1316	1084	1084
M110_4	M2186_4	312	1284	334	334
M110_4	M2215_4	312	1163	848	848
M110_4	M2399_4	312	1107	39	39
M110_4	M2649_4	312	1179	87	87
M110_4	M2657_4	312	1267	909	909
M1352_4	F133_4	312	1124	953	2392
M1352_4	F1433_4	312	1348	1290	3164
M1352_4	F1836_4	312	1208	1103	2752
M1352_4	F1888_4	312	1224	796	1933
M1352_4	F2341_4	312	1320	1136	2714
M1352_4	F794_4	312	1188	741	1786
M1352_4	M110_4	312	1199	885	2177
M1352_4	M2039_4	312	1129	1101	2728
M1352_4	M2186_4	312	1284	996	2436
M1352_4	M2215_4	312	1137	1096	2603
M1352_4	M2399_4	312	1207	408	988
M1352_4	M2649_4	312	1252	601	1397
M1352_4	M2657_4	312	1310	1272	3168
M2039_4	F133_4	312	1229	1195	2316
M2039_4	F1433_4	312	1356	1341	2607
M2039_4	F1836_4	312	1201	1183	2264
M2039_4	F1888_4	312	1141	1027	2038
M2039_4	F2341_4	312	1316	1274	2472
M2039_4	F794_4	312	1370	1247	2414
M2039_4	M110_4	312	1316	1235	2332
M2039_4	M1352_4	312	1129	1081	2067
M2039_4	M2186_4	312	1284	1224	2407
M2039_4	M2215_4	312	1127	1115	2123
M2039_4	M2399_4	312	1172	843	1655
M2039_4	M2649_4	312	1322	1079	2072
M2039_4	M2657_4	312	1049	1043	2051
M2186_4	F133_4	312	1222	400	400
M2186_4	F1433_4	312	1235	739	739
M2186_4	F1836_4	312	1223	556	556
M2186_4	F1888_4	312	1290	154	154
M2186_4	F2341_4	312	1314	423	423
M2186_4	F794_4	312	1321	154	154
M2186_4	M110_4	312	1284	218	218
M2186_4	M1352_4	312	1284	343	343
M2186_4	M2039_4	312	1284	963	963
M2186_4	M2215_4	312	1274	848	848
M2186_4	M2399_4	312	1106	37	37
M2186_4	M2649_4	312	1357	82	82
M2186_4	M2657_4	312	1274	865	865
M2215_4	F133_4	312	1165	200	324
M2215_4	F1433_4	312	1237	417	685
M2215_4	F1836_4	312	1213	334	521
M2215_4	F1888_4	312	1261	63	102
M2215_4	F2341_4	312	1142	179	306
M2215_4	F794_4	312	1107	57	101
M2215_4	M110_4	312	1163	87	154
M2215_4	M1352_4	312	1137	145	223
M2215_4	M2039_4	312	1127	644	1058
M2215_4	M2186_4	312	1274	108	175
M2215_4	M2399_4	312	1414	19	34
M2215_4	M2649_4	312	1320	29	48
M2215_4	M2657_4	312	1238	562	925
M2399_4	F133_4	312	1280	483	774
M2399_4	F1433_4	312	1333	831	1329
M2399_4	F1836_4	312	1312	696	1136
M2399_4	F1888_4	312	1090	164	258
M2399_4	F2341_4	312	1217	468	787
M2399_4	F794_4	312	1370	182	288
M2399_4	M110_4	312	1107	226	381
M2399_4	M1352_4	312	1207	352	587
M2399_4	M2039_4	312	1172	935	1470
M2399_4	M2186_4	312	1106	272	472
M2399_4	M2215_4	312	1414	982	1615
M2399_4	M2649_4	312	1291	93	147
M2399_4	M2657_4	312	1228	865	1393
M2649_4	F133_4	312	1254	1046	3717
M2649_4	F1433_4	312	1319	1236	4355
M2649_4	F1836_4	312	1204	1064	3688
M2649_4	F1888_4	312	1317	747	2617
M2649_4	F2341_4	312	1187	959	3370
M2649_4	F794_4	312	1237	715	2576
M2649_4	M110_4	312	1179	804	2847
M2649_4	M1352_4	312	1252	978	3475
M2649_4	M2039_4	312	1322	1288	4472
M2649_4	M2186_4	312	1357	977	3372
M2649_4	M2215_4	312	1320	1267	4511
M2649_4	M2399_4	312	1291	364	1280
M2649_4	M2657_4	312	1253	1182	4186
M2657_4	F133_4	312	1480	898	898
M2657_4	F1433_4	312	1224	1001	1001
M2657_4	F1836_4	312	1319	986	986
M2657_4	F1888_4	312	1182	372	372
M2657_4	F2341_4	312	1366	850	850
M2657_4	F794_4	312	1214	381	381
M2657_4	M110_4	312	1267	556	556
M2657_4	M1352_4	312	1310	718	718
M2657_4	M2039_4	312	1049	956	956
M2657_4	M2186_4	312	1274	608	608
M2657_4	M2215_4	312	1238	1097	1097
M2657_4	M2399_4	312	1228	127	127
M2657_4	M2649_4	312	1253	227	227
F1452_4	F1596_4	313	1096	174	174
F1452_4	F1774_4	313	1285	61	61
F1452_4	F1808_4	313	1292	931	931
F1452_4	F2087_4	313	1320	364	364
F1452_4	F2241_4	313	1397	272	272
F1452_4	F612_4	313	1381	551	551
F1452_4	F745_4	313	1381	223	223
F1452_4	F957_4	313	1278	981	981
F1452_4	M1731_4	313	1246	34	34
F1452_4	M2140_4	313	1364	1177	1177
F1452_4	M2544_4	313	1263	135	135
F1452_4	M2549_4	313	1292	1077	1077
F1452_4	M452_4	313	1099	1003	1003
F1596_4	F1452_4	313	1096	922	922
F1596_4	F1774_4	313	1137	473	473
F1596_4	F1808_4	313	1196	1162	1162
F1596_4	F2087_4	313	1305	1108	1108
F1596_4	F2241_4	313	1202	904	904
F1596_4	F612_4	313	1205	1110	1110
F1596_4	F745_4	313	1184	830	830
F1596_4	F957_4	313	1323	1291	1291
F1596_4	M1731_4	313	1329	378	378
F1596_4	M2140_4	313	1258	1243	1243
F1596_4	M2544_4	313	1255	797	797
F1596_4	M2549_4	313	1247	1230	1230
F1596_4	M452_4	313	1411	1407	1407
F1774_4	F1452_4	313	1285	1111	1111
F1774_4	F1596_4	313	1137	764	764
F1774_4	F1808_4	313	1184	1155	1155
F1774_4	F2087_4	313	1392	1173	1173
F1774_4	F2241_4	313	1378	1013	1013
F1774_4	F612_4	313	1215	1081	1081
F1774_4	F745_4	313	1269	887	887
F1774_4	F957_4	313	1280	1257	1257
F1774_4	M1731_4	313	1378	379	379
F1774_4	M2140_4	313	1352	1337	1337
F1774_4	M2544_4	313	1291	766	766
F1774_4	M2549_4	313	1383	1362	1362
F1774_4	M452_4	313	1286	1278	1278
F1808_4	F1452_4	313	1292	370	426
F1808_4	F1596_4	313	1196	129	151
F1808_4	F1774_4	313	1184	61	71
F1808_4	F2087_4	313	1115	251	279
F1808_4	F2241_4	313	1220	199	224
F1808_4	F612_4	313	1327	467	521
F1808_4	F745_4	313	1300	157	186
F1808_4	F957_4	313	1228	859	951
F1808_4	M1731_4	313	1192	41	49
F1808_4	M2140_4	313	1240	1018	1160
F1808_4	M2544_4	313	1227	92	105
F1808_4	M2549_4	313	1315	1052	1178
F1808_4	M452_4	313	1286	1175	1322
F2087_4	F1452_4	313	1320	859	1816
F2087_4	F1596_4	313	1305	492	1083
F2087_4	F1774_4	313	1392	207	445
F2087_4	F1808_4	313	1115	1004	2146
F2087_4	F2241_4	313	1173	526	1165
F2087_4	F612_4	313	1209	822	1740
F2087_4	F745_4	313	1409	505	1086
F2087_4	F957_4	313	1249	1141	2384
F2087_4	M1731_4	313	1340	123	247
F2087_4	M2140_4	313	1150	1090	2331
F2087_4	M2544_4	313	1218	336	712
F2087_4	M2549_4	313	1203	1148	2455
F2087_4	M452_4	313	1262	1233	2587
F2241_4	F1452_4	313	1397	1128	1128
F2241_4	F1596_4	313	1202	737	737
F2241_4	F1774_4	313	1378	503	503
F2241_4	F1808_4	313	1220	1169	1169
F2241_4	F2087_4	313	1173	936	936
F2241_4	F612_4	313	1270	1099	1099
F2241_4	F745_4	313	1306	865	865
F2241_4	F957_4	313	1308	1266	1266
F2241_4	M1731_4	313	1201	306	306
F2241_4	M2140_4	313	1275	1246	1246
F2241_4	M2544_4	313	1293	692	692
F2241_4	M2549_4	313	1443	1420	1420
F2241_4	M452_4	313	1158	1147	1147
F612_4	F1452_4	313	1381	160	326
F612_4	F1596_4	313	1205	66	114
F612_4	F1774_4	313	1215	19	37
F612_4	F1808_4	313	1327	521	1063
F612_4	F2087_4	313	1209	112	212
F612_4	F2241_4	313	1270	69	147
F612_4	F745_4	313	1326	65	134
F612_4	F957_4	313	1224	566	1137
F612_4	M1731_4	313	1199	9	22
F612_4	M2140_4	313	1365	807	1593
F612_4	M2544_4	313	1195	35	73
F612_4	M2549_4	313	1359	812	1645
F612_4	M452_4	313	1125	856	1730
F745_4	F1452_4	313	1381	1200	1784
F745_4	F1596_4	313	1184	815	1247
F745_4	F1774_4	313	1269	523	755
F745_4	F1808_4	313	1300	1258	1906
F745_4	F2087_4	313	1409	1181	1784
F745_4	F2241_4	313	1306	994	1469
F745_4	F612_4	313	1326	1195	1826
F745_4	F957_4	313	1240	1204	1811
F745_4	M1731_4	313	1235	346	535
F745_4	M2140_4	313	1382	1368	2030
F745_4	M2544_4	313	1332	851	1302
F745_4	M2549_4	313	1360	1339	2021
F745_4	M452_4	313	1242	1235	1859
F957_4	F1452_4	313	1278	896	944
F957_4	F1596_4	313	1323	605	629
F957_4	F1774_4	313	1280	266	285
F957_4	F1808_4	313	1228	1146	1197
F957_4	F2087_4	313	1249	892	936
F957_4	F2241_4	313	1308	725	762
F957_4	F612_4	313	1224	966	1007
F957_4	F745_4	313	1240	576	603
F957_4	M1731_4	313	1211	140	147
F957_4	M2140_4	313	1202	1153	1216
F957_4	M2544_4	313	1286	492	512
F957_4	M2549_4	313	1195	1143	1207
F957_4	M452_4	313	1174	1155	1205
M1731_4	F1452_4	313	1246	787	2446
M1731_4	F1596_4	313	1329	498	1554
M1731_4	F1774_4	313	1378	235	739
M1731_4	F1808_4	313	1192	1097	3404
M1731_4	F2087_4	313	1340	784	2474
M1731_4	F2241_4	313	1201	566	1782
M1731_4	F612_4	313	1199	872	2734
M1731_4	F745_4	313	1235	478	1441
M1731_4	F957_4	313	1211	1125	3436
M1731_4	M2140_4	313	1241	1190	3637
M1731_4	M2544_4	313	1282	355	1086
M1731_4	M2549_4	313	1316	1250	3860
M1731_4	M452_4	313	1269	1246	3770
M2140_4	F1452_4	313	1364	771	2293
M2140_4	F1596_4	313	1258	415	1263
M2140_4	F1774_4	313	1352	190	584
M2140_4	F1808_4	313	1240	1078	3292
M2140_4	F2087_4	313	1150	623	1862
M2140_4	F2241_4	313	1275	512	1556
M2140_4	F612_4	313	1365	868	2595
M2140_4	F745_4	313	1382	444	1387
M2140_4	F957_4	313	1202	1079	3201
M2140_4	M1731_4	313	1241	91	285
M2140_4	M2544_4	313	1365	338	1004
M2140_4	M2549_4	313	1431	1325	4046
M2140_4	M452_4	313	1176	1150	3420
M2544_4	F1452_4	313	1263	1182	1683
M2544_4	F1596_4	313	1255	1052	1501
M2544_4	F1774_4	313	1291	792	1131
M2544_4	F1808_4	313	1227	1216	1748
M2544_4	F2087_4	313	1218	1130	1618
M2544_4	F2241_4	313	1293	1139	1631
M2544_4	F612_4	313	1195	1128	1598
M2544_4	F745_4	313	1332	1132	1626
M2544_4	F957_4	313	1286	1276	1833
M2544_4	M1731_4	313	1282	622	883
M2544_4	M2140_4	313	1365	1359	1996
M2544_4	M2549_4	313	1275	1263	1830
M2544_4	M452_4	313	1289	1285	1831
M2549_4	F1452_4	313	1292	733	1999
M2549_4	F1596_4	313	1247	391	1084
M2549_4	F1774_4	313	1383	178	467
M2549_4	F1808_4	313	1315	1150	3026
M2549_4	F2087_4	313	1203	639	1780
M2549_4	F2241_4	313	1443	598	1634
M2549_4	F612_4	313	1359	893	2415
M2549_4	F745_4	313	1360	468	1251
M2549_4	F957_4	313	1195	1097	2979
M2549_4	M1731_4	313	1316	106	267
M2549_4	M2140_4	313	1431	1346	3617
M2549_4	M2544_4	313	1275	323	890
M2549_4	M452_4	313	1166	1131	3050
M452_4	F1452_4	313	1099	471	473
M452_4	F1596_4	313	1411	309	309
M452_4	F1774_4	313	1286	92	92
M452_4	F1808_4	313	1286	1035	1035
M452_4	F2087_4	313	1262	484	484
M452_4	F2241_4	313	1158	326	326
M452_4	F612_4	313	1125	561	562
M452_4	F745_4	313	1242	283	283
M452_4	F957_4	313	1174	973	975
M452_4	M1731_4	313	1269	52	52
M452_4	M2140_4	313	1176	1045	1046
M452_4	M2544_4	313	1289	191	191
M452_4	M2549_4	313	1166	1031	1031
F1864_4	F2151_4	314	1202	1197	1197
F1864_4	F2383_4	314	1319	1102	1102
F1864_4	F2530_4	314	1309	1278	1278
F1864_4	M1026_4	314	1114	1043	1043
F1864_4	M1276_4	314	1247	1240	1240
F1864_4	M1807_4	314	1249	1246	1246
F1864_4	M1960_4	314	1180	1166	1166
F1864_4	M1978_4	314	1243	1222	1222
F1864_4	M1994_4	314	1284	817	817
F1864_4	M1996_4	314	1345	1296	1296
F1864_4	M2508_4	314	1248	1245	1245
F1864_4	M2616_4	314	1342	1200	1200
F1864_4	M270_4	314	1357	1231	1231
F2151_4	F1864_4	314	1202	641	1590
F2151_4	F2383_4	314	1057	62	132
F2151_4	F2530_4	314	1146	342	852
F2151_4	M1026_4	314	1328	188	451
F2151_4	M1276_4	314	1218	694	1722
F2151_4	M1807_4	314	1227	901	2203
F2151_4	M1960_4	314	1332	742	1881
F2151_4	M1978_4	314	1410	545	1419
F2151_4	M1994_4	314	1343	27	56
F2151_4	M1996_4	314	1401	266	650
F2151_4	M2508_4	314	1251	999	2455
F2151_4	M2616_4	314	1325	121	318
F2151_4	M270_4	314	1216	135	357
F2383_4	F1864_4	314	1319	857	857
F2383_4	F2151_4	314	1057	654	654
F2383_4	F2530_4	314	1408	527	527
F2383_4	M1026_4	314	1357	246	246
F2383_4	M1276_4	314	1290	889	889
F2383_4	M1807_4	314	1312	1083	1083
F2383_4	M1960_4	314	1332	877	877
F2383_4	M1978_4	314	1217	596	596
F2383_4	M1994_4	314	1329	39	39
F2383_4	M1996_4	314	1201	308	308
F2383_4	M2508_4	314	1253	1083	1083
F2383_4	M2616_4	314	1140	153	153
F2383_4	M270_4	314	1208	169	169
F2530_4	F1864_4	314	1309	555	934
F2530_4	F2151_4	314	1146	432	740
F2530_4	F2383_4	314	1408	51	88
F2530_4	M1026_4	314	1280	80	145
F2530_4	M1276_4	314	1233	541	948
F2530_4	M1807_4	314	1304	805	1378
F2530_4	M1960_4	314	1265	516	872
F2530_4	M1978_4	314	1244	336	583
F2530_4	M1994_4	314	1340	14	27
F2530_4	M1996_4	314	1273	150	238
F2530_4	M2508_4	314	1227	856	1459
F2530_4	M2616_4	314	1415	68	121
F2530_4	M270_4	314	1262	91	144
M1026_4	F1864_4	314	1114	1060	1060
M1026_4	F2151_4	314	1328	1249	1249
M1026_4	F2383_4	314	1357	664	664
M1026_4	F2530_4	314	1280	1111	1111
M1026_4	M1276_4	314	1276	1224	1224
M1026_4	M1807_4	314	1199	1173	1173
M1026_4	M1960_4	314	1223	1172	1172
M1026_4	M1978_4	314	1293	1194	1194
M1026_4	M1994_4	314	1282	339	339
M1026_4	M1996_4	314	1332	1048	1048
M1026_4	M2508_4	314	1249	1224	1224
M1026_4	M2616_4	314	1377	869	869
M1026_4	M270_4	314	1299	862	862
M1276_4	F1864_4	314	1247	806	819
M1276_4	F2151_4	314	1218	761	778
M1276_4	F2383_4	314	1290	106	108
M1276_4	F2530_4	314	1233	502	506
M1276_4	M1026_4	314	1276	244	251
M1276_4	M1807_4	314	1285	1044	1063
M1276_4	M1960_4	314	1302	854	871
M1276_4	M1978_4	314	1246	615	629
M1276_4	M1994_4	314	1179	37	38
M1276_4	M1996_4	314	1239	334	347
M1276_4	M2508_4	314	1204	1041	1065
M1276_4	M2616_4	314	1284	177	178
M1276_4	M270_4	314	1147	150	151
M1807_4	F1864_4	314	1249	1200	1200
M1807_4	F2151_4	314	1227	1170	1170
M1807_4	F2383_4	314	1312	644	644
M1807_4	F2530_4	314	1304	1128	1128
M1807_4	M1026_4	314	1199	845	845
M1807_4	M1276_4	314	1285	1241	1241
M1807_4	M1960_4	314	1264	1202	1202
M1807_4	M1978_4	314	1229	1136	1136
M1807_4	M1994_4	314	1240	279	279
M1807_4	M1996_4	314	1298	1047	1047
M1807_4	M2508_4	314	1110	1097	1097
M1807_4	M2616_4	314	1404	840	840
M1807_4	M270_4	314	1195	769	769
M1960_4	F1864_4	314	1180	851	851
M1960_4	F2151_4	314	1332	879	879
M1960_4	F2383_4	314	1332	118	118
M1960_4	F2530_4	314	1265	578	578
M1960_4	M1026_4	314	1223	279	279
M1960_4	M1276_4	314	1302	945	945
M1960_4	M1807_4	314	1264	1053	1053
M1960_4	M1978_4	314	1209	704	704
M1960_4	M1994_4	314	1169	42	42
M1960_4	M1996_4	314	1319	408	408
M1960_4	M2508_4	314	1187	1050	1050
M1960_4	M2616_4	314	1205	176	176
M1960_4	M270_4	314	1344	248	248
M1978_4	F1864_4	314	1243	332	534
M1978_4	F2151_4	314	1410	323	515
M1978_4	F2383_4	314	1217	19	34
M1978_4	F2530_4	314	1244	143	227
M1978_4	M1026_4	314	1293	62	108
M1978_4	M1276_4	314	1246	385	647
M1978_4	M1807_4	314	1229	570	930
M1978_4	M1960_4	314	1209	327	518
M1978_4	M1994_4	314	1213	7	8
M1978_4	M1996_4	314	1374	98	150
M1978_4	M2508_4	314	1363	721	1163
M1978_4	M2616_4	314	1194	31	47
M1978_4	M270_4	314	1205	40	61
M1994_4	F1864_4	314	1284	1131	1131
M1994_4	F2151_4	314	1343	1167	1167
M1994_4	F2383_4	314	1329	314	314
M1994_4	F2530_4	314	1340	919	919
M1994_4	M1026_4	314	1282	605	605
M1994_4	M1276_4	314	1179	1029	1029
M1994_4	M1807_4	314	1240	1165	1165
M1994_4	M1960_4	314	1169	1013	1013
M1994_4	M1978_4	314	1213	943	943
M1994_4	M1996_4	314	1291	734	734
M1994_4	M2508_4	314	1127	1068	1068
M1994_4	M2616_4	314	1139	371	371
M1994_4	M270_4	314	1403	530	530
M1996_4	F1864_4	314	1345	1010	1695
M1996_4	F2151_4	314	1401	1024	1674
M1996_4	F2383_4	314	1201	132	214
M1996_4	F2530_4	314	1273	634	1058
M1996_4	M1026_4	314	1332	353	565
M1996_4	M1276_4	314	1239	974	1588
M1996_4	M1807_4	314	1298	1154	1872
M1996_4	M1960_4	314	1319	1006	1663
M1996_4	M1978_4	314	1374	891	1468
M1996_4	M1994_4	314	1291	51	75
M1996_4	M2508_4	314	1366	1233	2079
M1996_4	M2616_4	314	1217	229	366
M1996_4	M270_4	314	1240	260	434
M2508_4	F1864_4	314	1248	1214	3251
M2508_4	F2151_4	314	1251	1209	3202
M2508_4	F2383_4	314	1253	797	2151
M2508_4	F2530_4	314	1227	1132	3012
M2508_4	M1026_4	314	1249	1014	2760
M2508_4	M1276_4	314	1204	1185	3185
M2508_4	M1807_4	314	1110	1095	2908
M2508_4	M1960_4	314	1187	1166	3208
M2508_4	M1978_4	314	1363	1295	3452
M2508_4	M1994_4	314	1127	418	1130
M2508_4	M1996_4	314	1366	1192	3188
M2508_4	M2616_4	314	1381	1044	2812
M2508_4	M270_4	314	1188	911	2452
M2616_4	F1864_4	314	1342	1226	1226
M2616_4	F2151_4	314	1325	1184	1184
M2616_4	F2383_4	314	1140	351	351
M2616_4	F2530_4	314	1415	1076	1076
M2616_4	M1026_4	314	1377	740	740
M2616_4	M1276_4	314	1284	1173	1173
M2616_4	M1807_4	314	1404	1349	1349
M2616_4	M1960_4	314	1205	1083	1083
M2616_4	M1978_4	314	1194	1005	1005
M2616_4	M1994_4	314	1139	139	139
M2616_4	M1996_4	314	1217	778	778
M2616_4	M2508_4	314	1381	1338	1338
M2616_4	M270_4	314	1209	576	576
M270_4	F1864_4	314	1357	882	882
M270_4	F2151_4	314	1216	771	771
M270_4	F2383_4	314	1208	105	105
M270_4	F2530_4	314	1262	517	517
M270_4	M1026_4	314	1299	230	230
M270_4	M1276_4	314	1147	806	806
M270_4	M1807_4	314	1195	1007	1007
M270_4	M1960_4	314	1344	882	882
M270_4	M1978_4	314	1205	589	589
M270_4	M1994_4	314	1403	43	43
M270_4	M1996_4	314	1240	325	325
M270_4	M2508_4	314	1188	1010	1010
M270_4	M2616_4	314	1209	169	169
F1443_4	F173_4	315	1259	715	715
F1443_4	F1982_4	315	1283	876	876
F1443_4	F2184_4	315	1141	1010	1010
F1443_4	F2403_4	315	1287	1273	1273
F1443_4	F2482_4	315	1124	278	278
F1443_4	F489_4	315	1313	1252	1252
F1443_4	F646_4	315	1272	903	903
F1443_4	F843_4	315	1144	1009	1009
F1443_4	F970_4	315	1200	878	878
F1443_4	M1372_4	315	1317	686	686
F1443_4	M170_4	315	1142	596	596
F1443_4	M1727_4	315	1208	617	617
F1443_4	M2346_4	315	1253	1049	1049
F173_4	F1443_4	315	1259	169	169
F173_4	F1982_4	315	1308	885	885
F173_4	F2184_4	315	1162	1020	1020
F173_4	F2403_4	315	1299	1290	1290
F173_4	F2482_4	315	1346	294	294
F173_4	F489_4	315	1292	1234	1234
F173_4	F646_4	315	1228	821	821
F173_4	F843_4	315	1195	1039	1039
F173_4	F970_4	315	1136	837	837
F173_4	M1372_4	315	1307	703	703
F173_4	M170_4	315	1240	637	637
F173_4	M1727_4	315	1270	622	622
F173_4	M2346_4	315	1172	956	956
F1982_4	F1443_4	315	1283	282	686
F1982_4	F173_4	315	1308	881	2200
F1982_4	F2184_4	315	1273	1183	3008
F1982_4	F2403_4	315	1177	1172	2931
F1982_4	F2482_4	315	1221	433	1083
F1982_4	F489_4	315	1242	1218	3013
F1982_4	F646_4	315	1239	1006	2576
F1982_4	F843_4	315	1191	1103	2754
F1982_4	F970_4	315	1184	993	2546
F1982_4	M1372_4	315	1216	819	2075
F1982_4	M170_4	315	1235	822	2078
F1982_4	M1727_4	315	1235	776	1984
F1982_4	M2346_4	315	1204	1095	2818
F2184_4	F1443_4	315	1141	54	92
F2184_4	F173_4	315	1162	293	546
F2184_4	F1982_4	315	1273	461	892
F2184_4	F2403_4	315	1184	1141	2154
F2184_4	F2482_4	315	1238	89	165
F2184_4	F489_4	315	1345	1159	2180
F2184_4	F646_4	315	1264	465	867
F2184_4	F843_4	315	1332	855	1587
F2184_4	F970_4	315	1375	599	1109
F2184_4	M1372_4	315	1199	276	520
F2184_4	M170_4	315	1116	244	445
F2184_4	M1727_4	315	1286	283	529
F2184_4	M2346_4	315	1330	780	1453
F2403_4	F1443_4	315	1287	46	46
F2403_4	F173_4	315	1299	251	251
F2403_4	F1982_4	315	1177	322	322
F2403_4	F2184_4	315	1184	701	701
F2403_4	F2482_4	315	1242	88	88
F2403_4	F489_4	315	1104	912	912
F2403_4	F646_4	315	1396	404	404
F2403_4	F843_4	315	1311	728	728
F2403_4	F970_4	315	1177	455	455
F2403_4	M1372_4	315	1253	247	247
F2403_4	M170_4	315	1314	210	210
F2403_4	M1727_4	315	1314	195	195
F2403_4	M2346_4	315	1300	661	661
F2482_4	F1443_4	315	1124	13	13
F2482_4	F173_4	315	1346	134	134
F2482_4	F1982_4	315	1221	152	152
F2482_4	F2184_4	315	1238	479	479
F2482_4	F2403_4	315	1242	1129	1129
F2482_4	F489_4	315	1237	797	797
F2482_4	F646_4	315	1282	172	172
F2482_4	F843_4	315	1162	417	417
F2482_4	F970_4	315	1388	264	264
F2482_4	M1372_4	315	1199	95	95
F2482_4	M170_4	315	1188	94	94
F2482_4	M1727_4	315	1158	89	89
F2482_4	M2346_4	315	1250	419	419
F489_4	F1443_4	315	1313	329	329
F489_4	F173_4	315	1292	924	924
F489_4	F1982_4	315	1242	1017	1017
F489_4	F2184_4	315	1345	1256	1256
F489_4	F2403_4	315	1104	1102	1102
F489_4	F2482_4	315	1237	493	493
F489_4	F646_4	315	1281	1075	1075
F489_4	F843_4	315	1171	1086	1086
F489_4	F970_4	315	1284	1108	1108
F489_4	M1372_4	315	1268	890	890
F489_4	M170_4	315	1104	784	784
F489_4	M1727_4	315	1263	852	852
F489_4	M2346_4	315	1286	1176	1176
F646_4	F1443_4	315	1272	262	262
F646_4	F173_4	315	1228	795	795
F646_4	F1982_4	315	1239	925	925
F646_4	F2184_4	315	1264	1141	1141
F646_4	F2403_4	315	1396	1391	1391
F646_4	F2482_4	315	1282	425	425
F646_4	F489_4	315	1281	1243	1243
F646_4	F843_4	315	1287	1164	1164
F646_4	F970_4	315	1262	1013	1013
F646_4	M1372_4	315	1165	762	762
F646_4	M170_4	315	1219	738	738
F646_4	M1727_4	315	1408	840	840
F646_4	M2346_4	315	1294	1140	1140
F843_4	F1443_4	315	1144	146	254
F843_4	F173_4	315	1195	624	1142
F843_4	F1982_4	315	1191	760	1322
F843_4	F2184_4	315	1332	1153	2089
F843_4	F2403_4	315	1311	1307	2447
F843_4	F2482_4	315	1162	238	420
F843_4	F489_4	315	1171	1103	1993
F843_4	F646_4	315	1287	796	1463
F843_4	F970_4	315	1247	865	1578
F843_4	M1372_4	315	1394	689	1219
F843_4	M170_4	315	1152	544	983
F843_4	M1727_4	315	1160	545	1018
F843_4	M2346_4	315	1192	956	1786
F970_4	F1443_4	315	1200	357	357
F970_4	F173_4	315	1136	897	897
F970_4	F1982_4	315	1184	1004	1004
F970_4	F2184_4	315	1375	1306	1306
F970_4	F2403_4	315	1177	1176	1176
F970_4	F2482_4	315	1388	646	646
F970_4	F489_4	315	1284	1251	1251
F970_4	F646_4	315	1262	1100	1100
F970_4	F843_4	315	1247	1184	1184
F970_4	M1372_4	315	1181	875	875
F970_4	M170_4	315	1324	1003	1003
F970_4	M1727_4	315	1423	1031	1031
F970_4	M2346_4	315	1140	1061	1061
M1372_4	F1443_4	315	1317	489	680
M1372_4	F173_4	315	1307	1065	1467
M1372_4	F1982_4	315	1216	1066	1475
M1372_4	F2184_4	315	1199	1146	1606
M1372_4	F2403_4	315	1253	1252	1784
M1372_4	F2482_4	315	1199	673	929
M1372_4	F489_4	315	1268	1252	1730
M1372_4	F646_4	315	1165	1027	1425
M1372_4	F843_4	315	1394	1339	1863
M1372_4	F970_4	315	1181	1062	1496
M1372_4	M170_4	315	1230	991	1391
M1372_4	M1727_4	315	1345	1049	1461
M1372_4	M2346_4	315	1273	1212	1714
M170_4	F1443_4	315	1142	87	142
M170_4	F173_4	315	1240	414	672
M170_4	F1982_4	315	1235	594	986
M170_4	F2184_4	315	1116	843	1432
M170_4	F2403_4	315	1314	1286	2178
M170_4	F2482_4	315	1188	134	229
M170_4	F489_4	315	1104	996	1612
M170_4	F646_4	315	1219	582	962
M170_4	F843_4	315	1152	867	1415
M170_4	F970_4	315	1324	754	1241
M170_4	M1372_4	315	1230	447	719
M170_4	M1727_4	315	1298	389	608
M170_4	M2346_4	315	1197	845	1383
M1727_4	F1443_4	315	1208	94	128
M1727_4	F173_4	315	1270	500	678
M1727_4	F1982_4	315	1235	608	822
M1727_4	F2184_4	315	1286	981	1324
M1727_4	F2403_4	315	1314	1286	1723
M1727_4	F2482_4	315	1158	145	185
M1727_4	F489_4	315	1263	1154	1574
M1727_4	F646_4	315	1408	684	933
M1727_4	F843_4	315	1160	888	1167
M1727_4	F970_4	315	1423	806	1067
M1727_4	M1372_4	315	1345	494	687
M1727_4	M170_4	315	1298	449	601
M1727_4	M2346_4	315	1158	812	1084
M2346_4	F1443_4	315	1253	387	1215
M2346_4	F173_4	315	1172	854	2706
M2346_4	F1982_4	315	1204	1001	3158
M2346_4	F2184_4	315	1330	1248	3859
M2346_4	F2403_4	315	1300	1295	4050
M2346_4	F2482_4	315	1250	482	1530
M2346_4	F489_4	315	1286	1256	3953
M2346_4	F646_4	315	1294	1087	3366
M2346_4	F843_4	315	1192	1124	3430
M2346_4	F970_4	315	1140	997	3114
M2346_4	M1372_4	315	1273	936	2957
M2346_4	M170_4	315	1197	869	2694
M2346_4	M1727_4	315	1158	824	2536
F1032_4	F1405_4	316	1136	306	392
F1032_4	F1414_4	316	1222	1166	1440
F1032_4	F1759_4	316	1127	308	380
F1032_4	F1813_4	316	1210	1087	1344
F1032_4	F2646_4	316	1330	164	187
F1032_4	F750_4	316	1114	421	526
F1032_4	M1048_4	316	1533	1164	1461
F1032_4	M1070_4	316	1386	203	254
F1032_4	M1583_4	316	1302	630	793
F1032_4	M1943_4	316	1272	630	764
F1032_4	M259_4	316	1224	43	51
F1032_4	M466_4	316	1317	878	1102
F1032_4	M984_4	316	1234	969	1207
F1405_4	F1032_4	316	1136	762	762
F1405_4	F1414_4	316	1258	1171	1171
F1405_4	F1759_4	316	1313	240	240
F1405_4	F1813_4	316	1342	1129	1129
F1405_4	F2646_4	316	1254	101	101
F1405_4	F750_4	316	1357	371	371
F1405_4	M1048_4	316	1280	838	838
F1405_4	M1070_4	316	1197	119	119
F1405_4	M1583_4	316	1403	490	490
F1405_4	M1943_4	316	1233	480	480
F1405_4	M259_4	316	1292	22	22
F1405_4	M466_4	316	1268	713	713
F1405_4	M984_4	316	1265	862	862
F1414_4	F1032_4	316	1222	155	362
F1414_4	F1405_4	316	1258	27	69
F1414_4	F1759_4	316	1168	16	39
F1414_4	F1813_4	316	1324	356	878
F1414_4	F2646_4	316	1230	5	20
F1414_4	F750_4	316	1311	34	81
F1414_4	M1048_4	316	1344	153	367
F1414_4	M1070_4	316	1302	9	27
F1414_4	M1583_4	316	1302	54	137
F1414_4	M1943_4	316	1194	50	123
F1414_4	M259_4	316	1299	2	5
F1414_4	M466_4	316	1040	78	196
F1414_4	M984_4	316	1152	158	390
F1759_4	F1032_4	316	1127	945	945
F1759_4	F1405_4	316	1313	494	494
F1759_4	F1414_4	316	1168	1113	1113
F1759_4	F1813_4	316	1184	1087	1087
F1759_4	F2646_4	316	1200	219	219
F1759_4	F750_4	316	1239	580	580
F1759_4	M1048_4	316	1252	1031	1031
F1759_4	M1070_4	316	1190	262	262
F1759_4	M1583_4	316	1251	752	752
F1759_4	M1943_4	316	1277	793	793
F1759_4	M259_4	316	1322	63	63
F1759_4	M466_4	316	1342	1032	1032
F1759_4	M984_4	316	1217	1030	1030
F1813_4	F1032_4	316	1210	1142	1142
F1813_4	F1405_4	316	1342	876	876
F1813_4	F1414_4	316	1324	1309	1309
F1813_4	F1759_4	316	1184	741	741
F1813_4	F2646_4	316	1310	490	490
F1813_4	F750_4	316	1228	914	914
F1813_4	M1048_4	316	1068	1006	1006
F1813_4	M1070_4	316	1131	505	505
F1813_4	M1583_4	316	1280	1053	1053
F1813_4	M1943_4	316	1279	1063	1063
F1813_4	M259_4	316	1235	145	145
F1813_4	M466_4	316	1207	1095	1095
F1813_4	M984_4	316	1215	1155	1155
F2646_4	F1032_4	316	1330	847	1851
F2646_4	F1405_4	316	1254	206	481
F2646_4	F1414_4	316	1230	1110	2416
F2646_4	F1759_4	316	1200	217	479
F2646_4	F1813_4	316	1310	1073	2319
F2646_4	F750_4	316	1148	271	607
F2646_4	M1048_4	316	1322	780	1680
F2646_4	M1070_4	316	1209	90	205
F2646_4	M1583_4	316	1286	452	1002
F2646_4	M1943_4	316	1216	428	936
F2646_4	M259_4	316	1260	15	35
F2646_4	M466_4	316	1271	621	1400
F2646_4	M984_4	316	1165	764	1656
F750_4	F1032_4	316	1114	1070	1070
F750_4	F1405_4	316	1357	1035	1035
F750_4	F1414_4	316	1311	1299	1299
F750_4	F1759_4	316	1239	925	925
F750_4	F1813_4	316	1228	1215	1215
F750_4	F2646_4	316	1148	625	625
F750_4	M1048_4	316	1417	1379	1379
F750_4	M1070_4	316	1228	709	709
F750_4	M1583_4	316	1344	1200	1200
F750_4	M1943_4	316	1210	1104	1104
F750_4	M259_4	316	1321	260	260
F750_4	M466_4	316	1223	1155	1155
F750_4	M984_4	316	1227	1197	1197
M1048_4	F1032_4	316	1533	119	355
M1048_4	F1405_4	316	1280	11	39
M1048_4	F1414_4	316	1344	449	1296
M1048_4	F1759_4	316	1252	13	47
M1048_4	F1813_4	316	1068	167	486
M1048_4	F2646_4	316	1322	5	15
M1048_4	F750_4	316	1417	24	64
M1048_4	M1070_4	316	1089	5	20
M1048_4	M1583_4	316	1308	38	112
M1048_4	M1943_4	316	1159	28	78
M1048_4	M259_4	316	1196	1	1
M1048_4	M466_4	316	1227	55	165
M1048_4	M984_4	316	1102	109	296
M1070_4	F1032_4	316	1386	1268	1268
M1070_4	F1405_4	316	1197	675	675
M1070_4	F1414_4	316	1302	1290	1290
M1070_4	F1759_4	316	1190	690	690
M1070_4	F1813_4	316	1131	1084	1084
M1070_4	F2646_4	316	1209	354	354
M1070_4	F750_4	316	1228	798	798
M1070_4	M1048_4	316	1089	982	982
M1070_4	M1583_4	316	1392	1080	1080
M1070_4	M1943_4	316	1332	1031	1031
M1070_4	M259_4	316	1414	128	128
M1070_4	M466_4	316	1164	1000	1000
M1070_4	M984_4	316	1334	1225	1225
M1583_4	F1032_4	316	1302	972	972
M1583_4	F1405_4	316	1403	309	309
M1583_4	F1414_4	316	1302	1226	1226
M1583_4	F1759_4	316	1251	313	313
M1583_4	F1813_4	316	1280	1128	1128
M1583_4	F2646_4	316	1286	138	138
M1583_4	F750_4	316	1344	464	464
M1583_4	M1048_4	316	1308	947	947
M1583_4	M1070_4	316	1392	175	175
M1583_4	M1943_4	316	1203	559	559
M1583_4	M259_4	316	1263	28	28
M1583_4	M466_4	316	1444	886	886
M1583_4	M984_4	316	1412	1082	1082
M1943_4	F1032_4	316	1272	351	402
M1943_4	F1405_4	316	1233	51	64
M1943_4	F1414_4	316	1194	854	991
M1943_4	F1759_4	316	1277	41	49
M1943_4	F1813_4	316	1279	642	738
M1943_4	F2646_4	316	1216	24	28
M1943_4	F750_4	316	1210	79	101
M1943_4	M1048_4	316	1159	313	367
M1943_4	M1070_4	316	1332	22	26
M1943_4	M1583_4	316	1203	127	148
M1943_4	M259_4	316	1132	6	6
M1943_4	M466_4	316	1423	261	299
M1943_4	M984_4	316	1234	376	429
M259_4	F1032_4	316	1224	815	815
M259_4	F1405_4	316	1292	285	285
M259_4	F1414_4	316	1299	1224	1224
M259_4	F1759_4	316	1322	271	271
M259_4	F1813_4	316	1235	1080	1080
M259_4	F2646_4	316	1260	106	106
M259_4	F750_4	316	1321	357	357
M259_4	M1048_4	316	1196	823	823
M259_4	M1070_4	316	1414	177	177
M259_4	M1583_4	316	1263	547	547
M259_4	M1943_4	316	1132	484	484
M259_4	M466_4	316	1114	652	652
M259_4	M984_4	316	1198	883	883
M466_4	F1032_4	316	1317	1187	2141
M466_4	F1405_4	316	1268	682	1229
M466_4	F1414_4	316	1040	1026	1844
M466_4	F1759_4	316	1342	732	1333
M466_4	F1813_4	316	1207	1163	2080
M466_4	F2646_4	316	1271	366	647
M466_4	F750_4	316	1223	809	1463
M466_4	M1048_4	316	1227	1099	1948
M466_4	M1070_4	316	1164	369	644
M466_4	M1583_4	316	1444	1074	1936
M466_4	M1943_4	316	1423	1084	1959
M466_4	M259_4	316	1114	104	183
M466_4	M984_4	316	1305	1192	2180
M984_4	F1032_4	316	1234	1034	2249
M984_4	F1405_4	316	1265	504	1110
M984_4	F1414_4	316	1152	1122	2465
M984_4	F1759_4	316	1217	411	940
M984_4	F1813_4	316	1215	1108	2403
M984_4	F2646_4	316	1165	164	345
M984_4	F750_4	316	1227	574	1275
M984_4	M1048_4	316	1102	908	1949
M984_4	M1070_4	316	1334	264	544
M984_4	M1583_4	316	1412	821	1808
M984_4	M1943_4	316	1234	759	1598
M984_4	M259_4	316	1198	58	132
M984_4	M466_4	316	1305	945	2065
F1330_4	F1728_4	317	1152	540	540
F1330_4	F2045_4	317	1279	395	395
F1330_4	F2317_4	317	1286	299	299
F1330_4	F2789_4	317	1168	56	56
F1330_4	F921_4	317	1227	838	838
F1330_4	M1278_4	317	1161	676	676
F1330_4	M1430_4	317	1234	642	642
F1330_4	M2163_4	317	1190	677	677
F1330_4	M2270_4	317	1230	370	370
F1330_4	M445_4	317	1158	982	982
F1330_4	M805_4	317	1251	462	462
F1330_4	M820_4	317	1234	716	716
F1330_4	M932_4	317	1254	538	538
F1728_4	F1330_4	317	1152	806	806
F1728_4	F2045_4	317	1362	456	456
F1728_4	F2317_4	317	1098	259	259
F1728_4	F2789_4	317	1314	83	83
F1728_4	F921_4	317	1110	770	770
F1728_4	M1278_4	317	1338	834	834
F1728_4	M1430_4	317	1307	696	696
F1728_4	M2163_4	317	1282	762	762
F1728_4	M2270_4	317	1226	392	392
F1728_4	M445_4	317	1221	1015	1015
F1728_4	M805_4	317	1432	584	584
F1728_4	M820_4	317	1350	825	825
F1728_4	M932_4	317	1088	476	476
F2045_4	F1330_4	317	1279	857	857
F2045_4	F1728_4	317	1362	642	642
F2045_4	F2317_4	317	1232	284	284
F2045_4	F2789_4	317	1266	71	71
F2045_4	F921_4	317	1293	856	856
F2045_4	M1278_4	317	1236	700	700
F2045_4	M1430_4	317	1237	595	595
F2045_4	M2163_4	317	1290	793	793
F2045_4	M2270_4	317	1307	406	406
F2045_4	M445_4	317	1131	960	960
F2045_4	M805_4	317	1194	453	453
F2045_4	M820_4	317	1110	640	640
F2045_4	M932_4	317	1130	460	460
F2317_4	F1330_4	317	1286	1222	1222
F2317_4	F1728_4	317	1098	986	986
F2317_4	F2045_4	317	1232	1012	1012
F2317_4	F2789_4	317	1195	413	413
F2317_4	F921_4	317	1087	1036	1036
F2317_4	M1278_4	317	1287	1171	1171
F2317_4	M1430_4	317	1278	1143	1143
F2317_4	M2163_4	317	1255	1159	1159
F2317_4	M2270_4	317	1240	996	996
F2317_4	M445_4	317	1116	1087	1087
F2317_4	M805_4	317	1250	1039	1039
F2317_4	M820_4	317	1288	1201	1201
F2317_4	M932_4	317	1271	1112	1112
F2789_4	F1330_4	317	1168	379	379
F2789_4	F1728_4	317	1314	265	265
F2789_4	F2045_4	317	1266	132	132
F2789_4	F2317_4	317	1195	98	98
F2789_4	F921_4	317	1282	470	470
F2789_4	M1278_4	317	1184	294	294
F2789_4	M1430_4	317	1249	237	237
F2789_4	M2163_4	317	1194	340	340
F2789_4	M2270_4	317	1290	140	140
F2789_4	M445_4	317	1239	716	716
F2789_4	M805_4	317	1212	141	141
F2789_4	M820_4	317	1157	360	360
F2789_4	M932_4	317	1075	143	143
F921_4	F1330_4	317	1227	1198	2242
F921_4	F1728_4	317	1110	1051	1968
F921_4	F2045_4	317	1293	1126	2165
F921_4	F2317_4	317	1087	906	1682
F921_4	F2789_4	317	1282	633	1203
F921_4	M1278_4	317	1297	1250	2338
F921_4	M1430_4	317	1261	1180	2241
F921_4	M2163_4	317	1294	1249	2383
F921_4	M2270_4	317	1309	1136	2102
F921_4	M445_4	317	1210	1197	2231
F921_4	M805_4	317	1161	1047	1974
F921_4	M820_4	317	1208	1158	2235
F921_4	M932_4	317	1277	1178	2215
M1278_4	F1330_4	317	1161	564	1027
M1278_4	F1728_4	317	1338	382	727
M1278_4	F2045_4	317	1236	200	380
M1278_4	F2317_4	317	1287	152	272
M1278_4	F2789_4	317	1184	42	81
M1278_4	F921_4	317	1297	622	1144
M1278_4	M1430_4	317	1328	410	749
M1278_4	M2163_4	317	1217	465	842
M1278_4	M2270_4	317	1426	228	435
M1278_4	M445_4	317	1231	849	1540
M1278_4	M805_4	317	1272	265	493
M1278_4	M820_4	317	1231	485	888
M1278_4	M932_4	317	1271	296	518
M1430_4	F1330_4	317	1234	951	1959
M1430_4	F1728_4	317	1307	803	1644
M1430_4	F2045_4	317	1237	525	1104
M1430_4	F2317_4	317	1278	443	869
M1430_4	F2789_4	317	1249	137	270
M1430_4	F921_4	317	1261	981	2014
M1430_4	M1278_4	317	1328	928	1877
M1430_4	M2163_4	317	1305	923	1910
M1430_4	M2270_4	317	1329	580	1222
M1430_4	M445_4	317	1317	1191	2516
M1430_4	M805_4	317	1235	623	1311
M1430_4	M820_4	317	1284	950	1959
M1430_4	M932_4	317	1267	713	1457
M2163_4	F1330_4	317	1190	426	426
M2163_4	F1728_4	317	1282	244	244
M2163_4	F2045_4	317	1290	155	155
M2163_4	F2317_4	317	1255	93	93
M2163_4	F2789_4	317	1194	23	23
M2163_4	F921_4	317	1294	490	490
M2163_4	M1278_4	317	1217	298	298
M2163_4	M1430_4	317	1305	266	266
M2163_4	M2270_4	317	1331	127	127
M2163_4	M445_4	317	1080	617	617
M2163_4	M805_4	317	1264	175	175
M2163_4	M820_4	317	1476	400	400
M2163_4	M932_4	317	1322	217	217
M2270_4	F1330_4	317	1230	819	2134
M2270_4	F1728_4	317	1226	577	1507
M2270_4	F2045_4	317	1307	422	1099
M2270_4	F2317_4	317	1240	303	778
M2270_4	F2789_4	317	1290	79	199
M2270_4	F921_4	317	1309	897	2316
M2270_4	M1278_4	317	1426	829	2163
M2270_4	M1430_4	317	1329	677	1739
M2270_4	M2163_4	317	1331	795	2088
M2270_4	M445_4	317	1218	1030	2647
M2270_4	M805_4	317	1168	428	1105
M2270_4	M820_4	317	1190	724	1849
M2270_4	M932_4	317	1388	544	1405
M445_4	F1330_4	317	1158	642	1512
M445_4	F1728_4	317	1221	404	933
M445_4	F2045_4	317	1131	228	497
M445_4	F2317_4	317	1116	180	469
M445_4	F2789_4	317	1239	54	136
M445_4	F921_4	317	1210	627	1505
M445_4	M1278_4	317	1231	508	1165
M445_4	M1430_4	317	1317	463	1097
M445_4	M2163_4	317	1080	463	1083
M445_4	M2270_4	317	1218	252	567
M445_4	M805_4	317	1234	317	751
M445_4	M820_4	317	1213	553	1273
M445_4	M932_4	317	1396	398	936
M805_4	F1330_4	317	1251	1072	2353
M805_4	F1728_4	317	1432	991	2132
M805_4	F2045_4	317	1194	632	1391
M805_4	F2317_4	317	1250	561	1218
M805_4	F2789_4	317	1212	181	416
M805_4	F921_4	317	1161	964	2132
M805_4	M1278_4	317	1272	971	2078
M805_4	M1430_4	317	1235	876	1934
M805_4	M2163_4	317	1264	993	2196
M805_4	M2270_4	317	1168	650	1375
M805_4	M445_4	317	1234	1162	2438
M805_4	M820_4	317	1453	1158	2589
M805_4	M932_4	317	1404	915	2046
M820_4	F1330_4	317	1234	760	760
M820_4	F1728_4	317	1350	482	482
M820_4	F2045_4	317	1110	258	258
M820_4	F2317_4	317	1288	229	229
M820_4	F2789_4	317	1157	51	51
M820_4	F921_4	317	1208	668	668
M820_4	M1278_4	317	1231	567	567
M820_4	M1430_4	317	1284	529	529
M820_4	M2163_4	317	1476	738	738
M820_4	M2270_4	317	1190	271	271
M820_4	M445_4	317	1213	950	950
M820_4	M805_4	317	1453	436	436
M820_4	M932_4	317	1356	442	442
M932_4	F1330_4	317	1254	1036	1036
M932_4	F1728_4	317	1088	705	705
M932_4	F2045_4	317	1130	563	563
M932_4	F2317_4	317	1271	479	479
M932_4	F2789_4	317	1075	149	149
M932_4	F921_4	317	1277	1050	1050
M932_4	M1278_4	317	1271	965	965
M932_4	M1430_4	317	1267	900	900
M932_4	M2163_4	317	1322	973	973
M932_4	M2270_4	317	1388	678	678
M932_4	M445_4	317	1396	1274	1274
M932_4	M805_4	317	1404	756	756
M932_4	M820_4	317	1356	1032	1032
F184_4	F1946_4	318	1332	268	623
F184_4	F251_4	318	1195	884	2076
F184_4	F336_4	318	1260	808	1882
F184_4	F394_4	318	1277	1021	2412
F184_4	F503_4	318	1463	1419	3337
F184_4	F70_4	318	1089	940	2192
F184_4	F774_4	318	1069	732	1747
F184_4	M1015_4	318	1318	1153	2673
F184_4	M1323_4	318	1191	850	2005
F184_4	M1535_4	318	1115	918	2176
F184_4	M1921_4	318	1079	960	2270
F184_4	M2141_4	318	1129	865	2042
F184_4	M2358_4	318	1225	764	1821
F1946_4	F184_4	318	1332	30	131
F1946_4	F251_4	318	1090	27	151
F1946_4	F336_4	318	1258	21	107
F1946_4	F394_4	318	1316	48	220
F1946_4	F503_4	318	1373	288	1385
F1946_4	F70_4	318	1230	58	276
F1946_4	F774_4	318	1314	26	108
F1946_4	M1015_4	318	1303	72	317
F1946_4	M1323_4	318	1314	20	93
F1946_4	M1535_4	318	1193	34	155
F1946_4	M1921_4	318	1235	80	365
F1946_4	M2141_4	318	1307	29	134
F1946_4	M2358_4	318	1254	20	94
F251_4	F184_4	318	1195	775	2335
F251_4	F1946_4	318	1090	151	446
F251_4	F336_4	318	1224	720	2194
F251_4	F394_4	318	1326	978	2923
F251_4	F503_4	318	1136	1091	3321
F251_4	F70_4	318	1251	974	2878
F251_4	F774_4	318	1259	745	2286
F251_4	M1015_4	318	1299	1084	3150
F251_4	M1323_4	318	1322	837	2437
F251_4	M1535_4	318	1359	1054	3225
F251_4	M1921_4	318	1440	1218	3676
F251_4	M2141_4	318	1315	918	2781
F251_4	M2358_4	318	1296	710	2177
F336_4	F184_4	318	1260	560	634
F336_4	F1946_4	318	1258	91	109
F336_4	F251_4	318	1224	517	591
F336_4	F394_4	318	1199	636	733
F336_4	F503_4	318	1300	1168	1312
F336_4	F70_4	318	1231	719	815
F336_4	F774_4	318	1105	412	475
F336_4	M1015_4	318	1209	807	932
F336_4	M1323_4	318	1393	562	652
F336_4	M1535_4	318	1240	692	800
F336_4	M1921_4	318	1232	850	978
F336_4	M2141_4	318	1423	734	850
F336_4	M2358_4	318	1251	418	476
F394_4	F184_4	318	1277	30	61
F394_4	F1946_4	318	1316	1	1
F394_4	F251_4	318	1326	21	41
F394_4	F336_4	318	1199	12	21
F394_4	F503_4	318	1235	225	448
F394_4	F70_4	318	1190	38	85
F394_4	F774_4	318	1259	13	33
F394_4	M1015_4	318	1290	50	104
F394_4	M1323_4	318	1231	21	39
F394_4	M1535_4	318	1159	43	79
F394_4	M1921_4	318	1255	71	145
F394_4	M2141_4	318	1201	31	53
F394_4	M2358_4	318	1251	10	16
F503_4	F184_4	318	1463	363	655
F503_4	F1946_4	318	1373	40	76
F503_4	F251_4	318	1136	282	494
F503_4	F336_4	318	1300	224	383
F503_4	F394_4	318	1235	397	707
F503_4	F70_4	318	1262	471	873
F503_4	F774_4	318	1211	227	402
F503_4	M1015_4	318	1266	585	1029
F503_4	M1323_4	318	1127	283	510
F503_4	M1535_4	318	1379	472	857
F503_4	M1921_4	318	1235	601	1031
F503_4	M2141_4	318	1256	384	695
F503_4	M2358_4	318	1237	252	469
F70_4	F184_4	318	1089	318	350
F70_4	F1946_4	318	1230	32	38
F70_4	F251_4	318	1251	357	383
F70_4	F336_4	318	1231	243	257
F70_4	F394_4	318	1190	434	465
F70_4	F503_4	318	1262	1054	1159
F70_4	F774_4	318	1218	291	317
F70_4	M1015_4	318	1205	581	631
F70_4	M1323_4	318	1323	356	390
F70_4	M1535_4	318	1298	481	525
F70_4	M1921_4	318	1171	618	664
F70_4	M2141_4	318	1384	453	491
F70_4	M2358_4	318	1408	277	304
F774_4	F184_4	318	1069	230	421
F774_4	F1946_4	318	1314	27	51
F774_4	F251_4	318	1259	274	506
F774_4	F336_4	318	1105	137	229
F774_4	F394_4	318	1259	362	640
F774_4	F503_4	318	1211	921	1648
F774_4	F70_4	318	1218	401	696
F774_4	M1015_4	318	1381	514	923
F774_4	M1323_4	318	1261	216	380
F774_4	M1535_4	318	1150	346	614
F774_4	M1921_4	318	1286	544	957
F774_4	M2141_4	318	1188	292	502
F774_4	M2358_4	318	1258	166	290
M1015_4	F184_4	318	1318	98	268
M1015_4	F1946_4	318	1303	7	21
M1015_4	F251_4	318	1299	72	194
M1015_4	F336_4	318	1209	43	126
M1015_4	F394_4	318	1290	110	302
M1015_4	F503_4	318	1266	543	1465
M1015_4	F70_4	318	1205	142	393
M1015_4	F774_4	318	1381	47	117
M1015_4	M1323_4	318	1273	75	197
M1015_4	M1535_4	318	1214	113	313
M1015_4	M1921_4	318	1235	203	587
M1015_4	M2141_4	318	1197	96	266
M1015_4	M2358_4	318	1231	42	130
M1323_4	F184_4	318	1191	242	606
M1323_4	F1946_4	318	1314	24	54
M1323_4	F251_4	318	1322	241	660
M1323_4	F336_4	318	1393	169	423
M1323_4	F394_4	318	1231	322	846
M1323_4	F503_4	318	1127	820	2115
M1323_4	F70_4	318	1323	365	957
M1323_4	F774_4	318	1261	170	427
M1323_4	M1015_4	318	1273	461	1204
M1323_4	M1535_4	318	1254	323	813
M1323_4	M1921_4	318	1221	458	1171
M1323_4	M2141_4	318	1390	309	780
M1323_4	M2358_4	318	1230	135	371
M1535_4	F184_4	318	1115	653	677
M1535_4	F1946_4	318	1193	103	106
M1535_4	F251_4	318	1359	757	777
M1535_4	F336_4	318	1240	570	586
M1535_4	F394_4	318	1159	744	763
M1535_4	F503_4	318	1379	1279	1319
M1535_4	F70_4	318	1298	928	963
M1535_4	F774_4	318	1150	574	586
M1535_4	M1015_4	318	1214	930	955
M1535_4	M1323_4	318	1254	638	651
M1535_4	M1921_4	318	1419	1127	1152
M1535_4	M2141_4	318	1192	756	776
M1535_4	M2358_4	318	1361	615	636
M1921_4	F184_4	318	1079	226	226
M1921_4	F1946_4	318	1235	19	19
M1921_4	F251_4	318	1440	285	285
M1921_4	F336_4	318	1232	154	154
M1921_4	F394_4	318	1255	358	358
M1921_4	F503_4	318	1235	973	973
M1921_4	F70_4	318	1171	390	390
M1921_4	F774_4	318	1286	212	212
M1921_4	M1015_4	318	1235	502	502
M1921_4	M1323_4	318	1221	192	192
M1921_4	M1535_4	318	1419	426	426
M1921_4	M2141_4	318	1312	316	316
M1921_4	M2358_4	318	1214	161	161
M2141_4	F184_4	318	1129	1017	1017
M2141_4	F1946_4	318	1307	571	571
M2141_4	F251_4	318	1315	1185	1185
M2141_4	F336_4	318	1423	1234	1234
M2141_4	F394_4	318	1201	1116	1116
M2141_4	F503_4	318	1256	1252	1252
M2141_4	F70_4	318	1384	1310	1310
M2141_4	F774_4	318	1188	1058	1058
M2141_4	M1015_4	318	1197	1155	1155
M2141_4	M1323_4	318	1390	1260	1260
M2141_4	M1535_4	318	1192	1123	1123
M2141_4	M1921_4	318	1312	1278	1278
M2141_4	M2358_4	318	1307	1142	1142
M2358_4	F184_4	318	1225	294	294
M2358_4	F1946_4	318	1254	38	38
M2358_4	F251_4	318	1296	268	268
M2358_4	F336_4	318	1251	181	181
M2358_4	F394_4	318	1251	358	358
M2358_4	F503_4	318	1237	979	979
M2358_4	F70_4	318	1408	502	502
M2358_4	F774_4	318	1258	213	213
M2358_4	M1015_4	318	1231	505	505
M2358_4	M1323_4	318	1230	259	259
M2358_4	M1535_4	318	1361	435	435
M2358_4	M1921_4	318	1214	536	536
M2358_4	M2141_4	318	1307	393	393
F1325_4	F1412_4	319	1200	713	1935
F1325_4	F1966_4	319	1149	93	266
F1325_4	F2223_4	319	1221	303	847
F1325_4	F2601_4	319	1225	602	1615
F1325_4	F785_4	319	1450	217	616
F1325_4	F874_4	319	1082	105	304
F1325_4	F895_4	319	1312	417	1160
F1325_4	M1356_4	319	1220	677	1860
F1325_4	M1840_4	319	1284	492	1351
F1325_4	M2108_4	319	1312	133	353
F1325_4	M2222_4	319	1179	18	45
F1325_4	M2683_4	319	1438	596	1637
F1325_4	M2759_4	319	1269	1024	2760
F1412_4	F1325_4	319	1200	1158	1398
F1412_4	F1966_4	319	1132	664	805
F1412_4	F2223_4	319	1260	1046	1261
F1412_4	F2601_4	319	1343	1261	1546
F1412_4	F785_4	319	1218	881	1068
F1412_4	F874_4	319	1296	783	942
F1412_4	F895_4	319	1331	1184	1427
F1412_4	M1356_4	319	1319	1264	1530
F1412_4	M1840_4	319	1250	1131	1357
F1412_4	M2108_4	319	1204	758	911
F1412_4	M2222_4	319	1238	218	280
F1412_4	M2683_4	319	1295	1191	1433
F1412_4	M2759_4	319	1356	1331	1602
F1966_4	F1325_4	319	1149	689	689
F1966_4	F1412_4	319	1132	562	562
F1966_4	F2223_4	319	1272	229	229
F1966_4	F2601_4	319	1223	476	476
F1966_4	F785_4	319	1172	132	132
F1966_4	F874_4	319	1139	63	63
F1966_4	F895_4	319	1323	315	315
F1966_4	M1356_4	319	1184	563	563
F1966_4	M1840_4	319	1326	406	406
F1966_4	M2108_4	319	1299	97	97
F1966_4	M2222_4	319	1405	11	11
F1966_4	M2683_4	319	1273	437	437
F1966_4	M2759_4	319	1343	987	987
F2223_4	F1325_4	319	1221	1196	1196
F2223_4	F1412_4	319	1260	1226	1226
F2223_4	F1966_4	319	1272	835	835
F2223_4	F2601_4	319	1106	1048	1048
F2223_4	F785_4	319	1258	969	969
F2223_4	F874_4	319	1232	803	803
F2223_4	F895_4	319	1303	1176	1176
F2223_4	M1356_4	319	1224	1185	1185
F2223_4	M1840_4	319	1169	1070	1070
F2223_4	M2108_4	319	1266	838	838
F2223_4	M2222_4	319	1130	227	227
F2223_4	M2683_4	319	1431	1329	1329
F2223_4	M2759_4	319	1262	1238	1238
F2601_4	F1325_4	319	1225	852	852
F2601_4	F1412_4	319	1343	854	854
F2601_4	F1966_4	319	1223	138	138
F2601_4	F2223_4	319	1106	290	290
F2601_4	F785_4	319	1165	173	173
F2601_4	F874_4	319	1405	147	147
F2601_4	F895_4	319	1463	491	491
F2601_4	M1356_4	319	1219	724	724
F2601_4	M1840_4	319	1214	493	493
F2601_4	M2108_4	319	1307	158	158
F2601_4	M2222_4	319	1241	13	13
F2601_4	M2683_4	319	1226	533	533
F2601_4	M2759_4	319	1249	994	994
F785_4	F1325_4	319	1450	1020	2455
F785_4	F1412_4	319	1218	726	1794
F785_4	F1966_4	319	1172	114	275
F785_4	F2223_4	319	1258	304	758
F785_4	F2601_4	319	1165	615	1470
F785_4	F874_4	319	1321	144	346
F785_4	F895_4	319	1285	451	1096
F785_4	M1356_4	319	1244	716	1760
F785_4	M1840_4	319	1335	545	1330
F785_4	M2108_4	319	1343	169	398
F785_4	M2222_4	319	1242	28	65
F785_4	M2683_4	319	1242	528	1330
F785_4	M2759_4	319	1204	950	2380
F874_4	F1325_4	319	1082	420	420
F874_4	F1412_4	319	1296	358	358
F874_4	F1966_4	319	1139	46	46
F874_4	F2223_4	319	1232	110	110
F874_4	F2601_4	319	1405	317	317
F874_4	F785_4	319	1321	73	73
F874_4	F895_4	319	1208	163	163
F874_4	M1356_4	319	1370	365	365
F874_4	M1840_4	319	1327	211	211
F874_4	M2108_4	319	1292	48	48
F874_4	M2222_4	319	1197	7	7
F874_4	M2683_4	319	1197	205	205
F874_4	M2759_4	319	1169	622	622
F895_4	F1325_4	319	1312	1180	1309
F895_4	F1412_4	319	1331	1157	1270
F895_4	F1966_4	319	1323	392	429
F895_4	F2223_4	319	1303	769	838
F895_4	F2601_4	319	1463	1196	1308
F895_4	F785_4	319	1285	536	584
F895_4	F874_4	319	1208	362	405
F895_4	M1356_4	319	1213	1022	1121
F895_4	M1840_4	319	1183	891	964
F895_4	M2108_4	319	1281	457	496
F895_4	M2222_4	319	1270	74	84
F895_4	M2683_4	319	1264	999	1092
F895_4	M2759_4	319	1334	1266	1371
M1356_4	F1325_4	319	1220	505	1320
M1356_4	F1412_4	319	1319	435	1122
M1356_4	F1966_4	319	1184	40	112
M1356_4	F2223_4	319	1224	105	276
M1356_4	F2601_4	319	1219	282	768
M1356_4	F785_4	319	1244	49	131
M1356_4	F874_4	319	1370	44	114
M1356_4	F895_4	319	1213	182	479
M1356_4	M1840_4	319	1209	183	495
M1356_4	M2108_4	319	1180	47	125
M1356_4	M2222_4	319	1402	5	14
M1356_4	M2683_4	319	1275	244	638
M1356_4	M2759_4	319	1167	673	1748
M1840_4	F1325_4	319	1284	1237	3342
M1840_4	F1412_4	319	1250	1199	3182
M1840_4	F1966_4	319	1326	843	2249
M1840_4	F2223_4	319	1169	930	2502
M1840_4	F2601_4	319	1214	1132	3094
M1840_4	F785_4	319	1335	933	2514
M1840_4	F874_4	319	1327	816	2219
M1840_4	F895_4	319	1183	1018	2733
M1840_4	M1356_4	319	1209	1125	3009
M1840_4	M2108_4	319	1218	762	2063
M1840_4	M2222_4	319	1308	234	641
M1840_4	M2683_4	319	1330	1196	3160
M1840_4	M2759_4	319	1210	1187	3209
M2108_4	F1325_4	319	1312	1261	1261
M2108_4	F1412_4	319	1204	1140	1140
M2108_4	F1966_4	319	1299	731	731
M2108_4	F2223_4	319	1266	988	988
M2108_4	F2601_4	319	1307	1197	1197
M2108_4	F785_4	319	1343	883	883
M2108_4	F874_4	319	1292	751	751
M2108_4	F895_4	319	1281	1101	1101
M2108_4	M1356_4	319	1180	1112	1112
M2108_4	M1840_4	319	1218	1098	1098
M2108_4	M2222_4	319	1279	182	182
M2108_4	M2683_4	319	1337	1197	1197
M2108_4	M2759_4	319	1343	1307	1307
M2222_4	F1325_4	319	1179	696	2473
M2222_4	F1412_4	319	1238	646	2276
M2222_4	F1966_4	319	1405	107	362
M2222_4	F2223_4	319	1130	215	768
M2222_4	F2601_4	319	1241	529	1916
M2222_4	F785_4	319	1242	136	482
M2222_4	F874_4	319	1197	76	262
M2222_4	F895_4	319	1270	349	1221
M2222_4	M1356_4	319	1402	660	2399
M2222_4	M1840_4	319	1308	400	1426
M2222_4	M2108_4	319	1279	93	352
M2222_4	M2683_4	319	1261	407	1512
M2222_4	M2759_4	319	1276	947	3465
M2683_4	F1325_4	319	1438	891	2413
M2683_4	F1412_4	319	1295	641	1742
M2683_4	F1966_4	319	1273	115	293
M2683_4	F2223_4	319	1431	259	718
M2683_4	F2601_4	319	1226	479	1274
M2683_4	F785_4	319	1242	157	437
M2683_4	F874_4	319	1197	73	187
M2683_4	F895_4	319	1264	317	868
M2683_4	M1356_4	319	1275	621	1672
M2683_4	M1840_4	319	1330	430	1164
M2683_4	M2108_4	319	1337	102	284
M2683_4	M2222_4	319	1261	14	31
M2683_4	M2759_4	319	1247	941	2553
M2759_4	F1325_4	319	1269	1234	3284
M2759_4	F1412_4	319	1356	1290	3440
M2759_4	F1966_4	319	1343	856	2294
M2759_4	F2223_4	319	1262	1045	2809
M2759_4	F2601_4	319	1249	1164	3145
M2759_4	F785_4	319	1204	887	2369
M2759_4	F874_4	319	1169	719	1896
M2759_4	F895_4	319	1334	1169	3130
M2759_4	M1356_4	319	1167	1104	2879
M2759_4	M1840_4	319	1210	1087	2919
M2759_4	M2108_4	319	1343	848	2245
M2759_4	M2222_4	319	1276	236	644
M2759_4	M2683_4	319	1247	1130	3022
F1005_4	F1913_4	320	1408	1050	1050
F1005_4	F2603_4	320	1265	1257	1257
F1005_4	F362_4	320	1306	1178	1178
F1005_4	F565_4	320	1274	1267	1267
F1005_4	F700_4	320	1268	1239	1239
F1005_4	F749_4	320	1194	1184	1184
F1005_4	M1184_4	320	1362	1300	1300
F1005_4	M1363_4	320	1266	1223	1223
F1005_4	M1447_4	320	1367	1054	1054
F1005_4	M1459_4	320	1227	1204	1204
F1005_4	M2682_4	320	1237	1169	1169
F1005_4	M761_4	320	1269	1207	1207
F1005_4	M991_4	320	1327	1177	1177
F1913_4	F1005_4	320	1408	697	1018
F1913_4	F2603_4	320	1233	1203	1743
F1913_4	F362_4	320	1338	964	1422
F1913_4	F565_4	320	1115	1066	1580
F1913_4	F700_4	320	1388	1286	1919
F1913_4	F749_4	320	1198	1161	1736
F1913_4	M1184_4	320	1210	1063	1600
F1913_4	M1363_4	320	1207	1117	1677
F1913_4	M1447_4	320	1343	708	1043
F1913_4	M1459_4	320	1350	1245	1834
F1913_4	M2682_4	320	1229	996	1464
F1913_4	M761_4	320	1364	1146	1657
F1913_4	M991_4	320	1156	775	1152
F2603_4	F1005_4	320	1265	196	196
F2603_4	F1913_4	320	1233	177	177
F2603_4	F362_4	320	1427	521	521
F2603_4	F565_4	320	1408	1160	1160
F2603_4	F700_4	320	1272	919	919
F2603_4	F749_4	320	1288	1134	1134
F2603_4	M1184_4	320	1204	691	691
F2603_4	M1363_4	320	1355	884	884
F2603_4	M1447_4	320	1178	218	218
F2603_4	M1459_4	320	1458	1040	1040
F2603_4	M2682_4	320	1301	624	624
F2603_4	M761_4	320	1329	688	688
F2603_4	M991_4	320	1342	416	416
F362_4	F1005_4	320	1306	51	99
F362_4	F1913_4	320	1338	49	92
F362_4	F2603_4	320	1427	850	1482
F362_4	F565_4	320	1162	587	1008
F362_4	F700_4	320	1325	568	987
F362_4	F749_4	320	1227	784	1394
F362_4	M1184_4	320	1310	303	522
F362_4	M1363_4	320	1240	398	687
F362_4	M1447_4	320	1124	63	103
F362_4	M1459_4	320	1392	490	869
F362_4	M2682_4	320	1228	214	377
F362_4	M761_4	320	1203	274	511
F362_4	M991_4	320	1137	112	199
F565_4	F1005_4	320	1274	166	166
F565_4	F1913_4	320	1115	129	129
F565_4	F2603_4	320	1408	1152	1152
F565_4	F362_4	320	1162	325	325
F565_4	F700_4	320	1366	896	896
F565_4	F749_4	320	1412	1179	1179
F565_4	M1184_4	320	1160	555	555
F565_4	M1363_4	320	1334	740	740
F565_4	M1447_4	320	1299	185	185
F565_4	M1459_4	320	1229	782	782
F565_4	M2682_4	320	1212	496	496
F565_4	M761_4	320	1211	571	571
F565_4	M991_4	320	1343	355	355
F700_4	F1005_4	320	1268	20	50
F700_4	F1913_4	320	1388	17	33
F700_4	F2603_4	320	1272	419	987
F700_4	F362_4	320	1325	46	114
F700_4	F565_4	320	1366	375	866
F700_4	F749_4	320	1303	472	1166
F700_4	M1184_4	320	1288	93	227
F700_4	M1363_4	320	1219	157	360
F700_4	M1447_4	320	1243	23	56
F700_4	M1459_4	320	1098	184	453
F700_4	M2682_4	320	1306	88	217
F700_4	M761_4	320	1323	115	285
F700_4	M991_4	320	1349	55	124
F749_4	F1005_4	320	1194	282	282
F749_4	F1913_4	320	1198	302	302
F749_4	F2603_4	320	1288	1160	1160
F749_4	F362_4	320	1227	602	602
F749_4	F565_4	320	1412	1251	1251
F749_4	F700_4	320	1303	1076	1076
F749_4	M1184_4	320	1290	929	929
F749_4	M1363_4	320	1341	1043	1043
F749_4	M1447_4	320	1297	332	332
F749_4	M1459_4	320	1218	975	975
F749_4	M2682_4	320	1310	836	836
F749_4	M761_4	320	1196	768	768
F749_4	M991_4	320	1250	591	591
M1184_4	F1005_4	320	1362	388	388
M1184_4	F1913_4	320	1210	316	316
M1184_4	F2603_4	320	1204	1126	1126
M1184_4	F362_4	320	1310	728	728
M1184_4	F565_4	320	1160	1062	1062
M1184_4	F700_4	320	1288	1101	1101
M1184_4	F749_4	320	1290	1227	1227
M1184_4	M1363_4	320	1453	1189	1189
M1184_4	M1447_4	320	1184	388	388
M1184_4	M1459_4	320	1380	1153	1153
M1184_4	M2682_4	320	1296	856	856
M1184_4	M761_4	320	1247	880	880
M1184_4	M991_4	320	1229	613	613
M1363_4	F1005_4	320	1266	126	473
M1363_4	F1913_4	320	1207	117	506
M1363_4	F2603_4	320	1355	1067	4356
M1363_4	F362_4	320	1240	310	1241
M1363_4	F565_4	320	1334	970	3896
M1363_4	F700_4	320	1219	745	2929
M1363_4	F749_4	320	1341	1079	4253
M1363_4	M1184_4	320	1453	664	2624
M1363_4	M1447_4	320	1271	169	672
M1363_4	M1459_4	320	1263	735	2887
M1363_4	M2682_4	320	1432	506	1999
M1363_4	M761_4	320	1159	467	1881
M1363_4	M991_4	320	1227	288	1202
M1447_4	F1005_4	320	1367	71	182
M1447_4	F1913_4	320	1343	57	142
M1447_4	F2603_4	320	1178	729	1838
M1447_4	F362_4	320	1124	122	307
M1447_4	F565_4	320	1299	737	1858
M1447_4	F700_4	320	1243	541	1414
M1447_4	F749_4	320	1297	858	2180
M1447_4	M1184_4	320	1184	317	815
M1447_4	M1363_4	320	1271	416	1024
M1447_4	M1459_4	320	1173	457	1164
M1447_4	M2682_4	320	1247	260	640
M1447_4	M761_4	320	1333	309	772
M1447_4	M991_4	320	1138	137	335
M1459_4	F1005_4	320	1227	253	253
M1459_4	F1913_4	320	1350	260	260
M1459_4	F2603_4	320	1458	1307	1307
M1459_4	F362_4	320	1392	592	592
M1459_4	F565_4	320	1229	1082	1082
M1459_4	F700_4	320	1098	895	895
M1459_4	F749_4	320	1218	1109	1109
M1459_4	M1184_4	320	1380	892	892
M1459_4	M1363_4	320	1263	888	888
M1459_4	M1447_4	320	1173	262	262
M1459_4	M2682_4	320	1468	808	808
M1459_4	M761_4	320	1235	770	770
M1459_4	M991_4	320	1097	441	441
M2682_4	F1005_4	320	1237	481	481
M2682_4	F1913_4	320	1229	416	416
M2682_4	F2603_4	320	1301	1243	1243
M2682_4	F362_4	320	1228	786	786
M2682_4	F565_4	320	1212	1151	1151
M2682_4	F700_4	320	1306	1181	1181
M2682_4	F749_4	320	1310	1249	1249
M2682_4	M1184_4	320	1296	1051	1051
M2682_4	M1363_4	320	1432	1224	1224
M2682_4	M1447_4	320	1247	518	518
M2682_4	M1459_4	320	1468	1278	1278
M2682_4	M761_4	320	1207	957	957
M2682_4	M991_4	320	1305	800	800
M761_4	F1005_4	320	1269	61	61
M761_4	F1913_4	320	1364	54	54
M761_4	F2603_4	320	1329	842	842
M761_4	F362_4	320	1203	164	164
M761_4	F565_4	320	1211	719	719
M761_4	F700_4	320	1323	597	597
M761_4	F749_4	320	1196	803	803
M761_4	M1184_4	320	1247	344	344
M761_4	M1363_4	320	1159	426	426
M761_4	M1447_4	320	1333	81	81
M761_4	M1459_4	320	1235	547	547
M761_4	M2682_4	320	1207	229	229
M761_4	M991_4	320	1275	171	171
M991_4	F1005_4	320	1327	132	132
M991_4	F1913_4	320	1156	109	109
M991_4	F2603_4	320	1342	1049	1049
M991_4	F362_4	320	1137	305	305
M991_4	F565_4	320	1343	1005	1005
M991_4	F700_4	320	1349	885	885
M991_4	F749_4	320	1250	1000	1000
M991_4	M1184_4	320	1229	575	575
M991_4	M1363_4	320	1227	658	658
M991_4	M1447_4	320	1138	142	142
M991_4	M1459_4	320	1097	644	644
M991_4	M2682_4	320	1305	487	487
M991_4	M761_4	320	1275	519	519
F1086_4	F1420_4	321	1168	1104	1104
F1086_4	F1585_4	321	1301	273	273
F1086_4	F18_4	321	1197	213	213
F1086_4	F2545_4	321	1260	804	804
F1086_4	F508_4	321	1163	968	968
F1086_4	F595_4	321	1069	51	51
F1086_4	F992_4	321	1311	293	293
F1086_4	M1483_4	321	1312	838	838
F1086_4	M2041_4	321	1319	569	569
F1086_4	M2326_4	321	1237	50	50
F1086_4	M2665_4	321	1281	1074	1074
F1086_4	M2753_4	321	1175	840	840
F1086_4	M458_4	321	1288	898	898
F1420_4	F1086_4	321	1168	39	39
F1420_4	F1585_4	321	1242	29	29
F1420_4	F18_4	321	1305	25	25
F1420_4	F2545_4	321	1239	176	176
F1420_4	F508_4	321	1250	369	369
F1420_4	F595_4	321	1180	10	10
F1420_4	F992_4	321	1283	42	42
F1420_4	M1483_4	321	1249	145	145
F1420_4	M2041_4	321	1230	84	84
F1420_4	M2326_4	321	1284	5	5
F1420_4	M2665_4	321	1174	376	376
F1420_4	M2753_4	321	1239	271	271
F1420_4	M458_4	321	1411	228	228
F1585_4	F1086_4	321	1301	456	456
F1585_4	F1420_4	321	1242	1182	1182
F1585_4	F18_4	321	1314	277	277
F1585_4	F2545_4	321	1308	933	933
F1585_4	F508_4	321	1202	1011	1011
F1585_4	F595_4	321	1369	76	76
F1585_4	F992_4	321	1211	351	351
F1585_4	M1483_4	321	1295	852	852
F1585_4	M2041_4	321	1367	700	700
F1585_4	M2326_4	321	1260	64	64
F1585_4	M2665_4	321	1373	1180	1180
F1585_4	M2753_4	321	1231	964	964
F1585_4	M458_4	321	1279	930	930
F18_4	F1086_4	321	1197	151	319
F18_4	F1420_4	321	1305	1099	2370
F18_4	F1585_4	321	1314	116	254
F18_4	F2545_4	321	1321	546	1151
F18_4	F508_4	321	1245	836	1822
F18_4	F595_4	321	1201	20	43
F18_4	F992_4	321	1302	131	283
F18_4	M1483_4	321	1247	474	1022
F18_4	M2041_4	321	1234	301	630
F18_4	M2326_4	321	1156	11	25
F18_4	M2665_4	321	1130	754	1674
F18_4	M2753_4	321	1319	665	1413
F18_4	M458_4	321	1243	588	1273
F2545_4	F1086_4	321	1260	582	582
F2545_4	F1420_4	321	1239	1198	1198
F2545_4	F1585_4	321	1308	461	461
F2545_4	F18_4	321	1321	470	470
F2545_4	F508_4	321	1351	1222	1222
F2545_4	F595_4	321	1238	127	127
F2545_4	F992_4	321	1312	515	515
F2545_4	M1483_4	321	1386	1066	1066
F2545_4	M2041_4	321	1184	778	778
F2545_4	M2326_4	321	1352	148	148
F2545_4	M2665_4	321	1133	1021	1021
F2545_4	M2753_4	321	1248	1057	1057
F2545_4	M458_4	321	1244	1045	1045
F508_4	F1086_4	321	1163	467	1310
F508_4	F1420_4	321	1250	1184	3241
F508_4	F1585_4	321	1202	394	1087
F508_4	F18_4	321	1245	343	916
F508_4	F2545_4	321	1351	984	2738
F508_4	F595_4	321	1285	100	285
F508_4	F992_4	321	1230	366	985
F508_4	M1483_4	321	1159	823	2312
F508_4	M2041_4	321	1492	810	2223
F508_4	M2326_4	321	1241	79	227
F508_4	M2665_4	321	1211	1080	3055
F508_4	M2753_4	321	1078	870	2440
F508_4	M458_4	321	1260	977	2622
F595_4	F1086_4	321	1069	654	691
F595_4	F1420_4	321	1180	1160	1217
F595_4	F1585_4	321	1369	655	688
F595_4	F18_4	321	1201	544	559
F595_4	F2545_4	321	1238	1090	1139
F595_4	F508_4	321	1285	1221	1284
F595_4	F992_4	321	1228	673	697
F595_4	M1483_4	321	1299	1105	1168
F595_4	M2041_4	321	1400	1023	1068
F595_4	M2326_4	321	1095	163	172
F595_4	M2665_4	321	1384	1303	1356
F595_4	M2753_4	321	1206	1093	1147
F595_4	M458_4	321	1124	998	1033
F992_4	F1086_4	321	1311	700	700
F992_4	F1420_4	321	1283	1253	1253
F992_4	F1585_4	321	1211	545	545
F992_4	F18_4	321	1302	533	533
F992_4	F2545_4	321	1312	1096	1096
F992_4	F508_4	321	1230	1152	1152
F992_4	F595_4	321	1228	173	173
F992_4	M1483_4	321	1433	1194	1194
F992_4	M2041_4	321	1322	946	946
F992_4	M2326_4	321	1268	169	169
F992_4	M2665_4	321	1234	1161	1161
F992_4	M2753_4	321	1246	1109	1109
F992_4	M458_4	321	1188	1026	1026
M1483_4	F1086_4	321	1312	36	104
M1483_4	F1420_4	321	1249	522	1319
M1483_4	F1585_4	321	1295	17	39
M1483_4	F18_4	321	1247	17	32
M1483_4	F2545_4	321	1386	111	272
M1483_4	F508_4	321	1159	250	613
M1483_4	F595_4	321	1299	0	0
M1483_4	F992_4	321	1433	20	52
M1483_4	M2041_4	321	1161	53	119
M1483_4	M2326_4	321	1269	1	1
M1483_4	M2665_4	321	1317	267	682
M1483_4	M2753_4	321	1148	148	367
M1483_4	M458_4	321	1327	138	352
M2041_4	F1086_4	321	1319	1188	4599
M2041_4	F1420_4	321	1230	1225	4683
M2041_4	F1585_4	321	1367	1173	4579
M2041_4	F18_4	321	1234	1049	4064
M2041_4	F2545_4	321	1184	1148	4464
M2041_4	F508_4	321	1492	1486	5828
M2041_4	F595_4	321	1400	754	2978
M2041_4	F992_4	321	1322	1158	4386
M2041_4	M1483_4	321	1161	1129	4361
M2041_4	M2326_4	321	1207	642	2495
M2041_4	M2665_4	321	1178	1165	4541
M2041_4	M2753_4	321	1228	1213	4773
M2041_4	M458_4	321	1291	1270	4901
M2326_4	F1086_4	321	1237	982	2832
M2326_4	F1420_4	321	1284	1265	3632
M2326_4	F1585_4	321	1260	932	2680
M2326_4	F18_4	321	1156	797	2349
M2326_4	F2545_4	321	1352	1281	3662
M2326_4	F508_4	321	1241	1206	3364
M2326_4	F595_4	321	1095	395	1126
M2326_4	F992_4	321	1268	1001	2891
M2326_4	M1483_4	321	1269	1209	3528
M2326_4	M2041_4	321	1207	1089	3161
M2326_4	M2665_4	321	1386	1365	3926
M2326_4	M2753_4	321	1303	1268	3531
M2326_4	M458_4	321	1278	1235	3543
M2665_4	F1086_4	321	1281	124	300
M2665_4	F1420_4	321	1174	941	2390
M2665_4	F1585_4	321	1373	114	270
M2665_4	F18_4	321	1130	79	208
M2665_4	F2545_4	321	1133	416	998
M2665_4	F508_4	321	1211	697	1736
M2665_4	F595_4	321	1384	13	40
M2665_4	F992_4	321	1234	94	232
M2665_4	M1483_4	321	1317	432	1055
M2665_4	M2041_4	321	1178	247	625
M2665_4	M2326_4	321	1386	22	56
M2665_4	M2753_4	321	1333	569	1474
M2665_4	M458_4	321	1291	514	1239
M2753_4	F1086_4	321	1175	907	907
M2753_4	F1420_4	321	1239	1230	1230
M2753_4	F1585_4	321	1231	837	837
M2753_4	F18_4	321	1319	852	852
M2753_4	F2545_4	321	1248	1171	1171
M2753_4	F508_4	321	1078	1048	1048
M2753_4	F595_4	321	1206	363	363
M2753_4	F992_4	321	1246	934	934
M2753_4	M1483_4	321	1148	1068	1068
M2753_4	M2041_4	321	1228	1081	1081
M2753_4	M2326_4	321	1303	374	374
M2753_4	M2665_4	321	1333	1298	1298
M2753_4	M458_4	321	1233	1193	1193
M458_4	F1086_4	321	1288	104	189
M458_4	F1420_4	321	1411	1047	1917
M458_4	F1585_4	321	1279	71	127
M458_4	F18_4	321	1243	78	158
M458_4	F2545_4	321	1244	332	578
M458_4	F508_4	321	1260	653	1251
M458_4	F595_4	321	1124	15	23
M458_4	F992_4	321	1188	92	179
M458_4	M1483_4	321	1327	312	587
M458_4	M2041_4	321	1291	196	371
M458_4	M2326_4	321	1278	15	25
M458_4	M2665_4	321	1291	707	1324
M458_4	M2753_4	321	1233	446	834
F1771_4	F1924_4	322	1266	295	332
F1771_4	F2773_4	322	1441	1367	1496
F1771_4	F2793_4	322	1229	437	481
F1771_4	F482_4	322	1308	919	1010
F1771_4	F556_4	322	1317	296	331
F1771_4	M1118_4	322	1263	457	507
F1771_4	M1168_4	322	1300	94	114
F1771_4	M1300_4	322	1209	432	468
F1771_4	M178_4	322	1287	422	460
F1771_4	M2234_4	322	1366	1196	1333
F1771_4	M450_4	322	1336	1182	1302
F1771_4	M736_4	322	1275	866	960
F1771_4	M869_4	322	1420	432	486
F1924_4	F1771_4	322	1266	245	750
F1924_4	F2773_4	322	1243	1111	3472
F1924_4	F2793_4	322	1381	299	930
F1924_4	F482_4	322	1224	675	2109
F1924_4	F556_4	322	1188	163	533
F1924_4	M1118_4	322	1155	254	823
F1924_4	M1168_4	322	1204	43	142
F1924_4	M1300_4	322	1240	264	793
F1924_4	M178_4	322	1297	238	756
F1924_4	M2234_4	322	1186	925	2878
F1924_4	M450_4	322	1199	952	3091
F1924_4	M736_4	322	1260	628	1983
F1924_4	M869_4	322	1286	220	678
F2773_4	F1771_4	322	1441	431	431
F2773_4	F1924_4	322	1243	261	261
F2773_4	F2793_4	322	1425	523	523
F2773_4	F482_4	322	1218	837	837
F2773_4	F556_4	322	1260	313	313
F2773_4	M1118_4	322	1165	393	393
F2773_4	M1168_4	322	1374	89	89
F2773_4	M1300_4	322	1146	401	401
F2773_4	M178_4	322	1189	351	351
F2773_4	M2234_4	322	1205	1029	1029
F2773_4	M450_4	322	1280	1125	1125
F2773_4	M736_4	322	1355	885	885
F2773_4	M869_4	322	1457	423	423
F2793_4	F1771_4	322	1229	7	10
F2793_4	F1924_4	322	1381	1	1
F2793_4	F2773_4	322	1425	245	352
F2793_4	F482_4	322	1191	21	29
F2793_4	F556_4	322	1390	7	11
F2793_4	M1118_4	322	1149	8	12
F2793_4	M1168_4	322	1189	1	1
F2793_4	M1300_4	322	1255	7	11
F2793_4	M178_4	322	1159	4	4
F2793_4	M2234_4	322	1205	79	115
F2793_4	M450_4	322	1162	78	111
F2793_4	M736_4	322	1271	30	47
F2793_4	M869_4	322	1238	6	7
F482_4	F1771_4	322	1308	813	813
F482_4	F1924_4	322	1224	692	692
F482_4	F2773_4	322	1218	1200	1200
F482_4	F2793_4	322	1191	856	856
F482_4	F556_4	322	1334	746	746
F482_4	M1118_4	322	1304	900	900
F482_4	M1168_4	322	1308	325	325
F482_4	M1300_4	322	1260	850	850
F482_4	M178_4	322	1234	787	787
F482_4	M2234_4	322	1267	1233	1233
F482_4	M450_4	322	1401	1358	1358
F482_4	M736_4	322	1238	1113	1113
F482_4	M869_4	322	1203	767	767
F556_4	F1771_4	322	1317	68	68
F556_4	F1924_4	322	1188	61	61
F556_4	F2773_4	322	1260	879	879
F556_4	F2793_4	322	1390	78	78
F556_4	F482_4	322	1334	306	306
F556_4	M1118_4	322	1316	76	76
F556_4	M1168_4	322	1246	11	11
F556_4	M1300_4	322	1194	91	91
F556_4	M178_4	322	1311	74	74
F556_4	M2234_4	322	1253	588	588
F556_4	M450_4	322	1266	624	624
F556_4	M736_4	322	1214	234	234
F556_4	M869_4	322	1223	68	68
M1118_4	F1771_4	322	1263	357	548
M1118_4	F1924_4	322	1155	232	352
M1118_4	F2773_4	322	1165	1114	1668
M1118_4	F2793_4	322	1149	418	605
M1118_4	F482_4	322	1304	905	1309
M1118_4	F556_4	322	1316	267	401
M1118_4	M1168_4	322	1082	72	104
M1118_4	M1300_4	322	1297	439	642
M1118_4	M178_4	322	1256	395	562
M1118_4	M2234_4	322	1241	1076	1574
M1118_4	M450_4	322	1253	1101	1607
M1118_4	M736_4	322	1151	738	1057
M1118_4	M869_4	322	1109	310	452
M1168_4	F1771_4	322	1300	77	77
M1168_4	F1924_4	322	1204	63	63
M1168_4	F2773_4	322	1374	1016	1016
M1168_4	F2793_4	322	1189	114	114
M1168_4	F482_4	322	1308	359	359
M1168_4	F556_4	322	1246	72	72
M1168_4	M1118_4	322	1082	93	93
M1168_4	M1300_4	322	1190	88	88
M1168_4	M178_4	322	1256	83	83
M1168_4	M2234_4	322	1379	724	724
M1168_4	M450_4	322	1345	743	743
M1168_4	M736_4	322	1236	342	342
M1168_4	M869_4	322	1354	84	84
M1300_4	F1771_4	322	1209	540	540
M1300_4	F1924_4	322	1240	474	474
M1300_4	F2773_4	322	1146	1112	1112
M1300_4	F2793_4	322	1255	688	688
M1300_4	F482_4	322	1260	1028	1028
M1300_4	F556_4	322	1194	458	458
M1300_4	M1118_4	322	1297	663	663
M1300_4	M1168_4	322	1190	154	154
M1300_4	M178_4	322	1296	623	623
M1300_4	M2234_4	322	1154	1085	1085
M1300_4	M450_4	322	1247	1163	1163
M1300_4	M736_4	322	1182	949	949
M1300_4	M869_4	322	1221	559	559
M178_4	F1771_4	322	1287	177	547
M178_4	F1924_4	322	1297	135	400
M178_4	F2773_4	322	1189	1046	3272
M178_4	F2793_4	322	1159	214	667
M178_4	F482_4	322	1234	565	1796
M178_4	F556_4	322	1311	143	423
M178_4	M1118_4	322	1256	204	656
M178_4	M1168_4	322	1256	38	112
M178_4	M1300_4	322	1296	226	726
M178_4	M2234_4	322	1239	895	2747
M178_4	M450_4	322	1300	960	3044
M178_4	M736_4	322	1184	536	1673
M178_4	M869_4	322	1210	161	514
M2234_4	F1771_4	322	1366	304	564
M2234_4	F1924_4	322	1186	190	358
M2234_4	F2773_4	322	1205	1114	2093
M2234_4	F2793_4	322	1205	311	567
M2234_4	F482_4	322	1267	731	1366
M2234_4	F556_4	322	1253	191	349
M2234_4	M1118_4	322	1241	321	625
M2234_4	M1168_4	322	1379	60	113
M2234_4	M1300_4	322	1154	287	524
M2234_4	M178_4	322	1239	260	483
M2234_4	M450_4	322	1235	1029	1939
M2234_4	M736_4	322	1277	699	1325
M2234_4	M869_4	322	1290	252	472
M450_4	F1771_4	322	1336	843	1181
M450_4	F1924_4	322	1199	660	906
M450_4	F2773_4	322	1280	1268	1763
M450_4	F2793_4	322	1162	819	1170
M450_4	F482_4	322	1401	1259	1756
M450_4	F556_4	322	1266	705	999
M450_4	M1118_4	322	1253	860	1195
M450_4	M1168_4	322	1345	339	449
M450_4	M1300_4	322	1247	899	1242
M450_4	M178_4	322	1300	888	1209
M450_4	M2234_4	322	1235	1200	1682
M450_4	M736_4	322	1175	1052	1495
M450_4	M869_4	322	1169	765	1095
M736_4	F1771_4	322	1275	124	124
M736_4	F1924_4	322	1260	100	100
M736_4	F2773_4	322	1355	1124	1124
M736_4	F2793_4	322	1271	155	155
M736_4	F482_4	322	1238	455	455
M736_4	F556_4	322	1214	80	80
M736_4	M1118_4	322	1151	136	136
M736_4	M1168_4	322	1236	21	21
M736_4	M1300_4	322	1182	146	146
M736_4	M178_4	322	1184	109	109
M736_4	M2234_4	322	1277	830	830
M736_4	M450_4	322	1175	760	760
M736_4	M869_4	322	1289	133	133
M869_4	F1771_4	322	1420	545	1035
M869_4	F1924_4	322	1286	420	765
M869_4	F2773_4	322	1457	1401	2726
M869_4	F2793_4	322	1238	581	1106
M869_4	F482_4	322	1203	921	1753
M869_4	F556_4	322	1223	374	698
M869_4	M1118_4	322	1109	511	981
M869_4	M1168_4	322	1354	138	248
M869_4	M1300_4	322	1221	565	1065
M869_4	M178_4	322	1210	493	920
M869_4	M2234_4	322	1290	1154	2186
M869_4	M450_4	322	1169	1066	1996
M869_4	M736_4	322	1289	959	1787
F1453_4	F1456_4	323	1213	1179	1516
F1453_4	F2326_4	323	1237	277	364
F1453_4	F2408_4	323	1233	827	1049
F1453_4	M1523_4	323	1317	1096	1361
F1453_4	M2341_4	323	1222	192	240
F1453_4	M25_4	323	1232	957	1223
F1453_4	M2655_4	323	1374	359	449
F1453_4	M2726_4	323	1245	80	104
F1453_4	M2750_4	323	1211	262	323
F1453_4	M40_4	323	1227	685	880
F1453_4	M621_4	323	1298	932	1162
F1453_4	M758_4	323	1209	41	49
F1453_4	M953_4	323	1194	601	762
F1456_4	F1453_4	323	1213	1150	1150
F1456_4	F2326_4	323	1288	1183	1183
F1456_4	F2408_4	323	1269	1249	1249
F1456_4	M1523_4	323	1203	1189	1189
F1456_4	M2341_4	323	1225	1029	1029
F1456_4	M25_4	323	1349	1341	1341
F1456_4	M2655_4	323	1326	1205	1205
F1456_4	M2726_4	323	1386	945	945
F1456_4	M2750_4	323	1310	1155	1155
F1456_4	M40_4	323	1342	1300	1300
F1456_4	M621_4	323	1260	1249	1249
F1456_4	M758_4	323	1239	626	626
F1456_4	M953_4	323	1294	1257	1257
F2326_4	F1453_4	323	1237	50	50
F2326_4	F1456_4	323	1288	911	911
F2326_4	F2408_4	323	1389	202	202
F2326_4	M1523_4	323	1291	328	328
F2326_4	M2341_4	323	1366	18	18
F2326_4	M25_4	323	1279	299	299
F2326_4	M2655_4	323	1354	46	46
F2326_4	M2726_4	323	1322	8	8
F2326_4	M2750_4	323	1164	24	24
F2326_4	M40_4	323	1226	114	114
F2326_4	M621_4	323	1348	259	259
F2326_4	M758_4	323	1192	5	5
F2326_4	M953_4	323	1154	107	107
F2408_4	F1453_4	323	1233	415	415
F2408_4	F1456_4	323	1269	1206	1206
F2408_4	F2326_4	323	1389	351	351
F2408_4	M1523_4	323	1072	862	862
F2408_4	M2341_4	323	1212	198	198
F2408_4	M25_4	323	1173	916	916
F2408_4	M2655_4	323	1397	358	358
F2408_4	M2726_4	323	1281	82	82
F2408_4	M2750_4	323	1345	287	287
F2408_4	M40_4	323	1467	845	845
F2408_4	M621_4	323	1177	877	877
F2408_4	M758_4	323	1336	38	38
F2408_4	M953_4	323	1320	684	684
M1523_4	F1453_4	323	1317	35	35
M1523_4	F1456_4	323	1203	738	738
M1523_4	F2326_4	323	1291	13	13
M1523_4	F2408_4	323	1072	109	109
M1523_4	M2341_4	323	1139	12	12
M1523_4	M25_4	323	1299	203	203
M1523_4	M2655_4	323	1220	24	24
M1523_4	M2726_4	323	1379	5	5
M1523_4	M2750_4	323	1337	22	22
M1523_4	M40_4	323	1154	75	75
M1523_4	M621_4	323	1490	194	194
M1523_4	M758_4	323	1262	4	4
M1523_4	M953_4	323	1239	82	82
M2341_4	F1453_4	323	1222	894	894
M2341_4	F1456_4	323	1225	1218	1218
M2341_4	F2326_4	323	1366	855	855
M2341_4	F2408_4	323	1212	1101	1101
M2341_4	M1523_4	323	1139	1077	1077
M2341_4	M25_4	323	1294	1216	1216
M2341_4	M2655_4	323	1282	788	788
M2341_4	M2726_4	323	1226	304	304
M2341_4	M2750_4	323	1252	718	718
M2341_4	M40_4	323	1179	1011	1011
M2341_4	M621_4	323	1166	1082	1082
M2341_4	M758_4	323	1354	177	177
M2341_4	M953_4	323	1263	1046	1046
M25_4	F1453_4	323	1232	225	564
M25_4	F1456_4	323	1349	1247	3076
M25_4	F2326_4	323	1279	164	387
M25_4	F2408_4	323	1173	494	1248
M25_4	M1523_4	323	1299	789	2006
M25_4	M2341_4	323	1294	82	199
M25_4	M2655_4	323	1120	132	343
M25_4	M2726_4	323	1254	20	51
M25_4	M2750_4	323	1123	115	290
M25_4	M40_4	323	1376	424	1066
M25_4	M621_4	323	1261	655	1643
M25_4	M758_4	323	1294	23	51
M25_4	M953_4	323	1218	345	841
M2655_4	F1453_4	323	1374	602	602
M2655_4	F1456_4	323	1326	1272	1272
M2655_4	F2326_4	323	1354	444	444
M2655_4	F2408_4	323	1397	1010	1010
M2655_4	M1523_4	323	1220	1045	1045
M2655_4	M2341_4	323	1282	233	233
M2655_4	M25_4	323	1120	907	907
M2655_4	M2726_4	323	1333	105	105
M2655_4	M2750_4	323	1283	318	318
M2655_4	M40_4	323	1227	802	802
M2655_4	M621_4	323	1341	1040	1040
M2655_4	M758_4	323	1251	62	62
M2655_4	M953_4	323	1319	798	798
M2726_4	F1453_4	323	1245	153	153
M2726_4	F1456_4	323	1386	1190	1190
M2726_4	F2326_4	323	1322	97	97
M2726_4	F2408_4	323	1281	403	403
M2726_4	M1523_4	323	1379	648	648
M2726_4	M2341_4	323	1226	41	41
M2726_4	M25_4	323	1254	565	565
M2726_4	M2655_4	323	1333	103	103
M2726_4	M2750_4	323	1383	57	57
M2726_4	M40_4	323	1283	265	265
M2726_4	M621_4	323	1230	446	446
M2726_4	M758_4	323	1087	8	8
M2726_4	M953_4	323	1304	276	276
M2750_4	F1453_4	323	1211	937	996
M2750_4	F1456_4	323	1310	1303	1383
M2750_4	F2326_4	323	1164	830	881
M2750_4	F2408_4	323	1345	1252	1320
M2750_4	M1523_4	323	1337	1286	1352
M2750_4	M2341_4	323	1252	707	756
M2750_4	M25_4	323	1123	1081	1152
M2750_4	M2655_4	323	1283	883	927
M2750_4	M2726_4	323	1383	481	514
M2750_4	M40_4	323	1116	1017	1087
M2750_4	M621_4	323	1196	1140	1223
M2750_4	M758_4	323	1219	227	245
M2750_4	M953_4	323	1180	1029	1095
M40_4	F1453_4	323	1227	248	248
M40_4	F1456_4	323	1342	1255	1255
M40_4	F2326_4	323	1226	189	189
M40_4	F2408_4	323	1467	731	731
M40_4	M1523_4	323	1154	762	762
M40_4	M2341_4	323	1179	84	84
M40_4	M25_4	323	1376	893	893
M40_4	M2655_4	323	1227	164	164
M40_4	M2726_4	323	1283	40	40
M40_4	M2750_4	323	1116	138	138
M40_4	M621_4	323	1219	719	719
M40_4	M758_4	323	1222	28	28
M40_4	M953_4	323	1194	386	386
M621_4	F1453_4	323	1298	422	422
M621_4	F1456_4	323	1260	1226	1226
M621_4	F2326_4	323	1348	311	311
M621_4	F2408_4	323	1177	731	731
M621_4	M1523_4	323	1490	1203	1203
M621_4	M2341_4	323	1166	168	168
M621_4	M25_4	323	1261	949	949
M621_4	M2655_4	323	1341	287	287
M621_4	M2726_4	323	1230	81	81
M621_4	M2750_4	323	1196	243	243
M621_4	M40_4	323	1219	584	584
M621_4	M758_4	323	1502	46	46
M621_4	M953_4	323	1168	552	552
M758_4	F1453_4	323	1209	174	174
M758_4	F1456_4	323	1239	1092	1092
M758_4	F2326_4	323	1192	118	118
M758_4	F2408_4	323	1336	457	457
M758_4	M1523_4	323	1262	716	716
M758_4	M2341_4	323	1354	55	55
M758_4	M25_4	323	1294	650	650
M758_4	M2655_4	323	1251	110	110
M758_4	M2726_4	323	1087	17	17
M758_4	M2750_4	323	1219	79	79
M758_4	M40_4	323	1222	325	325
M758_4	M621_4	323	1502	652	652
M758_4	M953_4	323	1272	283	283
M953_4	F1453_4	323	1194	105	187
M953_4	F1456_4	323	1294	1074	2010
M953_4	F2326_4	323	1154	56	110
M953_4	F2408_4	323	1320	324	626
M953_4	M1523_4	323	1239	467	889
M953_4	M2341_4	323	1263	38	72
M953_4	M25_4	323	1218	439	819
M953_4	M2655_4	323	1319	78	127
M953_4	M2726_4	323	1304	15	29
M953_4	M2750_4	323	1180	50	105
M953_4	M40_4	323	1194	180	336
M953_4	M621_4	323	1168	364	693
M953_4	M758_4	323	1272	10	22
F1495_4	F1637_4	324	1452	110	159
F1495_4	F1810_4	324	1288	320	448
F1495_4	F1895_4	324	1360	861	1247
F1495_4	F2158_4	324	1308	696	993
F1495_4	F2461_4	324	1311	51	79
F1495_4	F573_4	324	1276	820	1205
F1495_4	F776_4	324	1323	617	900
F1495_4	M1123_4	324	1255	1093	1568
F1495_4	M1227_4	324	1340	1095	1599
F1495_4	M20_4	324	1314	886	1283
F1495_4	M2397_4	324	1288	472	685
F1495_4	M44_4	324	1412	485	691
F1495_4	M717_4	324	1159	305	444
F1637_4	F1495_4	324	1452	798	1882
F1637_4	F1810_4	324	1365	563	1285
F1637_4	F1895_4	324	1307	1053	2383
F1637_4	F2158_4	324	1148	854	1822
F1637_4	F2461_4	324	1229	107	228
F1637_4	F573_4	324	1186	979	2224
F1637_4	F776_4	324	1324	947	2053
F1637_4	M1123_4	324	1271	1205	2688
F1637_4	M1227_4	324	1287	1164	2599
F1637_4	M20_4	324	1111	935	2101
F1637_4	M2397_4	324	1231	730	1623
F1637_4	M44_4	324	1236	713	1613
F1637_4	M717_4	324	1212	601	1321
F1810_4	F1495_4	324	1288	127	127
F1810_4	F1637_4	324	1365	32	32
F1810_4	F1895_4	324	1152	307	307
F1810_4	F2158_4	324	1337	295	295
F1810_4	F2461_4	324	1202	6	6
F1810_4	F573_4	324	1247	416	416
F1810_4	F776_4	324	1279	267	267
F1810_4	M1123_4	324	1108	744	744
F1810_4	M1227_4	324	1267	626	626
F1810_4	M20_4	324	1141	407	407
F1810_4	M2397_4	324	1251	146	146
F1810_4	M44_4	324	1213	157	157
F1810_4	M717_4	324	1327	122	122
F1895_4	F1495_4	324	1360	993	1030
F1895_4	F1637_4	324	1307	420	434
F1895_4	F1810_4	324	1152	751	788
F1895_4	F2158_4	324	1192	1038	1072
F1895_4	F2461_4	324	1166	208	213
F1895_4	F573_4	324	1292	1204	1271
F1895_4	F776_4	324	1212	1031	1087
F1895_4	M1123_4	324	1208	1176	1228
F1895_4	M1227_4	324	1282	1238	1290
F1895_4	M20_4	324	1176	1076	1119
F1895_4	M2397_4	324	1349	1058	1114
F1895_4	M44_4	324	1265	985	1033
F1895_4	M717_4	324	1304	923	974
F2158_4	F1495_4	324	1308	1155	1594
F2158_4	F1637_4	324	1148	617	863
F2158_4	F1810_4	324	1337	1123	1548
F2158_4	F1895_4	324	1192	1145	1607
F2158_4	F2461_4	324	1277	464	646
F2158_4	F573_4	324	1202	1159	1565
F2158_4	F776_4	324	1343	1257	1706
F2158_4	M1123_4	324	1254	1242	1712
F2158_4	M1227_4	324	1266	1242	1728
F2158_4	M20_4	324	1218	1181	1648
F2158_4	M2397_4	324	1202	1094	1496
F2158_4	M44_4	324	1312	1160	1584
F2158_4	M717_4	324	1161	1001	1366
F2461_4	F1495_4	324	1311	724	1381
F2461_4	F1637_4	324	1229	232	440
F2461_4	F1810_4	324	1202	593	1077
F2461_4	F1895_4	324	1166	959	1740
F2461_4	F2158_4	324	1277	987	1836
F2461_4	F573_4	324	1334	1117	2049
F2461_4	F776_4	324	1259	933	1705
F2461_4	M1123_4	324	1186	1133	2068
F2461_4	M1227_4	324	1369	1269	2333
F2461_4	M20_4	324	1286	1117	2100
F2461_4	M2397_4	324	1222	772	1435
F2461_4	M44_4	324	1269	768	1383
F2461_4	M717_4	324	1351	718	1287
F573_4	F1495_4	324	1276	831	831
F573_4	F1637_4	324	1186	287	287
F573_4	F1810_4	324	1247	697	697
F573_4	F1895_4	324	1292	1107	1107
F573_4	F2158_4	324	1202	986	986
F573_4	F2461_4	324	1334	187	187
F573_4	F776_4	324	1151	947	947
F573_4	M1123_4	324	1268	1230	1230
F573_4	M1227_4	324	1392	1314	1314
F573_4	M20_4	324	1450	1288	1288
F573_4	M2397_4	324	1297	935	935
F573_4	M44_4	324	1384	934	934
F573_4	M717_4	324	1453	836	836
F776_4	F1495_4	324	1323	422	579
F776_4	F1637_4	324	1324	104	146
F776_4	F1810_4	324	1279	311	424
F776_4	F1895_4	324	1212	725	985
F776_4	F2158_4	324	1343	687	947
F776_4	F2461_4	324	1259	54	76
F776_4	F573_4	324	1151	767	1028
F776_4	M1123_4	324	1331	1178	1587
F776_4	M1227_4	324	1203	959	1284
F776_4	M20_4	324	1273	842	1123
F776_4	M2397_4	324	1210	433	585
F776_4	M44_4	324	1193	415	550
F776_4	M717_4	324	1300	359	479
M1123_4	F1495_4	324	1255	984	3752
M1123_4	F1637_4	324	1271	441	1718
M1123_4	F1810_4	324	1108	751	2963
M1123_4	F1895_4	324	1208	1116	4278
M1123_4	F2158_4	324	1254	1126	4356
M1123_4	F2461_4	324	1186	264	1041
M1123_4	F573_4	324	1268	1174	4388
M1123_4	F776_4	324	1331	1173	4445
M1123_4	M1227_4	324	1399	1366	5268
M1123_4	M20_4	324	1190	1103	4157
M1123_4	M2397_4	324	1212	987	3767
M1123_4	M44_4	324	1179	932	3563
M1123_4	M717_4	324	1357	973	3715
M1227_4	F1495_4	324	1340	1274	2755
M1227_4	F1637_4	324	1287	956	2097
M1227_4	F1810_4	324	1267	1164	2533
M1227_4	F1895_4	324	1282	1263	2759
M1227_4	F2158_4	324	1266	1232	2749
M1227_4	F2461_4	324	1369	757	1673
M1227_4	F573_4	324	1392	1367	3115
M1227_4	F776_4	324	1203	1165	2606
M1227_4	M1123_4	324	1399	1396	3083
M1227_4	M20_4	324	1303	1288	2808
M1227_4	M2397_4	324	1286	1237	2798
M1227_4	M44_4	324	1271	1209	2637
M1227_4	M717_4	324	1235	1158	2538
M20_4	F1495_4	324	1314	1224	1508
M20_4	F1637_4	324	1111	699	837
M20_4	F1810_4	324	1141	966	1168
M20_4	F1895_4	324	1176	1144	1406
M20_4	F2158_4	324	1218	1165	1399
M20_4	F2461_4	324	1286	574	710
M20_4	F573_4	324	1450	1411	1725
M20_4	F776_4	324	1273	1211	1460
M20_4	M1123_4	324	1190	1183	1434
M20_4	M1227_4	324	1303	1291	1557
M20_4	M2397_4	324	1231	1148	1410
M20_4	M44_4	324	1165	1071	1305
M20_4	M717_4	324	1213	1068	1312
M2397_4	F1495_4	324	1288	696	2185
M2397_4	F1637_4	324	1231	225	698
M2397_4	F1810_4	324	1251	588	1915
M2397_4	F1895_4	324	1349	1116	3585
M2397_4	F2158_4	324	1202	910	2980
M2397_4	F2461_4	324	1222	118	369
M2397_4	F573_4	324	1297	1084	3599
M2397_4	F776_4	324	1210	873	2750
M2397_4	M1123_4	324	1212	1158	3702
M2397_4	M1227_4	324	1286	1188	3842
M2397_4	M20_4	324	1231	1037	3293
M2397_4	M44_4	324	1166	670	2152
M2397_4	M717_4	324	1207	602	1954
M44_4	F1495_4	324	1412	66	139
M44_4	F1637_4	324	1236	11	21
M44_4	F1810_4	324	1213	28	54
M44_4	F1895_4	324	1265	183	375
M44_4	F2158_4	324	1312	132	260
M44_4	F2461_4	324	1269	5	12
M44_4	F573_4	324	1384	210	405
M44_4	F776_4	324	1193	115	227
M44_4	M1123_4	324	1179	483	982
M44_4	M1227_4	324	1271	338	683
M44_4	M20_4	324	1165	206	401
M44_4	M2397_4	324	1166	64	139
M44_4	M717_4	324	1217	51	93
M717_4	F1495_4	324	1159	416	1643
M717_4	F1637_4	324	1212	85	327
M717_4	F1810_4	324	1327	308	1229
M717_4	F1895_4	324	1304	825	3249
M717_4	F2158_4	324	1161	618	2494
M717_4	F2461_4	324	1351	53	205
M717_4	F573_4	324	1453	981	4045
M717_4	F776_4	324	1300	614	2464
M717_4	M1123_4	324	1357	1173	4778
M717_4	M1227_4	324	1235	1000	4009
M717_4	M20_4	324	1213	864	3410
M717_4	M2397_4	324	1207	459	1816
M717_4	M44_4	324	1217	416	1701
F1200_4	F1512_4	325	1188	87	87
F1200_4	F1757_4	325	1192	112	112
F1200_4	F2487_4	325	1293	203	203
F1200_4	M1518_4	325	1084	426	426
F1200_4	M1646_4	325	1210	365	365
F1200_4	M1744_4	325	1297	47	47
F1200_4	M2033_4	325	1187	898	898
F1200_4	M2194_4	325	1278	173	173
F1200_4	M22_4	325	1310	578	578
F1200_4	M2395_4	325	1341	115	115
F1200_4	M247_4	325	1435	382	382
F1200_4	M722_4	325	1127	80	80
F1200_4	M753_4	325	1251	350	350
F1512_4	F1200_4	325	1188	352	620
F1512_4	F1757_4	325	1329	488	886
F1512_4	F2487_4	325	1180	604	1071
F1512_4	M1518_4	325	1180	934	1617
F1512_4	M1646_4	325	1178	817	1378
F1512_4	M1744_4	325	1387	248	450
F1512_4	M2033_4	325	1205	1139	1988
F1512_4	M2194_4	325	1109	553	978
F1512_4	M22_4	325	1121	924	1616
F1512_4	M2395_4	325	1139	411	730
F1512_4	M247_4	325	1246	795	1397
F1512_4	M722_4	325	1447	382	707
F1512_4	M753_4	325	1376	938	1634
F1757_4	F1200_4	325	1192	442	442
F1757_4	F1512_4	325	1329	465	465
F1757_4	F2487_4	325	1214	773	773
F1757_4	M1518_4	325	1281	1107	1107
F1757_4	M1646_4	325	1269	998	998
F1757_4	M1744_4	325	1187	325	325
F1757_4	M2033_4	325	1280	1230	1230
F1757_4	M2194_4	325	1356	833	833
F1757_4	M22_4	325	1283	1117	1117
F1757_4	M2395_4	325	1239	561	561
F1757_4	M247_4	325	1292	1003	1003
F1757_4	M722_4	325	1166	460	460
F1757_4	M753_4	325	1375	1093	1093
F2487_4	F1200_4	325	1293	886	1991
F2487_4	F1512_4	325	1180	755	1747
F2487_4	F1757_4	325	1214	933	2126
F2487_4	M1518_4	325	1149	1093	2555
F2487_4	M1646_4	325	1219	1139	2592
F2487_4	M1744_4	325	1537	812	1879
F2487_4	M2033_4	325	1179	1166	2676
F2487_4	M2194_4	325	1167	988	2303
F2487_4	M22_4	325	1404	1349	3145
F2487_4	M2395_4	325	1437	1052	2375
F2487_4	M247_4	325	1234	1142	2625
F2487_4	M722_4	325	1114	774	1822
F2487_4	M753_4	325	1286	1179	2665
M1518_4	F1200_4	325	1084	418	690
M1518_4	F1512_4	325	1180	428	744
M1518_4	F1757_4	325	1281	650	1103
M1518_4	F2487_4	325	1149	733	1259
M1518_4	M1646_4	325	1170	922	1561
M1518_4	M1744_4	325	1144	324	544
M1518_4	M2033_4	325	1224	1176	2035
M1518_4	M2194_4	325	1252	779	1332
M1518_4	M22_4	325	1280	1146	1931
M1518_4	M2395_4	325	1246	565	958
M1518_4	M247_4	325	1282	984	1653
M1518_4	M722_4	325	1258	506	860
M1518_4	M753_4	325	1127	888	1512
M1646_4	F1200_4	325	1210	136	228
M1646_4	F1512_4	325	1178	127	206
M1646_4	F1757_4	325	1269	232	361
M1646_4	F2487_4	325	1219	337	565
M1646_4	M1518_4	325	1170	626	995
M1646_4	M1744_4	325	1252	87	127
M1646_4	M2033_4	325	1306	1099	1766
M1646_4	M2194_4	325	1151	311	483
M1646_4	M22_4	325	1371	829	1360
M1646_4	M2395_4	325	1281	185	291
M1646_4	M247_4	325	1212	539	848
M1646_4	M722_4	325	1287	133	213
M1646_4	M753_4	325	1159	471	738
M1744_4	F1200_4	325	1297	155	321
M1744_4	F1512_4	325	1387	159	338
M1744_4	F1757_4	325	1187	250	536
M1744_4	F2487_4	325	1537	487	1047
M1744_4	M1518_4	325	1144	732	1558
M1744_4	M1646_4	325	1252	637	1366
M1744_4	M2033_4	325	1309	1136	2449
M1744_4	M2194_4	325	1279	346	733
M1744_4	M22_4	325	1283	859	1857
M1744_4	M2395_4	325	1345	242	523
M1744_4	M247_4	325	1375	617	1315
M1744_4	M722_4	325	1109	171	379
M1744_4	M753_4	325	1492	735	1600
M2033_4	F1200_4	325	1187	49	49
M2033_4	F1512_4	325	1205	38	38
M2033_4	F1757_4	325	1280	72	72
M2033_4	F2487_4	325	1179	106	106
M2033_4	M1518_4	325	1224	316	316
M2033_4	M1646_4	325	1306	280	280
M2033_4	M1744_4	325	1309	23	23
M2033_4	M2194_4	325	1282	114	114
M2033_4	M22_4	325	1377	430	430
M2033_4	M2395_4	325	1410	55	55
M2033_4	M247_4	325	1246	218	218
M2033_4	M722_4	325	1302	50	50
M2033_4	M753_4	325	1407	266	266
M2194_4	F1200_4	325	1278	564	1687
M2194_4	F1512_4	325	1109	469	1432
M2194_4	F1757_4	325	1356	798	2429
M2194_4	F2487_4	325	1167	835	2598
M2194_4	M1518_4	325	1252	1121	3470
M2194_4	M1646_4	325	1151	987	3003
M2194_4	M1744_4	325	1279	421	1286
M2194_4	M2033_4	325	1282	1246	3830
M2194_4	M22_4	325	1158	1058	3260
M2194_4	M2395_4	325	1340	719	2182
M2194_4	M247_4	325	1304	1070	3181
M2194_4	M722_4	325	1260	580	1793
M2194_4	M753_4	325	1446	1231	3753
M22_4	F1200_4	325	1310	48	103
M22_4	F1512_4	325	1121	43	95
M22_4	F1757_4	325	1283	75	158
M22_4	F2487_4	325	1404	115	245
M22_4	M1518_4	325	1280	334	772
M22_4	M1646_4	325	1371	256	572
M22_4	M1744_4	325	1283	15	34
M22_4	M2033_4	325	1377	844	1919
M22_4	M2194_4	325	1158	91	208
M22_4	M2395_4	325	1375	44	106
M22_4	M247_4	325	1233	189	442
M22_4	M722_4	325	1385	52	112
M22_4	M753_4	325	1321	210	488
M2395_4	F1200_4	325	1341	638	1738
M2395_4	F1512_4	325	1139	517	1371
M2395_4	F1757_4	325	1239	761	2109
M2395_4	F2487_4	325	1437	1012	2688
M2395_4	M1518_4	325	1246	1118	3028
M2395_4	M1646_4	325	1281	1098	2974
M2395_4	M1744_4	325	1345	487	1313
M2395_4	M2033_4	325	1410	1375	3679
M2395_4	M2194_4	325	1340	934	2463
M2395_4	M22_4	325	1375	1255	3267
M2395_4	M247_4	325	1270	1051	2826
M2395_4	M722_4	325	1248	617	1630
M2395_4	M753_4	325	1181	976	2593
M247_4	F1200_4	325	1435	396	396
M247_4	F1512_4	325	1246	306	306
M247_4	F1757_4	325	1292	535	535
M247_4	F2487_4	325	1234	663	663
M247_4	M1518_4	325	1282	1034	1034
M247_4	M1646_4	325	1212	873	873
M247_4	M1744_4	325	1375	270	270
M247_4	M2033_4	325	1246	1178	1178
M247_4	M2194_4	325	1304	657	657
M247_4	M22_4	325	1233	1058	1058
M247_4	M2395_4	325	1270	445	445
M247_4	M722_4	325	1312	423	423
M247_4	M753_4	325	1323	934	934
M722_4	F1200_4	325	1127	610	610
M722_4	F1512_4	325	1447	756	756
M722_4	F1757_4	325	1166	764	764
M722_4	F2487_4	325	1114	876	876
M722_4	M1518_4	325	1258	1159	1159
M722_4	M1646_4	325	1287	1130	1130
M722_4	M1744_4	325	1109	452	452
M722_4	M2033_4	325	1302	1281	1281
M722_4	M2194_4	325	1260	950	950
M722_4	M22_4	325	1385	1286	1286
M722_4	M2395_4	325	1248	765	765
M722_4	M247_4	325	1312	1150	1150
M722_4	M753_4	325	1371	1227	1227
M753_4	F1200_4	325	1251	158	387
M753_4	F1512_4	325	1376	146	356
M753_4	F1757_4	325	1375	265	658
M753_4	F2487_4	325	1286	352	854
M753_4	M1518_4	325	1127	662	1596
M753_4	M1646_4	325	1159	546	1342
M753_4	M1744_4	325	1492	116	271
M753_4	M2033_4	325	1407	1229	2971
M753_4	M2194_4	325	1446	367	870
M753_4	M22_4	325	1321	813	1918
M753_4	M2395_4	325	1181	187	450
M753_4	M247_4	325	1323	571	1427
M753_4	M722_4	325	1371	186	476
F1227_4	F1965_4	326	1140	383	852
F1227_4	F2034_4	326	1237	402	934
F1227_4	F2130_4	326	1267	186	425
F1227_4	F2435_4	326	1375	696	1551
F1227_4	F905_4	326	1351	734	1690
F1227_4	M1404_4	326	1169	301	705
F1227_4	M153_4	326	1146	61	125
F1227_4	M1987_4	326	1305	580	1315
F1227_4	M2170_4	326	1175	261	615
F1227_4	M2192_4	326	1250	42	97
F1227_4	M2419_4	326	1136	731	1623
F1227_4	M274_4	326	1199	888	2078
F1227_4	M626_4	326	1233	325	747
F1965_4	F1227_4	326	1140	1000	1369
F1965_4	F2034_4	326	1187	858	1190
F1965_4	F2130_4	326	1266	619	848
F1965_4	F2435_4	326	1417	1205	1667
F1965_4	F905_4	326	1280	1067	1456
F1965_4	M1404_4	326	1201	797	1095
F1965_4	M153_4	326	1095	272	392
F1965_4	M1987_4	326	1152	930	1259
F1965_4	M2170_4	326	1387	850	1111
F1965_4	M2192_4	326	1225	165	226
F1965_4	M2419_4	326	1274	1157	1561
F1965_4	M274_4	326	1264	1179	1624
F1965_4	M626_4	326	1163	748	1024
F2034_4	F1227_4	326	1237	1113	1113
F2034_4	F1965_4	326	1187	914	914
F2034_4	F2130_4	326	1344	743	743
F2034_4	F2435_4	326	1271	1132	1132
F2034_4	F905_4	326	1211	1099	1099
F2034_4	M1404_4	326	1396	985	985
F2034_4	M153_4	326	1327	347	347
F2034_4	M1987_4	326	1216	1057	1057
F2034_4	M2170_4	326	1389	948	948
F2034_4	M2192_4	326	1226	198	198
F2034_4	M2419_4	326	1246	1152	1152
F2034_4	M274_4	326	1281	1226	1226
F2034_4	M626_4	326	1162	858	858
F2130_4	F1227_4	326	1267	1097	2787
F2130_4	F1965_4	326	1266	867	2240
F2130_4	F2034_4	326	1344	935	2464
F2130_4	F2435_4	326	1335	1128	2880
F2130_4	F905_4	326	1228	1047	2733
F2130_4	M1404_4	326	1279	766	1999
F2130_4	M153_4	326	1202	243	599
F2130_4	M1987_4	326	1233	956	2408
F2130_4	M2170_4	326	1188	683	1732
F2130_4	M2192_4	326	1207	142	377
F2130_4	M2419_4	326	1258	1115	2867
F2130_4	M274_4	326	1259	1191	3099
F2130_4	M626_4	326	1196	764	1958
F2435_4	F1227_4	326	1375	718	816
F2435_4	F1965_4	326	1417	378	426
F2435_4	F2034_4	326	1271	352	393
F2435_4	F2130_4	326	1335	162	173
F2435_4	F905_4	326	1237	580	680
F2435_4	M1404_4	326	1196	255	282
F2435_4	M153_4	326	1259	44	46
F2435_4	M1987_4	326	1387	524	595
F2435_4	M2170_4	326	1273	237	262
F2435_4	M2192_4	326	1338	37	42
F2435_4	M2419_4	326	1305	694	783
F2435_4	M274_4	326	1313	917	1054
F2435_4	M626_4	326	1285	273	309
F905_4	F1227_4	326	1351	1247	3182
F905_4	F1965_4	326	1280	1050	2580
F905_4	F2034_4	326	1211	1014	2513
F905_4	F2130_4	326	1228	788	1932
F905_4	F2435_4	326	1237	1139	2795
F905_4	M1404_4	326	1353	1042	2598
F905_4	M153_4	326	1303	440	1122
F905_4	M1987_4	326	1356	1196	3025
F905_4	M2170_4	326	1256	916	2278
F905_4	M2192_4	326	1108	246	629
F905_4	M2419_4	326	1277	1204	2951
F905_4	M274_4	326	1238	1195	2897
F905_4	M626_4	326	1204	943	2349
M1404_4	F1227_4	326	1169	1060	1060
M1404_4	F1965_4	326	1201	911	911
M1404_4	F2034_4	326	1396	1114	1114
M1404_4	F2130_4	326	1279	735	735
M1404_4	F2435_4	326	1196	1060	1060
M1404_4	F905_4	326	1353	1219	1219
M1404_4	M153_4	326	1375	398	398
M1404_4	M1987_4	326	1282	1086	1086
M1404_4	M2170_4	326	1388	985	985
M1404_4	M2192_4	326	1228	229	229
M1404_4	M2419_4	326	1125	1043	1043
M1404_4	M274_4	326	1278	1218	1218
M1404_4	M626_4	326	1116	802	802
M153_4	F1227_4	326	1146	1020	1420
M153_4	F1965_4	326	1095	738	1019
M153_4	F2034_4	326	1327	944	1330
M153_4	F2130_4	326	1202	513	704
M153_4	F2435_4	326	1259	1039	1426
M153_4	F905_4	326	1303	1093	1560
M153_4	M1404_4	326	1375	861	1200
M153_4	M1987_4	326	1595	1237	1727
M153_4	M2170_4	326	1246	723	1004
M153_4	M2192_4	326	1244	157	206
M153_4	M2419_4	326	1241	1116	1587
M153_4	M274_4	326	1317	1238	1717
M153_4	M626_4	326	1198	764	1050
M1987_4	F1227_4	326	1305	1235	1848
M1987_4	F1965_4	326	1152	984	1471
M1987_4	F2034_4	326	1216	1057	1578
M1987_4	F2130_4	326	1233	863	1312
M1987_4	F2435_4	326	1387	1282	1935
M1987_4	F905_4	326	1356	1286	1923
M1987_4	M1404_4	326	1282	1056	1601
M1987_4	M153_4	326	1595	649	968
M1987_4	M2170_4	326	1364	1096	1628
M1987_4	M2192_4	326	1370	372	582
M1987_4	M2419_4	326	1257	1199	1815
M1987_4	M274_4	326	1232	1200	1863
M1987_4	M626_4	326	1120	930	1406
M2170_4	F1227_4	326	1175	1059	2198
M2170_4	F1965_4	326	1387	1009	2129
M2170_4	F2034_4	326	1389	1034	2173
M2170_4	F2130_4	326	1188	542	1115
M2170_4	F2435_4	326	1273	1078	2254
M2170_4	F905_4	326	1256	1087	2218
M2170_4	M1404_4	326	1388	952	1936
M2170_4	M153_4	326	1246	299	609
M2170_4	M1987_4	326	1364	1076	2280
M2170_4	M2192_4	326	1276	172	365
M2170_4	M2419_4	326	1372	1240	2552
M2170_4	M274_4	326	1371	1303	2710
M2170_4	M626_4	326	1173	800	1636
M2192_4	F1227_4	326	1250	811	855
M2192_4	F1965_4	326	1225	477	505
M2192_4	F2034_4	326	1226	490	520
M2192_4	F2130_4	326	1207	251	269
M2192_4	F2435_4	326	1338	772	824
M2192_4	F905_4	326	1108	683	730
M2192_4	M1404_4	326	1228	408	434
M2192_4	M153_4	326	1244	94	100
M2192_4	M1987_4	326	1370	699	748
M2192_4	M2170_4	326	1276	365	386
M2192_4	M2419_4	326	1291	910	983
M2192_4	M274_4	326	1167	941	1001
M2192_4	M626_4	326	1204	402	426
M2419_4	F1227_4	326	1136	1104	2732
M2419_4	F1965_4	326	1274	1158	2889
M2419_4	F2034_4	326	1246	1116	2757
M2419_4	F2130_4	326	1258	949	2325
M2419_4	F2435_4	326	1305	1259	3077
M2419_4	F905_4	326	1277	1192	2996
M2419_4	M1404_4	326	1125	984	2480
M2419_4	M153_4	326	1241	635	1569
M2419_4	M1987_4	326	1257	1154	2843
M2419_4	M2170_4	326	1372	1139	2834
M2419_4	M2192_4	326	1291	436	1080
M2419_4	M274_4	326	1385	1361	3328
M2419_4	M626_4	326	1215	1048	2567
M274_4	F1227_4	326	1199	723	723
M274_4	F1965_4	326	1264	369	369
M274_4	F2034_4	326	1281	415	415
M274_4	F2130_4	326	1259	209	209
M274_4	F2435_4	326	1313	691	691
M274_4	F905_4	326	1238	630	630
M274_4	M1404_4	326	1278	325	325
M274_4	M153_4	326	1317	70	70
M274_4	M1987_4	326	1232	508	508
M274_4	M2170_4	326	1371	299	299
M274_4	M2192_4	326	1167	26	26
M274_4	M2419_4	326	1385	876	876
M274_4	M626_4	326	1374	357	357
M626_4	F1227_4	326	1233	1169	1684
M626_4	F1965_4	326	1163	997	1423
M626_4	F2034_4	326	1162	1019	1417
M626_4	F2130_4	326	1196	848	1209
M626_4	F2435_4	326	1285	1197	1744
M626_4	F905_4	326	1204	1138	1653
M626_4	M1404_4	326	1116	951	1414
M626_4	M153_4	326	1198	503	700
M626_4	M1987_4	326	1120	1015	1473
M626_4	M2170_4	326	1173	935	1353
M626_4	M2192_4	326	1204	323	480
M626_4	M2419_4	326	1215	1147	1606
M626_4	M274_4	326	1374	1335	1886
F1095_4	F159_4	327	1191	924	1043
F1095_4	F1886_4	327	1227	464	528
F1095_4	F2168_4	327	1318	362	402
F1095_4	F2375_4	327	1385	115	128
F1095_4	F2505_4	327	1221	315	357
F1095_4	F267_4	327	1337	176	202
F1095_4	F881_4	327	1288	464	516
F1095_4	M122_4	327	1186	356	397
F1095_4	M1402_4	327	1235	941	1077
F1095_4	M2265_4	327	1193	150	170
F1095_4	M2411_4	327	1335	91	107
F1095_4	M2521_4	327	1297	458	523
F1095_4	M544_4	327	1204	115	129
F159_4	F1095_4	327	1191	188	188
F159_4	F1886_4	327	1186	365	365
F159_4	F2168_4	327	1228	297	297
F159_4	F2375_4	327	1026	78	78
F159_4	F2505_4	327	1124	235	235
F159_4	F267_4	327	1270	125	125
F159_4	F881_4	327	1212	380	380
F159_4	M122_4	327	1251	343	343
F159_4	M1402_4	327	1215	887	887
F159_4	M2265_4	327	1313	155	155
F159_4	M2411_4	327	1383	59	59
F159_4	M2521_4	327	1326	396	396
F159_4	M544_4	327	1334	101	101
F1886_4	F1095_4	327	1227	869	869
F1886_4	F159_4	327	1186	1150	1150
F1886_4	F2168_4	327	1321	1000	1000
F1886_4	F2375_4	327	1210	513	513
F1886_4	F2505_4	327	1244	944	944
F1886_4	F267_4	327	1348	703	703
F1886_4	F881_4	327	1286	1045	1045
F1886_4	M122_4	327	1271	1023	1023
F1886_4	M1402_4	327	1279	1234	1234
F1886_4	M2265_4	327	1211	693	693
F1886_4	M2411_4	327	1170	419	419
F1886_4	M2521_4	327	1378	1167	1167
F1886_4	M544_4	327	1197	613	613
F2168_4	F1095_4	327	1318	90	90
F2168_4	F159_4	327	1228	641	641
F2168_4	F1886_4	327	1321	238	238
F2168_4	F2375_4	327	1149	26	26
F2168_4	F2505_4	327	1103	115	115
F2168_4	F267_4	327	1250	56	56
F2168_4	F881_4	327	1216	191	191
F2168_4	M122_4	327	1392	176	176
F2168_4	M1402_4	327	1272	660	660
F2168_4	M2265_4	327	1188	65	65
F2168_4	M2411_4	327	1389	32	32
F2168_4	M2521_4	327	1359	221	221
F2168_4	M544_4	327	1210	49	49
F2375_4	F1095_4	327	1385	699	699
F2375_4	F159_4	327	1026	960	960
F2375_4	F1886_4	327	1210	871	871
F2375_4	F2168_4	327	1149	715	715
F2375_4	F2505_4	327	1351	789	789
F2375_4	F267_4	327	1246	405	405
F2375_4	F881_4	327	1130	786	786
F2375_4	M122_4	327	1174	753	753
F2375_4	M1402_4	327	1259	1171	1171
F2375_4	M2265_4	327	1240	484	484
F2375_4	M2411_4	327	1277	296	296
F2375_4	M2521_4	327	1286	889	889
F2375_4	M544_4	327	1148	371	371
F2505_4	F1095_4	327	1221	50	152
F2505_4	F159_4	327	1124	393	1316
F2505_4	F1886_4	327	1244	105	363
F2505_4	F2168_4	327	1103	77	249
F2505_4	F2375_4	327	1351	20	61
F2505_4	F267_4	327	1178	27	90
F2505_4	F881_4	327	1153	86	277
F2505_4	M122_4	327	1286	87	265
F2505_4	M1402_4	327	1236	410	1308
F2505_4	M2265_4	327	1219	35	112
F2505_4	M2411_4	327	1230	7	17
F2505_4	M2521_4	327	1303	110	379
F2505_4	M544_4	327	1240	14	37
F267_4	F1095_4	327	1337	1084	1084
F267_4	F159_4	327	1270	1250	1250
F267_4	F1886_4	327	1348	1234	1234
F267_4	F2168_4	327	1250	1114	1114
F267_4	F2375_4	327	1246	790	790
F267_4	F2505_4	327	1178	1031	1031
F267_4	F881_4	327	1278	1181	1181
F267_4	M122_4	327	1233	1119	1119
F267_4	M1402_4	327	1310	1291	1291
F267_4	M2265_4	327	1123	844	844
F267_4	M2411_4	327	1330	823	823
F267_4	M2521_4	327	1478	1366	1366
F267_4	M544_4	327	1319	916	916
F881_4	F1095_4	327	1288	98	98
F881_4	F159_4	327	1212	567	567
F881_4	F1886_4	327	1286	183	183
F881_4	F2168_4	327	1216	130	130
F881_4	F2375_4	327	1130	20	20
F881_4	F2505_4	327	1153	107	107
F881_4	F267_4	327	1278	39	39
F881_4	M122_4	327	1208	120	120
F881_4	M1402_4	327	1167	557	557
F881_4	M2265_4	327	1123	52	52
F881_4	M2411_4	327	1241	22	22
F881_4	M2521_4	327	1360	221	221
F881_4	M544_4	327	1266	36	36
M122_4	F1095_4	327	1186	545	1192
M122_4	F159_4	327	1251	1140	2452
M122_4	F1886_4	327	1271	844	1919
M122_4	F2168_4	327	1392	780	1699
M122_4	F2375_4	327	1174	257	586
M122_4	F2505_4	327	1286	707	1590
M122_4	F267_4	327	1233	403	862
M122_4	F881_4	327	1208	789	1718
M122_4	M1402_4	327	1304	1204	2662
M122_4	M2265_4	327	1132	408	923
M122_4	M2411_4	327	1309	223	485
M122_4	M2521_4	327	1161	780	1709
M122_4	M544_4	327	1360	421	916
M1402_4	F1095_4	327	1235	334	334
M1402_4	F159_4	327	1215	1005	1005
M1402_4	F1886_4	327	1279	597	597
M1402_4	F2168_4	327	1272	477	477
M1402_4	F2375_4	327	1259	130	130
M1402_4	F2505_4	327	1236	418	418
M1402_4	F267_4	327	1310	197	197
M1402_4	F881_4	327	1167	535	535
M1402_4	M122_4	327	1304	520	520
M1402_4	M2265_4	327	1181	229	229
M1402_4	M2411_4	327	1355	143	143
M1402_4	M2521_4	327	1332	623	623
M1402_4	M544_4	327	1308	196	196
M2265_4	F1095_4	327	1193	147	464
M2265_4	F159_4	327	1313	891	2796
M2265_4	F1886_4	327	1211	366	1167
M2265_4	F2168_4	327	1188	238	735
M2265_4	F2375_4	327	1240	72	225
M2265_4	F2505_4	327	1219	239	727
M2265_4	F267_4	327	1123	105	329
M2265_4	F881_4	327	1123	310	1033
M2265_4	M122_4	327	1132	263	813
M2265_4	M1402_4	327	1181	789	2503
M2265_4	M2411_4	327	1260	58	168
M2265_4	M2521_4	327	1268	387	1228
M2265_4	M544_4	327	1106	80	251
M2411_4	F1095_4	327	1335	266	758
M2411_4	F159_4	327	1383	1066	3056
M2411_4	F1886_4	327	1170	402	1127
M2411_4	F2168_4	327	1389	398	1161
M2411_4	F2375_4	327	1277	99	285
M2411_4	F2505_4	327	1230	322	912
M2411_4	F267_4	327	1330	179	522
M2411_4	F881_4	327	1241	446	1248
M2411_4	M122_4	327	1309	399	1145
M2411_4	M1402_4	327	1355	1040	3000
M2411_4	M2265_4	327	1260	197	563
M2411_4	M2521_4	327	1381	516	1469
M2411_4	M544_4	327	1098	124	376
M2521_4	F1095_4	327	1297	307	307
M2521_4	F159_4	327	1326	1086	1086
M2521_4	F1886_4	327	1378	607	607
M2521_4	F2168_4	327	1359	490	490
M2521_4	F2375_4	327	1286	116	116
M2521_4	F2505_4	327	1303	414	414
M2521_4	F267_4	327	1478	256	256
M2521_4	F881_4	327	1360	615	615
M2521_4	M122_4	327	1161	432	432
M2521_4	M1402_4	327	1332	1096	1096
M2521_4	M2265_4	327	1268	222	222
M2521_4	M2411_4	327	1381	101	101
M2521_4	M544_4	327	1313	159	159
M544_4	F1095_4	327	1204	123	123
M544_4	F159_4	327	1334	815	815
M544_4	F1886_4	327	1197	237	237
M544_4	F2168_4	327	1210	158	158
M544_4	F2375_4	327	1148	36	36
M544_4	F2505_4	327	1240	171	171
M544_4	F267_4	327	1319	83	83
M544_4	F881_4	327	1266	239	239
M544_4	M122_4	327	1360	206	206
M544_4	M1402_4	327	1308	785	785
M544_4	M2265_4	327	1106	66	66
M544_4	M2411_4	327	1098	33	33
M544_4	M2521_4	327	1313	257	257
F126_4	F1704_4	328	1347	1210	1210
F126_4	F1779_4	328	1158	896	896
F126_4	F1941_4	328	1267	1064	1064
F126_4	F579_4	328	1287	1185	1185
F126_4	F804_4	328	1346	982	982
F126_4	M157_4	328	1327	456	456
F126_4	M1596_4	328	1294	1209	1209
F126_4	M2421_4	328	1095	546	546
F126_4	M2768_4	328	1237	1094	1094
F126_4	M322_4	328	1273	623	623
F126_4	M386_4	328	1185	1026	1026
F126_4	M52_4	328	1519	1191	1191
F126_4	M674_4	328	1136	607	607
F1704_4	F126_4	328	1347	343	343
F1704_4	F1779_4	328	1239	952	952
F1704_4	F1941_4	328	1331	1104	1104
F1704_4	F579_4	328	1340	1215	1215
F1704_4	F804_4	328	1330	855	855
F1704_4	M157_4	328	1334	432	432
F1704_4	M1596_4	328	1261	1181	1181
F1704_4	M2421_4	328	1307	640	640
F1704_4	M2768_4	328	1211	1068	1068
F1704_4	M322_4	328	1202	564	564
F1704_4	M386_4	328	1339	1143	1143
F1704_4	M52_4	328	1293	978	978
F1704_4	M674_4	328	1283	641	641
F1779_4	F126_4	328	1158	318	1006
F1779_4	F1704_4	328	1239	1088	3481
F1779_4	F1941_4	328	1250	1046	3331
F1779_4	F579_4	328	1133	1035	3454
F1779_4	F804_4	328	1186	841	2692
F1779_4	M157_4	328	1344	482	1586
F1779_4	M1596_4	328	1274	1200	3920
F1779_4	M2421_4	328	1315	639	2099
F1779_4	M2768_4	328	1187	1057	3420
F1779_4	M322_4	328	1215	597	1899
F1779_4	M386_4	328	1128	983	3142
F1779_4	M52_4	328	1189	913	2993
F1779_4	M674_4	328	1167	657	2132
F1941_4	F126_4	328	1267	763	1201
F1941_4	F1704_4	328	1331	1288	2035
F1941_4	F1779_4	328	1250	1160	1859
F1941_4	F579_4	328	1138	1109	1774
F1941_4	F804_4	328	1189	1067	1707
F1941_4	M157_4	328	1259	830	1301
F1941_4	M1596_4	328	1388	1366	2182
F1941_4	M2421_4	328	1162	914	1429
F1941_4	M2768_4	328	1197	1164	1869
F1941_4	M322_4	328	1202	925	1460
F1941_4	M386_4	328	1168	1115	1763
F1941_4	M52_4	328	1187	1111	1723
F1941_4	M674_4	328	1170	995	1587
F579_4	F126_4	328	1287	202	449
F579_4	F1704_4	328	1340	1051	2318
F579_4	F1779_4	328	1133	707	1566
F579_4	F1941_4	328	1138	815	1783
F579_4	F804_4	328	1214	641	1395
F579_4	M157_4	328	1169	241	537
F579_4	M1596_4	328	1140	995	2179
F579_4	M2421_4	328	1204	396	844
F579_4	M2768_4	328	1451	1127	2574
F579_4	M322_4	328	1415	423	971
F579_4	M386_4	328	1219	890	1956
F579_4	M52_4	328	1329	832	1817
F579_4	M674_4	328	1261	477	1092
F804_4	F126_4	328	1346	54	159
F804_4	F1704_4	328	1330	545	1507
F804_4	F1779_4	328	1186	312	863
F804_4	F1941_4	328	1189	404	1140
F804_4	F579_4	328	1214	630	1751
F804_4	M157_4	328	1388	65	165
F804_4	M1596_4	328	1331	730	2039
F804_4	M2421_4	328	1316	102	295
F804_4	M2768_4	328	1259	548	1566
F804_4	M322_4	328	1306	103	297
F804_4	M386_4	328	1323	496	1395
F804_4	M52_4	328	1192	307	861
F804_4	M674_4	328	1239	123	376
M157_4	F126_4	328	1327	377	377
M157_4	F1704_4	328	1334	1182	1182
M157_4	F1779_4	328	1344	1064	1064
M157_4	F1941_4	328	1259	1094	1094
M157_4	F579_4	328	1169	1063	1063
M157_4	F804_4	328	1388	987	987
M157_4	M1596_4	328	1289	1206	1206
M157_4	M2421_4	328	1261	661	661
M157_4	M2768_4	328	1243	1109	1109
M157_4	M322_4	328	1244	603	603
M157_4	M386_4	328	1252	1060	1060
M157_4	M52_4	328	1265	976	976
M157_4	M674_4	328	1285	706	706
M1596_4	F126_4	328	1294	196	196
M1596_4	F1704_4	328	1261	951	951
M1596_4	F1779_4	328	1274	778	778
M1596_4	F1941_4	328	1388	987	987
M1596_4	F579_4	328	1140	937	937
M1596_4	F804_4	328	1331	659	659
M1596_4	M157_4	328	1289	250	250
M1596_4	M2421_4	328	1146	338	338
M1596_4	M2768_4	328	1240	978	978
M1596_4	M322_4	328	1184	321	321
M1596_4	M386_4	328	1192	850	850
M1596_4	M52_4	328	1274	779	779
M1596_4	M674_4	328	1244	441	441
M2421_4	F126_4	328	1095	392	1032
M2421_4	F1704_4	328	1307	1201	3355
M2421_4	F1779_4	328	1315	1152	3242
M2421_4	F1941_4	328	1162	1020	2956
M2421_4	F579_4	328	1204	1117	3182
M2421_4	F804_4	328	1316	1036	2917
M2421_4	M157_4	328	1261	550	1525
M2421_4	M1596_4	328	1146	1095	3128
M2421_4	M2768_4	328	1186	1105	3030
M2421_4	M322_4	328	1256	708	2009
M2421_4	M386_4	328	1353	1214	3384
M2421_4	M52_4	328	1260	1054	2965
M2421_4	M674_4	328	1336	857	2376
M2768_4	F126_4	328	1237	181	181
M2768_4	F1704_4	328	1211	909	909
M2768_4	F1779_4	328	1187	739	739
M2768_4	F1941_4	328	1197	888	888
M2768_4	F579_4	328	1451	1211	1211
M2768_4	F804_4	328	1259	633	633
M2768_4	M157_4	328	1243	249	249
M2768_4	M1596_4	328	1240	1072	1072
M2768_4	M2421_4	328	1186	373	373
M2768_4	M322_4	328	1298	397	397
M2768_4	M386_4	328	1186	844	844
M2768_4	M52_4	328	1333	845	845
M2768_4	M674_4	328	1361	426	426
M322_4	F126_4	328	1273	145	145
M322_4	F1704_4	328	1202	858	858
M322_4	F1779_4	328	1215	686	686
M322_4	F1941_4	328	1202	777	777
M322_4	F579_4	328	1415	1141	1141
M322_4	F804_4	328	1306	593	593
M322_4	M157_4	328	1244	190	190
M322_4	M1596_4	328	1184	967	967
M322_4	M2421_4	328	1256	316	316
M322_4	M2768_4	328	1298	949	949
M322_4	M386_4	328	1220	834	834
M322_4	M52_4	328	1155	631	631
M322_4	M674_4	328	1317	380	380
M386_4	F126_4	328	1185	138	138
M386_4	F1704_4	328	1339	976	976
M386_4	F1779_4	328	1128	588	588
M386_4	F1941_4	328	1168	762	762
M386_4	F579_4	328	1219	936	936
M386_4	F804_4	328	1323	584	584
M386_4	M157_4	328	1252	188	188
M386_4	M1596_4	328	1192	971	971
M386_4	M2421_4	328	1353	340	340
M386_4	M2768_4	328	1186	854	854
M386_4	M322_4	328	1220	291	291
M386_4	M52_4	328	1276	675	675
M386_4	M674_4	328	1275	348	348
M52_4	F126_4	328	1519	274	403
M52_4	F1704_4	328	1293	1057	1563
M52_4	F1779_4	328	1189	802	1170
M52_4	F1941_4	328	1187	927	1368
M52_4	F579_4	328	1329	1179	1783
M52_4	F804_4	328	1192	703	1014
M52_4	M157_4	328	1265	346	507
M52_4	M1596_4	328	1274	1140	1677
M52_4	M2421_4	328	1260	476	697
M52_4	M2768_4	328	1333	1113	1647
M52_4	M322_4	328	1155	422	617
M52_4	M386_4	328	1276	1017	1485
M52_4	M674_4	328	1242	544	799
M674_4	F126_4	328	1136	465	465
M674_4	F1704_4	328	1283	1183	1183
M674_4	F1779_4	328	1167	1009	1009
M674_4	F1941_4	328	1170	1067	1067
M674_4	F579_4	328	1261	1202	1202
M674_4	F804_4	328	1239	1015	1015
M674_4	M157_4	328	1285	666	666
M674_4	M1596_4	328	1244	1188	1188
M674_4	M2421_4	328	1336	862	862
M674_4	M2768_4	328	1361	1284	1284
M674_4	M322_4	328	1317	810	810
M674_4	M386_4	328	1275	1177	1177
M674_4	M52_4	328	1242	1059	1059
F1194_4	F1226_4	329	1136	504	1381
F1194_4	F128_4	329	1166	293	853
F1194_4	F1310_4	329	1306	115	343
F1194_4	F1401_4	329	1165	369	1033
F1194_4	F1783_4	329	1255	292	811
F1194_4	F260_4	329	1163	226	599
F1194_4	F404_4	329	1164	34	101
F1194_4	F740_4	329	1171	407	1140
F1194_4	F773_4	329	1175	320	870
F1194_4	M120_4	329	1287	743	2006
F1194_4	M2450_4	329	1452	154	448
F1194_4	M2587_4	329	1284	65	197
F1194_4	M410_4	329	1376	280	777
F1226_4	F1194_4	329	1136	1020	2358
F1226_4	F128_4	329	1248	1087	2528
F1226_4	F1310_4	329	1088	748	1705
F1226_4	F1401_4	329	1315	1211	2870
F1226_4	F1783_4	329	1336	1189	2677
F1226_4	F260_4	329	1249	1047	2372
F1226_4	F404_4	329	1364	508	1176
F1226_4	F740_4	329	1526	1403	3259
F1226_4	F773_4	329	1220	1111	2541
F1226_4	M120_4	329	1198	1163	2772
F1226_4	M2450_4	329	1321	948	2219
F1226_4	M2587_4	329	1198	697	1643
F1226_4	M410_4	329	1091	939	2124
F128_4	F1194_4	329	1166	328	949
F128_4	F1226_4	329	1248	562	1585
F128_4	F1310_4	329	1090	115	308
F128_4	F1401_4	329	1102	399	1126
F128_4	F1783_4	329	1366	376	1038
F128_4	F260_4	329	1366	293	822
F128_4	F404_4	329	1315	38	125
F128_4	F740_4	329	1211	442	1254
F128_4	F773_4	329	1316	400	1125
F128_4	M120_4	329	1246	805	2319
F128_4	M2450_4	329	1154	113	294
F128_4	M2587_4	329	1417	95	280
F128_4	M410_4	329	1082	257	752
F1310_4	F1194_4	329	1306	1242	5924
F1310_4	F1226_4	329	1088	1057	5026
F1310_4	F128_4	329	1090	1010	4819
F1310_4	F1401_4	329	1101	1060	5003
F1310_4	F1783_4	329	1243	1163	5526
F1310_4	F260_4	329	1144	1006	4752
F1310_4	F404_4	329	1311	718	3384
F1310_4	F740_4	329	1286	1223	5785
F1310_4	F773_4	329	1353	1275	5976
F1310_4	M120_4	329	1310	1290	6114
F1310_4	M2450_4	329	1322	1095	5114
F1310_4	M2587_4	329	1219	851	4058
F1310_4	M410_4	329	1310	1211	5787
F1401_4	F1194_4	329	1165	696	696
F1401_4	F1226_4	329	1315	996	996
F1401_4	F128_4	329	1102	623	623
F1401_4	F1310_4	329	1101	312	312
F1401_4	F1783_4	329	1213	709	709
F1401_4	F260_4	329	1304	628	628
F1401_4	F404_4	329	1251	122	122
F1401_4	F740_4	329	1211	818	818
F1401_4	F773_4	329	1294	742	742
F1401_4	M120_4	329	1298	1084	1084
F1401_4	M2450_4	329	1182	385	385
F1401_4	M2587_4	329	1159	238	238
F1401_4	M410_4	329	1188	637	637
F1783_4	F1194_4	329	1255	118	199
F1783_4	F1226_4	329	1336	217	371
F1783_4	F128_4	329	1366	110	190
F1783_4	F1310_4	329	1243	27	51
F1783_4	F1401_4	329	1213	124	211
F1783_4	F260_4	329	1129	66	105
F1783_4	F404_4	329	1406	13	21
F1783_4	F740_4	329	1383	176	301
F1783_4	F773_4	329	1129	105	171
F1783_4	M120_4	329	1320	362	594
F1783_4	M2450_4	329	1243	30	44
F1783_4	M2587_4	329	1169	20	34
F1783_4	M410_4	329	1304	87	144
F260_4	F1194_4	329	1163	774	1358
F260_4	F1226_4	329	1249	1008	1802
F260_4	F128_4	329	1366	848	1485
F260_4	F1310_4	329	1144	372	653
F260_4	F1401_4	329	1304	960	1716
F260_4	F1783_4	329	1129	699	1199
F260_4	F404_4	329	1242	131	222
F260_4	F740_4	329	1165	839	1444
F260_4	F773_4	329	1264	834	1437
F260_4	M120_4	329	1334	1170	2077
F260_4	M2450_4	329	1152	416	700
F260_4	M2587_4	329	1425	344	570
F260_4	M410_4	329	1171	664	1145
F404_4	F1194_4	329	1164	461	461
F404_4	F1226_4	329	1364	796	796
F404_4	F128_4	329	1315	456	456
F404_4	F1310_4	329	1311	202	202
F404_4	F1401_4	329	1251	548	548
F404_4	F1783_4	329	1406	563	563
F404_4	F260_4	329	1242	349	349
F404_4	F740_4	329	1244	579	579
F404_4	F773_4	329	1180	486	486
F404_4	M120_4	329	1318	952	952
F404_4	M2450_4	329	1213	225	225
F404_4	M2587_4	329	1232	136	136
F404_4	M410_4	329	1087	325	325
F740_4	F1194_4	329	1171	134	139
F740_4	F1226_4	329	1526	304	317
F740_4	F128_4	329	1211	115	121
F740_4	F1310_4	329	1286	46	50
F740_4	F1401_4	329	1211	185	194
F740_4	F1783_4	329	1383	146	155
F740_4	F260_4	329	1165	71	73
F740_4	F404_4	329	1244	15	16
F740_4	F773_4	329	1230	130	137
F740_4	M120_4	329	1279	444	467
F740_4	M2450_4	329	1169	39	43
F740_4	M2587_4	329	1217	25	25
F740_4	M410_4	329	1206	105	109
F773_4	F1194_4	329	1175	1073	1073
F773_4	F1226_4	329	1220	1163	1163
F773_4	F128_4	329	1316	1189	1189
F773_4	F1310_4	329	1353	972	972
F773_4	F1401_4	329	1294	1205	1205
F773_4	F1783_4	329	1129	1021	1021
F773_4	F260_4	329	1264	1091	1091
F773_4	F404_4	329	1180	536	536
F773_4	F740_4	329	1230	1161	1161
F773_4	M120_4	329	1347	1306	1306
F773_4	M2450_4	329	1237	929	929
F773_4	M2587_4	329	1368	860	860
F773_4	M410_4	329	1215	1062	1062
M120_4	F1194_4	329	1287	1043	2038
M120_4	F1226_4	329	1198	1068	2040
M120_4	F128_4	329	1246	953	1782
M120_4	F1310_4	329	1310	667	1245
M120_4	F1401_4	329	1298	1069	2027
M120_4	F1783_4	329	1320	1018	1950
M120_4	F260_4	329	1334	949	1834
M120_4	F404_4	329	1318	311	570
M120_4	F740_4	329	1279	1096	2097
M120_4	F773_4	329	1347	1085	2073
M120_4	M2450_4	329	1382	772	1474
M120_4	M2587_4	329	1160	475	882
M120_4	M410_4	329	1285	958	1832
M2450_4	F1194_4	329	1452	878	2856
M2450_4	F1226_4	329	1321	1008	3292
M2450_4	F128_4	329	1154	642	2067
M2450_4	F1310_4	329	1322	363	1146
M2450_4	F1401_4	329	1182	797	2613
M2450_4	F1783_4	329	1243	718	2222
M2450_4	F260_4	329	1152	536	1715
M2450_4	F404_4	329	1213	108	328
M2450_4	F740_4	329	1169	750	2355
M2450_4	F773_4	329	1237	735	2358
M2450_4	M120_4	329	1382	1160	3785
M2450_4	M2587_4	329	1253	225	726
M2450_4	M410_4	329	1300	665	2149
M2587_4	F1194_4	329	1284	988	1355
M2587_4	F1226_4	329	1198	1051	1439
M2587_4	F128_4	329	1417	1053	1403
M2587_4	F1310_4	329	1219	506	717
M2587_4	F1401_4	329	1159	934	1294
M2587_4	F1783_4	329	1169	855	1170
M2587_4	F260_4	329	1425	942	1301
M2587_4	F404_4	329	1232	241	334
M2587_4	F740_4	329	1217	991	1382
M2587_4	F773_4	329	1368	1034	1406
M2587_4	M120_4	329	1160	1073	1454
M2587_4	M2450_4	329	1253	594	818
M2587_4	M410_4	329	1227	853	1157
M410_4	F1194_4	329	1376	833	966
M410_4	F1226_4	329	1091	805	929
M410_4	F128_4	329	1082	594	686
M410_4	F1310_4	329	1310	382	448
M410_4	F1401_4	329	1188	799	926
M410_4	F1783_4	329	1304	768	877
M410_4	F260_4	329	1171	550	652
M410_4	F404_4	329	1087	103	119
M410_4	F740_4	329	1206	789	919
M410_4	F773_4	329	1215	727	836
M410_4	M120_4	329	1285	1089	1256
M410_4	M2450_4	329	1300	427	500
M410_4	M2587_4	329	1227	257	305
F1013_4	F1177_4	330	1179	888	969
F1013_4	F1265_4	330	1218	311	339
F1013_4	F2048_4	330	1405	1206	1307
F1013_4	F259_4	330	1341	1241	1330
F1013_4	F275_4	330	1345	991	1060
F1013_4	F283_4	330	1212	751	815
F1013_4	F442_4	330	1245	555	590
F1013_4	F699_4	330	1364	1130	1221
F1013_4	F803_4	330	1204	740	803
F1013_4	M1433_4	330	1369	807	868
F1013_4	M1670_4	330	1120	415	446
F1013_4	M2178_4	330	1223	1208	1321
F1013_4	M2564_4	330	1422	962	1044
F1177_4	F1013_4	330	1179	863	2064
F1177_4	F1265_4	330	1270	380	922
F1177_4	F2048_4	330	1324	1156	2830
F1177_4	F259_4	330	1359	1274	3115
F1177_4	F275_4	330	1273	981	2400
F1177_4	F283_4	330	1286	824	2041
F1177_4	F442_4	330	1230	612	1518
F1177_4	F699_4	330	1223	1019	2486
F1177_4	F803_4	330	1236	779	1902
F1177_4	M1433_4	330	1298	842	2081
F1177_4	M1670_4	330	1305	519	1303
F1177_4	M2178_4	330	1338	1327	3265
F1177_4	M2564_4	330	1426	1017	2563
F1265_4	F1013_4	330	1218	477	477
F1265_4	F1177_4	330	1270	509	509
F1265_4	F2048_4	330	1225	713	713
F1265_4	F259_4	330	1236	959	959
F1265_4	F275_4	330	1072	425	425
F1265_4	F283_4	330	1457	404	404
F1265_4	F442_4	330	1157	180	180
F1265_4	F699_4	330	1091	532	532
F1265_4	F803_4	330	1189	310	310
F1265_4	M1433_4	330	1269	352	352
F1265_4	M1670_4	330	1319	169	169
F1265_4	M2178_4	330	1341	1286	1286
F1265_4	M2564_4	330	1253	355	355
F2048_4	F1013_4	330	1405	1069	2544
F2048_4	F1177_4	330	1324	1075	2627
F2048_4	F1265_4	330	1225	405	940
F2048_4	F259_4	330	1313	1250	2956
F2048_4	F275_4	330	1304	1031	2393
F2048_4	F283_4	330	1223	852	2060
F2048_4	F442_4	330	1296	710	1689
F2048_4	F699_4	330	1219	1029	2471
F2048_4	F803_4	330	1237	827	2012
F2048_4	M1433_4	330	1235	858	1990
F2048_4	M1670_4	330	1263	579	1380
F2048_4	M2178_4	330	1326	1318	3148
F2048_4	M2564_4	330	1349	1007	2401
F259_4	F1013_4	330	1341	13	13
F259_4	F1177_4	330	1359	12	12
F259_4	F1265_4	330	1236	1	1
F259_4	F2048_4	330	1313	21	21
F259_4	F275_4	330	1330	9	9
F259_4	F283_4	330	1295	9	9
F259_4	F442_4	330	1206	2	2
F259_4	F699_4	330	1165	12	12
F259_4	F803_4	330	1257	3	3
F259_4	M1433_4	330	1252	2	2
F259_4	M1670_4	330	1264	2	2
F259_4	M2178_4	330	1272	260	260
F259_4	M2564_4	330	1323	5	5
F275_4	F1013_4	330	1345	305	1305
F275_4	F1177_4	330	1273	296	1230
F275_4	F1265_4	330	1072	38	146
F275_4	F2048_4	330	1304	494	2096
F275_4	F259_4	330	1330	759	3095
F275_4	F283_4	330	1145	186	818
F275_4	F442_4	330	1096	97	436
F275_4	F699_4	330	1210	363	1534
F275_4	F803_4	330	1213	189	804
F275_4	M1433_4	330	1275	194	836
F275_4	M1670_4	330	1319	73	307
F275_4	M2178_4	330	1266	1163	4872
F275_4	M2564_4	330	1281	234	988
F283_4	F1013_4	330	1212	151	604
F283_4	F1177_4	330	1286	186	705
F283_4	F1265_4	330	1457	37	150
F283_4	F2048_4	330	1223	270	1028
F283_4	F259_4	330	1295	584	2130
F283_4	F275_4	330	1145	157	566
F283_4	F442_4	330	1331	65	246
F283_4	F699_4	330	1360	257	912
F283_4	F803_4	330	1225	98	384
F283_4	M1433_4	330	1210	98	366
F283_4	M1670_4	330	1222	29	104
F283_4	M2178_4	330	1279	1115	4144
F283_4	M2564_4	330	1339	136	494
F442_4	F1013_4	330	1245	900	900
F442_4	F1177_4	330	1230	889	889
F442_4	F1265_4	330	1157	274	274
F442_4	F2048_4	330	1296	1078	1078
F442_4	F259_4	330	1206	1126	1126
F442_4	F275_4	330	1096	781	781
F442_4	F283_4	330	1331	786	786
F442_4	F699_4	330	1310	1058	1058
F442_4	F803_4	330	1254	723	723
F442_4	M1433_4	330	1218	728	728
F442_4	M1670_4	330	1196	422	422
F442_4	M2178_4	330	1268	1257	1257
F442_4	M2564_4	330	1195	798	798
F699_4	F1013_4	330	1364	727	727
F699_4	F1177_4	330	1223	743	743
F699_4	F1265_4	330	1091	137	137
F699_4	F2048_4	330	1219	862	862
F699_4	F259_4	330	1165	989	989
F699_4	F275_4	330	1210	681	681
F699_4	F283_4	330	1360	565	565
F699_4	F442_4	330	1310	370	370
F699_4	F803_4	330	1126	476	476
F699_4	M1433_4	330	1315	553	553
F699_4	M1670_4	330	1302	272	272
F699_4	M2178_4	330	1256	1225	1225
F699_4	M2564_4	330	1301	642	642
F803_4	F1013_4	330	1204	147	179
F803_4	F1177_4	330	1236	153	172
F803_4	F1265_4	330	1189	25	33
F803_4	F2048_4	330	1237	286	352
F803_4	F259_4	330	1257	503	616
F803_4	F275_4	330	1213	161	201
F803_4	F283_4	330	1225	108	134
F803_4	F442_4	330	1254	60	74
F803_4	F699_4	330	1126	216	278
F803_4	M1433_4	330	1246	98	123
F803_4	M1670_4	330	1242	40	53
F803_4	M2178_4	330	1562	1357	1645
F803_4	M2564_4	330	1253	117	145
M1433_4	F1013_4	330	1369	499	759
M1433_4	F1177_4	330	1298	519	789
M1433_4	F1265_4	330	1269	85	125
M1433_4	F2048_4	330	1235	702	1091
M1433_4	F259_4	330	1252	942	1406
M1433_4	F275_4	330	1275	469	681
M1433_4	F283_4	330	1210	369	536
M1433_4	F442_4	330	1218	218	318
M1433_4	F699_4	330	1315	612	921
M1433_4	F803_4	330	1246	329	500
M1433_4	M1670_4	330	1289	129	192
M1433_4	M2178_4	330	1284	1230	1905
M1433_4	M2564_4	330	1196	338	507
M1670_4	F1013_4	330	1120	608	608
M1670_4	F1177_4	330	1305	693	693
M1670_4	F1265_4	330	1319	153	153
M1670_4	F2048_4	330	1263	881	881
M1670_4	F259_4	330	1264	1068	1068
M1670_4	F275_4	330	1319	696	696
M1670_4	F283_4	330	1222	467	467
M1670_4	F442_4	330	1196	310	310
M1670_4	F699_4	330	1302	804	804
M1670_4	F803_4	330	1242	445	445
M1670_4	M1433_4	330	1289	450	450
M1670_4	M2178_4	330	1285	1259	1259
M1670_4	M2564_4	330	1257	540	540
M2178_4	F1013_4	330	1223	510	1113
M2178_4	F1177_4	330	1338	571	1218
M2178_4	F1265_4	330	1341	127	255
M2178_4	F2048_4	330	1326	819	1704
M2178_4	F259_4	330	1272	989	2171
M2178_4	F275_4	330	1266	529	1149
M2178_4	F283_4	330	1279	362	804
M2178_4	F442_4	330	1268	259	569
M2178_4	F699_4	330	1256	634	1378
M2178_4	F803_4	330	1562	490	1021
M2178_4	M1433_4	330	1284	363	784
M2178_4	M1670_4	330	1285	168	382
M2178_4	M2564_4	330	1246	439	949
M2564_4	F1013_4	330	1422	480	804
M2564_4	F1177_4	330	1426	519	856
M2564_4	F1265_4	330	1253	64	124
M2564_4	F2048_4	330	1349	672	1089
M2564_4	F259_4	330	1323	917	1518
M2564_4	F275_4	330	1281	427	681
M2564_4	F283_4	330	1339	299	479
M2564_4	F442_4	330	1195	136	233
M2564_4	F699_4	330	1301	565	957
M2564_4	F803_4	330	1253	254	447
M2564_4	M1433_4	330	1196	257	416
M2564_4	M1670_4	330	1257	108	202
M2564_4	M2178_4	330	1246	1187	2009
F1338_4	F1894_4	331	1339	955	955
F1338_4	F2092_4	331	1182	1063	1063
F1338_4	F2532_4	331	1421	1122	1122
F1338_4	F2614_4	331	1278	812	812
F1338_4	F312_4	331	1311	1196	1196
F1338_4	M141_4	331	1113	759	759
F1338_4	M1946_4	331	1202	613	613
F1338_4	M2255_4	331	1322	392	392
F1338_4	M2569_4	331	1274	1121	1121
F1338_4	M2628_4	331	1146	184	184
F1338_4	M522_4	331	1287	1144	1144
F1338_4	M581_4	331	1282	1109	1109
F1338_4	M697_4	331	1328	1034	1034
F1894_4	F1338_4	331	1339	575	575
F1894_4	F2092_4	331	1123	1045	1045
F1894_4	F2532_4	331	1301	1095	1095
F1894_4	F2614_4	331	1305	938	938
F1894_4	F312_4	331	1263	1202	1202
F1894_4	M141_4	331	1565	1134	1134
F1894_4	M1946_4	331	1267	759	759
F1894_4	M2255_4	331	1217	507	507
F1894_4	M2569_4	331	1241	1133	1133
F1894_4	M2628_4	331	1327	329	329
F1894_4	M522_4	331	1274	1168	1168
F1894_4	M581_4	331	1226	1091	1091
F1894_4	M697_4	331	1343	1140	1140
F2092_4	F1338_4	331	1182	214	254
F2092_4	F1894_4	331	1123	540	663
F2092_4	F2532_4	331	1293	845	1030
F2092_4	F2614_4	331	1354	621	753
F2092_4	F312_4	331	1226	1040	1263
F2092_4	M141_4	331	1211	605	724
F2092_4	M1946_4	331	1421	436	524
F2092_4	M2255_4	331	1236	216	262
F2092_4	M2569_4	331	1294	984	1212
F2092_4	M2628_4	331	1308	97	130
F2092_4	M522_4	331	1215	936	1134
F2092_4	M581_4	331	1284	900	1073
F2092_4	M697_4	331	1364	863	1044
F2532_4	F1338_4	331	1421	206	401
F2532_4	F1894_4	331	1301	558	1128
F2532_4	F2092_4	331	1293	935	1853
F2532_4	F2614_4	331	1182	416	906
F2532_4	F312_4	331	1318	1042	2076
F2532_4	M141_4	331	1260	485	976
F2532_4	M1946_4	331	1215	291	584
F2532_4	M2255_4	331	1296	176	372
F2532_4	M2569_4	331	1168	805	1632
F2532_4	M2628_4	331	1299	83	160
F2532_4	M522_4	331	1307	962	1929
F2532_4	M581_4	331	1248	806	1617
F2532_4	M697_4	331	1206	679	1394
F2614_4	F1338_4	331	1278	669	1131
F2614_4	F1894_4	331	1305	1078	1887
F2614_4	F2092_4	331	1354	1281	2287
F2614_4	F2532_4	331	1182	1056	1850
F2614_4	F312_4	331	1365	1307	2305
F2614_4	M141_4	331	1384	1104	1937
F2614_4	M1946_4	331	1219	833	1473
F2614_4	M2255_4	331	1303	666	1173
F2614_4	M2569_4	331	1371	1277	2251
F2614_4	M2628_4	331	1272	395	702
F2614_4	M522_4	331	1201	1145	2016
F2614_4	M581_4	331	1147	1052	1899
F2614_4	M697_4	331	1345	1191	2155
F312_4	F1338_4	331	1311	217	300
F312_4	F1894_4	331	1263	591	858
F312_4	F2092_4	331	1226	917	1283
F312_4	F2532_4	331	1318	819	1185
F312_4	F2614_4	331	1365	560	796
F312_4	M141_4	331	1251	558	787
F312_4	M1946_4	331	1248	323	464
F312_4	M2255_4	331	1257	205	298
F312_4	M2569_4	331	1241	879	1259
F312_4	M2628_4	331	1366	98	147
F312_4	M522_4	331	1322	1008	1427
F312_4	M581_4	331	1244	841	1209
F312_4	M697_4	331	1198	690	974
M141_4	F1338_4	331	1113	739	739
M141_4	F1894_4	331	1565	1397	1397
M141_4	F2092_4	331	1211	1176	1176
M141_4	F2532_4	331	1260	1193	1193
M141_4	F2614_4	331	1384	1189	1189
M141_4	F312_4	331	1251	1226	1226
M141_4	M1946_4	331	1255	996	996
M141_4	M2255_4	331	1239	809	809
M141_4	M2569_4	331	1216	1183	1183
M141_4	M2628_4	331	1275	560	560
M141_4	M522_4	331	1188	1140	1140
M141_4	M581_4	331	1177	1114	1114
M141_4	M697_4	331	1138	1054	1054
M1946_4	F1338_4	331	1202	410	410
M1946_4	F1894_4	331	1267	852	852
M1946_4	F2092_4	331	1421	1292	1292
M1946_4	F2532_4	331	1215	981	981
M1946_4	F2614_4	331	1219	776	776
M1946_4	F312_4	331	1248	1160	1160
M1946_4	M141_4	331	1255	849	849
M1946_4	M2255_4	331	1368	462	462
M1946_4	M2569_4	331	1273	1115	1115
M1946_4	M2628_4	331	1304	214	214
M1946_4	M522_4	331	1299	1157	1157
M1946_4	M581_4	331	1325	1120	1120
M1946_4	M697_4	331	1230	958	958
M2255_4	F1338_4	331	1322	46	46
M2255_4	F1894_4	331	1217	214	214
M2255_4	F2092_4	331	1236	547	556
M2255_4	F2532_4	331	1296	344	350
M2255_4	F2614_4	331	1303	179	188
M2255_4	F312_4	331	1257	645	657
M2255_4	M141_4	331	1239	165	166
M2255_4	M1946_4	331	1368	120	123
M2255_4	M2569_4	331	1200	430	439
M2255_4	M2628_4	331	1260	24	25
M2255_4	M522_4	331	1251	500	513
M2255_4	M581_4	331	1376	454	465
M2255_4	M697_4	331	1269	284	293
M2569_4	F1338_4	331	1274	96	175
M2569_4	F1894_4	331	1241	363	690
M2569_4	F2092_4	331	1294	805	1510
M2569_4	F2532_4	331	1168	476	887
M2569_4	F2614_4	331	1371	290	534
M2569_4	F312_4	331	1241	843	1661
M2569_4	M141_4	331	1216	294	545
M2569_4	M1946_4	331	1273	175	329
M2569_4	M2255_4	331	1200	95	172
M2569_4	M2628_4	331	1200	33	61
M2569_4	M522_4	331	1393	785	1422
M2569_4	M581_4	331	1181	579	1044
M2569_4	M697_4	331	1330	508	951
M2628_4	F1338_4	331	1146	632	632
M2628_4	F1894_4	331	1327	1127	1127
M2628_4	F2092_4	331	1308	1243	1243
M2628_4	F2532_4	331	1299	1197	1197
M2628_4	F2614_4	331	1272	1052	1052
M2628_4	F312_4	331	1366	1326	1326
M2628_4	M141_4	331	1275	1057	1057
M2628_4	M1946_4	331	1304	962	962
M2628_4	M2255_4	331	1260	654	654
M2628_4	M2569_4	331	1200	1131	1131
M2628_4	M522_4	331	1222	1162	1162
M2628_4	M581_4	331	1281	1207	1207
M2628_4	M697_4	331	1139	1043	1043
M522_4	F1338_4	331	1287	37	37
M522_4	F1894_4	331	1274	174	174
M522_4	F2092_4	331	1215	481	481
M522_4	F2532_4	331	1307	280	280
M522_4	F2614_4	331	1201	133	133
M522_4	F312_4	331	1322	582	582
M522_4	M141_4	331	1188	165	165
M522_4	M1946_4	331	1299	88	88
M522_4	M2255_4	331	1251	39	39
M522_4	M2569_4	331	1393	452	452
M522_4	M2628_4	331	1222	12	12
M522_4	M581_4	331	1249	367	367
M522_4	M697_4	331	1359	280	280
M581_4	F1338_4	331	1282	55	55
M581_4	F1894_4	331	1226	198	198
M581_4	F2092_4	331	1284	584	584
M581_4	F2532_4	331	1248	339	339
M581_4	F2614_4	331	1147	140	140
M581_4	F312_4	331	1244	628	628
M581_4	M141_4	331	1177	176	176
M581_4	M1946_4	331	1325	117	117
M581_4	M2255_4	331	1376	54	54
M581_4	M2569_4	331	1181	459	459
M581_4	M2628_4	331	1281	24	24
M581_4	M522_4	331	1249	532	532
M581_4	M697_4	331	1185	283	283
M697_4	F1338_4	331	1328	45	86
M697_4	F1894_4	331	1343	217	390
M697_4	F2092_4	331	1364	551	1020
M697_4	F2532_4	331	1206	287	511
M697_4	F2614_4	331	1345	172	354
M697_4	F312_4	331	1198	568	1063
M697_4	M141_4	331	1138	163	291
M697_4	M1946_4	331	1230	84	146
M697_4	M2255_4	331	1269	46	83
M697_4	M2569_4	331	1330	476	875
M697_4	M2628_4	331	1139	19	34
M697_4	M522_4	331	1359	553	1034
M697_4	M581_4	331	1185	371	658
F2259_4	F2318_4	332	1330	103	104
F2259_4	F2632_4	332	1168	7	7
F2259_4	F323_4	332	1377	565	565
F2259_4	F401_4	332	1160	96	96
F2259_4	F545_4	332	1236	136	136
F2259_4	M1645_4	332	1226	281	282
F2259_4	M1657_4	332	1273	99	100
F2259_4	M1857_4	332	1198	195	196
F2259_4	M1868_4	332	1213	512	514
F2259_4	M2349_4	332	1282	74	74
F2259_4	M2507_4	332	1212	21	21
F2259_4	M267_4	332	1323	398	399
F2259_4	M868_4	332	1295	13	13
F2318_4	F2259_4	332	1330	573	948
F2318_4	F2632_4	332	1252	28	41
F2318_4	F323_4	332	1221	805	1322
F2318_4	F401_4	332	1439	299	489
F2318_4	F545_4	332	1222	372	577
F2318_4	M1645_4	332	1172	539	871
F2318_4	M1657_4	332	1175	240	380
F2318_4	M1857_4	332	1362	534	861
F2318_4	M1868_4	332	1331	926	1480
F2318_4	M2349_4	332	1231	210	344
F2318_4	M2507_4	332	1206	53	80
F2318_4	M267_4	332	1332	788	1244
F2318_4	M868_4	332	1177	28	46
F2632_4	F2259_4	332	1168	1128	1128
F2632_4	F2318_4	332	1252	1127	1127
F2632_4	F323_4	332	1378	1357	1357
F2632_4	F401_4	332	1160	1056	1056
F2632_4	F545_4	332	1228	1162	1162
F2632_4	M1645_4	332	1439	1391	1391
F2632_4	M1657_4	332	1350	1192	1192
F2632_4	M1857_4	332	1262	1200	1200
F2632_4	M1868_4	332	1355	1333	1333
F2632_4	M2349_4	332	1264	1090	1090
F2632_4	M2507_4	332	1178	718	718
F2632_4	M267_4	332	1305	1265	1265
F2632_4	M868_4	332	1268	531	531
F323_4	F2259_4	332	1377	942	1207
F323_4	F2318_4	332	1221	543	709
F323_4	F2632_4	332	1378	92	121
F323_4	F401_4	332	1324	608	786
F323_4	F545_4	332	1243	698	877
F323_4	M1645_4	332	1147	853	1095
F323_4	M1657_4	332	1320	564	737
F323_4	M1857_4	332	1271	839	1093
F323_4	M1868_4	332	1207	1042	1358
F323_4	M2349_4	332	1308	488	631
F323_4	M2507_4	332	1349	177	223
F323_4	M267_4	332	1194	967	1229
F323_4	M868_4	332	1171	66	77
F401_4	F2259_4	332	1160	908	1833
F401_4	F2318_4	332	1439	835	1649
F401_4	F2632_4	332	1160	123	254
F401_4	F323_4	332	1324	1197	2413
F401_4	F545_4	332	1196	764	1570
F401_4	M1645_4	332	1250	1016	2055
F401_4	M1657_4	332	1452	789	1642
F401_4	M1857_4	332	1229	898	1820
F401_4	M1868_4	332	1427	1286	2637
F401_4	M2349_4	332	1262	617	1282
F401_4	M2507_4	332	1434	265	525
F401_4	M267_4	332	1237	1088	2163
F401_4	M868_4	332	1344	130	257
F545_4	F2259_4	332	1236	258	258
F545_4	F2318_4	332	1222	105	105
F545_4	F2632_4	332	1228	8	8
F545_4	F323_4	332	1243	522	522
F545_4	F401_4	332	1196	113	113
F545_4	M1645_4	332	1235	310	310
F545_4	M1657_4	332	1130	94	94
F545_4	M1857_4	332	1265	230	230
F545_4	M1868_4	332	1283	590	590
F545_4	M2349_4	332	1287	87	87
F545_4	M2507_4	332	1313	20	20
F545_4	M267_4	332	1308	381	381
F545_4	M868_4	332	1295	6	6
M1645_4	F2259_4	332	1226	743	1926
M1645_4	F2318_4	332	1172	427	1139
M1645_4	F2632_4	332	1439	65	137
M1645_4	F323_4	332	1147	898	2375
M1645_4	F401_4	332	1250	461	1206
M1645_4	F545_4	332	1235	543	1332
M1645_4	M1657_4	332	1230	398	1004
M1645_4	M1857_4	332	1293	676	1722
M1645_4	M1868_4	332	1137	939	2427
M1645_4	M2349_4	332	1171	339	862
M1645_4	M2507_4	332	1263	99	258
M1645_4	M267_4	332	1318	949	2430
M1645_4	M868_4	332	1098	38	107
M1657_4	F2259_4	332	1273	612	864
M1657_4	F2318_4	332	1175	311	449
M1657_4	F2632_4	332	1350	39	53
M1657_4	F323_4	332	1320	905	1260
M1657_4	F401_4	332	1452	397	567
M1657_4	F545_4	332	1130	405	566
M1657_4	M1645_4	332	1230	672	926
M1657_4	M1857_4	332	1332	625	876
M1657_4	M1868_4	332	1144	850	1208
M1657_4	M2349_4	332	1316	246	318
M1657_4	M2507_4	332	1230	74	108
M1657_4	M267_4	332	1242	782	1071
M1657_4	M868_4	332	1460	46	62
M1857_4	F2259_4	332	1198	694	2882
M1857_4	F2318_4	332	1362	422	1740
M1857_4	F2632_4	332	1262	36	139
M1857_4	F323_4	332	1271	934	3894
M1857_4	F401_4	332	1229	371	1527
M1857_4	F545_4	332	1265	501	2138
M1857_4	M1645_4	332	1293	734	3019
M1857_4	M1657_4	332	1332	381	1556
M1857_4	M1868_4	332	1240	940	3879
M1857_4	M2349_4	332	1211	298	1261
M1857_4	M2507_4	332	1161	75	341
M1857_4	M267_4	332	1254	839	3504
M1857_4	M868_4	332	1324	58	245
M1868_4	F2259_4	332	1213	1108	2762
M1868_4	F2318_4	332	1331	1065	2706
M1868_4	F2632_4	332	1355	288	710
M1868_4	F323_4	332	1207	1154	2877
M1868_4	F401_4	332	1427	1123	2877
M1868_4	F545_4	332	1283	1066	2650
M1868_4	M1645_4	332	1137	1042	2652
M1868_4	M1657_4	332	1144	858	2160
M1868_4	M1857_4	332	1240	1082	2680
M1868_4	M2349_4	332	1246	873	2204
M1868_4	M2507_4	332	1255	459	1136
M1868_4	M267_4	332	1260	1177	2974
M1868_4	M868_4	332	1193	260	635
M2349_4	F2259_4	332	1282	349	1013
M2349_4	F2318_4	332	1231	174	527
M2349_4	F2632_4	332	1264	11	35
M2349_4	F323_4	332	1308	643	1855
M2349_4	F401_4	332	1262	168	492
M2349_4	F545_4	332	1287	227	659
M2349_4	M1645_4	332	1171	369	1107
M2349_4	M1657_4	332	1316	147	457
M2349_4	M1857_4	332	1211	286	835
M2349_4	M1868_4	332	1246	649	1893
M2349_4	M2507_4	332	1367	26	67
M2349_4	M267_4	332	1187	485	1431
M2349_4	M868_4	332	1280	12	32
M2507_4	F2259_4	332	1212	828	1137
M2507_4	F2318_4	332	1206	565	790
M2507_4	F2632_4	332	1178	78	107
M2507_4	F323_4	332	1349	1145	1629
M2507_4	F401_4	332	1434	659	906
M2507_4	F545_4	332	1313	740	1008
M2507_4	M1645_4	332	1263	899	1233
M2507_4	M1657_4	332	1230	519	729
M2507_4	M1857_4	332	1161	769	1064
M2507_4	M1868_4	332	1255	1098	1502
M2507_4	M2349_4	332	1367	548	743
M2507_4	M267_4	332	1335	1057	1448
M2507_4	M868_4	332	1271	61	80
M267_4	F2259_4	332	1323	824	824
M267_4	F2318_4	332	1332	573	573
M267_4	F2632_4	332	1305	69	69
M267_4	F323_4	332	1194	960	960
M267_4	F401_4	332	1237	494	494
M267_4	F545_4	332	1308	636	636
M267_4	M1645_4	332	1318	900	900
M267_4	M1657_4	332	1242	459	459
M267_4	M1857_4	332	1254	754	754
M267_4	M1868_4	332	1260	1053	1053
M267_4	M2349_4	332	1187	337	337
M267_4	M2507_4	332	1335	130	130
M267_4	M868_4	332	1247	57	57
M868_4	F2259_4	332	1295	987	987
M868_4	F2318_4	332	1177	623	623
M868_4	F2632_4	332	1268	131	131
M868_4	F323_4	332	1171	1036	1036
M868_4	F401_4	332	1344	728	728
M868_4	F545_4	332	1295	800	800
M868_4	M1645_4	332	1098	843	843
M868_4	M1657_4	332	1460	708	708
M868_4	M1857_4	332	1324	915	915
M868_4	M1868_4	332	1193	1093	1093
M868_4	M2349_4	332	1280	551	551
M868_4	M2507_4	332	1271	187	187
M868_4	M267_4	332	1247	1054	1054
F1566_4	F2050_4	333	1190	399	1029
F1566_4	F2192_4	333	1172	141	367
F1566_4	F2725_4	333	1254	220	590
F1566_4	F280_4	333	1365	847	2157
F1566_4	F517_4	333	1274	238	576
F1566_4	F817_4	333	1296	460	1236
F1566_4	M1027_4	333	1430	184	453
F1566_4	M1225_4	333	1185	870	2277
F1566_4	M1407_4	333	1217	185	481
F1566_4	M1864_4	333	1257	652	1705
F1566_4	M2225_4	333	1229	27	65
F1566_4	M2788_4	333	1368	107	302
F1566_4	M789_4	333	1294	61	148
F2050_4	F1566_4	333	1190	672	672
F2050_4	F2192_4	333	1251	505	505
F2050_4	F2725_4	333	1306	687	687
F2050_4	F280_4	333	1381	1223	1223
F2050_4	F517_4	333	1417	759	759
F2050_4	F817_4	333	1463	1064	1064
F2050_4	M1027_4	333	1197	484	484
F2050_4	M1225_4	333	1185	1100	1100
F2050_4	M1407_4	333	1256	562	562
F2050_4	M1864_4	333	1258	1082	1082
F2050_4	M2225_4	333	1118	112	112
F2050_4	M2788_4	333	1139	302	302
F2050_4	M789_4	333	1253	219	219
F2192_4	F1566_4	333	1172	657	2273
F2192_4	F2050_4	333	1251	799	2763
F2192_4	F2725_4	333	1286	620	2144
F2192_4	F280_4	333	1323	1154	3978
F2192_4	F517_4	333	1319	652	2279
F2192_4	F817_4	333	1214	861	2824
F2192_4	M1027_4	333	1333	487	1719
F2192_4	M1225_4	333	1230	1149	3947
F2192_4	M1407_4	333	1186	498	1732
F2192_4	M1864_4	333	1335	1095	3786
F2192_4	M2225_4	333	1311	110	368
F2192_4	M2788_4	333	1330	324	1078
F2192_4	M789_4	333	1211	202	704
F2725_4	F1566_4	333	1254	940	940
F2725_4	F2050_4	333	1306	1094	1094
F2725_4	F2192_4	333	1286	752	752
F2725_4	F280_4	333	1236	1173	1173
F2725_4	F517_4	333	1406	1034	1034
F2725_4	F817_4	333	1438	1260	1260
F2725_4	M1027_4	333	1360	844	844
F2725_4	M1225_4	333	1448	1396	1396
F2725_4	M1407_4	333	1204	812	812
F2725_4	M1864_4	333	1318	1227	1227
F2725_4	M2225_4	333	1226	247	247
F2725_4	M2788_4	333	1177	571	571
F2725_4	M789_4	333	1179	375	375
F280_4	F1566_4	333	1365	449	1047
F280_4	F2050_4	333	1381	602	1384
F280_4	F2192_4	333	1323	283	658
F280_4	F2725_4	333	1236	358	818
F280_4	F517_4	333	1232	382	833
F280_4	F817_4	333	1281	661	1565
F280_4	M1027_4	333	1281	309	730
F280_4	M1225_4	333	1122	945	2167
F280_4	M1407_4	333	1248	329	781
F280_4	M1864_4	333	1135	785	1870
F280_4	M2225_4	333	1242	41	87
F280_4	M2788_4	333	1213	170	390
F280_4	M789_4	333	1174	92	216
F517_4	F1566_4	333	1274	1229	1883
F517_4	F2050_4	333	1417	1383	2136
F517_4	F2192_4	333	1319	1241	1877
F517_4	F2725_4	333	1406	1354	2143
F517_4	F280_4	333	1232	1229	1892
F517_4	F817_4	333	1248	1225	1927
F517_4	M1027_4	333	1394	1328	2093
F517_4	M1225_4	333	1100	1094	1687
F517_4	M1407_4	333	1190	1135	1774
F517_4	M1864_4	333	1311	1297	2024
F517_4	M2225_4	333	1230	866	1382
F517_4	M2788_4	333	1173	1039	1596
F517_4	M789_4	333	1403	1148	1809
F817_4	F1566_4	333	1296	1176	1212
F817_4	F2050_4	333	1463	1374	1412
F817_4	F2192_4	333	1214	1009	1049
F817_4	F2725_4	333	1438	1307	1355
F817_4	F280_4	333	1281	1257	1305
F817_4	F517_4	333	1248	1116	1159
F817_4	M1027_4	333	1332	1116	1149
F817_4	M1225_4	333	1476	1466	1516
F817_4	M1407_4	333	1064	911	940
F817_4	M1864_4	333	1379	1347	1397
F817_4	M2225_4	333	1232	527	547
F817_4	M2788_4	333	1170	882	909
F817_4	M789_4	333	1304	755	780
M1027_4	F1566_4	333	1430	303	496
M1027_4	F2050_4	333	1197	375	657
M1027_4	F2192_4	333	1333	175	302
M1027_4	F2725_4	333	1360	274	489
M1027_4	F280_4	333	1281	845	1506
M1027_4	F517_4	333	1394	266	455
M1027_4	F817_4	333	1332	490	871
M1027_4	M1225_4	333	1136	864	1522
M1027_4	M1407_4	333	1283	218	395
M1027_4	M1864_4	333	1297	702	1170
M1027_4	M2225_4	333	1313	28	51
M1027_4	M2788_4	333	1360	94	167
M1027_4	M789_4	333	1277	48	84
M1225_4	F1566_4	333	1185	898	898
M1225_4	F2050_4	333	1185	984	984
M1225_4	F2192_4	333	1230	773	773
M1225_4	F2725_4	333	1448	1062	1062
M1225_4	F280_4	333	1122	1059	1059
M1225_4	F517_4	333	1100	829	829
M1225_4	F817_4	333	1476	1298	1298
M1225_4	M1027_4	333	1136	713	713
M1225_4	M1407_4	333	1217	796	796
M1225_4	M1864_4	333	1297	1219	1219
M1225_4	M2225_4	333	1326	242	242
M1225_4	M2788_4	333	1306	644	644
M1225_4	M789_4	333	1440	498	498
M1407_4	F1566_4	333	1217	511	575
M1407_4	F2050_4	333	1256	649	715
M1407_4	F2192_4	333	1186	344	382
M1407_4	F2725_4	333	1204	440	490
M1407_4	F280_4	333	1248	1028	1139
M1407_4	F517_4	333	1190	444	493
M1407_4	F817_4	333	1064	625	698
M1407_4	M1027_4	333	1283	348	379
M1407_4	M1225_4	333	1217	1076	1207
M1407_4	M1864_4	333	1409	1030	1147
M1407_4	M2225_4	333	1220	64	75
M1407_4	M2788_4	333	1225	207	231
M1407_4	M789_4	333	1347	135	150
M1864_4	F1566_4	333	1257	879	879
M1864_4	F2050_4	333	1258	1017	1017
M1864_4	F2192_4	333	1335	768	768
M1864_4	F2725_4	333	1318	883	883
M1864_4	F280_4	333	1135	1066	1066
M1864_4	F517_4	333	1311	880	880
M1864_4	F817_4	333	1379	1165	1165
M1864_4	M1027_4	333	1297	729	729
M1864_4	M1225_4	333	1297	1257	1257
M1864_4	M1407_4	333	1409	894	894
M1864_4	M2225_4	333	1327	239	239
M1864_4	M2788_4	333	1203	523	523
M1864_4	M789_4	333	1324	375	375
M2225_4	F1566_4	333	1229	408	936
M2225_4	F2050_4	333	1118	441	983
M2225_4	F2192_4	333	1311	225	501
M2225_4	F2725_4	333	1226	357	850
M2225_4	F280_4	333	1242	921	2181
M2225_4	F517_4	333	1230	321	736
M2225_4	F817_4	333	1232	581	1292
M2225_4	M1027_4	333	1313	223	525
M2225_4	M1225_4	333	1326	1070	2404
M2225_4	M1407_4	333	1220	266	555
M2225_4	M1864_4	333	1327	827	1863
M2225_4	M2788_4	333	1262	159	358
M2225_4	M789_4	333	1319	88	199
M2788_4	F1566_4	333	1368	1265	2513
M2788_4	F2050_4	333	1139	1064	2180
M2788_4	F2192_4	333	1330	1086	2229
M2788_4	F2725_4	333	1177	1061	2214
M2788_4	F280_4	333	1213	1189	2433
M2788_4	F517_4	333	1173	1046	2169
M2788_4	F817_4	333	1170	1105	2319
M2788_4	M1027_4	333	1360	1149	2338
M2788_4	M1225_4	333	1306	1294	2633
M2788_4	M1407_4	333	1225	1074	2227
M2788_4	M1864_4	333	1203	1174	2382
M2788_4	M2225_4	333	1262	602	1231
M2788_4	M789_4	333	1315	784	1655
M789_4	F1566_4	333	1294	527	818
M789_4	F2050_4	333	1253	636	969
M789_4	F2192_4	333	1211	312	497
M789_4	F2725_4	333	1179	393	619
M789_4	F280_4	333	1174	924	1463
M789_4	F517_4	333	1403	492	775
M789_4	F817_4	333	1304	717	1143
M789_4	M1027_4	333	1277	309	476
M789_4	M1225_4	333	1440	1258	1974
M789_4	M1407_4	333	1347	378	574
M789_4	M1864_4	333	1324	930	1439
M789_4	M2225_4	333	1319	63	99
M789_4	M2788_4	333	1315	190	290
F1684_4	F1876_4	334	1251	1062	1062
F1684_4	F2018_4	334	1172	988	988
F1684_4	F2268_4	334	1263	1146	1146
F1684_4	F384_4	334	1187	883	883
F1684_4	M1028_4	334	1323	1024	1024
F1684_4	M1715_4	334	1289	1041	1041
F1684_4	M2068_4	334	1251	1211	1211
F1684_4	M227_4	334	1333	740	740
F1684_4	M231_4	334	1303	729	729
F1684_4	M2634_4	334	1228	1012	1012
F1684_4	M468_4	334	1212	904	904
F1684_4	M653_4	334	1296	857	857
F1684_4	M764_4	334	1192	610	610
F1876_4	F1684_4	334	1251	60	60
F1876_4	F2018_4	334	1156	408	408
F1876_4	F2268_4	334	1328	682	682
F1876_4	F384_4	334	1157	244	244
F1876_4	M1028_4	334	1190	293	293
F1876_4	M1715_4	334	1235	347	347
F1876_4	M2068_4	334	1295	1005	1005
F1876_4	M227_4	334	1218	123	123
F1876_4	M231_4	334	1310	128	128
F1876_4	M2634_4	334	1292	435	435
F1876_4	M468_4	334	1279	272	272
F1876_4	M653_4	334	1345	206	206
F1876_4	M764_4	334	1089	121	121
F2018_4	F1684_4	334	1172	34	56
F2018_4	F1876_4	334	1156	319	524
F2018_4	F2268_4	334	1219	494	826
F2018_4	F384_4	334	1367	223	323
F2018_4	M1028_4	334	1125	199	317
F2018_4	M1715_4	334	1269	289	462
F2018_4	M2068_4	334	1235	859	1399
F2018_4	M227_4	334	1298	91	133
F2018_4	M231_4	334	1212	101	172
F2018_4	M2634_4	334	1334	305	497
F2018_4	M468_4	334	1251	171	255
F2018_4	M653_4	334	1370	155	259
F2018_4	M764_4	334	1151	102	161
F2268_4	F1684_4	334	1263	185	468
F2268_4	F1876_4	334	1328	806	2078
F2268_4	F2018_4	334	1219	798	2065
F2268_4	F384_4	334	1292	621	1591
F2268_4	M1028_4	334	1309	657	1645
F2268_4	M1715_4	334	1190	736	1882
F2268_4	M2068_4	334	1192	1085	2827
F2268_4	M227_4	334	1324	401	1034
F2268_4	M231_4	334	1136	341	907
F2268_4	M2634_4	334	1389	855	2190
F2268_4	M468_4	334	1359	665	1736
F2268_4	M653_4	334	1260	485	1258
F2268_4	M764_4	334	1259	343	875
F384_4	F1684_4	334	1187	35	35
F384_4	F1876_4	334	1157	297	297
F384_4	F2018_4	334	1367	344	344
F384_4	F2268_4	334	1292	504	504
F384_4	M1028_4	334	1323	203	203
F384_4	M1715_4	334	1266	301	301
F384_4	M2068_4	334	1107	748	748
F384_4	M227_4	334	1179	98	98
F384_4	M231_4	334	1256	95	95
F384_4	M2634_4	334	1331	322	322
F384_4	M468_4	334	1130	160	160
F384_4	M653_4	334	1402	154	154
F384_4	M764_4	334	1354	89	89
M1028_4	F1684_4	334	1323	84	84
M1028_4	F1876_4	334	1190	510	510
M1028_4	F2018_4	334	1125	483	483
M1028_4	F2268_4	334	1309	735	735
M1028_4	F384_4	334	1323	357	357
M1028_4	M1715_4	334	1448	551	551
M1028_4	M2068_4	334	1307	1048	1048
M1028_4	M227_4	334	1389	199	199
M1028_4	M231_4	334	1228	172	172
M1028_4	M2634_4	334	1294	528	528
M1028_4	M468_4	334	1178	310	310
M1028_4	M653_4	334	1294	279	279
M1028_4	M764_4	334	1233	157	157
M1715_4	F1684_4	334	1289	74	130
M1715_4	F1876_4	334	1235	504	942
M1715_4	F2018_4	334	1269	537	960
M1715_4	F2268_4	334	1190	638	1170
M1715_4	F384_4	334	1266	317	558
M1715_4	M1028_4	334	1448	386	704
M1715_4	M2068_4	334	1163	912	1669
M1715_4	M227_4	334	1098	149	286
M1715_4	M231_4	334	1380	165	293
M1715_4	M2634_4	334	1184	418	751
M1715_4	M468_4	334	1287	304	561
M1715_4	M653_4	334	1313	243	436
M1715_4	M764_4	334	1319	178	320
M2068_4	F1684_4	334	1251	124	124
M2068_4	F1876_4	334	1295	709	709
M2068_4	F2018_4	334	1235	676	676
M2068_4	F2268_4	334	1192	828	828
M2068_4	F384_4	334	1107	440	440
M2068_4	M1028_4	334	1307	566	566
M2068_4	M1715_4	334	1163	585	585
M2068_4	M227_4	334	1159	252	252
M2068_4	M231_4	334	1370	289	289
M2068_4	M2634_4	334	1368	691	691
M2068_4	M468_4	334	1187	456	456
M2068_4	M653_4	334	1282	359	359
M2068_4	M764_4	334	1274	269	269
M227_4	F1684_4	334	1333	818	2163
M227_4	F1876_4	334	1218	1139	2977
M227_4	F2018_4	334	1298	1214	3132
M227_4	F2268_4	334	1324	1289	3414
M227_4	F384_4	334	1179	1042	2768
M227_4	M1028_4	334	1389	1250	3304
M227_4	M1715_4	334	1098	1017	2657
M227_4	M2068_4	334	1159	1153	3013
M227_4	M231_4	334	1207	953	2533
M227_4	M2634_4	334	1142	1060	2752
M227_4	M468_4	334	1268	1117	2891
M227_4	M653_4	334	1274	1060	2685
M227_4	M764_4	334	1323	1000	2572
M231_4	F1684_4	334	1303	86	86
M231_4	F1876_4	334	1310	554	554
M231_4	F2018_4	334	1212	568	568
M231_4	F2268_4	334	1136	672	672
M231_4	F384_4	334	1256	366	366
M231_4	M1028_4	334	1228	372	372
M231_4	M1715_4	334	1380	546	546
M231_4	M2068_4	334	1370	1132	1132
M231_4	M227_4	334	1207	178	178
M231_4	M2634_4	334	1215	478	478
M231_4	M468_4	334	1174	297	297
M231_4	M653_4	334	1273	247	247
M231_4	M764_4	334	1225	178	178
M2634_4	F1684_4	334	1228	94	200
M2634_4	F1876_4	334	1292	550	1169
M2634_4	F2018_4	334	1334	569	1167
M2634_4	F2268_4	334	1389	843	1751
M2634_4	F384_4	334	1331	338	657
M2634_4	M1028_4	334	1294	369	758
M2634_4	M1715_4	334	1184	438	932
M2634_4	M2068_4	334	1368	1135	2314
M2634_4	M227_4	334	1142	189	394
M2634_4	M231_4	334	1215	187	380
M2634_4	M468_4	334	1277	322	646
M2634_4	M653_4	334	1164	206	420
M2634_4	M764_4	334	1204	155	317
M468_4	F1684_4	334	1212	33	39
M468_4	F1876_4	334	1279	235	279
M468_4	F2018_4	334	1251	247	302
M468_4	F2268_4	334	1359	472	563
M468_4	F384_4	334	1130	131	164
M468_4	M1028_4	334	1178	148	174
M468_4	M1715_4	334	1287	245	309
M468_4	M2068_4	334	1187	724	879
M468_4	M227_4	334	1268	69	89
M468_4	M231_4	334	1174	76	93
M468_4	M2634_4	334	1277	231	262
M468_4	M653_4	334	1158	101	122
M468_4	M764_4	334	1266	68	83
M653_4	F1684_4	334	1296	56	78
M653_4	F1876_4	334	1345	497	623
M653_4	F2018_4	334	1370	539	699
M653_4	F2268_4	334	1260	683	881
M653_4	F384_4	334	1402	334	436
M653_4	M1028_4	334	1294	349	441
M653_4	M1715_4	334	1313	450	592
M653_4	M2068_4	334	1282	1041	1338
M653_4	M227_4	334	1274	139	188
M653_4	M231_4	334	1273	161	211
M653_4	M2634_4	334	1164	400	530
M653_4	M468_4	334	1158	277	342
M653_4	M764_4	334	1215	137	169
M764_4	F1684_4	334	1192	50	50
M764_4	F1876_4	334	1089	333	333
M764_4	F2018_4	334	1151	368	368
M764_4	F2268_4	334	1259	645	645
M764_4	F384_4	334	1354	283	283
M764_4	M1028_4	334	1233	268	268
M764_4	M1715_4	334	1319	382	382
M764_4	M2068_4	334	1274	983	983
M764_4	M227_4	334	1323	135	135
M764_4	M231_4	334	1225	113	113
M764_4	M2634_4	334	1204	357	357
M764_4	M468_4	334	1266	241	241
M764_4	M653_4	334	1215	181	181
F1205_4	F1207_4	335	1259	1146	3686
F1205_4	F1622_4	335	1137	552	1846
F1205_4	F1834_4	335	1282	1235	3973
F1205_4	F1997_4	335	1133	959	3004
F1205_4	F808_4	335	1445	1128	3691
F1205_4	M1014_4	335	1517	1205	3882
F1205_4	M1016_4	335	1274	1210	4032
F1205_4	M1122_4	335	1167	1158	3711
F1205_4	M1613_4	335	1192	998	3189
F1205_4	M195_4	335	1296	1165	3680
F1205_4	M2030_4	335	1376	1332	4313
F1205_4	M418_4	335	1384	656	2115
F1205_4	M43_4	335	1318	792	2619
F1207_4	F1205_4	335	1259	721	721
F1207_4	F1622_4	335	1147	118	118
F1207_4	F1834_4	335	1259	951	951
F1207_4	F1997_4	335	1263	473	473
F1207_4	F808_4	335	1084	334	334
F1207_4	M1014_4	335	1256	364	364
F1207_4	M1016_4	335	1340	889	889
F1207_4	M1122_4	335	1330	1259	1259
F1207_4	M1613_4	335	1398	471	471
F1207_4	M195_4	335	1134	570	570
F1207_4	M2030_4	335	1161	818	818
F1207_4	M418_4	335	1251	113	113
F1207_4	M43_4	335	1227	173	173
F1622_4	F1205_4	335	1137	220	220
F1622_4	F1207_4	335	1147	215	215
F1622_4	F1834_4	335	1269	491	491
F1622_4	F1997_4	335	1253	128	128
F1622_4	F808_4	335	1376	101	101
F1622_4	M1014_4	335	1322	96	96
F1622_4	M1016_4	335	1329	356	356
F1622_4	M1122_4	335	1384	1068	1068
F1622_4	M1613_4	335	1334	130	130
F1622_4	M195_4	335	1278	209	209
F1622_4	M2030_4	335	1213	385	385
F1622_4	M418_4	335	1257	18	18
F1622_4	M43_4	335	1227	35	35
F1834_4	F1205_4	335	1282	78	174
F1834_4	F1207_4	335	1259	66	155
F1834_4	F1622_4	335	1269	7	14
F1834_4	F1997_4	335	1284	32	66
F1834_4	F808_4	335	1270	21	44
F1834_4	M1014_4	335	1231	24	62
F1834_4	M1016_4	335	1204	115	268
F1834_4	M1122_4	335	1261	622	1394
F1834_4	M1613_4	335	1232	31	77
F1834_4	M195_4	335	1374	88	205
F1834_4	M2030_4	335	1238	120	259
F1834_4	M418_4	335	1331	3	9
F1834_4	M43_4	335	1210	9	19
F1997_4	F1205_4	335	1133	628	628
F1997_4	F1207_4	335	1263	654	654
F1997_4	F1622_4	335	1253	126	126
F1997_4	F1834_4	335	1284	953	953
F1997_4	F808_4	335	1213	377	377
F1997_4	M1014_4	335	1231	361	361
F1997_4	M1016_4	335	1264	829	829
F1997_4	M1122_4	335	1395	1311	1311
F1997_4	M1613_4	335	1190	442	442
F1997_4	M195_4	335	1226	611	611
F1997_4	M2030_4	335	1289	888	888
F1997_4	M418_4	335	1184	108	108
F1997_4	M43_4	335	1310	164	164
F808_4	F1205_4	335	1445	1245	1245
F808_4	F1207_4	335	1084	871	871
F808_4	F1622_4	335	1376	412	412
F808_4	F1834_4	335	1270	1187	1187
F808_4	F1997_4	335	1213	862	862
F808_4	M1014_4	335	1331	837	837
F808_4	M1016_4	335	1052	937	937
F808_4	M1122_4	335	1179	1163	1163
F808_4	M1613_4	335	1162	763	763
F808_4	M195_4	335	1418	1129	1129
F808_4	M2030_4	335	1174	1060	1060
F808_4	M418_4	335	1422	402	402
F808_4	M43_4	335	1247	492	492
M1014_4	F1205_4	335	1517	1014	1014
M1014_4	F1207_4	335	1256	746	746
M1014_4	F1622_4	335	1322	174	174
M1014_4	F1834_4	335	1231	1012	1012
M1014_4	F1997_4	335	1231	514	514
M1014_4	F808_4	335	1331	474	474
M1014_4	M1016_4	335	1171	860	860
M1014_4	M1122_4	335	1189	1145	1145
M1014_4	M1613_4	335	1208	478	478
M1014_4	M195_4	335	1291	740	740
M1014_4	M2030_4	335	1299	1001	1001
M1014_4	M418_4	335	1192	120	120
M1014_4	M43_4	335	1140	215	215
M1016_4	F1205_4	335	1274	1109	1109
M1016_4	F1207_4	335	1340	1116	1116
M1016_4	F1622_4	335	1329	380	380
M1016_4	F1834_4	335	1204	1122	1122
M1016_4	F1997_4	335	1264	915	915
M1016_4	F808_4	335	1052	673	673
M1016_4	M1014_4	335	1171	736	736
M1016_4	M1122_4	335	1297	1279	1279
M1016_4	M1613_4	335	1259	872	872
M1016_4	M195_4	335	1261	1013	1013
M1016_4	M2030_4	335	1160	1071	1071
M1016_4	M418_4	335	1325	354	354
M1016_4	M43_4	335	1440	576	576
M1122_4	F1205_4	335	1167	757	1003
M1122_4	F1207_4	335	1330	773	1015
M1122_4	F1622_4	335	1384	174	240
M1122_4	F1834_4	335	1261	1010	1335
M1122_4	F1997_4	335	1395	553	749
M1122_4	F808_4	335	1179	424	563
M1122_4	M1014_4	335	1189	397	527
M1122_4	M1016_4	335	1297	930	1222
M1122_4	M1613_4	335	1333	472	642
M1122_4	M195_4	335	1242	690	929
M1122_4	M2030_4	335	1303	957	1286
M1122_4	M418_4	335	1235	121	164
M1122_4	M43_4	335	1376	232	305
M1613_4	F1205_4	335	1192	1048	1048
M1613_4	F1207_4	335	1398	1188	1188
M1613_4	F1622_4	335	1334	486	486
M1613_4	F1834_4	335	1232	1160	1160
M1613_4	F1997_4	335	1190	870	870
M1613_4	F808_4	335	1162	792	792
M1613_4	M1014_4	335	1208	828	828
M1613_4	M1016_4	335	1259	1140	1140
M1613_4	M1122_4	335	1333	1320	1320
M1613_4	M195_4	335	1321	1116	1116
M1613_4	M2030_4	335	1184	1091	1091
M1613_4	M418_4	335	1383	467	467
M1613_4	M43_4	335	1381	626	626
M195_4	F1205_4	335	1296	239	239
M195_4	F1207_4	335	1134	182	182
M195_4	F1622_4	335	1278	18	18
M195_4	F1834_4	335	1374	468	468
M195_4	F1997_4	335	1226	83	83
M195_4	F808_4	335	1418	108	108
M195_4	M1014_4	335	1291	69	69
M195_4	M1016_4	335	1261	327	327
M195_4	M1122_4	335	1242	935	935
M195_4	M1613_4	335	1321	124	124
M195_4	M2030_4	335	1183	302	302
M195_4	M418_4	335	1252	17	17
M195_4	M43_4	335	1279	30	30
M2030_4	F1205_4	335	1376	789	827
M2030_4	F1207_4	335	1161	557	582
M2030_4	F1622_4	335	1213	100	105
M2030_4	F1834_4	335	1238	913	958
M2030_4	F1997_4	335	1289	449	465
M2030_4	F808_4	335	1174	336	353
M2030_4	M1014_4	335	1299	339	351
M2030_4	M1016_4	335	1160	769	806
M2030_4	M1122_4	335	1303	1230	1286
M2030_4	M1613_4	335	1184	383	397
M2030_4	M195_4	335	1183	594	625
M2030_4	M418_4	335	1236	107	112
M2030_4	M43_4	335	1334	166	175
M418_4	F1205_4	335	1384	140	140
M418_4	F1207_4	335	1251	112	112
M418_4	F1622_4	335	1257	13	13
M418_4	F1834_4	335	1331	271	271
M418_4	F1997_4	335	1184	37	37
M418_4	F808_4	335	1422	42	42
M418_4	M1014_4	335	1192	34	34
M418_4	M1016_4	335	1325	199	199
M418_4	M1122_4	335	1235	771	771
M418_4	M1613_4	335	1383	43	43
M418_4	M195_4	335	1252	97	97
M418_4	M2030_4	335	1236	191	191
M418_4	M43_4	335	1302	14	14
M43_4	F1205_4	335	1318	618	618
M43_4	F1207_4	335	1227	515	515
M43_4	F1622_4	335	1227	70	70
M43_4	F1834_4	335	1210	832	832
M43_4	F1997_4	335	1310	384	384
M43_4	F808_4	335	1247	296	296
M43_4	M1014_4	335	1140	244	244
M43_4	M1016_4	335	1440	841	841
M43_4	M1122_4	335	1376	1274	1274
M43_4	M1613_4	335	1381	362	362
M43_4	M195_4	335	1279	525	525
M43_4	M2030_4	335	1334	816	816
M43_4	M418_4	335	1302	75	75
F1303_4	F1385_4	336	1290	257	412
F1303_4	F1470_4	336	1183	119	201
F1303_4	F172_4	336	1171	846	1374
F1303_4	F1901_4	336	1215	372	607
F1303_4	F2206_4	336	1389	690	1114
F1303_4	F2682_4	336	1202	5	9
F1303_4	F34_4	336	1249	195	303
F1303_4	M1825_4	336	1119	847	1353
F1303_4	M1866_4	336	1335	789	1288
F1303_4	M219_4	336	1172	273	418
F1303_4	M2618_4	336	1290	1098	1781
F1303_4	M2666_4	336	1160	480	758
F1303_4	M68_4	336	1261	242	407
F1385_4	F1303_4	336	1290	221	652
F1385_4	F1470_4	336	1260	650	1877
F1385_4	F172_4	336	1262	1208	3618
F1385_4	F1901_4	336	1353	1101	3295
F1385_4	F2206_4	336	1140	1048	3113
F1385_4	F2682_4	336	1209	81	249
F1385_4	F34_4	336	1249	840	2503
F1385_4	M1825_4	336	1376	1320	3951
F1385_4	M1866_4	336	1086	1020	3078
F1385_4	M219_4	336	1317	958	2862
F1385_4	M2618_4	336	1254	1235	3648
F1385_4	M2666_4	336	1130	979	3038
F1385_4	M68_4	336	1248	872	2591
F1470_4	F1303_4	336	1183	83	209
F1470_4	F1385_4	336	1260	518	1334
F1470_4	F172_4	336	1229	1071	2739
F1470_4	F1901_4	336	1243	662	1792
F1470_4	F2206_4	336	1349	990	2548
F1470_4	F2682_4	336	1319	29	81
F1470_4	F34_4	336	1113	340	901
F1470_4	M1825_4	336	1312	1176	3089
F1470_4	M1866_4	336	1176	913	2351
F1470_4	M219_4	336	1366	580	1558
F1470_4	M2618_4	336	1081	1002	2636
F1470_4	M2666_4	336	1185	737	1949
F1470_4	M68_4	336	1302	504	1355
F172_4	F1303_4	336	1171	20	20
F172_4	F1385_4	336	1262	295	295
F172_4	F1470_4	336	1229	132	132
F172_4	F1901_4	336	1231	453	453
F172_4	F2206_4	336	1390	790	790
F172_4	F2682_4	336	1242	11	11
F172_4	F34_4	336	1211	247	247
F172_4	M1825_4	336	1212	950	950
F172_4	M1866_4	336	1315	868	868
F172_4	M219_4	336	1208	312	312
F172_4	M2618_4	336	1219	1050	1050
F172_4	M2666_4	336	1219	531	531
F172_4	M68_4	336	1401	370	370
F1901_4	F1303_4	336	1215	217	217
F1901_4	F1385_4	336	1353	999	999
F1901_4	F1470_4	336	1243	663	663
F1901_4	F172_4	336	1231	1192	1192
F1901_4	F2206_4	336	1169	1074	1074
F1901_4	F2682_4	336	1408	109	109
F1901_4	F34_4	336	1230	855	855
F1901_4	M1825_4	336	1167	1138	1138
F1901_4	M1866_4	336	1229	1154	1154
F1901_4	M219_4	336	1279	943	943
F1901_4	M2618_4	336	1394	1370	1370
F1901_4	M2666_4	336	1366	1210	1210
F1901_4	M68_4	336	1198	897	897
F2206_4	F1303_4	336	1389	178	178
F2206_4	F1385_4	336	1140	728	728
F2206_4	F1470_4	336	1349	580	580
F2206_4	F172_4	336	1390	1337	1337
F2206_4	F1901_4	336	1169	909	909
F2206_4	F2682_4	336	1256	58	58
F2206_4	F34_4	336	1452	799	799
F2206_4	M1825_4	336	1288	1233	1233
F2206_4	M1866_4	336	1239	1122	1122
F2206_4	M219_4	336	1246	807	807
F2206_4	M2618_4	336	1277	1234	1234
F2206_4	M2666_4	336	1272	1051	1051
F2206_4	M68_4	336	1363	831	831
F2682_4	F1303_4	336	1202	37	37
F2682_4	F1385_4	336	1209	336	336
F2682_4	F1470_4	336	1319	179	179
F2682_4	F172_4	336	1242	1010	1010
F2682_4	F1901_4	336	1408	566	566
F2682_4	F2206_4	336	1256	765	765
F2682_4	F34_4	336	1281	257	257
F2682_4	M1825_4	336	1319	1111	1111
F2682_4	M1866_4	336	1229	858	858
F2682_4	M219_4	336	1390	398	398
F2682_4	M2618_4	336	1202	1065	1065
F2682_4	M2666_4	336	1503	774	774
F2682_4	M68_4	336	1378	400	400
F34_4	F1303_4	336	1249	223	543
F34_4	F1385_4	336	1249	866	2100
F34_4	F1470_4	336	1113	557	1377
F34_4	F172_4	336	1211	1169	2871
F34_4	F1901_4	336	1230	1007	2419
F34_4	F2206_4	336	1452	1306	3235
F34_4	F2682_4	336	1281	79	178
F34_4	M1825_4	336	1214	1175	2945
F34_4	M1866_4	336	1225	1134	2709
F34_4	M219_4	336	1333	944	2388
F34_4	M2618_4	336	1204	1179	2980
F34_4	M2666_4	336	1262	1082	2680
F34_4	M68_4	336	1227	885	2171
M1825_4	F1303_4	336	1119	14	25
M1825_4	F1385_4	336	1376	212	414
M1825_4	F1470_4	336	1312	102	179
M1825_4	F172_4	336	1212	794	1507
M1825_4	F1901_4	336	1167	293	527
M1825_4	F2206_4	336	1288	554	1033
M1825_4	F2682_4	336	1319	10	14
M1825_4	F34_4	336	1214	128	249
M1825_4	M1866_4	336	1319	689	1297
M1825_4	M219_4	336	1336	238	445
M1825_4	M2618_4	336	1182	946	1775
M1825_4	M2666_4	336	1181	399	734
M1825_4	M68_4	336	1222	195	365
M1866_4	F1303_4	336	1335	57	73
M1866_4	F1385_4	336	1086	287	389
M1866_4	F1470_4	336	1176	169	220
M1866_4	F172_4	336	1315	1067	1430
M1866_4	F1901_4	336	1229	506	668
M1866_4	F2206_4	336	1239	725	972
M1866_4	F2682_4	336	1229	17	26
M1866_4	F34_4	336	1225	289	394
M1866_4	M1825_4	336	1319	1074	1447
M1866_4	M219_4	336	1209	375	506
M1866_4	M2618_4	336	1148	1019	1376
M1866_4	M2666_4	336	1357	674	881
M1866_4	M68_4	336	1327	344	448
M219_4	F1303_4	336	1172	94	174
M219_4	F1385_4	336	1317	673	1156
M219_4	F1470_4	336	1366	362	610
M219_4	F172_4	336	1208	1095	1779
M219_4	F1901_4	336	1279	771	1266
M219_4	F2206_4	336	1246	985	1622
M219_4	F2682_4	336	1390	44	74
M219_4	F34_4	336	1333	576	979
M219_4	M1825_4	336	1336	1227	2016
M219_4	M1866_4	336	1209	1042	1709
M219_4	M2618_4	336	1177	1128	1854
M219_4	M2666_4	336	1351	988	1634
M219_4	M68_4	336	1149	566	945
M2618_4	F1303_4	336	1290	19	19
M2618_4	F1385_4	336	1254	219	219
M2618_4	F1470_4	336	1081	93	93
M2618_4	F172_4	336	1219	841	841
M2618_4	F1901_4	336	1394	392	392
M2618_4	F2206_4	336	1277	625	625
M2618_4	F2682_4	336	1202	8	8
M2618_4	F34_4	336	1204	144	144
M2618_4	M1825_4	336	1182	863	863
M2618_4	M1866_4	336	1148	655	655
M2618_4	M219_4	336	1177	247	247
M2618_4	M2666_4	336	1384	524	524
M2618_4	M68_4	336	1233	221	221
M2666_4	F1303_4	336	1160	29	83
M2666_4	F1385_4	336	1130	300	945
M2666_4	F1470_4	336	1185	141	430
M2666_4	F172_4	336	1219	909	2728
M2666_4	F1901_4	336	1366	496	1479
M2666_4	F2206_4	336	1272	719	2177
M2666_4	F2682_4	336	1503	14	52
M2666_4	F34_4	336	1262	245	708
M2666_4	M1825_4	336	1181	960	2837
M2666_4	M1866_4	336	1357	879	2688
M2666_4	M219_4	336	1351	363	1080
M2666_4	M2618_4	336	1384	1208	3633
M2666_4	M68_4	336	1279	318	967
M68_4	F1303_4	336	1261	11	11
M68_4	F1385_4	336	1248	129	129
M68_4	F1470_4	336	1302	69	69
M68_4	F172_4	336	1401	771	771
M68_4	F1901_4	336	1198	205	205
M68_4	F2206_4	336	1363	438	438
M68_4	F2682_4	336	1378	4	4
M68_4	F34_4	336	1227	100	100
M68_4	M1825_4	336	1222	715	715
M68_4	M1866_4	336	1327	542	542
M68_4	M219_4	336	1149	121	121
M68_4	M2618_4	336	1233	877	877
M68_4	M2666_4	336	1279	269	269
F1332_4	F1469_4	337	1306	441	441
F1332_4	F2404_4	337	1290	135	135
F1332_4	F590_4	337	1346	749	749
F1332_4	F658_4	337	1306	979	979
F1332_4	F661_4	337	1383	154	154
F1332_4	F764_4	337	1442	260	260
F1332_4	F894_4	337	1218	199	199
F1332_4	F997_4	337	1304	456	456
F1332_4	M1206_4	337	1333	704	704
F1332_4	M1248_4	337	1165	679	679
F1332_4	M2208_4	337	1299	485	485
F1332_4	M2492_4	337	1165	633	633
F1332_4	M2505_4	337	1156	726	726
F1469_4	F1332_4	337	1306	23	23
F1469_4	F2404_4	337	1350	33	33
F1469_4	F590_4	337	1346	261	261
F1469_4	F658_4	337	1222	415	415
F1469_4	F661_4	337	1220	29	29
F1469_4	F764_4	337	1381	63	63
F1469_4	F894_4	337	1227	43	43
F1469_4	F997_4	337	1204	121	121
F1469_4	M1206_4	337	1177	211	211
F1469_4	M1248_4	337	1103	235	235
F1469_4	M2208_4	337	1241	160	160
F1469_4	M2492_4	337	1369	238	238
F1469_4	M2505_4	337	1333	330	330
F2404_4	F1332_4	337	1290	160	452
F2404_4	F1469_4	337	1350	509	1448
F2404_4	F590_4	337	1283	792	2319
F2404_4	F658_4	337	1269	1009	2900
F2404_4	F661_4	337	1453	180	533
F2404_4	F764_4	337	1305	292	832
F2404_4	F894_4	337	1241	211	599
F2404_4	F997_4	337	1197	461	1268
F2404_4	M1206_4	337	1279	726	2081
F2404_4	M1248_4	337	1320	841	2380
F2404_4	M2208_4	337	1297	580	1633
F2404_4	M2492_4	337	1185	739	2062
F2404_4	M2505_4	337	1414	937	2679
F590_4	F1332_4	337	1346	848	1402
F590_4	F1469_4	337	1346	1183	1903
F590_4	F2404_4	337	1283	863	1430
F590_4	F658_4	337	1334	1292	2117
F590_4	F661_4	337	1316	865	1453
F590_4	F764_4	337	1241	941	1582
F590_4	F894_4	337	1293	929	1529
F590_4	F997_4	337	1281	1135	1882
F590_4	M1206_4	337	1314	1241	2081
F590_4	M1248_4	337	1244	1179	1967
F590_4	M2208_4	337	1249	1130	1848
F590_4	M2492_4	337	1224	1162	1927
F590_4	M2505_4	337	1382	1340	2226
F658_4	F1332_4	337	1306	125	319
F658_4	F1469_4	337	1222	364	966
F658_4	F2404_4	337	1269	136	362
F658_4	F590_4	337	1334	690	1919
F658_4	F661_4	337	1186	129	334
F658_4	F764_4	337	1189	185	460
F658_4	F894_4	337	1227	171	472
F658_4	F997_4	337	1408	435	1190
F658_4	M1206_4	337	1157	570	1600
F658_4	M1248_4	337	1246	647	1766
F658_4	M2208_4	337	1177	391	1043
F658_4	M2492_4	337	1372	676	1818
F658_4	M2505_4	337	1191	706	1907
F661_4	F1332_4	337	1383	118	214
F661_4	F1469_4	337	1220	382	742
F661_4	F2404_4	337	1453	138	263
F661_4	F590_4	337	1316	710	1376
F661_4	F658_4	337	1186	871	1679
F661_4	F764_4	337	1390	234	414
F661_4	F894_4	337	1218	165	340
F661_4	F997_4	337	1264	411	825
F661_4	M1206_4	337	1340	689	1325
F661_4	M1248_4	337	1190	645	1198
F661_4	M2208_4	337	1133	428	842
F661_4	M2492_4	337	1306	686	1294
F661_4	M2505_4	337	1369	830	1602
F764_4	F1332_4	337	1442	281	281
F764_4	F1469_4	337	1381	718	718
F764_4	F2404_4	337	1305	246	246
F764_4	F590_4	337	1241	913	913
F764_4	F658_4	337	1189	1032	1032
F764_4	F661_4	337	1390	315	315
F764_4	F894_4	337	1316	347	347
F764_4	F997_4	337	1249	655	655
F764_4	M1206_4	337	1344	927	927
F764_4	M1248_4	337	1268	946	946
F764_4	M2208_4	337	1249	696	696
F764_4	M2492_4	337	1362	978	978
F764_4	M2505_4	337	1271	1004	1004
F894_4	F1332_4	337	1218	26	26
F894_4	F1469_4	337	1227	119	119
F894_4	F2404_4	337	1241	30	30
F894_4	F590_4	337	1293	315	315
F894_4	F658_4	337	1227	503	503
F894_4	F661_4	337	1218	36	36
F894_4	F764_4	337	1316	55	55
F894_4	F997_4	337	1318	147	147
F894_4	M1206_4	337	1296	225	225
F894_4	M1248_4	337	1339	295	295
F894_4	M2208_4	337	1153	135	135
F894_4	M2492_4	337	1139	238	238
F894_4	M2505_4	337	1214	357	357
F997_4	F1332_4	337	1304	777	1723
F997_4	F1469_4	337	1204	1036	2289
F997_4	F2404_4	337	1197	702	1561
F997_4	F590_4	337	1281	1203	2678
F997_4	F658_4	337	1408	1369	2969
F997_4	F661_4	337	1264	772	1665
F997_4	F764_4	337	1249	906	1982
F997_4	F894_4	337	1318	932	2045
F997_4	M1206_4	337	1213	1128	2474
F997_4	M1248_4	337	1204	1126	2540
F997_4	M2208_4	337	1287	1145	2527
F997_4	M2492_4	337	1191	1106	2425
F997_4	M2505_4	337	1321	1252	2806
M1206_4	F1332_4	337	1333	18	18
M1206_4	F1469_4	337	1177	75	75
M1206_4	F2404_4	337	1279	9	9
M1206_4	F590_4	337	1314	138	138
M1206_4	F658_4	337	1157	290	290
M1206_4	F661_4	337	1340	15	15
M1206_4	F764_4	337	1344	27	27
M1206_4	F894_4	337	1296	24	24
M1206_4	F997_4	337	1213	58	58
M1206_4	M1248_4	337	1335	176	176
M1206_4	M2208_4	337	1176	62	62
M1206_4	M2492_4	337	1288	140	140
M1206_4	M2505_4	337	1153	175	175
M1248_4	F1332_4	337	1165	489	2179
M1248_4	F1469_4	337	1103	822	3740
M1248_4	F2404_4	337	1320	546	2487
M1248_4	F590_4	337	1244	1099	5025
M1248_4	F658_4	337	1246	1176	5456
M1248_4	F661_4	337	1190	514	2467
M1248_4	F764_4	337	1268	735	3429
M1248_4	F894_4	337	1339	685	3065
M1248_4	F997_4	337	1204	957	4474
M1248_4	M1206_4	337	1335	1169	5364
M1248_4	M2208_4	337	1250	1011	4688
M1248_4	M2492_4	337	1106	969	4350
M1248_4	M2505_4	337	1392	1270	5772
M2208_4	F1332_4	337	1299	483	483
M2208_4	F1469_4	337	1241	882	882
M2208_4	F2404_4	337	1297	453	453
M2208_4	F590_4	337	1249	1051	1051
M2208_4	F658_4	337	1177	1095	1095
M2208_4	F661_4	337	1133	431	431
M2208_4	F764_4	337	1249	661	661
M2208_4	F894_4	337	1153	512	512
M2208_4	F997_4	337	1287	903	903
M2208_4	M1206_4	337	1176	985	985
M2208_4	M1248_4	337	1250	1079	1079
M2208_4	M2492_4	337	1349	1146	1146
M2208_4	M2505_4	337	1293	1160	1160
M2492_4	F1332_4	337	1165	462	703
M2492_4	F1469_4	337	1369	1004	1509
M2492_4	F2404_4	337	1185	462	725
M2492_4	F590_4	337	1224	1087	1641
M2492_4	F658_4	337	1372	1287	1932
M2492_4	F661_4	337	1306	547	801
M2492_4	F764_4	337	1362	710	1087
M2492_4	F894_4	337	1139	558	834
M2492_4	F997_4	337	1191	861	1288
M2492_4	M1206_4	337	1288	1089	1660
M2492_4	M1248_4	337	1106	977	1483
M2492_4	M2208_4	337	1349	1026	1522
M2492_4	M2505_4	337	1230	1123	1710
M2505_4	F1332_4	337	1156	116	126
M2505_4	F1469_4	337	1333	486	526
M2505_4	F2404_4	337	1414	147	166
M2505_4	F590_4	337	1382	801	895
M2505_4	F658_4	337	1191	910	1031
M2505_4	F661_4	337	1369	167	188
M2505_4	F764_4	337	1271	206	229
M2505_4	F894_4	337	1214	187	223
M2505_4	F997_4	337	1321	457	498
M2505_4	M1206_4	337	1153	602	683
M2505_4	M1248_4	337	1392	794	883
M2505_4	M2208_4	337	1293	485	542
M2505_4	M2492_4	337	1230	670	753
F1061_4	F1247_4	338	1160	340	916
F1061_4	F1530_4	338	1187	1076	3019
F1061_4	F2245_4	338	1232	285	782
F1061_4	M1106_4	338	1310	234	672
F1061_4	M1151_4	338	1104	233	651
F1061_4	M1152_4	338	1218	821	2393
F1061_4	M1435_4	338	1271	847	2422
F1061_4	M1569_4	338	1161	29	82
F1061_4	M1925_4	338	1266	133	398
F1061_4	M1940_4	338	1320	487	1365
F1061_4	M1992_4	338	1204	122	350
F1061_4	M2565_4	338	1279	336	946
F1061_4	M2794_4	338	1183	141	424
F1247_4	F1061_4	338	1160	456	560
F1247_4	F1530_4	338	1209	1207	1464
F1247_4	F2245_4	338	1332	1157	1446
F1247_4	M1106_4	338	1203	1000	1228
F1247_4	M1151_4	338	1265	1065	1293
F1247_4	M1152_4	338	1284	1264	1559
F1247_4	M1435_4	338	1358	1325	1629
F1247_4	M1569_4	338	1274	517	619
F1247_4	M1925_4	338	1252	883	1061
F1247_4	M1940_4	338	1195	1132	1385
F1247_4	M1992_4	338	1220	874	1043
F1247_4	M2565_4	338	1288	1118	1353
F1247_4	M2794_4	338	1073	776	941
F1530_4	F1061_4	338	1187	57	57
F1530_4	F1247_4	338	1209	579	579
F1530_4	F2245_4	338	1372	474	474
F1530_4	M1106_4	338	1339	405	405
F1530_4	M1151_4	338	1225	422	422
F1530_4	M1152_4	338	1256	981	981
F1530_4	M1435_4	338	1252	988	988
F1530_4	M1569_4	338	1175	78	78
F1530_4	M1925_4	338	1285	225	225
F1530_4	M1940_4	338	1167	665	665
F1530_4	M1992_4	338	1102	196	196
F1530_4	M2565_4	338	1191	486	486
F1530_4	M2794_4	338	1305	231	231
F2245_4	F1061_4	338	1232	126	126
F2245_4	F1247_4	338	1332	814	814
F2245_4	F1530_4	338	1372	1317	1317
F2245_4	M1106_4	338	1272	491	491
F2245_4	M1151_4	338	1266	616	616
F2245_4	M1152_4	338	1209	1042	1042
F2245_4	M1435_4	338	1318	1170	1170
F2245_4	M1569_4	338	1255	145	145
F2245_4	M1925_4	338	1191	332	332
F2245_4	M1940_4	338	1202	822	822
F2245_4	M1992_4	338	1233	361	361
F2245_4	M2565_4	338	1244	673	673
F2245_4	M2794_4	338	1358	436	436
M1106_4	F1061_4	338	1310	33	33
M1106_4	F1247_4	338	1203	336	336
M1106_4	F1530_4	338	1339	1188	1188
M1106_4	F2245_4	338	1272	284	284
M1106_4	M1151_4	338	1221	216	216
M1106_4	M1152_4	338	1301	829	829
M1106_4	M1435_4	338	1271	780	780
M1106_4	M1569_4	338	1343	36	36
M1106_4	M1925_4	338	1218	96	96
M1106_4	M1940_4	338	1339	479	479
M1106_4	M1992_4	338	1221	108	108
M1106_4	M2565_4	338	1161	251	251
M1106_4	M2794_4	338	1312	129	129
M1151_4	F1061_4	338	1104	53	146
M1151_4	F1247_4	338	1265	518	1295
M1151_4	F1530_4	338	1225	1154	3006
M1151_4	F2245_4	338	1266	398	1019
M1151_4	M1106_4	338	1221	274	692
M1151_4	M1152_4	338	1324	1006	2623
M1151_4	M1435_4	338	1320	984	2547
M1151_4	M1569_4	338	1249	67	177
M1151_4	M1925_4	338	1275	195	520
M1151_4	M1940_4	338	1211	596	1514
M1151_4	M1992_4	338	1210	211	579
M1151_4	M2565_4	338	1345	450	1137
M1151_4	M2794_4	338	1348	221	586
M1152_4	F1061_4	338	1218	141	185
M1152_4	F1247_4	338	1284	893	1150
M1152_4	F1530_4	338	1256	1230	1583
M1152_4	F2245_4	338	1209	690	885
M1152_4	M1106_4	338	1301	635	831
M1152_4	M1151_4	338	1324	755	978
M1152_4	M1435_4	338	1455	1307	1683
M1152_4	M1569_4	338	1271	183	244
M1152_4	M1925_4	338	1309	443	554
M1152_4	M1940_4	338	1226	911	1173
M1152_4	M1992_4	338	1192	402	506
M1152_4	M2565_4	338	1294	785	1000
M1152_4	M2794_4	338	1256	435	536
M1435_4	F1061_4	338	1271	573	1616
M1435_4	F1247_4	338	1358	1270	3730
M1435_4	F1530_4	338	1252	1245	3569
M1435_4	F2245_4	338	1318	1157	3399
M1435_4	M1106_4	338	1271	1089	3099
M1435_4	M1151_4	338	1320	1175	3431
M1435_4	M1152_4	338	1455	1432	4282
M1435_4	M1569_4	338	1425	740	2185
M1435_4	M1925_4	338	1302	972	2868
M1435_4	M1940_4	338	1294	1230	3515
M1435_4	M1992_4	338	1204	908	2616
M1435_4	M2565_4	338	1271	1162	3319
M1435_4	M2794_4	338	1151	887	2605
M1569_4	F1061_4	338	1161	100	298
M1569_4	F1247_4	338	1274	778	2274
M1569_4	F1530_4	338	1175	1146	3346
M1569_4	F2245_4	338	1255	614	1833
M1569_4	M1106_4	338	1343	542	1607
M1569_4	M1151_4	338	1249	591	1799
M1569_4	M1152_4	338	1271	1067	3113
M1569_4	M1435_4	338	1425	1221	3566
M1569_4	M1925_4	338	1205	322	936
M1569_4	M1940_4	338	1302	867	2544
M1569_4	M1992_4	338	1123	293	840
M1569_4	M2565_4	338	1286	689	2046
M1569_4	M2794_4	338	1267	367	1084
M1925_4	F1061_4	338	1266	39	41
M1925_4	F1247_4	338	1252	454	461
M1925_4	F1530_4	338	1285	1168	1188
M1925_4	F2245_4	338	1191	298	302
M1925_4	M1106_4	338	1218	239	243
M1925_4	M1151_4	338	1275	344	344
M1925_4	M1152_4	338	1309	945	954
M1925_4	M1435_4	338	1302	944	949
M1925_4	M1569_4	338	1205	60	60
M1925_4	M1940_4	338	1276	530	537
M1925_4	M1992_4	338	1239	158	159
M1925_4	M2565_4	338	1245	362	368
M1925_4	M2794_4	338	1420	179	181
M1940_4	F1061_4	338	1320	287	1103
M1940_4	F1247_4	338	1195	983	3680
M1940_4	F1530_4	338	1167	1145	4331
M1940_4	F2245_4	338	1202	883	3315
M1940_4	M1106_4	338	1339	890	3204
M1940_4	M1151_4	338	1211	863	3338
M1940_4	M1152_4	338	1226	1172	4343
M1940_4	M1435_4	338	1294	1244	4645
M1940_4	M1569_4	338	1302	347	1344
M1940_4	M1925_4	338	1276	624	2332
M1940_4	M1992_4	338	1104	581	2159
M1940_4	M2565_4	338	1236	943	3534
M1940_4	M2794_4	338	1348	726	2705
M1992_4	F1061_4	338	1204	31	41
M1992_4	F1247_4	338	1220	391	559
M1992_4	F1530_4	338	1102	996	1419
M1992_4	F2245_4	338	1233	267	387
M1992_4	M1106_4	338	1221	207	294
M1992_4	M1151_4	338	1210	273	394
M1992_4	M1152_4	338	1192	814	1141
M1992_4	M1435_4	338	1204	816	1151
M1992_4	M1569_4	338	1123	41	61
M1992_4	M1925_4	338	1239	151	210
M1992_4	M1940_4	338	1104	459	641
M1992_4	M2565_4	338	1449	351	507
M1992_4	M2794_4	338	1343	161	225
M2565_4	F1061_4	338	1279	10	10
M2565_4	F1247_4	338	1288	107	113
M2565_4	F1530_4	338	1191	768	814
M2565_4	F2245_4	338	1244	62	64
M2565_4	M1106_4	338	1161	45	48
M2565_4	M1151_4	338	1345	70	73
M2565_4	M1152_4	338	1294	346	373
M2565_4	M1435_4	338	1271	321	339
M2565_4	M1569_4	338	1286	13	14
M2565_4	M1925_4	338	1245	16	17
M2565_4	M1940_4	338	1236	120	122
M2565_4	M1992_4	338	1449	35	36
M2565_4	M2794_4	338	1400	31	31
M2794_4	F1061_4	338	1183	102	102
M2794_4	F1247_4	338	1073	698	698
M2794_4	F1530_4	338	1305	1269	1269
M2794_4	F2245_4	338	1358	641	641
M2794_4	M1106_4	338	1312	534	534
M2794_4	M1151_4	338	1348	638	638
M2794_4	M1152_4	338	1256	1081	1081
M2794_4	M1435_4	338	1151	990	990
M2794_4	M1569_4	338	1267	125	125
M2794_4	M1925_4	338	1420	394	394
M2794_4	M1940_4	338	1348	913	913
M2794_4	M1992_4	338	1343	373	373
M2794_4	M2565_4	338	1400	732	732
F1090_4	F1549_4	339	1213	395	409
F1090_4	F1916_4	339	1266	28	28
F1090_4	F231_4	339	1321	83	89
F1090_4	F255_4	339	1159	350	359
F1090_4	F2584_4	339	1144	52	54
F1090_4	F381_4	339	1181	52	52
F1090_4	F420_4	339	1421	27	27
F1090_4	F756_4	339	1300	12	12
F1090_4	F797_4	339	1381	68	69
F1090_4	M1082_4	339	1245	93	97
F1090_4	M2412_4	339	1392	612	630
F1090_4	M2783_4	339	1120	26	26
F1090_4	M364_4	339	1440	20	21
F1549_4	F1090_4	339	1213	1082	1082
F1549_4	F1916_4	339	1306	1142	1142
F1549_4	F231_4	339	1312	1259	1259
F1549_4	F255_4	339	1275	1264	1264
F1549_4	F2584_4	339	1258	1201	1201
F1549_4	F381_4	339	1371	1269	1269
F1549_4	F420_4	339	1307	1163	1163
F1549_4	F756_4	339	1237	974	974
F1549_4	F797_4	339	1223	1172	1172
F1549_4	M1082_4	339	1199	1161	1161
F1549_4	M2412_4	339	1207	1202	1202
F1549_4	M2783_4	339	1121	994	994
F1549_4	M364_4	339	1297	1083	1083
F1916_4	F1090_4	339	1266	789	789
F1916_4	F1549_4	339	1306	1279	1279
F1916_4	F231_4	339	1219	1001	1001
F1916_4	F255_4	339	1195	1171	1171
F1916_4	F2584_4	339	1138	885	885
F1916_4	F381_4	339	1121	792	792
F1916_4	F420_4	339	1263	745	745
F1916_4	F756_4	339	1170	488	488
F1916_4	F797_4	339	1295	1021	1021
F1916_4	M1082_4	339	1311	1075	1075
F1916_4	M2412_4	339	1279	1252	1252
F1916_4	M2783_4	339	1220	724	724
F1916_4	M364_4	339	1366	626	626
F231_4	F1090_4	339	1321	391	1170
F231_4	F1549_4	339	1312	1148	3294
F231_4	F1916_4	339	1219	286	807
F231_4	F255_4	339	1222	1058	3020
F231_4	F2584_4	339	1396	658	1890
F231_4	F381_4	339	1156	457	1270
F231_4	F420_4	339	1201	355	1021
F231_4	F756_4	339	1245	180	515
F231_4	F797_4	339	1434	693	1964
F231_4	M1082_4	339	1529	837	2394
F231_4	M2412_4	339	1467	1358	3917
F231_4	M2783_4	339	1256	329	940
F231_4	M364_4	339	1237	225	652
F255_4	F1090_4	339	1159	247	350
F255_4	F1549_4	339	1275	1038	1465
F255_4	F1916_4	339	1195	166	241
F255_4	F231_4	339	1222	488	705
F255_4	F2584_4	339	1312	433	631
F255_4	F381_4	339	1220	312	461
F255_4	F420_4	339	1397	245	341
F255_4	F756_4	339	1263	113	158
F255_4	F797_4	339	1305	445	654
F255_4	M1082_4	339	1160	508	711
F255_4	M2412_4	339	1294	1132	1636
F255_4	M2783_4	339	1369	236	348
F255_4	M364_4	339	1210	129	176
F2584_4	F1090_4	339	1144	621	1612
F2584_4	F1549_4	339	1258	1211	3116
F2584_4	F1916_4	339	1138	515	1315
F2584_4	F231_4	339	1396	1063	2818
F2584_4	F255_4	339	1312	1238	3160
F2584_4	F381_4	339	1297	859	2186
F2584_4	F420_4	339	1232	632	1606
F2584_4	F756_4	339	1408	482	1261
F2584_4	F797_4	339	1324	998	2614
F2584_4	M1082_4	339	1165	913	2348
F2584_4	M2412_4	339	1383	1357	3418
F2584_4	M2783_4	339	1077	549	1435
F2584_4	M364_4	339	1301	494	1255
F381_4	F1090_4	339	1181	184	741
F381_4	F1549_4	339	1371	1098	4303
F381_4	F1916_4	339	1121	133	517
F381_4	F231_4	339	1156	418	1697
F381_4	F255_4	339	1220	940	3765
F381_4	F2584_4	339	1297	395	1586
F381_4	F420_4	339	1342	217	843
F381_4	F756_4	339	1260	124	483
F381_4	F797_4	339	1265	366	1490
F381_4	M1082_4	339	1179	429	1711
F381_4	M2412_4	339	1198	1029	4068
F381_4	M2783_4	339	1410	194	737
F381_4	M364_4	339	1321	117	496
F420_4	F1090_4	339	1421	576	576
F420_4	F1549_4	339	1307	1218	1218
F420_4	F1916_4	339	1263	408	408
F420_4	F231_4	339	1201	789	789
F420_4	F255_4	339	1397	1275	1275
F420_4	F2584_4	339	1232	754	754
F420_4	F381_4	339	1342	697	697
F420_4	F756_4	339	1321	304	304
F420_4	F797_4	339	1235	741	741
F420_4	M1082_4	339	1301	900	900
F420_4	M2412_4	339	1181	1125	1125
F420_4	M2783_4	339	1371	494	494
F420_4	M364_4	339	1231	319	319
F756_4	F1090_4	339	1300	359	947
F756_4	F1549_4	339	1237	1064	2741
F756_4	F1916_4	339	1170	261	663
F756_4	F231_4	339	1245	602	1521
F756_4	F255_4	339	1263	1102	2809
F756_4	F2584_4	339	1408	588	1460
F756_4	F381_4	339	1260	465	1166
F756_4	F420_4	339	1321	339	899
F756_4	F797_4	339	1178	535	1321
F756_4	M1082_4	339	1141	622	1581
F756_4	M2412_4	339	1309	1194	3033
F756_4	M2783_4	339	1308	351	898
F756_4	M364_4	339	1345	218	575
F797_4	F1090_4	339	1381	314	1022
F797_4	F1549_4	339	1223	1038	3473
F797_4	F1916_4	339	1295	223	781
F797_4	F231_4	339	1434	621	2106
F797_4	F255_4	339	1305	1089	3644
F797_4	F2584_4	339	1324	468	1542
F797_4	F381_4	339	1265	417	1369
F797_4	F420_4	339	1235	272	875
F797_4	F756_4	339	1178	123	372
F797_4	M1082_4	339	1409	623	2056
F797_4	M2412_4	339	1286	1167	4002
F797_4	M2783_4	339	1366	273	937
F797_4	M364_4	339	1152	150	514
M1082_4	F1090_4	339	1245	427	1408
M1082_4	F1549_4	339	1199	1059	3497
M1082_4	F1916_4	339	1311	374	1262
M1082_4	F231_4	339	1529	907	3000
M1082_4	F255_4	339	1160	1021	3480
M1082_4	F2584_4	339	1165	614	2089
M1082_4	F381_4	339	1179	528	1735
M1082_4	F420_4	339	1301	424	1440
M1082_4	F756_4	339	1141	207	702
M1082_4	F797_4	339	1409	764	2628
M1082_4	M2412_4	339	1324	1246	4129
M1082_4	M2783_4	339	1195	360	1171
M1082_4	M364_4	339	1168	278	920
M2412_4	F1090_4	339	1392	433	933
M2412_4	F1549_4	339	1207	1079	2373
M2412_4	F1916_4	339	1279	319	697
M2412_4	F231_4	339	1467	783	1680
M2412_4	F255_4	339	1294	1107	2428
M2412_4	F2584_4	339	1383	669	1444
M2412_4	F381_4	339	1198	467	1018
M2412_4	F420_4	339	1181	321	704
M2412_4	F756_4	339	1309	203	454
M2412_4	F797_4	339	1286	620	1372
M2412_4	M1082_4	339	1324	732	1595
M2412_4	M2783_4	339	1337	349	779
M2412_4	M364_4	339	1248	250	556
M2783_4	F1090_4	339	1120	84	84
M2783_4	F1549_4	339	1121	690	690
M2783_4	F1916_4	339	1220	73	73
M2783_4	F231_4	339	1256	241	241
M2783_4	F255_4	339	1369	838	838
M2783_4	F2584_4	339	1077	173	173
M2783_4	F381_4	339	1410	190	190
M2783_4	F420_4	339	1371	114	114
M2783_4	F756_4	339	1308	45	45
M2783_4	F797_4	339	1366	204	204
M2783_4	M1082_4	339	1195	256	256
M2783_4	M2412_4	339	1337	988	988
M2783_4	M364_4	339	1172	42	42
M364_4	F1090_4	339	1440	98	98
M364_4	F1549_4	339	1297	757	757
M364_4	F1916_4	339	1366	66	66
M364_4	F231_4	339	1237	192	192
M364_4	F255_4	339	1210	649	649
M364_4	F2584_4	339	1301	190	190
M364_4	F381_4	339	1321	147	147
M364_4	F420_4	339	1231	76	76
M364_4	F756_4	339	1345	38	38
M364_4	F797_4	339	1152	147	147
M364_4	M1082_4	339	1168	212	212
M364_4	M2412_4	339	1248	874	874
M364_4	M2783_4	339	1172	58	58
F1043_4	F1360_4	340	1199	61	61
F1043_4	F1634_4	340	1168	13	13
F1043_4	F1737_4	340	1182	130	130
F1043_4	F2338_4	340	1305	285	285
F1043_4	F2488_4	340	1115	39	39
F1043_4	F2573_4	340	1269	47	47
F1043_4	F2611_4	340	1235	40	40
F1043_4	F2720_4	340	1217	104	104
F1043_4	F789_4	340	1394	145	145
F1043_4	M1650_4	340	1234	10	10
F1043_4	M1694_4	340	1373	9	9
F1043_4	M1973_4	340	1317	227	227
F1043_4	M5_4	340	1409	39	39
F1360_4	F1043_4	340	1199	12	29
F1360_4	F1634_4	340	1363	13	28
F1360_4	F1737_4	340	1275	164	310
F1360_4	F2338_4	340	1204	283	529
F1360_4	F2488_4	340	1278	40	71
F1360_4	F2573_4	340	1323	48	85
F1360_4	F2611_4	340	1151	41	84
F1360_4	F2720_4	340	1213	102	184
F1360_4	F789_4	340	1366	153	289
F1360_4	M1650_4	340	1281	5	8
F1360_4	M1694_4	340	1309	21	42
F1360_4	M1973_4	340	1241	178	339
F1360_4	M5_4	340	1295	48	85
F1634_4	F1043_4	340	1168	208	369
F1634_4	F1360_4	340	1363	907	1677
F1634_4	F1737_4	340	1207	1006	1834
F1634_4	F2338_4	340	1302	1163	2106
F1634_4	F2488_4	340	1199	661	1203
F1634_4	F2573_4	340	1288	708	1271
F1634_4	F2611_4	340	1327	756	1382
F1634_4	F2720_4	340	1248	958	1715
F1634_4	F789_4	340	1160	933	1687
F1634_4	M1650_4	340	1220	218	389
F1634_4	M1694_4	340	1296	411	738
F1634_4	M1973_4	340	1193	1047	1943
F1634_4	M5_4	340	1233	656	1188
F1737_4	F1043_4	340	1182	34	34
F1737_4	F1360_4	340	1275	205	205
F1737_4	F1634_4	340	1207	41	41
F1737_4	F2338_4	340	1437	648	648
F1737_4	F2488_4	340	1173	143	143
F1737_4	F2573_4	340	1323	149	149
F1737_4	F2611_4	340	1357	166	166
F1737_4	F2720_4	340	1137	254	254
F1737_4	F789_4	340	1319	360	360
F1737_4	M1650_4	340	1272	20	20
F1737_4	M1694_4	340	1346	50	50
F1737_4	M1973_4	340	1176	461	461
F1737_4	M5_4	340	1206	114	114
F2338_4	F1043_4	340	1305	98	98
F2338_4	F1360_4	340	1204	533	533
F2338_4	F1634_4	340	1302	190	190
F2338_4	F1737_4	340	1437	966	966
F2338_4	F2488_4	340	1187	387	387
F2338_4	F2573_4	340	1242	453	453
F2338_4	F2611_4	340	1346	473	473
F2338_4	F2720_4	340	1260	711	711
F2338_4	F789_4	340	1278	801	801
F2338_4	M1650_4	340	1198	92	92
F2338_4	M1694_4	340	1383	189	189
F2338_4	M1973_4	340	1356	1005	1005
F2338_4	M5_4	340	1322	412	412
F2488_4	F1043_4	340	1115	179	208
F2488_4	F1360_4	340	1278	676	744
F2488_4	F1634_4	340	1199	254	270
F2488_4	F1737_4	340	1173	897	990
F2488_4	F2338_4	340	1187	1014	1128
F2488_4	F2573_4	340	1271	588	661
F2488_4	F2611_4	340	1323	613	676
F2488_4	F2720_4	340	1181	804	895
F2488_4	F789_4	340	1211	858	960
F2488_4	M1650_4	340	1246	120	129
F2488_4	M1694_4	340	1130	254	284
F2488_4	M1973_4	340	1175	933	1062
F2488_4	M5_4	340	1255	535	594
F2573_4	F1043_4	340	1269	21	60
F2573_4	F1360_4	340	1323	120	338
F2573_4	F1634_4	340	1288	28	72
F2573_4	F1737_4	340	1323	255	703
F2573_4	F2338_4	340	1242	345	979
F2573_4	F2488_4	340	1271	65	179
F2573_4	F2611_4	340	1157	67	183
F2573_4	F2720_4	340	1110	152	419
F2573_4	F789_4	340	1219	188	496
F2573_4	M1650_4	340	1263	15	48
F2573_4	M1694_4	340	1198	23	66
F2573_4	M1973_4	340	1393	362	1029
F2573_4	M5_4	340	1190	54	152
F2611_4	F1043_4	340	1235	418	418
F2611_4	F1360_4	340	1151	890	890
F2611_4	F1634_4	340	1327	563	563
F2611_4	F1737_4	340	1357	1240	1240
F2611_4	F2338_4	340	1346	1284	1284
F2611_4	F2488_4	340	1323	986	986
F2611_4	F2573_4	340	1157	843	843
F2611_4	F2720_4	340	1169	1009	1009
F2611_4	F789_4	340	1187	1065	1065
F2611_4	M1650_4	340	1301	344	344
F2611_4	M1694_4	340	1330	612	612
F2611_4	M1973_4	340	1160	1086	1086
F2611_4	M5_4	340	1164	811	811
F2720_4	F1043_4	340	1217	306	306
F2720_4	F1360_4	340	1213	831	831
F2720_4	F1634_4	340	1248	384	384
F2720_4	F1737_4	340	1137	995	995
F2720_4	F2338_4	340	1260	1150	1150
F2720_4	F2488_4	340	1181	700	700
F2720_4	F2573_4	340	1110	670	670
F2720_4	F2611_4	340	1169	740	740
F2720_4	F789_4	340	1380	1135	1135
F2720_4	M1650_4	340	1201	202	202
F2720_4	M1694_4	340	1313	433	433
F2720_4	M1973_4	340	1322	1176	1176
F2720_4	M5_4	340	1331	757	757
F789_4	F1043_4	340	1394	577	1069
F789_4	F1360_4	340	1366	1116	2054
F789_4	F1634_4	340	1160	577	1052
F789_4	F1737_4	340	1319	1223	2218
F789_4	F2338_4	340	1278	1220	2236
F789_4	F2488_4	340	1211	934	1689
F789_4	F2573_4	340	1219	953	1754
F789_4	F2611_4	340	1187	914	1657
F789_4	F2720_4	340	1380	1247	2284
F789_4	M1650_4	340	1256	419	750
F789_4	M1694_4	340	1181	587	1063
F789_4	M1973_4	340	1272	1193	2224
F789_4	M5_4	340	1226	900	1652
M1650_4	F1043_4	340	1234	48	48
M1650_4	F1360_4	340	1281	318	318
M1650_4	F1634_4	340	1220	92	92
M1650_4	F1737_4	340	1272	611	611
M1650_4	F2338_4	340	1198	740	740
M1650_4	F2488_4	340	1246	240	240
M1650_4	F2573_4	340	1263	237	237
M1650_4	F2611_4	340	1301	255	255
M1650_4	F2720_4	340	1201	432	432
M1650_4	F789_4	340	1256	568	568
M1650_4	M1694_4	340	1373	98	98
M1650_4	M1973_4	340	1243	694	694
M1650_4	M5_4	340	1172	200	200
M1694_4	F1043_4	340	1373	73	73
M1694_4	F1360_4	340	1309	375	375
M1694_4	F1634_4	340	1296	103	103
M1694_4	F1737_4	340	1346	665	665
M1694_4	F2338_4	340	1383	878	878
M1694_4	F2488_4	340	1130	232	232
M1694_4	F2573_4	340	1198	266	266
M1694_4	F2611_4	340	1330	260	260
M1694_4	F2720_4	340	1313	508	508
M1694_4	F789_4	340	1181	536	536
M1694_4	M1650_4	340	1373	50	50
M1694_4	M1973_4	340	1256	695	695
M1694_4	M5_4	340	1201	224	224
M1973_4	F1043_4	340	1317	80	80
M1973_4	F1360_4	340	1241	408	408
M1973_4	F1634_4	340	1193	110	110
M1973_4	F1737_4	340	1176	638	638
M1973_4	F2338_4	340	1356	915	915
M1973_4	F2488_4	340	1175	286	286
M1973_4	F2573_4	340	1393	351	351
M1973_4	F2611_4	340	1160	303	303
M1973_4	F2720_4	340	1322	587	587
M1973_4	F789_4	340	1272	621	621
M1973_4	M1650_4	340	1243	52	52
M1973_4	M1694_4	340	1256	96	96
M1973_4	M5_4	340	1197	254	254
M5_4	F1043_4	340	1409	19	28
M5_4	F1360_4	340	1295	136	200
M5_4	F1634_4	340	1233	29	42
M5_4	F1737_4	340	1206	268	389
M5_4	F2338_4	340	1322	481	697
M5_4	F2488_4	340	1255	78	106
M5_4	F2573_4	340	1190	96	132
M5_4	F2611_4	340	1164	97	141
M5_4	F2720_4	340	1331	201	281
M5_4	F789_4	340	1226	278	387
M5_4	M1650_4	340	1172	19	32
M5_4	M1694_4	340	1201	32	51
M5_4	M1973_4	340	1197	349	508
F1367_4	F2055_4	341	1281	71	170
F1367_4	F665_4	341	1280	419	952
F1367_4	F763_4	341	1157	691	1528
F1367_4	M1568_4	341	1163	243	530
F1367_4	M1804_4	341	1202	1067	2369
F1367_4	M2354_4	341	1320	91	201
F1367_4	M2461_4	341	1334	279	640
F1367_4	M2575_4	341	1329	1039	2269
F1367_4	M2669_4	341	1202	276	596
F1367_4	M27_4	341	1531	1512	3390
F1367_4	M474_4	341	1255	204	444
F1367_4	M486_4	341	1228	1048	2293
F1367_4	M839_4	341	1240	944	2124
F2055_4	F1367_4	341	1281	94	186
F2055_4	F665_4	341	1266	192	392
F2055_4	F763_4	341	1328	453	912
F2055_4	M1568_4	341	1250	126	271
F2055_4	M1804_4	341	1315	993	1916
F2055_4	M2354_4	341	1497	41	92
F2055_4	M2461_4	341	1238	107	216
F2055_4	M2575_4	341	1327	754	1464
F2055_4	M2669_4	341	1295	124	260
F2055_4	M27_4	341	1502	1454	2952
F2055_4	M474_4	341	1158	78	148
F2055_4	M486_4	341	1263	873	1753
F2055_4	M839_4	341	1216	665	1311
F665_4	F1367_4	341	1280	44	88
F665_4	F2055_4	341	1266	10	25
F665_4	F763_4	341	1269	256	539
F665_4	M1568_4	341	1314	64	138
F665_4	M1804_4	341	1277	723	1549
F665_4	M2354_4	341	1366	21	42
F665_4	M2461_4	341	1152	57	126
F665_4	M2575_4	341	1343	516	1131
F665_4	M2669_4	341	1240	60	132
F665_4	M27_4	341	1148	1081	2276
F665_4	M474_4	341	1338	49	95
F665_4	M486_4	341	1190	604	1283
F665_4	M839_4	341	1232	474	973
F763_4	F1367_4	341	1157	194	267
F763_4	F2055_4	341	1328	55	75
F763_4	F665_4	341	1269	406	568
F763_4	M1568_4	341	1164	258	341
F763_4	M1804_4	341	1234	1096	1502
F763_4	M2354_4	341	1465	105	146
F763_4	M2461_4	341	1131	212	307
F763_4	M2575_4	341	1248	940	1317
F763_4	M2669_4	341	1361	305	424
F763_4	M27_4	341	1200	1188	1669
F763_4	M474_4	341	1278	200	271
F763_4	M486_4	341	1143	948	1327
F763_4	M839_4	341	1233	932	1294
M1568_4	F1367_4	341	1163	946	946
M1568_4	F2055_4	341	1250	690	690
M1568_4	F665_4	341	1314	1214	1214
M1568_4	F763_4	341	1164	1122	1122
M1568_4	M1804_4	341	1205	1197	1197
M1568_4	M2354_4	341	1138	674	674
M1568_4	M2461_4	341	1361	1137	1137
M1568_4	M2575_4	341	1345	1324	1324
M1568_4	M2669_4	341	1353	1162	1162
M1568_4	M27_4	341	1198	1196	1196
M1568_4	M474_4	341	1315	1061	1061
M1568_4	M486_4	341	1301	1293	1293
M1568_4	M839_4	341	1239	1224	1224
M1804_4	F1367_4	341	1202	41	55
M1804_4	F2055_4	341	1315	10	12
M1804_4	F665_4	341	1277	99	125
M1804_4	F763_4	341	1234	214	269
M1804_4	M1568_4	341	1205	61	73
M1804_4	M2354_4	341	1241	9	14
M1804_4	M2461_4	341	1202	53	69
M1804_4	M2575_4	341	1193	412	498
M1804_4	M2669_4	341	1346	75	99
M1804_4	M27_4	341	1361	1294	1620
M1804_4	M474_4	341	1235	59	73
M1804_4	M486_4	341	1284	616	747
M1804_4	M839_4	341	1262	443	532
M2354_4	F1367_4	341	1320	817	817
M2354_4	F2055_4	341	1497	432	432
M2354_4	F665_4	341	1366	1084	1084
M2354_4	F763_4	341	1465	1363	1363
M2354_4	M1568_4	341	1138	756	756
M2354_4	M1804_4	341	1241	1223	1223
M2354_4	M2461_4	341	1263	795	795
M2354_4	M2575_4	341	1336	1292	1292
M2354_4	M2669_4	341	1141	781	781
M2354_4	M27_4	341	1363	1362	1362
M2354_4	M474_4	341	1316	782	782
M2354_4	M486_4	341	1311	1293	1293
M2354_4	M839_4	341	1243	1188	1188
M2461_4	F1367_4	341	1334	133	273
M2461_4	F2055_4	341	1238	40	78
M2461_4	F665_4	341	1152	252	484
M2461_4	F763_4	341	1131	463	890
M2461_4	M1568_4	341	1361	197	399
M2461_4	M1804_4	341	1202	982	1930
M2461_4	M2354_4	341	1263	52	105
M2461_4	M2575_4	341	1195	806	1608
M2461_4	M2669_4	341	1266	154	276
M2461_4	M27_4	341	1095	1077	2068
M2461_4	M474_4	341	1226	111	230
M2461_4	M486_4	341	1213	914	1742
M2461_4	M839_4	341	1243	816	1558
M2575_4	F1367_4	341	1329	300	300
M2575_4	F2055_4	341	1327	90	90
M2575_4	F665_4	341	1343	554	554
M2575_4	F763_4	341	1248	809	809
M2575_4	M1568_4	341	1345	355	355
M2575_4	M1804_4	341	1193	1096	1096
M2575_4	M2354_4	341	1336	120	120
M2575_4	M2461_4	341	1195	305	305
M2575_4	M2669_4	341	1249	345	345
M2575_4	M27_4	341	1389	1381	1381
M2575_4	M474_4	341	1249	245	245
M2575_4	M486_4	341	1353	1186	1186
M2575_4	M839_4	341	1365	1131	1131
M2669_4	F1367_4	341	1202	27	33
M2669_4	F2055_4	341	1295	9	11
M2669_4	F665_4	341	1240	88	94
M2669_4	F763_4	341	1361	219	239
M2669_4	M1568_4	341	1353	51	61
M2669_4	M1804_4	341	1346	716	774
M2669_4	M2354_4	341	1141	18	19
M2669_4	M2461_4	341	1266	50	53
M2669_4	M2575_4	341	1249	426	456
M2669_4	M27_4	341	1284	1181	1267
M2669_4	M474_4	341	1220	27	28
M2669_4	M486_4	341	1181	524	584
M2669_4	M839_4	341	1099	318	355
M27_4	F1367_4	341	1531	849	1200
M27_4	F2055_4	341	1502	343	474
M27_4	F665_4	341	1148	851	1163
M27_4	F763_4	341	1200	1063	1474
M27_4	M1568_4	341	1198	746	1075
M27_4	M1804_4	341	1361	1330	1864
M27_4	M2354_4	341	1363	409	568
M27_4	M2461_4	341	1095	660	925
M27_4	M2575_4	341	1389	1321	1828
M27_4	M2669_4	341	1284	806	1139
M27_4	M474_4	341	1179	631	889
M27_4	M486_4	341	1155	1120	1522
M27_4	M839_4	341	1260	1193	1673
M474_4	F1367_4	341	1255	466	903
M474_4	F2055_4	341	1158	156	281
M474_4	F665_4	341	1338	775	1451
M474_4	F763_4	341	1278	1006	1908
M474_4	M1568_4	341	1315	542	1009
M474_4	M1804_4	341	1235	1190	2295
M474_4	M2354_4	341	1316	235	471
M474_4	M2461_4	341	1226	474	934
M474_4	M2575_4	341	1249	1126	2143
M474_4	M2669_4	341	1220	543	1005
M474_4	M27_4	341	1179	1174	2223
M474_4	M486_4	341	1244	1172	2262
M474_4	M839_4	341	1302	1164	2150
M486_4	F1367_4	341	1228	499	1705
M486_4	F2055_4	341	1263	198	643
M486_4	F665_4	341	1190	746	2447
M486_4	F763_4	341	1143	950	3180
M486_4	M1568_4	341	1301	595	1968
M486_4	M1804_4	341	1284	1235	4147
M486_4	M2354_4	341	1311	268	874
M486_4	M2461_4	341	1213	556	1904
M486_4	M2575_4	341	1353	1240	4189
M486_4	M2669_4	341	1181	596	1973
M486_4	M27_4	341	1155	1154	3762
M486_4	M474_4	341	1244	489	1547
M486_4	M839_4	341	1266	1170	3871
M839_4	F1367_4	341	1240	20	20
M839_4	F2055_4	341	1216	3	3
M839_4	F665_4	341	1232	59	59
M839_4	F763_4	341	1233	123	123
M839_4	M1568_4	341	1239	23	23
M839_4	M1804_4	341	1262	528	528
M839_4	M2354_4	341	1243	7	7
M839_4	M2461_4	341	1243	23	23
M839_4	M2575_4	341	1365	302	302
M839_4	M2669_4	341	1099	29	29
M839_4	M27_4	341	1260	1107	1107
M839_4	M474_4	341	1302	20	20
M839_4	M486_4	341	1266	412	412
F1501_4	F1629_4	342	1303	705	1174
F1501_4	F1993_4	342	1154	92	150
F1501_4	F2025_4	342	1431	875	1474
F1501_4	F21_4	342	1292	219	367
F1501_4	F2585_4	342	1320	1244	2073
F1501_4	F606_4	342	1315	832	1344
F1501_4	F652_4	342	1340	390	624
F1501_4	F871_4	342	1253	1060	1732
F1501_4	M1311_4	342	1245	761	1256
F1501_4	M1411_4	342	1254	1082	1759
F1501_4	M1607_4	342	1336	844	1370
F1501_4	M2074_4	342	1267	446	745
F1501_4	M2201_4	342	1418	363	583
F1629_4	F1501_4	342	1303	985	1678
F1629_4	F1993_4	342	1165	208	349
F1629_4	F2025_4	342	1328	1082	1769
F1629_4	F21_4	342	1283	381	632
F1629_4	F2585_4	342	1226	1205	1999
F1629_4	F606_4	342	1325	1080	1806
F1629_4	F652_4	342	1156	579	970
F1629_4	F871_4	342	1327	1228	2078
F1629_4	M1311_4	342	1117	900	1531
F1629_4	M1411_4	342	1413	1339	2213
F1629_4	M1607_4	342	1200	996	1676
F1629_4	M2074_4	342	1264	766	1227
F1629_4	M2201_4	342	1346	625	1025
F1993_4	F1501_4	342	1154	321	321
F1993_4	F1629_4	342	1165	273	273
F1993_4	F2025_4	342	1349	460	460
F1993_4	F21_4	342	1179	74	74
F1993_4	F2585_4	342	1334	1170	1170
F1993_4	F606_4	342	1129	422	422
F1993_4	F652_4	342	1287	131	131
F1993_4	F871_4	342	1405	804	804
F1993_4	M1311_4	342	1347	412	412
F1993_4	M1411_4	342	1239	843	843
F1993_4	M1607_4	342	1313	399	399
F1993_4	M2074_4	342	1139	168	168
F1993_4	M2201_4	342	1369	122	122
F2025_4	F1501_4	342	1431	709	709
F2025_4	F1629_4	342	1328	604	604
F2025_4	F1993_4	342	1349	93	93
F2025_4	F21_4	342	1097	123	123
F2025_4	F2585_4	342	1226	1168	1168
F2025_4	F606_4	342	1203	687	687
F2025_4	F652_4	342	1227	274	274
F2025_4	F871_4	342	1310	1016	1016
F2025_4	M1311_4	342	1313	711	711
F2025_4	M1411_4	342	1119	932	932
F2025_4	M1607_4	342	1264	672	672
F2025_4	M2074_4	342	1263	383	383
F2025_4	M2201_4	342	1215	253	253
F21_4	F1501_4	342	1292	1229	1229
F21_4	F1629_4	342	1283	1205	1205
F21_4	F1993_4	342	1179	700	700
F21_4	F2025_4	342	1097	1067	1067
F21_4	F2585_4	342	1298	1294	1294
F21_4	F606_4	342	1340	1291	1291
F21_4	F652_4	342	1335	1134	1134
F21_4	F871_4	342	1168	1158	1158
F21_4	M1311_4	342	1258	1212	1212
F21_4	M1411_4	342	1329	1315	1315
F21_4	M1607_4	342	1208	1162	1162
F21_4	M2074_4	342	1256	1142	1142
F21_4	M2201_4	342	1356	1111	1111
F2585_4	F1501_4	342	1320	287	841
F2585_4	F1629_4	342	1226	238	704
F2585_4	F1993_4	342	1334	28	90
F2585_4	F2025_4	342	1226	350	1014
F2585_4	F21_4	342	1298	72	207
F2585_4	F606_4	342	1113	308	888
F2585_4	F652_4	342	1197	99	289
F2585_4	F871_4	342	1157	635	1822
F2585_4	M1311_4	342	1077	262	753
F2585_4	M1411_4	342	1312	798	2244
F2585_4	M1607_4	342	1293	343	980
F2585_4	M2074_4	342	1145	146	421
F2585_4	M2201_4	342	1396	92	235
F606_4	F1501_4	342	1315	985	985
F606_4	F1629_4	342	1325	955	955
F606_4	F1993_4	342	1129	176	176
F606_4	F2025_4	342	1203	963	963
F606_4	F21_4	342	1340	444	444
F606_4	F2585_4	342	1113	1096	1096
F606_4	F652_4	342	1309	583	583
F606_4	F871_4	342	1297	1189	1189
F606_4	M1311_4	342	1071	850	850
F606_4	M1411_4	342	1255	1185	1185
F606_4	M1607_4	342	1352	1082	1082
F606_4	M2074_4	342	1362	801	801
F606_4	M2201_4	342	1250	563	563
F652_4	F1501_4	342	1340	936	2794
F652_4	F1629_4	342	1156	778	2255
F652_4	F1993_4	342	1287	178	516
F652_4	F2025_4	342	1227	911	2765
F652_4	F21_4	342	1335	351	994
F652_4	F2585_4	342	1197	1181	3565
F652_4	F606_4	342	1309	992	3042
F652_4	F871_4	342	1383	1243	3657
F652_4	M1311_4	342	1235	935	2802
F652_4	M1411_4	342	1246	1146	3450
F652_4	M1607_4	342	1195	890	2637
F652_4	M2074_4	342	1382	750	2200
F652_4	M2201_4	342	1164	420	1264
F871_4	F1501_4	342	1253	1026	2685
F871_4	F1629_4	342	1327	1035	2689
F871_4	F1993_4	342	1405	310	839
F871_4	F2025_4	342	1310	1099	2872
F871_4	F21_4	342	1168	461	1212
F871_4	F2585_4	342	1157	1139	2998
F871_4	F606_4	342	1297	1128	2981
F871_4	F652_4	342	1383	744	1948
F871_4	M1311_4	342	1157	967	2580
F871_4	M1411_4	342	1201	1153	3005
F871_4	M1607_4	342	1154	1001	2614
F871_4	M2074_4	342	1337	898	2428
F871_4	M2201_4	342	1285	651	1762
M1311_4	F1501_4	342	1245	233	233
M1311_4	F1629_4	342	1117	172	172
M1311_4	F1993_4	342	1347	23	23
M1311_4	F2025_4	342	1313	320	320
M1311_4	F21_4	342	1258	35	35
M1311_4	F2585_4	342	1077	835	835
M1311_4	F606_4	342	1071	264	264
M1311_4	F652_4	342	1235	79	79
M1311_4	F871_4	342	1157	542	542
M1311_4	M1411_4	342	1367	750	750
M1311_4	M1607_4	342	1297	289	289
M1311_4	M2074_4	342	1179	128	128
M1311_4	M2201_4	342	1289	72	72
M1411_4	F1501_4	342	1254	1009	1486
M1411_4	F1629_4	342	1413	1160	1744
M1411_4	F1993_4	342	1239	293	434
M1411_4	F2025_4	342	1119	981	1465
M1411_4	F21_4	342	1329	572	840
M1411_4	F2585_4	342	1312	1301	1915
M1411_4	F606_4	342	1255	1104	1613
M1411_4	F652_4	342	1246	733	1077
M1411_4	F871_4	342	1201	1130	1678
M1411_4	M1311_4	342	1367	1156	1708
M1411_4	M1607_4	342	1341	1155	1693
M1411_4	M2074_4	342	1268	919	1349
M1411_4	M2201_4	342	1143	611	897
M1607_4	F1501_4	342	1336	630	1484
M1607_4	F1629_4	342	1200	520	1177
M1607_4	F1993_4	342	1313	75	157
M1607_4	F2025_4	342	1264	677	1541
M1607_4	F21_4	342	1208	149	331
M1607_4	F2585_4	342	1293	1197	2686
M1607_4	F606_4	342	1352	727	1654
M1607_4	F652_4	342	1195	250	588
M1607_4	F871_4	342	1154	862	1950
M1607_4	M1311_4	342	1297	657	1514
M1607_4	M1411_4	342	1341	1091	2509
M1607_4	M2074_4	342	1313	325	779
M1607_4	M2201_4	342	1388	216	478
M2074_4	F1501_4	342	1267	925	925
M2074_4	F1629_4	342	1264	925	925
M2074_4	F1993_4	342	1139	195	195
M2074_4	F2025_4	342	1263	1038	1038
M2074_4	F21_4	342	1256	412	412
M2074_4	F2585_4	342	1145	1124	1124
M2074_4	F606_4	342	1362	1121	1121
M2074_4	F652_4	342	1382	600	600
M2074_4	F871_4	342	1337	1237	1237
M2074_4	M1311_4	342	1179	913	913
M2074_4	M1411_4	342	1268	1195	1195
M2074_4	M1607_4	342	1313	1033	1033
M2074_4	M2201_4	342	1400	610	610
M2201_4	F1501_4	342	1418	1399	2952
M2201_4	F1629_4	342	1346	1322	2691
M2201_4	F1993_4	342	1369	1112	2356
M2201_4	F2025_4	342	1215	1201	2482
M2201_4	F21_4	342	1356	1251	2568
M2201_4	F2585_4	342	1396	1395	2931
M2201_4	F606_4	342	1250	1240	2621
M2201_4	F652_4	342	1164	1114	2284
M2201_4	F871_4	342	1285	1279	2687
M2201_4	M1311_4	342	1289	1265	2661
M2201_4	M1411_4	342	1143	1142	2338
M2201_4	M1607_4	342	1388	1372	2843
M2201_4	M2074_4	342	1400	1360	2812
F1693_4	F1696_4	343	1282	53	53
F1693_4	F1838_4	343	1315	1103	1103
F1693_4	F1897_4	343	1237	528	528
F1693_4	F2060_4	343	1376	290	290
F1693_4	F376_4	343	1152	186	186
F1693_4	F406_4	343	1274	924	924
F1693_4	F474_4	343	1288	635	635
F1693_4	M1078_4	343	1261	79	79
F1693_4	M11_4	343	1196	533	533
F1693_4	M1712_4	343	1241	771	771
F1693_4	M1828_4	343	1399	446	446
F1693_4	M34_4	343	1324	353	353
F1693_4	M496_4	343	1216	580	580
F1696_4	F1693_4	343	1282	1159	1676
F1696_4	F1838_4	343	1117	1081	1587
F1696_4	F1897_4	343	1311	1125	1638
F1696_4	F2060_4	343	1106	737	1081
F1696_4	F376_4	343	1306	793	1143
F1696_4	F406_4	343	1329	1271	1848
F1696_4	F474_4	343	1289	1135	1650
F1696_4	M1078_4	343	1233	396	598
F1696_4	M11_4	343	1344	1163	1679
F1696_4	M1712_4	343	1293	1212	1748
F1696_4	M1828_4	343	1221	991	1415
F1696_4	M34_4	343	1249	939	1394
F1696_4	M496_4	343	1195	1054	1498
F1838_4	F1693_4	343	1315	335	335
F1838_4	F1696_4	343	1117	15	15
F1838_4	F1897_4	343	1269	141	141
F1838_4	F2060_4	343	1172	59	59
F1838_4	F376_4	343	1350	58	58
F1838_4	F406_4	343	1077	380	380
F1838_4	F474_4	343	1229	227	227
F1838_4	M1078_4	343	1210	13	13
F1838_4	M11_4	343	1264	205	205
F1838_4	M1712_4	343	1354	317	317
F1838_4	M1828_4	343	1170	114	114
F1838_4	M34_4	343	1322	99	99
F1838_4	M496_4	343	1392	214	214
F1897_4	F1693_4	343	1237	1133	1133
F1897_4	F1696_4	343	1311	409	409
F1897_4	F1838_4	343	1269	1242	1242
F1897_4	F2060_4	343	1173	780	780
F1897_4	F376_4	343	1291	798	798
F1897_4	F406_4	343	1264	1206	1206
F1897_4	F474_4	343	1257	1113	1113
F1897_4	M1078_4	343	1294	446	446
F1897_4	M11_4	343	1191	1037	1037
F1897_4	M1712_4	343	1325	1222	1222
F1897_4	M1828_4	343	1135	920	920
F1897_4	M34_4	343	1345	982	982
F1897_4	M496_4	343	1256	1091	1091
F2060_4	F1693_4	343	1376	1218	1218
F2060_4	F1696_4	343	1106	224	224
F2060_4	F1838_4	343	1172	1138	1138
F2060_4	F1897_4	343	1173	917	917
F2060_4	F376_4	343	1310	674	674
F2060_4	F406_4	343	1295	1208	1208
F2060_4	F474_4	343	1188	982	982
F2060_4	M1078_4	343	1159	304	304
F2060_4	M11_4	343	1197	976	976
F2060_4	M1712_4	343	1216	1068	1068
F2060_4	M1828_4	343	1240	883	883
F2060_4	M34_4	343	1248	807	807
F2060_4	M496_4	343	1176	962	962
F376_4	F1693_4	343	1152	1095	1095
F376_4	F1696_4	343	1306	487	487
F376_4	F1838_4	343	1350	1335	1335
F376_4	F1897_4	343	1291	1141	1141
F376_4	F2060_4	343	1310	988	988
F376_4	F406_4	343	1268	1226	1226
F376_4	F474_4	343	1229	1124	1124
F376_4	M1078_4	343	1178	515	515
F376_4	M11_4	343	1282	1171	1171
F376_4	M1712_4	343	1207	1150	1150
F376_4	M1828_4	343	1397	1184	1184
F376_4	M34_4	343	1263	1029	1029
F376_4	M496_4	343	1326	1207	1207
F406_4	F1693_4	343	1274	717	1377
F406_4	F1696_4	343	1329	61	122
F406_4	F1838_4	343	1077	889	1731
F406_4	F1897_4	343	1264	492	966
F406_4	F2060_4	343	1295	237	450
F406_4	F376_4	343	1268	207	396
F406_4	F474_4	343	1246	564	1067
F406_4	M1078_4	343	1330	67	130
F406_4	M11_4	343	1083	451	851
F406_4	M1712_4	343	1307	776	1523
F406_4	M1828_4	343	1118	379	724
F406_4	M34_4	343	1344	331	656
F406_4	M496_4	343	1426	638	1241
F474_4	F1693_4	343	1288	289	466
F474_4	F1696_4	343	1289	11	18
F474_4	F1838_4	343	1229	667	1017
F474_4	F1897_4	343	1257	152	230
F474_4	F2060_4	343	1188	69	114
F474_4	F376_4	343	1229	39	69
F474_4	F406_4	343	1246	444	681
F474_4	M1078_4	343	1409	17	25
F474_4	M11_4	343	1133	174	282
F474_4	M1712_4	343	1260	306	467
F474_4	M1828_4	343	1166	109	173
F474_4	M34_4	343	1287	88	132
F474_4	M496_4	343	1162	177	253
M1078_4	F1693_4	343	1261	841	927
M1078_4	F1696_4	343	1233	102	116
M1078_4	F1838_4	343	1210	1083	1189
M1078_4	F1897_4	343	1294	664	732
M1078_4	F2060_4	343	1159	310	340
M1078_4	F376_4	343	1178	275	316
M1078_4	F406_4	343	1330	1077	1188
M1078_4	F474_4	343	1409	854	939
M1078_4	M11_4	343	1097	614	668
M1078_4	M1712_4	343	1263	890	991
M1078_4	M1828_4	343	1252	558	625
M1078_4	M34_4	343	1169	406	441
M1078_4	M496_4	343	1380	819	894
M11_4	F1693_4	343	1196	671	857
M11_4	F1696_4	343	1344	55	65
M11_4	F1838_4	343	1264	1086	1347
M11_4	F1897_4	343	1191	443	544
M11_4	F2060_4	343	1197	196	249
M11_4	F376_4	343	1282	213	285
M11_4	F406_4	343	1083	772	961
M11_4	F474_4	343	1133	531	651
M11_4	M1078_4	343	1097	55	67
M11_4	M1712_4	343	1240	726	918
M11_4	M1828_4	343	1191	376	465
M11_4	M34_4	343	1293	322	405
M11_4	M496_4	343	1401	662	853
M1712_4	F1693_4	343	1241	591	737
M1712_4	F1696_4	343	1293	42	57
M1712_4	F1838_4	343	1354	1070	1327
M1712_4	F1897_4	343	1325	379	479
M1712_4	F2060_4	343	1216	186	230
M1712_4	F376_4	343	1207	135	167
M1712_4	F406_4	343	1307	827	1039
M1712_4	F474_4	343	1260	489	641
M1712_4	M1078_4	343	1263	40	45
M1712_4	M11_4	343	1240	458	604
M1712_4	M1828_4	343	1211	292	365
M1712_4	M34_4	343	1176	225	288
M1712_4	M496_4	343	1198	443	566
M1828_4	F1693_4	343	1399	484	484
M1828_4	F1696_4	343	1221	23	23
M1828_4	F1838_4	343	1170	815	815
M1828_4	F1897_4	343	1135	234	234
M1828_4	F2060_4	343	1240	119	119
M1828_4	F376_4	343	1397	109	109
M1828_4	F406_4	343	1118	583	583
M1828_4	F474_4	343	1166	330	330
M1828_4	M1078_4	343	1252	45	45
M1828_4	M11_4	343	1191	307	307
M1828_4	M1712_4	343	1211	521	521
M1828_4	M34_4	343	1309	184	184
M1828_4	M496_4	343	1140	310	310
M34_4	F1693_4	343	1324	903	2408
M34_4	F1696_4	343	1249	83	217
M34_4	F1838_4	343	1322	1173	3151
M34_4	F1897_4	343	1345	695	1895
M34_4	F2060_4	343	1248	374	972
M34_4	F376_4	343	1263	315	840
M34_4	F406_4	343	1344	1061	2862
M34_4	F474_4	343	1287	794	2129
M34_4	M1078_4	343	1169	129	350
M34_4	M11_4	343	1293	742	2052
M34_4	M1712_4	343	1176	833	2274
M34_4	M1828_4	343	1309	569	1486
M34_4	M496_4	343	1388	799	2159
M496_4	F1693_4	343	1216	571	1309
M496_4	F1696_4	343	1195	32	64
M496_4	F1838_4	343	1392	1086	2577
M496_4	F1897_4	343	1256	367	869
M496_4	F2060_4	343	1176	161	385
M496_4	F376_4	343	1326	151	355
M496_4	F406_4	343	1426	922	2201
M496_4	F474_4	343	1162	453	1090
M496_4	M1078_4	343	1380	55	133
M496_4	M11_4	343	1401	479	1082
M496_4	M1712_4	343	1198	617	1493
M496_4	M1828_4	343	1140	289	665
M496_4	M34_4	343	1388	268	665
F1552_4	F1620_4	344	1245	1086	2661
F1552_4	F2276_4	344	1145	985	2418
F1552_4	F2543_4	344	1183	883	2157
F1552_4	F2670_4	344	1336	967	2373
F1552_4	F347_4	344	1314	422	1077
F1552_4	M10_4	344	1158	700	1691
F1552_4	M121_4	344	1308	768	1833
F1552_4	M1837_4	344	1362	1222	2954
F1552_4	M1908_4	344	1255	879	2141
F1552_4	M2048_4	344	1167	1130	2764
F1552_4	M319_4	344	1403	247	608
F1552_4	M338_4	344	1255	1154	2871
F1552_4	M931_4	344	1344	1165	2893
F1620_4	F1552_4	344	1245	950	950
F1620_4	F2276_4	344	1115	1052	1052
F1620_4	F2543_4	344	1255	1115	1115
F1620_4	F2670_4	344	1385	1184	1184
F1620_4	F347_4	344	1256	642	642
F1620_4	M10_4	344	1198	982	982
F1620_4	M121_4	344	1205	929	929
F1620_4	M1837_4	344	1251	1191	1191
F1620_4	M1908_4	344	1204	1048	1048
F1620_4	M2048_4	344	1435	1413	1413
F1620_4	M319_4	344	1271	447	447
F1620_4	M338_4	344	1295	1251	1251
F1620_4	M931_4	344	1284	1214	1214
F2276_4	F1552_4	344	1145	507	507
F2276_4	F1620_4	344	1115	904	904
F2276_4	F2543_4	344	1359	878	878
F2276_4	F2670_4	344	1328	840	840
F2276_4	F347_4	344	1188	252	252
F2276_4	M10_4	344	1287	679	679
F2276_4	M121_4	344	1273	596	596
F2276_4	M1837_4	344	1182	988	988
F2276_4	M1908_4	344	1137	737	737
F2276_4	M2048_4	344	1232	1174	1174
F2276_4	M319_4	344	1320	143	143
F2276_4	M338_4	344	1148	982	982
F2276_4	M931_4	344	1270	1088	1088
F2543_4	F1552_4	344	1183	162	372
F2543_4	F1620_4	344	1255	622	1435
F2543_4	F2276_4	344	1359	605	1423
F2543_4	F2670_4	344	1103	271	603
F2543_4	F347_4	344	1183	74	172
F2543_4	M10_4	344	1249	221	526
F2543_4	M121_4	344	1257	191	452
F2543_4	M1837_4	344	1103	555	1296
F2543_4	M1908_4	344	1293	328	757
F2543_4	M2048_4	344	1251	944	2168
F2543_4	M319_4	344	1230	35	89
F2543_4	M338_4	344	1362	785	1755
F2543_4	M931_4	344	1279	667	1585
F2670_4	F1552_4	344	1336	1169	1169
F2670_4	F1620_4	344	1385	1350	1350
F2670_4	F2276_4	344	1328	1292	1292
F2670_4	F2543_4	344	1103	1043	1043
F2670_4	F347_4	344	1328	997	997
F2670_4	M10_4	344	1179	1071	1071
F2670_4	M121_4	344	1199	1083	1083
F2670_4	M1837_4	344	1318	1289	1289
F2670_4	M1908_4	344	1231	1158	1158
F2670_4	M2048_4	344	1320	1308	1308
F2670_4	M319_4	344	1357	737	737
F2670_4	M338_4	344	1143	1118	1118
F2670_4	M931_4	344	1373	1340	1340
F347_4	F1552_4	344	1314	896	896
F347_4	F1620_4	344	1256	1151	1151
F347_4	F2276_4	344	1188	1082	1082
F347_4	F2543_4	344	1183	990	990
F347_4	F2670_4	344	1328	1090	1090
F347_4	M10_4	344	1409	1082	1082
F347_4	M121_4	344	1250	880	880
F347_4	M1837_4	344	1081	1002	1002
F347_4	M1908_4	344	1167	943	943
F347_4	M2048_4	344	1171	1149	1149
F347_4	M319_4	344	1244	333	333
F347_4	M338_4	344	1153	1093	1093
F347_4	M931_4	344	1273	1205	1205
M10_4	F1552_4	344	1158	933	1621
M10_4	F1620_4	344	1198	1155	2024
M10_4	F2276_4	344	1287	1227	2219
M10_4	F2543_4	344	1249	1118	1995
M10_4	F2670_4	344	1179	1057	1846
M10_4	F347_4	344	1409	855	1496
M10_4	M121_4	344	1365	1137	2010
M10_4	M1837_4	344	1177	1135	2036
M10_4	M1908_4	344	1401	1261	2256
M10_4	M2048_4	344	1203	1185	2103
M10_4	M319_4	344	1187	488	858
M10_4	M338_4	344	1245	1209	2126
M10_4	M931_4	344	1030	987	1718
M121_4	F1552_4	344	1308	461	461
M121_4	F1620_4	344	1205	914	914
M121_4	F2276_4	344	1273	923	923
M121_4	F2543_4	344	1257	717	717
M121_4	F2670_4	344	1199	647	647
M121_4	F347_4	344	1250	239	239
M121_4	M10_4	344	1365	590	590
M121_4	M1837_4	344	1266	987	987
M121_4	M1908_4	344	1104	613	613
M121_4	M2048_4	344	1339	1246	1246
M121_4	M319_4	344	1231	105	105
M121_4	M338_4	344	1206	991	991
M121_4	M931_4	344	1177	937	937
M1837_4	F1552_4	344	1362	426	894
M1837_4	F1620_4	344	1251	903	1820
M1837_4	F2276_4	344	1182	796	1585
M1837_4	F2543_4	344	1103	574	1155
M1837_4	F2670_4	344	1318	656	1347
M1837_4	F347_4	344	1081	146	298
M1837_4	M10_4	344	1177	445	873
M1837_4	M121_4	344	1266	448	914
M1837_4	M1908_4	344	1301	648	1300
M1837_4	M2048_4	344	1296	1195	2380
M1837_4	M319_4	344	1344	89	166
M1837_4	M338_4	344	1389	1093	2157
M1837_4	M931_4	344	1356	993	2013
M1908_4	F1552_4	344	1255	514	514
M1908_4	F1620_4	344	1204	970	970
M1908_4	F2276_4	344	1137	882	882
M1908_4	F2543_4	344	1293	821	821
M1908_4	F2670_4	344	1231	728	728
M1908_4	F347_4	344	1167	244	244
M1908_4	M10_4	344	1401	696	696
M1908_4	M121_4	344	1104	479	479
M1908_4	M1837_4	344	1301	1089	1089
M1908_4	M2048_4	344	1299	1213	1213
M1908_4	M319_4	344	1133	122	122
M1908_4	M338_4	344	1083	945	945
M1908_4	M931_4	344	1179	946	946
M2048_4	F1552_4	344	1167	186	303
M2048_4	F1620_4	344	1435	774	1290
M2048_4	F2276_4	344	1232	588	997
M2048_4	F2543_4	344	1251	386	634
M2048_4	F2670_4	344	1320	411	708
M2048_4	F347_4	344	1171	69	120
M2048_4	M10_4	344	1203	260	438
M2048_4	M121_4	344	1339	248	413
M2048_4	M1837_4	344	1296	744	1265
M2048_4	M1908_4	344	1299	401	670
M2048_4	M319_4	344	1304	43	72
M2048_4	M338_4	344	1232	747	1246
M2048_4	M931_4	344	1219	680	1123
M319_4	F1552_4	344	1403	504	504
M319_4	F1620_4	344	1271	967	967
M319_4	F2276_4	344	1320	947	947
M319_4	F2543_4	344	1230	695	695
M319_4	F2670_4	344	1357	706	706
M319_4	F347_4	344	1244	221	221
M319_4	M10_4	344	1187	501	501
M319_4	M121_4	344	1231	491	491
M319_4	M1837_4	344	1344	1067	1067
M319_4	M1908_4	344	1133	606	606
M319_4	M2048_4	344	1304	1185	1185
M319_4	M338_4	344	1085	898	898
M319_4	M931_4	344	1202	922	922
M338_4	F1552_4	344	1255	118	130
M338_4	F1620_4	344	1295	482	545
M338_4	F2276_4	344	1148	424	461
M338_4	F2543_4	344	1362	270	304
M338_4	F2670_4	344	1143	213	251
M338_4	F347_4	344	1153	39	45
M338_4	M10_4	344	1245	170	185
M338_4	M121_4	344	1206	134	150
M338_4	M1837_4	344	1389	591	657
M338_4	M1908_4	344	1083	208	226
M338_4	M2048_4	344	1232	860	971
M338_4	M319_4	344	1085	19	23
M338_4	M931_4	344	1183	509	576
M931_4	F1552_4	344	1344	689	1622
M931_4	F1620_4	344	1284	1119	2593
M931_4	F2276_4	344	1270	1078	2510
M931_4	F2543_4	344	1279	954	2257
M931_4	F2670_4	344	1373	932	2079
M931_4	F347_4	344	1273	360	822
M931_4	M10_4	344	1030	619	1414
M931_4	M121_4	344	1177	670	1575
M931_4	M1837_4	344	1356	1200	2788
M931_4	M1908_4	344	1179	835	1908
M931_4	M2048_4	344	1219	1171	2718
M931_4	M319_4	344	1202	182	385
M931_4	M338_4	344	1183	1084	2501
F1514_4	F222_4	345	1208	838	838
F1514_4	F2633_4	345	1449	337	337
F1514_4	F2765_4	345	1266	792	792
F1514_4	F2788_4	345	1241	952	952
F1514_4	F539_4	345	1159	519	519
F1514_4	M1136_4	345	1197	1135	1135
F1514_4	M2124_4	345	1212	1180	1180
F1514_4	M220_4	345	1100	905	905
F1514_4	M2305_4	345	1387	1241	1241
F1514_4	M2725_4	345	1195	1019	1019
F1514_4	M295_4	345	1222	645	645
F1514_4	M426_4	345	1305	1280	1280
F1514_4	M6_4	345	1332	524	524
F222_4	F1514_4	345	1208	892	1673
F222_4	F2633_4	345	1287	170	319
F222_4	F2765_4	345	1147	499	920
F222_4	F2788_4	345	1188	728	1372
F222_4	F539_4	345	1217	383	717
F222_4	M1136_4	345	1470	1332	2423
F222_4	M2124_4	345	1297	1197	2237
F222_4	M220_4	345	1244	852	1539
F222_4	M2305_4	345	1205	924	1693
F222_4	M2725_4	345	1236	937	1706
F222_4	M295_4	345	1254	447	825
F222_4	M426_4	345	1238	1196	2218
F222_4	M6_4	345	1402	336	610
F2633_4	F1514_4	345	1449	1336	2872
F2633_4	F222_4	345	1287	1075	2337
F2633_4	F2765_4	345	1186	906	1886
F2633_4	F2788_4	345	1118	960	2029
F2633_4	F539_4	345	1407	868	1861
F2633_4	M1136_4	345	1221	1185	2578
F2633_4	M2124_4	345	1186	1163	2515
F2633_4	M220_4	345	1351	1221	2538
F2633_4	M2305_4	345	1236	1148	2372
F2633_4	M2725_4	345	1393	1285	2695
F2633_4	M295_4	345	1219	814	1734
F2633_4	M426_4	345	1250	1242	2645
F2633_4	M6_4	345	1164	648	1354
F2765_4	F1514_4	345	1266	366	907
F2765_4	F222_4	345	1147	166	391
F2765_4	F2633_4	345	1186	21	54
F2765_4	F2788_4	345	1483	291	774
F2765_4	F539_4	345	1334	65	155
F2765_4	M1136_4	345	1172	630	1541
F2765_4	M2124_4	345	1257	865	2269
F2765_4	M220_4	345	1191	274	676
F2765_4	M2305_4	345	1253	407	1030
F2765_4	M2725_4	345	1244	370	905
F2765_4	M295_4	345	1446	84	209
F2765_4	M426_4	345	1176	983	2502
F2765_4	M6_4	345	1339	54	137
F2788_4	F1514_4	345	1241	860	860
F2788_4	F222_4	345	1188	585	585
F2788_4	F2633_4	345	1118	121	121
F2788_4	F2765_4	345	1483	596	596
F2788_4	F539_4	345	1129	299	299
F2788_4	M1136_4	345	1154	997	997
F2788_4	M2124_4	345	1305	1210	1210
F2788_4	M220_4	345	1165	772	772
F2788_4	M2305_4	345	1148	868	868
F2788_4	M2725_4	345	1148	814	814
F2788_4	M295_4	345	1274	394	394
F2788_4	M426_4	345	1165	1135	1135
F2788_4	M6_4	345	1264	253	253
F539_4	F1514_4	345	1159	1112	1112
F539_4	F222_4	345	1217	1096	1096
F539_4	F2633_4	345	1407	742	742
F539_4	F2765_4	345	1334	1144	1144
F539_4	F2788_4	345	1129	1046	1046
F539_4	M1136_4	345	1194	1180	1180
F539_4	M2124_4	345	1146	1140	1140
F539_4	M220_4	345	1116	1064	1064
F539_4	M2305_4	345	1215	1172	1172
F539_4	M2725_4	345	1269	1225	1225
F539_4	M295_4	345	1290	1054	1054
F539_4	M426_4	345	1155	1148	1148
F539_4	M6_4	345	1487	1053	1053
M1136_4	F1514_4	345	1197	556	556
M1136_4	F222_4	345	1470	423	423
M1136_4	F2633_4	345	1221	61	61
M1136_4	F2765_4	345	1172	239	239
M1136_4	F2788_4	345	1154	390	390
M1136_4	F539_4	345	1194	140	140
M1136_4	M2124_4	345	1143	973	973
M1136_4	M220_4	345	1293	563	563
M1136_4	M2305_4	345	1234	665	665
M1136_4	M2725_4	345	1257	628	628
M1136_4	M295_4	345	1124	168	168
M1136_4	M426_4	345	1106	1032	1032
M1136_4	M6_4	345	1239	107	107
M2124_4	F1514_4	345	1212	1031	1952
M2124_4	F222_4	345	1297	899	1726
M2124_4	F2633_4	345	1186	258	467
M2124_4	F2765_4	345	1257	732	1407
M2124_4	F2788_4	345	1305	991	1870
M2124_4	F539_4	345	1146	515	994
M2124_4	M1136_4	345	1143	1071	2010
M2124_4	M220_4	345	1180	981	1894
M2124_4	M2305_4	345	1234	1075	2020
M2124_4	M2725_4	345	1448	1238	2421
M2124_4	M295_4	345	1315	680	1312
M2124_4	M426_4	345	1279	1266	2446
M2124_4	M6_4	345	1122	427	816
M220_4	F1514_4	345	1100	601	1300
M220_4	F222_4	345	1244	415	905
M220_4	F2633_4	345	1351	75	155
M220_4	F2765_4	345	1191	284	630
M220_4	F2788_4	345	1165	473	1002
M220_4	F539_4	345	1116	153	318
M220_4	M1136_4	345	1293	1019	2239
M220_4	M2124_4	345	1180	1036	2265
M220_4	M2305_4	345	1355	804	1742
M220_4	M2725_4	345	1263	672	1490
M220_4	M295_4	345	1158	201	426
M220_4	M426_4	345	1227	1159	2456
M220_4	M6_4	345	1255	155	341
M2305_4	F1514_4	345	1387	601	601
M2305_4	F222_4	345	1205	347	347
M2305_4	F2633_4	345	1236	51	51
M2305_4	F2765_4	345	1253	258	258
M2305_4	F2788_4	345	1148	391	391
M2305_4	F539_4	345	1215	128	128
M2305_4	M1136_4	345	1234	867	867
M2305_4	M2124_4	345	1234	1043	1043
M2305_4	M220_4	345	1355	569	569
M2305_4	M2725_4	345	1312	630	630
M2305_4	M295_4	345	1261	180	180
M2305_4	M426_4	345	1254	1146	1146
M2305_4	M6_4	345	1233	105	105
M2725_4	F1514_4	345	1195	1069	1461
M2725_4	F222_4	345	1236	963	1360
M2725_4	F2633_4	345	1393	452	618
M2725_4	F2765_4	345	1244	867	1214
M2725_4	F2788_4	345	1148	931	1270
M2725_4	F539_4	345	1269	705	978
M2725_4	M1136_4	345	1257	1210	1695
M2725_4	M2124_4	345	1448	1424	1985
M2725_4	M220_4	345	1263	1108	1568
M2725_4	M2305_4	345	1312	1206	1658
M2725_4	M295_4	345	1322	850	1186
M2725_4	M426_4	345	1242	1233	1723
M2725_4	M6_4	345	1295	675	931
M295_4	F1514_4	345	1222	974	1151
M295_4	F222_4	345	1254	801	951
M295_4	F2633_4	345	1219	228	261
M295_4	F2765_4	345	1446	787	933
M295_4	F2788_4	345	1274	883	1036
M295_4	F539_4	345	1290	496	574
M295_4	M1136_4	345	1124	1034	1204
M295_4	M2124_4	345	1315	1264	1460
M295_4	M220_4	345	1158	886	1034
M295_4	M2305_4	345	1261	1071	1260
M295_4	M2725_4	345	1322	1091	1264
M295_4	M426_4	345	1294	1272	1478
M295_4	M6_4	345	1105	348	394
M426_4	F1514_4	345	1305	1025	3244
M426_4	F222_4	345	1238	754	2427
M426_4	F2633_4	345	1250	204	681
M426_4	F2765_4	345	1176	604	1953
M426_4	F2788_4	345	1165	808	2556
M426_4	F539_4	345	1155	427	1422
M426_4	M1136_4	345	1106	1017	3163
M426_4	M2124_4	345	1279	1220	3883
M426_4	M220_4	345	1227	912	2942
M426_4	M2305_4	345	1254	1025	3222
M426_4	M2725_4	345	1242	1004	3178
M426_4	M295_4	345	1294	566	1796
M426_4	M6_4	345	1029	319	1022
M6_4	F1514_4	345	1332	323	490
M6_4	F222_4	345	1402	179	277
M6_4	F2633_4	345	1164	15	26
M6_4	F2765_4	345	1339	119	185
M6_4	F2788_4	345	1264	192	313
M6_4	F539_4	345	1487	62	105
M6_4	M1136_4	345	1239	599	890
M6_4	M2124_4	345	1122	773	1192
M6_4	M220_4	345	1255	279	427
M6_4	M2305_4	345	1233	361	546
M6_4	M2725_4	345	1295	382	569
M6_4	M295_4	345	1105	54	86
M6_4	M426_4	345	1029	834	1263
F1606_4	F1793_4	346	1332	1328	2113
F1606_4	F1843_4	346	1196	1050	1669
F1606_4	F2009_4	346	1310	1167	1888
F1606_4	F2311_4	346	1218	984	1535
F1606_4	F544_4	346	1271	1170	1871
F1606_4	M1258_4	346	1209	1065	1662
F1606_4	M1494_4	346	1123	321	499
F1606_4	M1702_4	346	1246	1241	1988
F1606_4	M1863_4	346	1221	895	1396
F1606_4	M1952_4	346	1306	944	1496
F1606_4	M218_4	346	1305	1057	1640
F1606_4	M865_4	346	1290	1008	1586
F1606_4	M960_4	346	1157	1083	1682
F1793_4	F1606_4	346	1332	214	214
F1793_4	F1843_4	346	1277	180	180
F1793_4	F2009_4	346	1288	187	187
F1793_4	F2311_4	346	1251	100	100
F1793_4	F544_4	346	1244	252	252
F1793_4	M1258_4	346	1327	166	166
F1793_4	M1494_4	346	1221	5	5
F1793_4	M1702_4	346	1176	998	998
F1793_4	M1863_4	346	1202	59	59
F1793_4	M1952_4	346	1335	60	60
F1793_4	M218_4	346	1252	96	96
F1793_4	M865_4	346	1259	86	86
F1793_4	M960_4	346	1295	292	292
F1843_4	F1606_4	346	1196	807	807
F1843_4	F1793_4	346	1277	1245	1245
F1843_4	F2009_4	346	1432	907	907
F1843_4	F2311_4	346	1260	626	626
F1843_4	F544_4	346	1169	843	843
F1843_4	M1258_4	346	1348	800	800
F1843_4	M1494_4	346	1407	116	116
F1843_4	M1702_4	346	1409	1384	1384
F1843_4	M1863_4	346	1294	504	504
F1843_4	M1952_4	346	1276	446	446
F1843_4	M218_4	346	1290	614	614
F1843_4	M865_4	346	1123	463	463
F1843_4	M960_4	346	1239	943	943
F2009_4	F1606_4	346	1310	446	446
F2009_4	F1793_4	346	1288	1166	1166
F2009_4	F1843_4	346	1432	385	385
F2009_4	F2311_4	346	1263	211	211
F2009_4	F544_4	346	1341	478	478
F2009_4	M1258_4	346	1380	307	307
F2009_4	M1494_4	346	1365	31	31
F2009_4	M1702_4	346	1249	1141	1141
F2009_4	M1863_4	346	1166	151	151
F2009_4	M1952_4	346	1210	124	124
F2009_4	M218_4	346	1294	228	228
F2009_4	M865_4	346	1182	150	150
F2009_4	M960_4	346	1324	551	551
F2311_4	F1606_4	346	1218	393	1880
F2311_4	F1793_4	346	1251	1107	5374
F2311_4	F1843_4	346	1260	314	1492
F2311_4	F2009_4	346	1263	274	1368
F2311_4	F544_4	346	1256	413	2022
F2311_4	M1258_4	346	1339	296	1397
F2311_4	M1494_4	346	1347	18	90
F2311_4	M1702_4	346	1264	1151	5504
F2311_4	M1863_4	346	1241	144	702
F2311_4	M1952_4	346	1355	127	594
F2311_4	M218_4	346	1227	229	1089
F2311_4	M865_4	346	1146	164	820
F2311_4	M960_4	346	1548	627	3080
F544_4	F1606_4	346	1271	796	796
F544_4	F1793_4	346	1244	1197	1197
F544_4	F1843_4	346	1169	634	634
F544_4	F2009_4	346	1341	723	723
F544_4	F2311_4	346	1256	509	509
F544_4	M1258_4	346	1404	724	724
F544_4	M1494_4	346	1161	65	65
F544_4	M1702_4	346	1168	1139	1139
F544_4	M1863_4	346	1273	383	383
F544_4	M1952_4	346	1359	386	386
F544_4	M218_4	346	1252	535	535
F544_4	M865_4	346	1235	444	444
F544_4	M960_4	346	1304	901	901
M1258_4	F1606_4	346	1209	875	875
M1258_4	F1793_4	346	1327	1301	1301
M1258_4	F1843_4	346	1348	861	861
M1258_4	F2009_4	346	1380	884	884
M1258_4	F2311_4	346	1339	667	667
M1258_4	F544_4	346	1404	1054	1054
M1258_4	M1494_4	346	1409	140	140
M1258_4	M1702_4	346	1440	1414	1414
M1258_4	M1863_4	346	1148	479	479
M1258_4	M1952_4	346	1412	498	498
M1258_4	M218_4	346	1128	601	601
M1258_4	M865_4	346	1429	621	621
M1258_4	M960_4	346	1254	983	983
M1494_4	F1606_4	346	1123	975	2817
M1494_4	F1793_4	346	1221	1207	3506
M1494_4	F1843_4	346	1407	1152	3279
M1494_4	F2009_4	346	1365	1148	3307
M1494_4	F2311_4	346	1347	980	2851
M1494_4	F544_4	346	1161	1036	2969
M1494_4	M1258_4	346	1409	1147	3364
M1494_4	M1702_4	346	1228	1218	3428
M1494_4	M1863_4	346	1286	848	2453
M1494_4	M1952_4	346	1267	793	2300
M1494_4	M218_4	346	1483	1100	3123
M1494_4	M865_4	346	1180	816	2430
M1494_4	M960_4	346	1194	1084	3120
M1702_4	F1606_4	346	1246	1119	1119
M1702_4	F1793_4	346	1176	1170	1170
M1702_4	F1843_4	346	1409	1227	1227
M1702_4	F2009_4	346	1249	1089	1089
M1702_4	F2311_4	346	1264	987	987
M1702_4	F544_4	346	1168	1064	1064
M1702_4	M1258_4	346	1440	1250	1250
M1702_4	M1494_4	346	1228	343	343
M1702_4	M1863_4	346	1172	870	870
M1702_4	M1952_4	346	1176	821	821
M1702_4	M218_4	346	1247	1006	1006
M1702_4	M865_4	346	1296	990	990
M1702_4	M960_4	346	1324	1238	1238
M1863_4	F1606_4	346	1221	932	1605
M1863_4	F1793_4	346	1202	1179	2035
M1863_4	F1843_4	346	1294	947	1601
M1863_4	F2009_4	346	1166	838	1440
M1863_4	F2311_4	346	1241	705	1212
M1863_4	F544_4	346	1273	1016	1752
M1863_4	M1258_4	346	1148	772	1311
M1863_4	M1494_4	346	1286	152	263
M1863_4	M1702_4	346	1172	1157	1948
M1863_4	M1952_4	346	1297	567	964
M1863_4	M218_4	346	1385	833	1439
M1863_4	M865_4	346	1324	709	1181
M1863_4	M960_4	346	1376	1123	1943
M1952_4	F1606_4	346	1306	358	781
M1952_4	F1793_4	346	1335	1169	2593
M1952_4	F1843_4	346	1276	309	683
M1952_4	F2009_4	346	1210	288	616
M1952_4	F2311_4	346	1355	182	386
M1952_4	F544_4	346	1359	460	1022
M1952_4	M1258_4	346	1412	302	677
M1952_4	M1494_4	346	1267	17	32
M1952_4	M1702_4	346	1176	1063	2330
M1952_4	M1863_4	346	1297	153	326
M1952_4	M218_4	346	1224	178	385
M1952_4	M865_4	346	1267	157	346
M1952_4	M960_4	346	1302	509	1118
M218_4	F1606_4	346	1305	941	2202
M218_4	F1793_4	346	1252	1223	2891
M218_4	F1843_4	346	1290	853	2030
M218_4	F2009_4	346	1294	847	2018
M218_4	F2311_4	346	1227	616	1453
M218_4	F544_4	346	1252	942	2254
M218_4	M1258_4	346	1128	756	1764
M218_4	M1494_4	346	1483	134	334
M218_4	M1702_4	346	1247	1227	2875
M218_4	M1863_4	346	1385	613	1440
M218_4	M1952_4	346	1224	459	1070
M218_4	M865_4	346	1014	486	1098
M218_4	M960_4	346	1285	1033	2413
M865_4	F1606_4	346	1290	84	84
M865_4	F1793_4	346	1259	581	581
M865_4	F1843_4	346	1123	42	42
M865_4	F2009_4	346	1182	57	57
M865_4	F2311_4	346	1146	24	24
M865_4	F544_4	346	1235	66	66
M865_4	M1258_4	346	1429	47	47
M865_4	M1494_4	346	1180	3	3
M865_4	M1702_4	346	1296	700	700
M865_4	M1863_4	346	1324	15	15
M865_4	M1952_4	346	1267	10	10
M865_4	M218_4	346	1014	38	38
M865_4	M960_4	346	1271	95	95
M960_4	F1606_4	346	1157	216	627
M960_4	F1793_4	346	1295	999	2843
M960_4	F1843_4	346	1239	171	466
M960_4	F2009_4	346	1324	209	555
M960_4	F2311_4	346	1548	117	330
M960_4	F544_4	346	1304	266	770
M960_4	M1258_4	346	1254	159	451
M960_4	M1494_4	346	1194	14	36
M960_4	M1702_4	346	1324	1093	3138
M960_4	M1863_4	346	1376	74	217
M960_4	M1952_4	346	1302	59	177
M960_4	M218_4	346	1285	92	264
M960_4	M865_4	346	1271	91	266
F1516_4	F1724_4	347	1421	1192	1192
F1516_4	F2112_4	347	1231	181	181
F1516_4	F432_4	347	1222	621	621
F1516_4	F484_4	347	1249	394	394
F1516_4	F528_4	347	1405	219	219
F1516_4	F732_4	347	1199	425	425
F1516_4	F823_4	347	1294	1141	1141
F1516_4	F999_4	347	1082	941	941
F1516_4	M1101_4	347	1214	233	233
F1516_4	M1261_4	347	1302	326	326
F1516_4	M1545_4	347	1316	722	722
F1516_4	M2156_4	347	1206	837	837
F1516_4	M2301_4	347	1264	654	654
F1724_4	F1516_4	347	1421	98	98
F1724_4	F2112_4	347	1369	44	44
F1724_4	F432_4	347	1109	179	179
F1724_4	F484_4	347	1217	92	92
F1724_4	F528_4	347	1193	22	22
F1724_4	F732_4	347	1167	107	107
F1724_4	F823_4	347	1225	722	722
F1724_4	F999_4	347	1325	744	744
F1724_4	M1101_4	347	1319	45	45
F1724_4	M1261_4	347	1254	71	71
F1724_4	M1545_4	347	1187	230	230
F1724_4	M2156_4	347	1257	364	364
F1724_4	M2301_4	347	1253	226	226
F2112_4	F1516_4	347	1231	116	344
F2112_4	F1724_4	347	1369	868	2523
F2112_4	F432_4	347	1233	387	1117
F2112_4	F484_4	347	1220	150	421
F2112_4	F528_4	347	1222	84	216
F2112_4	F732_4	347	1237	204	608
F2112_4	F823_4	347	1221	907	2567
F2112_4	F999_4	347	1284	929	2610
F2112_4	M1101_4	347	1253	109	337
F2112_4	M1261_4	347	1209	112	329
F2112_4	M1545_4	347	1169	334	957
F2112_4	M2156_4	347	1288	605	1751
F2112_4	M2301_4	347	1306	349	1036
F432_4	F1516_4	347	1222	188	188
F432_4	F1724_4	347	1109	809	809
F432_4	F2112_4	347	1233	104	104
F432_4	F484_4	347	1150	232	232
F432_4	F528_4	347	1135	91	91
F432_4	F732_4	347	1179	246	246
F432_4	F823_4	347	1071	861	861
F432_4	F999_4	347	1236	963	963
F432_4	M1101_4	347	1250	158	158
F432_4	M1261_4	347	1316	184	184
F432_4	M1545_4	347	1214	460	460
F432_4	M2156_4	347	1081	555	555
F432_4	M2301_4	347	1123	408	408
F484_4	F1516_4	347	1249	243	564
F484_4	F1724_4	347	1217	987	2297
F484_4	F2112_4	347	1220	151	346
F484_4	F432_4	347	1150	544	1251
F484_4	F528_4	347	1361	184	387
F484_4	F732_4	347	1265	375	838
F484_4	F823_4	347	1320	1140	2671
F484_4	F999_4	347	1188	993	2238
F484_4	M1101_4	347	1485	230	500
F484_4	M1261_4	347	1161	232	512
F484_4	M1545_4	347	1278	606	1398
F484_4	M2156_4	347	1268	818	1851
F484_4	M2301_4	347	1391	624	1430
F528_4	F1516_4	347	1405	263	863
F528_4	F1724_4	347	1193	942	3185
F528_4	F2112_4	347	1222	138	455
F528_4	F432_4	347	1135	477	1656
F528_4	F484_4	347	1361	325	1046
F528_4	F732_4	347	1369	365	1263
F528_4	F823_4	347	1236	1043	3483
F528_4	F999_4	347	1146	971	3238
F528_4	M1101_4	347	1202	172	592
F528_4	M1261_4	347	1340	264	924
F528_4	M1545_4	347	1192	529	1752
F528_4	M2156_4	347	1364	856	2897
F528_4	M2301_4	347	1248	558	1871
F732_4	F1516_4	347	1199	714	714
F732_4	F1724_4	347	1167	1116	1116
F732_4	F2112_4	347	1237	511	511
F732_4	F432_4	347	1179	983	983
F732_4	F484_4	347	1265	829	829
F732_4	F528_4	347	1369	602	602
F732_4	F823_4	347	1256	1227	1227
F732_4	F999_4	347	1225	1193	1193
F732_4	M1101_4	347	1178	620	620
F732_4	M1261_4	347	1283	768	768
F732_4	M1545_4	347	1206	996	996
F732_4	M2156_4	347	1284	1164	1164
F732_4	M2301_4	347	1378	1124	1124
F823_4	F1516_4	347	1294	538	538
F823_4	F1724_4	347	1225	1130	1130
F823_4	F2112_4	347	1221	347	347
F823_4	F432_4	347	1071	773	773
F823_4	F484_4	347	1320	692	692
F823_4	F528_4	347	1236	358	358
F823_4	F732_4	347	1256	701	701
F823_4	F999_4	347	1094	1023	1023
F823_4	M1101_4	347	1168	460	460
F823_4	M1261_4	347	1207	507	507
F823_4	M1545_4	347	1353	1024	1024
F823_4	M2156_4	347	1405	1197	1197
F823_4	M2301_4	347	1421	1037	1037
F999_4	F1516_4	347	1082	582	582
F999_4	F1724_4	347	1325	1232	1232
F999_4	F2112_4	347	1284	439	439
F999_4	F432_4	347	1236	956	956
F999_4	F484_4	347	1188	667	667
F999_4	F528_4	347	1146	389	389
F999_4	F732_4	347	1225	738	738
F999_4	F823_4	347	1094	1044	1044
F999_4	M1101_4	347	1157	461	461
F999_4	M1261_4	347	1203	556	556
F999_4	M1545_4	347	1317	1017	1017
F999_4	M2156_4	347	1281	1121	1121
F999_4	M2301_4	347	1416	1073	1073
M1101_4	F1516_4	347	1214	364	605
M1101_4	F1724_4	347	1319	1123	1822
M1101_4	F2112_4	347	1253	246	386
M1101_4	F432_4	347	1250	736	1195
M1101_4	F484_4	347	1485	534	893
M1101_4	F528_4	347	1202	202	338
M1101_4	F732_4	347	1178	455	767
M1101_4	F823_4	347	1168	1052	1736
M1101_4	F999_4	347	1157	1037	1695
M1101_4	M1261_4	347	1291	373	613
M1101_4	M1545_4	347	1166	674	1101
M1101_4	M2156_4	347	1279	946	1574
M1101_4	M2301_4	347	1206	705	1112
M1261_4	F1516_4	347	1302	602	602
M1261_4	F1724_4	347	1254	1172	1172
M1261_4	F2112_4	347	1209	382	382
M1261_4	F432_4	347	1316	988	988
M1261_4	F484_4	347	1161	587	587
M1261_4	F528_4	347	1340	369	369
M1261_4	F732_4	347	1283	730	730
M1261_4	F823_4	347	1207	1153	1153
M1261_4	F999_4	347	1203	1138	1138
M1261_4	M1101_4	347	1291	474	474
M1261_4	M1545_4	347	1368	1026	1026
M1261_4	M2156_4	347	1209	1026	1026
M1261_4	M2301_4	347	1357	1006	1006
M1545_4	F1516_4	347	1316	1046	1046
M1545_4	F1724_4	347	1187	1172	1172
M1545_4	F2112_4	347	1169	826	826
M1545_4	F432_4	347	1214	1126	1126
M1545_4	F484_4	347	1278	1078	1078
M1545_4	F528_4	347	1192	790	790
M1545_4	F732_4	347	1206	1048	1048
M1545_4	F823_4	347	1353	1334	1334
M1545_4	F999_4	347	1317	1298	1298
M1545_4	M1101_4	347	1166	882	882
M1545_4	M1261_4	347	1368	1094	1094
M1545_4	M2156_4	347	1155	1114	1114
M1545_4	M2301_4	347	1355	1275	1275
M2156_4	F1516_4	347	1206	117	117
M2156_4	F1724_4	347	1257	859	859
M2156_4	F2112_4	347	1288	96	96
M2156_4	F432_4	347	1081	331	331
M2156_4	F484_4	347	1268	177	177
M2156_4	F528_4	347	1364	97	97
M2156_4	F732_4	347	1284	215	215
M2156_4	F823_4	347	1405	1022	1022
M2156_4	F999_4	347	1281	955	955
M2156_4	M1101_4	347	1279	114	114
M2156_4	M1261_4	347	1209	125	125
M2156_4	M1545_4	347	1155	319	319
M2156_4	M2301_4	347	1311	412	412
M2301_4	F1516_4	347	1264	363	363
M2301_4	F1724_4	347	1253	1072	1072
M2301_4	F2112_4	347	1306	228	228
M2301_4	F432_4	347	1123	641	641
M2301_4	F484_4	347	1391	474	474
M2301_4	F528_4	347	1248	215	215
M2301_4	F732_4	347	1378	542	542
M2301_4	F823_4	347	1421	1293	1293
M2301_4	F999_4	347	1416	1279	1279
M2301_4	M1101_4	347	1206	279	279
M2301_4	M1261_4	347	1357	375	375
M2301_4	M1545_4	347	1355	791	791
M2301_4	M2156_4	347	1311	979	979
F1365_4	F1615_4	348	1315	1057	1057
F1365_4	F2331_4	348	1339	1175	1175
F1365_4	F239_4	348	1320	818	818
F1365_4	F266_4	348	1223	838	838
F1365_4	F282_4	348	1370	1105	1105
F1365_4	F462_4	348	1244	429	429
F1365_4	F730_4	348	1199	561	561
F1365_4	F931_4	348	1255	762	762
F1365_4	M1474_4	348	1249	697	697
F1365_4	M1851_4	348	1317	346	346
F1365_4	M2609_4	348	1310	1143	1143
F1365_4	M297_4	348	1287	1070	1070
F1365_4	M797_4	348	1234	227	227
F1615_4	F1365_4	348	1315	328	328
F1615_4	F2331_4	348	1293	1132	1132
F1615_4	F239_4	348	1305	739	739
F1615_4	F266_4	348	1280	852	852
F1615_4	F282_4	348	1149	932	932
F1615_4	F462_4	348	1276	448	448
F1615_4	F730_4	348	1176	513	513
F1615_4	F931_4	348	1228	738	738
F1615_4	M1474_4	348	1286	708	708
F1615_4	M1851_4	348	1286	288	288
F1615_4	M2609_4	348	1289	1101	1101
F1615_4	M297_4	348	1180	929	929
F1615_4	M797_4	348	1109	162	162
F2331_4	F1365_4	348	1339	149	149
F2331_4	F1615_4	348	1293	686	686
F2331_4	F239_4	348	1205	430	430
F2331_4	F266_4	348	1071	456	456
F2331_4	F282_4	348	1258	716	716
F2331_4	F462_4	348	1326	174	174
F2331_4	F730_4	348	1303	286	286
F2331_4	F931_4	348	1118	323	323
F2331_4	M1474_4	348	1276	362	362
F2331_4	M1851_4	348	1360	140	140
F2331_4	M2609_4	348	1407	960	960
F2331_4	M297_4	348	1308	733	733
F2331_4	M797_4	348	1338	92	92
F239_4	F1365_4	348	1320	506	506
F239_4	F1615_4	348	1305	1079	1079
F239_4	F2331_4	348	1205	1102	1102
F239_4	F266_4	348	1307	1042	1042
F239_4	F282_4	348	1322	1183	1183
F239_4	F462_4	348	1268	620	620
F239_4	F730_4	348	1463	848	848
F239_4	F931_4	348	1324	951	951
F239_4	M1474_4	348	1277	918	918
F239_4	M1851_4	348	1252	430	430
F239_4	M2609_4	348	1140	1056	1056
F239_4	M297_4	348	1144	989	989
F239_4	M797_4	348	1332	376	376
F266_4	F1365_4	348	1223	95	95
F266_4	F1615_4	348	1280	588	588
F266_4	F2331_4	348	1071	666	666
F266_4	F239_4	348	1307	353	353
F266_4	F282_4	348	1294	676	676
F266_4	F462_4	348	1238	159	159
F266_4	F730_4	348	1217	217	217
F266_4	F931_4	348	1220	297	297
F266_4	M1474_4	348	1390	355	355
F266_4	M1851_4	348	1178	84	84
F266_4	M2609_4	348	1241	748	748
F266_4	M297_4	348	1181	606	606
F266_4	M797_4	348	1318	58	58
F282_4	F1365_4	348	1370	29	29
F282_4	F1615_4	348	1149	296	296
F282_4	F2331_4	348	1258	510	510
F282_4	F239_4	348	1322	169	169
F282_4	F266_4	348	1294	212	212
F282_4	F462_4	348	1249	45	45
F282_4	F730_4	348	1332	100	100
F282_4	F931_4	348	1369	180	180
F282_4	M1474_4	348	1355	132	132
F282_4	M1851_4	348	1232	44	44
F282_4	M2609_4	348	1237	455	455
F282_4	M297_4	348	1230	304	304
F282_4	M797_4	348	1325	25	25
F462_4	F1365_4	348	1244	172	172
F462_4	F1615_4	348	1276	793	793
F462_4	F2331_4	348	1326	983	983
F462_4	F239_4	348	1268	464	464
F462_4	F266_4	348	1238	579	579
F462_4	F282_4	348	1249	808	808
F462_4	F730_4	348	1261	354	354
F462_4	F931_4	348	1133	436	436
F462_4	M1474_4	348	1245	437	437
F462_4	M1851_4	348	1278	165	165
F462_4	M2609_4	348	1425	1053	1053
F462_4	M297_4	348	1193	790	790
F462_4	M797_4	348	1332	113	113
F730_4	F1365_4	348	1199	412	1020
F730_4	F1615_4	348	1176	948	2372
F730_4	F2331_4	348	1303	1158	2872
F730_4	F239_4	348	1463	955	2371
F730_4	F266_4	348	1217	919	2272
F730_4	F282_4	348	1332	1132	2773
F730_4	F462_4	348	1261	528	1307
F730_4	F931_4	348	1191	793	1922
F730_4	M1474_4	348	1247	784	1941
F730_4	M1851_4	348	1256	382	933
F730_4	M2609_4	348	1249	1133	2695
F730_4	M297_4	348	1234	1019	2491
F730_4	M797_4	348	1338	292	718
F931_4	F1365_4	348	1255	970	1905
F931_4	F1615_4	348	1228	1184	2333
F931_4	F2331_4	348	1118	1097	2166
F931_4	F239_4	348	1324	1255	2522
F931_4	F266_4	348	1220	1167	2316
F931_4	F282_4	348	1369	1341	2645
F931_4	F462_4	348	1133	922	1859
F931_4	F730_4	348	1191	1068	2027
F931_4	M1474_4	348	1327	1212	2482
F931_4	M1851_4	348	1374	1022	2000
F931_4	M2609_4	348	1196	1169	2294
F931_4	M297_4	348	1096	1062	2057
F931_4	M797_4	348	1290	849	1643
M1474_4	F1365_4	348	1249	325	325
M1474_4	F1615_4	348	1286	973	973
M1474_4	F2331_4	348	1276	1096	1096
M1474_4	F239_4	348	1277	743	743
M1474_4	F266_4	348	1390	956	956
M1474_4	F282_4	348	1355	1093	1093
M1474_4	F462_4	348	1245	391	391
M1474_4	F730_4	348	1247	567	567
M1474_4	F931_4	348	1327	746	746
M1474_4	M1851_4	348	1293	315	315
M1474_4	M2609_4	348	1341	1146	1146
M1474_4	M297_4	348	1244	970	970
M1474_4	M797_4	348	1174	177	177
M1851_4	F1365_4	348	1317	502	901
M1851_4	F1615_4	348	1286	1089	2015
M1851_4	F2331_4	348	1360	1243	2272
M1851_4	F239_4	348	1252	904	1689
M1851_4	F266_4	348	1178	961	1748
M1851_4	F282_4	348	1232	1091	2025
M1851_4	F462_4	348	1278	585	1099
M1851_4	F730_4	348	1256	734	1326
M1851_4	F931_4	348	1374	975	1768
M1851_4	M1474_4	348	1293	888	1646
M1851_4	M2609_4	348	1309	1198	2237
M1851_4	M297_4	348	1240	1076	1963
M1851_4	M797_4	348	1250	328	590
M2609_4	F1365_4	348	1310	654	654
M2609_4	F1615_4	348	1289	1152	1152
M2609_4	F2331_4	348	1407	1328	1328
M2609_4	F239_4	348	1140	891	891
M2609_4	F266_4	348	1241	1020	1020
M2609_4	F282_4	348	1237	1137	1137
M2609_4	F462_4	348	1425	775	775
M2609_4	F730_4	348	1249	868	868
M2609_4	F931_4	348	1196	920	920
M2609_4	M1474_4	348	1341	1021	1021
M2609_4	M1851_4	348	1309	581	581
M2609_4	M297_4	348	1148	1063	1063
M2609_4	M797_4	348	1271	428	428
M297_4	F1365_4	348	1287	565	1041
M297_4	F1615_4	348	1180	1042	1900
M297_4	F2331_4	348	1308	1189	2188
M297_4	F239_4	348	1144	869	1537
M297_4	F266_4	348	1181	958	1735
M297_4	F282_4	348	1230	1089	2021
M297_4	F462_4	348	1193	610	1147
M297_4	F730_4	348	1234	780	1427
M297_4	F931_4	348	1096	838	1552
M297_4	M1474_4	348	1244	904	1612
M297_4	M1851_4	348	1240	465	820
M297_4	M2609_4	348	1148	1073	1962
M297_4	M797_4	348	1211	356	616
M797_4	F1365_4	348	1234	104	182
M797_4	F1615_4	348	1109	563	948
M797_4	F2331_4	348	1338	867	1456
M797_4	F239_4	348	1332	392	649
M797_4	F266_4	348	1318	493	843
M797_4	F282_4	348	1325	698	1166
M797_4	F462_4	348	1332	158	278
M797_4	F730_4	348	1338	234	396
M797_4	F931_4	348	1290	363	603
M797_4	M1474_4	348	1174	316	540
M797_4	M1851_4	348	1250	96	166
M797_4	M2609_4	348	1271	746	1293
M797_4	M297_4	348	1211	625	1049
F1131_4	F1447_4	349	1128	612	1530
F1131_4	F168_4	349	1254	261	635
F1131_4	F1972_4	349	1115	444	1119
F1131_4	F2201_4	349	1212	63	151
F1131_4	F592_4	349	1133	818	2022
F1131_4	F972_4	349	1271	629	1593
F1131_4	M1034_4	349	1214	75	186
F1131_4	M2386_4	349	1274	229	545
F1131_4	M248_4	349	1394	1004	2512
F1131_4	M2598_4	349	1217	465	1148
F1131_4	M442_4	349	1189	716	1767
F1131_4	M701_4	349	1154	843	2031
F1131_4	M886_4	349	1280	739	1874
F1447_4	F1131_4	349	1128	647	647
F1447_4	F168_4	349	1241	125	125
F1447_4	F1972_4	349	1243	258	258
F1447_4	F2201_4	349	1261	26	26
F1447_4	F592_4	349	1222	566	566
F1447_4	F972_4	349	1232	323	323
F1447_4	M1034_4	349	1229	28	28
F1447_4	M2386_4	349	1207	93	93
F1447_4	M248_4	349	1146	553	553
F1447_4	M2598_4	349	1250	228	228
F1447_4	M442_4	349	1251	480	480
F1447_4	M701_4	349	1222	620	620
F1447_4	M886_4	349	1239	391	391
F168_4	F1131_4	349	1254	1167	1167
F168_4	F1447_4	349	1241	1018	1018
F168_4	F1972_4	349	1176	849	849
F168_4	F2201_4	349	1181	189	189
F168_4	F592_4	349	1157	1051	1051
F168_4	F972_4	349	1253	970	970
F168_4	M1034_4	349	1344	244	244
F168_4	M2386_4	349	1277	557	557
F168_4	M248_4	349	1265	1142	1142
F168_4	M2598_4	349	1202	782	782
F168_4	M442_4	349	1153	984	984
F168_4	M701_4	349	1302	1196	1196
F168_4	M886_4	349	1354	1103	1103
F1972_4	F1131_4	349	1115	841	1746
F1972_4	F1447_4	349	1243	698	1513
F1972_4	F168_4	349	1176	261	517
F1972_4	F2201_4	349	1328	63	131
F1972_4	F592_4	349	1299	921	2016
F1972_4	F972_4	349	1268	619	1329
F1972_4	M1034_4	349	1238	78	160
F1972_4	M2386_4	349	1186	193	428
F1972_4	M248_4	349	1352	934	1945
F1972_4	M2598_4	349	1141	403	840
F1972_4	M442_4	349	1210	733	1560
F1972_4	M701_4	349	1223	874	1886
F1972_4	M886_4	349	1144	656	1375
F2201_4	F1131_4	349	1212	870	870
F2201_4	F1447_4	349	1261	668	668
F2201_4	F168_4	349	1181	211	211
F2201_4	F1972_4	349	1328	432	432
F2201_4	F592_4	349	1155	755	755
F2201_4	F972_4	349	1259	548	548
F2201_4	M1034_4	349	1212	65	65
F2201_4	M2386_4	349	1271	205	205
F2201_4	M248_4	349	1292	891	891
F2201_4	M2598_4	349	1355	414	414
F2201_4	M442_4	349	1192	641	641
F2201_4	M701_4	349	1252	844	844
F2201_4	M886_4	349	1404	730	730
F592_4	F1131_4	349	1133	457	457
F592_4	F1447_4	349	1222	225	225
F592_4	F168_4	349	1157	60	60
F592_4	F1972_4	349	1299	142	142
F592_4	F2201_4	349	1155	9	9
F592_4	F972_4	349	1435	211	211
F592_4	M1034_4	349	1232	12	12
F592_4	M2386_4	349	1166	46	46
F592_4	M248_4	349	1233	399	399
F592_4	M2598_4	349	1250	121	121
F592_4	M442_4	349	1288	291	291
F592_4	M701_4	349	1100	344	344
F592_4	M886_4	349	1124	242	242
F972_4	F1131_4	349	1271	956	2295
F972_4	F1447_4	349	1232	675	1623
F972_4	F168_4	349	1253	262	611
F972_4	F1972_4	349	1268	469	1106
F972_4	F2201_4	349	1259	53	122
F972_4	F592_4	349	1435	999	2453
F972_4	M1034_4	349	1175	54	132
F972_4	M2386_4	349	1324	204	500
F972_4	M248_4	349	1286	895	2154
F972_4	M2598_4	349	1194	383	871
F972_4	M442_4	349	1199	713	1734
F972_4	M701_4	349	1229	858	2050
F972_4	M886_4	349	1279	698	1662
M1034_4	F1131_4	349	1214	194	456
M1034_4	F1447_4	349	1229	101	236
M1034_4	F168_4	349	1344	29	65
M1034_4	F1972_4	349	1238	67	154
M1034_4	F2201_4	349	1212	5	15
M1034_4	F592_4	349	1232	174	393
M1034_4	F972_4	349	1175	69	164
M1034_4	M2386_4	349	1278	17	49
M1034_4	M248_4	349	1322	184	424
M1034_4	M2598_4	349	1124	42	104
M1034_4	M442_4	349	1257	133	309
M1034_4	M701_4	349	1136	168	401
M1034_4	M886_4	349	1309	97	227
M2386_4	F1131_4	349	1274	1232	1232
M2386_4	F1447_4	349	1207	1117	1117
M2386_4	F168_4	349	1277	957	957
M2386_4	F1972_4	349	1186	1014	1014
M2386_4	F2201_4	349	1271	407	407
M2386_4	F592_4	349	1166	1117	1117
M2386_4	F972_4	349	1324	1178	1178
M2386_4	M1034_4	349	1278	478	478
M2386_4	M248_4	349	1199	1140	1140
M2386_4	M2598_4	349	1267	1061	1061
M2386_4	M442_4	349	1390	1300	1300
M2386_4	M701_4	349	1258	1212	1212
M2386_4	M886_4	349	1181	1070	1070
M248_4	F1131_4	349	1394	1085	3193
M248_4	F1447_4	349	1146	619	1823
M248_4	F168_4	349	1265	292	867
M248_4	F1972_4	349	1352	531	1568
M248_4	F2201_4	349	1292	65	194
M248_4	F592_4	349	1233	884	2638
M248_4	F972_4	349	1286	627	1910
M248_4	M1034_4	349	1322	73	233
M248_4	M2386_4	349	1199	205	642
M248_4	M2598_4	349	1259	459	1383
M248_4	M442_4	349	1462	887	2718
M248_4	M701_4	349	1215	887	2739
M248_4	M886_4	349	1149	624	1828
M2598_4	F1131_4	349	1217	1132	1132
M2598_4	F1447_4	349	1250	1069	1069
M2598_4	F168_4	349	1202	698	698
M2598_4	F1972_4	349	1141	857	857
M2598_4	F2201_4	349	1355	272	272
M2598_4	F592_4	349	1250	1147	1147
M2598_4	F972_4	349	1194	956	956
M2598_4	M1034_4	349	1124	222	222
M2598_4	M2386_4	349	1267	636	636
M2598_4	M248_4	349	1259	1141	1141
M2598_4	M442_4	349	1401	1207	1207
M2598_4	M701_4	349	1322	1220	1220
M2598_4	M886_4	349	1191	1016	1016
M442_4	F1131_4	349	1189	693	2659
M442_4	F1447_4	349	1251	444	1674
M442_4	F168_4	349	1153	132	517
M442_4	F1972_4	349	1210	249	981
M442_4	F2201_4	349	1192	25	103
M442_4	F592_4	349	1288	598	2301
M442_4	F972_4	349	1199	339	1342
M442_4	M1034_4	349	1257	27	100
M442_4	M2386_4	349	1390	111	435
M442_4	M248_4	349	1462	759	2890
M442_4	M2598_4	349	1401	270	1014
M442_4	M701_4	349	1291	711	2683
M442_4	M886_4	349	1340	491	1893
M701_4	F1131_4	349	1154	549	726
M701_4	F1447_4	349	1222	304	418
M701_4	F168_4	349	1302	84	117
M701_4	F1972_4	349	1223	192	267
M701_4	F2201_4	349	1252	15	22
M701_4	F592_4	349	1100	432	598
M701_4	F972_4	349	1229	265	376
M701_4	M1034_4	349	1136	17	28
M701_4	M2386_4	349	1258	62	84
M701_4	M248_4	349	1215	501	672
M701_4	M2598_4	349	1322	177	239
M701_4	M442_4	349	1291	413	553
M701_4	M886_4	349	1206	310	446
M886_4	F1131_4	349	1280	976	976
M886_4	F1447_4	349	1239	647	647
M886_4	F168_4	349	1354	278	278
M886_4	F1972_4	349	1144	438	438
M886_4	F2201_4	349	1404	90	90
M886_4	F592_4	349	1124	802	802
M886_4	F972_4	349	1279	596	596
M886_4	M1034_4	349	1309	66	66
M886_4	M2386_4	349	1181	182	182
M886_4	M248_4	349	1149	805	805
M886_4	M2598_4	349	1191	402	402
M886_4	M442_4	349	1340	783	783
M886_4	M701_4	349	1206	852	852
F103_4	F1240_4	350	1119	733	1974
F103_4	F1480_4	350	1203	927	2521
F103_4	F2333_4	350	1108	839	2229
F103_4	F2362_4	350	1438	1229	3287
F103_4	F2677_4	350	1364	1291	3503
F103_4	F284_4	350	1222	905	2465
F103_4	F353_4	350	1197	1153	3167
F103_4	F588_4	350	1295	505	1353
F103_4	F635_4	350	1342	1172	3212
F103_4	F714_4	350	1404	1278	3497
F103_4	M1458_4	350	1278	1109	3067
F103_4	M2520_4	350	1083	586	1576
F103_4	M683_4	350	1318	1154	3166
F1240_4	F103_4	350	1119	169	425
F1240_4	F1480_4	350	1158	539	1411
F1240_4	F2333_4	350	1310	592	1514
F1240_4	F2362_4	350	1241	764	1948
F1240_4	F2677_4	350	1180	968	2507
F1240_4	F284_4	350	1210	517	1336
F1240_4	F353_4	350	1206	1037	2683
F1240_4	F588_4	350	1184	186	495
F1240_4	F635_4	350	1329	877	2247
F1240_4	F714_4	350	1251	949	2461
F1240_4	M1458_4	350	1208	796	1988
F1240_4	M2520_4	350	1145	308	808
F1240_4	M683_4	350	1438	964	2427
F1480_4	F103_4	350	1203	197	988
F1480_4	F1240_4	350	1158	424	2109
F1480_4	F2333_4	350	1235	543	2678
F1480_4	F2362_4	350	1171	713	3594
F1480_4	F2677_4	350	1401	1149	5638
F1480_4	F284_4	350	1329	577	2794
F1480_4	F353_4	350	1303	1122	5420
F1480_4	F588_4	350	1128	164	797
F1480_4	F635_4	350	1378	837	4085
F1480_4	F714_4	350	1220	927	4576
F1480_4	M1458_4	350	1366	913	4557
F1480_4	M2520_4	350	1308	326	1580
F1480_4	M683_4	350	1204	851	4342
F2333_4	F103_4	350	1108	146	146
F2333_4	F1240_4	350	1310	390	390
F2333_4	F1480_4	350	1235	500	500
F2333_4	F2362_4	350	1188	664	664
F2333_4	F2677_4	350	1245	975	975
F2333_4	F284_4	350	1244	459	459
F2333_4	F353_4	350	1217	1017	1017
F2333_4	F588_4	350	1227	131	131
F2333_4	F635_4	350	1246	724	724
F2333_4	F714_4	350	1236	862	862
F2333_4	M1458_4	350	1263	753	753
F2333_4	M2520_4	350	1191	207	207
F2333_4	M683_4	350	1332	838	838
F2362_4	F103_4	350	1438	969	969
F2362_4	F1240_4	350	1241	1041	1041
F2362_4	F1480_4	350	1171	1053	1053
F2362_4	F2333_4	350	1188	1053	1053
F2362_4	F2677_4	350	1220	1203	1203
F2362_4	F284_4	350	1178	1059	1059
F2362_4	F353_4	350	1361	1339	1339
F2362_4	F588_4	350	1255	782	782
F2362_4	F635_4	350	1325	1256	1256
F2362_4	F714_4	350	1259	1223	1223
F2362_4	M1458_4	350	1179	1113	1113
F2362_4	M2520_4	350	1274	952	952
F2362_4	M683_4	350	1386	1322	1322
F2677_4	F103_4	350	1364	282	282
F2677_4	F1240_4	350	1180	480	480
F2677_4	F1480_4	350	1401	739	739
F2677_4	F2333_4	350	1245	584	584
F2677_4	F2362_4	350	1220	783	783
F2677_4	F284_4	350	1262	600	600
F2677_4	F353_4	350	1271	1132	1132
F2677_4	F588_4	350	1487	263	263
F2677_4	F635_4	350	1190	827	827
F2677_4	F714_4	350	1354	1072	1072
F2677_4	M1458_4	350	1210	855	855
F2677_4	M2520_4	350	1234	360	360
F2677_4	M683_4	350	1432	1034	1034
F284_4	F103_4	350	1222	87	87
F284_4	F1240_4	350	1210	220	220
F284_4	F1480_4	350	1329	348	348
F284_4	F2333_4	350	1244	315	315
F284_4	F2362_4	350	1178	424	424
F284_4	F2677_4	350	1262	839	839
F284_4	F353_4	350	1198	851	851
F284_4	F588_4	350	1197	92	92
F284_4	F635_4	350	1243	563	563
F284_4	F714_4	350	1189	655	655
F284_4	M1458_4	350	1197	543	543
F284_4	M2520_4	350	1349	144	144
F284_4	M683_4	350	1178	562	562
F353_4	F103_4	350	1197	313	313
F353_4	F1240_4	350	1206	629	629
F353_4	F1480_4	350	1303	852	852
F353_4	F2333_4	350	1217	726	726
F353_4	F2362_4	350	1361	1028	1028
F353_4	F2677_4	350	1271	1165	1165
F353_4	F284_4	350	1198	712	712
F353_4	F588_4	350	1295	302	302
F353_4	F635_4	350	1212	966	966
F353_4	F714_4	350	1160	992	992
F353_4	M1458_4	350	1210	942	942
F353_4	M2520_4	350	1173	484	484
F353_4	M683_4	350	1233	974	974
F588_4	F103_4	350	1295	410	1630
F588_4	F1240_4	350	1184	709	2882
F588_4	F1480_4	350	1128	791	3070
F588_4	F2333_4	350	1227	819	3344
F588_4	F2362_4	350	1255	1015	4028
F588_4	F2677_4	350	1487	1376	5545
F588_4	F284_4	350	1197	792	3215
F588_4	F353_4	350	1295	1220	4934
F588_4	F635_4	350	1146	929	3709
F588_4	F714_4	350	1107	986	3967
F588_4	M1458_4	350	1258	1066	4301
F588_4	M2520_4	350	1262	563	2305
F588_4	M683_4	350	1214	1027	4184
F635_4	F103_4	350	1342	179	303
F635_4	F1240_4	350	1329	431	711
F635_4	F1480_4	350	1378	616	1008
F635_4	F2333_4	350	1246	530	839
F635_4	F2362_4	350	1325	812	1305
F635_4	F2677_4	350	1190	959	1596
F635_4	F284_4	350	1243	482	774
F635_4	F353_4	350	1212	1047	1704
F635_4	F588_4	350	1146	153	241
F635_4	F714_4	350	1148	862	1428
F635_4	M1458_4	350	1333	903	1491
F635_4	M2520_4	350	1259	302	495
F635_4	M683_4	350	1316	847	1405
F714_4	F103_4	350	1404	68	167
F714_4	F1240_4	350	1251	176	438
F714_4	F1480_4	350	1220	261	670
F714_4	F2333_4	350	1236	217	534
F714_4	F2362_4	350	1259	388	950
F714_4	F2677_4	350	1354	770	1863
F714_4	F284_4	350	1189	226	565
F714_4	F353_4	350	1160	756	1768
F714_4	F588_4	350	1107	53	122
F714_4	F635_4	350	1148	419	1047
F714_4	M1458_4	350	1347	515	1259
F714_4	M2520_4	350	1240	109	308
F714_4	M683_4	350	1218	473	1183
M1458_4	F103_4	350	1278	140	140
M1458_4	F1240_4	350	1208	315	315
M1458_4	F1480_4	350	1366	553	553
M1458_4	F2333_4	350	1263	521	521
M1458_4	F2362_4	350	1179	638	638
M1458_4	F2677_4	350	1210	944	944
M1458_4	F284_4	350	1197	438	438
M1458_4	F353_4	350	1210	982	982
M1458_4	F588_4	350	1258	141	141
M1458_4	F635_4	350	1333	789	789
M1458_4	F714_4	350	1347	928	928
M1458_4	M2520_4	350	1267	240	240
M1458_4	M683_4	350	1325	811	811
M2520_4	F103_4	350	1083	41	53
M2520_4	F1240_4	350	1145	122	145
M2520_4	F1480_4	350	1308	239	301
M2520_4	F2333_4	350	1191	176	224
M2520_4	F2362_4	350	1274	324	436
M2520_4	F2677_4	350	1234	649	830
M2520_4	F284_4	350	1349	201	265
M2520_4	F353_4	350	1173	691	847
M2520_4	F588_4	350	1262	48	60
M2520_4	F635_4	350	1259	380	481
M2520_4	F714_4	350	1240	541	689
M2520_4	M1458_4	350	1267	397	497
M2520_4	M683_4	350	1113	334	420
M683_4	F103_4	350	1318	71	71
M683_4	F1240_4	350	1438	222	222
M683_4	F1480_4	350	1204	252	252
M683_4	F2333_4	350	1332	273	273
M683_4	F2362_4	350	1386	425	425
M683_4	F2677_4	350	1432	811	811
M683_4	F284_4	350	1178	220	220
M683_4	F353_4	350	1233	821	821
M683_4	F588_4	350	1214	66	66
M683_4	F635_4	350	1316	471	471
M683_4	F714_4	350	1218	557	557
M683_4	M1458_4	350	1325	498	498
M683_4	M2520_4	350	1113	101	101
F1317_4	F1707_4	351	1244	692	1140
F1317_4	F1716_4	351	1350	217	394
F1317_4	F2257_4	351	1347	853	1425
F1317_4	F2430_4	351	1160	566	966
F1317_4	F2799_4	351	1247	1187	1986
F1317_4	F927_4	351	1283	366	599
F1317_4	F962_4	351	1392	811	1370
F1317_4	M1087_4	351	1388	308	513
F1317_4	M1533_4	351	1170	466	783
F1317_4	M2543_4	351	1208	713	1183
F1317_4	M633_4	351	1129	844	1395
F1317_4	M644_4	351	972	728	1244
F1317_4	M891_4	351	1249	533	908
F1707_4	F1317_4	351	1244	198	198
F1707_4	F1716_4	351	1380	307	307
F1707_4	F2257_4	351	1230	854	854
F1707_4	F2430_4	351	1097	647	647
F1707_4	F2799_4	351	1407	1374	1374
F1707_4	F927_4	351	1278	427	427
F1707_4	F962_4	351	1344	944	944
F1707_4	M1087_4	351	1145	346	346
F1707_4	M1533_4	351	1288	557	557
F1707_4	M2543_4	351	1373	964	964
F1707_4	M633_4	351	1432	1157	1157
F1707_4	M644_4	351	1300	1021	1021
F1707_4	M891_4	351	1247	640	640
F1716_4	F1317_4	351	1350	1141	1141
F1716_4	F1707_4	351	1380	1362	1362
F1716_4	F2257_4	351	1330	1320	1320
F1716_4	F2430_4	351	1251	1230	1230
F1716_4	F2799_4	351	1229	1228	1228
F1716_4	F927_4	351	1211	1136	1136
F1716_4	F962_4	351	1342	1321	1321
F1716_4	M1087_4	351	1292	1204	1204
F1716_4	M1533_4	351	1330	1288	1288
F1716_4	M2543_4	351	1244	1231	1231
F1716_4	M633_4	351	1498	1489	1489
F1716_4	M644_4	351	1131	1127	1127
F1716_4	M891_4	351	1352	1307	1307
F2257_4	F1317_4	351	1347	10	23
F2257_4	F1707_4	351	1230	159	392
F2257_4	F1716_4	351	1330	25	66
F2257_4	F2430_4	351	1125	104	244
F2257_4	F2799_4	351	1245	902	2238
F2257_4	F927_4	351	1180	41	99
F2257_4	F962_4	351	1201	143	336
F2257_4	M1087_4	351	1174	30	87
F2257_4	M1533_4	351	1216	82	205
F2257_4	M2543_4	351	1306	188	433
F2257_4	M633_4	351	1213	250	600
F2257_4	M644_4	351	1310	305	748
F2257_4	M891_4	351	1142	80	192
F2430_4	F1317_4	351	1160	334	334
F2430_4	F1707_4	351	1097	870	870
F2430_4	F1716_4	351	1251	437	437
F2430_4	F2257_4	351	1125	931	931
F2430_4	F2799_4	351	1206	1192	1192
F2430_4	F927_4	351	1114	583	583
F2430_4	F962_4	351	1400	1156	1156
F2430_4	M1087_4	351	1331	610	610
F2430_4	M1533_4	351	1302	821	821
F2430_4	M2543_4	351	1194	1002	1002
F2430_4	M633_4	351	1232	1108	1108
F2430_4	M644_4	351	1246	1113	1113
F2430_4	M891_4	351	1318	890	890
F2799_4	F1317_4	351	1247	618	2089
F2799_4	F1707_4	351	1407	1269	4332
F2799_4	F1716_4	351	1229	721	2437
F2799_4	F2257_4	351	1245	1167	3874
F2799_4	F2430_4	351	1206	1072	3552
F2799_4	F927_4	351	1165	871	2994
F2799_4	F962_4	351	1204	1094	3685
F2799_4	M1087_4	351	1343	899	2925
F2799_4	M1533_4	351	1247	1017	3432
F2799_4	M2543_4	351	1276	1178	3917
F2799_4	M633_4	351	1155	1107	3743
F2799_4	M644_4	351	1346	1302	4296
F2799_4	M891_4	351	1288	1086	3613
F927_4	F1317_4	351	1283	39	72
F927_4	F1707_4	351	1278	327	684
F927_4	F1716_4	351	1211	56	103
F927_4	F2257_4	351	1180	348	723
F927_4	F2430_4	351	1114	226	445
F927_4	F2799_4	351	1165	991	1933
F927_4	F962_4	351	1155	314	624
F927_4	M1087_4	351	1221	82	176
F927_4	M1533_4	351	1183	158	305
F927_4	M2543_4	351	1284	367	756
F927_4	M633_4	351	1417	604	1177
F927_4	M644_4	351	1271	512	1035
F927_4	M891_4	351	1323	184	395
F962_4	F1317_4	351	1392	37	37
F962_4	F1707_4	351	1344	370	370
F962_4	F1716_4	351	1342	83	83
F962_4	F2257_4	351	1201	400	400
F962_4	F2430_4	351	1400	309	309
F962_4	F2799_4	351	1204	1050	1050
F962_4	F927_4	351	1155	135	135
F962_4	M1087_4	351	1216	87	87
F962_4	M1533_4	351	1229	189	189
F962_4	M2543_4	351	1381	412	412
F962_4	M633_4	351	1281	565	565
F962_4	M644_4	351	1290	576	576
F962_4	M891_4	351	1255	223	223
M1087_4	F1317_4	351	1388	160	237
M1087_4	F1707_4	351	1145	660	989
M1087_4	F1716_4	351	1292	203	296
M1087_4	F2257_4	351	1174	730	1075
M1087_4	F2430_4	351	1331	652	981
M1087_4	F2799_4	351	1343	1286	1877
M1087_4	F927_4	351	1221	350	526
M1087_4	F962_4	351	1216	755	1124
M1087_4	M1533_4	351	1260	445	633
M1087_4	M2543_4	351	1333	804	1220
M1087_4	M633_4	351	1256	923	1397
M1087_4	M644_4	351	1219	930	1374
M1087_4	M891_4	351	1176	484	704
M1533_4	F1317_4	351	1170	559	1299
M1533_4	F1707_4	351	1288	1150	2587
M1533_4	F1716_4	351	1330	672	1523
M1533_4	F2257_4	351	1216	1094	2516
M1533_4	F2430_4	351	1302	1134	2605
M1533_4	F2799_4	351	1247	1238	2793
M1533_4	F927_4	351	1183	836	1973
M1533_4	F962_4	351	1229	1123	2653
M1533_4	M1087_4	351	1260	771	1732
M1533_4	M2543_4	351	1197	1086	2572
M1533_4	M633_4	351	1285	1208	2745
M1533_4	M644_4	351	1500	1415	3258
M1533_4	M891_4	351	1178	951	2237
M2543_4	F1317_4	351	1208	414	414
M2543_4	F1707_4	351	1373	1163	1163
M2543_4	F1716_4	351	1244	552	552
M2543_4	F2257_4	351	1306	1125	1125
M2543_4	F2430_4	351	1194	962	962
M2543_4	F2799_4	351	1276	1269	1269
M2543_4	F927_4	351	1284	783	783
M2543_4	F962_4	351	1381	1193	1193
M2543_4	M1087_4	351	1333	707	707
M2543_4	M1533_4	351	1197	827	827
M2543_4	M633_4	351	1335	1231	1231
M2543_4	M644_4	351	1260	1170	1170
M2543_4	M891_4	351	1134	848	848
M633_4	F1317_4	351	1129	141	141
M633_4	F1707_4	351	1432	876	876
M633_4	F1716_4	351	1498	291	291
M633_4	F2257_4	351	1213	799	799
M633_4	F2430_4	351	1232	680	680
M633_4	F2799_4	351	1155	1097	1097
M633_4	F927_4	351	1417	439	439
M633_4	F962_4	351	1281	814	814
M633_4	M1087_4	351	1256	273	273
M633_4	M1533_4	351	1285	536	536
M633_4	M2543_4	351	1335	876	876
M633_4	M644_4	351	1110	860	860
M633_4	M891_4	351	1271	580	580
M644_4	F1317_4	351	972	731	1440
M644_4	F1707_4	351	1300	1249	2489
M644_4	F1716_4	351	1131	905	1813
M644_4	F2257_4	351	1310	1265	2541
M644_4	F2430_4	351	1246	1186	2362
M644_4	F2799_4	351	1346	1342	2642
M644_4	F927_4	351	1271	1119	2248
M644_4	F962_4	351	1290	1262	2533
M644_4	M1087_4	351	1219	1058	2077
M644_4	M1533_4	351	1500	1383	2718
M644_4	M2543_4	351	1260	1226	2402
M644_4	M633_4	351	1110	1086	2103
M644_4	M891_4	351	1241	1180	2325
M891_4	F1317_4	351	1249	835	2886
M891_4	F1707_4	351	1247	1185	4067
M891_4	F1716_4	351	1352	1019	3538
M891_4	F2257_4	351	1142	1103	3783
M891_4	F2430_4	351	1318	1237	4164
M891_4	F2799_4	351	1288	1284	4454
M891_4	F927_4	351	1323	1121	3919
M891_4	F962_4	351	1255	1201	4161
M891_4	M1087_4	351	1176	978	3361
M891_4	M1533_4	351	1178	1066	3594
M891_4	M2543_4	351	1134	1069	3697
M891_4	M633_4	351	1271	1244	4275
M891_4	M644_4	351	1241	1220	4129
F1138_4	F1270_4	352	1323	533	630
F1138_4	F135_4	352	1238	934	1141
F1138_4	F2128_4	352	1368	226	271
F1138_4	F395_4	352	1131	372	456
F1138_4	F475_4	352	1283	469	555
F1138_4	F864_4	352	1271	209	242
F1138_4	M1365_4	352	1283	19	22
F1138_4	M1385_4	352	1313	1088	1294
F1138_4	M1418_4	352	1251	271	318
F1138_4	M1759_4	352	1049	579	702
F1138_4	M2774_4	352	1258	273	335
F1138_4	M555_4	352	1291	348	411
F1138_4	M714_4	352	1265	108	134
F1270_4	F1138_4	352	1323	318	318
F1270_4	F135_4	352	1205	1158	1158
F1270_4	F2128_4	352	1173	701	701
F1270_4	F395_4	352	1336	1068	1068
F1270_4	F475_4	352	1223	1013	1013
F1270_4	F864_4	352	1154	700	700
F1270_4	M1365_4	352	1274	147	147
F1270_4	M1385_4	352	1117	1078	1078
F1270_4	M1418_4	352	1283	866	866
F1270_4	M1759_4	352	1409	1282	1282
F1270_4	M2774_4	352	1223	840	840
F1270_4	M555_4	352	1115	851	851
F1270_4	M714_4	352	1244	558	558
F135_4	F1138_4	352	1238	244	362
F135_4	F1270_4	352	1205	937	1390
F135_4	F2128_4	352	1240	665	1005
F135_4	F395_4	352	1142	843	1277
F135_4	F475_4	352	1216	932	1427
F135_4	F864_4	352	1117	573	856
F135_4	M1365_4	352	1242	87	131
F135_4	M1385_4	352	1211	1166	1732
F135_4	M1418_4	352	1200	738	1119
F135_4	M1759_4	352	1296	1137	1707
F135_4	M2774_4	352	1297	836	1243
F135_4	M555_4	352	1165	788	1193
F135_4	M714_4	352	1431	506	758
F2128_4	F1138_4	352	1368	432	806
F2128_4	F1270_4	352	1173	1053	1906
F2128_4	F135_4	352	1240	1207	2193
F2128_4	F395_4	352	1108	944	1731
F2128_4	F475_4	352	1263	1115	2024
F2128_4	F864_4	352	1332	910	1643
F2128_4	M1365_4	352	1295	217	383
F2128_4	M1385_4	352	1279	1253	2305
F2128_4	M1418_4	352	1317	1032	1914
F2128_4	M1759_4	352	1355	1247	2267
F2128_4	M2774_4	352	1338	1046	1932
F2128_4	M555_4	352	1294	1070	1973
F2128_4	M714_4	352	1197	647	1208
F395_4	F1138_4	352	1131	58	79
F395_4	F1270_4	352	1336	665	903
F395_4	F135_4	352	1142	950	1326
F395_4	F2128_4	352	1108	282	401
F395_4	F475_4	352	1282	615	866
F395_4	F864_4	352	1285	308	423
F395_4	M1365_4	352	1444	36	49
F395_4	M1385_4	352	1298	1106	1572
F395_4	M1418_4	352	1462	435	588
F395_4	M1759_4	352	1239	801	1100
F395_4	M2774_4	352	1166	350	513
F395_4	M555_4	352	1167	426	571
F395_4	M714_4	352	1138	137	204
F475_4	F1138_4	352	1283	60	98
F475_4	F1270_4	352	1223	570	950
F475_4	F135_4	352	1216	983	1682
F475_4	F2128_4	352	1263	257	443
F475_4	F395_4	352	1282	522	874
F475_4	F864_4	352	1266	242	403
F475_4	M1365_4	352	1364	30	49
F475_4	M1385_4	352	1066	894	1501
F475_4	M1418_4	352	1236	318	543
F475_4	M1759_4	352	1214	756	1233
F475_4	M2774_4	352	1207	324	540
F475_4	M555_4	352	1208	394	659
F475_4	M714_4	352	1297	144	234
F864_4	F1138_4	352	1271	184	184
F864_4	F1270_4	352	1154	821	821
F864_4	F135_4	352	1117	1031	1031
F864_4	F2128_4	352	1332	578	578
F864_4	F395_4	352	1285	842	842
F864_4	F475_4	352	1266	901	901
F864_4	M1365_4	352	1233	90	90
F864_4	M1385_4	352	1200	1130	1130
F864_4	M1418_4	352	1238	660	660
F864_4	M1759_4	352	1173	961	961
F864_4	M2774_4	352	1261	697	697
F864_4	M555_4	352	1282	799	799
F864_4	M714_4	352	1277	368	368
M1365_4	F1138_4	352	1283	186	306
M1365_4	F1270_4	352	1274	954	1580
M1365_4	F135_4	352	1242	1163	1923
M1365_4	F2128_4	352	1295	625	1014
M1365_4	F395_4	352	1444	1009	1633
M1365_4	F475_4	352	1364	990	1620
M1365_4	F864_4	352	1233	554	882
M1365_4	M1385_4	352	1183	1129	1790
M1365_4	M1418_4	352	1268	733	1218
M1365_4	M1759_4	352	1164	986	1645
M1365_4	M2774_4	352	1249	714	1176
M1365_4	M555_4	352	1295	820	1341
M1365_4	M714_4	352	1171	376	614
M1385_4	F1138_4	352	1313	751	1545
M1385_4	F1270_4	352	1117	1064	2204
M1385_4	F135_4	352	1211	1200	2469
M1385_4	F2128_4	352	1279	1099	2299
M1385_4	F395_4	352	1298	1208	2506
M1385_4	F475_4	352	1066	1002	2099
M1385_4	F864_4	352	1200	1037	2213
M1385_4	M1365_4	352	1183	379	768
M1385_4	M1418_4	352	1350	1196	2518
M1385_4	M1759_4	352	1259	1235	2532
M1385_4	M2774_4	352	1160	1051	2155
M1385_4	M555_4	352	1388	1280	2562
M1385_4	M714_4	352	1180	894	1877
M1418_4	F1138_4	352	1251	129	222
M1418_4	F1270_4	352	1283	848	1505
M1418_4	F135_4	352	1200	1093	1919
M1418_4	F2128_4	352	1317	536	924
M1418_4	F395_4	352	1462	867	1549
M1418_4	F475_4	352	1236	800	1471
M1418_4	F864_4	352	1238	443	811
M1418_4	M1365_4	352	1268	56	91
M1418_4	M1385_4	352	1350	1267	2206
M1418_4	M1759_4	352	1145	909	1624
M1418_4	M2774_4	352	1266	593	1025
M1418_4	M555_4	352	1214	653	1107
M1418_4	M714_4	352	1206	290	505
M1759_4	F1138_4	352	1049	479	1605
M1759_4	F1270_4	352	1409	1311	4433
M1759_4	F135_4	352	1296	1277	4320
M1759_4	F2128_4	352	1355	1100	3775
M1759_4	F395_4	352	1239	1132	3887
M1759_4	F475_4	352	1214	1116	3754
M1759_4	F864_4	352	1173	932	3223
M1759_4	M1365_4	352	1164	287	1000
M1759_4	M1385_4	352	1259	1244	4164
M1759_4	M1418_4	352	1145	957	3272
M1759_4	M2774_4	352	1276	1107	3783
M1759_4	M555_4	352	1378	1224	4057
M1759_4	M714_4	352	1288	881	2966
M2774_4	F1138_4	352	1258	436	436
M2774_4	F1270_4	352	1223	1104	1104
M2774_4	F135_4	352	1297	1272	1272
M2774_4	F2128_4	352	1338	998	998
M2774_4	F395_4	352	1166	1007	1007
M2774_4	F475_4	352	1207	1072	1072
M2774_4	F864_4	352	1261	913	913
M2774_4	M1365_4	352	1249	215	215
M2774_4	M1385_4	352	1160	1135	1135
M2774_4	M1418_4	352	1266	992	992
M2774_4	M1759_4	352	1276	1207	1207
M2774_4	M555_4	352	1296	1101	1101
M2774_4	M714_4	352	1261	716	716
M555_4	F1138_4	352	1291	301	451
M555_4	F1270_4	352	1115	946	1405
M555_4	F135_4	352	1165	1121	1644
M555_4	F2128_4	352	1294	806	1160
M555_4	F395_4	352	1167	898	1376
M555_4	F475_4	352	1208	984	1432
M555_4	F864_4	352	1282	777	1151
M555_4	M1365_4	352	1295	138	217
M555_4	M1385_4	352	1388	1346	1986
M555_4	M1418_4	352	1214	842	1248
M555_4	M1759_4	352	1378	1242	1854
M555_4	M2774_4	352	1296	893	1315
M555_4	M714_4	352	1294	568	850
M714_4	F1138_4	352	1265	115	206
M714_4	F1270_4	352	1244	681	1316
M714_4	F135_4	352	1431	1222	2373
M714_4	F2128_4	352	1197	324	647
M714_4	F395_4	352	1138	552	1075
M714_4	F475_4	352	1297	705	1336
M714_4	F864_4	352	1277	385	745
M714_4	M1365_4	352	1171	34	69
M714_4	M1385_4	352	1180	1068	2068
M714_4	M1418_4	352	1206	417	836
M714_4	M1759_4	352	1288	920	1759
M714_4	M2774_4	352	1261	461	880
M714_4	M555_4	352	1294	576	1099
F1060_4	F1066_4	353	1256	48	131
F1060_4	F1212_4	353	1401	99	278
F1060_4	F1584_4	353	1222	469	1352
F1060_4	F1986_4	353	1461	169	460
F1060_4	F234_4	353	1261	68	186
F1060_4	F2478_4	353	1294	859	2302
F1060_4	F512_4	353	1283	969	2605
F1060_4	F678_4	353	1162	997	2784
F1060_4	F687_4	353	1230	292	784
F1060_4	M1397_4	353	1287	116	311
F1060_4	M2475_4	353	1219	182	512
F1060_4	M78_4	353	1245	201	572
F1060_4	M976_4	353	1303	231	625
F1066_4	F1060_4	353	1256	64	219
F1066_4	F1212_4	353	1233	79	290
F1066_4	F1584_4	353	1313	422	1438
F1066_4	F1986_4	353	1256	120	408
F1066_4	F234_4	353	1283	47	189
F1066_4	F2478_4	353	1326	769	2805
F1066_4	F512_4	353	1188	834	2963
F1066_4	F678_4	353	1389	1186	4158
F1066_4	F687_4	353	1427	275	962
F1066_4	M1397_4	353	1318	85	282
F1066_4	M2475_4	353	1412	161	599
F1066_4	M78_4	353	1360	179	644
F1066_4	M976_4	353	1236	208	736
F1212_4	F1060_4	353	1401	220	220
F1212_4	F1066_4	353	1233	124	124
F1212_4	F1584_4	353	1284	803	803
F1212_4	F1986_4	353	1125	261	261
F1212_4	F234_4	353	1510	194	194
F1212_4	F2478_4	353	1174	964	964
F1212_4	F512_4	353	1349	1215	1215
F1212_4	F678_4	353	1321	1247	1247
F1212_4	F687_4	353	1266	562	562
F1212_4	M1397_4	353	1348	270	270
F1212_4	M2475_4	353	1311	391	391
F1212_4	M78_4	353	1250	391	391
F1212_4	M976_4	353	1240	508	508
F1584_4	F1060_4	353	1222	27	41
F1584_4	F1066_4	353	1313	21	30
F1584_4	F1212_4	353	1284	34	50
F1584_4	F1986_4	353	1148	53	77
F1584_4	F234_4	353	1240	28	42
F1584_4	F2478_4	353	1230	528	779
F1584_4	F512_4	353	1259	714	1112
F1584_4	F678_4	353	1302	973	1486
F1584_4	F687_4	353	1219	119	172
F1584_4	M1397_4	353	1302	34	43
F1584_4	M2475_4	353	1294	98	159
F1584_4	M78_4	353	1264	110	172
F1584_4	M976_4	353	1295	127	202
F1986_4	F1060_4	353	1461	191	191
F1986_4	F1066_4	353	1256	114	114
F1986_4	F1212_4	353	1125	173	173
F1986_4	F1584_4	353	1148	690	690
F1986_4	F234_4	353	1402	165	165
F1986_4	F2478_4	353	1218	983	983
F1986_4	F512_4	353	1404	1238	1238
F1986_4	F678_4	353	1228	1149	1149
F1986_4	F687_4	353	1324	533	533
F1986_4	M1397_4	353	1294	259	259
F1986_4	M2475_4	353	1275	360	360
F1986_4	M78_4	353	1165	340	340
F1986_4	M976_4	353	1286	488	488
F234_4	F1060_4	353	1261	376	376
F234_4	F1066_4	353	1283	262	262
F234_4	F1212_4	353	1510	444	444
F234_4	F1584_4	353	1240	967	967
F234_4	F1986_4	353	1402	595	595
F234_4	F2478_4	353	1316	1193	1193
F234_4	F512_4	353	1251	1195	1195
F234_4	F678_4	353	1260	1234	1234
F234_4	F687_4	353	1114	692	692
F234_4	M1397_4	353	1222	463	463
F234_4	M2475_4	353	1214	614	614
F234_4	M78_4	353	1352	724	724
F234_4	M976_4	353	1303	782	782
F2478_4	F1060_4	353	1294	51	51
F2478_4	F1066_4	353	1326	27	27
F2478_4	F1212_4	353	1174	53	53
F2478_4	F1584_4	353	1230	338	338
F2478_4	F1986_4	353	1218	87	87
F2478_4	F234_4	353	1316	53	53
F2478_4	F512_4	353	1416	946	946
F2478_4	F678_4	353	1237	1016	1016
F2478_4	F687_4	353	1266	195	195
F2478_4	M1397_4	353	1242	83	83
F2478_4	M2475_4	353	1262	130	130
F2478_4	M78_4	353	1338	167	167
F2478_4	M976_4	353	1293	184	184
F512_4	F1060_4	353	1283	161	292
F512_4	F1066_4	353	1188	102	191
F512_4	F1212_4	353	1349	206	378
F512_4	F1584_4	353	1259	737	1405
F512_4	F1986_4	353	1404	331	611
F512_4	F234_4	353	1251	146	272
F512_4	F2478_4	353	1416	1109	2049
F512_4	F678_4	353	1163	1092	2015
F512_4	F687_4	353	1112	463	891
F512_4	M1397_4	353	1271	241	432
F512_4	M2475_4	353	1305	378	715
F512_4	M78_4	353	1374	414	765
F512_4	M976_4	353	1357	484	902
F678_4	F1060_4	353	1162	1016	1506
F678_4	F1066_4	353	1389	1157	1686
F678_4	F1212_4	353	1321	1172	1733
F678_4	F1584_4	353	1302	1282	1891
F678_4	F1986_4	353	1228	1141	1723
F678_4	F234_4	353	1260	1065	1580
F678_4	F2478_4	353	1237	1227	1814
F678_4	F512_4	353	1163	1160	1700
F678_4	F687_4	353	1222	1189	1761
F678_4	M1397_4	353	1240	1131	1654
F678_4	M2475_4	353	1137	1071	1580
F678_4	M78_4	353	1386	1334	1954
F678_4	M976_4	353	1265	1216	1826
F687_4	F1060_4	353	1230	864	864
F687_4	F1066_4	353	1427	781	781
F687_4	F1212_4	353	1266	901	901
F687_4	F1584_4	353	1219	1156	1156
F687_4	F1986_4	353	1324	1041	1041
F687_4	F234_4	353	1114	707	707
F687_4	F2478_4	353	1266	1244	1244
F687_4	F512_4	353	1112	1104	1104
F687_4	F678_4	353	1222	1216	1216
F687_4	M1397_4	353	1245	934	934
F687_4	M2475_4	353	1276	1056	1056
F687_4	M78_4	353	1183	1022	1022
F687_4	M976_4	353	1365	1213	1213
M1397_4	F1060_4	353	1287	465	653
M1397_4	F1066_4	353	1318	348	504
M1397_4	F1212_4	353	1348	515	754
M1397_4	F1584_4	353	1302	1129	1599
M1397_4	F1986_4	353	1294	669	924
M1397_4	F234_4	353	1222	376	535
M1397_4	F2478_4	353	1242	1148	1605
M1397_4	F512_4	353	1271	1231	1755
M1397_4	F678_4	353	1240	1225	1695
M1397_4	F687_4	353	1245	890	1241
M1397_4	M2475_4	353	1227	696	965
M1397_4	M78_4	353	1285	758	1080
M1397_4	M976_4	353	1232	849	1209
M2475_4	F1060_4	353	1219	13	13
M2475_4	F1066_4	353	1412	10	10
M2475_4	F1212_4	353	1311	16	16
M2475_4	F1584_4	353	1294	128	128
M2475_4	F1986_4	353	1275	28	28
M2475_4	F234_4	353	1214	13	13
M2475_4	F2478_4	353	1262	342	342
M2475_4	F512_4	353	1305	463	463
M2475_4	F678_4	353	1137	614	614
M2475_4	F687_4	353	1276	65	65
M2475_4	M1397_4	353	1227	19	19
M2475_4	M78_4	353	1201	33	33
M2475_4	M976_4	353	1154	49	49
M78_4	F1060_4	353	1245	360	360
M78_4	F1066_4	353	1360	276	276
M78_4	F1212_4	353	1250	391	391
M78_4	F1584_4	353	1264	997	997
M78_4	F1986_4	353	1165	501	501
M78_4	F234_4	353	1352	336	336
M78_4	F2478_4	353	1338	1218	1218
M78_4	F512_4	353	1374	1302	1302
M78_4	F678_4	353	1386	1363	1363
M78_4	F687_4	353	1183	748	748
M78_4	M1397_4	353	1285	479	479
M78_4	M2475_4	353	1201	598	598
M78_4	M976_4	353	1073	636	636
M976_4	F1060_4	353	1303	201	306
M976_4	F1066_4	353	1236	116	168
M976_4	F1212_4	353	1240	215	311
M976_4	F1584_4	353	1295	828	1217
M976_4	F1986_4	353	1286	325	498
M976_4	F234_4	353	1303	163	241
M976_4	F2478_4	353	1293	1075	1592
M976_4	F512_4	353	1357	1219	1818
M976_4	F678_4	353	1265	1214	1821
M976_4	F687_4	353	1365	604	871
M976_4	M1397_4	353	1232	268	386
M976_4	M2475_4	353	1154	360	535
M976_4	M78_4	353	1073	367	580
F1123_4	F1163_4	354	1287	1203	2173
F1123_4	F1636_4	354	1206	1180	2117
F1123_4	F1743_4	354	1103	953	1691
F1123_4	F1803_4	354	1140	1134	1927
F1123_4	F426_4	354	1215	1110	1962
F1123_4	F549_4	354	1387	1382	2477
F1123_4	F563_4	354	1285	1246	2107
F1123_4	F783_4	354	1326	1298	2295
F1123_4	F953_4	354	1252	893	1586
F1123_4	M129_4	354	1242	912	1599
F1123_4	M1831_4	354	1298	1049	1880
F1123_4	M2209_4	354	1278	1185	2062
F1123_4	M790_4	354	1172	1098	1951
F1163_4	F1123_4	354	1287	38	38
F1163_4	F1636_4	354	1130	802	802
F1163_4	F1743_4	354	1352	242	242
F1163_4	F1803_4	354	1317	1006	1006
F1163_4	F426_4	354	1259	332	332
F1163_4	F549_4	354	1291	1193	1193
F1163_4	F563_4	354	1159	635	635
F1163_4	F783_4	354	1078	703	703
F1163_4	F953_4	354	1196	106	106
F1163_4	M129_4	354	1254	131	131
F1163_4	M1831_4	354	1315	172	172
F1163_4	M2209_4	354	1289	372	372
F1163_4	M790_4	354	1265	462	462
F1636_4	F1123_4	354	1206	177	177
F1636_4	F1163_4	354	1130	809	809
F1636_4	F1743_4	354	1145	611	611
F1636_4	F1803_4	354	1272	1195	1195
F1636_4	F426_4	354	1380	870	870
F1636_4	F549_4	354	1291	1280	1280
F1636_4	F563_4	354	1415	1204	1204
F1636_4	F783_4	354	1315	1224	1224
F1636_4	F953_4	354	1282	419	419
F1636_4	M129_4	354	1325	481	481
F1636_4	M1831_4	354	1294	574	574
F1636_4	M2209_4	354	1345	878	878
F1636_4	M790_4	354	1269	970	970
F1743_4	F1123_4	354	1103	5	5
F1743_4	F1163_4	354	1352	175	175
F1743_4	F1636_4	354	1145	487	487
F1743_4	F1803_4	354	1292	648	648
F1743_4	F426_4	354	1270	129	129
F1743_4	F549_4	354	1265	975	975
F1743_4	F563_4	354	1278	301	301
F1743_4	F783_4	354	1311	510	510
F1743_4	F953_4	354	1322	30	30
F1743_4	M129_4	354	1292	37	37
F1743_4	M1831_4	354	1305	50	50
F1743_4	M2209_4	354	1459	185	185
F1743_4	M790_4	354	1289	190	190
F1803_4	F1123_4	354	1140	11	15
F1803_4	F1163_4	354	1317	213	266
F1803_4	F1636_4	354	1272	574	742
F1803_4	F1743_4	354	1292	100	116
F1803_4	F426_4	354	1344	141	169
F1803_4	F549_4	354	1246	1024	1318
F1803_4	F563_4	354	1304	394	477
F1803_4	F783_4	354	1309	552	690
F1803_4	F953_4	354	1492	42	53
F1803_4	M129_4	354	1273	55	69
F1803_4	M1831_4	354	1191	60	72
F1803_4	M2209_4	354	1330	189	247
F1803_4	M790_4	354	1288	238	288
F426_4	F1123_4	354	1215	33	54
F426_4	F1163_4	354	1259	512	779
F426_4	F1636_4	354	1380	1025	1540
F426_4	F1743_4	354	1270	270	387
F426_4	F1803_4	354	1344	1089	1588
F426_4	F549_4	354	1205	1137	1682
F426_4	F563_4	354	1200	732	1083
F426_4	F783_4	354	1222	905	1378
F426_4	F953_4	354	1246	140	211
F426_4	M129_4	354	1236	150	212
F426_4	M1831_4	354	1330	202	308
F426_4	M2209_4	354	1374	486	721
F426_4	M790_4	354	1351	573	858
F549_4	F1123_4	354	1387	204	204
F549_4	F1163_4	354	1291	907	907
F549_4	F1636_4	354	1291	1186	1186
F549_4	F1743_4	354	1265	652	652
F549_4	F1803_4	354	1246	1166	1166
F549_4	F426_4	354	1205	761	761
F549_4	F563_4	354	1303	1137	1137
F549_4	F783_4	354	1240	1142	1142
F549_4	F953_4	354	1379	433	433
F549_4	M129_4	354	1298	438	438
F549_4	M1831_4	354	1250	563	563
F549_4	M2209_4	354	1343	911	911
F549_4	M790_4	354	1101	839	839
F563_4	F1123_4	354	1285	20	20
F563_4	F1163_4	354	1159	212	212
F563_4	F1636_4	354	1415	775	775
F563_4	F1743_4	354	1278	141	141
F563_4	F1803_4	354	1304	825	825
F563_4	F426_4	354	1200	180	180
F563_4	F549_4	354	1303	1135	1135
F563_4	F783_4	354	1336	695	695
F563_4	F953_4	354	1282	54	54
F563_4	M129_4	354	1328	72	72
F563_4	M1831_4	354	1201	79	79
F563_4	M2209_4	354	1142	201	201
F563_4	M790_4	354	1325	322	322
F783_4	F1123_4	354	1326	152	152
F783_4	F1163_4	354	1078	733	733
F783_4	F1636_4	354	1315	1206	1206
F783_4	F1743_4	354	1311	664	664
F783_4	F1803_4	354	1309	1216	1216
F783_4	F426_4	354	1222	736	736
F783_4	F549_4	354	1240	1216	1216
F783_4	F563_4	354	1336	1111	1111
F783_4	F953_4	354	1089	353	353
F783_4	M129_4	354	1270	422	422
F783_4	M1831_4	354	1361	540	540
F783_4	M2209_4	354	1233	802	802
F783_4	M790_4	354	1215	859	859
F953_4	F1123_4	354	1252	145	280
F953_4	F1163_4	354	1196	760	1424
F953_4	F1636_4	354	1282	1154	2143
F953_4	F1743_4	354	1322	591	1113
F953_4	F1803_4	354	1492	1375	2614
F953_4	F426_4	354	1246	698	1332
F953_4	F549_4	354	1379	1358	2542
F953_4	F563_4	354	1282	1048	1958
F953_4	F783_4	354	1089	945	1749
F953_4	M129_4	354	1263	351	650
F953_4	M1831_4	354	1363	494	914
F953_4	M2209_4	354	1276	775	1408
F953_4	M790_4	354	1261	858	1646
M129_4	F1123_4	354	1242	8	8
M129_4	F1163_4	354	1254	94	94
M129_4	F1636_4	354	1325	341	341
M129_4	F1743_4	354	1292	36	36
M129_4	F1803_4	354	1273	408	408
M129_4	F426_4	354	1236	61	61
M129_4	F549_4	354	1298	837	837
M129_4	F563_4	354	1328	208	208
M129_4	F783_4	354	1270	307	307
M129_4	F953_4	354	1263	24	24
M129_4	M1831_4	354	1379	33	33
M129_4	M2209_4	354	1141	63	63
M129_4	M790_4	354	1409	118	118
M1831_4	F1123_4	354	1298	51	182
M1831_4	F1163_4	354	1315	421	1586
M1831_4	F1636_4	354	1294	917	3492
M1831_4	F1743_4	354	1305	240	937
M1831_4	F1803_4	354	1191	931	3415
M1831_4	F426_4	354	1330	358	1343
M1831_4	F549_4	354	1250	1150	4256
M1831_4	F563_4	354	1201	658	2452
M1831_4	F783_4	354	1361	949	3562
M1831_4	F953_4	354	1363	96	347
M1831_4	M129_4	354	1379	126	509
M1831_4	M2209_4	354	1234	346	1324
M1831_4	M790_4	354	1369	542	1983
M2209_4	F1123_4	354	1278	12	38
M2209_4	F1163_4	354	1289	144	424
M2209_4	F1636_4	354	1345	501	1537
M2209_4	F1743_4	354	1459	81	254
M2209_4	F1803_4	354	1330	594	1799
M2209_4	F426_4	354	1374	115	366
M2209_4	F549_4	354	1343	1056	3199
M2209_4	F563_4	354	1142	269	849
M2209_4	F783_4	354	1233	424	1257
M2209_4	F953_4	354	1276	33	106
M2209_4	M129_4	354	1141	28	95
M2209_4	M1831_4	354	1234	46	124
M2209_4	M790_4	354	1357	183	577
M790_4	F1123_4	354	1172	247	622
M790_4	F1163_4	354	1265	1016	2712
M790_4	F1636_4	354	1269	1205	3107
M790_4	F1743_4	354	1289	840	2165
M790_4	F1803_4	354	1288	1249	3214
M790_4	F426_4	354	1351	995	2524
M790_4	F549_4	354	1101	1089	2839
M790_4	F563_4	354	1325	1199	3182
M790_4	F783_4	354	1215	1153	2970
M790_4	F953_4	354	1261	527	1370
M790_4	M129_4	354	1409	677	1744
M790_4	M1831_4	354	1369	755	1962
M790_4	M2209_4	354	1357	1092	2741
F130_4	F1424_4	355	1230	1193	1193
F130_4	F1441_4	355	1342	1110	1110
F130_4	F1537_4	355	1228	1170	1170
F130_4	F2534_4	355	1316	1315	1315
F130_4	F416_4	355	1206	782	782
F130_4	F950_4	355	1169	1110	1110
F130_4	M1348_4	355	1237	1122	1122
F130_4	M1549_4	355	1172	767	767
F130_4	M2122_4	355	1277	364	364
F130_4	M2329_4	355	1205	700	700
F130_4	M2670_4	355	1362	1176	1176
F130_4	M376_4	355	1203	1113	1113
F130_4	M743_4	355	1280	1149	1149
F1424_4	F130_4	355	1230	604	1407
F1424_4	F1441_4	355	1241	731	1721
F1424_4	F1537_4	355	1355	1155	2615
F1424_4	F2534_4	355	1133	1119	2628
F1424_4	F416_4	355	1232	404	898
F1424_4	F950_4	355	1281	1085	2460
F1424_4	M1348_4	355	1316	975	2261
F1424_4	M1549_4	355	1281	484	1155
F1424_4	M2122_4	355	1216	159	340
F1424_4	M2329_4	355	1358	406	949
F1424_4	M2670_4	355	1237	811	1849
F1424_4	M376_4	355	1409	1097	2578
F1424_4	M743_4	355	1321	921	2119
F1441_4	F130_4	355	1342	1138	1380
F1441_4	F1424_4	355	1241	1215	1445
F1441_4	F1537_4	355	1232	1191	1425
F1441_4	F2534_4	355	1234	1232	1479
F1441_4	F416_4	355	1318	970	1144
F1441_4	F950_4	355	1298	1249	1477
F1441_4	M1348_4	355	1384	1306	1535
F1441_4	M1549_4	355	1264	976	1140
F1441_4	M2122_4	355	1340	562	665
F1441_4	M2329_4	355	1191	829	974
F1441_4	M2670_4	355	1271	1171	1392
F1441_4	M376_4	355	1352	1276	1517
F1441_4	M743_4	355	1269	1190	1403
F1537_4	F130_4	355	1228	656	1358
F1537_4	F1424_4	355	1355	1231	2564
F1537_4	F1441_4	355	1232	698	1461
F1537_4	F2534_4	355	1359	1346	2786
F1537_4	F416_4	355	1108	412	840
F1537_4	F950_4	355	1139	1000	2112
F1537_4	M1348_4	355	1248	992	2020
F1537_4	M1549_4	355	1296	523	1111
F1537_4	M2122_4	355	1281	187	413
F1537_4	M2329_4	355	1210	372	701
F1537_4	M2670_4	355	1328	933	1976
F1537_4	M376_4	355	1342	1083	2317
F1537_4	M743_4	355	1176	876	1859
F2534_4	F130_4	355	1316	308	667
F2534_4	F1424_4	355	1133	875	1975
F2534_4	F1441_4	355	1234	390	887
F2534_4	F1537_4	355	1359	909	2007
F2534_4	F416_4	355	1221	180	414
F2534_4	F950_4	355	1295	890	1949
F2534_4	M1348_4	355	1112	582	1364
F2534_4	M1549_4	355	1226	217	483
F2534_4	M2122_4	355	1301	56	127
F2534_4	M2329_4	355	1167	146	336
F2534_4	M2670_4	355	1361	529	1226
F2534_4	M376_4	355	1334	774	1731
F2534_4	M743_4	355	1388	655	1546
F416_4	F130_4	355	1206	996	5063
F416_4	F1424_4	355	1232	1201	6134
F416_4	F1441_4	355	1318	1165	5989
F416_4	F1537_4	355	1108	1079	5455
F416_4	F2534_4	355	1221	1217	6244
F416_4	F950_4	355	1305	1259	6402
F416_4	M1348_4	355	1114	1063	5385
F416_4	M1549_4	355	1368	1054	5297
F416_4	M2122_4	355	1470	601	3086
F416_4	M2329_4	355	1105	764	3905
F416_4	M2670_4	355	1322	1219	6104
F416_4	M376_4	355	1197	1145	5892
F416_4	M743_4	355	1230	1146	5760
F950_4	F130_4	355	1169	1127	1127
F950_4	F1424_4	355	1281	1268	1268
F950_4	F1441_4	355	1298	1257	1257
F950_4	F1537_4	355	1139	1126	1126
F950_4	F2534_4	355	1295	1294	1294
F950_4	F416_4	355	1305	1191	1191
F950_4	M1348_4	355	1415	1399	1399
F950_4	M1549_4	355	1273	1192	1192
F950_4	M2122_4	355	1325	993	993
F950_4	M2329_4	355	1192	1093	1093
F950_4	M2670_4	355	1241	1216	1216
F950_4	M376_4	355	1316	1299	1299
F950_4	M743_4	355	1294	1282	1282
M1348_4	F130_4	355	1237	512	512
M1348_4	F1424_4	355	1316	1142	1142
M1348_4	F1441_4	355	1384	699	699
M1348_4	F1537_4	355	1248	1038	1038
M1348_4	F2534_4	355	1112	1096	1096
M1348_4	F416_4	355	1114	308	308
M1348_4	F950_4	355	1415	1152	1152
M1348_4	M1549_4	355	1223	369	369
M1348_4	M2122_4	355	1273	96	96
M1348_4	M2329_4	355	1295	311	311
M1348_4	M2670_4	355	1218	744	744
M1348_4	M376_4	355	1202	901	901
M1348_4	M743_4	355	1251	827	827
M1549_4	F130_4	355	1172	627	627
M1549_4	F1424_4	355	1281	1183	1183
M1549_4	F1441_4	355	1264	813	813
M1549_4	F1537_4	355	1296	1164	1164
M1549_4	F2534_4	355	1226	1213	1213
M1549_4	F416_4	355	1368	513	513
M1549_4	F950_4	355	1273	1139	1139
M1549_4	M1348_4	355	1223	994	994
M1549_4	M2122_4	355	1240	160	160
M1549_4	M2329_4	355	1285	453	453
M1549_4	M2670_4	355	1296	960	960
M1549_4	M376_4	355	1234	1012	1012
M1549_4	M743_4	355	1268	956	956
M2122_4	F130_4	355	1277	584	584
M2122_4	F1424_4	355	1216	1030	1030
M2122_4	F1441_4	355	1340	694	694
M2122_4	F1537_4	355	1281	1089	1089
M2122_4	F2534_4	355	1301	1282	1282
M2122_4	F416_4	355	1470	419	419
M2122_4	F950_4	355	1325	1098	1098
M2122_4	M1348_4	355	1273	919	919
M2122_4	M1549_4	355	1240	414	414
M2122_4	M2329_4	355	1285	312	312
M2122_4	M2670_4	355	1320	771	771
M2122_4	M376_4	355	1257	948	948
M2122_4	M743_4	355	1199	813	813
M2329_4	F130_4	355	1205	154	154
M2329_4	F1424_4	355	1358	771	771
M2329_4	F1441_4	355	1191	206	206
M2329_4	F1537_4	355	1210	573	573
M2329_4	F2534_4	355	1167	1073	1073
M2329_4	F416_4	355	1105	78	78
M2329_4	F950_4	355	1192	576	576
M2329_4	M1348_4	355	1295	446	446
M2329_4	M1549_4	355	1285	100	100
M2329_4	M2122_4	355	1285	19	19
M2329_4	M2670_4	355	1286	311	311
M2329_4	M376_4	355	1438	521	521
M2329_4	M743_4	355	1332	356	356
M2670_4	F130_4	355	1362	1199	1638
M2670_4	F1424_4	355	1237	1220	1688
M2670_4	F1441_4	355	1271	1153	1627
M2670_4	F1537_4	355	1328	1305	1767
M2670_4	F2534_4	355	1361	1361	1887
M2670_4	F416_4	355	1322	1057	1440
M2670_4	F950_4	355	1241	1214	1679
M2670_4	M1348_4	355	1218	1178	1631
M2670_4	M1549_4	355	1296	1055	1476
M2670_4	M2122_4	355	1320	657	910
M2670_4	M2329_4	355	1286	1010	1396
M2670_4	M376_4	355	1240	1204	1693
M2670_4	M743_4	355	1412	1345	1819
M376_4	F130_4	355	1203	1046	3136
M376_4	F1424_4	355	1409	1388	4202
M376_4	F1441_4	355	1352	1210	3666
M376_4	F1537_4	355	1342	1313	3905
M376_4	F2534_4	355	1334	1330	4021
M376_4	F416_4	355	1197	936	2827
M376_4	F950_4	355	1316	1302	4011
M376_4	M1348_4	355	1202	1152	3460
M376_4	M1549_4	355	1234	983	3054
M376_4	M2122_4	355	1257	607	1771
M376_4	M2329_4	355	1438	1078	3267
M376_4	M2670_4	355	1240	1161	3591
M376_4	M743_4	355	1211	1149	3532
M743_4	F130_4	355	1280	1048	1048
M743_4	F1424_4	355	1321	1286	1286
M743_4	F1441_4	355	1269	1080	1080
M743_4	F1537_4	355	1176	1136	1136
M743_4	F2534_4	355	1388	1381	1381
M743_4	F416_4	355	1230	847	847
M743_4	F950_4	355	1294	1253	1253
M743_4	M1348_4	355	1251	1191	1191
M743_4	M1549_4	355	1268	900	900
M743_4	M2122_4	355	1199	461	461
M743_4	M2329_4	355	1332	868	868
M743_4	M2670_4	355	1412	1270	1270
M743_4	M376_4	355	1211	1127	1127
F1959_4	F2000_4	356	1189	1083	1083
F1959_4	F2066_4	356	1159	801	801
F1959_4	F2708_4	356	1337	411	411
F1959_4	F2746_4	356	1430	847	847
F1959_4	F393_4	356	1405	363	363
F1959_4	F524_4	356	1273	709	709
F1959_4	F593_4	356	1315	442	442
F1959_4	F596_4	356	1378	357	357
F1959_4	M1629_4	356	1180	323	323
F1959_4	M232_4	356	1169	222	222
F1959_4	M2576_4	356	1220	634	634
F1959_4	M309_4	356	1317	806	806
F1959_4	M453_4	356	1206	1150	1150
F2000_4	F1959_4	356	1189	348	707
F2000_4	F2066_4	356	1151	744	1557
F2000_4	F2708_4	356	1345	312	601
F2000_4	F2746_4	356	1298	666	1371
F2000_4	F393_4	356	1307	308	594
F2000_4	F524_4	356	1223	608	1240
F2000_4	F593_4	356	1368	375	729
F2000_4	F596_4	356	1153	266	531
F2000_4	M1629_4	356	1292	317	630
F2000_4	M232_4	356	1214	191	403
F2000_4	M2576_4	356	1168	537	1057
F2000_4	M309_4	356	1416	775	1548
F2000_4	M453_4	356	1257	1195	2383
F2066_4	F1959_4	356	1159	421	515
F2066_4	F2000_4	356	1151	1053	1274
F2066_4	F2708_4	356	1236	376	462
F2066_4	F2746_4	356	1132	628	759
F2066_4	F393_4	356	1310	340	420
F2066_4	F524_4	356	1228	658	795
F2066_4	F593_4	356	1214	396	472
F2066_4	F596_4	356	1241	334	412
F2066_4	M1629_4	356	1290	340	415
F2066_4	M232_4	356	1344	261	319
F2066_4	M2576_4	356	1187	647	788
F2066_4	M309_4	356	1222	721	878
F2066_4	M453_4	356	1214	1152	1357
F2708_4	F1959_4	356	1337	72	136
F2708_4	F2000_4	356	1345	785	1522
F2708_4	F2066_4	356	1236	244	497
F2708_4	F2746_4	356	1189	165	347
F2708_4	F393_4	356	1178	53	94
F2708_4	F524_4	356	1281	165	323
F2708_4	F593_4	356	1260	80	157
F2708_4	F596_4	356	1347	49	101
F2708_4	M1629_4	356	1245	51	106
F2708_4	M232_4	356	1266	37	69
F2708_4	M2576_4	356	1172	142	258
F2708_4	M309_4	356	1170	158	295
F2708_4	M453_4	356	1229	899	1688
F2746_4	F1959_4	356	1430	46	46
F2746_4	F2000_4	356	1298	526	526
F2746_4	F2066_4	356	1132	161	161
F2746_4	F2708_4	356	1189	34	34
F2746_4	F393_4	356	1399	35	35
F2746_4	F524_4	356	1343	98	98
F2746_4	F593_4	356	1292	41	41
F2746_4	F596_4	356	1248	24	24
F2746_4	M1629_4	356	1307	29	29
F2746_4	M232_4	356	1292	20	20
F2746_4	M2576_4	356	1217	87	87
F2746_4	M309_4	356	1284	114	114
F2746_4	M453_4	356	1140	682	682
F393_4	F1959_4	356	1405	91	91
F393_4	F2000_4	356	1307	767	767
F393_4	F2066_4	356	1310	283	283
F393_4	F2708_4	356	1178	62	62
F393_4	F2746_4	356	1399	203	203
F393_4	F524_4	356	1188	153	153
F393_4	F593_4	356	1313	72	72
F393_4	F596_4	356	1151	52	52
F393_4	M1629_4	356	1350	61	61
F393_4	M232_4	356	1260	32	32
F393_4	M2576_4	356	1259	147	147
F393_4	M309_4	356	1255	173	173
F393_4	M453_4	356	1252	903	903
F524_4	F1959_4	356	1273	16	27
F524_4	F2000_4	356	1223	325	553
F524_4	F2066_4	356	1228	92	139
F524_4	F2708_4	356	1281	19	39
F524_4	F2746_4	356	1343	44	81
F524_4	F393_4	356	1188	8	10
F524_4	F593_4	356	1239	22	42
F524_4	F596_4	356	1416	14	21
F524_4	M1629_4	356	1217	19	35
F524_4	M232_4	356	1303	11	13
F524_4	M2576_4	356	1316	35	58
F524_4	M309_4	356	1250	44	67
F524_4	M453_4	356	1253	502	860
F593_4	F1959_4	356	1315	254	254
F593_4	F2000_4	356	1368	1154	1154
F593_4	F2066_4	356	1214	609	609
F593_4	F2708_4	356	1260	206	206
F593_4	F2746_4	356	1292	495	495
F593_4	F393_4	356	1313	182	182
F593_4	F524_4	356	1239	445	445
F593_4	F596_4	356	1297	168	168
F593_4	M1629_4	356	1117	168	168
F593_4	M232_4	356	1179	127	127
F593_4	M2576_4	356	1102	375	375
F593_4	M309_4	356	1145	466	466
F593_4	M453_4	356	1299	1190	1190
F596_4	F1959_4	356	1378	1159	2077
F596_4	F2000_4	356	1153	1147	2077
F596_4	F2066_4	356	1241	1178	2109
F596_4	F2708_4	356	1347	1081	1967
F596_4	F2746_4	356	1248	1163	2086
F596_4	F393_4	356	1151	877	1572
F596_4	F524_4	356	1416	1298	2324
F596_4	F593_4	356	1297	1066	1935
F596_4	M1629_4	356	1350	1017	1874
F596_4	M232_4	356	1276	877	1543
F596_4	M2576_4	356	1180	1049	1891
F596_4	M309_4	356	1295	1214	2168
F596_4	M453_4	356	1297	1295	2286
M1629_4	F1959_4	356	1180	171	171
M1629_4	F2000_4	356	1292	1021	1021
M1629_4	F2066_4	356	1290	537	537
M1629_4	F2708_4	356	1245	159	159
M1629_4	F2746_4	356	1307	423	423
M1629_4	F393_4	356	1350	133	133
M1629_4	F524_4	356	1217	335	335
M1629_4	F593_4	356	1117	152	152
M1629_4	F596_4	356	1350	131	131
M1629_4	M232_4	356	1287	107	107
M1629_4	M2576_4	356	1163	322	322
M1629_4	M309_4	356	1142	364	364
M1629_4	M453_4	356	1169	1021	1021
M232_4	F1959_4	356	1169	294	294
M232_4	F2000_4	356	1214	1049	1049
M232_4	F2066_4	356	1344	776	776
M232_4	F2708_4	356	1266	245	245
M232_4	F2746_4	356	1292	582	582
M232_4	F393_4	356	1260	218	218
M232_4	F524_4	356	1303	551	551
M232_4	F593_4	356	1179	267	267
M232_4	F596_4	356	1276	235	235
M232_4	M1629_4	356	1287	218	218
M232_4	M2576_4	356	1194	478	478
M232_4	M309_4	356	1236	573	573
M232_4	M453_4	356	1136	1071	1071
M2576_4	F1959_4	356	1220	141	141
M2576_4	F2000_4	356	1168	851	851
M2576_4	F2066_4	356	1187	380	380
M2576_4	F2708_4	356	1172	96	96
M2576_4	F2746_4	356	1217	280	280
M2576_4	F393_4	356	1259	83	83
M2576_4	F524_4	356	1316	292	292
M2576_4	F593_4	356	1102	129	129
M2576_4	F596_4	356	1180	96	96
M2576_4	M1629_4	356	1163	93	93
M2576_4	M232_4	356	1194	62	62
M2576_4	M309_4	356	1283	347	347
M2576_4	M453_4	356	1249	1051	1051
M309_4	F1959_4	356	1317	783	783
M309_4	F2000_4	356	1416	1375	1375
M309_4	F2066_4	356	1222	1009	1009
M309_4	F2708_4	356	1170	597	597
M309_4	F2746_4	356	1284	1017	1017
M309_4	F393_4	356	1255	593	593
M309_4	F524_4	356	1250	963	963
M309_4	F593_4	356	1145	649	649
M309_4	F596_4	356	1295	630	630
M309_4	M1629_4	356	1142	546	546
M309_4	M232_4	356	1236	451	451
M309_4	M2576_4	356	1283	968	968
M309_4	M453_4	356	1240	1213	1213
M453_4	F1959_4	356	1206	343	739
M453_4	F2000_4	356	1257	1120	2399
M453_4	F2066_4	356	1214	749	1563
M453_4	F2708_4	356	1229	293	611
M453_4	F2746_4	356	1140	559	1184
M453_4	F393_4	356	1252	234	474
M453_4	F524_4	356	1253	565	1184
M453_4	F593_4	356	1299	338	692
M453_4	F596_4	356	1297	249	524
M453_4	M1629_4	356	1169	256	521
M453_4	M232_4	356	1136	165	357
M453_4	M2576_4	356	1249	544	1132
M453_4	M309_4	356	1240	619	1269
F1040_4	F105_4	357	1239	229	229
F1040_4	F1670_4	357	1162	946	946
F1040_4	F2221_4	357	1183	993	993
F1040_4	F2405_4	357	1209	646	646
F1040_4	F407_4	357	1244	920	920
F1040_4	F414_4	357	1211	1042	1042
F1040_4	F648_4	357	1275	1217	1217
F1040_4	M1388_4	357	1253	650	650
F1040_4	M1884_4	357	1386	1107	1107
F1040_4	M1888_4	357	1209	910	910
F1040_4	M2582_4	357	1254	1055	1055
F1040_4	M398_4	357	1277	892	892
F1040_4	M859_4	357	1259	801	801
F105_4	F1040_4	357	1239	230	392
F105_4	F1670_4	357	1158	412	641
F105_4	F2221_4	357	1275	496	780
F105_4	F2405_4	357	1125	136	221
F105_4	F407_4	357	1411	368	576
F105_4	F414_4	357	1342	583	921
F105_4	F648_4	357	1343	1003	1547
F105_4	M1388_4	357	1280	119	186
F105_4	M1884_4	357	1199	410	673
F105_4	M1888_4	357	1212	355	528
F105_4	M2582_4	357	1276	480	741
F105_4	M398_4	357	1255	256	410
F105_4	M859_4	357	1178	209	346
F1670_4	F1040_4	357	1162	635	906
F1670_4	F105_4	357	1158	163	223
F1670_4	F2221_4	357	1215	955	1337
F1670_4	F2405_4	357	1250	550	788
F1670_4	F407_4	357	1193	792	1091
F1670_4	F414_4	357	1309	1067	1482
F1670_4	F648_4	357	1381	1300	1833
F1670_4	M1388_4	357	1355	582	797
F1670_4	M1884_4	357	1183	923	1253
F1670_4	M1888_4	357	1143	785	1095
F1670_4	M2582_4	357	1229	1000	1445
F1670_4	M398_4	357	1128	686	958
F1670_4	M859_4	357	1214	687	936
F2221_4	F1040_4	357	1183	593	593
F2221_4	F105_4	357	1275	136	136
F2221_4	F1670_4	357	1215	858	858
F2221_4	F2405_4	357	1164	411	411
F2221_4	F407_4	357	1187	752	752
F2221_4	F414_4	357	1159	868	868
F2221_4	F648_4	357	1249	1163	1163
F2221_4	M1388_4	357	1346	487	487
F2221_4	M1884_4	357	1105	756	756
F2221_4	M1888_4	357	1244	783	783
F2221_4	M2582_4	357	1227	921	921
F2221_4	M398_4	357	1297	695	695
F2221_4	M859_4	357	1140	564	564
F2405_4	F1040_4	357	1209	220	220
F2405_4	F105_4	357	1125	27	27
F2405_4	F1670_4	357	1250	427	427
F2405_4	F2221_4	357	1164	446	446
F2405_4	F407_4	357	1209	276	276
F2405_4	F414_4	357	1175	465	465
F2405_4	F648_4	357	1153	861	861
F2405_4	M1388_4	357	1286	140	140
F2405_4	M1884_4	357	1181	437	437
F2405_4	M1888_4	357	1206	334	334
F2405_4	M2582_4	357	1295	514	514
F2405_4	M398_4	357	1176	254	254
F2405_4	M859_4	357	1142	215	215
F407_4	F1040_4	357	1244	467	467
F407_4	F105_4	357	1411	93	93
F407_4	F1670_4	357	1193	713	713
F407_4	F2221_4	357	1187	756	756
F407_4	F2405_4	357	1209	333	333
F407_4	F414_4	357	1234	793	793
F407_4	F648_4	357	1221	1087	1087
F407_4	M1388_4	357	1292	338	338
F407_4	M1884_4	357	1296	763	763
F407_4	M1888_4	357	1221	583	583
F407_4	M2582_4	357	1294	819	819
F407_4	M398_4	357	1294	529	529
F407_4	M859_4	357	1352	495	495
F414_4	F1040_4	357	1211	148	338
F414_4	F105_4	357	1342	13	32
F414_4	F1670_4	357	1309	311	696
F414_4	F2221_4	357	1159	347	771
F414_4	F2405_4	357	1175	83	182
F414_4	F407_4	357	1234	232	496
F414_4	F648_4	357	1428	944	2091
F414_4	M1388_4	357	1176	77	187
F414_4	M1884_4	357	1261	326	748
F414_4	M1888_4	357	1304	222	481
F414_4	M2582_4	357	1252	347	791
F414_4	M398_4	357	1275	165	380
F414_4	M859_4	357	1185	131	300
F648_4	F1040_4	357	1275	323	618
F648_4	F105_4	357	1343	55	109
F648_4	F1670_4	357	1381	652	1280
F648_4	F2221_4	357	1249	614	1216
F648_4	F2405_4	357	1153	204	404
F648_4	F407_4	357	1221	386	768
F648_4	F414_4	357	1428	720	1437
F648_4	M1388_4	357	1257	188	370
F648_4	M1884_4	357	1139	487	909
F648_4	M1888_4	357	1217	410	780
F648_4	M2582_4	357	1298	618	1167
F648_4	M398_4	357	1228	341	656
F648_4	M859_4	357	1260	297	562
M1388_4	F1040_4	357	1253	868	868
M1388_4	F105_4	357	1280	280	280
M1388_4	F1670_4	357	1355	1163	1163
M1388_4	F2221_4	357	1346	1185	1185
M1388_4	F2405_4	357	1286	766	766
M1388_4	F407_4	357	1292	1017	1017
M1388_4	F414_4	357	1176	1028	1028
M1388_4	F648_4	357	1257	1218	1218
M1388_4	M1884_4	357	1154	979	979
M1388_4	M1888_4	357	1338	1056	1056
M1388_4	M2582_4	357	1325	1165	1165
M1388_4	M398_4	357	1246	903	903
M1388_4	M859_4	357	1236	868	868
M1884_4	F1040_4	357	1386	105	222
M1884_4	F105_4	357	1199	8	14
M1884_4	F1670_4	357	1183	176	373
M1884_4	F2221_4	357	1105	196	428
M1884_4	F2405_4	357	1181	41	78
M1884_4	F407_4	357	1296	134	283
M1884_4	F414_4	357	1261	237	493
M1884_4	F648_4	357	1139	548	1124
M1884_4	M1388_4	357	1154	52	111
M1884_4	M1888_4	357	1178	140	280
M1884_4	M2582_4	357	1228	208	441
M1884_4	M398_4	357	1198	94	182
M1884_4	M859_4	357	1319	83	174
M1888_4	F1040_4	357	1209	74	74
M1888_4	F105_4	357	1212	9	9
M1888_4	F1670_4	357	1143	172	172
M1888_4	F2221_4	357	1244	231	231
M1888_4	F2405_4	357	1206	35	35
M1888_4	F407_4	357	1221	119	119
M1888_4	F414_4	357	1304	254	254
M1888_4	F648_4	357	1217	612	612
M1888_4	M1388_4	357	1338	43	43
M1888_4	M1884_4	357	1178	155	155
M1888_4	M2582_4	357	1266	216	216
M1888_4	M398_4	357	1202	93	93
M1888_4	M859_4	357	1146	78	78
M2582_4	F1040_4	357	1254	132	132
M2582_4	F105_4	357	1276	16	16
M2582_4	F1670_4	357	1229	253	253
M2582_4	F2221_4	357	1227	328	328
M2582_4	F2405_4	357	1295	91	91
M2582_4	F407_4	357	1294	172	172
M2582_4	F414_4	357	1252	342	342
M2582_4	F648_4	357	1298	803	803
M2582_4	M1388_4	357	1325	87	87
M2582_4	M1884_4	357	1228	299	299
M2582_4	M1888_4	357	1266	239	239
M2582_4	M398_4	357	1194	158	158
M2582_4	M859_4	357	1255	123	123
M398_4	F1040_4	357	1277	462	609
M398_4	F105_4	357	1255	81	113
M398_4	F1670_4	357	1128	666	895
M398_4	F2221_4	357	1297	848	1153
M398_4	F2405_4	357	1176	280	358
M398_4	F407_4	357	1294	609	808
M398_4	F414_4	357	1275	845	1134
M398_4	F648_4	357	1228	1093	1459
M398_4	M1388_4	357	1246	311	404
M398_4	M1884_4	357	1198	703	935
M398_4	M1888_4	357	1202	555	745
M398_4	M2582_4	357	1194	730	979
M398_4	M859_4	357	1349	523	710
M859_4	F1040_4	357	1259	138	138
M859_4	F105_4	357	1178	18	18
M859_4	F1670_4	357	1214	287	287
M859_4	F2221_4	357	1140	301	301
M859_4	F2405_4	357	1142	78	78
M859_4	F407_4	357	1352	224	224
M859_4	F414_4	357	1185	330	330
M859_4	F648_4	357	1260	813	813
M859_4	M1388_4	357	1236	95	95
M859_4	M1884_4	357	1319	303	303
M859_4	M1888_4	357	1146	172	172
M859_4	M2582_4	357	1255	341	341
M859_4	M398_4	357	1349	180	180
F1126_4	F1931_4	358	1180	20	20
F1126_4	F1955_4	358	1289	67	67
F1126_4	F2705_4	358	1169	64	64
F1126_4	F2783_4	358	1374	194	194
F1126_4	F418_4	358	1365	184	184
F1126_4	F939_4	358	1275	61	61
F1126_4	M1325_4	358	1412	22	22
F1126_4	M1519_4	358	1245	50	50
F1126_4	M1724_4	358	1159	48	48
F1126_4	M1885_4	358	1354	10	10
F1126_4	M1942_4	358	1262	45	45
F1126_4	M2721_4	358	1253	85	85
F1126_4	M434_4	358	1195	23	23
F1931_4	F1126_4	358	1180	5	5
F1931_4	F1955_4	358	1299	26	26
F1931_4	F2705_4	358	1257	17	17
F1931_4	F2783_4	358	1270	58	58
F1931_4	F418_4	358	1281	58	58
F1931_4	F939_4	358	1084	19	19
F1931_4	M1325_4	358	1216	4	4
F1931_4	M1519_4	358	1275	20	20
F1931_4	M1724_4	358	1316	23	23
F1931_4	M1885_4	358	1201	4	4
F1931_4	M1942_4	358	1312	11	11
F1931_4	M2721_4	358	1249	24	24
F1931_4	M434_4	358	1300	4	4
F1955_4	F1126_4	358	1289	430	430
F1955_4	F1931_4	358	1299	452	452
F1955_4	F2705_4	358	1143	782	782
F1955_4	F2783_4	358	1276	1083	1083
F1955_4	F418_4	358	1403	1193	1193
F1955_4	F939_4	358	1165	780	780
F1955_4	M1325_4	358	1184	408	408
F1955_4	M1519_4	358	1268	781	781
F1955_4	M1724_4	358	1222	806	806
F1955_4	M1885_4	358	1190	196	196
F1955_4	M1942_4	358	1153	681	681
F1955_4	M2721_4	358	1248	864	864
F1955_4	M434_4	358	1279	587	587
F2705_4	F1126_4	358	1169	490	490
F2705_4	F1931_4	358	1257	554	554
F2705_4	F1955_4	358	1143	832	832
F2705_4	F2783_4	358	1142	1050	1050
F2705_4	F418_4	358	1358	1224	1224
F2705_4	F939_4	358	1180	873	873
F2705_4	M1325_4	358	1157	496	496
F2705_4	M1519_4	358	1229	844	844
F2705_4	M1724_4	358	1235	897	897
F2705_4	M1885_4	358	1163	242	242
F2705_4	M1942_4	358	1163	792	792
F2705_4	M2721_4	358	1266	985	985
F2705_4	M434_4	358	1169	682	682
F2783_4	F1126_4	358	1374	541	847
F2783_4	F1931_4	358	1270	545	804
F2783_4	F1955_4	358	1276	932	1428
F2783_4	F2705_4	358	1142	797	1206
F2783_4	F418_4	358	1325	1179	1787
F2783_4	F939_4	358	1268	936	1415
F2783_4	M1325_4	358	1286	518	777
F2783_4	M1519_4	358	1237	809	1245
F2783_4	M1724_4	358	1171	851	1266
F2783_4	M1885_4	358	1337	278	408
F2783_4	M1942_4	358	1358	867	1330
F2783_4	M2721_4	358	1313	969	1484
F2783_4	M434_4	358	1280	664	1004
F418_4	F1126_4	358	1365	1246	3579
F418_4	F1931_4	358	1281	1173	3420
F418_4	F1955_4	358	1403	1372	3906
F418_4	F2705_4	358	1358	1334	3655
F418_4	F2783_4	358	1325	1309	3714
F418_4	F939_4	358	1270	1229	3438
F418_4	M1325_4	358	1272	1151	3232
F418_4	M1519_4	358	1278	1241	3522
F418_4	M1724_4	358	1202	1159	3348
F418_4	M1885_4	358	1285	1005	2812
F418_4	M1942_4	358	1177	1141	3260
F418_4	M2721_4	358	1328	1303	3688
F418_4	M434_4	358	1232	1162	3178
F939_4	F1126_4	358	1275	109	109
F939_4	F1931_4	358	1084	116	116
F939_4	F1955_4	358	1165	341	341
F939_4	F2705_4	358	1180	321	321
F939_4	F2783_4	358	1268	682	682
F939_4	F418_4	358	1270	671	671
F939_4	M1325_4	358	1235	123	123
F939_4	M1519_4	358	1179	285	285
F939_4	M1724_4	358	1261	298	298
F939_4	M1885_4	358	1264	33	33
F939_4	M1942_4	358	1259	269	269
F939_4	M2721_4	358	1386	435	435
F939_4	M434_4	358	1256	182	182
M1325_4	F1126_4	358	1412	611	2406
M1325_4	F1931_4	358	1216	559	2105
M1325_4	F1955_4	358	1184	872	3444
M1325_4	F2705_4	358	1157	848	3320
M1325_4	F2783_4	358	1286	1161	4634
M1325_4	F418_4	358	1272	1132	4433
M1325_4	F939_4	358	1235	916	3597
M1325_4	M1519_4	358	1176	819	3132
M1325_4	M1724_4	358	1292	950	3583
M1325_4	M1885_4	358	1300	301	1206
M1325_4	M1942_4	358	1278	857	3392
M1325_4	M2721_4	358	1179	921	3530
M1325_4	M434_4	358	1282	733	2894
M1519_4	F1126_4	358	1245	917	917
M1519_4	F1931_4	358	1275	981	981
M1519_4	F1955_4	358	1268	1164	1164
M1519_4	F2705_4	358	1229	1126	1126
M1519_4	F2783_4	358	1237	1193	1193
M1519_4	F418_4	358	1278	1237	1237
M1519_4	F939_4	358	1179	1075	1075
M1519_4	M1325_4	358	1176	851	851
M1519_4	M1724_4	358	1328	1212	1212
M1519_4	M1885_4	358	1234	609	609
M1519_4	M1942_4	358	1244	1102	1102
M1519_4	M2721_4	358	1302	1206	1206
M1519_4	M434_4	358	1153	919	919
M1724_4	F1126_4	358	1159	405	405
M1724_4	F1931_4	358	1316	498	498
M1724_4	F1955_4	358	1222	833	833
M1724_4	F2705_4	358	1235	860	860
M1724_4	F2783_4	358	1171	1020	1020
M1724_4	F418_4	358	1202	1056	1056
M1724_4	F939_4	358	1261	889	889
M1724_4	M1325_4	358	1292	492	492
M1724_4	M1519_4	358	1328	828	828
M1724_4	M1885_4	358	1160	206	206
M1724_4	M1942_4	358	1252	772	772
M1724_4	M2721_4	358	1242	907	907
M1724_4	M434_4	358	1151	572	572
M1885_4	F1126_4	358	1354	1219	1219
M1885_4	F1931_4	358	1201	1080	1080
M1885_4	F1955_4	358	1190	1151	1151
M1885_4	F2705_4	358	1163	1132	1132
M1885_4	F2783_4	358	1337	1322	1322
M1885_4	F418_4	358	1285	1281	1281
M1885_4	F939_4	358	1264	1228	1228
M1885_4	M1325_4	358	1300	1158	1158
M1885_4	M1519_4	358	1234	1195	1195
M1885_4	M1724_4	358	1160	1116	1116
M1885_4	M1942_4	358	1231	1169	1169
M1885_4	M2721_4	358	1407	1371	1371
M1885_4	M434_4	358	1340	1255	1255
M1942_4	F1126_4	358	1262	487	487
M1942_4	F1931_4	358	1312	534	534
M1942_4	F1955_4	358	1153	806	806
M1942_4	F2705_4	358	1163	831	831
M1942_4	F2783_4	358	1358	1216	1216
M1942_4	F418_4	358	1177	1043	1043
M1942_4	F939_4	358	1259	931	931
M1942_4	M1325_4	358	1278	508	508
M1942_4	M1519_4	358	1244	862	862
M1942_4	M1724_4	358	1252	861	861
M1942_4	M1885_4	358	1231	216	216
M1942_4	M2721_4	358	1254	916	916
M1942_4	M434_4	358	1285	646	646
M2721_4	F1126_4	358	1253	221	221
M2721_4	F1931_4	358	1249	234	234
M2721_4	F1955_4	358	1248	569	569
M2721_4	F2705_4	358	1266	566	566
M2721_4	F2783_4	358	1313	1004	1004
M2721_4	F418_4	358	1328	913	913
M2721_4	F939_4	358	1386	649	649
M2721_4	M1325_4	358	1179	211	211
M2721_4	M1519_4	358	1302	512	512
M2721_4	M1724_4	358	1242	564	564
M2721_4	M1885_4	358	1407	95	95
M2721_4	M1942_4	358	1254	458	458
M2721_4	M434_4	358	1287	345	345
M434_4	F1126_4	358	1195	107	107
M434_4	F1931_4	358	1300	120	120
M434_4	F1955_4	358	1279	348	348
M434_4	F2705_4	358	1169	308	308
M434_4	F2783_4	358	1280	721	721
M434_4	F418_4	358	1232	679	679
M434_4	F939_4	358	1256	353	353
M434_4	M1325_4	358	1282	107	107
M434_4	M1519_4	358	1153	249	249
M434_4	M1724_4	358	1151	293	293
M434_4	M1885_4	358	1340	40	40
M434_4	M1942_4	358	1285	285	285
M434_4	M2721_4	358	1287	403	403
F1072_4	F1374_4	359	1206	1167	1167
F1072_4	F1519_4	359	1242	1067	1067
F1072_4	F2169_4	359	1304	1036	1036
F1072_4	M1679_4	359	1168	385	385
F1072_4	M1813_4	359	1332	1257	1257
F1072_4	M1965_4	359	1284	1108	1108
F1072_4	M2165_4	359	1275	1203	1203
F1072_4	M2389_4	359	1426	567	567
F1072_4	M2393_4	359	1353	1143	1143
F1072_4	M292_4	359	1253	768	768
F1072_4	M491_4	359	1202	956	956
F1072_4	M659_4	359	1228	801	801
F1072_4	M895_4	359	1152	558	558
F1374_4	F1072_4	359	1206	100	100
F1374_4	F1519_4	359	1350	183	183
F1374_4	F2169_4	359	1307	134	134
F1374_4	M1679_4	359	1286	16	16
F1374_4	M1813_4	359	1376	415	415
F1374_4	M1965_4	359	1151	181	181
F1374_4	M2165_4	359	1311	381	381
F1374_4	M2389_4	359	1238	20	20
F1374_4	M2393_4	359	1326	164	164
F1374_4	M292_4	359	1164	36	36
F1374_4	M491_4	359	1229	101	101
F1374_4	M659_4	359	1324	58	58
F1374_4	M895_4	359	1420	38	38
F1519_4	F1072_4	359	1242	726	1204
F1519_4	F1374_4	359	1350	1262	2150
F1519_4	F2169_4	359	1321	863	1451
F1519_4	M1679_4	359	1433	273	442
F1519_4	M1813_4	359	1215	1065	1778
F1519_4	M1965_4	359	1161	896	1492
F1519_4	M2165_4	359	1287	1113	1815
F1519_4	M2389_4	359	1244	299	489
F1519_4	M2393_4	359	1338	940	1598
F1519_4	M292_4	359	1231	519	860
F1519_4	M491_4	359	1283	778	1287
F1519_4	M659_4	359	1273	577	1001
F1519_4	M895_4	359	1169	359	578
F2169_4	F1072_4	359	1304	669	669
F2169_4	F1374_4	359	1307	1212	1212
F2169_4	F1519_4	359	1321	887	887
F2169_4	M1679_4	359	1355	199	199
F2169_4	M1813_4	359	1314	1130	1130
F2169_4	M1965_4	359	1227	866	866
F2169_4	M2165_4	359	1337	1102	1102
F2169_4	M2389_4	359	1312	273	273
F2169_4	M2393_4	359	1259	841	841
F2169_4	M292_4	359	1130	408	408
F2169_4	M491_4	359	1310	683	683
F2169_4	M659_4	359	1128	428	428
F2169_4	M895_4	359	1211	303	303
M1679_4	F1072_4	359	1168	91	192
M1679_4	F1374_4	359	1286	575	1204
M1679_4	F1519_4	359	1433	182	360
M1679_4	F2169_4	359	1355	142	281
M1679_4	M1813_4	359	1252	377	767
M1679_4	M1965_4	359	1336	203	436
M1679_4	M2165_4	359	1146	292	592
M1679_4	M2389_4	359	1430	28	52
M1679_4	M2393_4	359	1141	133	274
M1679_4	M292_4	359	1207	53	111
M1679_4	M491_4	359	1384	123	262
M1679_4	M659_4	359	1248	60	136
M1679_4	M895_4	359	1163	23	41
M1813_4	F1072_4	359	1332	271	271
M1813_4	F1374_4	359	1376	1027	1027
M1813_4	F1519_4	359	1215	423	423
M1813_4	F2169_4	359	1314	374	374
M1813_4	M1679_4	359	1252	62	62
M1813_4	M1965_4	359	1142	421	421
M1813_4	M2165_4	359	1233	715	715
M1813_4	M2389_4	359	1287	76	76
M1813_4	M2393_4	359	1374	467	467
M1813_4	M292_4	359	1248	135	135
M1813_4	M491_4	359	1207	286	286
M1813_4	M659_4	359	1282	218	218
M1813_4	M895_4	359	1359	125	125
M1965_4	F1072_4	359	1284	780	1636
M1965_4	F1374_4	359	1151	1087	2233
M1965_4	F1519_4	359	1161	856	1822
M1965_4	F2169_4	359	1227	846	1781
M1965_4	M1679_4	359	1336	277	596
M1965_4	M1813_4	359	1142	1043	2184
M1965_4	M2165_4	359	1442	1260	2606
M1965_4	M2389_4	359	1140	287	593
M1965_4	M2393_4	359	1325	998	2064
M1965_4	M292_4	359	1337	589	1244
M1965_4	M491_4	359	1226	790	1657
M1965_4	M659_4	359	1273	622	1301
M1965_4	M895_4	359	1260	419	882
M2165_4	F1072_4	359	1275	532	532
M2165_4	F1374_4	359	1311	1165	1165
M2165_4	F1519_4	359	1287	730	730
M2165_4	F2169_4	359	1337	647	647
M2165_4	M1679_4	359	1146	123	123
M2165_4	M1813_4	359	1233	977	977
M2165_4	M1965_4	359	1442	851	851
M2165_4	M2389_4	359	1151	136	136
M2165_4	M2393_4	359	1256	711	711
M2165_4	M292_4	359	1102	273	273
M2165_4	M491_4	359	1379	589	589
M2165_4	M659_4	359	1243	344	344
M2165_4	M895_4	359	1183	208	208
M2389_4	F1072_4	359	1426	1244	5682
M2389_4	F1374_4	359	1238	1215	5451
M2389_4	F1519_4	359	1244	1166	5199
M2389_4	F2169_4	359	1312	1196	5471
M2389_4	M1679_4	359	1430	773	3469
M2389_4	M1813_4	359	1287	1260	5718
M2389_4	M1965_4	359	1140	1062	4985
M2389_4	M2165_4	359	1151	1117	5019
M2389_4	M2393_4	359	1125	1059	4836
M2389_4	M292_4	359	1170	904	4090
M2389_4	M491_4	359	1262	1119	5029
M2389_4	M659_4	359	1262	1015	4620
M2389_4	M895_4	359	1202	814	3675
M2393_4	F1072_4	359	1353	910	910
M2393_4	F1374_4	359	1326	1274	1274
M2393_4	F1519_4	359	1338	1049	1049
M2393_4	F2169_4	359	1259	953	953
M2393_4	M1679_4	359	1141	293	293
M2393_4	M1813_4	359	1374	1266	1266
M2393_4	M1965_4	359	1325	1103	1103
M2393_4	M2165_4	359	1256	1128	1128
M2393_4	M2389_4	359	1125	393	393
M2393_4	M292_4	359	1486	778	778
M2393_4	M491_4	359	1196	821	821
M2393_4	M659_4	359	1186	666	666
M2393_4	M895_4	359	1406	574	574
M292_4	F1072_4	359	1253	132	310
M292_4	F1374_4	359	1164	657	1466
M292_4	F1519_4	359	1231	208	465
M292_4	F2169_4	359	1130	144	323
M292_4	M1679_4	359	1207	29	61
M292_4	M1813_4	359	1248	510	1160
M292_4	M1965_4	359	1337	293	652
M292_4	M2165_4	359	1102	384	824
M292_4	M2389_4	359	1170	44	100
M292_4	M2393_4	359	1486	262	581
M292_4	M491_4	359	1207	127	284
M292_4	M659_4	359	1260	68	133
M292_4	M895_4	359	1314	59	129
M491_4	F1072_4	359	1202	195	195
M491_4	F1374_4	359	1229	854	854
M491_4	F1519_4	359	1283	347	347
M491_4	F2169_4	359	1310	254	254
M491_4	M1679_4	359	1384	36	36
M491_4	M1813_4	359	1207	642	642
M491_4	M1965_4	359	1226	344	344
M491_4	M2165_4	359	1379	623	623
M491_4	M2389_4	359	1262	50	50
M491_4	M2393_4	359	1196	329	329
M491_4	M292_4	359	1207	96	96
M491_4	M659_4	359	1142	120	120
M491_4	M895_4	359	1351	84	84
M659_4	F1072_4	359	1228	537	2253
M659_4	F1374_4	359	1324	1174	4879
M659_4	F1519_4	359	1273	768	3208
M659_4	F2169_4	359	1128	567	2388
M659_4	M1679_4	359	1248	162	694
M659_4	M1813_4	359	1282	1029	4315
M659_4	M1965_4	359	1273	827	3380
M659_4	M2165_4	359	1243	958	4105
M659_4	M2389_4	359	1262	197	851
M659_4	M2393_4	359	1186	712	3064
M659_4	M292_4	359	1260	382	1571
M659_4	M491_4	359	1142	561	2378
M659_4	M895_4	359	1239	241	1036
M895_4	F1072_4	359	1152	54	54
M895_4	F1374_4	359	1420	483	483
M895_4	F1519_4	359	1169	107	107
M895_4	F2169_4	359	1211	74	74
M895_4	M1679_4	359	1163	5	5
M895_4	M1813_4	359	1359	268	268
M895_4	M1965_4	359	1260	143	143
M895_4	M2165_4	359	1183	202	202
M895_4	M2389_4	359	1202	15	15
M895_4	M2393_4	359	1406	105	105
M895_4	M292_4	359	1314	26	26
M895_4	M491_4	359	1351	61	61
M895_4	M659_4	359	1239	40	40
F1073_4	F1169_4	360	1180	483	483
F1073_4	F1275_4	360	1176	544	544
F1073_4	F155_4	360	1272	575	575
F1073_4	F1899_4	360	1328	649	649
F1073_4	F2021_4	360	1134	569	569
F1073_4	F729_4	360	1203	612	612
F1073_4	F966_4	360	1147	458	458
F1073_4	M139_4	360	1268	548	548
F1073_4	M1610_4	360	1274	254	254
F1073_4	M2267_4	360	1284	93	93
F1073_4	M2777_4	360	1319	111	111
F1073_4	M2778_4	360	1160	646	646
F1073_4	M949_4	360	1248	934	934
F1169_4	F1073_4	360	1180	480	977
F1169_4	F1275_4	360	1397	438	867
F1169_4	F155_4	360	1268	408	799
F1169_4	F1899_4	360	1193	386	779
F1169_4	F2021_4	360	1250	448	874
F1169_4	F729_4	360	1200	388	754
F1169_4	F966_4	360	1156	310	649
F1169_4	M139_4	360	1192	349	711
F1169_4	M1610_4	360	1183	140	277
F1169_4	M2267_4	360	1263	46	85
F1169_4	M2777_4	360	1228	59	123
F1169_4	M2778_4	360	1277	482	963
F1169_4	M949_4	360	1363	847	1664
F1275_4	F1073_4	360	1176	1086	1314
F1275_4	F1169_4	360	1397	1204	1478
F1275_4	F155_4	360	1297	1111	1356
F1275_4	F1899_4	360	1194	1064	1323
F1275_4	F2021_4	360	1288	1145	1395
F1275_4	F729_4	360	1301	1175	1439
F1275_4	F966_4	360	1157	987	1219
F1275_4	M139_4	360	1267	1095	1326
F1275_4	M1610_4	360	1365	947	1179
F1275_4	M2267_4	360	1196	543	657
F1275_4	M2777_4	360	1150	552	680
F1275_4	M2778_4	360	1382	1255	1536
F1275_4	M949_4	360	1127	1085	1333
F155_4	F1073_4	360	1272	618	1035
F155_4	F1169_4	360	1268	452	695
F155_4	F1275_4	360	1297	539	864
F155_4	F1899_4	360	1209	468	758
F155_4	F2021_4	360	1274	555	847
F155_4	F729_4	360	1498	674	1029
F155_4	F966_4	360	1200	449	708
F155_4	M139_4	360	1258	454	750
F155_4	M1610_4	360	1207	210	335
F155_4	M2267_4	360	1186	75	121
F155_4	M2777_4	360	1277	102	155
F155_4	M2778_4	360	1198	607	971
F155_4	M949_4	360	1242	890	1479
F1899_4	F1073_4	360	1328	1125	1125
F1899_4	F1169_4	360	1193	895	895
F1899_4	F1275_4	360	1194	935	935
F1899_4	F155_4	360	1209	958	958
F1899_4	F2021_4	360	1312	1079	1079
F1899_4	F729_4	360	1244	1001	1001
F1899_4	F966_4	360	1205	939	939
F1899_4	M139_4	360	1305	1043	1043
F1899_4	M1610_4	360	1352	723	723
F1899_4	M2267_4	360	1134	326	326
F1899_4	M2777_4	360	1317	449	449
F1899_4	M2778_4	360	1264	1083	1083
F1899_4	M949_4	360	1265	1186	1186
F2021_4	F1073_4	360	1134	632	632
F2021_4	F1169_4	360	1250	556	556
F2021_4	F1275_4	360	1288	643	643
F2021_4	F155_4	360	1274	584	584
F2021_4	F1899_4	360	1312	646	646
F2021_4	F729_4	360	1413	777	777
F2021_4	F966_4	360	1491	621	621
F2021_4	M139_4	360	1348	606	606
F2021_4	M1610_4	360	1281	285	285
F2021_4	M2267_4	360	1336	137	137
F2021_4	M2777_4	360	1210	121	121
F2021_4	M2778_4	360	1234	727	727
F2021_4	M949_4	360	1231	964	964
F729_4	F1073_4	360	1203	1118	3095
F729_4	F1169_4	360	1200	1051	2955
F729_4	F1275_4	360	1301	1183	3373
F729_4	F155_4	360	1498	1347	3738
F729_4	F1899_4	360	1244	1109	3110
F729_4	F2021_4	360	1413	1281	3643
F729_4	F966_4	360	1176	1041	2918
F729_4	M139_4	360	1256	1101	3068
F729_4	M1610_4	360	1079	769	2161
F729_4	M2267_4	360	1315	671	1928
F729_4	M2777_4	360	1159	608	1708
F729_4	M2778_4	360	1309	1207	3488
F729_4	M949_4	360	1361	1317	3660
F966_4	F1073_4	360	1147	599	599
F966_4	F1169_4	360	1156	460	460
F966_4	F1275_4	360	1157	497	497
F966_4	F155_4	360	1200	511	511
F966_4	F1899_4	360	1205	563	563
F966_4	F2021_4	360	1491	717	717
F966_4	F729_4	360	1176	527	527
F966_4	M139_4	360	1256	551	551
F966_4	M1610_4	360	1380	241	241
F966_4	M2267_4	360	1303	87	87
F966_4	M2777_4	360	1381	118	118
F966_4	M2778_4	360	1414	734	734
F966_4	M949_4	360	1386	999	999
M139_4	F1073_4	360	1268	385	385
M139_4	F1169_4	360	1192	282	282
M139_4	F1275_4	360	1267	328	328
M139_4	F155_4	360	1258	275	275
M139_4	F1899_4	360	1305	352	352
M139_4	F2021_4	360	1348	391	391
M139_4	F729_4	360	1256	342	342
M139_4	F966_4	360	1256	303	303
M139_4	M1610_4	360	1246	94	94
M139_4	M2267_4	360	1143	41	41
M139_4	M2777_4	360	1507	73	73
M139_4	M2778_4	360	1178	386	386
M139_4	M949_4	360	1322	694	694
M1610_4	F1073_4	360	1274	1159	3422
M1610_4	F1169_4	360	1183	1030	3036
M1610_4	F1275_4	360	1365	1214	3551
M1610_4	F155_4	360	1207	1057	3138
M1610_4	F1899_4	360	1352	1198	3498
M1610_4	F2021_4	360	1281	1181	3447
M1610_4	F729_4	360	1079	993	2910
M1610_4	F966_4	360	1380	1225	3549
M1610_4	M139_4	360	1246	1120	3256
M1610_4	M2267_4	360	1187	567	1666
M1610_4	M2777_4	360	1212	603	1716
M1610_4	M2778_4	360	1311	1213	3502
M1610_4	M949_4	360	1211	1169	3446
M2267_4	F1073_4	360	1284	219	225
M2267_4	F1169_4	360	1263	134	142
M2267_4	F1275_4	360	1196	154	163
M2267_4	F155_4	360	1186	134	137
M2267_4	F1899_4	360	1134	137	147
M2267_4	F2021_4	360	1336	188	192
M2267_4	F729_4	360	1315	210	217
M2267_4	F966_4	360	1303	140	146
M2267_4	M139_4	360	1143	129	131
M2267_4	M1610_4	360	1187	59	63
M2267_4	M2777_4	360	1317	30	30
M2267_4	M2778_4	360	1254	233	243
M2267_4	M949_4	360	1201	386	409
M2777_4	F1073_4	360	1319	710	2136
M2777_4	F1169_4	360	1228	509	1483
M2777_4	F1275_4	360	1150	532	1652
M2777_4	F155_4	360	1277	518	1564
M2777_4	F1899_4	360	1317	588	1827
M2777_4	F2021_4	360	1210	589	1754
M2777_4	F729_4	360	1159	584	1768
M2777_4	F966_4	360	1381	511	1590
M2777_4	M139_4	360	1507	673	2046
M2777_4	M1610_4	360	1212	234	692
M2777_4	M2267_4	360	1317	103	319
M2777_4	M2778_4	360	1262	710	2183
M2777_4	M949_4	360	1345	975	2956
M2778_4	F1073_4	360	1160	1116	3794
M2778_4	F1169_4	360	1277	1210	4105
M2778_4	F1275_4	360	1382	1327	4462
M2778_4	F155_4	360	1198	1132	3863
M2778_4	F1899_4	360	1264	1216	4075
M2778_4	F2021_4	360	1234	1194	4089
M2778_4	F729_4	360	1309	1263	4146
M2778_4	F966_4	360	1414	1338	4568
M2778_4	M139_4	360	1178	1118	3797
M2778_4	M1610_4	360	1311	1120	3764
M2778_4	M2267_4	360	1254	823	2791
M2778_4	M2777_4	360	1262	920	3114
M2778_4	M949_4	360	1240	1216	4064
M949_4	F1073_4	360	1248	941	941
M949_4	F1169_4	360	1363	924	924
M949_4	F1275_4	360	1127	720	720
M949_4	F155_4	360	1242	826	826
M949_4	F1899_4	360	1265	867	867
M949_4	F2021_4	360	1231	876	876
M949_4	F729_4	360	1361	1004	1004
M949_4	F966_4	360	1386	893	893
M949_4	M139_4	360	1322	866	866
M949_4	M1610_4	360	1211	470	470
M949_4	M2267_4	360	1201	221	221
M949_4	M2777_4	360	1345	277	277
M949_4	M2778_4	360	1240	931	931
F1477_4	F2284_4	361	1287	371	371
F1477_4	F303_4	361	1190	852	852
F1477_4	M1054_4	361	1092	225	225
F1477_4	M1421_4	361	1224	860	860
F1477_4	M1516_4	361	1222	497	497
F1477_4	M1916_4	361	1170	19	19
F1477_4	M2120_4	361	1169	462	462
F1477_4	M2499_4	361	1279	1253	1253
F1477_4	M2500_4	361	1320	1145	1145
F1477_4	M2703_4	361	1327	727	727
F1477_4	M279_4	361	1158	469	469
F1477_4	M566_4	361	1194	634	634
F1477_4	M913_4	361	1105	401	401
F2284_4	F1477_4	361	1287	143	656
F2284_4	F303_4	361	1200	360	1618
F2284_4	M1054_4	361	1602	66	292
F2284_4	M1421_4	361	1166	354	1567
F2284_4	M1516_4	361	1196	154	682
F2284_4	M1916_4	361	1249	4	17
F2284_4	M2120_4	361	1253	124	575
F2284_4	M2499_4	361	1225	1093	4960
F2284_4	M2500_4	361	1375	740	3323
F2284_4	M2703_4	361	1143	200	941
F2284_4	M279_4	361	1374	145	675
F2284_4	M566_4	361	1349	239	1095
F2284_4	M913_4	361	1216	131	595
F303_4	F1477_4	361	1190	530	530
F303_4	F2284_4	361	1200	349	349
F303_4	M1054_4	361	1265	302	302
F303_4	M1421_4	361	1436	1009	1009
F303_4	M1516_4	361	1251	580	580
F303_4	M1916_4	361	1113	25	25
F303_4	M2120_4	361	1373	554	554
F303_4	M2499_4	361	1257	1232	1232
F303_4	M2500_4	361	1239	1103	1103
F303_4	M2703_4	361	1150	693	693
F303_4	M279_4	361	1146	453	453
F303_4	M566_4	361	1119	631	631
F303_4	M913_4	361	1408	594	594
M1054_4	F1477_4	361	1092	123	123
M1054_4	F2284_4	361	1602	108	108
M1054_4	F303_4	361	1265	380	380
M1054_4	M1421_4	361	1192	351	351
M1054_4	M1516_4	361	1224	120	120
M1054_4	M1916_4	361	1123	1	1
M1054_4	M2120_4	361	1229	127	127
M1054_4	M2499_4	361	1341	1196	1196
M1054_4	M2500_4	361	1431	790	790
M1054_4	M2703_4	361	1330	244	244
M1054_4	M279_4	361	1205	118	118
M1054_4	M566_4	361	1354	217	217
M1054_4	M913_4	361	1195	113	113
M1421_4	F1477_4	361	1224	258	409
M1421_4	F2284_4	361	1166	166	283
M1421_4	F303_4	361	1436	696	1107
M1421_4	M1054_4	361	1192	140	214
M1421_4	M1516_4	361	1341	319	516
M1421_4	M1916_4	361	1112	13	26
M1421_4	M2120_4	361	1130	255	414
M1421_4	M2499_4	361	1330	1253	1984
M1421_4	M2500_4	361	1180	882	1376
M1421_4	M2703_4	361	1221	451	713
M1421_4	M279_4	361	1169	238	391
M1421_4	M566_4	361	1168	373	596
M1421_4	M913_4	361	1249	265	423
M1516_4	F1477_4	361	1222	694	694
M1516_4	F2284_4	361	1196	511	511
M1516_4	F303_4	361	1251	1030	1030
M1516_4	M1054_4	361	1224	444	444
M1516_4	M1421_4	361	1341	1087	1087
M1516_4	M1916_4	361	1275	42	42
M1516_4	M2120_4	361	1385	801	801
M1516_4	M2499_4	361	1245	1234	1234
M1516_4	M2500_4	361	1217	1133	1133
M1516_4	M2703_4	361	1115	790	790
M1516_4	M279_4	361	1235	681	681
M1516_4	M566_4	361	1289	873	873
M1516_4	M913_4	361	1377	756	756
M1916_4	F1477_4	361	1170	968	968
M1916_4	F2284_4	361	1249	915	915
M1916_4	F303_4	361	1113	1047	1047
M1916_4	M1054_4	361	1123	741	741
M1916_4	M1421_4	361	1112	1056	1056
M1916_4	M1516_4	361	1275	1048	1048
M1916_4	M2120_4	361	1397	1139	1139
M1916_4	M2499_4	361	1198	1193	1193
M1916_4	M2500_4	361	1257	1226	1226
M1916_4	M2703_4	361	1156	1051	1051
M1916_4	M279_4	361	1355	1118	1118
M1916_4	M566_4	361	1236	1090	1090
M1916_4	M913_4	361	1532	1252	1252
M2120_4	F1477_4	361	1169	616	797
M2120_4	F2284_4	361	1253	523	690
M2120_4	F303_4	361	1373	1100	1447
M2120_4	M1054_4	361	1229	411	516
M2120_4	M1421_4	361	1130	910	1229
M2120_4	M1516_4	361	1385	791	1043
M2120_4	M1916_4	361	1397	40	53
M2120_4	M2499_4	361	1196	1186	1582
M2120_4	M2500_4	361	1331	1225	1601
M2120_4	M2703_4	361	1147	816	1071
M2120_4	M279_4	361	1175	664	845
M2120_4	M566_4	361	1354	914	1203
M2120_4	M913_4	361	1127	570	748
M2499_4	F1477_4	361	1279	385	385
M2499_4	F2284_4	361	1225	234	234
M2499_4	F303_4	361	1257	765	765
M2499_4	M1054_4	361	1341	196	196
M2499_4	M1421_4	361	1330	709	709
M2499_4	M1516_4	361	1245	342	342
M2499_4	M1916_4	361	1198	4	4
M2499_4	M2120_4	361	1196	293	293
M2499_4	M2500_4	361	1241	992	992
M2499_4	M2703_4	361	1314	581	581
M2499_4	M279_4	361	1259	358	358
M2499_4	M566_4	361	1242	505	505
M2499_4	M913_4	361	1185	346	346
M2500_4	F1477_4	361	1320	695	695
M2500_4	F2284_4	361	1375	526	526
M2500_4	F303_4	361	1239	963	963
M2500_4	M1054_4	361	1431	402	402
M2500_4	M1421_4	361	1180	907	907
M2500_4	M1516_4	361	1217	660	660
M2500_4	M1916_4	361	1257	29	29
M2500_4	M2120_4	361	1331	674	674
M2500_4	M2499_4	361	1241	1214	1214
M2500_4	M2703_4	361	1253	859	859
M2500_4	M279_4	361	1268	625	625
M2500_4	M566_4	361	1119	719	719
M2500_4	M913_4	361	1297	637	637
M2703_4	F1477_4	361	1327	903	1216
M2703_4	F2284_4	361	1143	667	909
M2703_4	F303_4	361	1150	1020	1368
M2703_4	M1054_4	361	1330	613	809
M2703_4	M1421_4	361	1221	1095	1456
M2703_4	M1516_4	361	1115	795	1092
M2703_4	M1916_4	361	1156	62	90
M2703_4	M2120_4	361	1147	814	1123
M2703_4	M2499_4	361	1314	1304	1751
M2703_4	M2500_4	361	1253	1195	1565
M2703_4	M279_4	361	1308	906	1221
M2703_4	M566_4	361	1288	1004	1355
M2703_4	M913_4	361	1286	885	1160
M279_4	F1477_4	361	1158	916	916
M279_4	F2284_4	361	1374	911	911
M279_4	F303_4	361	1146	1056	1056
M279_4	M1054_4	361	1205	694	694
M279_4	M1421_4	361	1169	1064	1064
M279_4	M1516_4	361	1235	984	984
M279_4	M1916_4	361	1355	127	127
M279_4	M2120_4	361	1175	901	901
M279_4	M2499_4	361	1259	1252	1252
M279_4	M2500_4	361	1268	1229	1229
M279_4	M2703_4	361	1308	1141	1141
M279_4	M566_4	361	1352	1141	1141
M279_4	M913_4	361	1235	949	949
M566_4	F1477_4	361	1194	724	724
M566_4	F2284_4	361	1349	645	645
M566_4	F303_4	361	1119	922	922
M566_4	M1054_4	361	1354	526	526
M566_4	M1421_4	361	1168	992	992
M566_4	M1516_4	361	1289	785	785
M566_4	M1916_4	361	1236	34	34
M566_4	M2120_4	361	1354	751	751
M566_4	M2499_4	361	1242	1230	1230
M566_4	M2500_4	361	1119	1054	1054
M566_4	M2703_4	361	1288	955	955
M566_4	M279_4	361	1352	776	776
M566_4	M913_4	361	1346	779	779
M913_4	F1477_4	361	1105	571	2296
M913_4	F2284_4	361	1216	463	1870
M913_4	F303_4	361	1408	1084	4465
M913_4	M1054_4	361	1195	323	1292
M913_4	M1421_4	361	1249	974	3984
M913_4	M1516_4	361	1377	699	2766
M913_4	M1916_4	361	1532	29	127
M913_4	M2120_4	361	1127	523	2218
M913_4	M2499_4	361	1185	1163	4566
M913_4	M2500_4	361	1297	1198	4854
M913_4	M2703_4	361	1286	879	3676
M913_4	M279_4	361	1235	595	2424
M913_4	M566_4	361	1346	827	3396
F1635_4	F758_4	362	1267	337	525
F1635_4	F854_4	362	1481	794	1235
F1635_4	M1061_4	362	1374	95	148
F1635_4	M1599_4	362	1117	342	525
F1635_4	M165_4	362	1360	650	999
F1635_4	M1861_4	362	1266	465	699
F1635_4	M2126_4	362	1285	203	349
F1635_4	M261_4	362	1126	690	1081
F1635_4	M33_4	362	1317	919	1464
F1635_4	M429_4	362	1162	262	406
F1635_4	M51_4	362	1130	102	153
F1635_4	M787_4	362	1359	44	76
F1635_4	M826_4	362	1199	314	501
F758_4	F1635_4	362	1267	206	578
F758_4	F854_4	362	1182	290	821
F758_4	M1061_4	362	1280	19	46
F758_4	M1599_4	362	1296	153	454
F758_4	M165_4	362	1286	227	649
F758_4	M1861_4	362	1278	193	533
F758_4	M2126_4	362	1178	55	157
F758_4	M261_4	362	1360	438	1209
F758_4	M33_4	362	1232	478	1305
F758_4	M429_4	362	1669	121	340
F758_4	M51_4	362	1339	36	87
F758_4	M787_4	362	1355	14	32
F758_4	M826_4	362	1214	118	348
F854_4	F1635_4	362	1481	1457	1457
F854_4	F758_4	362	1182	1134	1134
F854_4	M1061_4	362	1098	899	899
F854_4	M1599_4	362	1186	1148	1148
F854_4	M165_4	362	1296	1272	1272
F854_4	M1861_4	362	1228	1201	1201
F854_4	M2126_4	362	1362	1235	1235
F854_4	M261_4	362	1179	1167	1167
F854_4	M33_4	362	1236	1223	1223
F854_4	M429_4	362	1424	1341	1341
F854_4	M51_4	362	1214	1043	1043
F854_4	M787_4	362	1282	899	899
F854_4	M826_4	362	1310	1252	1252
M1061_4	F1635_4	362	1374	1156	1647
M1061_4	F758_4	362	1280	932	1317
M1061_4	F854_4	362	1098	975	1374
M1061_4	M1599_4	362	1365	1050	1488
M1061_4	M165_4	362	1315	1170	1642
M1061_4	M1861_4	362	1340	1102	1514
M1061_4	M2126_4	362	1283	759	1067
M1061_4	M261_4	362	1250	1154	1617
M1061_4	M33_4	362	1152	1096	1555
M1061_4	M429_4	362	1251	851	1159
M1061_4	M51_4	362	1318	588	814
M1061_4	M787_4	362	1334	306	437
M1061_4	M826_4	362	1389	1042	1424
M1599_4	F1635_4	362	1117	328	735
M1599_4	F758_4	362	1296	267	597
M1599_4	F854_4	362	1186	501	1134
M1599_4	M1061_4	362	1365	58	138
M1599_4	M165_4	362	1418	475	1097
M1599_4	M1861_4	362	1219	392	902
M1599_4	M2126_4	362	1119	131	283
M1599_4	M261_4	362	1240	667	1489
M1599_4	M33_4	362	1313	778	1736
M1599_4	M429_4	362	1142	188	408
M1599_4	M51_4	362	1380	101	230
M1599_4	M787_4	362	1152	29	63
M1599_4	M826_4	362	1291	222	486
M165_4	F1635_4	362	1360	1308	1308
M165_4	F758_4	362	1286	1180	1180
M165_4	F854_4	362	1296	1251	1251
M165_4	M1061_4	362	1315	886	886
M165_4	M1599_4	362	1418	1324	1324
M165_4	M1861_4	362	1172	1113	1113
M165_4	M2126_4	362	1257	1067	1067
M165_4	M261_4	362	1248	1225	1225
M165_4	M33_4	362	1260	1243	1243
M165_4	M429_4	362	1316	1194	1194
M165_4	M51_4	362	1367	999	999
M165_4	M787_4	362	1241	642	642
M165_4	M826_4	362	1157	1051	1051
M1861_4	F1635_4	362	1266	1053	1053
M1861_4	F758_4	362	1278	893	893
M1861_4	F854_4	362	1228	1107	1107
M1861_4	M1061_4	362	1340	474	474
M1861_4	M1599_4	362	1219	909	909
M1861_4	M165_4	362	1172	998	998
M1861_4	M2126_4	362	1228	719	719
M1861_4	M261_4	362	1260	1169	1169
M1861_4	M33_4	362	1295	1224	1224
M1861_4	M429_4	362	1234	849	849
M1861_4	M51_4	362	1286	529	529
M1861_4	M787_4	362	1234	275	275
M1861_4	M826_4	362	1206	905	905
M2126_4	F1635_4	362	1285	559	1493
M2126_4	F758_4	362	1178	319	871
M2126_4	F854_4	362	1362	732	2016
M2126_4	M1061_4	362	1283	78	215
M2126_4	M1599_4	362	1119	326	889
M2126_4	M165_4	362	1257	585	1619
M2126_4	M1861_4	362	1228	481	1319
M2126_4	M261_4	362	1344	863	2347
M2126_4	M33_4	362	1207	851	2316
M2126_4	M429_4	362	1371	317	854
M2126_4	M51_4	362	1246	111	304
M2126_4	M787_4	362	1304	50	124
M2126_4	M826_4	362	1385	376	1032
M261_4	F1635_4	362	1126	450	450
M261_4	F758_4	362	1360	354	354
M261_4	F854_4	362	1179	582	582
M261_4	M1061_4	362	1250	88	88
M261_4	M1599_4	362	1240	341	341
M261_4	M165_4	362	1248	545	545
M261_4	M1861_4	362	1260	464	464
M261_4	M2126_4	362	1344	199	199
M261_4	M33_4	362	1242	887	887
M261_4	M429_4	362	1172	256	256
M261_4	M51_4	362	1376	116	116
M261_4	M787_4	362	1131	29	29
M261_4	M826_4	362	1333	352	352
M33_4	F1635_4	362	1317	961	1938
M33_4	F758_4	362	1232	698	1389
M33_4	F854_4	362	1236	1003	1933
M33_4	M1061_4	362	1152	251	506
M33_4	M1599_4	362	1313	780	1524
M33_4	M165_4	362	1260	946	1880
M33_4	M1861_4	362	1295	903	1802
M33_4	M2126_4	362	1207	469	918
M33_4	M261_4	362	1242	1082	2153
M33_4	M429_4	362	1231	640	1256
M33_4	M51_4	362	1255	351	713
M33_4	M787_4	362	1340	151	319
M33_4	M826_4	362	1220	729	1439
M429_4	F1635_4	362	1162	676	676
M429_4	F758_4	362	1669	693	693
M429_4	F854_4	362	1424	951	951
M429_4	M1061_4	362	1251	141	141
M429_4	M1599_4	362	1142	521	521
M429_4	M165_4	362	1316	787	787
M429_4	M1861_4	362	1234	660	660
M429_4	M2126_4	362	1371	363	363
M429_4	M261_4	362	1172	933	933
M429_4	M33_4	362	1231	1000	1000
M429_4	M51_4	362	1332	207	207
M429_4	M787_4	362	1462	92	92
M429_4	M826_4	362	1234	484	484
M51_4	F1635_4	362	1130	888	1253
M51_4	F758_4	362	1339	986	1408
M51_4	F854_4	362	1214	1071	1490
M51_4	M1061_4	362	1318	430	601
M51_4	M1599_4	362	1380	1014	1470
M51_4	M165_4	362	1367	1148	1671
M51_4	M1861_4	362	1286	1063	1534
M51_4	M2126_4	362	1246	730	1047
M51_4	M261_4	362	1376	1259	1800
M51_4	M33_4	362	1255	1191	1699
M51_4	M429_4	362	1332	904	1281
M51_4	M787_4	362	1243	261	372
M51_4	M826_4	362	1099	802	1150
M787_4	F1635_4	362	1359	463	741
M787_4	F758_4	362	1355	264	414
M787_4	F854_4	362	1282	589	951
M787_4	M1061_4	362	1334	59	85
M787_4	M1599_4	362	1152	273	430
M787_4	M165_4	362	1241	495	773
M787_4	M1861_4	362	1234	384	604
M787_4	M2126_4	362	1304	167	270
M787_4	M261_4	362	1131	682	1083
M787_4	M33_4	362	1340	835	1314
M787_4	M429_4	362	1462	263	401
M787_4	M51_4	362	1243	92	157
M787_4	M826_4	362	1260	283	460
M826_4	F1635_4	362	1199	1074	2354
M826_4	F758_4	362	1214	988	2167
M826_4	F854_4	362	1310	1228	2628
M826_4	M1061_4	362	1389	660	1453
M826_4	M1599_4	362	1291	1095	2321
M826_4	M165_4	362	1157	1055	2268
M826_4	M1861_4	362	1206	1072	2301
M826_4	M2126_4	362	1385	973	2035
M826_4	M261_4	362	1333	1299	2817
M826_4	M33_4	362	1220	1185	2596
M826_4	M429_4	362	1234	982	2118
M826_4	M51_4	362	1099	624	1364
M826_4	M787_4	362	1260	414	907
F1006_4	F1700_4	363	1274	166	166
F1006_4	F1744_4	363	1320	3	3
F1006_4	F1806_4	363	1292	38	38
F1006_4	F2173_4	363	1191	219	219
F1006_4	F2280_4	363	1380	82	82
F1006_4	F2721_4	363	1410	92	92
F1006_4	M1563_4	363	1288	270	270
F1006_4	M1766_4	363	1337	69	69
F1006_4	M2183_4	363	1367	530	530
F1006_4	M2463_4	363	1273	739	739
F1006_4	M2766_4	363	1344	169	169
F1006_4	M927_4	363	1350	317	317
F1006_4	M974_4	363	1295	77	77
F1700_4	F1006_4	363	1274	53	53
F1700_4	F1744_4	363	1183	4	4
F1700_4	F1806_4	363	1162	22	22
F1700_4	F2173_4	363	1435	152	152
F1700_4	F2280_4	363	1300	38	38
F1700_4	F2721_4	363	1283	52	52
F1700_4	M1563_4	363	1294	197	197
F1700_4	M1766_4	363	1330	38	38
F1700_4	M2183_4	363	1469	402	402
F1700_4	M2463_4	363	1270	608	608
F1700_4	M2766_4	363	1305	120	120
F1700_4	M927_4	363	1276	181	181
F1700_4	M974_4	363	1174	56	56
F1744_4	F1006_4	363	1320	555	555
F1744_4	F1700_4	363	1183	747	747
F1744_4	F1806_4	363	1348	406	406
F1744_4	F2173_4	363	1244	867	867
F1744_4	F2280_4	363	1279	461	461
F1744_4	F2721_4	363	1206	511	511
F1744_4	M1563_4	363	1187	892	892
F1744_4	M1766_4	363	1227	451	451
F1744_4	M2183_4	363	1326	1190	1190
F1744_4	M2463_4	363	1273	1203	1203
F1744_4	M2766_4	363	1193	745	745
F1744_4	M927_4	363	1155	873	873
F1744_4	M974_4	363	1562	716	716
F1806_4	F1006_4	363	1292	85	85
F1806_4	F1700_4	363	1162	130	130
F1806_4	F1744_4	363	1348	4	4
F1806_4	F2173_4	363	1210	192	192
F1806_4	F2280_4	363	1218	44	44
F1806_4	F2721_4	363	1201	70	70
F1806_4	M1563_4	363	1236	210	210
F1806_4	M1766_4	363	1264	49	49
F1806_4	M2183_4	363	1203	406	406
F1806_4	M2463_4	363	1353	710	710
F1806_4	M2766_4	363	1231	129	129
F1806_4	M927_4	363	1297	248	248
F1806_4	M974_4	363	1284	94	94
F2173_4	F1006_4	363	1191	212	212
F2173_4	F1700_4	363	1435	421	421
F2173_4	F1744_4	363	1244	20	20
F2173_4	F1806_4	363	1210	114	114
F2173_4	F2280_4	363	1259	164	164
F2173_4	F2721_4	363	1227	202	202
F2173_4	M1563_4	363	1418	601	601
F2173_4	M1766_4	363	1222	168	168
F2173_4	M2183_4	363	1231	817	817
F2173_4	M2463_4	363	1280	1042	1042
F2173_4	M2766_4	363	1157	343	343
F2173_4	M927_4	363	1283	596	596
F2173_4	M974_4	363	1185	243	243
F2280_4	F1006_4	363	1380	1206	1206
F2280_4	F1700_4	363	1300	1198	1198
F2280_4	F1744_4	363	1279	354	354
F2280_4	F1806_4	363	1218	932	932
F2280_4	F2173_4	363	1259	1202	1202
F2280_4	F2721_4	363	1250	1079	1079
F2280_4	M1563_4	363	1353	1311	1311
F2280_4	M1766_4	363	1212	999	999
F2280_4	M2183_4	363	1441	1411	1411
F2280_4	M2463_4	363	1271	1257	1257
F2280_4	M2766_4	363	1273	1173	1173
F2280_4	M927_4	363	1357	1309	1309
F2280_4	M974_4	363	1325	1177	1177
F2721_4	F1006_4	363	1410	762	762
F2721_4	F1700_4	363	1283	897	897
F2721_4	F1744_4	363	1206	96	96
F2721_4	F1806_4	363	1201	413	413
F2721_4	F2173_4	363	1227	930	930
F2721_4	F2280_4	363	1250	556	556
F2721_4	M1563_4	363	1232	1003	1003
F2721_4	M1766_4	363	1335	649	649
F2721_4	M2183_4	363	1236	1105	1105
F2721_4	M2463_4	363	1394	1336	1336
F2721_4	M2766_4	363	1244	860	860
F2721_4	M927_4	363	1352	1137	1137
F2721_4	M974_4	363	1480	818	818
M1563_4	F1006_4	363	1288	116	161
M1563_4	F1700_4	363	1294	173	231
M1563_4	F1744_4	363	1187	7	9
M1563_4	F1806_4	363	1236	50	70
M1563_4	F2173_4	363	1418	263	360
M1563_4	F2280_4	363	1353	63	93
M1563_4	F2721_4	363	1232	97	129
M1563_4	M1766_4	363	1256	81	109
M1563_4	M2183_4	363	1214	494	690
M1563_4	M2463_4	363	1312	801	1128
M1563_4	M2766_4	363	1213	159	211
M1563_4	M927_4	363	1205	300	416
M1563_4	M974_4	363	1173	94	137
M1766_4	F1006_4	363	1337	669	846
M1766_4	F1700_4	363	1330	872	1101
M1766_4	F1744_4	363	1227	80	103
M1766_4	F1806_4	363	1264	438	558
M1766_4	F2173_4	363	1222	918	1183
M1766_4	F2280_4	363	1212	525	677
M1766_4	F2721_4	363	1335	651	844
M1766_4	M1563_4	363	1256	1012	1270
M1766_4	M2183_4	363	1159	1038	1328
M1766_4	M2463_4	363	1225	1172	1494
M1766_4	M2766_4	363	1306	858	1113
M1766_4	M927_4	363	1349	1101	1424
M1766_4	M974_4	363	1120	610	805
M2183_4	F1006_4	363	1367	179	179
M2183_4	F1700_4	363	1469	374	374
M2183_4	F1744_4	363	1326	9	9
M2183_4	F1806_4	363	1203	78	78
M2183_4	F2173_4	363	1231	379	379
M2183_4	F2280_4	363	1441	154	154
M2183_4	F2721_4	363	1236	183	183
M2183_4	M1563_4	363	1214	472	472
M2183_4	M1766_4	363	1159	129	129
M2183_4	M2463_4	363	1443	1103	1103
M2183_4	M2766_4	363	1200	305	305
M2183_4	M927_4	363	1152	468	468
M2183_4	M974_4	363	1255	192	192
M2463_4	F1006_4	363	1273	196	689
M2463_4	F1700_4	363	1270	326	1139
M2463_4	F1744_4	363	1273	17	68
M2463_4	F1806_4	363	1353	107	372
M2463_4	F2173_4	363	1280	408	1482
M2463_4	F2280_4	363	1271	142	513
M2463_4	F2721_4	363	1394	178	619
M2463_4	M1563_4	363	1312	519	1816
M2463_4	M1766_4	363	1225	144	509
M2463_4	M2183_4	363	1443	878	3040
M2463_4	M2766_4	363	1061	284	990
M2463_4	M927_4	363	1204	519	1824
M2463_4	M974_4	363	1172	199	670
M2766_4	F1006_4	363	1344	140	375
M2766_4	F1700_4	363	1305	241	650
M2766_4	F1744_4	363	1193	10	28
M2766_4	F1806_4	363	1231	70	187
M2766_4	F2173_4	363	1157	273	775
M2766_4	F2280_4	363	1273	99	273
M2766_4	F2721_4	363	1244	130	379
M2766_4	M1563_4	363	1213	326	874
M2766_4	M1766_4	363	1306	84	240
M2766_4	M2183_4	363	1200	597	1716
M2766_4	M2463_4	363	1061	733	2067
M2766_4	M927_4	363	1245	418	1175
M2766_4	M974_4	363	1210	135	386
M927_4	F1006_4	363	1350	288	797
M927_4	F1700_4	363	1276	445	1209
M927_4	F1744_4	363	1155	25	62
M927_4	F1806_4	363	1297	126	352
M927_4	F2173_4	363	1283	550	1500
M927_4	F2280_4	363	1357	228	672
M927_4	F2721_4	363	1352	260	715
M927_4	M1563_4	363	1205	587	1588
M927_4	M1766_4	363	1349	204	542
M927_4	M2183_4	363	1152	813	2118
M927_4	M2463_4	363	1204	994	2763
M927_4	M2766_4	363	1245	412	1081
M927_4	M974_4	363	1206	272	713
M974_4	F1006_4	363	1295	1029	2079
M974_4	F1700_4	363	1174	1043	2091
M974_4	F1744_4	363	1562	312	626
M974_4	F1806_4	363	1284	831	1712
M974_4	F2173_4	363	1185	1088	2159
M974_4	F2280_4	363	1325	969	1902
M974_4	F2721_4	363	1480	1165	2301
M974_4	M1563_4	363	1173	1107	2254
M974_4	M1766_4	363	1120	837	1702
M974_4	M2183_4	363	1255	1212	2438
M974_4	M2463_4	363	1172	1151	2406
M974_4	M2766_4	363	1210	1060	2207
M974_4	M927_4	363	1206	1128	2270
F1068_4	F1128_4	364	1241	924	924
F1068_4	F1291_4	364	1231	30	30
F1068_4	F143_4	364	1316	478	478
F1068_4	F1527_4	364	1275	111	111
F1068_4	F1974_4	364	1186	83	83
F1068_4	F224_4	364	1457	468	468
F1068_4	F33_4	364	1296	62	62
F1068_4	F495_4	364	1205	531	531
F1068_4	M1591_4	364	1281	673	673
F1068_4	M1913_4	364	1189	911	911
F1068_4	M380_4	364	1278	331	331
F1068_4	M841_4	364	1297	214	214
F1068_4	M914_4	364	1282	273	273
F1128_4	F1068_4	364	1241	273	273
F1128_4	F1291_4	364	1269	129	129
F1128_4	F143_4	364	1084	806	806
F1128_4	F1527_4	364	1310	456	456
F1128_4	F1974_4	364	1324	375	375
F1128_4	F224_4	364	1468	1053	1053
F1128_4	F33_4	364	1261	229	229
F1128_4	F495_4	364	1255	1001	1001
F1128_4	M1591_4	364	1235	1060	1060
F1128_4	M1913_4	364	1314	1248	1248
F1128_4	M380_4	364	1207	776	776
F1128_4	M841_4	364	1607	767	767
F1128_4	M914_4	364	1109	617	617
F1291_4	F1068_4	364	1231	14	14
F1291_4	F1128_4	364	1269	580	580
F1291_4	F143_4	364	1210	141	141
F1291_4	F1527_4	364	1370	42	42
F1291_4	F1974_4	364	1187	31	31
F1291_4	F224_4	364	1101	111	111
F1291_4	F33_4	364	1260	19	19
F1291_4	F495_4	364	1357	203	203
F1291_4	M1591_4	364	1169	232	232
F1291_4	M1913_4	364	1281	568	568
F1291_4	M380_4	364	1384	107	107
F1291_4	M841_4	364	1154	48	48
F1291_4	M914_4	364	1320	86	86
F143_4	F1068_4	364	1316	394	1015
F143_4	F1128_4	364	1084	1041	2688
F143_4	F1291_4	364	1210	223	597
F143_4	F1527_4	364	1273	603	1525
F143_4	F1974_4	364	1435	592	1560
F143_4	F224_4	364	1132	901	2269
F143_4	F33_4	364	1238	346	901
F143_4	F495_4	364	1273	1094	2852
F143_4	M1591_4	364	1231	1118	2863
F143_4	M1913_4	364	1155	1106	2893
F143_4	M380_4	364	1272	946	2432
F143_4	M841_4	364	1258	739	1909
F143_4	M914_4	364	1318	940	2383
F1527_4	F1068_4	364	1275	186	657
F1527_4	F1128_4	364	1310	1201	4102
F1527_4	F1291_4	364	1370	98	353
F1527_4	F143_4	364	1273	823	2781
F1527_4	F1974_4	364	1271	262	915
F1527_4	F224_4	364	1155	665	2208
F1527_4	F33_4	364	1230	163	588
F1527_4	F495_4	364	1334	947	3214
F1527_4	M1591_4	364	1339	1040	3543
F1527_4	M1913_4	364	1287	1184	4033
F1527_4	M380_4	364	1272	666	2310
F1527_4	M841_4	364	1176	414	1464
F1527_4	M914_4	364	1230	597	2029
F1974_4	F1068_4	364	1186	602	883
F1974_4	F1128_4	364	1324	1308	1894
F1974_4	F1291_4	364	1187	380	569
F1974_4	F143_4	364	1435	1312	1982
F1974_4	F1527_4	364	1271	862	1226
F1974_4	F224_4	364	1248	1125	1637
F1974_4	F33_4	364	1322	587	841
F1974_4	F495_4	364	1305	1241	1839
F1974_4	M1591_4	364	1332	1291	1883
F1974_4	M1913_4	364	1237	1225	1768
F1974_4	M380_4	364	1257	1111	1654
F1974_4	M841_4	364	1589	1246	1810
F1974_4	M914_4	364	1183	1020	1515
F224_4	F1068_4	364	1457	828	1934
F224_4	F1128_4	364	1468	1448	3300
F224_4	F1291_4	364	1101	425	939
F224_4	F143_4	364	1132	1062	2441
F224_4	F1527_4	364	1155	856	1942
F224_4	F1974_4	364	1248	816	1834
F224_4	F33_4	364	1176	636	1440
F224_4	F495_4	364	1090	1057	2367
F224_4	M1591_4	364	1225	1182	2721
F224_4	M1913_4	364	1212	1202	2708
F224_4	M380_4	364	1308	1172	2654
F224_4	M841_4	364	1261	1046	2374
F224_4	M914_4	364	1240	1081	2452
F33_4	F1068_4	364	1296	144	144
F33_4	F1128_4	364	1261	1109	1109
F33_4	F1291_4	364	1260	55	55
F33_4	F143_4	364	1238	701	701
F33_4	F1527_4	364	1230	240	240
F33_4	F1974_4	364	1322	196	196
F33_4	F224_4	364	1176	629	629
F33_4	F495_4	364	1317	841	841
F33_4	M1591_4	364	1166	851	851
F33_4	M1913_4	364	1276	1152	1152
F33_4	M380_4	364	1307	586	586
F33_4	M841_4	364	1203	365	365
F33_4	M914_4	364	1400	602	602
F495_4	F1068_4	364	1205	50	60
F495_4	F1128_4	364	1255	935	1150
F495_4	F1291_4	364	1357	37	44
F495_4	F143_4	364	1273	454	543
F495_4	F1527_4	364	1334	112	136
F495_4	F1974_4	364	1305	94	119
F495_4	F224_4	364	1090	334	414
F495_4	F33_4	364	1317	54	61
F495_4	M1591_4	364	1134	554	688
F495_4	M1913_4	364	1311	981	1222
F495_4	M380_4	364	1181	283	345
F495_4	M841_4	364	1457	198	240
F495_4	M914_4	364	1238	230	279
M1591_4	F1068_4	364	1281	948	948
M1591_4	F1128_4	364	1235	1226	1226
M1591_4	F1291_4	364	1169	674	674
M1591_4	F143_4	364	1231	1197	1197
M1591_4	F1527_4	364	1339	1167	1167
M1591_4	F1974_4	364	1332	1104	1104
M1591_4	F224_4	364	1225	1189	1189
M1591_4	F33_4	364	1166	820	820
M1591_4	F495_4	364	1134	1111	1111
M1591_4	M1913_4	364	1196	1192	1192
M1591_4	M380_4	364	1379	1323	1323
M1591_4	M841_4	364	1199	1111	1111
M1591_4	M914_4	364	1251	1197	1197
M1913_4	F1068_4	364	1189	352	588
M1913_4	F1128_4	364	1314	1266	2150
M1913_4	F1291_4	364	1281	230	391
M1913_4	F143_4	364	1155	976	1654
M1913_4	F1527_4	364	1287	612	1065
M1913_4	F1974_4	364	1237	511	860
M1913_4	F224_4	364	1212	923	1560
M1913_4	F33_4	364	1276	326	551
M1913_4	F495_4	364	1311	1137	1934
M1913_4	M1591_4	364	1196	1067	1813
M1913_4	M380_4	364	1217	911	1590
M1913_4	M841_4	364	1164	668	1130
M1913_4	M914_4	364	1388	976	1650
M380_4	F1068_4	364	1278	39	39
M380_4	F1128_4	364	1207	736	736
M380_4	F1291_4	364	1384	13	13
M380_4	F143_4	364	1272	314	314
M380_4	F1527_4	364	1272	69	69
M380_4	F1974_4	364	1257	40	40
M380_4	F224_4	364	1308	243	243
M380_4	F33_4	364	1307	23	23
M380_4	F495_4	364	1181	328	328
M380_4	M1591_4	364	1379	496	496
M380_4	M1913_4	364	1217	811	811
M380_4	M841_4	364	1322	112	112
M380_4	M914_4	364	1326	176	176
M841_4	F1068_4	364	1297	685	685
M841_4	F1128_4	364	1607	1588	1588
M841_4	F1291_4	364	1154	419	419
M841_4	F143_4	364	1258	1167	1167
M841_4	F1527_4	364	1176	815	815
M841_4	F1974_4	364	1589	1007	1007
M841_4	F224_4	364	1261	1141	1141
M841_4	F33_4	364	1203	560	560
M841_4	F495_4	364	1457	1366	1366
M841_4	M1591_4	364	1199	1145	1145
M841_4	M1913_4	364	1164	1146	1146
M841_4	M380_4	364	1322	1160	1160
M841_4	M914_4	364	1285	1102	1102
M914_4	F1068_4	364	1282	90	90
M914_4	F1128_4	364	1109	941	941
M914_4	F1291_4	364	1320	43	43
M914_4	F143_4	364	1318	655	655
M914_4	F1527_4	364	1230	164	164
M914_4	F1974_4	364	1183	138	138
M914_4	F224_4	364	1240	532	532
M914_4	F33_4	364	1400	80	80
M914_4	F495_4	364	1238	689	689
M914_4	M1591_4	364	1251	810	810
M914_4	M1913_4	364	1388	1173	1173
M914_4	M380_4	364	1326	475	475
M914_4	M841_4	364	1285	275	275
F116_4	F1252_4	365	1359	758	1150
F116_4	F1306_4	365	1139	715	1076
F116_4	F1879_4	365	1275	759	1132
F116_4	F2100_4	365	1260	1001	1502
F116_4	F2129_4	365	1170	696	1031
F116_4	F2566_4	365	1207	665	989
F116_4	F2636_4	365	1178	942	1376
F116_4	F43_4	365	1313	1026	1564
F116_4	F582_4	365	1316	718	1088
F116_4	M1575_4	365	1310	666	1002
F116_4	M2496_4	365	1173	705	1048
F116_4	M2796_4	365	1204	1021	1536
F116_4	M836_4	365	1463	955	1434
F1252_4	F116_4	365	1359	1014	3052
F1252_4	F1306_4	365	1212	197	570
F1252_4	F1879_4	365	1325	189	546
F1252_4	F2100_4	365	1310	444	1345
F1252_4	F2129_4	365	1369	191	573
F1252_4	F2566_4	365	1134	151	448
F1252_4	F2636_4	365	1256	406	1265
F1252_4	F43_4	365	1266	395	1176
F1252_4	F582_4	365	1099	132	402
F1252_4	M1575_4	365	1309	142	436
F1252_4	M2496_4	365	1261	176	555
F1252_4	M2796_4	365	1182	498	1466
F1252_4	M836_4	365	1207	207	632
F1306_4	F116_4	365	1139	712	712
F1306_4	F1252_4	365	1212	95	95
F1306_4	F1879_4	365	1288	113	113
F1306_4	F2100_4	365	1181	264	264
F1306_4	F2129_4	365	1285	118	118
F1306_4	F2566_4	365	1236	105	105
F1306_4	F2636_4	365	1191	277	277
F1306_4	F43_4	365	1236	264	264
F1306_4	F582_4	365	1196	111	111
F1306_4	M1575_4	365	1340	97	97
F1306_4	M2496_4	365	1146	134	134
F1306_4	M2796_4	365	1095	326	326
F1306_4	M836_4	365	1288	159	159
F1879_4	F116_4	365	1275	1109	1241
F1879_4	F1252_4	365	1325	346	380
F1879_4	F1306_4	365	1288	417	465
F1879_4	F2100_4	365	1238	669	756
F1879_4	F2129_4	365	1185	346	377
F1879_4	F2566_4	365	1301	353	391
F1879_4	F2636_4	365	1178	612	693
F1879_4	F43_4	365	1472	738	837
F1879_4	F582_4	365	1250	330	382
F1879_4	M1575_4	365	1226	274	309
F1879_4	M2496_4	365	1468	447	499
F1879_4	M2796_4	365	1228	791	878
F1879_4	M836_4	365	1315	491	550
F2100_4	F116_4	365	1260	1234	2275
F2100_4	F1252_4	365	1310	779	1480
F2100_4	F1306_4	365	1181	789	1477
F2100_4	F1879_4	365	1238	751	1398
F2100_4	F2129_4	365	1171	758	1385
F2100_4	F2566_4	365	1200	746	1420
F2100_4	F2636_4	365	1308	1081	2041
F2100_4	F43_4	365	1530	1220	2265
F2100_4	F582_4	365	1163	678	1333
F2100_4	M1575_4	365	1271	673	1258
F2100_4	M2496_4	365	1151	721	1397
F2100_4	M2796_4	365	1090	943	1719
F2100_4	M836_4	365	1235	869	1609
F2129_4	F116_4	365	1170	737	2099
F2129_4	F1252_4	365	1369	104	305
F2129_4	F1306_4	365	1285	136	411
F2129_4	F1879_4	365	1185	90	265
F2129_4	F2100_4	365	1171	283	850
F2129_4	F2566_4	365	1153	103	294
F2129_4	F2636_4	365	1151	239	690
F2129_4	F43_4	365	1271	265	766
F2129_4	F582_4	365	1381	111	331
F2129_4	M1575_4	365	1231	82	238
F2129_4	M2496_4	365	1299	124	376
F2129_4	M2796_4	365	1446	408	1178
F2129_4	M836_4	365	1301	136	394
F2566_4	F116_4	365	1207	1087	3729
F2566_4	F1252_4	365	1134	362	1237
F2566_4	F1306_4	365	1236	470	1576
F2566_4	F1879_4	365	1301	508	1726
F2566_4	F2100_4	365	1200	740	2472
F2566_4	F2129_4	365	1153	444	1439
F2566_4	F2636_4	365	1227	748	2578
F2566_4	F43_4	365	1229	724	2460
F2566_4	F582_4	365	1252	434	1509
F2566_4	M1575_4	365	1288	365	1237
F2566_4	M2496_4	365	1240	442	1491
F2566_4	M2796_4	365	1422	993	3330
F2566_4	M836_4	365	1304	568	1911
F2636_4	F116_4	365	1178	877	877
F2636_4	F1252_4	365	1256	187	187
F2636_4	F1306_4	365	1191	216	216
F2636_4	F1879_4	365	1178	194	194
F2636_4	F2100_4	365	1308	468	468
F2636_4	F2129_4	365	1151	216	216
F2636_4	F2566_4	365	1227	197	197
F2636_4	F43_4	365	1344	466	466
F2636_4	F582_4	365	1309	189	189
F2636_4	M1575_4	365	1296	167	167
F2636_4	M2496_4	365	1181	230	230
F2636_4	M2796_4	365	1372	617	617
F2636_4	M836_4	365	1086	198	198
F43_4	F116_4	365	1313	1291	1291
F43_4	F1252_4	365	1266	926	926
F43_4	F1306_4	365	1236	931	931
F43_4	F1879_4	365	1472	1103	1103
F43_4	F2100_4	365	1530	1369	1369
F43_4	F2129_4	365	1271	972	972
F43_4	F2566_4	365	1229	943	943
F43_4	F2636_4	365	1344	1223	1223
F43_4	F582_4	365	1181	884	884
F43_4	M1575_4	365	1193	836	836
F43_4	M2496_4	365	1297	996	996
F43_4	M2796_4	365	1319	1198	1198
F43_4	M836_4	365	1193	979	979
F582_4	F116_4	365	1316	1141	4846
F582_4	F1252_4	365	1099	252	1034
F582_4	F1306_4	365	1196	353	1438
F582_4	F1879_4	365	1250	364	1535
F582_4	F2100_4	365	1163	613	2587
F582_4	F2129_4	365	1381	394	1642
F582_4	F2566_4	365	1252	325	1353
F582_4	F2636_4	365	1309	670	2763
F582_4	F43_4	365	1181	563	2461
F582_4	M1575_4	365	1131	235	944
F582_4	M2496_4	365	1297	342	1451
F582_4	M2796_4	365	1299	786	3225
F582_4	M836_4	365	1246	468	1916
M1575_4	F116_4	365	1310	1282	1282
M1575_4	F1252_4	365	1309	985	985
M1575_4	F1306_4	365	1340	1036	1036
M1575_4	F1879_4	365	1226	937	937
M1575_4	F2100_4	365	1271	1150	1150
M1575_4	F2129_4	365	1231	959	959
M1575_4	F2566_4	365	1288	955	955
M1575_4	F2636_4	365	1296	1169	1169
M1575_4	F43_4	365	1193	1073	1073
M1575_4	F582_4	365	1131	849	849
M1575_4	M2496_4	365	1355	1045	1045
M1575_4	M2796_4	365	1315	1215	1215
M1575_4	M836_4	365	1337	1100	1100
M2496_4	F116_4	365	1173	1042	1165
M2496_4	F1252_4	365	1261	376	426
M2496_4	F1306_4	365	1146	415	470
M2496_4	F1879_4	365	1468	499	546
M2496_4	F2100_4	365	1151	678	746
M2496_4	F2129_4	365	1299	462	507
M2496_4	F2566_4	365	1240	405	453
M2496_4	F2636_4	365	1181	708	771
M2496_4	F43_4	365	1297	698	776
M2496_4	F582_4	365	1297	403	448
M2496_4	M1575_4	365	1355	366	413
M2496_4	M2796_4	365	1282	890	985
M2496_4	M836_4	365	1244	553	619
M2796_4	F116_4	365	1204	1171	1171
M2796_4	F1252_4	365	1182	664	664
M2796_4	F1306_4	365	1095	665	665
M2796_4	F1879_4	365	1228	762	762
M2796_4	F2100_4	365	1090	898	898
M2796_4	F2129_4	365	1446	911	911
M2796_4	F2566_4	365	1422	795	795
M2796_4	F2636_4	365	1372	1093	1093
M2796_4	F43_4	365	1319	1036	1036
M2796_4	F582_4	365	1299	728	728
M2796_4	M1575_4	365	1315	709	709
M2796_4	M2496_4	365	1282	764	764
M2796_4	M836_4	365	1221	842	842
M836_4	F116_4	365	1463	1416	2906
M836_4	F1252_4	365	1207	776	1579
M836_4	F1306_4	365	1288	868	1795
M836_4	F1879_4	365	1315	896	1916
M836_4	F2100_4	365	1235	1041	2123
M836_4	F2129_4	365	1301	864	1769
M836_4	F2566_4	365	1304	851	1798
M836_4	F2636_4	365	1086	907	1847
M836_4	F43_4	365	1193	984	2024
M836_4	F582_4	365	1246	804	1625
M836_4	M1575_4	365	1337	782	1618
M836_4	M2496_4	365	1244	843	1717
M836_4	M2796_4	365	1221	1093	2210
F127_4	F1309_4	366	1206	58	143
F127_4	F1426_4	366	1231	210	535
F127_4	F2131_4	366	1311	232	569
F127_4	F2154_4	366	1253	357	886
F127_4	F2261_4	366	1317	149	361
F127_4	F2390_4	366	1247	385	962
F127_4	F405_4	366	1101	72	171
F127_4	F490_4	366	1267	132	332
F127_4	M1977_4	366	1163	61	158
F127_4	M2181_4	366	1240	139	338
F127_4	M315_4	366	1163	118	305
F127_4	M796_4	366	1177	11	22
F127_4	M973_4	366	1106	83	195
F1309_4	F127_4	366	1206	369	1422
F1309_4	F1426_4	366	1134	193	753
F1309_4	F2131_4	366	1228	214	851
F1309_4	F2154_4	366	1401	395	1535
F1309_4	F2261_4	366	1285	184	698
F1309_4	F2390_4	366	1190	399	1518
F1309_4	F405_4	366	1285	124	479
F1309_4	F490_4	366	1277	128	476
F1309_4	M1977_4	366	1113	86	330
F1309_4	M2181_4	366	1173	158	595
F1309_4	M315_4	366	1191	88	336
F1309_4	M796_4	366	1299	16	65
F1309_4	M973_4	366	1094	83	326
F1426_4	F127_4	366	1231	996	1592
F1426_4	F1309_4	366	1134	403	664
F1426_4	F2131_4	366	1326	922	1467
F1426_4	F2154_4	366	1231	1005	1588
F1426_4	F2261_4	366	1213	711	1150
F1426_4	F2390_4	366	1140	950	1520
F1426_4	F405_4	366	1304	582	912
F1426_4	F490_4	366	1368	636	1039
F1426_4	M1977_4	366	1322	541	888
F1426_4	M2181_4	366	1382	803	1288
F1426_4	M315_4	366	1142	541	890
F1426_4	M796_4	366	1299	117	197
F1426_4	M973_4	366	1177	524	847
F2131_4	F127_4	366	1311	1297	1505
F2131_4	F1309_4	366	1228	1097	1279
F2131_4	F1426_4	366	1326	1298	1514
F2131_4	F2154_4	366	1235	1214	1408
F2131_4	F2261_4	366	1363	1307	1541
F2131_4	F2390_4	366	1353	1336	1540
F2131_4	F405_4	366	1203	1121	1301
F2131_4	F490_4	366	1301	1206	1426
F2131_4	M1977_4	366	1234	1128	1298
F2131_4	M2181_4	366	1228	1169	1360
F2131_4	M315_4	366	1140	1062	1215
F2131_4	M796_4	366	1407	844	997
F2131_4	M973_4	366	1241	1145	1323
F2154_4	F127_4	366	1253	823	2151
F2154_4	F1309_4	366	1401	299	782
F2154_4	F1426_4	366	1231	617	1627
F2154_4	F2131_4	366	1235	599	1586
F2154_4	F2261_4	366	1136	441	1161
F2154_4	F2390_4	366	1254	829	2259
F2154_4	F405_4	366	1251	375	997
F2154_4	F490_4	366	1233	366	1024
F2154_4	M1977_4	366	1328	293	766
F2154_4	M2181_4	366	1096	442	1146
F2154_4	M315_4	366	1346	368	966
F2154_4	M796_4	366	1217	46	127
F2154_4	M973_4	366	1258	344	943
F2261_4	F127_4	366	1317	1151	2993
F2261_4	F1309_4	366	1285	653	1651
F2261_4	F1426_4	366	1213	966	2467
F2261_4	F2131_4	366	1363	1091	2884
F2261_4	F2154_4	366	1136	1008	2645
F2261_4	F2390_4	366	1362	1213	3069
F2261_4	F405_4	366	1214	757	1943
F2261_4	F490_4	366	1115	700	1843
F2261_4	M1977_4	366	1169	620	1570
F2261_4	M2181_4	366	1184	824	2139
F2261_4	M315_4	366	1321	808	2033
F2261_4	M796_4	366	1288	225	586
F2261_4	M973_4	366	1322	764	2016
F2390_4	F127_4	366	1247	1153	1153
F2390_4	F1309_4	366	1190	707	707
F2390_4	F1426_4	366	1140	967	967
F2390_4	F2131_4	366	1353	1146	1146
F2390_4	F2154_4	366	1254	1128	1128
F2390_4	F2261_4	366	1362	1081	1081
F2390_4	F405_4	366	1312	915	915
F2390_4	F490_4	366	1261	919	919
F2390_4	M1977_4	366	1289	854	854
F2390_4	M2181_4	366	1169	910	910
F2390_4	M315_4	366	1303	940	940
F2390_4	M796_4	366	1218	252	252
F2390_4	M973_4	366	1245	852	852
F405_4	F127_4	366	1101	985	985
F405_4	F1309_4	366	1285	685	685
F405_4	F1426_4	366	1304	1069	1069
F405_4	F2131_4	366	1203	987	987
F405_4	F2154_4	366	1251	1128	1128
F405_4	F2261_4	366	1214	937	937
F405_4	F2390_4	366	1312	1204	1204
F405_4	F490_4	366	1186	789	789
F405_4	M1977_4	366	1243	740	740
F405_4	M2181_4	366	1171	877	877
F405_4	M315_4	366	1184	768	768
F405_4	M796_4	366	1269	220	220
F405_4	M973_4	366	1351	867	867
F490_4	F127_4	366	1267	997	2999
F490_4	F1309_4	366	1277	398	1238
F490_4	F1426_4	366	1368	842	2540
F490_4	F2131_4	366	1301	818	2497
F490_4	F2154_4	366	1233	952	2847
F490_4	F2261_4	366	1115	606	1835
F490_4	F2390_4	366	1261	964	2895
F490_4	F405_4	366	1186	497	1408
F490_4	M1977_4	366	1357	486	1465
F490_4	M2181_4	366	1238	640	1890
F490_4	M315_4	366	1263	542	1575
F490_4	M796_4	366	1450	99	309
F490_4	M973_4	366	1177	456	1375
M1977_4	F127_4	366	1163	1016	1016
M1977_4	F1309_4	366	1113	510	510
M1977_4	F1426_4	366	1322	1041	1041
M1977_4	F2131_4	366	1234	977	977
M1977_4	F2154_4	366	1328	1164	1164
M1977_4	F2261_4	366	1169	819	819
M1977_4	F2390_4	366	1289	1141	1141
M1977_4	F405_4	366	1243	772	772
M1977_4	F490_4	366	1357	824	824
M1977_4	M2181_4	366	1090	773	773
M1977_4	M315_4	366	1216	743	743
M1977_4	M796_4	366	1316	185	185
M1977_4	M973_4	366	1238	686	686
M2181_4	F127_4	366	1240	800	876
M2181_4	F1309_4	366	1173	231	262
M2181_4	F1426_4	366	1382	715	802
M2181_4	F2131_4	366	1228	619	688
M2181_4	F2154_4	366	1096	721	804
M2181_4	F2261_4	366	1184	439	490
M2181_4	F2390_4	366	1169	811	907
M2181_4	F405_4	366	1171	340	371
M2181_4	F490_4	366	1238	359	390
M2181_4	M1977_4	366	1090	276	307
M2181_4	M315_4	366	1397	388	427
M2181_4	M796_4	366	1382	70	75
M2181_4	M973_4	366	1484	365	405
M315_4	F127_4	366	1163	1144	1144
M315_4	F1309_4	366	1191	1021	1021
M315_4	F1426_4	366	1142	1084	1084
M315_4	F2131_4	366	1140	1092	1092
M315_4	F2154_4	366	1346	1318	1318
M315_4	F2261_4	366	1321	1247	1247
M315_4	F2390_4	366	1303	1283	1283
M315_4	F405_4	366	1184	1075	1075
M315_4	F490_4	366	1263	1145	1145
M315_4	M1977_4	366	1216	1072	1072
M315_4	M2181_4	366	1397	1321	1321
M315_4	M796_4	366	1307	649	649
M315_4	M973_4	366	1244	1126	1126
M796_4	F127_4	366	1177	506	599
M796_4	F1309_4	366	1299	129	149
M796_4	F1426_4	366	1299	363	446
M796_4	F2131_4	366	1407	435	530
M796_4	F2154_4	366	1217	527	628
M796_4	F2261_4	366	1288	255	297
M796_4	F2390_4	366	1218	568	682
M796_4	F405_4	366	1269	166	188
M796_4	F490_4	366	1450	218	253
M796_4	M1977_4	366	1316	160	187
M796_4	M2181_4	366	1382	272	323
M796_4	M315_4	366	1307	173	202
M796_4	M973_4	366	1127	128	150
M973_4	F127_4	366	1106	821	821
M973_4	F1309_4	366	1094	290	290
M973_4	F1426_4	366	1177	721	721
M973_4	F2131_4	366	1241	768	768
M973_4	F2154_4	366	1258	965	965
M973_4	F2261_4	366	1322	672	672
M973_4	F2390_4	366	1245	948	948
M973_4	F405_4	366	1351	508	508
M973_4	F490_4	366	1177	480	480
M973_4	M1977_4	366	1238	378	378
M973_4	M2181_4	366	1484	717	717
M973_4	M315_4	366	1244	449	449
M973_4	M796_4	366	1127	76	76
F1742_4	F2106_4	367	1231	177	255
F1742_4	F210_4	367	1236	950	1482
F1742_4	F467_4	367	1381	126	203
F1742_4	F86_4	367	1265	482	747
F1742_4	F875_4	367	1311	326	500
F1742_4	M106_4	367	1195	256	394
F1742_4	M1102_4	367	1403	465	744
F1742_4	M1132_4	367	1226	266	420
F1742_4	M1471_4	367	1218	19	27
F1742_4	M1654_4	367	1295	264	418
F1742_4	M1696_4	367	1184	484	758
F1742_4	M1892_4	367	1222	243	367
F1742_4	M1919_4	367	1288	478	733
F2106_4	F1742_4	367	1231	1081	2533
F2106_4	F210_4	367	1153	1140	2580
F2106_4	F467_4	367	1346	1050	2506
F2106_4	F86_4	367	1326	1259	2917
F2106_4	F875_4	367	1455	1316	3037
F2106_4	M106_4	367	1212	1070	2482
F2106_4	M1102_4	367	1271	1202	2775
F2106_4	M1132_4	367	1297	1169	2706
F2106_4	M1471_4	367	1208	465	1151
F2106_4	M1654_4	367	1093	986	2255
F2106_4	M1696_4	367	1202	1142	2674
F2106_4	M1892_4	367	1253	1078	2554
F2106_4	M1919_4	367	1187	1118	2620
F210_4	F1742_4	367	1236	1165	2736
F210_4	F2106_4	367	1153	1078	2553
F210_4	F467_4	367	1197	1080	2573
F210_4	F86_4	367	1267	1245	2974
F210_4	F875_4	367	1174	1147	2796
F210_4	M106_4	367	1241	1198	2844
F210_4	M1102_4	367	1363	1328	3146
F210_4	M1132_4	367	1220	1188	2789
F210_4	M1471_4	367	1278	817	1960
F210_4	M1654_4	367	1268	1221	2864
F210_4	M1696_4	367	1256	1239	3008
F210_4	M1892_4	367	1386	1332	3174
F210_4	M1919_4	367	1233	1209	2850
F467_4	F1742_4	367	1381	760	2837
F467_4	F2106_4	367	1346	669	2528
F467_4	F210_4	367	1197	1154	4368
F467_4	F86_4	367	1493	1171	4467
F467_4	F875_4	367	1303	850	3274
F467_4	M106_4	367	1265	809	3052
F467_4	M1102_4	367	1285	990	3735
F467_4	M1132_4	367	1437	865	3356
F467_4	M1471_4	367	1359	155	603
F467_4	M1654_4	367	1223	726	2840
F467_4	M1696_4	367	1233	1043	3996
F467_4	M1892_4	367	1195	677	2602
F467_4	M1919_4	367	1341	995	3722
F86_4	F1742_4	367	1265	266	266
F86_4	F2106_4	367	1326	236	236
F86_4	F210_4	367	1267	995	995
F86_4	F467_4	367	1493	194	194
F86_4	F875_4	367	1348	371	371
F86_4	M106_4	367	1334	325	325
F86_4	M1102_4	367	1384	563	563
F86_4	M1132_4	367	1148	304	304
F86_4	M1471_4	367	1251	36	36
F86_4	M1654_4	367	1226	305	305
F86_4	M1696_4	367	1396	606	606
F86_4	M1892_4	367	1434	329	329
F86_4	M1919_4	367	1315	492	492
F875_4	F1742_4	367	1311	766	868
F875_4	F2106_4	367	1455	808	934
F875_4	F210_4	367	1174	1113	1272
F875_4	F467_4	367	1303	542	643
F875_4	F86_4	367	1348	1086	1272
F875_4	M106_4	367	1297	839	980
F875_4	M1102_4	367	1303	1008	1160
F875_4	M1132_4	367	1117	752	883
F875_4	M1471_4	367	1373	152	171
F875_4	M1654_4	367	1088	708	828
F875_4	M1696_4	367	1338	1078	1255
F875_4	M1892_4	367	1168	724	850
F875_4	M1919_4	367	1074	835	979
M106_4	F1742_4	367	1195	835	835
M106_4	F2106_4	367	1212	796	796
M106_4	F210_4	367	1241	1207	1207
M106_4	F467_4	367	1265	687	687
M106_4	F86_4	367	1334	1170	1170
M106_4	F875_4	367	1297	1005	1005
M106_4	M1102_4	367	1177	1024	1024
M106_4	M1132_4	367	1225	903	903
M106_4	M1471_4	367	1258	204	204
M106_4	M1654_4	367	1219	906	906
M106_4	M1696_4	367	1228	1054	1054
M106_4	M1892_4	367	1273	902	902
M106_4	M1919_4	367	1156	998	998
M1102_4	F1742_4	367	1403	560	560
M1102_4	F2106_4	367	1271	447	447
M1102_4	F210_4	367	1363	1232	1232
M1102_4	F467_4	367	1285	330	330
M1102_4	F86_4	367	1384	937	937
M1102_4	F875_4	367	1303	656	656
M1102_4	M106_4	367	1177	520	520
M1102_4	M1132_4	367	1276	611	611
M1102_4	M1471_4	367	1344	72	72
M1102_4	M1654_4	367	1296	592	592
M1102_4	M1696_4	367	1322	887	887
M1102_4	M1892_4	367	1403	594	594
M1102_4	M1919_4	367	1195	741	741
M1132_4	F1742_4	367	1226	484	1075
M1132_4	F2106_4	367	1297	448	1017
M1132_4	F210_4	367	1220	1106	2489
M1132_4	F467_4	367	1437	348	749
M1132_4	F86_4	367	1148	765	1672
M1132_4	F875_4	367	1117	511	1157
M1132_4	M106_4	367	1225	555	1263
M1132_4	M1102_4	367	1276	805	1846
M1132_4	M1471_4	367	1271	66	142
M1132_4	M1654_4	367	1215	533	1225
M1132_4	M1696_4	367	1267	861	1920
M1132_4	M1892_4	367	1244	508	1169
M1132_4	M1919_4	367	1175	757	1699
M1471_4	F1742_4	367	1218	872	872
M1471_4	F2106_4	367	1208	863	863
M1471_4	F210_4	367	1278	1251	1251
M1471_4	F467_4	367	1359	807	807
M1471_4	F86_4	367	1251	1142	1142
M1471_4	F875_4	367	1373	1104	1104
M1471_4	M106_4	367	1258	952	952
M1471_4	M1102_4	367	1344	1193	1193
M1471_4	M1132_4	367	1271	1023	1023
M1471_4	M1654_4	367	1297	993	993
M1471_4	M1696_4	367	1327	1195	1195
M1471_4	M1892_4	367	1259	948	948
M1471_4	M1919_4	367	1230	1070	1070
M1654_4	F1742_4	367	1295	1107	2356
M1654_4	F2106_4	367	1093	891	1933
M1654_4	F210_4	367	1268	1259	2645
M1654_4	F467_4	367	1223	917	2021
M1654_4	F86_4	367	1226	1168	2498
M1654_4	F875_4	367	1088	962	2090
M1654_4	M106_4	367	1219	1066	2276
M1654_4	M1102_4	367	1296	1237	2664
M1654_4	M1132_4	367	1215	1079	2339
M1654_4	M1471_4	367	1297	453	981
M1654_4	M1696_4	367	1262	1200	2566
M1654_4	M1892_4	367	1261	1110	2396
M1654_4	M1919_4	367	1218	1141	2463
M1696_4	F1742_4	367	1184	629	674
M1696_4	F2106_4	367	1202	584	633
M1696_4	F210_4	367	1256	1194	1274
M1696_4	F467_4	367	1233	457	486
M1696_4	F86_4	367	1396	1063	1144
M1696_4	F875_4	367	1338	837	886
M1696_4	M106_4	367	1228	726	795
M1696_4	M1102_4	367	1322	991	1060
M1696_4	M1132_4	367	1267	751	791
M1696_4	M1471_4	367	1327	127	139
M1696_4	M1654_4	367	1262	710	765
M1696_4	M1892_4	367	1258	682	719
M1696_4	M1919_4	367	1240	923	984
M1892_4	F1742_4	367	1222	281	281
M1892_4	F2106_4	367	1253	252	252
M1892_4	F210_4	367	1386	1168	1168
M1892_4	F467_4	367	1195	188	188
M1892_4	F86_4	367	1434	638	638
M1892_4	F875_4	367	1168	348	348
M1892_4	M106_4	367	1273	367	367
M1892_4	M1102_4	367	1403	642	642
M1892_4	M1132_4	367	1244	374	374
M1892_4	M1471_4	367	1259	45	45
M1892_4	M1654_4	367	1261	351	351
M1892_4	M1696_4	367	1258	654	654
M1892_4	M1919_4	367	1320	600	600
M1919_4	F1742_4	367	1288	410	410
M1919_4	F2106_4	367	1187	331	331
M1919_4	F210_4	367	1233	1089	1089
M1919_4	F467_4	367	1341	239	239
M1919_4	F86_4	367	1315	763	763
M1919_4	F875_4	367	1074	437	437
M1919_4	M106_4	367	1156	420	420
M1919_4	M1102_4	367	1195	662	662
M1919_4	M1132_4	367	1175	465	465
M1919_4	M1471_4	367	1230	48	48
M1919_4	M1654_4	367	1218	485	485
M1919_4	M1696_4	367	1240	779	779
M1919_4	M1892_4	367	1320	468	468
F1045_4	F1531_4	368	1063	550	550
F1045_4	F209_4	368	1206	808	808
F1045_4	F2126_4	368	1232	892	892
F1045_4	F2132_4	368	1351	1326	1326
F1045_4	F351_4	368	1122	469	469
F1045_4	F352_4	368	1440	1317	1317
F1045_4	M101_4	368	1329	1244	1244
F1045_4	M1327_4	368	1194	657	657
F1045_4	M1481_4	368	1330	1168	1168
F1045_4	M1761_4	368	1179	1101	1101
F1045_4	M2024_4	368	1392	1337	1337
F1045_4	M2213_4	368	1205	805	805
F1045_4	M332_4	368	1279	1233	1233
F1531_4	F1045_4	368	1063	962	962
F1531_4	F209_4	368	1345	1000	1000
F1531_4	F2126_4	368	1173	956	956
F1531_4	F2132_4	368	1226	1216	1216
F1531_4	F351_4	368	1259	651	651
F1531_4	F352_4	368	1240	1167	1167
F1531_4	M101_4	368	1320	1258	1258
F1531_4	M1327_4	368	1261	806	806
F1531_4	M1481_4	368	1268	1158	1158
F1531_4	M1761_4	368	1251	1198	1198
F1531_4	M2024_4	368	1253	1223	1223
F1531_4	M2213_4	368	1320	1041	1041
F1531_4	M332_4	368	1108	1074	1074
F209_4	F1045_4	368	1206	1017	1720
F209_4	F1531_4	368	1345	664	1128
F209_4	F2126_4	368	1138	848	1441
F209_4	F2132_4	368	1164	1136	1937
F209_4	F351_4	368	1242	505	896
F209_4	F352_4	368	1212	1109	1900
F209_4	M101_4	368	1283	1198	2025
F209_4	M1327_4	368	1184	611	1015
F209_4	M1481_4	368	1291	1131	1855
F209_4	M1761_4	368	1377	1284	2151
F209_4	M2024_4	368	1245	1207	2022
F209_4	M2213_4	368	1182	784	1304
F209_4	M332_4	368	1312	1270	2197
F2126_4	F1045_4	368	1232	483	483
F2126_4	F1531_4	368	1173	106	106
F2126_4	F209_4	368	1138	183	183
F2126_4	F2132_4	368	1181	944	944
F2126_4	F351_4	368	1261	69	69
F2126_4	F352_4	368	1167	633	633
F2126_4	M101_4	368	1165	663	663
F2126_4	M1327_4	368	1302	143	143
F2126_4	M1481_4	368	1387	547	547
F2126_4	M1761_4	368	1344	788	788
F2126_4	M2024_4	368	1241	915	915
F2126_4	M2213_4	368	1182	212	212
F2126_4	M332_4	368	1312	902	902
F2132_4	F1045_4	368	1351	1032	1184
F2132_4	F1531_4	368	1226	418	480
F2132_4	F209_4	368	1164	600	683
F2132_4	F2126_4	368	1181	709	807
F2132_4	F351_4	368	1177	300	340
F2132_4	F352_4	368	1226	1071	1212
F2132_4	M101_4	368	1329	1181	1361
F2132_4	M1327_4	368	1325	513	594
F2132_4	M1481_4	368	1269	972	1102
F2132_4	M1761_4	368	1269	1104	1265
F2132_4	M2024_4	368	1116	1043	1208
F2132_4	M2213_4	368	1236	664	750
F2132_4	M332_4	368	1119	1018	1160
F351_4	F1045_4	368	1122	1080	1080
F351_4	F1531_4	368	1259	972	972
F351_4	F209_4	368	1242	1078	1078
F351_4	F2126_4	368	1261	1140	1140
F351_4	F2132_4	368	1177	1169	1169
F351_4	F352_4	368	1410	1374	1374
F351_4	M101_4	368	1342	1325	1325
F351_4	M1327_4	368	1323	1079	1079
F351_4	M1481_4	368	1212	1163	1163
F351_4	M1761_4	368	1223	1204	1204
F351_4	M2024_4	368	1229	1210	1210
F351_4	M2213_4	368	1232	1117	1117
F351_4	M332_4	368	1250	1235	1235
F352_4	F1045_4	368	1440	313	313
F352_4	F1531_4	368	1240	44	44
F352_4	F209_4	368	1212	86	86
F352_4	F2126_4	368	1167	136	136
F352_4	F2132_4	368	1226	843	843
F352_4	F351_4	368	1410	39	39
F352_4	M101_4	368	1337	494	494
F352_4	M1327_4	368	1262	68	68
F352_4	M1481_4	368	1260	257	257
F352_4	M1761_4	368	1310	478	478
F352_4	M2024_4	368	1275	680	680
F352_4	M2213_4	368	1297	105	105
F352_4	M332_4	368	1265	651	651
M101_4	F1045_4	368	1329	633	655
M101_4	F1531_4	368	1320	145	149
M101_4	F209_4	368	1283	250	256
M101_4	F2126_4	368	1165	303	310
M101_4	F2132_4	368	1329	1147	1182
M101_4	F351_4	368	1342	129	135
M101_4	F352_4	368	1337	800	844
M101_4	M1327_4	368	1277	168	171
M101_4	M1481_4	368	1269	618	641
M101_4	M1761_4	368	1376	869	894
M101_4	M2024_4	368	1411	1104	1139
M101_4	M2213_4	368	1459	345	359
M101_4	M332_4	368	1289	968	1009
M1327_4	F1045_4	368	1194	455	455
M1327_4	F1531_4	368	1261	115	115
M1327_4	F209_4	368	1184	167	167
M1327_4	F2126_4	368	1302	281	281
M1327_4	F2132_4	368	1325	1082	1082
M1327_4	F351_4	368	1323	80	80
M1327_4	F352_4	368	1262	668	668
M1327_4	M101_4	368	1277	756	756
M1327_4	M1481_4	368	1229	484	484
M1327_4	M1761_4	368	1215	657	657
M1327_4	M2024_4	368	1195	831	831
M1327_4	M2213_4	368	1114	213	213
M1327_4	M332_4	368	1281	909	909
M1481_4	F1045_4	368	1330	482	1631
M1481_4	F1531_4	368	1268	94	325
M1481_4	F209_4	368	1291	190	642
M1481_4	F2126_4	368	1387	271	952
M1481_4	F2132_4	368	1269	1017	3460
M1481_4	F351_4	368	1212	74	264
M1481_4	F352_4	368	1260	636	2200
M1481_4	M101_4	368	1269	700	2395
M1481_4	M1327_4	368	1229	122	405
M1481_4	M1761_4	368	1283	708	2462
M1481_4	M2024_4	368	1270	886	3040
M1481_4	M2213_4	368	1220	217	734
M1481_4	M332_4	368	1339	917	3214
M1761_4	F1045_4	368	1179	1043	1043
M1761_4	F1531_4	368	1251	659	659
M1761_4	F209_4	368	1377	919	919
M1761_4	F2126_4	368	1344	1011	1011
M1761_4	F2132_4	368	1269	1244	1244
M1761_4	F351_4	368	1223	533	533
M1761_4	F352_4	368	1310	1207	1207
M1761_4	M101_4	368	1376	1318	1318
M1761_4	M1327_4	368	1215	681	681
M1761_4	M1481_4	368	1283	1108	1108
M1761_4	M2024_4	368	1128	1088	1088
M1761_4	M2213_4	368	1234	865	865
M1761_4	M332_4	368	1299	1252	1252
M2024_4	F1045_4	368	1392	644	644
M2024_4	F1531_4	368	1253	137	137
M2024_4	F209_4	368	1245	231	231
M2024_4	F2126_4	368	1241	291	291
M2024_4	F2132_4	368	1116	966	966
M2024_4	F351_4	368	1229	94	94
M2024_4	F352_4	368	1275	775	775
M2024_4	M101_4	368	1411	909	909
M2024_4	M1327_4	368	1195	157	157
M2024_4	M1481_4	368	1270	606	606
M2024_4	M1761_4	368	1128	703	703
M2024_4	M2213_4	368	1319	265	265
M2024_4	M332_4	368	1244	931	931
M2213_4	F1045_4	368	1205	367	367
M2213_4	F1531_4	368	1320	57	57
M2213_4	F209_4	368	1182	109	109
M2213_4	F2126_4	368	1182	166	166
M2213_4	F2132_4	368	1236	910	910
M2213_4	F351_4	368	1232	43	43
M2213_4	F352_4	368	1297	535	535
M2213_4	M101_4	368	1459	682	682
M2213_4	M1327_4	368	1114	86	86
M2213_4	M1481_4	368	1220	374	374
M2213_4	M1761_4	368	1234	589	589
M2213_4	M2024_4	368	1319	842	842
M2213_4	M332_4	368	1208	697	697
M332_4	F1045_4	368	1279	642	642
M332_4	F1531_4	368	1108	129	129
M332_4	F209_4	368	1312	228	228
M332_4	F2126_4	368	1312	347	347
M332_4	F2132_4	368	1119	967	967
M332_4	F351_4	368	1250	112	112
M332_4	F352_4	368	1265	747	747
M332_4	M101_4	368	1289	864	864
M332_4	M1327_4	368	1281	180	180
M332_4	M1481_4	368	1339	629	629
M332_4	M1761_4	368	1299	804	804
M332_4	M2024_4	368	1244	960	960
M332_4	M2213_4	368	1208	260	260
F1132_4	F1536_4	369	1179	938	2074
F1132_4	F1772_4	369	1182	312	678
F1132_4	F2411_4	369	1265	1228	2698
F1132_4	F2613_4	369	1248	1058	2313
F1132_4	F494_4	369	1236	339	714
F1132_4	F531_4	369	1259	1218	2555
F1132_4	M1006_4	369	1200	812	1793
F1132_4	M1614_4	369	1264	934	1990
F1132_4	M1778_4	369	1389	1163	2488
F1132_4	M2384_4	369	1231	871	1910
F1132_4	M2675_4	369	1254	850	1789
F1132_4	M2741_4	369	1163	88	189
F1132_4	M411_4	369	1268	553	1165
F1536_4	F1132_4	369	1179	122	345
F1536_4	F1772_4	369	1181	41	135
F1536_4	F2411_4	369	1191	856	2554
F1536_4	F2613_4	369	1273	382	1113
F1536_4	F494_4	369	1292	42	113
F1536_4	F531_4	369	1294	874	2622
F1536_4	M1006_4	369	1134	166	540
F1536_4	M1614_4	369	1409	273	783
F1536_4	M1778_4	369	1145	379	1162
F1536_4	M2384_4	369	1128	189	566
F1536_4	M2675_4	369	1100	173	490
F1536_4	M2741_4	369	1371	5	10
F1536_4	M411_4	369	1499	85	261
F1772_4	F1132_4	369	1182	460	460
F1772_4	F1536_4	369	1181	797	797
F1772_4	F2411_4	369	1400	1327	1327
F1772_4	F2613_4	369	1203	859	859
F1772_4	F494_4	369	1311	205	205
F1772_4	F531_4	369	1291	1185	1185
F1772_4	M1006_4	369	1148	592	592
F1772_4	M1614_4	369	1227	719	719
F1772_4	M1778_4	369	1299	997	997
F1772_4	M2384_4	369	1281	683	683
F1772_4	M2675_4	369	1250	620	620
F1772_4	M2741_4	369	1284	40	40
F1772_4	M411_4	369	1224	348	348
F2411_4	F1132_4	369	1265	837	1807
F2411_4	F1536_4	369	1191	999	2120
F2411_4	F1772_4	369	1400	509	1048
F2411_4	F2613_4	369	1179	1036	2163
F2411_4	F494_4	369	1160	410	857
F2411_4	F531_4	369	1161	1124	2341
F2411_4	M1006_4	369	1253	923	2002
F2411_4	M1614_4	369	1406	1148	2404
F2411_4	M1778_4	369	1180	1058	2209
F2411_4	M2384_4	369	1233	956	1948
F2411_4	M2675_4	369	1153	877	1797
F2411_4	M2741_4	369	1183	126	275
F2411_4	M411_4	369	1402	764	1612
F2613_4	F1132_4	369	1248	698	698
F2613_4	F1536_4	369	1273	989	989
F2613_4	F1772_4	369	1203	298	298
F2613_4	F2411_4	369	1179	1135	1135
F2613_4	F494_4	369	1328	293	293
F2613_4	F531_4	369	1174	1121	1121
F2613_4	M1006_4	369	1350	850	850
F2613_4	M1614_4	369	1278	914	914
F2613_4	M1778_4	369	1187	988	988
F2613_4	M2384_4	369	1152	777	777
F2613_4	M2675_4	369	1281	823	823
F2613_4	M2741_4	369	1221	69	69
F2613_4	M411_4	369	1311	540	540
F494_4	F1132_4	369	1236	159	159
F494_4	F1536_4	369	1292	340	340
F494_4	F1772_4	369	1311	46	46
F494_4	F2411_4	369	1160	818	818
F494_4	F2613_4	369	1328	413	413
F494_4	F531_4	369	1196	831	831
F494_4	M1006_4	369	1210	156	156
F494_4	M1614_4	369	1160	223	223
F494_4	M1778_4	369	1310	416	416
F494_4	M2384_4	369	1305	216	216
F494_4	M2675_4	369	1584	221	221
F494_4	M2741_4	369	1329	5	5
F494_4	M411_4	369	1257	74	74
F531_4	F1132_4	369	1259	217	217
F531_4	F1536_4	369	1294	451	451
F531_4	F1772_4	369	1291	76	76
F531_4	F2411_4	369	1161	938	938
F531_4	F2613_4	369	1174	475	475
F531_4	F494_4	369	1196	60	60
F531_4	M1006_4	369	1270	253	253
F531_4	M1614_4	369	1323	348	348
F531_4	M1778_4	369	1219	567	567
F531_4	M2384_4	369	1156	283	283
F531_4	M2675_4	369	1151	276	276
F531_4	M2741_4	369	1214	14	14
F531_4	M411_4	369	1299	115	115
M1006_4	F1132_4	369	1200	303	351
M1006_4	F1536_4	369	1134	544	640
M1006_4	F1772_4	369	1148	111	118
M1006_4	F2411_4	369	1253	1107	1245
M1006_4	F2613_4	369	1350	721	851
M1006_4	F494_4	369	1210	107	124
M1006_4	F531_4	369	1270	1096	1256
M1006_4	M1614_4	369	1123	417	476
M1006_4	M1778_4	369	1177	725	831
M1006_4	M2384_4	369	1227	448	499
M1006_4	M2675_4	369	1300	438	503
M1006_4	M2741_4	369	1049	22	26
M1006_4	M411_4	369	1225	180	201
M1614_4	F1132_4	369	1264	732	922
M1614_4	F1536_4	369	1409	1132	1441
M1614_4	F1772_4	369	1227	326	398
M1614_4	F2411_4	369	1406	1360	1737
M1614_4	F2613_4	369	1278	1061	1345
M1614_4	F494_4	369	1160	316	382
M1614_4	F531_4	369	1323	1278	1590
M1614_4	M1006_4	369	1123	737	918
M1614_4	M1778_4	369	1235	1067	1319
M1614_4	M2384_4	369	1223	829	1027
M1614_4	M2675_4	369	1368	891	1141
M1614_4	M2741_4	369	1076	75	91
M1614_4	M411_4	369	1207	516	659
M1778_4	F1132_4	369	1389	140	161
M1778_4	F1536_4	369	1145	322	380
M1778_4	F1772_4	369	1299	30	33
M1778_4	F2411_4	369	1180	853	1008
M1778_4	F2613_4	369	1187	335	401
M1778_4	F494_4	369	1310	39	47
M1778_4	F531_4	369	1219	846	1027
M1778_4	M1006_4	369	1177	177	221
M1778_4	M1614_4	369	1235	220	272
M1778_4	M2384_4	369	1348	215	247
M1778_4	M2675_4	369	1396	210	243
M1778_4	M2741_4	369	1232	4	5
M1778_4	M411_4	369	1257	83	98
M2384_4	F1132_4	369	1231	1064	1064
M2384_4	F1536_4	369	1128	1071	1071
M2384_4	F1772_4	369	1281	743	743
M2384_4	F2411_4	369	1233	1228	1228
M2384_4	F2613_4	369	1152	1071	1071
M2384_4	F494_4	369	1305	797	797
M2384_4	F531_4	369	1156	1146	1146
M2384_4	M1006_4	369	1227	1095	1095
M2384_4	M1614_4	369	1223	1124	1124
M2384_4	M1778_4	369	1348	1307	1307
M2384_4	M2675_4	369	1217	1092	1092
M2384_4	M2741_4	369	1205	298	298
M2384_4	M411_4	369	1287	1003	1003
M2675_4	F1132_4	369	1254	1150	1150
M2675_4	F1536_4	369	1100	1062	1062
M2675_4	F1772_4	369	1250	936	936
M2675_4	F2411_4	369	1153	1146	1146
M2675_4	F2613_4	369	1281	1252	1252
M2675_4	F494_4	369	1584	1147	1147
M2675_4	F531_4	369	1151	1150	1150
M2675_4	M1006_4	369	1300	1228	1228
M2675_4	M1614_4	369	1368	1306	1306
M2675_4	M1778_4	369	1396	1364	1364
M2675_4	M2384_4	369	1217	1149	1149
M2675_4	M2741_4	369	1239	493	493
M2675_4	M411_4	369	1215	1065	1065
M2741_4	F1132_4	369	1163	250	841
M2741_4	F1536_4	369	1371	625	2041
M2741_4	F1772_4	369	1284	81	259
M2741_4	F2411_4	369	1183	1032	3355
M2741_4	F2613_4	369	1221	645	2051
M2741_4	F494_4	369	1329	87	285
M2741_4	F531_4	369	1214	1020	3332
M2741_4	M1006_4	369	1049	322	1063
M2741_4	M1614_4	369	1076	401	1295
M2741_4	M1778_4	369	1232	723	2368
M2741_4	M2384_4	369	1205	428	1379
M2741_4	M2675_4	369	1239	384	1232
M2741_4	M411_4	369	1351	195	630
M411_4	F1132_4	369	1268	550	550
M411_4	F1536_4	369	1499	1011	1011
M411_4	F1772_4	369	1224	206	206
M411_4	F2411_4	369	1402	1309	1309
M411_4	F2613_4	369	1311	959	959
M411_4	F494_4	369	1257	218	218
M411_4	F531_4	369	1299	1215	1215
M411_4	M1006_4	369	1225	610	610
M411_4	M1614_4	369	1207	730	730
M411_4	M1778_4	369	1257	985	985
M411_4	M2384_4	369	1287	697	697
M411_4	M2675_4	369	1215	672	672
M411_4	M2741_4	369	1351	52	52
F1769_4	F2076_4	370	1143	1016	1453
F1769_4	F2344_4	370	1238	1222	1758
F1769_4	F741_4	370	1146	930	1350
F1769_4	F934_4	370	1345	1220	1737
F1769_4	M1098_4	370	1356	1237	1767
F1769_4	M1139_4	370	1286	1159	1710
F1769_4	M1171_4	370	1093	653	964
F1769_4	M1676_4	370	1240	1024	1475
F1769_4	M2485_4	370	1239	325	490
F1769_4	M254_4	370	1345	917	1327
F1769_4	M2624_4	370	1193	1069	1542
F1769_4	M565_4	370	1303	1248	1777
F1769_4	M735_4	370	1300	1033	1496
F2076_4	F1769_4	370	1143	24	43
F2076_4	F2344_4	370	1181	569	989
F2076_4	F741_4	370	1180	36	58
F2076_4	F934_4	370	1259	94	157
F2076_4	M1098_4	370	1309	124	201
F2076_4	M1139_4	370	1082	103	176
F2076_4	M1171_4	370	1216	14	23
F2076_4	M1676_4	370	1172	54	96
F2076_4	M2485_4	370	1379	6	10
F2076_4	M254_4	370	1193	21	39
F2076_4	M2624_4	370	1278	106	174
F2076_4	M565_4	370	1266	209	368
F2076_4	M735_4	370	1239	53	89
F2344_4	F1769_4	370	1238	328	353
F2344_4	F2076_4	370	1181	591	628
F2344_4	F741_4	370	1305	504	540
F2344_4	F934_4	370	1136	684	721
F2344_4	M1098_4	370	1209	753	808
F2344_4	M1139_4	370	1263	779	837
F2344_4	M1171_4	370	1180	228	237
F2344_4	M1676_4	370	1341	594	633
F2344_4	M2485_4	370	1360	88	94
F2344_4	M254_4	370	1115	283	307
F2344_4	M2624_4	370	1392	780	828
F2344_4	M565_4	370	1367	1042	1116
F2344_4	M735_4	370	1088	383	411
F741_4	F1769_4	370	1146	148	573
F741_4	F2076_4	370	1180	421	1609
F741_4	F2344_4	370	1305	1123	4396
F741_4	F934_4	370	1211	473	1921
F741_4	M1098_4	370	1224	510	2006
F741_4	M1139_4	370	1253	522	2125
F741_4	M1171_4	370	1290	119	449
F741_4	M1676_4	370	1301	368	1456
F741_4	M2485_4	370	1335	32	115
F741_4	M254_4	370	1277	141	563
F741_4	M2624_4	370	1367	510	2026
F741_4	M565_4	370	1259	765	3054
F741_4	M735_4	370	1299	265	1018
F934_4	F1769_4	370	1345	430	1348
F934_4	F2076_4	370	1259	730	2224
F934_4	F2344_4	370	1136	1073	3338
F934_4	F741_4	370	1211	530	1701
F934_4	M1098_4	370	1279	855	2656
F934_4	M1139_4	370	1367	941	2970
F934_4	M1171_4	370	1126	262	825
F934_4	M1676_4	370	1197	576	1819
F934_4	M2485_4	370	1421	95	328
F934_4	M254_4	370	1197	353	1159
F934_4	M2624_4	370	1249	806	2568
F934_4	M565_4	370	1244	998	3128
F934_4	M735_4	370	1335	573	1757
M1098_4	F1769_4	370	1356	341	750
M1098_4	F2076_4	370	1309	633	1401
M1098_4	F2344_4	370	1209	1143	2581
M1098_4	F741_4	370	1224	405	945
M1098_4	F934_4	370	1279	720	1659
M1098_4	M1139_4	370	1346	792	1793
M1098_4	M1171_4	370	1252	189	429
M1098_4	M1676_4	370	1145	424	931
M1098_4	M2485_4	370	1146	49	105
M1098_4	M254_4	370	1290	301	670
M1098_4	M2624_4	370	1359	745	1758
M1098_4	M565_4	370	1349	1020	2275
M1098_4	M735_4	370	1165	411	981
M1139_4	F1769_4	370	1286	234	286
M1139_4	F2076_4	370	1082	463	574
M1139_4	F2344_4	370	1263	1146	1409
M1139_4	F741_4	370	1253	359	418
M1139_4	F934_4	370	1367	671	803
M1139_4	M1098_4	370	1346	727	872
M1139_4	M1171_4	370	1377	182	227
M1139_4	M1676_4	370	1119	378	454
M1139_4	M2485_4	370	1268	34	45
M1139_4	M254_4	370	1336	257	320
M1139_4	M2624_4	370	1125	553	662
M1139_4	M565_4	370	1169	831	985
M1139_4	M735_4	370	1258	343	409
M1171_4	F1769_4	370	1093	651	651
M1171_4	F2076_4	370	1216	966	966
M1171_4	F2344_4	370	1180	1160	1160
M1171_4	F741_4	370	1290	849	849
M1171_4	F934_4	370	1126	956	956
M1171_4	M1098_4	370	1252	1069	1069
M1171_4	M1139_4	370	1377	1163	1163
M1171_4	M1676_4	370	1257	903	903
M1171_4	M2485_4	370	1275	205	205
M1171_4	M254_4	370	1327	747	747
M1171_4	M2624_4	370	1143	957	957
M1171_4	M565_4	370	1314	1228	1228
M1171_4	M735_4	370	1410	949	949
M1676_4	F1769_4	370	1240	353	386
M1676_4	F2076_4	370	1172	646	690
M1676_4	F2344_4	370	1341	1255	1361
M1676_4	F741_4	370	1301	495	544
M1676_4	F934_4	370	1197	737	795
M1676_4	M1098_4	370	1145	707	768
M1676_4	M1139_4	370	1119	716	785
M1676_4	M1171_4	370	1257	270	282
M1676_4	M2485_4	370	1332	76	86
M1676_4	M254_4	370	1227	341	364
M1676_4	M2624_4	370	1336	811	880
M1676_4	M565_4	370	1283	1030	1114
M1676_4	M735_4	370	1249	486	526
M2485_4	F1769_4	370	1239	53	117
M2485_4	F2076_4	370	1379	155	407
M2485_4	F2344_4	370	1360	868	2256
M2485_4	F741_4	370	1335	88	245
M2485_4	F934_4	370	1421	242	604
M2485_4	M1098_4	370	1146	185	475
M2485_4	M1139_4	370	1268	236	618
M2485_4	M1171_4	370	1275	38	105
M2485_4	M1676_4	370	1332	104	270
M2485_4	M254_4	370	1342	47	131
M2485_4	M2624_4	370	1285	174	454
M2485_4	M565_4	370	1274	367	946
M2485_4	M735_4	370	1367	97	244
M254_4	F1769_4	370	1345	965	965
M254_4	F2076_4	370	1193	1072	1072
M254_4	F2344_4	370	1115	1105	1105
M254_4	F741_4	370	1277	991	991
M254_4	F934_4	370	1197	1088	1088
M254_4	M1098_4	370	1290	1183	1183
M254_4	M1139_4	370	1336	1226	1226
M254_4	M1171_4	370	1327	816	816
M254_4	M1676_4	370	1227	1003	1003
M254_4	M2485_4	370	1342	365	365
M254_4	M2624_4	370	1226	1098	1098
M254_4	M565_4	370	1282	1235	1235
M254_4	M735_4	370	1326	1065	1065
M2624_4	F1769_4	370	1193	28	36
M2624_4	F2076_4	370	1278	67	92
M2624_4	F2344_4	370	1392	609	844
M2624_4	F741_4	370	1367	46	62
M2624_4	F934_4	370	1249	91	120
M2624_4	M1098_4	370	1359	125	177
M2624_4	M1139_4	370	1125	110	154
M2624_4	M1171_4	370	1143	23	28
M2624_4	M1676_4	370	1336	58	79
M2624_4	M2485_4	370	1285	3	5
M2624_4	M254_4	370	1226	28	39
M2624_4	M565_4	370	1128	181	236
M2624_4	M735_4	370	1174	38	51
M565_4	F1769_4	370	1303	175	241
M565_4	F2076_4	370	1266	387	523
M565_4	F2344_4	370	1367	1151	1556
M565_4	F741_4	370	1259	213	289
M565_4	F934_4	370	1244	434	572
M565_4	M1098_4	370	1349	517	692
M565_4	M1139_4	370	1169	473	624
M565_4	M1171_4	370	1314	91	119
M565_4	M1676_4	370	1283	262	346
M565_4	M2485_4	370	1274	24	30
M565_4	M254_4	370	1282	127	163
M565_4	M2624_4	370	1128	397	519
M565_4	M735_4	370	1233	257	354
M735_4	F1769_4	370	1300	1001	2823
M735_4	F2076_4	370	1239	1131	3271
M735_4	F2344_4	370	1088	1084	3108
M735_4	F741_4	370	1299	1105	3249
M735_4	F934_4	370	1335	1237	3536
M735_4	M1098_4	370	1165	1099	3177
M735_4	M1139_4	370	1258	1191	3456
M735_4	M1171_4	370	1410	967	2846
M735_4	M1676_4	370	1249	1089	3145
M735_4	M2485_4	370	1367	487	1345
M735_4	M254_4	370	1326	1017	2904
M735_4	M2624_4	370	1174	1101	3120
M735_4	M565_4	370	1233	1190	3473
F1312_4	F240_4	371	1195	878	2779
F1312_4	F602_4	371	1190	1053	3376
F1312_4	F704_4	371	1310	1301	4137
F1312_4	M1004_4	371	1299	1220	3889
F1312_4	M1330_4	371	1336	1332	4161
F1312_4	M1640_4	371	1310	1306	4092
F1312_4	M1701_4	371	1321	1263	3984
F1312_4	M1756_4	371	1392	1364	4323
F1312_4	M1886_4	371	1181	1154	3599
F1312_4	M2152_4	371	1236	952	3036
F1312_4	M2235_4	371	1261	1212	3750
F1312_4	M2377_4	371	1216	1214	3893
F1312_4	M2430_4	371	1215	1214	3899
F240_4	F1312_4	371	1195	907	907
F240_4	F602_4	371	1245	202	202
F240_4	F704_4	371	1238	958	958
F240_4	M1004_4	371	1354	329	329
F240_4	M1330_4	371	1197	1002	1002
F240_4	M1640_4	371	1136	1012	1012
F240_4	M1701_4	371	1494	479	479
F240_4	M1756_4	371	1387	876	876
F240_4	M1886_4	371	1137	533	533
F240_4	M2152_4	371	1189	85	85
F240_4	M2235_4	371	1361	474	474
F240_4	M2377_4	371	1227	1124	1124
F240_4	M2430_4	371	1171	1147	1147
F602_4	F1312_4	371	1190	444	1047
F602_4	F240_4	371	1245	14	37
F602_4	F704_4	371	1244	453	1040
F602_4	M1004_4	371	1366	71	136
F602_4	M1330_4	371	1245	573	1337
F602_4	M1640_4	371	1235	717	1673
F602_4	M1701_4	371	1264	91	226
F602_4	M1756_4	371	1148	243	557
F602_4	M1886_4	371	1326	156	375
F602_4	M2152_4	371	1261	23	55
F602_4	M2235_4	371	1134	102	244
F602_4	M2377_4	371	1259	891	2066
F602_4	M2430_4	371	1305	1189	2713
F704_4	F1312_4	371	1310	900	900
F704_4	F240_4	371	1238	72	72
F704_4	F602_4	371	1244	166	166
F704_4	M1004_4	371	1342	250	250
F704_4	M1330_4	371	1241	984	984
F704_4	M1640_4	371	1232	1062	1062
F704_4	M1701_4	371	1342	340	340
F704_4	M1756_4	371	1254	646	646
F704_4	M1886_4	371	1253	459	459
F704_4	M2152_4	371	1300	73	73
F704_4	M2235_4	371	1208	346	346
F704_4	M2377_4	371	1233	1107	1107
F704_4	M2430_4	371	1254	1214	1214
M1004_4	F1312_4	371	1299	1242	1242
M1004_4	F240_4	371	1354	485	485
M1004_4	F602_4	371	1366	766	766
M1004_4	F704_4	371	1342	1281	1281
M1004_4	M1330_4	371	1135	1105	1105
M1004_4	M1640_4	371	1235	1204	1204
M1004_4	M1701_4	371	1206	929	929
M1004_4	M1756_4	371	1394	1275	1275
M1004_4	M1886_4	371	1163	999	999
M1004_4	M2152_4	371	1378	456	456
M1004_4	M2235_4	371	1279	984	984
M1004_4	M2377_4	371	1247	1235	1235
M1004_4	M2430_4	371	1269	1268	1268
M1330_4	F1312_4	371	1336	1043	1043
M1330_4	F240_4	371	1197	87	87
M1330_4	F602_4	371	1245	197	197
M1330_4	F704_4	371	1241	964	964
M1330_4	M1004_4	371	1135	275	275
M1330_4	M1640_4	371	1195	1062	1062
M1330_4	M1701_4	371	1064	343	343
M1330_4	M1756_4	371	1148	704	704
M1330_4	M1886_4	371	1245	559	559
M1330_4	M2152_4	371	1367	90	90
M1330_4	M2235_4	371	1299	498	498
M1330_4	M2377_4	371	1130	1039	1039
M1330_4	M2430_4	371	1260	1236	1236
M1640_4	F1312_4	371	1310	1049	1049
M1640_4	F240_4	371	1136	88	88
M1640_4	F602_4	371	1235	242	242
M1640_4	F704_4	371	1232	1011	1011
M1640_4	M1004_4	371	1235	383	383
M1640_4	M1330_4	371	1195	1033	1033
M1640_4	M1701_4	371	1400	520	520
M1640_4	M1756_4	371	1308	873	873
M1640_4	M1886_4	371	1293	678	678
M1640_4	M2152_4	371	1246	117	117
M1640_4	M2235_4	371	1292	540	540
M1640_4	M2377_4	371	1319	1224	1224
M1640_4	M2430_4	371	1185	1176	1176
M1701_4	F1312_4	371	1321	1162	1162
M1701_4	F240_4	371	1494	262	262
M1701_4	F602_4	371	1264	447	447
M1701_4	F704_4	371	1342	1202	1202
M1701_4	M1004_4	371	1206	574	574
M1701_4	M1330_4	371	1064	996	996
M1701_4	M1640_4	371	1400	1352	1352
M1701_4	M1756_4	371	1391	1164	1164
M1701_4	M1886_4	371	1362	961	961
M1701_4	M2152_4	371	1358	252	252
M1701_4	M2235_4	371	1221	773	773
M1701_4	M2377_4	371	1258	1212	1212
M1701_4	M2430_4	371	1379	1371	1371
M1756_4	F1312_4	371	1392	957	957
M1756_4	F240_4	371	1387	69	69
M1756_4	F602_4	371	1148	140	140
M1756_4	F704_4	371	1254	885	885
M1756_4	M1004_4	371	1394	266	266
M1756_4	M1330_4	371	1148	870	870
M1756_4	M1640_4	371	1308	1116	1116
M1756_4	M1701_4	371	1391	339	339
M1756_4	M1886_4	371	1123	393	393
M1756_4	M2152_4	371	1245	52	52
M1756_4	M2235_4	371	1286	365	365
M1756_4	M2377_4	371	1577	1398	1398
M1756_4	M2430_4	371	1230	1204	1204
M1886_4	F1312_4	371	1181	907	907
M1886_4	F240_4	371	1137	76	76
M1886_4	F602_4	371	1326	234	234
M1886_4	F704_4	371	1253	988	988
M1886_4	M1004_4	371	1163	284	284
M1886_4	M1330_4	371	1245	1030	1030
M1886_4	M1640_4	371	1293	1143	1143
M1886_4	M1701_4	371	1362	419	419
M1886_4	M1756_4	371	1123	658	658
M1886_4	M2152_4	371	1217	90	90
M1886_4	M2235_4	371	1102	417	417
M1886_4	M2377_4	371	1390	1267	1267
M1886_4	M2430_4	371	1312	1283	1283
M2152_4	F1312_4	371	1236	909	909
M2152_4	F240_4	371	1189	63	63
M2152_4	F602_4	371	1261	195	195
M2152_4	F704_4	371	1300	970	970
M2152_4	M1004_4	371	1378	305	305
M2152_4	M1330_4	371	1367	1094	1094
M2152_4	M1640_4	371	1246	1086	1086
M2152_4	M1701_4	371	1358	372	372
M2152_4	M1756_4	371	1245	755	755
M2152_4	M1886_4	371	1217	506	506
M2152_4	M2235_4	371	1128	395	395
M2152_4	M2377_4	371	1266	1173	1173
M2152_4	M2430_4	371	1222	1201	1201
M2235_4	F1312_4	371	1261	699	1876
M2235_4	F240_4	371	1361	37	84
M2235_4	F602_4	371	1134	67	175
M2235_4	F704_4	371	1208	699	1845
M2235_4	M1004_4	371	1279	158	390
M2235_4	M1330_4	371	1299	827	2100
M2235_4	M1640_4	371	1292	954	2485
M2235_4	M1701_4	371	1221	215	557
M2235_4	M1756_4	371	1286	478	1273
M2235_4	M1886_4	371	1102	276	719
M2235_4	M2152_4	371	1128	25	69
M2235_4	M2377_4	371	1087	906	2325
M2235_4	M2430_4	371	1286	1234	3227
M2377_4	F1312_4	371	1216	825	871
M2377_4	F240_4	371	1227	71	73
M2377_4	F602_4	371	1259	145	152
M2377_4	F704_4	371	1233	870	920
M2377_4	M1004_4	371	1247	223	236
M2377_4	M1330_4	371	1130	858	908
M2377_4	M1640_4	371	1319	1102	1170
M2377_4	M1701_4	371	1258	306	324
M2377_4	M1756_4	371	1577	826	872
M2377_4	M1886_4	371	1390	483	512
M2377_4	M2152_4	371	1266	76	81
M2377_4	M2235_4	371	1087	313	331
M2377_4	M2430_4	371	1517	1477	1581
M2430_4	F1312_4	371	1215	1025	1025
M2430_4	F240_4	371	1171	141	141
M2430_4	F602_4	371	1305	349	349
M2430_4	F704_4	371	1254	1081	1081
M2430_4	M1004_4	371	1269	464	464
M2430_4	M1330_4	371	1260	1124	1124
M2430_4	M1640_4	371	1185	1093	1093
M2430_4	M1701_4	371	1379	636	636
M2430_4	M1756_4	371	1230	868	868
M2430_4	M1886_4	371	1312	797	797
M2430_4	M2152_4	371	1222	134	134
M2430_4	M2235_4	371	1286	661	661
M2430_4	M2377_4	371	1517	1457	1457
F1015_4	F1588_4	372	1162	1109	1109
F1015_4	F254_4	372	1521	1260	1260
F1015_4	F2655_4	372	1241	1227	1227
F1015_4	F2724_4	372	1276	1155	1155
F1015_4	F415_4	372	1269	623	623
F1015_4	F879_4	372	1377	1254	1254
F1015_4	F883_4	372	1438	1431	1431
F1015_4	F946_4	372	1265	844	844
F1015_4	M1119_4	372	1205	1164	1164
F1015_4	M1923_4	372	1282	814	814
F1015_4	M2732_4	372	1267	900	900
F1015_4	M543_4	372	1157	1113	1113
F1015_4	M843_4	372	1327	1195	1195
F1588_4	F1015_4	372	1162	527	1577
F1588_4	F254_4	372	1211	284	886
F1588_4	F2655_4	372	1286	1046	3131
F1588_4	F2724_4	372	1425	489	1418
F1588_4	F415_4	372	1152	52	169
F1588_4	F879_4	372	1194	466	1412
F1588_4	F883_4	372	1385	1301	3945
F1588_4	F946_4	372	1251	145	409
F1588_4	M1119_4	372	1191	742	2179
F1588_4	M1923_4	372	1332	119	330
F1588_4	M2732_4	372	1362	152	452
F1588_4	M543_4	372	1245	739	2225
F1588_4	M843_4	372	1269	425	1246
F254_4	F1015_4	372	1521	1419	1419
F254_4	F1588_4	372	1211	1159	1159
F254_4	F2655_4	372	1455	1425	1425
F254_4	F2724_4	372	1242	1086	1086
F254_4	F415_4	372	1248	534	534
F254_4	F879_4	372	1229	1111	1111
F254_4	F883_4	372	1304	1297	1297
F254_4	F946_4	372	1234	765	765
F254_4	M1119_4	372	1178	1130	1130
F254_4	M1923_4	372	1253	738	738
F254_4	M2732_4	372	1231	769	769
F254_4	M543_4	372	1281	1235	1235
F254_4	M843_4	372	1246	1088	1088
F2655_4	F1015_4	372	1241	737	1519
F2655_4	F1588_4	372	1286	866	1686
F2655_4	F254_4	372	1455	485	1005
F2655_4	F2724_4	372	1261	583	1209
F2655_4	F415_4	372	1300	127	259
F2655_4	F879_4	372	1264	665	1392
F2655_4	F883_4	372	1237	1198	2436
F2655_4	F946_4	372	1146	193	394
F2655_4	M1119_4	372	1158	832	1747
F2655_4	M1923_4	372	1266	135	256
F2655_4	M2732_4	372	1153	196	394
F2655_4	M543_4	372	1304	896	1789
F2655_4	M843_4	372	1394	637	1259
F2724_4	F1015_4	372	1276	795	795
F2724_4	F1588_4	372	1425	1017	1017
F2724_4	F254_4	372	1242	457	457
F2724_4	F2655_4	372	1261	1125	1125
F2724_4	F415_4	372	1426	133	133
F2724_4	F879_4	372	1256	712	712
F2724_4	F883_4	372	1213	1169	1169
F2724_4	F946_4	372	1370	271	271
F2724_4	M1119_4	372	1238	944	944
F2724_4	M1923_4	372	1158	180	180
F2724_4	M2732_4	372	1373	277	277
F2724_4	M543_4	372	1313	993	993
F2724_4	M843_4	372	1221	571	571
F415_4	F1015_4	372	1269	775	775
F415_4	F1588_4	372	1152	781	781
F415_4	F254_4	372	1248	424	424
F415_4	F2655_4	372	1300	1152	1152
F415_4	F2724_4	372	1426	667	667
F415_4	F879_4	372	1319	685	685
F415_4	F883_4	372	1193	1152	1152
F415_4	F946_4	372	1132	167	167
F415_4	M1119_4	372	1227	890	890
F415_4	M1923_4	372	1072	150	150
F415_4	M2732_4	372	1259	227	227
F415_4	M543_4	372	1307	940	940
F415_4	M843_4	372	1294	574	574
F879_4	F1015_4	372	1377	1028	1163
F879_4	F1588_4	372	1194	979	1132
F879_4	F254_4	372	1229	671	765
F879_4	F2655_4	372	1264	1177	1340
F879_4	F2724_4	372	1256	821	937
F879_4	F415_4	372	1319	213	239
F879_4	F883_4	372	1213	1188	1332
F879_4	F946_4	372	1217	363	428
F879_4	M1119_4	372	1276	1078	1242
F879_4	M1923_4	372	1213	322	371
F879_4	M2732_4	372	1166	356	397
F879_4	M543_4	372	1223	1020	1154
F879_4	M843_4	372	1156	696	795
F883_4	F1015_4	372	1438	682	682
F883_4	F1588_4	372	1385	687	687
F883_4	F254_4	372	1304	303	303
F883_4	F2655_4	372	1237	974	974
F883_4	F2724_4	372	1213	387	387
F883_4	F415_4	372	1193	59	59
F883_4	F879_4	372	1213	453	453
F883_4	F946_4	372	1191	120	120
F883_4	M1119_4	372	1185	694	694
F883_4	M1923_4	372	1356	103	103
F883_4	M2732_4	372	1235	125	125
F883_4	M543_4	372	1209	670	670
F883_4	M843_4	372	1298	391	391
F946_4	F1015_4	372	1265	743	743
F946_4	F1588_4	372	1251	817	817
F946_4	F254_4	372	1234	359	359
F946_4	F2655_4	372	1146	993	993
F946_4	F2724_4	372	1370	602	602
F946_4	F415_4	372	1132	84	84
F946_4	F879_4	372	1217	613	613
F946_4	F883_4	372	1191	1139	1139
F946_4	M1119_4	372	1061	735	735
F946_4	M1923_4	372	1386	205	205
F946_4	M2732_4	372	1284	207	207
F946_4	M543_4	372	1343	967	967
F946_4	M843_4	372	1293	535	535
M1119_4	F1015_4	372	1205	620	620
M1119_4	F1588_4	372	1191	676	676
M1119_4	F254_4	372	1178	301	301
M1119_4	F2655_4	372	1158	954	954
M1119_4	F2724_4	372	1238	459	459
M1119_4	F415_4	372	1227	80	80
M1119_4	F879_4	372	1276	565	565
M1119_4	F883_4	372	1185	1107	1107
M1119_4	F946_4	372	1061	112	112
M1119_4	M1923_4	372	1334	109	109
M1119_4	M2732_4	372	1307	154	154
M1119_4	M543_4	372	1264	778	778
M1119_4	M843_4	372	1256	415	415
M1923_4	F1015_4	372	1282	588	588
M1923_4	F1588_4	372	1332	684	684
M1923_4	F254_4	372	1253	265	265
M1923_4	F2655_4	372	1266	1001	1001
M1923_4	F2724_4	372	1158	382	382
M1923_4	F415_4	372	1072	44	44
M1923_4	F879_4	372	1213	514	514
M1923_4	F883_4	372	1356	1252	1252
M1923_4	F946_4	372	1386	127	127
M1923_4	M1119_4	372	1334	804	804
M1923_4	M2732_4	372	1174	138	138
M1923_4	M543_4	372	1353	783	783
M1923_4	M843_4	372	1222	358	358
M2732_4	F1015_4	372	1267	544	821
M2732_4	F1588_4	372	1362	668	1011
M2732_4	F254_4	372	1231	249	371
M2732_4	F2655_4	372	1153	905	1365
M2732_4	F2724_4	372	1373	412	622
M2732_4	F415_4	372	1259	52	78
M2732_4	F879_4	372	1166	422	646
M2732_4	F883_4	372	1235	1139	1643
M2732_4	F946_4	372	1284	109	174
M2732_4	M1119_4	372	1307	743	1102
M2732_4	M1923_4	372	1174	105	161
M2732_4	M543_4	372	1311	751	1138
M2732_4	M843_4	372	1193	304	471
M543_4	F1015_4	372	1157	510	510
M543_4	F1588_4	372	1245	623	623
M543_4	F254_4	372	1281	250	250
M543_4	F2655_4	372	1304	1014	1014
M543_4	F2724_4	372	1313	413	413
M543_4	F415_4	372	1307	45	45
M543_4	F879_4	372	1223	416	416
M543_4	F883_4	372	1209	1122	1122
M543_4	F946_4	372	1343	128	128
M543_4	M1119_4	372	1264	743	743
M543_4	M1923_4	372	1353	101	101
M543_4	M2732_4	372	1311	128	128
M543_4	M843_4	372	1163	314	314
M843_4	F1015_4	372	1327	1240	1240
M843_4	F1588_4	372	1269	1216	1216
M843_4	F254_4	372	1246	1047	1047
M843_4	F2655_4	372	1394	1377	1377
M843_4	F2724_4	372	1221	1078	1078
M843_4	F415_4	372	1294	612	612
M843_4	F879_4	372	1156	1072	1072
M843_4	F883_4	372	1298	1291	1291
M843_4	F946_4	372	1293	850	850
M843_4	M1119_4	372	1256	1207	1207
M843_4	M1923_4	372	1222	770	770
M843_4	M2732_4	372	1193	826	826
M843_4	M543_4	372	1163	1132	1132
F115_4	F2145_4	373	1328	279	279
F115_4	F330_4	373	1393	48	48
F115_4	F679_4	373	1219	623	623
F115_4	F929_4	373	1192	291	291
F115_4	M1162_4	373	1394	507	507
F115_4	M1408_4	373	1208	192	192
F115_4	M1473_4	373	1279	582	582
F115_4	M1894_4	373	1219	585	585
F115_4	M2662_4	373	1358	397	397
F115_4	M334_4	373	1145	27	27
F115_4	M691_4	373	1096	865	865
F115_4	M791_4	373	1319	492	492
F115_4	M916_4	373	1152	440	440
F2145_4	F115_4	373	1328	762	762
F2145_4	F330_4	373	1262	249	249
F2145_4	F679_4	373	1164	1026	1026
F2145_4	F929_4	373	1326	961	961
F2145_4	M1162_4	373	1338	1060	1060
F2145_4	M1408_4	373	1294	725	725
F2145_4	M1473_4	373	1419	1201	1201
F2145_4	M1894_4	373	1262	1108	1108
F2145_4	M2662_4	373	1360	980	980
F2145_4	M334_4	373	1152	183	183
F2145_4	M691_4	373	1070	1029	1029
F2145_4	M791_4	373	1318	1036	1036
F2145_4	M916_4	373	1194	993	993
F330_4	F115_4	373	1393	583	660
F330_4	F2145_4	373	1262	681	746
F330_4	F679_4	373	1211	940	1019
F330_4	F929_4	373	1227	698	788
F330_4	M1162_4	373	1432	990	1101
F330_4	M1408_4	373	1285	518	571
F330_4	M1473_4	373	1328	1005	1130
F330_4	M1894_4	373	1284	1007	1104
F330_4	M2662_4	373	1219	751	835
F330_4	M334_4	373	1318	148	166
F330_4	M691_4	373	1277	1190	1306
F330_4	M791_4	373	1304	929	1025
F330_4	M916_4	373	1277	913	1011
F679_4	F115_4	373	1219	558	558
F679_4	F2145_4	373	1164	601	601
F679_4	F330_4	373	1211	152	152
F679_4	F929_4	373	1460	889	889
F679_4	M1162_4	373	1359	944	944
F679_4	M1408_4	373	1210	535	535
F679_4	M1473_4	373	1201	962	962
F679_4	M1894_4	373	1216	962	962
F679_4	M2662_4	373	1194	788	788
F679_4	M334_4	373	1408	158	158
F679_4	M691_4	373	1249	1177	1177
F679_4	M791_4	373	1279	945	945
F679_4	M916_4	373	1222	886	886
F929_4	F115_4	373	1192	375	824
F929_4	F2145_4	373	1326	563	1274
F929_4	F330_4	373	1227	115	243
F929_4	F679_4	373	1460	1059	2305
F929_4	M1162_4	373	1300	778	1744
F929_4	M1408_4	373	1393	459	1005
F929_4	M1473_4	373	1182	795	1803
F929_4	M1894_4	373	1204	887	2015
F929_4	M2662_4	373	1219	644	1435
F929_4	M334_4	373	1324	88	192
F929_4	M691_4	373	1411	1270	2807
F929_4	M791_4	373	1331	802	1755
F929_4	M916_4	373	1287	814	1832
M1162_4	F115_4	373	1394	352	538
M1162_4	F2145_4	373	1338	498	770
M1162_4	F330_4	373	1432	94	148
M1162_4	F679_4	373	1359	916	1428
M1162_4	F929_4	373	1300	553	861
M1162_4	M1408_4	373	1258	350	532
M1162_4	M1473_4	373	1158	742	1179
M1162_4	M1894_4	373	1304	881	1322
M1162_4	M2662_4	373	1313	646	1034
M1162_4	M334_4	373	1242	67	96
M1162_4	M691_4	373	1148	1010	1599
M1162_4	M791_4	373	1209	678	1079
M1162_4	M916_4	373	1189	686	1059
M1408_4	F115_4	373	1208	752	1211
M1408_4	F2145_4	373	1294	926	1459
M1408_4	F330_4	373	1285	316	493
M1408_4	F679_4	373	1210	1082	1719
M1408_4	F929_4	373	1393	1072	1674
M1408_4	M1162_4	373	1258	1065	1615
M1408_4	M1473_4	373	1301	1165	1883
M1408_4	M1894_4	373	1186	1058	1692
M1408_4	M2662_4	373	1170	936	1486
M1408_4	M334_4	373	1232	253	401
M1408_4	M691_4	373	1078	1051	1623
M1408_4	M791_4	373	1168	981	1544
M1408_4	M916_4	373	1216	1041	1632
M1473_4	F115_4	373	1279	852	3295
M1473_4	F2145_4	373	1419	1026	3799
M1473_4	F330_4	373	1328	351	1357
M1473_4	F679_4	373	1201	1098	4232
M1473_4	F929_4	373	1182	928	3562
M1473_4	M1162_4	373	1158	966	3599
M1473_4	M1408_4	373	1301	851	3204
M1473_4	M1894_4	373	1270	1162	4506
M1473_4	M2662_4	373	1196	986	3672
M1473_4	M334_4	373	1399	300	1088
M1473_4	M691_4	373	1142	1116	4232
M1473_4	M791_4	373	1209	1035	3967
M1473_4	M916_4	373	1246	1082	4102
M1894_4	F115_4	373	1219	232	232
M1894_4	F2145_4	373	1262	331	331
M1894_4	F330_4	373	1284	65	65
M1894_4	F679_4	373	1216	718	718
M1894_4	F929_4	373	1204	408	408
M1894_4	M1162_4	373	1304	549	549
M1894_4	M1408_4	373	1186	228	228
M1894_4	M1473_4	373	1270	635	635
M1894_4	M2662_4	373	1170	426	426
M1894_4	M334_4	373	1410	60	60
M1894_4	M691_4	373	1296	1085	1085
M1894_4	M791_4	373	1229	569	569
M1894_4	M916_4	373	1282	588	588
M2662_4	F115_4	373	1358	150	478
M2662_4	F2145_4	373	1360	216	703
M2662_4	F330_4	373	1219	31	99
M2662_4	F679_4	373	1194	512	1764
M2662_4	F929_4	373	1219	249	801
M2662_4	M1162_4	373	1313	399	1340
M2662_4	M1408_4	373	1170	148	499
M2662_4	M1473_4	373	1196	459	1546
M2662_4	M1894_4	373	1170	452	1575
M2662_4	M334_4	373	1218	26	77
M2662_4	M691_4	373	1217	900	3031
M2662_4	M791_4	373	1164	381	1278
M2662_4	M916_4	373	1261	401	1413
M334_4	F115_4	373	1145	816	816
M334_4	F2145_4	373	1152	909	909
M334_4	F330_4	373	1318	479	479
M334_4	F679_4	373	1408	1304	1304
M334_4	F929_4	373	1324	1096	1096
M334_4	M1162_4	373	1242	1102	1102
M334_4	M1408_4	373	1232	872	872
M334_4	M1473_4	373	1399	1305	1305
M334_4	M1894_4	373	1410	1327	1327
M334_4	M2662_4	373	1218	1049	1049
M334_4	M691_4	373	1207	1184	1184
M334_4	M791_4	373	1301	1156	1156
M334_4	M916_4	373	1392	1280	1280
M691_4	F115_4	373	1096	804	806
M691_4	F2145_4	373	1070	858	865
M691_4	F330_4	373	1277	436	439
M691_4	F679_4	373	1249	1156	1161
M691_4	F929_4	373	1411	1181	1186
M691_4	M1162_4	373	1148	1022	1026
M691_4	M1408_4	373	1078	760	762
M691_4	M1473_4	373	1142	1053	1058
M691_4	M1894_4	373	1296	1204	1212
M691_4	M2662_4	373	1217	1026	1032
M691_4	M334_4	373	1207	356	359
M691_4	M791_4	373	1224	1093	1095
M691_4	M916_4	373	1260	1141	1147
M791_4	F115_4	373	1319	455	1262
M791_4	F2145_4	373	1318	520	1456
M791_4	F330_4	373	1304	116	311
M791_4	F679_4	373	1279	922	2647
M791_4	F929_4	373	1331	616	1763
M791_4	M1162_4	373	1209	729	2075
M791_4	M1408_4	373	1168	367	1019
M791_4	M1473_4	373	1209	810	2258
M791_4	M1894_4	373	1229	866	2366
M791_4	M2662_4	373	1164	608	1641
M791_4	M334_4	373	1301	86	246
M791_4	M691_4	373	1224	1108	2992
M791_4	M916_4	373	1193	744	2114
M916_4	F115_4	373	1152	550	1128
M916_4	F2145_4	373	1194	658	1343
M916_4	F330_4	373	1277	199	397
M916_4	F679_4	373	1222	1021	2029
M916_4	F929_4	373	1287	837	1744
M916_4	M1162_4	373	1189	882	1750
M916_4	M1408_4	373	1216	586	1173
M916_4	M1473_4	373	1246	1020	2086
M916_4	M1894_4	373	1282	1063	2175
M916_4	M2662_4	373	1261	882	1840
M916_4	M334_4	373	1392	157	318
M916_4	M691_4	373	1260	1192	2418
M916_4	M791_4	373	1193	902	1808
F1391_4	F1653_4	374	1254	767	767
F1391_4	F2019_4	374	1198	1117	1117
F1391_4	F2033_4	374	1279	797	797
F1391_4	F2057_4	374	1291	914	914
F1391_4	F2281_4	374	1281	1163	1163
F1391_4	F409_4	374	1294	1249	1249
F1391_4	M1072_4	374	1093	1073	1073
F1391_4	M1169_4	374	1322	1292	1292
F1391_4	M164_4	374	1258	1170	1170
F1391_4	M1664_4	374	1316	1269	1269
F1391_4	M1675_4	374	1477	1447	1447
F1391_4	M1688_4	374	1240	1067	1067
F1391_4	M2786_4	374	1235	1008	1008
F1653_4	F1391_4	374	1254	586	1530
F1653_4	F2019_4	374	1207	860	2158
F1653_4	F2033_4	374	1315	257	686
F1653_4	F2057_4	374	1315	350	885
F1653_4	F2281_4	374	1364	787	2020
F1653_4	F409_4	374	1166	908	2345
F1653_4	M1072_4	374	1198	1012	2539
F1653_4	M1169_4	374	1409	1241	3218
F1653_4	M164_4	374	1240	811	2076
F1653_4	M1664_4	374	1476	1143	2911
F1653_4	M1675_4	374	1196	1087	2805
F1653_4	M1688_4	374	1320	584	1439
F1653_4	M2786_4	374	1312	461	1210
F2019_4	F1391_4	374	1198	271	271
F2019_4	F1653_4	374	1207	74	74
F2019_4	F2033_4	374	1280	72	72
F2019_4	F2057_4	374	1243	117	117
F2019_4	F2281_4	374	1243	348	348
F2019_4	F409_4	374	1230	658	658
F2019_4	M1072_4	374	1278	783	783
F2019_4	M1169_4	374	1180	824	824
F2019_4	M164_4	374	1254	509	509
F2019_4	M1664_4	374	1228	652	652
F2019_4	M1675_4	374	1301	956	956
F2019_4	M1688_4	374	1223	255	255
F2019_4	M2786_4	374	1168	178	178
F2033_4	F1391_4	374	1279	445	1136
F2033_4	F1653_4	374	1315	158	389
F2033_4	F2019_4	374	1280	772	1846
F2033_4	F2057_4	374	1321	250	631
F2033_4	F2281_4	374	1195	555	1366
F2033_4	F409_4	374	1223	833	2026
F2033_4	M1072_4	374	1218	917	2252
F2033_4	M1169_4	374	1270	1036	2502
F2033_4	M164_4	374	1339	785	1839
F2033_4	M1664_4	374	1233	864	2089
F2033_4	M1675_4	374	1224	1053	2571
F2033_4	M1688_4	374	1244	434	1065
F2033_4	M2786_4	374	1120	302	762
F2057_4	F1391_4	374	1291	1147	2075
F2057_4	F1653_4	374	1315	808	1461
F2057_4	F2019_4	374	1243	1164	2139
F2057_4	F2033_4	374	1321	801	1465
F2057_4	F2281_4	374	1218	1090	1986
F2057_4	F409_4	374	1198	1143	2077
F2057_4	M1072_4	374	1330	1288	2289
F2057_4	M1169_4	374	1335	1314	2414
F2057_4	M164_4	374	1354	1271	2372
F2057_4	M1664_4	374	1296	1256	2304
F2057_4	M1675_4	374	1297	1275	2342
F2057_4	M1688_4	374	1207	1022	1914
F2057_4	M2786_4	374	1298	1044	1929
F2281_4	F1391_4	374	1281	410	1235
F2281_4	F1653_4	374	1364	155	467
F2281_4	F2019_4	374	1243	699	2128
F2281_4	F2033_4	374	1195	119	369
F2281_4	F2057_4	374	1218	193	583
F2281_4	F409_4	374	1219	778	2341
F2281_4	M1072_4	374	1146	844	2569
F2281_4	M1169_4	374	1384	1130	3345
F2281_4	M164_4	374	1219	617	1830
F2281_4	M1664_4	374	1202	818	2434
F2281_4	M1675_4	374	1326	1105	3326
F2281_4	M1688_4	374	1551	465	1449
F2281_4	M2786_4	374	1203	259	800
F409_4	F1391_4	374	1294	282	282
F409_4	F1653_4	374	1166	72	72
F409_4	F2019_4	374	1230	580	580
F409_4	F2033_4	374	1223	78	78
F409_4	F2057_4	374	1198	132	132
F409_4	F2281_4	374	1219	383	383
F409_4	M1072_4	374	1208	764	764
F409_4	M1169_4	374	1273	949	949
F409_4	M164_4	374	1218	509	509
F409_4	M1664_4	374	1212	674	674
F409_4	M1675_4	374	1317	1010	1010
F409_4	M1688_4	374	1253	281	281
F409_4	M2786_4	374	1339	184	184
M1072_4	F1391_4	374	1093	869	869
M1072_4	F1653_4	374	1198	563	563
M1072_4	F2019_4	374	1278	1128	1128
M1072_4	F2033_4	374	1218	593	593
M1072_4	F2057_4	374	1330	787	787
M1072_4	F2281_4	374	1146	968	968
M1072_4	F409_4	374	1208	1133	1133
M1072_4	M1169_4	374	1293	1258	1258
M1072_4	M164_4	374	1280	1139	1139
M1072_4	M1664_4	374	1255	1170	1170
M1072_4	M1675_4	374	1295	1262	1262
M1072_4	M1688_4	374	1272	994	994
M1072_4	M2786_4	374	1250	846	846
M1169_4	F1391_4	374	1322	598	598
M1169_4	F1653_4	374	1409	236	236
M1169_4	F2019_4	374	1180	815	815
M1169_4	F2033_4	374	1270	219	219
M1169_4	F2057_4	374	1335	341	341
M1169_4	F2281_4	374	1384	755	755
M1169_4	F409_4	374	1273	972	972
M1169_4	M1072_4	374	1293	1052	1052
M1169_4	M164_4	374	1329	869	869
M1169_4	M1664_4	374	1254	938	938
M1169_4	M1675_4	374	1254	1106	1106
M1169_4	M1688_4	374	1243	549	549
M1169_4	M2786_4	374	1147	390	390
M164_4	F1391_4	374	1258	959	2154
M164_4	F1653_4	374	1240	550	1243
M164_4	F2019_4	374	1254	1100	2479
M164_4	F2033_4	374	1339	607	1347
M164_4	F2057_4	374	1354	748	1657
M164_4	F2281_4	374	1219	1009	2261
M164_4	F409_4	374	1218	1148	2613
M164_4	M1072_4	374	1280	1203	2742
M164_4	M1169_4	374	1329	1282	2851
M164_4	M1664_4	374	1291	1208	2657
M164_4	M1675_4	374	1250	1216	2723
M164_4	M1688_4	374	1329	1025	2223
M164_4	M2786_4	374	1315	871	1997
M1664_4	F1391_4	374	1316	287	287
M1664_4	F1653_4	374	1476	85	85
M1664_4	F2019_4	374	1228	502	502
M1664_4	F2033_4	374	1233	85	85
M1664_4	F2057_4	374	1296	128	128
M1664_4	F2281_4	374	1202	345	345
M1664_4	F409_4	374	1212	654	654
M1664_4	M1072_4	374	1255	793	793
M1664_4	M1169_4	374	1254	858	858
M1664_4	M164_4	374	1291	474	474
M1664_4	M1675_4	374	1162	853	853
M1664_4	M1688_4	374	1253	249	249
M1664_4	M2786_4	374	1275	203	203
M1675_4	F1391_4	374	1477	756	756
M1675_4	F1653_4	374	1196	260	260
M1675_4	F2019_4	374	1301	967	967
M1675_4	F2033_4	374	1224	279	279
M1675_4	F2057_4	374	1297	354	354
M1675_4	F2281_4	374	1326	760	760
M1675_4	F409_4	374	1317	1066	1066
M1675_4	M1072_4	374	1295	1106	1106
M1675_4	M1169_4	374	1254	1103	1103
M1675_4	M164_4	374	1250	886	886
M1675_4	M1664_4	374	1162	929	929
M1675_4	M1688_4	374	1334	669	669
M1675_4	M2786_4	374	1297	503	503
M1688_4	F1391_4	374	1240	896	1708
M1688_4	F1653_4	374	1320	543	1047
M1688_4	F2019_4	374	1223	1052	2021
M1688_4	F2033_4	374	1244	482	945
M1688_4	F2057_4	374	1207	607	1169
M1688_4	F2281_4	374	1551	1233	2398
M1688_4	F409_4	374	1253	1142	2208
M1688_4	M1072_4	374	1272	1184	2284
M1688_4	M1169_4	374	1243	1196	2268
M1688_4	M164_4	374	1329	1140	2158
M1688_4	M1664_4	374	1253	1152	2172
M1688_4	M1675_4	374	1334	1276	2401
M1688_4	M2786_4	374	1226	744	1434
M2786_4	F1391_4	374	1235	603	603
M2786_4	F1653_4	374	1312	242	242
M2786_4	F2019_4	374	1168	810	810
M2786_4	F2033_4	374	1120	213	213
M2786_4	F2057_4	374	1298	354	354
M2786_4	F2281_4	374	1203	717	717
M2786_4	F409_4	374	1339	1054	1054
M2786_4	M1072_4	374	1250	1041	1041
M2786_4	M1169_4	374	1147	1006	1006
M2786_4	M164_4	374	1315	878	878
M2786_4	M1664_4	374	1275	977	977
M2786_4	M1675_4	374	1297	1167	1167
M2786_4	M1688_4	374	1226	553	553
F1214_4	F1464_4	375	1232	221	439
F1214_4	F1609_4	375	1177	283	537
F1214_4	F160_4	375	1307	725	1319
F1214_4	F2507_4	375	1216	730	1305
F1214_4	F425_4	375	1240	1184	2229
F1214_4	F532_4	375	1259	820	1496
F1214_4	F944_4	375	1221	634	1187
F1214_4	M1244_4	375	1211	187	332
F1214_4	M2315_4	375	1247	691	1301
F1214_4	M2523_4	375	1399	564	1044
F1214_4	M423_4	375	1248	734	1335
F1214_4	M634_4	375	1339	1135	2076
F1214_4	M904_4	375	1503	1220	2280
F1464_4	F1214_4	375	1232	1157	1789
F1464_4	F1609_4	375	1157	570	851
F1464_4	F160_4	375	1124	889	1397
F1464_4	F2507_4	375	1176	974	1519
F1464_4	F425_4	375	1283	1260	1923
F1464_4	F532_4	375	1257	1065	1668
F1464_4	F944_4	375	1212	917	1429
F1464_4	M1244_4	375	1424	517	798
F1464_4	M2315_4	375	1260	949	1500
F1464_4	M2523_4	375	1320	861	1373
F1464_4	M423_4	375	1164	951	1486
F1464_4	M634_4	375	1275	1182	1870
F1464_4	M904_4	375	1295	1209	1861
F1609_4	F1214_4	375	1177	449	640
F1609_4	F1464_4	375	1157	26	37
F1609_4	F160_4	375	1377	200	305
F1609_4	F2507_4	375	1204	197	302
F1609_4	F425_4	375	1370	1038	1509
F1609_4	F532_4	375	1283	250	364
F1609_4	F944_4	375	1195	148	217
F1609_4	M1244_4	375	1310	25	37
F1609_4	M2315_4	375	1365	189	264
F1609_4	M2523_4	375	1231	94	139
F1609_4	M423_4	375	1272	192	276
F1609_4	M634_4	375	1236	546	788
F1609_4	M904_4	375	1223	414	602
F160_4	F1214_4	375	1307	392	392
F160_4	F1464_4	375	1124	23	23
F160_4	F1609_4	375	1377	36	36
F160_4	F2507_4	375	1351	177	177
F160_4	F425_4	375	1213	794	794
F160_4	F532_4	375	1307	187	187
F160_4	F944_4	375	1457	132	132
F160_4	M1244_4	375	1258	21	21
F160_4	M2315_4	375	1235	111	111
F160_4	M2523_4	375	1315	71	71
F160_4	M423_4	375	1249	156	156
F160_4	M634_4	375	1240	386	386
F160_4	M904_4	375	1082	299	299
F2507_4	F1214_4	375	1216	799	1195
F2507_4	F1464_4	375	1176	106	160
F2507_4	F1609_4	375	1204	129	179
F2507_4	F160_4	375	1351	434	632
F2507_4	F425_4	375	1352	1204	1792
F2507_4	F532_4	375	1398	620	920
F2507_4	F944_4	375	1199	324	479
F2507_4	M1244_4	375	1188	92	131
F2507_4	M2315_4	375	1223	389	557
F2507_4	M2523_4	375	1117	247	371
F2507_4	M423_4	375	1135	415	633
F2507_4	M634_4	375	1296	874	1293
F2507_4	M904_4	375	1198	743	1101
F425_4	F1214_4	375	1240	730	1728
F425_4	F1464_4	375	1283	70	164
F425_4	F1609_4	375	1370	128	275
F425_4	F160_4	375	1213	354	803
F425_4	F2507_4	375	1352	444	1068
F425_4	F532_4	375	1244	449	1030
F425_4	F944_4	375	1347	311	733
F425_4	M1244_4	375	1321	66	161
F425_4	M2315_4	375	1237	350	802
F425_4	M2523_4	375	1360	225	521
F425_4	M423_4	375	1293	410	948
F425_4	M634_4	375	1099	694	1593
F425_4	M904_4	375	1310	714	1668
F532_4	F1214_4	375	1259	1053	1053
F532_4	F1464_4	375	1257	244	244
F532_4	F1609_4	375	1283	343	343
F532_4	F160_4	375	1307	744	744
F532_4	F2507_4	375	1398	902	902
F532_4	F425_4	375	1244	1190	1190
F532_4	F944_4	375	1297	656	656
F532_4	M1244_4	375	1353	231	231
F532_4	M2315_4	375	1303	724	724
F532_4	M2523_4	375	1223	531	531
F532_4	M423_4	375	1285	805	805
F532_4	M634_4	375	1106	949	949
F532_4	M904_4	375	1401	1154	1154
F944_4	F1214_4	375	1221	661	1601
F944_4	F1464_4	375	1212	56	133
F944_4	F1609_4	375	1195	63	135
F944_4	F160_4	375	1457	368	861
F944_4	F2507_4	375	1199	323	782
F944_4	F425_4	375	1347	1148	2650
F944_4	F532_4	375	1297	391	989
F944_4	M1244_4	375	1282	61	141
F944_4	M2315_4	375	1318	297	718
F944_4	M2523_4	375	1303	178	415
F944_4	M423_4	375	1211	325	766
F944_4	M634_4	375	1382	780	1876
F944_4	M904_4	375	1265	650	1572
M1244_4	F1214_4	375	1211	1051	2356
M1244_4	F1464_4	375	1424	268	628
M1244_4	F1609_4	375	1310	336	801
M1244_4	F160_4	375	1258	742	1674
M1244_4	F2507_4	375	1188	771	1748
M1244_4	F425_4	375	1321	1267	2877
M1244_4	F532_4	375	1353	875	2004
M1244_4	F944_4	375	1282	667	1566
M1244_4	M2315_4	375	1216	700	1615
M1244_4	M2523_4	375	1360	561	1303
M1244_4	M423_4	375	1353	838	1953
M1244_4	M634_4	375	1145	963	2253
M1244_4	M904_4	375	1169	935	2196
M2315_4	F1214_4	375	1247	911	2855
M2315_4	F1464_4	375	1260	127	402
M2315_4	F1609_4	375	1365	187	606
M2315_4	F160_4	375	1235	488	1560
M2315_4	F2507_4	375	1223	546	1721
M2315_4	F425_4	375	1237	1160	3619
M2315_4	F532_4	375	1303	611	1949
M2315_4	F944_4	375	1318	448	1370
M2315_4	M1244_4	375	1216	109	331
M2315_4	M2523_4	375	1383	335	1028
M2315_4	M423_4	375	1227	536	1638
M2315_4	M634_4	375	1202	898	2760
M2315_4	M904_4	375	1502	1010	3171
M2523_4	F1214_4	375	1399	1235	2927
M2523_4	F1464_4	375	1320	377	861
M2523_4	F1609_4	375	1231	397	931
M2523_4	F160_4	375	1315	862	2043
M2523_4	F2507_4	375	1117	820	1896
M2523_4	F425_4	375	1360	1332	3064
M2523_4	F532_4	375	1223	910	2115
M2523_4	F944_4	375	1303	780	1809
M2523_4	M1244_4	375	1360	303	687
M2523_4	M2315_4	375	1383	893	2146
M2523_4	M423_4	375	1460	1010	2375
M2523_4	M634_4	375	1273	1138	2678
M2523_4	M904_4	375	1308	1132	2705
M423_4	F1214_4	375	1248	1052	1052
M423_4	F1464_4	375	1164	206	206
M423_4	F1609_4	375	1272	330	330
M423_4	F160_4	375	1249	692	692
M423_4	F2507_4	375	1135	714	714
M423_4	F425_4	375	1293	1237	1237
M423_4	F532_4	375	1285	806	806
M423_4	F944_4	375	1211	560	560
M423_4	M1244_4	375	1353	232	232
M423_4	M2315_4	375	1227	659	659
M423_4	M2523_4	375	1460	552	552
M423_4	M634_4	375	1218	1033	1033
M423_4	M904_4	375	1252	1006	1006
M634_4	F1214_4	375	1339	1303	1770
M634_4	F1464_4	375	1275	861	1190
M634_4	F1609_4	375	1236	933	1278
M634_4	F160_4	375	1240	1155	1569
M634_4	F2507_4	375	1296	1224	1659
M634_4	F425_4	375	1099	1093	1518
M634_4	F532_4	375	1106	1037	1399
M634_4	F944_4	375	1382	1265	1708
M634_4	M1244_4	375	1145	743	1047
M634_4	M2315_4	375	1202	1114	1518
M634_4	M2523_4	375	1273	1083	1495
M634_4	M423_4	375	1218	1139	1543
M634_4	M904_4	375	1231	1204	1654
M904_4	F1214_4	375	1503	1444	1444
M904_4	F1464_4	375	1295	639	639
M904_4	F1609_4	375	1223	695	695
M904_4	F160_4	375	1082	911	911
M904_4	F2507_4	375	1198	1032	1032
M904_4	F425_4	375	1310	1301	1301
M904_4	F532_4	375	1401	1224	1224
M904_4	F944_4	375	1265	1004	1004
M904_4	M1244_4	375	1169	554	554
M904_4	M2315_4	375	1502	1253	1253
M904_4	M2523_4	375	1308	976	976
M904_4	M423_4	375	1252	1085	1085
M904_4	M634_4	375	1231	1178	1178
F1361_4	F1506_4	376	1443	473	473
F1361_4	F165_4	376	1511	1346	1346
F1361_4	F2426_4	376	1438	1185	1185
F1361_4	F2678_4	376	1290	906	906
F1361_4	F877_4	376	1468	1051	1051
F1361_4	M1011_4	376	1249	332	332
F1361_4	M1165_4	376	1340	609	609
F1361_4	M2184_4	376	1242	521	521
F1361_4	M2230_4	376	1254	273	273
F1361_4	M2563_4	376	1319	1140	1140
F1361_4	M395_4	376	1294	992	992
F1361_4	M713_4	376	1146	730	730
F1361_4	M749_4	376	1191	699	699
F1506_4	F1361_4	376	1443	1220	1464
F1506_4	F165_4	376	1349	993	1224
F1506_4	F2426_4	376	1361	854	1050
F1506_4	F2678_4	376	1177	557	673
F1506_4	F877_4	376	1273	570	698
F1506_4	M1011_4	376	1239	147	174
F1506_4	M1165_4	376	1445	300	361
F1506_4	M2184_4	376	1280	266	321
F1506_4	M2230_4	376	1489	130	155
F1506_4	M2563_4	376	1257	802	960
F1506_4	M395_4	376	1171	537	657
F1506_4	M713_4	376	1286	512	621
F1506_4	M749_4	376	1346	448	547
F165_4	F1361_4	376	1511	1415	1415
F165_4	F1506_4	376	1349	421	421
F165_4	F2426_4	376	1139	939	939
F165_4	F2678_4	376	1179	875	875
F165_4	F877_4	376	1280	942	942
F165_4	M1011_4	376	1370	371	371
F165_4	M1165_4	376	1193	558	558
F165_4	M2184_4	376	1343	623	623
F165_4	M2230_4	376	1297	295	295
F165_4	M2563_4	376	1185	1025	1025
F165_4	M395_4	376	1131	870	870
F165_4	M713_4	376	1116	738	738
F165_4	M749_4	376	1229	747	747
F2426_4	F1361_4	376	1438	1200	1200
F2426_4	F1506_4	376	1361	190	190
F2426_4	F165_4	376	1139	853	853
F2426_4	F2678_4	376	1180	606	606
F2426_4	F877_4	376	1174	588	588
F2426_4	M1011_4	376	1281	164	164
F2426_4	M1165_4	376	1265	302	302
F2426_4	M2184_4	376	1190	281	281
F2426_4	M2230_4	376	1367	137	137
F2426_4	M2563_4	376	1243	798	798
F2426_4	M395_4	376	1315	682	682
F2426_4	M713_4	376	1199	513	513
F2426_4	M749_4	376	1232	436	436
F2678_4	F1361_4	376	1290	866	866
F2678_4	F1506_4	376	1177	89	89
F2678_4	F165_4	376	1179	661	661
F2678_4	F2426_4	376	1180	524	524
F2678_4	F877_4	376	1315	364	364
F2678_4	M1011_4	376	1340	61	61
F2678_4	M1165_4	376	1228	123	123
F2678_4	M2184_4	376	1183	136	136
F2678_4	M2230_4	376	1321	66	66
F2678_4	M2563_4	376	1265	619	619
F2678_4	M395_4	376	1295	432	432
F2678_4	M713_4	376	1338	312	312
F2678_4	M749_4	376	1412	281	281
F877_4	F1361_4	376	1468	302	302
F877_4	F1506_4	376	1273	15	15
F877_4	F165_4	376	1280	144	144
F877_4	F2426_4	376	1174	99	99
F877_4	F2678_4	376	1315	64	64
F877_4	M1011_4	376	1285	5	5
F877_4	M1165_4	376	1275	18	18
F877_4	M2184_4	376	1367	13	13
F877_4	M2230_4	376	1253	4	4
F877_4	M2563_4	376	1225	99	99
F877_4	M395_4	376	1204	58	58
F877_4	M713_4	376	1279	43	43
F877_4	M749_4	376	1273	30	30
M1011_4	F1361_4	376	1249	1025	4327
M1011_4	F1506_4	376	1239	174	726
M1011_4	F165_4	376	1370	977	4110
M1011_4	F2426_4	376	1281	803	3268
M1011_4	F2678_4	376	1340	623	2540
M1011_4	F877_4	376	1285	607	2615
M1011_4	M1165_4	376	1305	290	1201
M1011_4	M2184_4	376	1262	236	1017
M1011_4	M2230_4	376	1257	111	482
M1011_4	M2563_4	376	1256	808	3355
M1011_4	M395_4	376	1149	534	2167
M1011_4	M713_4	376	1354	512	2186
M1011_4	M749_4	376	1300	434	1770
M1165_4	F1361_4	376	1340	1061	1061
M1165_4	F1506_4	376	1445	145	145
M1165_4	F165_4	376	1193	767	767
M1165_4	F2426_4	376	1265	719	719
M1165_4	F2678_4	376	1228	517	517
M1165_4	F877_4	376	1275	487	487
M1165_4	M1011_4	376	1305	107	107
M1165_4	M2184_4	376	1137	180	180
M1165_4	M2230_4	376	1382	84	84
M1165_4	M2563_4	376	1359	786	786
M1165_4	M395_4	376	1361	600	600
M1165_4	M713_4	376	1362	429	429
M1165_4	M749_4	376	1299	328	328
M2184_4	F1361_4	376	1242	1229	6059
M2184_4	F1506_4	376	1280	925	4585
M2184_4	F165_4	376	1343	1309	6486
M2184_4	F2426_4	376	1190	1143	5591
M2184_4	F2678_4	376	1183	1104	5533
M2184_4	F877_4	376	1367	1255	6293
M2184_4	M1011_4	376	1262	811	4142
M2184_4	M1165_4	376	1137	915	4388
M2184_4	M2230_4	376	1368	840	4180
M2184_4	M2563_4	376	1423	1370	6855
M2184_4	M395_4	376	1274	1192	5904
M2184_4	M713_4	376	1268	1147	5843
M2184_4	M749_4	376	1259	1128	5691
M2230_4	F1361_4	376	1254	1183	2453
M2230_4	F1506_4	376	1489	521	1066
M2230_4	F165_4	376	1297	1158	2490
M2230_4	F2426_4	376	1367	1145	2402
M2230_4	F2678_4	376	1321	954	2040
M2230_4	F877_4	376	1253	902	1860
M2230_4	M1011_4	376	1257	345	757
M2230_4	M1165_4	376	1382	676	1352
M2230_4	M2184_4	376	1368	575	1215
M2230_4	M2563_4	376	1253	1066	2254
M2230_4	M395_4	376	1246	968	2081
M2230_4	M713_4	376	1334	864	1798
M2230_4	M749_4	376	1160	695	1497
M2563_4	F1361_4	376	1319	1299	2985
M2563_4	F1506_4	376	1257	929	2157
M2563_4	F165_4	376	1185	1157	2654
M2563_4	F2426_4	376	1243	1208	2749
M2563_4	F2678_4	376	1265	1182	2681
M2563_4	F877_4	376	1225	1134	2599
M2563_4	M1011_4	376	1256	825	1918
M2563_4	M1165_4	376	1359	1115	2590
M2563_4	M2184_4	376	1423	1192	2688
M2563_4	M2230_4	376	1253	799	1813
M2563_4	M395_4	376	1421	1343	3119
M2563_4	M713_4	376	1156	1059	2464
M2563_4	M749_4	376	1227	1099	2492
M395_4	F1361_4	376	1294	1162	1162
M395_4	F1506_4	376	1171	268	268
M395_4	F165_4	376	1131	924	924
M395_4	F2426_4	376	1315	1007	1007
M395_4	F2678_4	376	1295	773	773
M395_4	F877_4	376	1204	761	761
M395_4	M1011_4	376	1149	200	200
M395_4	M1165_4	376	1361	418	418
M395_4	M2184_4	376	1274	406	406
M395_4	M2230_4	376	1246	192	192
M395_4	M2563_4	376	1421	1087	1087
M395_4	M713_4	376	1226	617	617
M395_4	M749_4	376	1278	615	615
M713_4	F1361_4	376	1146	843	843
M713_4	F1506_4	376	1286	97	97
M713_4	F165_4	376	1116	711	711
M713_4	F2426_4	376	1199	606	606
M713_4	F2678_4	376	1338	475	475
M713_4	F877_4	376	1279	434	434
M713_4	M1011_4	376	1354	112	112
M713_4	M1165_4	376	1362	194	194
M713_4	M2184_4	376	1268	179	179
M713_4	M2230_4	376	1334	76	76
M713_4	M2563_4	376	1156	650	650
M713_4	M395_4	376	1226	475	475
M713_4	M749_4	376	1247	310	310
M749_4	F1361_4	376	1191	1120	2414
M749_4	F1506_4	376	1346	511	1092
M749_4	F165_4	376	1229	1106	2401
M749_4	F2426_4	376	1232	1054	2225
M749_4	F2678_4	376	1412	1063	2257
M749_4	F877_4	376	1273	919	1883
M749_4	M1011_4	376	1300	409	879
M749_4	M1165_4	376	1299	624	1322
M749_4	M2184_4	376	1259	599	1260
M749_4	M2230_4	376	1160	307	659
M749_4	M2563_4	376	1227	1066	2231
M749_4	M395_4	376	1278	988	2109
M749_4	M713_4	376	1247	846	1766
F1155_4	F1910_4	377	1327	831	2265
F1155_4	F2304_4	377	1248	104	272
F1155_4	F2716_4	377	1273	442	1231
F1155_4	F710_4	377	1361	62	177
F1155_4	M1155_4	377	1215	387	1114
F1155_4	M1199_4	377	1236	1034	2847
F1155_4	M1211_4	377	1237	471	1247
F1155_4	M2000_4	377	1161	244	659
F1155_4	M2038_4	377	1123	57	147
F1155_4	M207_4	377	1202	101	286
F1155_4	M2663_4	377	1247	223	595
F1155_4	M372_4	377	1218	311	861
F1155_4	M416_4	377	1358	221	616
F1910_4	F1155_4	377	1327	980	3798
F1910_4	F2304_4	377	1307	140	542
F1910_4	F2716_4	377	1192	551	2230
F1910_4	F710_4	377	1199	70	278
F1910_4	M1155_4	377	1304	532	1992
F1910_4	M1199_4	377	1239	1126	4389
F1910_4	M1211_4	377	1208	597	2326
F1910_4	M2000_4	377	1148	312	1171
F1910_4	M2038_4	377	1242	82	317
F1910_4	M207_4	377	1249	159	616
F1910_4	M2663_4	377	1257	295	1150
F1910_4	M372_4	377	1325	418	1579
F1910_4	M416_4	377	1197	311	1165
F2304_4	F1155_4	377	1248	1072	1072
F2304_4	F1910_4	377	1307	1123	1123
F2304_4	F2716_4	377	1326	892	892
F2304_4	F710_4	377	1343	200	200
F2304_4	M1155_4	377	1238	802	802
F2304_4	M1199_4	377	1305	1231	1231
F2304_4	M1211_4	377	1148	817	817
F2304_4	M2000_4	377	1284	619	619
F2304_4	M2038_4	377	1267	191	191
F2304_4	M207_4	377	1248	340	340
F2304_4	M2663_4	377	1237	513	513
F2304_4	M372_4	377	1395	786	786
F2304_4	M416_4	377	1161	485	485
F2716_4	F1155_4	377	1273	988	2631
F2716_4	F1910_4	377	1192	908	2392
F2716_4	F2304_4	377	1326	181	464
F2716_4	F710_4	377	1369	110	276
F2716_4	M1155_4	377	1171	566	1484
F2716_4	M1199_4	377	1249	1136	3042
F2716_4	M1211_4	377	1146	656	1764
F2716_4	M2000_4	377	1202	419	1104
F2716_4	M2038_4	377	1283	108	293
F2716_4	M207_4	377	1147	216	569
F2716_4	M2663_4	377	1385	439	1132
F2716_4	M372_4	377	1343	518	1347
F2716_4	M416_4	377	1441	416	1049
F710_4	F1155_4	377	1361	1129	1129
F710_4	F1910_4	377	1199	983	983
F710_4	F2304_4	377	1343	258	258
F710_4	F2716_4	377	1369	842	842
F710_4	M1155_4	377	1231	705	705
F710_4	M1199_4	377	1218	1126	1126
F710_4	M1211_4	377	1254	816	816
F710_4	M2000_4	377	1265	531	531
F710_4	M2038_4	377	1213	132	132
F710_4	M207_4	377	1362	305	305
F710_4	M2663_4	377	1307	499	499
F710_4	M372_4	377	1206	587	587
F710_4	M416_4	377	1261	457	457
M1155_4	F1155_4	377	1215	1158	1158
M1155_4	F1910_4	377	1304	1241	1241
M1155_4	F2304_4	377	1238	634	634
M1155_4	F2716_4	377	1171	1017	1017
M1155_4	F710_4	377	1231	436	436
M1155_4	M1199_4	377	1172	1154	1154
M1155_4	M1211_4	377	1303	1171	1171
M1155_4	M2000_4	377	1349	1033	1033
M1155_4	M2038_4	377	1278	471	471
M1155_4	M207_4	377	1189	646	646
M1155_4	M2663_4	377	1222	886	886
M1155_4	M372_4	377	1358	1103	1103
M1155_4	M416_4	377	1341	937	937
M1199_4	F1155_4	377	1236	1073	1073
M1199_4	F1910_4	377	1239	1087	1087
M1199_4	F2304_4	377	1305	315	315
M1199_4	F2716_4	377	1249	843	843
M1199_4	F710_4	377	1218	189	189
M1199_4	M1155_4	377	1172	741	741
M1199_4	M1211_4	377	1244	892	892
M1199_4	M2000_4	377	1235	629	629
M1199_4	M2038_4	377	1297	188	188
M1199_4	M207_4	377	1398	394	394
M1199_4	M2663_4	377	1249	542	542
M1199_4	M372_4	377	1358	751	751
M1199_4	M416_4	377	1248	553	553
M1211_4	F1155_4	377	1237	823	823
M1211_4	F1910_4	377	1208	792	792
M1211_4	F2304_4	377	1148	111	111
M1211_4	F2716_4	377	1146	464	464
M1211_4	F710_4	377	1254	65	65
M1211_4	M1155_4	377	1303	461	461
M1211_4	M1199_4	377	1244	1075	1075
M1211_4	M2000_4	377	1259	294	294
M1211_4	M2038_4	377	1255	68	68
M1211_4	M207_4	377	1194	144	144
M1211_4	M2663_4	377	1189	233	233
M1211_4	M372_4	377	1286	374	374
M1211_4	M416_4	377	1344	248	248
M2000_4	F1155_4	377	1161	1099	1599
M2000_4	F1910_4	377	1148	1092	1605
M2000_4	F2304_4	377	1284	606	921
M2000_4	F2716_4	377	1202	1034	1538
M2000_4	F710_4	377	1265	418	627
M2000_4	M1155_4	377	1349	1122	1664
M2000_4	M1199_4	377	1235	1201	1785
M2000_4	M1211_4	377	1259	1095	1640
M2000_4	M2038_4	377	1219	436	661
M2000_4	M207_4	377	1292	692	1027
M2000_4	M2663_4	377	1288	873	1314
M2000_4	M372_4	377	1208	946	1401
M2000_4	M416_4	377	1268	855	1247
M2038_4	F1155_4	377	1123	1069	2291
M2038_4	F1910_4	377	1242	1176	2533
M2038_4	F2304_4	377	1267	657	1378
M2038_4	F2716_4	377	1283	1114	2373
M2038_4	F710_4	377	1213	412	884
M2038_4	M1155_4	377	1278	1095	2332
M2038_4	M1199_4	377	1297	1270	2748
M2038_4	M1211_4	377	1255	1098	2297
M2038_4	M2000_4	377	1219	906	1913
M2038_4	M207_4	377	1228	688	1520
M2038_4	M2663_4	377	1198	841	1766
M2038_4	M372_4	377	1271	1002	2182
M2038_4	M416_4	377	1335	904	1930
M207_4	F1155_4	377	1202	916	1663
M207_4	F1910_4	377	1249	923	1681
M207_4	F2304_4	377	1248	199	351
M207_4	F2716_4	377	1147	607	1045
M207_4	F710_4	377	1362	102	183
M207_4	M1155_4	377	1189	555	1022
M207_4	M1199_4	377	1398	1271	2238
M207_4	M1211_4	377	1194	692	1250
M207_4	M2000_4	377	1292	444	796
M207_4	M2038_4	377	1228	95	185
M207_4	M2663_4	377	1171	334	632
M207_4	M372_4	377	1449	573	992
M207_4	M416_4	377	1280	361	650
M2663_4	F1155_4	377	1247	1091	1091
M2663_4	F1910_4	377	1257	1114	1114
M2663_4	F2304_4	377	1237	357	357
M2663_4	F2716_4	377	1385	1011	1011
M2663_4	F710_4	377	1307	242	242
M2663_4	M1155_4	377	1222	831	831
M2663_4	M1199_4	377	1249	1194	1194
M2663_4	M1211_4	377	1189	910	910
M2663_4	M2000_4	377	1288	736	736
M2663_4	M2038_4	377	1198	219	219
M2663_4	M207_4	377	1171	386	386
M2663_4	M372_4	377	1223	746	746
M2663_4	M416_4	377	1275	651	651
M372_4	F1155_4	377	1218	850	850
M372_4	F1910_4	377	1325	870	870
M372_4	F2304_4	377	1395	138	138
M372_4	F2716_4	377	1343	524	524
M372_4	F710_4	377	1206	71	71
M372_4	M1155_4	377	1358	495	495
M372_4	M1199_4	377	1358	1161	1161
M372_4	M1211_4	377	1286	580	580
M372_4	M2000_4	377	1208	276	276
M372_4	M2038_4	377	1271	78	78
M372_4	M207_4	377	1449	153	153
M372_4	M2663_4	377	1223	228	228
M372_4	M416_4	377	1281	253	253
M416_4	F1155_4	377	1358	694	694
M416_4	F1910_4	377	1197	574	574
M416_4	F2304_4	377	1161	53	53
M416_4	F2716_4	377	1441	376	376
M416_4	F710_4	377	1261	27	27
M416_4	M1155_4	377	1341	289	289
M416_4	M1199_4	377	1248	917	917
M416_4	M1211_4	377	1344	395	395
M416_4	M2000_4	377	1268	155	155
M416_4	M2038_4	377	1335	46	46
M416_4	M207_4	377	1280	66	66
M416_4	M2663_4	377	1275	124	124
M416_4	M372_4	377	1281	207	207
F1654_4	F1885_4	378	1332	34	34
F1654_4	F2115_4	378	1162	20	20
F1654_4	F2242_4	378	1268	572	572
F1654_4	F643_4	378	1264	234	234
F1654_4	F791_4	378	1244	42	42
F1654_4	F978_4	378	1311	90	90
F1654_4	M1289_4	378	1332	48	48
F1654_4	M1637_4	378	1298	467	467
F1654_4	M2075_4	378	1261	89	89
F1654_4	M2480_4	378	1209	33	33
F1654_4	M2532_4	378	1181	24	24
F1654_4	M291_4	378	1256	159	159
F1654_4	M783_4	378	1358	174	174
F1885_4	F1654_4	378	1332	1226	1586
F1885_4	F2115_4	378	1275	555	726
F1885_4	F2242_4	378	1368	1323	1777
F1885_4	F643_4	378	1268	1118	1506
F1885_4	F791_4	378	1265	604	808
F1885_4	F978_4	378	1111	774	1018
F1885_4	M1289_4	378	1302	615	811
F1885_4	M1637_4	378	1263	1201	1583
F1885_4	M2075_4	378	1134	835	1088
F1885_4	M2480_4	378	1261	609	790
F1885_4	M2532_4	378	1405	502	662
F1885_4	M291_4	378	1080	869	1136
F1885_4	M783_4	378	1239	973	1293
F2115_4	F1654_4	378	1162	157	289
F2115_4	F1885_4	378	1275	5	9
F2115_4	F2242_4	378	1159	244	458
F2115_4	F643_4	378	1311	77	150
F2115_4	F791_4	378	1300	17	40
F2115_4	F978_4	378	1249	26	43
F2115_4	M1289_4	378	1244	11	19
F2115_4	M1637_4	378	1212	162	324
F2115_4	M2075_4	378	1307	29	47
F2115_4	M2480_4	378	1123	4	9
F2115_4	M2532_4	378	1178	8	13
F2115_4	M291_4	378	1259	41	79
F2115_4	M783_4	378	1273	40	68
F2242_4	F1654_4	378	1268	1238	1238
F2242_4	F1885_4	378	1368	1011	1011
F2242_4	F2115_4	378	1159	771	771
F2242_4	F643_4	378	1207	1152	1152
F2242_4	F791_4	378	1404	1002	1002
F2242_4	F978_4	378	1115	942	942
F2242_4	M1289_4	378	1314	951	951
F2242_4	M1637_4	378	1239	1209	1209
F2242_4	M2075_4	378	1592	1408	1408
F2242_4	M2480_4	378	1442	1060	1060
F2242_4	M2532_4	378	1206	731	731
F2242_4	M291_4	378	1247	1152	1152
F2242_4	M783_4	378	1230	1120	1120
F643_4	F1654_4	378	1264	677	762
F643_4	F1885_4	378	1268	78	83
F643_4	F2115_4	378	1311	72	81
F643_4	F2242_4	378	1207	827	931
F643_4	F791_4	378	1401	105	124
F643_4	F978_4	378	1238	183	213
F643_4	M1289_4	378	1216	91	106
F643_4	M1637_4	378	1218	675	750
F643_4	M2075_4	378	1181	204	231
F643_4	M2480_4	378	1334	94	106
F643_4	M2532_4	378	1116	43	48
F643_4	M291_4	378	1187	275	321
F643_4	M783_4	378	1281	308	344
F791_4	F1654_4	378	1244	1060	3117
F791_4	F1885_4	378	1265	370	1105
F791_4	F2115_4	378	1300	300	863
F791_4	F2242_4	378	1404	1286	3821
F791_4	F643_4	378	1401	1036	3086
F791_4	F978_4	378	1289	611	1814
F791_4	M1289_4	378	1320	331	998
F791_4	M1637_4	378	1169	1008	3019
F791_4	M2075_4	378	1392	665	1902
F791_4	M2480_4	378	1395	392	1109
F791_4	M2532_4	378	1144	227	661
F791_4	M291_4	378	1201	743	2121
F791_4	M783_4	378	1273	780	2274
F978_4	F1654_4	378	1311	1262	1262
F978_4	F1885_4	378	1111	676	676
F978_4	F2115_4	378	1249	712	712
F978_4	F2242_4	378	1115	1093	1093
F978_4	F643_4	378	1238	1135	1135
F978_4	F791_4	378	1289	754	754
F978_4	M1289_4	378	1370	837	837
F978_4	M1637_4	378	1257	1215	1215
F978_4	M2075_4	378	1306	1075	1075
F978_4	M2480_4	378	1324	801	801
F978_4	M2532_4	378	1143	565	565
F978_4	M291_4	378	1187	1028	1028
F978_4	M783_4	378	1191	1055	1055
M1289_4	F1654_4	378	1332	1310	1310
M1289_4	F1885_4	378	1302	1022	1022
M1289_4	F2115_4	378	1244	914	914
M1289_4	F2242_4	378	1314	1305	1305
M1289_4	F643_4	378	1216	1173	1173
M1289_4	F791_4	378	1320	1013	1013
M1289_4	F978_4	378	1370	1220	1220
M1289_4	M1637_4	378	1314	1293	1293
M1289_4	M2075_4	378	1271	1166	1166
M1289_4	M2480_4	378	1328	1045	1045
M1289_4	M2532_4	378	1221	847	847
M1289_4	M291_4	378	1226	1141	1141
M1289_4	M783_4	378	1270	1191	1191
M1637_4	F1654_4	378	1298	1227	3223
M1637_4	F1885_4	378	1263	604	1614
M1637_4	F2115_4	378	1212	523	1451
M1637_4	F2242_4	378	1239	1194	3139
M1637_4	F643_4	378	1218	1066	2876
M1637_4	F791_4	378	1169	556	1475
M1637_4	F978_4	378	1257	853	2275
M1637_4	M1289_4	378	1314	616	1572
M1637_4	M2075_4	378	1332	965	2594
M1637_4	M2480_4	378	1124	533	1366
M1637_4	M2532_4	378	1300	459	1226
M1637_4	M291_4	378	1237	967	2535
M1637_4	M783_4	378	1273	1014	2733
M2075_4	F1654_4	378	1261	928	999
M2075_4	F1885_4	378	1134	187	193
M2075_4	F2115_4	378	1307	147	158
M2075_4	F2242_4	378	1592	1326	1432
M2075_4	F643_4	378	1181	739	785
M2075_4	F791_4	378	1392	217	238
M2075_4	F978_4	378	1306	414	442
M2075_4	M1289_4	378	1271	231	251
M2075_4	M1637_4	378	1332	1028	1108
M2075_4	M2480_4	378	1234	182	200
M2075_4	M2532_4	378	1147	118	125
M2075_4	M291_4	378	1070	465	504
M2075_4	M783_4	378	1335	587	631
M2480_4	F1654_4	378	1209	1072	1072
M2480_4	F1885_4	378	1261	389	389
M2480_4	F2115_4	378	1123	292	292
M2480_4	F2242_4	378	1442	1318	1318
M2480_4	F643_4	378	1334	1071	1071
M2480_4	F791_4	378	1395	415	415
M2480_4	F978_4	378	1324	669	669
M2480_4	M1289_4	378	1328	426	426
M2480_4	M1637_4	378	1124	1019	1019
M2480_4	M2075_4	378	1234	677	677
M2480_4	M2532_4	378	1141	231	231
M2480_4	M291_4	378	1186	789	789
M2480_4	M783_4	378	1225	812	812
M2532_4	F1654_4	378	1181	1176	2160
M2532_4	F1885_4	378	1405	1295	2404
M2532_4	F2115_4	378	1178	1091	1995
M2532_4	F2242_4	378	1206	1202	2180
M2532_4	F643_4	378	1116	1108	2079
M2532_4	F791_4	378	1144	1069	1985
M2532_4	F978_4	378	1143	1098	2063
M2532_4	M1289_4	378	1221	1131	2132
M2532_4	M1637_4	378	1300	1293	2367
M2532_4	M2075_4	378	1147	1116	2102
M2532_4	M2480_4	378	1141	1066	1987
M2532_4	M291_4	378	1150	1130	2144
M2532_4	M783_4	378	1234	1203	2219
M291_4	F1654_4	378	1256	1212	2799
M291_4	F1885_4	378	1080	670	1512
M291_4	F2115_4	378	1259	704	1575
M291_4	F2242_4	378	1247	1215	2716
M291_4	F643_4	378	1187	1098	2449
M291_4	F791_4	378	1201	723	1621
M291_4	F978_4	378	1187	929	2156
M291_4	M1289_4	378	1226	806	1820
M291_4	M1637_4	378	1237	1179	2691
M291_4	M2075_4	378	1070	871	1983
M291_4	M2480_4	378	1186	740	1759
M291_4	M2532_4	378	1150	576	1327
M291_4	M783_4	378	1213	1053	2407
M783_4	F1654_4	378	1358	506	1211
M783_4	F1885_4	378	1239	45	98
M783_4	F2115_4	378	1273	33	75
M783_4	F2242_4	378	1230	631	1488
M783_4	F643_4	378	1281	297	744
M783_4	F791_4	378	1273	37	75
M783_4	F978_4	378	1191	106	270
M783_4	M1289_4	378	1270	42	91
M783_4	M1637_4	378	1273	510	1236
M783_4	M2075_4	378	1335	133	337
M783_4	M2480_4	378	1225	36	81
M783_4	M2532_4	378	1234	25	60
M783_4	M291_4	378	1213	149	344
F2270_4	F571_4	379	1289	818	818
F2270_4	F639_4	379	1403	1402	1402
F2270_4	F872_4	379	1262	841	841
F2270_4	F919_4	379	1270	443	443
F2270_4	M1161_4	379	1290	993	993
F2270_4	M1782_4	379	1224	1134	1134
F2270_4	M2203_4	379	1265	1054	1054
F2270_4	M2324_4	379	1282	1097	1097
F2270_4	M500_4	379	1319	799	799
F2270_4	M549_4	379	1248	1112	1112
F2270_4	M80_4	379	1256	1062	1062
F2270_4	M86_4	379	1334	892	892
F2270_4	M967_4	379	1464	834	834
F571_4	F2270_4	379	1289	32	32
F571_4	F639_4	379	1344	1339	1339
F571_4	F872_4	379	1181	587	587
F571_4	F919_4	379	1282	273	273
F571_4	M1161_4	379	1275	833	833
F571_4	M1782_4	379	1335	1149	1149
F571_4	M2203_4	379	1315	944	944
F571_4	M2324_4	379	1313	985	985
F571_4	M500_4	379	1171	539	539
F571_4	M549_4	379	1258	1048	1048
F571_4	M80_4	379	1163	866	866
F571_4	M86_4	379	1318	668	668
F571_4	M967_4	379	1280	541	541
F639_4	F2270_4	379	1403	1	1
F639_4	F571_4	379	1344	146	146
F639_4	F872_4	379	1319	133	133
F639_4	F919_4	379	1286	49	49
F639_4	M1161_4	379	1323	244	244
F639_4	M1782_4	379	1213	541	541
F639_4	M2203_4	379	1374	284	284
F639_4	M2324_4	379	1183	319	319
F639_4	M500_4	379	1327	99	99
F639_4	M549_4	379	1264	412	412
F639_4	M80_4	379	1195	316	316
F639_4	M86_4	379	1156	117	117
F639_4	M967_4	379	1346	106	106
F872_4	F2270_4	379	1262	1	2
F872_4	F571_4	379	1181	187	314
F872_4	F639_4	379	1319	1306	2313
F872_4	F919_4	379	1246	89	161
F872_4	M1161_4	379	1103	316	575
F872_4	M1782_4	379	1070	643	1137
F872_4	M2203_4	379	1367	517	877
F872_4	M2324_4	379	1255	508	902
F872_4	M500_4	379	1234	208	346
F872_4	M549_4	379	1200	590	1024
F872_4	M80_4	379	1238	492	873
F872_4	M86_4	379	1338	257	452
F872_4	M967_4	379	1228	159	270
F919_4	F2270_4	379	1270	197	376
F919_4	F571_4	379	1282	1136	2205
F919_4	F639_4	379	1286	1286	2547
F919_4	F872_4	379	1246	1114	2199
F919_4	M1161_4	379	1191	1110	2217
F919_4	M1782_4	379	1212	1196	2357
F919_4	M2203_4	379	1075	1019	2043
F919_4	M2324_4	379	1203	1160	2318
F919_4	M500_4	379	1230	1060	2125
F919_4	M549_4	379	1161	1138	2225
F919_4	M80_4	379	1295	1235	2408
F919_4	M86_4	379	1213	1087	2057
F919_4	M967_4	379	1216	1039	2039
M1161_4	F2270_4	379	1290	49	49
M1161_4	F571_4	379	1275	735	735
M1161_4	F639_4	379	1323	1321	1321
M1161_4	F872_4	379	1103	669	669
M1161_4	F919_4	379	1191	374	374
M1161_4	M1782_4	379	1210	1103	1103
M1161_4	M2203_4	379	1318	1068	1068
M1161_4	M2324_4	379	1393	1150	1150
M1161_4	M500_4	379	1170	682	682
M1161_4	M549_4	379	1149	1005	1005
M1161_4	M80_4	379	1405	1148	1148
M1161_4	M86_4	379	1301	823	823
M1161_4	M967_4	379	1251	662	662
M1782_4	F2270_4	379	1224	1	2
M1782_4	F571_4	379	1335	125	298
M1782_4	F639_4	379	1213	1195	2914
M1782_4	F872_4	379	1070	106	247
M1782_4	F919_4	379	1212	43	91
M1782_4	M1161_4	379	1210	209	490
M1782_4	M2203_4	379	1311	243	575
M1782_4	M2324_4	379	1321	317	766
M1782_4	M500_4	379	1263	118	291
M1782_4	M549_4	379	1255	401	974
M1782_4	M80_4	379	1331	331	820
M1782_4	M86_4	379	1139	109	257
M1782_4	M967_4	379	1180	82	210
M2203_4	F2270_4	379	1265	51	51
M2203_4	F571_4	379	1315	784	784
M2203_4	F639_4	379	1374	1374	1374
M2203_4	F872_4	379	1367	854	854
M2203_4	F919_4	379	1075	337	337
M2203_4	M1161_4	379	1318	989	989
M2203_4	M1782_4	379	1311	1221	1221
M2203_4	M2324_4	379	1224	1019	1019
M2203_4	M500_4	379	1325	728	728
M2203_4	M549_4	379	1267	1098	1098
M2203_4	M80_4	379	1263	1059	1059
M2203_4	M86_4	379	1124	696	696
M2203_4	M967_4	379	1414	750	750
M2324_4	F2270_4	379	1282	18	18
M2324_4	F571_4	379	1313	608	608
M2324_4	F639_4	379	1183	1181	1181
M2324_4	F872_4	379	1255	623	623
M2324_4	F919_4	379	1203	271	271
M2324_4	M1161_4	379	1393	899	899
M2324_4	M1782_4	379	1321	1153	1153
M2324_4	M2203_4	379	1224	850	850
M2324_4	M500_4	379	1233	505	505
M2324_4	M549_4	379	1283	1055	1055
M2324_4	M80_4	379	1328	1018	1018
M2324_4	M86_4	379	1271	626	626
M2324_4	M967_4	379	1364	535	535
M500_4	F2270_4	379	1319	34	34
M500_4	F571_4	379	1171	532	532
M500_4	F639_4	379	1327	1327	1327
M500_4	F872_4	379	1234	590	590
M500_4	F919_4	379	1230	300	300
M500_4	M1161_4	379	1170	739	739
M500_4	M1782_4	379	1263	1113	1113
M500_4	M2203_4	379	1325	920	920
M500_4	M2324_4	379	1233	938	938
M500_4	M549_4	379	1173	937	937
M500_4	M80_4	379	1207	929	929
M500_4	M86_4	379	1178	580	580
M500_4	M967_4	379	1237	495	495
M549_4	F2270_4	379	1248	171	326
M549_4	F571_4	379	1258	1118	2088
M549_4	F639_4	379	1264	1263	2303
M549_4	F872_4	379	1200	1067	1941
M549_4	F919_4	379	1161	824	1481
M549_4	M1161_4	379	1149	1097	2031
M549_4	M1782_4	379	1255	1241	2320
M549_4	M2203_4	379	1267	1199	2198
M549_4	M2324_4	379	1283	1240	2297
M549_4	M500_4	379	1173	1014	1883
M549_4	M80_4	379	1199	1158	2114
M549_4	M86_4	379	987	886	1608
M549_4	M967_4	379	1289	1111	2031
M80_4	F2270_4	379	1256	3	3
M80_4	F571_4	379	1163	87	87
M80_4	F639_4	379	1195	1172	1172
M80_4	F872_4	379	1238	86	86
M80_4	F919_4	379	1295	26	26
M80_4	M1161_4	379	1405	196	196
M80_4	M1782_4	379	1331	531	531
M80_4	M2203_4	379	1263	228	228
M80_4	M2324_4	379	1328	290	290
M80_4	M500_4	379	1207	83	83
M80_4	M549_4	379	1199	336	336
M80_4	M86_4	379	1079	100	100
M80_4	M967_4	379	1252	78	78
M86_4	F2270_4	379	1334	45	45
M86_4	F571_4	379	1318	786	786
M86_4	F639_4	379	1156	1154	1154
M86_4	F872_4	379	1338	846	846
M86_4	F919_4	379	1213	392	392
M86_4	M1161_4	379	1301	991	991
M86_4	M1782_4	379	1139	1051	1051
M86_4	M2203_4	379	1124	902	902
M86_4	M2324_4	379	1271	1082	1082
M86_4	M500_4	379	1178	683	683
M86_4	M549_4	379	987	849	849
M86_4	M80_4	379	1079	939	939
M86_4	M967_4	379	1171	592	592
M967_4	F2270_4	379	1464	81	81
M967_4	F571_4	379	1280	906	906
M967_4	F639_4	379	1346	1344	1344
M967_4	F872_4	379	1228	892	892
M967_4	F919_4	379	1216	597	597
M967_4	M1161_4	379	1251	1058	1058
M967_4	M1782_4	379	1180	1120	1120
M967_4	M2203_4	379	1414	1219	1219
M967_4	M2324_4	379	1364	1212	1212
M967_4	M500_4	379	1237	858	858
M967_4	M549_4	379	1289	1190	1190
M967_4	M80_4	379	1252	1093	1093
M967_4	M86_4	379	1171	870	870
F1708_4	F1980_4	380	1223	491	965
F1708_4	F597_4	380	1410	578	1153
F1708_4	M1232_4	380	1233	1030	2055
F1708_4	M1462_4	380	1253	902	1780
F1708_4	M1507_4	380	1249	279	568
F1708_4	M1587_4	380	1053	253	504
F1708_4	M1775_4	380	1210	218	431
F1708_4	M202_4	380	1425	269	530
F1708_4	M2462_4	380	1188	335	673
F1708_4	M296_4	380	1319	149	291
F1708_4	M370_4	380	1398	1128	2248
F1708_4	M85_4	380	1238	480	1019
F1708_4	M93_4	380	1337	179	376
F1980_4	F1708_4	380	1223	136	136
F1980_4	F597_4	380	1418	891	891
F1980_4	M1232_4	380	1354	1245	1245
F1980_4	M1462_4	380	1217	1040	1040
F1980_4	M1507_4	380	1319	579	579
F1980_4	M1587_4	380	1262	618	618
F1980_4	M1775_4	380	1314	411	411
F1980_4	M202_4	380	1229	477	477
F1980_4	M2462_4	380	1212	552	552
F1980_4	M296_4	380	1188	245	245
F1980_4	M370_4	380	1211	1109	1109
F1980_4	M85_4	380	1276	759	759
F1980_4	M93_4	380	1170	318	318
F597_4	F1708_4	380	1410	380	616
F597_4	F1980_4	380	1418	1196	1969
F597_4	M1232_4	380	1196	1171	1908
F597_4	M1462_4	380	1255	1202	1915
F597_4	M1507_4	380	1351	960	1558
F597_4	M1587_4	380	1234	891	1449
F597_4	M1775_4	380	1186	732	1196
F597_4	M202_4	380	1327	857	1409
F597_4	M2462_4	380	1264	915	1466
F597_4	M296_4	380	1209	554	876
F597_4	M370_4	380	1376	1325	2087
F597_4	M85_4	380	1275	1055	1688
F597_4	M93_4	380	1139	602	972
M1232_4	F1708_4	380	1233	55	55
M1232_4	F1980_4	380	1354	543	543
M1232_4	F597_4	380	1196	547	547
M1232_4	M1462_4	380	1321	974	974
M1232_4	M1507_4	380	1216	256	256
M1232_4	M1587_4	380	1296	361	361
M1232_4	M1775_4	380	1255	247	247
M1232_4	M202_4	380	1479	308	308
M1232_4	M2462_4	380	1432	400	400
M1232_4	M296_4	380	1350	155	155
M1232_4	M370_4	380	1228	1016	1016
M1232_4	M85_4	380	1231	511	511
M1232_4	M93_4	380	1489	203	203
M1462_4	F1708_4	380	1253	17	28
M1462_4	F1980_4	380	1217	124	234
M1462_4	F597_4	380	1255	125	249
M1462_4	M1232_4	380	1321	635	1167
M1462_4	M1507_4	380	1297	67	114
M1462_4	M1587_4	380	1375	84	157
M1462_4	M1775_4	380	1216	41	81
M1462_4	M202_4	380	1265	49	105
M1462_4	M2462_4	380	1273	70	136
M1462_4	M296_4	380	1296	33	53
M1462_4	M370_4	380	1390	606	1153
M1462_4	M85_4	380	1225	117	231
M1462_4	M93_4	380	1214	38	70
M1507_4	F1708_4	380	1249	116	198
M1507_4	F1980_4	380	1319	773	1255
M1507_4	F597_4	380	1351	857	1408
M1507_4	M1232_4	380	1216	1123	1842
M1507_4	M1462_4	380	1297	1108	1797
M1507_4	M1587_4	380	1089	475	757
M1507_4	M1775_4	380	1241	384	619
M1507_4	M202_4	380	1466	508	840
M1507_4	M2462_4	380	1238	565	939
M1507_4	M296_4	380	1217	265	450
M1507_4	M370_4	380	1359	1235	2037
M1507_4	M85_4	380	1180	653	1045
M1507_4	M93_4	380	1300	329	543
M1587_4	F1708_4	380	1053	68	250
M1587_4	F1980_4	380	1262	667	2244
M1587_4	F597_4	380	1234	666	2282
M1587_4	M1232_4	380	1296	1127	3797
M1587_4	M1462_4	380	1375	1081	3555
M1587_4	M1507_4	380	1089	343	1175
M1587_4	M1775_4	380	1234	318	1077
M1587_4	M202_4	380	1211	322	1095
M1587_4	M2462_4	380	1245	466	1568
M1587_4	M296_4	380	1315	214	703
M1587_4	M370_4	380	1276	1120	3757
M1587_4	M85_4	380	1191	612	2039
M1587_4	M93_4	380	1234	270	945
M1775_4	F1708_4	380	1210	40	40
M1775_4	F1980_4	380	1314	428	428
M1775_4	F597_4	380	1186	415	415
M1775_4	M1232_4	380	1255	936	936
M1775_4	M1462_4	380	1216	742	742
M1775_4	M1507_4	380	1241	237	237
M1775_4	M1587_4	380	1234	241	241
M1775_4	M202_4	380	1236	163	163
M1775_4	M2462_4	380	1235	240	240
M1775_4	M296_4	380	1378	114	114
M1775_4	M370_4	380	1228	911	911
M1775_4	M85_4	380	1327	408	408
M1775_4	M93_4	380	1236	123	123
M202_4	F1708_4	380	1425	19	19
M202_4	F1980_4	380	1229	176	176
M202_4	F597_4	380	1327	213	213
M202_4	M1232_4	380	1479	833	833
M202_4	M1462_4	380	1265	539	539
M202_4	M1507_4	380	1466	118	118
M202_4	M1587_4	380	1211	123	123
M202_4	M1775_4	380	1236	76	76
M202_4	M2462_4	380	1252	121	121
M202_4	M296_4	380	1241	34	34
M202_4	M370_4	380	1255	688	688
M202_4	M85_4	380	1214	201	201
M202_4	M93_4	380	1418	79	79
M2462_4	F1708_4	380	1188	870	870
M2462_4	F1980_4	380	1212	1180	1180
M2462_4	F597_4	380	1264	1233	1233
M2462_4	M1232_4	380	1432	1429	1429
M2462_4	M1462_4	380	1273	1258	1258
M2462_4	M1507_4	380	1238	1170	1170
M2462_4	M1587_4	380	1245	1174	1174
M2462_4	M1775_4	380	1235	1119	1119
M2462_4	M202_4	380	1252	1156	1156
M2462_4	M296_4	380	1355	1158	1158
M2462_4	M370_4	380	1175	1169	1169
M2462_4	M85_4	380	1313	1276	1276
M2462_4	M93_4	380	1349	1207	1207
M296_4	F1708_4	380	1319	12	19
M296_4	F1980_4	380	1188	66	96
M296_4	F597_4	380	1209	65	96
M296_4	M1232_4	380	1350	446	645
M296_4	M1462_4	380	1296	281	401
M296_4	M1507_4	380	1217	47	66
M296_4	M1587_4	380	1315	51	67
M296_4	M1775_4	380	1378	34	56
M296_4	M202_4	380	1241	36	43
M296_4	M2462_4	380	1355	63	92
M296_4	M370_4	380	1302	388	551
M296_4	M85_4	380	1220	70	102
M296_4	M93_4	380	1302	21	34
M370_4	F1708_4	380	1398	5	25
M370_4	F1980_4	380	1211	121	438
M370_4	F597_4	380	1376	121	441
M370_4	M1232_4	380	1228	488	1852
M370_4	M1462_4	380	1390	384	1461
M370_4	M1507_4	380	1359	59	230
M370_4	M1587_4	380	1276	67	281
M370_4	M1775_4	380	1228	35	113
M370_4	M202_4	380	1255	37	130
M370_4	M2462_4	380	1175	57	217
M370_4	M296_4	380	1302	24	93
M370_4	M85_4	380	1413	114	406
M370_4	M93_4	380	1277	29	111
M85_4	F1708_4	380	1238	280	280
M85_4	F1980_4	380	1276	1034	1034
M85_4	F597_4	380	1275	1059	1059
M85_4	M1232_4	380	1231	1183	1183
M85_4	M1462_4	380	1225	1153	1153
M85_4	M1507_4	380	1180	756	756
M85_4	M1587_4	380	1191	834	834
M85_4	M1775_4	380	1327	725	725
M85_4	M202_4	380	1214	730	730
M85_4	M2462_4	380	1313	941	941
M85_4	M296_4	380	1220	542	542
M85_4	M370_4	380	1413	1360	1360
M85_4	M93_4	380	1098	578	578
M93_4	F1708_4	380	1337	72	72
M93_4	F1980_4	380	1170	528	528
M93_4	F597_4	380	1139	507	507
M93_4	M1232_4	380	1489	1280	1280
M93_4	M1462_4	380	1214	911	911
M93_4	M1507_4	380	1300	307	307
M93_4	M1587_4	380	1234	368	368
M93_4	M1775_4	380	1236	236	236
M93_4	M202_4	380	1418	290	290
M93_4	M2462_4	380	1349	385	385
M93_4	M296_4	380	1302	172	172
M93_4	M370_4	380	1277	1060	1060
M93_4	M85_4	380	1098	440	440
F1047_4	F1223_4	381	1291	144	144
F1047_4	F142_4	381	1348	922	922
F1047_4	F2163_4	381	1420	995	995
F1047_4	F457_4	381	1150	610	610
F1047_4	F504_4	381	1285	861	861
F1047_4	M1117_4	381	1105	1000	1000
F1047_4	M1389_4	381	1200	945	945
F1047_4	M1876_4	381	1285	979	979
F1047_4	M1879_4	381	1323	530	530
F1047_4	M2147_4	381	1260	59	59
F1047_4	M2319_4	381	1274	492	492
F1047_4	M894_4	381	1209	165	165
F1047_4	M985_4	381	1233	1002	1002
F1223_4	F1047_4	381	1291	455	455
F1223_4	F142_4	381	1251	885	885
F1223_4	F2163_4	381	1209	892	892
F1223_4	F457_4	381	1318	755	755
F1223_4	F504_4	381	1290	904	904
F1223_4	M1117_4	381	1204	1117	1117
F1223_4	M1389_4	381	1234	1054	1054
F1223_4	M1876_4	381	1250	1003	1003
F1223_4	M1879_4	381	1232	529	529
F1223_4	M2147_4	381	1372	68	68
F1223_4	M2319_4	381	1256	575	575
F1223_4	M894_4	381	1253	195	195
F1223_4	M985_4	381	1132	940	940
F142_4	F1047_4	381	1348	496	2020
F142_4	F1223_4	381	1251	156	631
F142_4	F2163_4	381	1240	858	3635
F142_4	F457_4	381	1169	634	2624
F142_4	F504_4	381	1307	904	3740
F142_4	M1117_4	381	1283	1174	4853
F142_4	M1389_4	381	1150	937	3875
F142_4	M1876_4	381	1188	991	4123
F142_4	M1879_4	381	1362	602	2472
F142_4	M2147_4	381	1194	52	209
F142_4	M2319_4	381	1227	513	2081
F142_4	M894_4	381	1212	178	768
F142_4	M985_4	381	1294	1087	4539
F2163_4	F1047_4	381	1420	522	691
F2163_4	F1223_4	381	1209	179	239
F2163_4	F142_4	381	1240	908	1204
F2163_4	F457_4	381	1263	722	996
F2163_4	F504_4	381	1371	993	1337
F2163_4	M1117_4	381	1200	1131	1540
F2163_4	M1389_4	381	1237	1048	1450
F2163_4	M1876_4	381	1211	1008	1319
F2163_4	M1879_4	381	1158	543	753
F2163_4	M2147_4	381	1248	77	103
F2163_4	M2319_4	381	1171	576	794
F2163_4	M894_4	381	1214	181	238
F2163_4	M985_4	381	1133	981	1317
F457_4	F1047_4	381	1150	813	813
F457_4	F1223_4	381	1318	570	570
F457_4	F142_4	381	1169	1084	1084
F457_4	F2163_4	381	1263	1178	1178
F457_4	F504_4	381	1302	1185	1185
F457_4	M1117_4	381	1261	1237	1237
F457_4	M1389_4	381	1303	1249	1249
F457_4	M1876_4	381	1374	1307	1307
F457_4	M1879_4	381	1304	1029	1029
F457_4	M2147_4	381	1354	257	257
F457_4	M2319_4	381	1321	1050	1050
F457_4	M894_4	381	1290	572	572
F457_4	M985_4	381	1242	1189	1189
F504_4	F1047_4	381	1285	951	951
F504_4	F1223_4	381	1290	539	539
F504_4	F142_4	381	1307	1196	1196
F504_4	F2163_4	381	1371	1280	1280
F504_4	F457_4	381	1302	1100	1100
F504_4	M1117_4	381	1372	1354	1354
F504_4	M1389_4	381	1247	1184	1184
F504_4	M1876_4	381	1289	1231	1231
F504_4	M1879_4	381	1308	1020	1020
F504_4	M2147_4	381	1256	226	226
F504_4	M2319_4	381	1266	989	989
F504_4	M894_4	381	1302	608	608
F504_4	M985_4	381	1175	1133	1133
M1117_4	F1047_4	381	1105	200	200
M1117_4	F1223_4	381	1204	74	74
M1117_4	F142_4	381	1283	715	715
M1117_4	F2163_4	381	1200	650	650
M1117_4	F457_4	381	1261	494	494
M1117_4	F504_4	381	1372	763	763
M1117_4	M1389_4	381	1338	924	924
M1117_4	M1876_4	381	1363	906	906
M1117_4	M1879_4	381	1360	360	360
M1117_4	M2147_4	381	1233	28	28
M1117_4	M2319_4	381	1251	330	330
M1117_4	M894_4	381	1318	102	102
M1117_4	M985_4	381	1100	771	771
M1389_4	F1047_4	381	1200	59	114
M1389_4	F1223_4	381	1234	22	45
M1389_4	F142_4	381	1150	251	491
M1389_4	F2163_4	381	1237	249	503
M1389_4	F457_4	381	1303	142	289
M1389_4	F504_4	381	1247	214	429
M1389_4	M1117_4	381	1338	708	1352
M1389_4	M1876_4	381	1357	384	720
M1389_4	M1879_4	381	1249	97	183
M1389_4	M2147_4	381	1243	8	12
M1389_4	M2319_4	381	1320	106	206
M1389_4	M894_4	381	1328	29	48
M1389_4	M985_4	381	1276	428	822
M1876_4	F1047_4	381	1285	316	883
M1876_4	F1223_4	381	1250	125	363
M1876_4	F142_4	381	1188	704	2023
M1876_4	F2163_4	381	1211	743	2098
M1876_4	F457_4	381	1374	540	1616
M1876_4	F504_4	381	1289	774	2100
M1876_4	M1117_4	381	1363	1182	3280
M1876_4	M1389_4	381	1357	977	2718
M1876_4	M1879_4	381	1174	356	969
M1876_4	M2147_4	381	1196	28	76
M1876_4	M2319_4	381	1265	401	1125
M1876_4	M894_4	381	1258	111	331
M1876_4	M985_4	381	1356	1040	2932
M1879_4	F1047_4	381	1323	688	1194
M1879_4	F1223_4	381	1232	290	495
M1879_4	F142_4	381	1362	1142	2061
M1879_4	F2163_4	381	1158	968	1723
M1879_4	F457_4	381	1304	943	1627
M1879_4	F504_4	381	1308	1115	1979
M1879_4	M1117_4	381	1360	1295	2257
M1879_4	M1389_4	381	1249	1144	2021
M1879_4	M1876_4	381	1174	1058	1828
M1879_4	M2147_4	381	1381	158	267
M1879_4	M2319_4	381	1242	792	1408
M1879_4	M894_4	381	1211	344	587
M1879_4	M985_4	381	1185	1084	1885
M2147_4	F1047_4	381	1260	124	136
M2147_4	F1223_4	381	1372	40	44
M2147_4	F142_4	381	1194	332	371
M2147_4	F2163_4	381	1248	381	420
M2147_4	F457_4	381	1354	198	214
M2147_4	F504_4	381	1256	352	389
M2147_4	M1117_4	381	1233	803	882
M2147_4	M1389_4	381	1243	560	622
M2147_4	M1876_4	381	1196	506	562
M2147_4	M1879_4	381	1381	155	174
M2147_4	M2319_4	381	1227	119	134
M2147_4	M894_4	381	1246	44	54
M2147_4	M985_4	381	1272	572	627
M2319_4	F1047_4	381	1274	37	95
M2319_4	F1223_4	381	1256	14	36
M2319_4	F142_4	381	1227	181	464
M2319_4	F2163_4	381	1171	172	437
M2319_4	F457_4	381	1321	102	268
M2319_4	F504_4	381	1266	159	412
M2319_4	M1117_4	381	1251	556	1413
M2319_4	M1389_4	381	1320	298	746
M2319_4	M1876_4	381	1265	273	689
M2319_4	M1879_4	381	1242	53	136
M2319_4	M2147_4	381	1227	3	7
M2319_4	M894_4	381	1193	20	55
M2319_4	M985_4	381	1338	345	883
M894_4	F1047_4	381	1209	190	276
M894_4	F1223_4	381	1253	58	83
M894_4	F142_4	381	1212	606	911
M894_4	F2163_4	381	1214	653	992
M894_4	F457_4	381	1290	422	614
M894_4	F504_4	381	1302	672	987
M894_4	M1117_4	381	1318	1060	1610
M894_4	M1389_4	381	1328	896	1345
M894_4	M1876_4	381	1258	759	1117
M894_4	M1879_4	381	1211	269	423
M894_4	M2147_4	381	1246	35	55
M894_4	M2319_4	381	1193	309	467
M894_4	M985_4	381	1396	970	1500
M985_4	F1047_4	381	1233	676	676
M985_4	F1223_4	381	1132	316	316
M985_4	F142_4	381	1294	1112	1112
M985_4	F2163_4	381	1133	971	971
M985_4	F457_4	381	1242	931	931
M985_4	F504_4	381	1175	1008	1008
M985_4	M1117_4	381	1100	1066	1066
M985_4	M1389_4	381	1276	1185	1185
M985_4	M1876_4	381	1356	1210	1210
M985_4	M1879_4	381	1185	755	755
M985_4	M2147_4	381	1272	155	155
M985_4	M2319_4	381	1338	870	870
M985_4	M894_4	381	1396	423	423
F1388_4	F2088_4	382	1181	254	254
F1388_4	F2477_4	382	1155	137	137
F1388_4	F2639_4	382	1138	596	596
F1388_4	F2679_4	382	1165	279	279
F1388_4	M1381_4	382	1338	1168	1168
F1388_4	M1406_4	382	1303	829	829
F1388_4	M1707_4	382	1244	981	981
F1388_4	M1708_4	382	1148	170	170
F1388_4	M2010_4	382	1285	936	936
F1388_4	M251_4	382	1404	1146	1146
F1388_4	M2660_4	382	1327	732	732
F1388_4	M4_4	382	1300	985	985
F1388_4	M905_4	382	1212	840	840
F2088_4	F1388_4	382	1181	887	1027
F2088_4	F2477_4	382	1287	83	100
F2088_4	F2639_4	382	1138	413	477
F2088_4	F2679_4	382	1145	121	138
F2088_4	M1381_4	382	1149	928	1068
F2088_4	M1406_4	382	1244	577	677
F2088_4	M1707_4	382	1163	745	872
F2088_4	M1708_4	382	1100	94	103
F2088_4	M2010_4	382	1263	748	888
F2088_4	M251_4	382	1207	844	978
F2088_4	M2660_4	382	1357	517	596
F2088_4	M4_4	382	1290	770	890
F2088_4	M905_4	382	1191	609	704
F2477_4	F1388_4	382	1155	835	1274
F2477_4	F2088_4	382	1287	144	220
F2477_4	F2639_4	382	1199	406	609
F2477_4	F2679_4	382	1274	145	195
F2477_4	M1381_4	382	1245	946	1431
F2477_4	M1406_4	382	1312	556	865
F2477_4	M1707_4	382	1218	796	1184
F2477_4	M1708_4	382	1384	87	121
F2477_4	M2010_4	382	1381	757	1133
F2477_4	M251_4	382	1230	823	1215
F2477_4	M2660_4	382	1159	407	602
F2477_4	M4_4	382	1273	733	1088
F2477_4	M905_4	382	1331	649	1022
F2639_4	F1388_4	382	1138	525	556
F2639_4	F2088_4	382	1138	58	63
F2639_4	F2477_4	382	1199	19	20
F2639_4	F2679_4	382	1353	58	63
F2639_4	M1381_4	382	1317	673	720
F2639_4	M1406_4	382	1300	284	308
F2639_4	M1707_4	382	1142	398	431
F2639_4	M1708_4	382	1197	27	27
F2639_4	M2010_4	382	1225	356	383
F2639_4	M251_4	382	1181	442	481
F2639_4	M2660_4	382	1246	208	219
F2639_4	M4_4	382	1249	391	419
F2639_4	M905_4	382	1184	289	307
F2679_4	F1388_4	382	1165	1055	1201
F2679_4	F2088_4	382	1145	357	415
F2679_4	F2477_4	382	1274	196	233
F2679_4	F2639_4	382	1353	897	1028
F2679_4	M1381_4	382	1320	1221	1402
F2679_4	M1406_4	382	1274	917	1054
F2679_4	M1707_4	382	1157	992	1142
F2679_4	M1708_4	382	1224	247	285
F2679_4	M2010_4	382	1262	1000	1141
F2679_4	M251_4	382	1304	1121	1295
F2679_4	M2660_4	382	1183	765	881
F2679_4	M4_4	382	1099	915	1067
F2679_4	M905_4	382	1272	988	1133
M1381_4	F1388_4	382	1338	1319	1319
M1381_4	F2088_4	382	1149	883	883
M1381_4	F2477_4	382	1245	753	753
M1381_4	F2639_4	382	1317	1215	1215
M1381_4	F2679_4	382	1320	1030	1030
M1381_4	M1406_4	382	1260	1212	1212
M1381_4	M1707_4	382	1336	1310	1310
M1381_4	M1708_4	382	1464	927	927
M1381_4	M2010_4	382	1265	1231	1231
M1381_4	M251_4	382	1216	1198	1198
M1381_4	M2660_4	382	1292	1201	1201
M1381_4	M4_4	382	1342	1304	1304
M1381_4	M905_4	382	1236	1187	1187
M1406_4	F1388_4	382	1303	1161	1161
M1406_4	F2088_4	382	1244	312	312
M1406_4	F2477_4	382	1312	171	171
M1406_4	F2639_4	382	1300	721	721
M1406_4	F2679_4	382	1274	347	347
M1406_4	M1381_4	382	1260	1128	1128
M1406_4	M1707_4	382	1197	973	973
M1406_4	M1708_4	382	1251	186	186
M1406_4	M2010_4	382	1264	962	962
M1406_4	M251_4	382	1189	1000	1000
M1406_4	M2660_4	382	1111	641	641
M1406_4	M4_4	382	1186	945	945
M1406_4	M905_4	382	1345	999	999
M1707_4	F1388_4	382	1244	772	861
M1707_4	F2088_4	382	1163	89	99
M1707_4	F2477_4	382	1218	42	43
M1707_4	F2639_4	382	1142	235	253
M1707_4	F2679_4	382	1157	89	97
M1707_4	M1381_4	382	1336	937	1028
M1707_4	M1406_4	382	1197	404	447
M1707_4	M1708_4	382	1053	34	38
M1707_4	M2010_4	382	1236	552	595
M1707_4	M251_4	382	1336	717	797
M1707_4	M2660_4	382	1304	333	362
M1707_4	M4_4	382	1402	676	744
M1707_4	M905_4	382	1275	500	545
M1708_4	F1388_4	382	1148	343	343
M1708_4	F2088_4	382	1100	16	16
M1708_4	F2477_4	382	1384	7	7
M1708_4	F2639_4	382	1197	84	84
M1708_4	F2679_4	382	1224	27	27
M1708_4	M1381_4	382	1464	478	478
M1708_4	M1406_4	382	1251	127	127
M1708_4	M1707_4	382	1053	220	220
M1708_4	M2010_4	382	1246	176	176
M1708_4	M251_4	382	1288	298	298
M1708_4	M2660_4	382	1233	76	76
M1708_4	M4_4	382	1286	218	218
M1708_4	M905_4	382	1249	144	144
M2010_4	F1388_4	382	1285	1284	1412
M2010_4	F2088_4	382	1263	1224	1349
M2010_4	F2477_4	382	1381	1299	1427
M2010_4	F2639_4	382	1225	1220	1355
M2010_4	F2679_4	382	1262	1236	1360
M2010_4	M1381_4	382	1265	1264	1403
M2010_4	M1406_4	382	1264	1256	1398
M2010_4	M1707_4	382	1236	1236	1367
M2010_4	M1708_4	382	1246	1197	1349
M2010_4	M251_4	382	1216	1215	1376
M2010_4	M2660_4	382	1261	1248	1382
M2010_4	M4_4	382	1151	1146	1274
M2010_4	M905_4	382	1377	1375	1529
M251_4	F1388_4	382	1404	973	1146
M251_4	F2088_4	382	1207	108	130
M251_4	F2477_4	382	1230	59	71
M251_4	F2639_4	382	1181	343	402
M251_4	F2679_4	382	1304	117	134
M251_4	M1381_4	382	1216	891	1038
M251_4	M1406_4	382	1189	458	533
M251_4	M1707_4	382	1336	791	918
M251_4	M1708_4	382	1288	64	70
M251_4	M2010_4	382	1216	596	698
M251_4	M2660_4	382	1211	371	433
M251_4	M4_4	382	1080	591	698
M251_4	M905_4	382	1175	535	625
M2660_4	F1388_4	382	1327	1021	1021
M2660_4	F2088_4	382	1357	183	183
M2660_4	F2477_4	382	1159	69	69
M2660_4	F2639_4	382	1246	482	482
M2660_4	F2679_4	382	1183	143	143
M2660_4	M1381_4	382	1292	1032	1032
M2660_4	M1406_4	382	1111	570	570
M2660_4	M1707_4	382	1304	867	867
M2660_4	M1708_4	382	1233	104	104
M2660_4	M2010_4	382	1261	792	792
M2660_4	M251_4	382	1211	888	888
M2660_4	M4_4	382	1226	777	777
M2660_4	M905_4	382	1421	810	810
M4_4	F1388_4	382	1300	1076	1922
M4_4	F2088_4	382	1290	213	374
M4_4	F2477_4	382	1273	115	203
M4_4	F2639_4	382	1249	575	1035
M4_4	F2679_4	382	1099	234	443
M4_4	M1381_4	382	1342	1180	2222
M4_4	M1406_4	382	1186	686	1240
M4_4	M1707_4	382	1402	1065	1942
M4_4	M1708_4	382	1286	114	212
M4_4	M2010_4	382	1151	793	1433
M4_4	M251_4	382	1080	847	1508
M4_4	M2660_4	382	1226	561	1002
M4_4	M905_4	382	1238	766	1404
M905_4	F1388_4	382	1212	598	598
M905_4	F2088_4	382	1191	64	64
M905_4	F2477_4	382	1331	25	25
M905_4	F2639_4	382	1184	169	169
M905_4	F2679_4	382	1272	62	62
M905_4	M1381_4	382	1236	685	685
M905_4	M1406_4	382	1345	336	336
M905_4	M1707_4	382	1275	514	514
M905_4	M1708_4	382	1249	26	26
M905_4	M2010_4	382	1377	486	486
M905_4	M251_4	382	1175	527	527
M905_4	M2660_4	382	1421	247	247
M905_4	M4_4	382	1238	452	452
F1331_4	F1529_4	383	1215	244	244
F1331_4	F181_4	383	1124	238	238
F1331_4	F1994_4	383	1374	671	671
F1331_4	F2194_4	383	1095	41	41
F1331_4	F227_4	383	1263	454	454
F1331_4	F72_4	383	1215	242	242
F1331_4	M1111_4	383	1311	166	166
F1331_4	M1158_4	383	1209	47	47
F1331_4	M1364_4	383	1274	404	404
F1331_4	M2555_4	383	1234	658	658
F1331_4	M363_4	383	1242	497	497
F1331_4	M680_4	383	1210	523	523
F1331_4	M948_4	383	1392	359	359
F1529_4	F1331_4	383	1215	1194	1194
F1529_4	F181_4	383	1123	972	972
F1529_4	F1994_4	383	1130	1085	1085
F1529_4	F2194_4	383	1351	722	722
F1529_4	F227_4	383	1165	1108	1108
F1529_4	F72_4	383	1274	1126	1126
F1529_4	M1111_4	383	1319	1051	1051
F1529_4	M1158_4	383	1278	689	689
F1529_4	M1364_4	383	1251	1157	1157
F1529_4	M2555_4	383	1173	1143	1143
F1529_4	M363_4	383	1160	1115	1115
F1529_4	M680_4	383	1186	1139	1139
F1529_4	M948_4	383	1348	1232	1232
F181_4	F1331_4	383	1124	1043	1043
F181_4	F1529_4	383	1123	656	656
F181_4	F1994_4	383	1219	1005	1005
F181_4	F2194_4	383	1337	255	255
F181_4	F227_4	383	1396	1021	1021
F181_4	F72_4	383	1228	709	709
F181_4	M1111_4	383	1370	633	633
F181_4	M1158_4	383	1190	223	223
F181_4	M1364_4	383	1214	877	877
F181_4	M2555_4	383	1229	1048	1048
F181_4	M363_4	383	1140	881	881
F181_4	M680_4	383	1160	936	936
F181_4	M948_4	383	1248	796	796
F1994_4	F1331_4	383	1374	1295	1295
F1994_4	F1529_4	383	1130	763	763
F1994_4	F181_4	383	1219	779	779
F1994_4	F2194_4	383	1264	292	292
F1994_4	F227_4	383	1284	1051	1051
F1994_4	F72_4	383	1220	821	821
F1994_4	M1111_4	383	1342	734	734
F1994_4	M1158_4	383	1302	316	316
F1994_4	M1364_4	383	1384	1076	1076
F1994_4	M2555_4	383	1613	1438	1438
F1994_4	M363_4	383	1277	1068	1068
F1994_4	M680_4	383	1201	1018	1018
F1994_4	M948_4	383	1152	833	833
F2194_4	F1331_4	383	1095	1017	1017
F2194_4	F1529_4	383	1351	876	876
F2194_4	F181_4	383	1337	843	843
F2194_4	F1994_4	383	1264	1079	1079
F2194_4	F227_4	383	1153	915	915
F2194_4	F72_4	383	1245	805	805
F2194_4	M1111_4	383	1357	767	767
F2194_4	M1158_4	383	1197	287	287
F2194_4	M1364_4	383	1116	901	901
F2194_4	M2555_4	383	1160	1049	1049
F2194_4	M363_4	383	1609	1311	1311
F2194_4	M680_4	383	1275	1085	1085
F2194_4	M948_4	383	1220	884	884
F227_4	F1331_4	383	1263	732	732
F227_4	F1529_4	383	1165	148	148
F227_4	F181_4	383	1396	165	165
F227_4	F1994_4	383	1284	468	468
F227_4	F2194_4	383	1153	24	24
F227_4	F72_4	383	1232	170	170
F227_4	M1111_4	383	1403	130	130
F227_4	M1158_4	383	1151	23	23
F227_4	M1364_4	383	1221	252	252
F227_4	M2555_4	383	1365	534	534
F227_4	M363_4	383	1206	349	349
F227_4	M680_4	383	1324	426	426
F227_4	M948_4	383	1231	219	219
F72_4	F1331_4	383	1215	1097	2590
F72_4	F1529_4	383	1274	611	1429
F72_4	F181_4	383	1228	521	1214
F72_4	F1994_4	383	1220	932	2182
F72_4	F2194_4	383	1245	172	412
F72_4	F227_4	383	1232	859	2057
F72_4	M1111_4	383	1257	411	992
F72_4	M1158_4	383	1193	161	365
F72_4	M1364_4	383	1122	681	1621
F72_4	M2555_4	383	1208	951	2288
F72_4	M363_4	383	1316	905	2170
F72_4	M680_4	383	1094	812	1959
F72_4	M948_4	383	1188	657	1519
M1111_4	F1331_4	383	1311	1110	1895
M1111_4	F1529_4	383	1319	516	896
M1111_4	F181_4	383	1370	505	871
M1111_4	F1994_4	383	1342	952	1596
M1111_4	F2194_4	383	1357	124	199
M1111_4	F227_4	383	1403	822	1381
M1111_4	F72_4	383	1257	513	878
M1111_4	M1158_4	383	1188	114	208
M1111_4	M1364_4	383	1313	704	1201
M1111_4	M2555_4	383	1224	868	1469
M1111_4	M363_4	383	1362	840	1427
M1111_4	M680_4	383	1410	946	1597
M1111_4	M948_4	383	1350	683	1188
M1158_4	F1331_4	383	1209	1170	3478
M1158_4	F1529_4	383	1278	969	2905
M1158_4	F181_4	383	1190	861	2589
M1158_4	F1994_4	383	1302	1195	3659
M1158_4	F2194_4	383	1197	387	1221
M1158_4	F227_4	383	1151	1006	3085
M1158_4	F72_4	383	1193	881	2669
M1158_4	M1111_4	383	1188	793	2426
M1158_4	M1364_4	383	1332	1088	3408
M1158_4	M2555_4	383	1247	1139	3525
M1158_4	M363_4	383	1236	1085	3221
M1158_4	M680_4	383	1122	1014	3119
M1158_4	M948_4	383	1174	934	2877
M1364_4	F1331_4	383	1274	804	804
M1364_4	F1529_4	383	1251	212	212
M1364_4	F181_4	383	1214	202	202
M1364_4	F1994_4	383	1384	571	571
M1364_4	F2194_4	383	1116	28	28
M1364_4	F227_4	383	1221	395	395
M1364_4	F72_4	383	1122	175	175
M1364_4	M1111_4	383	1313	142	142
M1364_4	M1158_4	383	1332	53	53
M1364_4	M2555_4	383	1295	602	602
M1364_4	M363_4	383	1235	422	422
M1364_4	M680_4	383	1338	495	495
M1364_4	M948_4	383	1254	298	298
M2555_4	F1331_4	383	1234	1010	2569
M2555_4	F1529_4	383	1173	403	1119
M2555_4	F181_4	383	1229	414	1098
M2555_4	F1994_4	383	1613	1017	2764
M2555_4	F2194_4	383	1160	91	249
M2555_4	F227_4	383	1365	732	1976
M2555_4	F72_4	383	1208	390	1066
M2555_4	M1111_4	383	1224	317	864
M2555_4	M1158_4	383	1247	99	265
M2555_4	M1364_4	383	1295	626	1668
M2555_4	M363_4	383	1179	669	1808
M2555_4	M680_4	383	1311	806	2123
M2555_4	M948_4	383	1347	550	1452
M363_4	F1331_4	383	1242	937	3186
M363_4	F1529_4	383	1160	296	1015
M363_4	F181_4	383	1140	264	913
M363_4	F1994_4	383	1277	710	2450
M363_4	F2194_4	383	1609	94	346
M363_4	F227_4	383	1206	525	1866
M363_4	F72_4	383	1316	309	1032
M363_4	M1111_4	383	1362	248	880
M363_4	M1158_4	383	1236	66	224
M363_4	M1364_4	383	1235	498	1695
M363_4	M2555_4	383	1179	705	2411
M363_4	M680_4	383	1242	627	2123
M363_4	M948_4	383	1275	413	1395
M680_4	F1331_4	383	1210	1125	1125
M680_4	F1529_4	383	1186	658	658
M680_4	F181_4	383	1160	650	650
M680_4	F1994_4	383	1201	1010	1010
M680_4	F2194_4	383	1275	225	225
M680_4	F227_4	383	1324	990	990
M680_4	F72_4	383	1094	614	614
M680_4	M1111_4	383	1410	624	624
M680_4	M1158_4	383	1122	192	192
M680_4	M1364_4	383	1338	944	944
M680_4	M2555_4	383	1311	1124	1124
M680_4	M363_4	383	1242	973	973
M680_4	M948_4	383	1316	874	874
M948_4	F1331_4	383	1392	1309	1309
M948_4	F1529_4	383	1348	830	830
M948_4	F181_4	383	1248	781	781
M948_4	F1994_4	383	1152	995	995
M948_4	F2194_4	383	1220	276	276
M948_4	F227_4	383	1231	961	961
M948_4	F72_4	383	1188	760	760
M948_4	M1111_4	383	1350	722	722
M948_4	M1158_4	383	1174	267	267
M948_4	M1364_4	383	1254	961	961
M948_4	M2555_4	383	1347	1196	1196
M948_4	M363_4	383	1275	1045	1045
M948_4	M680_4	383	1316	1122	1122
F1755_4	F826_4	384	1332	722	722
F1755_4	F830_4	384	1109	1064	1064
F1755_4	F964_4	384	1213	424	424
F1755_4	M1224_4	384	1267	1161	1161
F1755_4	M1310_4	384	1266	365	365
F1755_4	M1689_4	384	1314	330	330
F1755_4	M1790_4	384	1320	1296	1296
F1755_4	M2044_4	384	1313	768	768
F1755_4	M2217_4	384	1241	685	685
F1755_4	M2406_4	384	1400	830	830
F1755_4	M2705_4	384	1167	944	944
F1755_4	M857_4	384	1350	1113	1113
F1755_4	M860_4	384	1267	524	524
F826_4	F1755_4	384	1332	1323	1734
F826_4	F830_4	384	1374	1368	1794
F826_4	F964_4	384	1260	1031	1362
F826_4	M1224_4	384	1372	1366	1786
F826_4	M1310_4	384	1194	917	1219
F826_4	M1689_4	384	1209	866	1135
F826_4	M1790_4	384	1393	1390	1810
F826_4	M2044_4	384	1298	1185	1551
F826_4	M2217_4	384	1238	1129	1470
F826_4	M2406_4	384	1201	1103	1426
F826_4	M2705_4	384	1219	1187	1554
F826_4	M857_4	384	1356	1331	1794
F826_4	M860_4	384	1211	1016	1341
F830_4	F1755_4	384	1109	972	2840
F830_4	F826_4	384	1374	392	1079
F830_4	F964_4	384	1316	180	519
F830_4	M1224_4	384	1182	907	2687
F830_4	M1310_4	384	1293	117	344
F830_4	M1689_4	384	1179	102	271
F830_4	M1790_4	384	1288	1212	3611
F830_4	M2044_4	384	1287	368	1096
F830_4	M2217_4	384	1148	310	895
F830_4	M2406_4	384	1316	390	1095
F830_4	M2705_4	384	1364	783	2335
F830_4	M857_4	384	1167	750	2142
F830_4	M860_4	384	1331	241	708
F964_4	F1755_4	384	1213	1157	3916
F964_4	F826_4	384	1260	582	1993
F964_4	F830_4	384	1316	1230	4122
F964_4	M1224_4	384	1298	1141	3721
F964_4	M1310_4	384	1202	309	1014
F964_4	M1689_4	384	1312	246	800
F964_4	M1790_4	384	1241	1201	4070
F964_4	M2044_4	384	1253	647	2159
F964_4	M2217_4	384	1250	597	2047
F964_4	M2406_4	384	1374	738	2460
F964_4	M2705_4	384	1271	987	3275
F964_4	M857_4	384	1277	1064	3629
F964_4	M860_4	384	1085	406	1379
M1224_4	F1755_4	384	1267	1266	2026
M1224_4	F826_4	384	1372	1351	2245
M1224_4	F830_4	384	1182	1180	1990
M1224_4	F964_4	384	1298	1248	2042
M1224_4	M1310_4	384	1189	1121	1847
M1224_4	M1689_4	384	1304	1208	2000
M1224_4	M1790_4	384	1260	1257	2065
M1224_4	M2044_4	384	1096	1087	1849
M1224_4	M2217_4	384	1252	1225	2066
M1224_4	M2406_4	384	1230	1214	2020
M1224_4	M2705_4	384	1168	1161	1912
M1224_4	M857_4	384	1349	1343	2217
M1224_4	M860_4	384	1316	1284	2154
M1310_4	F1755_4	384	1266	1128	2577
M1310_4	F826_4	384	1194	365	838
M1310_4	F830_4	384	1293	1133	2608
M1310_4	F964_4	384	1202	204	469
M1310_4	M1224_4	384	1189	942	2155
M1310_4	M1689_4	384	1248	122	264
M1310_4	M1790_4	384	1250	1173	2696
M1310_4	M2044_4	384	1312	481	1084
M1310_4	M2217_4	384	1203	363	800
M1310_4	M2406_4	384	1221	435	983
M1310_4	M2705_4	384	1360	831	1923
M1310_4	M857_4	384	1139	759	1730
M1310_4	M860_4	384	1282	262	573
M1689_4	F1755_4	384	1314	1132	1132
M1689_4	F826_4	384	1209	294	294
M1689_4	F830_4	384	1179	989	989
M1689_4	F964_4	384	1312	156	156
M1689_4	M1224_4	384	1304	951	951
M1689_4	M1310_4	384	1248	123	123
M1689_4	M1790_4	384	1273	1164	1164
M1689_4	M2044_4	384	1205	287	287
M1689_4	M2217_4	384	1187	299	299
M1689_4	M2406_4	384	1315	338	338
M1689_4	M2705_4	384	1364	687	687
M1689_4	M857_4	384	1175	686	686
M1689_4	M860_4	384	1278	175	175
M1790_4	F1755_4	384	1320	1308	2547
M1790_4	F826_4	384	1393	1094	2142
M1790_4	F830_4	384	1288	1271	2416
M1790_4	F964_4	384	1241	771	1508
M1790_4	M1224_4	384	1260	1228	2277
M1790_4	M1310_4	384	1250	702	1356
M1790_4	M1689_4	384	1273	597	1155
M1790_4	M2044_4	384	1264	1038	2032
M1790_4	M2217_4	384	1340	1054	2043
M1790_4	M2406_4	384	1200	989	1874
M1790_4	M2705_4	384	1223	1127	2198
M1790_4	M857_4	384	1290	1204	2244
M1790_4	M860_4	384	1230	833	1567
M2044_4	F1755_4	384	1313	1178	1178
M2044_4	F826_4	384	1298	403	403
M2044_4	F830_4	384	1287	1138	1138
M2044_4	F964_4	384	1253	224	224
M2044_4	M1224_4	384	1096	869	869
M2044_4	M1310_4	384	1312	157	157
M2044_4	M1689_4	384	1205	120	120
M2044_4	M1790_4	384	1264	1193	1193
M2044_4	M2217_4	384	1162	374	374
M2044_4	M2406_4	384	1248	444	444
M2044_4	M2705_4	384	1224	740	740
M2044_4	M857_4	384	1137	775	775
M2044_4	M860_4	384	1291	240	240
M2217_4	F1755_4	384	1241	1178	2301
M2217_4	F826_4	384	1238	674	1329
M2217_4	F830_4	384	1148	1092	2087
M2217_4	F964_4	384	1250	404	780
M2217_4	M1224_4	384	1252	1139	2182
M2217_4	M1310_4	384	1203	321	623
M2217_4	M1689_4	384	1187	276	512
M2217_4	M1790_4	384	1340	1303	2550
M2217_4	M2044_4	384	1162	639	1235
M2217_4	M2406_4	384	1311	738	1457
M2217_4	M2705_4	384	1299	1052	2042
M2217_4	M857_4	384	1205	1020	2038
M2217_4	M860_4	384	1289	526	1071
M2406_4	F1755_4	384	1400	984	1349
M2406_4	F826_4	384	1201	128	166
M2406_4	F830_4	384	1316	931	1256
M2406_4	F964_4	384	1374	57	79
M2406_4	M1224_4	384	1230	611	838
M2406_4	M1310_4	384	1221	45	58
M2406_4	M1689_4	384	1315	42	51
M2406_4	M1790_4	384	1200	1005	1412
M2406_4	M2044_4	384	1248	165	224
M2406_4	M2217_4	384	1311	153	215
M2406_4	M2705_4	384	1316	433	620
M2406_4	M857_4	384	1333	535	757
M2406_4	M860_4	384	1199	78	111
M2705_4	F1755_4	384	1167	1088	1088
M2705_4	F826_4	384	1219	518	518
M2705_4	F830_4	384	1364	1269	1269
M2705_4	F964_4	384	1271	306	306
M2705_4	M1224_4	384	1168	1008	1008
M2705_4	M1310_4	384	1360	259	259
M2705_4	M1689_4	384	1364	216	216
M2705_4	M1790_4	384	1223	1188	1188
M2705_4	M2044_4	384	1224	554	554
M2705_4	M2217_4	384	1299	568	568
M2705_4	M2406_4	384	1316	594	594
M2705_4	M857_4	384	1313	1013	1013
M2705_4	M860_4	384	1303	355	355
M857_4	F1755_4	384	1350	1143	1536
M857_4	F826_4	384	1356	308	413
M857_4	F830_4	384	1167	945	1240
M857_4	F964_4	384	1277	137	193
M857_4	M1224_4	384	1349	960	1278
M857_4	M1310_4	384	1139	99	136
M857_4	M1689_4	384	1175	65	94
M857_4	M1790_4	384	1290	1180	1575
M857_4	M2044_4	384	1137	285	373
M857_4	M2217_4	384	1205	254	350
M857_4	M2406_4	384	1333	347	468
M857_4	M2705_4	384	1313	641	851
M857_4	M860_4	384	1252	190	257
M860_4	F1755_4	384	1267	944	944
M860_4	F826_4	384	1211	153	153
M860_4	F830_4	384	1331	956	956
M860_4	F964_4	384	1085	67	67
M860_4	M1224_4	384	1316	745	745
M860_4	M1310_4	384	1282	64	64
M860_4	M1689_4	384	1278	49	49
M860_4	M1790_4	384	1230	1010	1010
M860_4	M2044_4	384	1291	188	188
M860_4	M2217_4	384	1289	176	176
M860_4	M2406_4	384	1199	199	199
M860_4	M2705_4	384	1303	455	455
M860_4	M857_4	384	1252	484	484
F1154_4	F1189_4	385	1153	468	468
F1154_4	F1250_4	385	1216	355	355
F1154_4	F1579_4	385	1200	929	929
F1154_4	F1592_4	385	1226	320	320
F1154_4	F170_4	385	1294	638	638
F1154_4	F1989_4	385	1297	260	260
F1154_4	F2244_4	385	1324	559	559
F1154_4	F2457_4	385	1231	1070	1070
F1154_4	F2774_4	385	1260	318	318
F1154_4	F2795_4	385	1349	94	94
F1154_4	F465_4	385	1257	103	103
F1154_4	F79_4	385	1331	809	809
F1154_4	M696_4	385	1194	519	519
F1189_4	F1154_4	385	1153	353	1023
F1189_4	F1250_4	385	1244	607	1782
F1189_4	F1579_4	385	1262	1103	3252
F1189_4	F1592_4	385	1260	566	1749
F1189_4	F170_4	385	1160	766	2314
F1189_4	F1989_4	385	1242	423	1253
F1189_4	F2244_4	385	1195	750	2214
F1189_4	F2457_4	385	1270	1196	3547
F1189_4	F2774_4	385	1186	489	1478
F1189_4	F2795_4	385	1302	167	466
F1189_4	F465_4	385	1254	178	535
F1189_4	F79_4	385	1229	957	2802
F1189_4	M696_4	385	1150	778	2298
F1250_4	F1154_4	385	1216	680	1243
F1250_4	F1189_4	385	1244	1043	1897
F1250_4	F1579_4	385	1284	1232	2324
F1250_4	F1592_4	385	1375	966	1768
F1250_4	F170_4	385	1330	1136	2120
F1250_4	F1989_4	385	1262	786	1418
F1250_4	F2244_4	385	1240	1040	1939
F1250_4	F2457_4	385	1398	1365	2444
F1250_4	F2774_4	385	1237	839	1595
F1250_4	F2795_4	385	1334	448	840
F1250_4	F465_4	385	1272	505	970
F1250_4	F79_4	385	1315	1197	2205
F1250_4	M696_4	385	1270	1094	2025
F1579_4	F1154_4	385	1200	370	1186
F1579_4	F1189_4	385	1262	785	2594
F1579_4	F1250_4	385	1284	595	1948
F1579_4	F1592_4	385	1290	521	1708
F1579_4	F170_4	385	1140	747	2443
F1579_4	F1989_4	385	1282	467	1516
F1579_4	F2244_4	385	1319	850	2844
F1579_4	F2457_4	385	1306	1234	4043
F1579_4	F2774_4	385	1223	545	1785
F1579_4	F2795_4	385	1255	148	499
F1579_4	F465_4	385	1207	186	634
F1579_4	F79_4	385	1463	1121	3637
F1579_4	M696_4	385	1112	741	2399
F1592_4	F1154_4	385	1226	328	786
F1592_4	F1189_4	385	1260	802	1958
F1592_4	F1250_4	385	1375	687	1637
F1592_4	F1579_4	385	1290	1147	2725
F1592_4	F170_4	385	1205	788	1803
F1592_4	F1989_4	385	1291	449	1013
F1592_4	F2244_4	385	1385	867	2049
F1592_4	F2457_4	385	1435	1323	3151
F1592_4	F2774_4	385	1157	492	1162
F1592_4	F2795_4	385	1357	213	537
F1592_4	F465_4	385	1251	204	485
F1592_4	F79_4	385	1250	939	2222
F1592_4	M696_4	385	1316	863	2051
F170_4	F1154_4	385	1294	208	208
F170_4	F1189_4	385	1160	473	473
F170_4	F1250_4	385	1330	441	441
F170_4	F1579_4	385	1140	908	908
F170_4	F1592_4	385	1205	294	294
F170_4	F1989_4	385	1263	266	266
F170_4	F2244_4	385	1344	618	618
F170_4	F2457_4	385	1175	1020	1020
F170_4	F2774_4	385	1176	308	308
F170_4	F2795_4	385	1218	91	91
F170_4	F465_4	385	1371	110	110
F170_4	F79_4	385	1210	787	787
F170_4	M696_4	385	1173	568	568
F1989_4	F1154_4	385	1297	619	1388
F1989_4	F1189_4	385	1242	966	2148
F1989_4	F1250_4	385	1262	827	1799
F1989_4	F1579_4	385	1282	1187	2595
F1989_4	F1592_4	385	1291	790	1787
F1989_4	F170_4	385	1263	1012	2227
F1989_4	F2244_4	385	1275	994	2275
F1989_4	F2457_4	385	1205	1163	2623
F1989_4	F2774_4	385	1266	759	1777
F1989_4	F2795_4	385	1262	313	704
F1989_4	F465_4	385	1230	377	822
F1989_4	F79_4	385	1195	1044	2398
F1989_4	M696_4	385	1332	1067	2421
F2244_4	F1154_4	385	1324	684	863
F2244_4	F1189_4	385	1195	953	1228
F2244_4	F1250_4	385	1240	828	1032
F2244_4	F1579_4	385	1319	1254	1573
F2244_4	F1592_4	385	1385	815	1029
F2244_4	F170_4	385	1344	1101	1371
F2244_4	F1989_4	385	1275	692	869
F2244_4	F2457_4	385	1250	1210	1489
F2244_4	F2774_4	385	1242	759	955
F2244_4	F2795_4	385	1377	361	460
F2244_4	F465_4	385	1245	383	477
F2244_4	F79_4	385	1229	1086	1350
F2244_4	M696_4	385	1285	1028	1282
F2457_4	F1154_4	385	1231	1027	1027
F2457_4	F1189_4	385	1270	1201	1201
F2457_4	F1250_4	385	1398	1301	1301
F2457_4	F1579_4	385	1306	1289	1289
F2457_4	F1592_4	385	1435	1265	1265
F2457_4	F170_4	385	1175	1138	1138
F2457_4	F1989_4	385	1205	1031	1031
F2457_4	F2244_4	385	1250	1193	1193
F2457_4	F2774_4	385	1206	1067	1067
F2457_4	F2795_4	385	1332	860	860
F2457_4	F465_4	385	1267	837	837
F2457_4	F79_4	385	1423	1385	1385
F2457_4	M696_4	385	1224	1168	1168
F2774_4	F1154_4	385	1260	420	839
F2774_4	F1189_4	385	1186	761	1509
F2774_4	F1250_4	385	1237	659	1344
F2774_4	F1579_4	385	1223	1112	2288
F2774_4	F1592_4	385	1157	496	988
F2774_4	F170_4	385	1176	841	1715
F2774_4	F1989_4	385	1266	517	1032
F2774_4	F2244_4	385	1242	826	1732
F2774_4	F2457_4	385	1206	1144	2361
F2774_4	F2795_4	385	1313	205	447
F2774_4	F465_4	385	1236	225	444
F2774_4	F79_4	385	1297	1026	2130
F2774_4	M696_4	385	1172	836	1731
F2795_4	F1154_4	385	1349	476	745
F2795_4	F1189_4	385	1302	867	1386
F2795_4	F1250_4	385	1334	730	1158
F2795_4	F1579_4	385	1255	1117	1779
F2795_4	F1592_4	385	1357	606	974
F2795_4	F170_4	385	1218	879	1381
F2795_4	F1989_4	385	1262	518	824
F2795_4	F2244_4	385	1377	953	1545
F2795_4	F2457_4	385	1332	1271	1948
F2795_4	F2774_4	385	1313	627	969
F2795_4	F465_4	385	1335	268	429
F2795_4	F79_4	385	1207	990	1545
F2795_4	M696_4	385	1335	940	1479
F465_4	F1154_4	385	1257	428	434
F465_4	F1189_4	385	1254	792	803
F465_4	F1250_4	385	1272	682	693
F465_4	F1579_4	385	1207	1086	1093
F465_4	F1592_4	385	1251	586	594
F465_4	F170_4	385	1371	977	987
F465_4	F1989_4	385	1230	514	520
F465_4	F2244_4	385	1245	876	887
F465_4	F2457_4	385	1267	1193	1211
F465_4	F2774_4	385	1236	578	580
F465_4	F2795_4	385	1335	216	218
F465_4	F79_4	385	1419	1124	1129
F465_4	M696_4	385	1050	735	740
F79_4	F1154_4	385	1331	213	634
F79_4	F1189_4	385	1229	513	1551
F79_4	F1250_4	385	1315	349	1061
F79_4	F1579_4	385	1463	1137	3411
F79_4	F1592_4	385	1250	323	945
F79_4	F170_4	385	1210	565	1613
F79_4	F1989_4	385	1195	235	716
F79_4	F2244_4	385	1229	550	1656
F79_4	F2457_4	385	1423	1222	3608
F79_4	F2774_4	385	1297	315	894
F79_4	F2795_4	385	1207	71	211
F79_4	F465_4	385	1419	93	283
F79_4	M696_4	385	1180	542	1587
M696_4	F1154_4	385	1194	42	81
M696_4	F1189_4	385	1150	99	177
M696_4	F1250_4	385	1270	72	136
M696_4	F1579_4	385	1112	344	631
M696_4	F1592_4	385	1316	43	87
M696_4	F170_4	385	1173	144	271
M696_4	F1989_4	385	1332	39	73
M696_4	F2244_4	385	1285	118	227
M696_4	F2457_4	385	1224	551	1099
M696_4	F2774_4	385	1172	42	81
M696_4	F2795_4	385	1335	16	28
M696_4	F465_4	385	1050	13	22
M696_4	F79_4	385	1180	195	387
F1107_4	F1823_4	386	1276	1230	2423
F1107_4	F274_4	386	1174	805	1541
F1107_4	F65_4	386	1209	549	1049
F1107_4	F754_4	386	1245	1118	2203
F1107_4	F886_4	386	1232	654	1233
F1107_4	M1205_4	386	1163	364	712
F1107_4	M1808_4	386	1211	480	905
F1107_4	M1915_4	386	1236	987	1927
F1107_4	M1972_4	386	1427	1320	2535
F1107_4	M2594_4	386	1330	677	1359
F1107_4	M2715_4	386	1158	1077	2066
F1107_4	M2751_4	386	1249	1105	2149
F1107_4	M757_4	386	1326	1308	2598
F1823_4	F1107_4	386	1276	504	504
F1823_4	F274_4	386	1230	445	445
F1823_4	F65_4	386	1268	208	208
F1823_4	F754_4	386	1224	840	840
F1823_4	F886_4	386	1531	343	343
F1823_4	M1205_4	386	1178	127	127
F1823_4	M1808_4	386	1332	165	165
F1823_4	M1915_4	386	1230	601	601
F1823_4	M1972_4	386	1342	982	982
F1823_4	M2594_4	386	1205	273	273
F1823_4	M2715_4	386	1200	918	918
F1823_4	M2751_4	386	1240	765	765
F1823_4	M757_4	386	1424	1345	1345
F274_4	F1107_4	386	1174	379	652
F274_4	F1823_4	386	1230	1044	1882
F274_4	F65_4	386	1164	168	290
F274_4	F754_4	386	1159	780	1388
F274_4	F886_4	386	1349	260	455
F274_4	M1205_4	386	1181	106	191
F274_4	M1808_4	386	1079	117	197
F274_4	M1915_4	386	1295	579	1037
F274_4	M1972_4	386	1302	928	1666
F274_4	M2594_4	386	1330	228	412
F274_4	M2715_4	386	1195	848	1499
F274_4	M2751_4	386	1295	771	1372
F274_4	M757_4	386	1097	1034	1800
F65_4	F1107_4	386	1209	956	956
F65_4	F1823_4	386	1268	1240	1240
F65_4	F274_4	386	1164	910	910
F65_4	F754_4	386	1266	1170	1170
F65_4	F886_4	386	1321	802	802
F65_4	M1205_4	386	1183	484	484
F65_4	M1808_4	386	1284	607	607
F65_4	M1915_4	386	1236	1085	1085
F65_4	M1972_4	386	1281	1213	1213
F65_4	M2594_4	386	1278	830	830
F65_4	M2715_4	386	1296	1236	1236
F65_4	M2751_4	386	1291	1191	1191
F65_4	M757_4	386	1278	1260	1260
F754_4	F1107_4	386	1245	120	377
F754_4	F1823_4	386	1224	719	2343
F754_4	F274_4	386	1159	120	412
F754_4	F65_4	386	1266	44	133
F754_4	F886_4	386	1359	64	205
F754_4	M1205_4	386	1348	25	77
F754_4	M1808_4	386	1228	32	108
F754_4	M1915_4	386	1303	207	699
F754_4	M1972_4	386	1171	438	1387
F754_4	M2594_4	386	1124	70	238
F754_4	M2715_4	386	1377	541	1741
F754_4	M2751_4	386	1238	350	1170
F754_4	M757_4	386	1318	1032	3342
F886_4	F1107_4	386	1232	924	924
F886_4	F1823_4	386	1531	1477	1477
F886_4	F274_4	386	1349	938	938
F886_4	F65_4	386	1321	613	613
F886_4	F754_4	386	1359	1249	1249
F886_4	M1205_4	386	1198	436	436
F886_4	M1808_4	386	1214	497	497
F886_4	M1915_4	386	1268	1051	1051
F886_4	M1972_4	386	1284	1200	1200
F886_4	M2594_4	386	1257	691	691
F886_4	M2715_4	386	1351	1266	1266
F886_4	M2751_4	386	1329	1183	1183
F886_4	M757_4	386	1297	1286	1286
M1205_4	F1107_4	386	1163	663	812
M1205_4	F1823_4	386	1178	1100	1330
M1205_4	F274_4	386	1181	615	735
M1205_4	F65_4	386	1183	340	414
M1205_4	F754_4	386	1348	1098	1345
M1205_4	F886_4	386	1198	416	505
M1205_4	M1808_4	386	1241	300	365
M1205_4	M1915_4	386	1288	876	1062
M1205_4	M1972_4	386	1280	1114	1332
M1205_4	M2594_4	386	1212	461	548
M1205_4	M2715_4	386	1281	1116	1371
M1205_4	M2751_4	386	1295	1036	1247
M1205_4	M757_4	386	1294	1260	1517
M1808_4	F1107_4	386	1211	18	18
M1808_4	F1823_4	386	1332	210	210
M1808_4	F274_4	386	1079	13	13
M1808_4	F65_4	386	1284	4	4
M1808_4	F754_4	386	1228	75	75
M1808_4	F886_4	386	1214	6	6
M1808_4	M1205_4	386	1241	3	3
M1808_4	M1915_4	386	1225	46	46
M1808_4	M1972_4	386	1202	77	77
M1808_4	M2594_4	386	1207	8	8
M1808_4	M2715_4	386	1251	108	108
M1808_4	M2751_4	386	1265	60	60
M1808_4	M757_4	386	1239	404	404
M1915_4	F1107_4	386	1236	398	398
M1915_4	F1823_4	386	1230	1059	1059
M1915_4	F274_4	386	1295	399	399
M1915_4	F65_4	386	1236	168	168
M1915_4	F754_4	386	1303	825	825
M1915_4	F886_4	386	1268	243	243
M1915_4	M1205_4	386	1288	104	104
M1915_4	M1808_4	386	1225	146	146
M1915_4	M1972_4	386	1315	946	946
M1915_4	M2594_4	386	1203	259	259
M1915_4	M2715_4	386	1293	932	932
M1915_4	M2751_4	386	1292	779	779
M1915_4	M757_4	386	1369	1290	1290
M1972_4	F1107_4	386	1427	1260	1427
M1972_4	F1823_4	386	1342	1327	1487
M1972_4	F274_4	386	1302	1136	1276
M1972_4	F65_4	386	1281	930	1047
M1972_4	F754_4	386	1171	1143	1296
M1972_4	F886_4	386	1284	970	1108
M1972_4	M1205_4	386	1280	769	867
M1972_4	M1808_4	386	1202	790	899
M1972_4	M1915_4	386	1315	1208	1346
M1972_4	M2594_4	386	1348	1049	1190
M1972_4	M2715_4	386	1304	1263	1471
M1972_4	M2751_4	386	1397	1340	1533
M1972_4	M757_4	386	1308	1302	1467
M2594_4	F1107_4	386	1330	629	629
M2594_4	F1823_4	386	1205	1097	1097
M2594_4	F274_4	386	1330	576	576
M2594_4	F65_4	386	1278	283	283
M2594_4	F754_4	386	1124	872	872
M2594_4	F886_4	386	1257	364	364
M2594_4	M1205_4	386	1212	144	144
M2594_4	M1808_4	386	1207	198	198
M2594_4	M1915_4	386	1203	710	710
M2594_4	M1972_4	386	1348	1031	1031
M2594_4	M2715_4	386	1345	1073	1073
M2594_4	M2751_4	386	1231	870	870
M2594_4	M757_4	386	1333	1281	1281
M2715_4	F1107_4	386	1158	384	384
M2715_4	F1823_4	386	1200	1005	1005
M2715_4	F274_4	386	1195	327	327
M2715_4	F65_4	386	1296	162	162
M2715_4	F754_4	386	1377	852	852
M2715_4	F886_4	386	1351	218	218
M2715_4	M1205_4	386	1281	94	94
M2715_4	M1808_4	386	1251	119	119
M2715_4	M1915_4	386	1293	580	580
M2715_4	M1972_4	386	1304	876	876
M2715_4	M2594_4	386	1345	190	190
M2715_4	M2751_4	386	1235	718	718
M2715_4	M757_4	386	1287	1196	1196
M2751_4	F1107_4	386	1249	145	145
M2751_4	F1823_4	386	1240	765	765
M2751_4	F274_4	386	1295	142	142
M2751_4	F65_4	386	1291	50	50
M2751_4	F754_4	386	1238	412	412
M2751_4	F886_4	386	1329	74	74
M2751_4	M1205_4	386	1295	34	34
M2751_4	M1808_4	386	1265	41	41
M2751_4	M1915_4	386	1292	255	255
M2751_4	M1972_4	386	1397	569	569
M2751_4	M2594_4	386	1231	68	68
M2751_4	M2715_4	386	1235	512	512
M2751_4	M757_4	386	1261	1017	1017
M757_4	F1107_4	386	1326	648	2591
M757_4	F1823_4	386	1424	1282	5026
M757_4	F274_4	386	1097	505	2037
M757_4	F65_4	386	1278	310	1202
M757_4	F754_4	386	1318	1027	4069
M757_4	F886_4	386	1297	381	1526
M757_4	M1205_4	386	1294	188	733
M757_4	M1808_4	386	1239	219	875
M757_4	M1915_4	386	1369	799	3103
M757_4	M1972_4	386	1308	1060	4086
M757_4	M2594_4	386	1333	335	1342
M757_4	M2715_4	386	1287	1064	4211
M757_4	M2751_4	386	1261	910	3549
F1248_4	F1269_4	387	1310	335	335
F1248_4	F1625_4	387	1263	923	923
F1248_4	F1961_4	387	1352	917	917
F1248_4	F1990_4	387	1257	477	477
F1248_4	F2182_4	387	1548	1408	1408
F1248_4	F441_4	387	1356	943	943
F1248_4	F753_4	387	1297	1052	1052
F1248_4	M1134_4	387	1120	96	96
F1248_4	M118_4	387	1242	357	357
F1248_4	M1836_4	387	1213	359	359
F1248_4	M1874_4	387	1265	687	687
F1248_4	M2491_4	387	1438	913	913
F1248_4	M534_4	387	1262	997	997
F1269_4	F1248_4	387	1310	207	207
F1269_4	F1625_4	387	1170	118	118
F1269_4	F1961_4	387	1383	129	129
F1269_4	F1990_4	387	1490	40	40
F1269_4	F2182_4	387	1130	370	370
F1269_4	F441_4	387	1335	151	151
F1269_4	F753_4	387	1432	266	266
F1269_4	M1134_4	387	1307	5	5
F1269_4	M118_4	387	1221	20	20
F1269_4	M1836_4	387	1414	23	23
F1269_4	M1874_4	387	1254	94	94
F1269_4	M2491_4	387	1324	91	91
F1269_4	M534_4	387	1264	206	206
F1625_4	F1248_4	387	1263	735	737
F1625_4	F1269_4	387	1170	123	124
F1625_4	F1961_4	387	1211	511	513
F1625_4	F1990_4	387	1326	203	203
F1625_4	F2182_4	387	1286	986	992
F1625_4	F441_4	387	1277	582	582
F1625_4	F753_4	387	1206	717	723
F1625_4	M1134_4	387	1318	28	28
F1625_4	M118_4	387	1327	122	122
F1625_4	M1836_4	387	1250	137	138
F1625_4	M1874_4	387	1194	373	373
F1625_4	M2491_4	387	1313	502	506
F1625_4	M534_4	387	1307	760	764
F1961_4	F1248_4	387	1352	1286	1286
F1961_4	F1269_4	387	1383	879	879
F1961_4	F1625_4	387	1211	1119	1119
F1961_4	F1990_4	387	1098	809	809
F1961_4	F2182_4	387	1227	1207	1207
F1961_4	F441_4	387	1260	1181	1181
F1961_4	F753_4	387	1307	1240	1240
F1961_4	M1134_4	387	1255	315	315
F1961_4	M118_4	387	1342	883	883
F1961_4	M1836_4	387	1351	852	852
F1961_4	M1874_4	387	1254	1085	1085
F1961_4	M2491_4	387	1315	1189	1189
F1961_4	M534_4	387	1182	1124	1124
F1990_4	F1248_4	387	1257	1175	1175
F1990_4	F1269_4	387	1490	801	801
F1990_4	F1625_4	387	1326	1174	1174
F1990_4	F1961_4	387	1098	982	982
F1990_4	F2182_4	387	1378	1334	1334
F1990_4	F441_4	387	1245	1109	1109
F1990_4	F753_4	387	1244	1162	1162
F1990_4	M1134_4	387	1326	297	297
F1990_4	M118_4	387	1151	642	642
F1990_4	M1836_4	387	1311	722	722
F1990_4	M1874_4	387	1253	1023	1023
F1990_4	M2491_4	387	1293	1100	1100
F1990_4	M534_4	387	1182	1104	1104
F2182_4	F1248_4	387	1548	213	864
F2182_4	F1269_4	387	1130	18	68
F2182_4	F1625_4	387	1286	111	482
F2182_4	F1961_4	387	1227	113	474
F2182_4	F1990_4	387	1378	26	87
F2182_4	F441_4	387	1352	129	515
F2182_4	F753_4	387	1313	167	754
F2182_4	M1134_4	387	1510	4	21
F2182_4	M118_4	387	1262	35	144
F2182_4	M1836_4	387	1186	17	74
F2182_4	M1874_4	387	1261	73	310
F2182_4	M2491_4	387	1205	75	311
F2182_4	M534_4	387	1158	136	556
F441_4	F1248_4	387	1356	1105	1834
F441_4	F1269_4	387	1335	378	604
F441_4	F1625_4	387	1277	934	1556
F441_4	F1961_4	387	1260	916	1514
F441_4	F1990_4	387	1245	499	853
F441_4	F2182_4	387	1352	1240	2004
F441_4	F753_4	387	1216	1012	1666
F441_4	M1134_4	387	1268	95	147
F441_4	M118_4	387	1338	393	653
F441_4	M1836_4	387	1260	416	688
F441_4	M1874_4	387	1103	696	1160
F441_4	M2491_4	387	1210	781	1298
F441_4	M534_4	387	1196	981	1626
F753_4	F1248_4	387	1297	822	949
F753_4	F1269_4	387	1432	224	255
F753_4	F1625_4	387	1206	634	724
F753_4	F1961_4	387	1307	636	732
F753_4	F1990_4	387	1244	256	290
F753_4	F2182_4	387	1313	1090	1227
F753_4	F441_4	387	1216	607	703
F753_4	M1134_4	387	1356	50	59
F753_4	M118_4	387	1266	176	199
F753_4	M1836_4	387	1392	210	236
F753_4	M1874_4	387	1163	424	483
F753_4	M2491_4	387	1276	574	644
F753_4	M534_4	387	1329	857	984
M1134_4	F1248_4	387	1120	773	773
M1134_4	F1269_4	387	1307	206	206
M1134_4	F1625_4	387	1318	799	799
M1134_4	F1961_4	387	1255	719	719
M1134_4	F1990_4	387	1326	337	337
M1134_4	F2182_4	387	1510	1269	1269
M1134_4	F441_4	387	1268	715	715
M1134_4	F753_4	387	1356	954	954
M1134_4	M118_4	387	1216	217	217
M1134_4	M1836_4	387	1118	202	202
M1134_4	M1874_4	387	1183	500	500
M1134_4	M2491_4	387	1317	638	638
M1134_4	M534_4	387	1278	869	869
M118_4	F1248_4	387	1242	1150	2287
M118_4	F1269_4	387	1221	609	1181
M118_4	F1625_4	387	1327	1187	2296
M118_4	F1961_4	387	1342	1155	2234
M118_4	F1990_4	387	1151	735	1403
M118_4	F2182_4	387	1262	1224	2450
M118_4	F441_4	387	1338	1176	2252
M118_4	F753_4	387	1266	1168	2302
M118_4	M1134_4	387	1216	212	378
M118_4	M1836_4	387	1227	662	1271
M118_4	M1874_4	387	1231	975	1900
M118_4	M2491_4	387	1242	1044	2059
M118_4	M534_4	387	1347	1243	2409
M1836_4	F1248_4	387	1213	228	228
M1836_4	F1269_4	387	1414	28	28
M1836_4	F1625_4	387	1250	167	167
M1836_4	F1961_4	387	1351	147	147
M1836_4	F1990_4	387	1311	38	38
M1836_4	F2182_4	387	1186	413	413
M1836_4	F441_4	387	1260	137	137
M1836_4	F753_4	387	1392	263	263
M1836_4	M1134_4	387	1118	3	3
M1836_4	M118_4	387	1227	27	27
M1836_4	M1874_4	387	1239	76	76
M1836_4	M2491_4	387	1196	91	91
M1836_4	M534_4	387	1322	238	238
M1874_4	F1248_4	387	1265	1198	1198
M1874_4	F1269_4	387	1254	735	735
M1874_4	F1625_4	387	1194	1074	1074
M1874_4	F1961_4	387	1254	1126	1126
M1874_4	F1990_4	387	1253	858	858
M1874_4	F2182_4	387	1261	1226	1226
M1874_4	F441_4	387	1103	1003	1003
M1874_4	F753_4	387	1163	1091	1091
M1874_4	M1134_4	387	1183	239	239
M1874_4	M118_4	387	1231	711	711
M1874_4	M1836_4	387	1239	727	727
M1874_4	M2491_4	387	1300	1134	1134
M1874_4	M534_4	387	1146	1076	1076
M2491_4	F1248_4	387	1438	1344	1344
M2491_4	F1269_4	387	1324	723	723
M2491_4	F1625_4	387	1313	1174	1174
M2491_4	F1961_4	387	1315	1185	1185
M2491_4	F1990_4	387	1293	881	881
M2491_4	F2182_4	387	1205	1169	1169
M2491_4	F441_4	387	1210	1088	1088
M2491_4	F753_4	387	1276	1200	1200
M2491_4	M1134_4	387	1317	279	279
M2491_4	M118_4	387	1242	704	704
M2491_4	M1836_4	387	1196	717	717
M2491_4	M1874_4	387	1300	1062	1062
M2491_4	M534_4	387	1275	1196	1196
M534_4	F1248_4	387	1262	1034	1381
M534_4	F1269_4	387	1264	378	517
M534_4	F1625_4	387	1307	996	1332
M534_4	F1961_4	387	1182	860	1139
M534_4	F1990_4	387	1182	446	628
M534_4	F2182_4	387	1158	1053	1414
M534_4	F441_4	387	1196	883	1154
M534_4	F753_4	387	1329	1121	1490
M534_4	M1134_4	387	1278	102	138
M534_4	M118_4	387	1347	434	556
M534_4	M1836_4	387	1322	395	549
M534_4	M1874_4	387	1146	661	882
M534_4	M2491_4	387	1275	857	1170
F1962_4	F300_4	388	1295	555	555
F1962_4	F471_4	388	1354	899	899
F1962_4	M1221_4	388	1260	795	795
F1962_4	M1229_4	388	1281	1112	1112
F1962_4	M130_4	388	1268	268	268
F1962_4	M1534_4	388	1287	388	388
F1962_4	M2037_4	388	1249	236	236
F1962_4	M2428_4	388	1215	46	46
F1962_4	M253_4	388	1210	586	586
F1962_4	M2782_4	388	1219	167	167
F1962_4	M2800_4	388	1205	961	961
F1962_4	M325_4	388	1318	994	994
F1962_4	M419_4	388	1219	807	807
F300_4	F1962_4	388	1295	734	734
F300_4	F471_4	388	1339	860	860
F300_4	M1221_4	388	1287	805	805
F300_4	M1229_4	388	1192	1014	1014
F300_4	M130_4	388	1262	277	277
F300_4	M1534_4	388	1165	335	335
F300_4	M2037_4	388	1303	248	248
F300_4	M2428_4	388	1258	37	37
F300_4	M253_4	388	1437	730	730
F300_4	M2782_4	388	1246	186	186
F300_4	M2800_4	388	1238	1008	1008
F300_4	M325_4	388	1306	983	983
F300_4	M419_4	388	1189	791	791
F471_4	F1962_4	388	1354	983	4742
F471_4	F300_4	388	1339	786	3800
F471_4	M1221_4	388	1295	989	4682
F471_4	M1229_4	388	1209	1116	5370
F471_4	M130_4	388	1298	422	2021
F471_4	M1534_4	388	1369	544	2661
F471_4	M2037_4	388	1237	382	1779
F471_4	M2428_4	388	1284	88	402
F471_4	M253_4	388	1360	869	4191
F471_4	M2782_4	388	1248	272	1339
F471_4	M2800_4	388	1349	1202	5792
F471_4	M325_4	388	1139	952	4582
F471_4	M419_4	388	1261	970	4756
M1221_4	F1962_4	388	1260	578	578
M1221_4	F300_4	388	1287	451	451
M1221_4	F471_4	388	1295	749	749
M1221_4	M1229_4	388	1162	979	979
M1221_4	M130_4	388	1158	175	175
M1221_4	M1534_4	388	1413	291	291
M1221_4	M2037_4	388	1308	194	194
M1221_4	M2428_4	388	1322	27	27
M1221_4	M253_4	388	1258	534	534
M1221_4	M2782_4	388	1113	107	107
M1221_4	M2800_4	388	1194	917	917
M1221_4	M325_4	388	1191	778	778
M1221_4	M419_4	388	1294	749	749
M1229_4	F1962_4	388	1281	592	737
M1229_4	F300_4	388	1192	352	438
M1229_4	F471_4	388	1209	664	824
M1229_4	M1221_4	388	1162	630	773
M1229_4	M130_4	388	1229	188	242
M1229_4	M1534_4	388	1280	269	347
M1229_4	M2037_4	388	1122	159	207
M1229_4	M2428_4	388	1301	30	38
M1229_4	M253_4	388	1231	500	619
M1229_4	M2782_4	388	1281	106	128
M1229_4	M2800_4	388	1319	955	1156
M1229_4	M325_4	388	1160	754	932
M1229_4	M419_4	388	1234	664	845
M130_4	F1962_4	388	1268	1166	1448
M130_4	F300_4	388	1262	1081	1356
M130_4	F471_4	388	1298	1209	1484
M130_4	M1221_4	388	1158	1078	1336
M130_4	M1229_4	388	1229	1215	1476
M130_4	M1534_4	388	1321	950	1168
M130_4	M2037_4	388	1211	834	1011
M130_4	M2428_4	388	1267	266	325
M130_4	M253_4	388	1167	1036	1279
M130_4	M2782_4	388	1291	744	954
M130_4	M2800_4	388	1285	1255	1521
M130_4	M325_4	388	1230	1180	1445
M130_4	M419_4	388	1240	1167	1419
M1534_4	F1962_4	388	1287	1147	1147
M1534_4	F300_4	388	1165	992	992
M1534_4	F471_4	388	1369	1284	1284
M1534_4	M1221_4	388	1413	1323	1323
M1534_4	M1229_4	388	1280	1251	1251
M1534_4	M130_4	388	1321	856	856
M1534_4	M2037_4	388	1294	806	806
M1534_4	M2428_4	388	1243	269	269
M1534_4	M253_4	388	1372	1213	1213
M1534_4	M2782_4	388	1317	724	724
M1534_4	M2800_4	388	1326	1289	1289
M1534_4	M325_4	388	1269	1209	1209
M1534_4	M419_4	388	1274	1189	1189
M2037_4	F1962_4	388	1249	1047	2069
M2037_4	F300_4	388	1303	942	1901
M2037_4	F471_4	388	1237	1072	2184
M2037_4	M1221_4	388	1308	1138	2258
M2037_4	M1229_4	388	1122	1078	2164
M2037_4	M130_4	388	1211	587	1144
M2037_4	M1534_4	388	1294	761	1473
M2037_4	M2428_4	388	1168	146	285
M2037_4	M253_4	388	1268	984	1977
M2037_4	M2782_4	388	1315	513	1036
M2037_4	M2800_4	388	1211	1131	2288
M2037_4	M325_4	388	1295	1190	2413
M2037_4	M419_4	388	1147	1007	2027
M2428_4	F1962_4	388	1215	959	959
M2428_4	F300_4	388	1258	884	884
M2428_4	F471_4	388	1284	1083	1083
M2428_4	M1221_4	388	1322	1133	1133
M2428_4	M1229_4	388	1301	1243	1243
M2428_4	M130_4	388	1267	569	569
M2428_4	M1534_4	388	1243	669	669
M2428_4	M2037_4	388	1168	538	538
M2428_4	M253_4	388	1158	888	888
M2428_4	M2782_4	388	1368	487	487
M2428_4	M2800_4	388	1277	1188	1188
M2428_4	M325_4	388	1185	1072	1072
M2428_4	M419_4	388	1172	1012	1012
M253_4	F1962_4	388	1210	801	3080
M253_4	F300_4	388	1437	702	2668
M253_4	F471_4	388	1360	960	3684
M253_4	M1221_4	388	1258	872	3392
M253_4	M1229_4	388	1231	1111	4230
M253_4	M130_4	388	1167	316	1172
M253_4	M1534_4	388	1372	428	1696
M253_4	M2037_4	388	1268	336	1368
M253_4	M2428_4	388	1158	60	220
M253_4	M2782_4	388	1215	225	875
M253_4	M2800_4	388	1360	1135	4352
M253_4	M325_4	388	1242	983	3796
M253_4	M419_4	388	1068	761	2984
M2782_4	F1962_4	388	1219	527	972
M2782_4	F300_4	388	1246	361	661
M2782_4	F471_4	388	1248	662	1236
M2782_4	M1221_4	388	1113	555	1064
M2782_4	M1229_4	388	1281	1010	1873
M2782_4	M130_4	388	1291	173	327
M2782_4	M1534_4	388	1317	250	445
M2782_4	M2037_4	388	1315	168	304
M2782_4	M2428_4	388	1368	22	40
M2782_4	M253_4	388	1215	503	903
M2782_4	M2800_4	388	1162	817	1537
M2782_4	M325_4	388	1266	805	1480
M2782_4	M419_4	388	1206	658	1234
M2800_4	F1962_4	388	1205	743	1356
M2800_4	F300_4	388	1238	591	1067
M2800_4	F471_4	388	1349	933	1721
M2800_4	M1221_4	388	1194	829	1515
M2800_4	M1229_4	388	1319	1160	2136
M2800_4	M130_4	388	1285	343	645
M2800_4	M1534_4	388	1326	456	845
M2800_4	M2037_4	388	1211	318	585
M2800_4	M2428_4	388	1277	50	97
M2800_4	M253_4	388	1360	802	1444
M2800_4	M2782_4	388	1162	200	365
M2800_4	M325_4	388	1280	1034	1889
M2800_4	M419_4	388	1157	810	1527
M325_4	F1962_4	388	1318	950	950
M325_4	F300_4	388	1306	749	749
M325_4	F471_4	388	1139	889	889
M325_4	M1221_4	388	1191	900	900
M325_4	M1229_4	388	1160	1060	1060
M325_4	M130_4	388	1230	382	382
M325_4	M1534_4	388	1269	542	542
M325_4	M2037_4	388	1295	403	403
M325_4	M2428_4	388	1185	75	75
M325_4	M253_4	388	1242	790	790
M325_4	M2782_4	388	1266	280	280
M325_4	M2800_4	388	1280	1131	1131
M325_4	M419_4	388	1136	875	875
M419_4	F1962_4	388	1219	1076	1106
M419_4	F300_4	388	1189	969	993
M419_4	F471_4	388	1261	1141	1170
M419_4	M1221_4	388	1294	1181	1213
M419_4	M1229_4	388	1234	1201	1237
M419_4	M130_4	388	1240	746	764
M419_4	M1534_4	388	1274	887	909
M419_4	M2037_4	388	1147	683	699
M419_4	M2428_4	388	1172	182	186
M419_4	M253_4	388	1068	939	963
M419_4	M2782_4	388	1206	560	573
M419_4	M2800_4	388	1157	1104	1138
M419_4	M325_4	388	1136	1065	1087
F1084_4	F1434_4	389	1430	218	301
F1084_4	F1465_4	389	1288	639	837
F1084_4	F2376_4	389	1403	165	218
F1084_4	F2424_4	389	1328	287	379
F1084_4	F2586_4	389	1154	50	75
F1084_4	F516_4	389	1285	188	250
F1084_4	F867_4	389	1249	889	1177
F1084_4	F888_4	389	1220	768	1036
F1084_4	M1414_4	389	1121	1060	1414
F1084_4	M1681_4	389	1236	514	708
F1084_4	M1773_4	389	1295	439	577
F1084_4	M193_4	389	1221	712	948
F1084_4	M2078_4	389	1235	362	466
F1434_4	F1084_4	389	1430	636	1022
F1434_4	F1465_4	389	1281	536	894
F1434_4	F2376_4	389	1257	137	222
F1434_4	F2424_4	389	1114	242	398
F1434_4	F2586_4	389	1204	47	79
F1434_4	F516_4	389	1221	165	267
F1434_4	F867_4	389	1237	798	1317
F1434_4	F888_4	389	1270	759	1232
F1434_4	M1414_4	389	1471	1352	2237
F1434_4	M1681_4	389	1367	495	817
F1434_4	M1773_4	389	1249	333	563
F1434_4	M193_4	389	1272	713	1192
F1434_4	M2078_4	389	1236	297	459
F1465_4	F1084_4	389	1288	404	404
F1465_4	F1434_4	389	1281	117	117
F1465_4	F2376_4	389	1315	87	87
F1465_4	F2424_4	389	1420	153	153
F1465_4	F2586_4	389	1196	22	22
F1465_4	F516_4	389	1463	121	121
F1465_4	F867_4	389	1173	631	631
F1465_4	F888_4	389	1338	612	612
F1465_4	M1414_4	389	1105	970	970
F1465_4	M1681_4	389	1290	329	329
F1465_4	M1773_4	389	1360	253	253
F1465_4	M193_4	389	1142	462	462
F1465_4	M2078_4	389	1362	219	219
F2376_4	F1084_4	389	1403	930	1501
F2376_4	F1434_4	389	1257	369	619
F2376_4	F1465_4	389	1315	905	1451
F2376_4	F2424_4	389	1348	522	855
F2376_4	F2586_4	389	1222	119	172
F2376_4	F516_4	389	1275	361	564
F2376_4	F867_4	389	1334	1110	1792
F2376_4	F888_4	389	1166	914	1451
F2376_4	M1414_4	389	1339	1290	2125
F2376_4	M1681_4	389	1245	788	1273
F2376_4	M1773_4	389	1216	616	989
F2376_4	M193_4	389	1273	956	1588
F2376_4	M2078_4	389	1414	687	1129
F2424_4	F1084_4	389	1328	1006	1006
F2424_4	F1434_4	389	1114	466	466
F2424_4	F1465_4	389	1420	1074	1074
F2424_4	F2376_4	389	1348	453	453
F2424_4	F2586_4	389	1261	158	158
F2424_4	F516_4	389	1352	559	559
F2424_4	F867_4	389	1381	1241	1241
F2424_4	F888_4	389	1200	1030	1030
F2424_4	M1414_4	389	1175	1147	1147
F2424_4	M1681_4	389	1301	906	906
F2424_4	M1773_4	389	1080	726	726
F2424_4	M193_4	389	1286	1057	1057
F2424_4	M2078_4	389	1289	767	767
F2586_4	F1084_4	389	1154	928	928
F2586_4	F1434_4	389	1204	526	526
F2586_4	F1465_4	389	1196	954	954
F2586_4	F2376_4	389	1222	462	462
F2586_4	F2424_4	389	1261	715	715
F2586_4	F516_4	389	1346	597	597
F2586_4	F867_4	389	1321	1213	1213
F2586_4	F888_4	389	1184	1040	1040
F2586_4	M1414_4	389	1313	1292	1292
F2586_4	M1681_4	389	1098	843	843
F2586_4	M1773_4	389	1278	881	881
F2586_4	M193_4	389	1242	1086	1086
F2586_4	M2078_4	389	1332	816	816
F516_4	F1084_4	389	1285	101	101
F516_4	F1434_4	389	1221	28	28
F516_4	F1465_4	389	1463	117	117
F516_4	F2376_4	389	1275	18	18
F516_4	F2424_4	389	1352	38	38
F516_4	F2586_4	389	1346	8	8
F516_4	F867_4	389	1317	272	272
F516_4	F888_4	389	1282	207	207
F516_4	M1414_4	389	1332	783	783
F516_4	M1681_4	389	1264	90	90
F516_4	M1773_4	389	1320	65	65
F516_4	M193_4	389	1307	169	169
F516_4	M2078_4	389	1185	33	33
F867_4	F1084_4	389	1249	901	901
F867_4	F1434_4	389	1237	434	434
F867_4	F1465_4	389	1173	843	843
F867_4	F2376_4	389	1334	354	354
F867_4	F2424_4	389	1381	601	601
F867_4	F2586_4	389	1321	144	144
F867_4	F516_4	389	1317	433	433
F867_4	F888_4	389	1418	1149	1149
F867_4	M1414_4	389	1143	1119	1119
F867_4	M1681_4	389	1324	880	880
F867_4	M1773_4	389	1260	706	706
F867_4	M193_4	389	1215	952	952
F867_4	M2078_4	389	1262	635	635
F888_4	F1084_4	389	1220	965	1409
F888_4	F1434_4	389	1270	603	894
F888_4	F1465_4	389	1338	1070	1610
F888_4	F2376_4	389	1166	451	687
F888_4	F2424_4	389	1200	676	1018
F888_4	F2586_4	389	1184	213	321
F888_4	F516_4	389	1282	599	905
F888_4	F867_4	389	1418	1298	1908
F888_4	M1414_4	389	1295	1271	1854
F888_4	M1681_4	389	1289	1004	1501
F888_4	M1773_4	389	1233	852	1253
F888_4	M193_4	389	1124	957	1425
F888_4	M2078_4	389	1326	851	1287
M1414_4	F1084_4	389	1121	979	1627
M1414_4	F1434_4	389	1471	908	1606
M1414_4	F1465_4	389	1105	980	1731
M1414_4	F2376_4	389	1339	696	1208
M1414_4	F2424_4	389	1175	856	1510
M1414_4	F2586_4	389	1313	362	606
M1414_4	F516_4	389	1332	797	1365
M1414_4	F867_4	389	1143	1088	1883
M1414_4	F888_4	389	1295	1207	2088
M1414_4	M1681_4	389	1213	1027	1750
M1414_4	M1773_4	389	1275	1037	1775
M1414_4	M193_4	389	1165	1086	1808
M1414_4	M2078_4	389	1314	1008	1717
M1681_4	F1084_4	389	1236	1179	4447
M1681_4	F1434_4	389	1367	1073	3899
M1681_4	F1465_4	389	1290	1217	4566
M1681_4	F2376_4	389	1245	866	3179
M1681_4	F2424_4	389	1301	1064	4011
M1681_4	F2586_4	389	1098	498	1868
M1681_4	F516_4	389	1264	998	3686
M1681_4	F867_4	389	1324	1290	4805
M1681_4	F888_4	389	1289	1250	4595
M1681_4	M1414_4	389	1213	1212	4542
M1681_4	M1773_4	389	1375	1232	4640
M1681_4	M193_4	389	1375	1328	4921
M1681_4	M2078_4	389	1254	1073	4098
M1773_4	F1084_4	389	1295	1195	2805
M1773_4	F1434_4	389	1249	929	2266
M1773_4	F1465_4	389	1360	1277	3040
M1773_4	F2376_4	389	1216	815	1961
M1773_4	F2424_4	389	1080	875	2072
M1773_4	F2586_4	389	1278	506	1243
M1773_4	F516_4	389	1320	998	2431
M1773_4	F867_4	389	1260	1226	2881
M1773_4	F888_4	389	1233	1191	2808
M1773_4	M1414_4	389	1275	1263	2959
M1773_4	M1681_4	389	1375	1245	2964
M1773_4	M193_4	389	1438	1369	3193
M1773_4	M2078_4	389	1243	1073	2498
M193_4	F1084_4	389	1221	943	1121
M193_4	F1434_4	389	1272	515	622
M193_4	F1465_4	389	1142	851	1011
M193_4	F2376_4	389	1273	379	473
M193_4	F2424_4	389	1286	608	741
M193_4	F2586_4	389	1242	160	193
M193_4	F516_4	389	1307	496	597
M193_4	F867_4	389	1215	1059	1272
M193_4	F888_4	389	1124	964	1143
M193_4	M1414_4	389	1165	1144	1352
M193_4	M1681_4	389	1375	978	1188
M193_4	M1773_4	389	1438	921	1118
M193_4	M2078_4	389	1364	757	887
M2078_4	F1084_4	389	1235	825	2263
M2078_4	F1434_4	389	1236	411	1135
M2078_4	F1465_4	389	1362	932	2646
M2078_4	F2376_4	389	1414	306	838
M2078_4	F2424_4	389	1289	523	1489
M2078_4	F2586_4	389	1332	121	321
M2078_4	F516_4	389	1185	349	968
M2078_4	F867_4	389	1262	1053	2942
M2078_4	F888_4	389	1326	1056	2930
M2078_4	M1414_4	389	1314	1273	3621
M2078_4	M1681_4	389	1254	789	2218
M2078_4	M1773_4	389	1243	663	1884
M2078_4	M193_4	389	1364	1045	3022
F1392_4	F1438_4	390	1319	661	2386
F1392_4	F1667_4	390	1274	1231	4451
F1392_4	F2038_4	390	1310	1097	3992
F1392_4	F2072_4	390	1251	550	1970
F1392_4	F2198_4	390	1254	615	2258
F1392_4	M1074_4	390	1280	798	2845
F1392_4	M123_4	390	1030	387	1403
F1392_4	M2086_4	390	1252	789	2788
F1392_4	M2188_4	390	1240	895	3220
F1392_4	M585_4	390	1236	925	3265
F1392_4	M700_4	390	1277	1012	3639
F1392_4	M827_4	390	1297	1034	3595
F1392_4	M978_4	390	1211	404	1432
F1438_4	F1392_4	390	1319	891	891
F1438_4	F1667_4	390	1086	1078	1078
F1438_4	F2038_4	390	1333	1248	1248
F1438_4	F2072_4	390	1214	774	774
F1438_4	F2198_4	390	1165	832	832
F1438_4	M1074_4	390	1443	1150	1150
F1438_4	M123_4	390	1172	721	721
F1438_4	M2086_4	390	1245	989	989
F1438_4	M2188_4	390	1346	1170	1170
F1438_4	M585_4	390	1149	1010	1010
F1438_4	M700_4	390	1271	1142	1142
F1438_4	M827_4	390	1155	1039	1039
F1438_4	M978_4	390	1135	671	671
F1667_4	F1392_4	390	1274	198	201
F1667_4	F1438_4	390	1086	212	218
F1667_4	F2038_4	390	1195	658	676
F1667_4	F2072_4	390	1263	161	167
F1667_4	F2198_4	390	1313	279	283
F1667_4	M1074_4	390	1113	318	326
F1667_4	M123_4	390	1201	154	156
F1667_4	M2086_4	390	1254	340	348
F1667_4	M2188_4	390	1197	465	480
F1667_4	M585_4	390	1287	569	578
F1667_4	M700_4	390	1378	667	684
F1667_4	M827_4	390	1279	599	612
F1667_4	M978_4	390	1180	137	145
F2038_4	F1392_4	390	1310	673	1421
F2038_4	F1438_4	390	1333	779	1782
F2038_4	F1667_4	390	1195	1165	2594
F2038_4	F2072_4	390	1364	676	1548
F2038_4	F2198_4	390	1431	808	1774
F2038_4	M1074_4	390	1383	975	2204
F2038_4	M123_4	390	1323	605	1378
F2038_4	M2086_4	390	1301	850	1902
F2038_4	M2188_4	390	1132	859	1987
F2038_4	M585_4	390	1203	974	2262
F2038_4	M700_4	390	1246	1038	2320
F2038_4	M827_4	390	1181	954	2145
F2038_4	M978_4	390	1252	523	1185
F2072_4	F1392_4	390	1251	586	586
F2072_4	F1438_4	390	1214	643	643
F2072_4	F1667_4	390	1263	1226	1226
F2072_4	F2038_4	390	1364	1172	1172
F2072_4	F2198_4	390	1204	608	608
F2072_4	M1074_4	390	1233	779	779
F2072_4	M123_4	390	1197	503	503
F2072_4	M2086_4	390	1228	790	790
F2072_4	M2188_4	390	1229	904	904
F2072_4	M585_4	390	1244	956	956
F2072_4	M700_4	390	1106	908	908
F2072_4	M827_4	390	1347	1049	1049
F2072_4	M978_4	390	1229	450	450
F2198_4	F1392_4	390	1254	204	204
F2198_4	F1438_4	390	1165	237	237
F2198_4	F1667_4	390	1313	1171	1171
F2198_4	F2038_4	390	1431	772	772
F2198_4	F2072_4	390	1204	171	171
F2198_4	M1074_4	390	1305	384	384
F2198_4	M123_4	390	1207	148	148
F2198_4	M2086_4	390	1284	352	352
F2198_4	M2188_4	390	1197	445	445
F2198_4	M585_4	390	1326	567	567
F2198_4	M700_4	390	1260	590	590
F2198_4	M827_4	390	1193	528	528
F2198_4	M978_4	390	1294	164	164
M1074_4	F1392_4	390	1280	462	1495
M1074_4	F1438_4	390	1443	601	1996
M1074_4	F1667_4	390	1113	1059	3470
M1074_4	F2038_4	390	1383	1094	3493
M1074_4	F2072_4	390	1233	430	1436
M1074_4	F2198_4	390	1305	532	1719
M1074_4	M123_4	390	1254	355	1126
M1074_4	M2086_4	390	1218	631	2134
M1074_4	M2188_4	390	1278	801	2592
M1074_4	M585_4	390	1371	942	3079
M1074_4	M700_4	390	1322	946	2986
M1074_4	M827_4	390	1237	885	2884
M1074_4	M978_4	390	1289	350	1103
M123_4	F1392_4	390	1030	925	1548
M123_4	F1438_4	390	1172	1074	1780
M123_4	F1667_4	390	1201	1197	1955
M123_4	F2038_4	390	1323	1299	2131
M123_4	F2072_4	390	1197	1059	1711
M123_4	F2198_4	390	1207	1099	1821
M123_4	M1074_4	390	1254	1185	1902
M123_4	M2086_4	390	1242	1163	1905
M123_4	M2188_4	390	1411	1374	2284
M123_4	M585_4	390	1410	1357	2274
M123_4	M700_4	390	1320	1288	2114
M123_4	M827_4	390	1270	1234	1987
M123_4	M978_4	390	1257	1053	1668
M2086_4	F1392_4	390	1252	1020	3013
M2086_4	F1438_4	390	1245	1036	3092
M2086_4	F1667_4	390	1254	1245	3759
M2086_4	F2038_4	390	1301	1249	3717
M2086_4	F2072_4	390	1228	966	2890
M2086_4	F2198_4	390	1284	1059	3156
M2086_4	M1074_4	390	1218	1085	3339
M2086_4	M123_4	390	1242	956	2879
M2086_4	M2188_4	390	1316	1229	3843
M2086_4	M585_4	390	1261	1175	3499
M2086_4	M700_4	390	1281	1214	3794
M2086_4	M827_4	390	1146	1086	3413
M2086_4	M978_4	390	1324	969	2934
M2188_4	F1392_4	390	1240	231	231
M2188_4	F1438_4	390	1346	289	289
M2188_4	F1667_4	390	1197	1093	1093
M2188_4	F2038_4	390	1132	673	673
M2188_4	F2072_4	390	1229	232	232
M2188_4	F2198_4	390	1197	281	281
M2188_4	M1074_4	390	1278	396	396
M2188_4	M123_4	390	1411	213	213
M2188_4	M2086_4	390	1316	404	404
M2188_4	M585_4	390	1266	654	654
M2188_4	M700_4	390	1243	643	643
M2188_4	M827_4	390	1179	588	588
M2188_4	M978_4	390	1225	160	160
M585_4	F1392_4	390	1236	1193	1193
M585_4	F1438_4	390	1149	1113	1113
M585_4	F1667_4	390	1287	1287	1287
M585_4	F2038_4	390	1203	1197	1197
M585_4	F2072_4	390	1244	1198	1198
M585_4	F2198_4	390	1326	1283	1283
M585_4	M1074_4	390	1371	1345	1345
M585_4	M123_4	390	1410	1332	1332
M585_4	M2086_4	390	1261	1237	1237
M585_4	M2188_4	390	1266	1254	1254
M585_4	M700_4	390	1168	1163	1163
M585_4	M827_4	390	1214	1195	1195
M585_4	M978_4	390	1239	1154	1154
M700_4	F1392_4	390	1277	976	976
M700_4	F1438_4	390	1271	1016	1016
M700_4	F1667_4	390	1378	1361	1361
M700_4	F2038_4	390	1246	1185	1185
M700_4	F2072_4	390	1106	804	804
M700_4	F2198_4	390	1260	982	982
M700_4	M1074_4	390	1322	1136	1136
M700_4	M123_4	390	1320	927	927
M700_4	M2086_4	390	1281	1088	1088
M700_4	M2188_4	390	1243	1111	1111
M700_4	M585_4	390	1168	1064	1064
M700_4	M827_4	390	1336	1253	1253
M700_4	M978_4	390	1190	776	776
M827_4	F1392_4	390	1297	642	642
M827_4	F1438_4	390	1155	640	640
M827_4	F1667_4	390	1279	1248	1248
M827_4	F2038_4	390	1181	1029	1029
M827_4	F2072_4	390	1347	648	648
M827_4	F2198_4	390	1193	651	651
M827_4	M1074_4	390	1237	851	851
M827_4	M123_4	390	1270	552	552
M827_4	M2086_4	390	1146	762	762
M827_4	M2188_4	390	1179	900	900
M827_4	M585_4	390	1214	976	976
M827_4	M700_4	390	1336	1106	1106
M827_4	M978_4	390	1444	613	613
M978_4	F1392_4	390	1211	793	1646
M978_4	F1438_4	390	1135	818	1714
M978_4	F1667_4	390	1180	1162	2371
M978_4	F2038_4	390	1252	1171	2451
M978_4	F2072_4	390	1229	763	1552
M978_4	F2198_4	390	1294	877	1829
M978_4	M1074_4	390	1289	1023	2124
M978_4	M123_4	390	1257	761	1630
M978_4	M2086_4	390	1324	1060	2178
M978_4	M2188_4	390	1225	1023	2124
M978_4	M585_4	390	1239	1096	2317
M978_4	M700_4	390	1190	1053	2141
M978_4	M827_4	390	1444	1278	2643
F129_4	F1342_4	391	1313	23	23
F129_4	F1768_4	391	1236	304	304
F129_4	F2691_4	391	1356	1006	1006
F129_4	F859_4	391	1324	168	168
F129_4	F979_4	391	1267	98	98
F129_4	M1137_4	391	1178	592	592
F129_4	M1264_4	391	1293	27	27
F129_4	M200_4	391	1232	93	93
F129_4	M2027_4	391	1043	6	6
F129_4	M2727_4	391	1292	103	103
F129_4	M413_4	391	1280	124	124
F129_4	M784_4	391	1085	102	102
F129_4	M881_4	391	1125	87	87
F1342_4	F129_4	391	1313	5	5
F1342_4	F1768_4	391	1267	699	699
F1342_4	F2691_4	391	1264	1154	1154
F1342_4	F859_4	391	1345	451	451
F1342_4	F979_4	391	1368	338	338
F1342_4	M1137_4	391	1347	1075	1075
F1342_4	M1264_4	391	1227	92	92
F1342_4	M200_4	391	1345	317	317
F1342_4	M2027_4	391	1127	29	29
F1342_4	M2727_4	391	1416	313	313
F1342_4	M413_4	391	1281	349	349
F1342_4	M784_4	391	1324	386	386
F1342_4	M881_4	391	1279	303	303
F1768_4	F129_4	391	1236	9	9
F1768_4	F1342_4	391	1267	71	71
F1768_4	F2691_4	391	1312	1225	1225
F1768_4	F859_4	391	1151	416	416
F1768_4	F979_4	391	1317	334	334
F1768_4	M1137_4	391	1298	1071	1071
F1768_4	M1264_4	391	1194	85	85
F1768_4	M200_4	391	1220	307	307
F1768_4	M2027_4	391	1245	36	36
F1768_4	M2727_4	391	1364	337	337
F1768_4	M413_4	391	1289	403	403
F1768_4	M784_4	391	1268	425	425
F1768_4	M881_4	391	1176	335	335
F2691_4	F129_4	391	1356	42	149
F2691_4	F1342_4	391	1264	244	772
F2691_4	F1768_4	391	1312	1074	3402
F2691_4	F859_4	391	1277	839	2664
F2691_4	F979_4	391	1224	707	2198
F2691_4	M1137_4	391	1290	1212	3786
F2691_4	M1264_4	391	1324	320	956
F2691_4	M200_4	391	1384	737	2277
F2691_4	M2027_4	391	1267	122	393
F2691_4	M2727_4	391	1184	689	2105
F2691_4	M413_4	391	1159	726	2299
F2691_4	M784_4	391	1186	755	2359
F2691_4	M881_4	391	1379	774	2416
F859_4	F129_4	391	1324	3	9
F859_4	F1342_4	391	1345	16	47
F859_4	F1768_4	391	1151	179	572
F859_4	F2691_4	391	1277	835	2510
F859_4	F979_4	391	1366	73	231
F859_4	M1137_4	391	1214	495	1482
F859_4	M1264_4	391	1203	14	34
F859_4	M200_4	391	1295	56	176
F859_4	M2027_4	391	1343	5	16
F859_4	M2727_4	391	1299	60	193
F859_4	M413_4	391	1239	78	239
F859_4	M784_4	391	1314	80	239
F859_4	M881_4	391	1371	66	209
F979_4	F129_4	391	1267	20	44
F979_4	F1342_4	391	1368	161	308
F979_4	F1768_4	391	1317	946	1862
F979_4	F2691_4	391	1224	1173	2275
F979_4	F859_4	391	1366	670	1304
F979_4	M1137_4	391	1255	1104	2126
F979_4	M1264_4	391	1276	190	358
F979_4	M200_4	391	1202	425	791
F979_4	M2027_4	391	1321	71	156
F979_4	M2727_4	391	1348	479	914
F979_4	M413_4	391	1283	607	1149
F979_4	M784_4	391	1281	563	1054
F979_4	M881_4	391	1324	525	1017
M1137_4	F129_4	391	1178	34	34
M1137_4	F1342_4	391	1347	253	253
M1137_4	F1768_4	391	1298	1055	1055
M1137_4	F2691_4	391	1290	1264	1264
M1137_4	F859_4	391	1214	793	793
M1137_4	F979_4	391	1255	686	686
M1137_4	M1264_4	391	1342	317	317
M1137_4	M200_4	391	1347	672	672
M1137_4	M2027_4	391	1381	133	133
M1137_4	M2727_4	391	1265	599	599
M1137_4	M413_4	391	1268	781	781
M1137_4	M784_4	391	1233	755	755
M1137_4	M881_4	391	1072	601	601
M1264_4	F129_4	391	1293	6	6
M1264_4	F1342_4	391	1227	44	44
M1264_4	F1768_4	391	1194	557	557
M1264_4	F2691_4	391	1324	1181	1181
M1264_4	F859_4	391	1203	282	282
M1264_4	F979_4	391	1276	235	235
M1264_4	M1137_4	391	1342	967	967
M1264_4	M200_4	391	1408	197	197
M1264_4	M2027_4	391	1166	22	22
M1264_4	M2727_4	391	1252	186	186
M1264_4	M413_4	391	1386	328	328
M1264_4	M784_4	391	1083	231	231
M1264_4	M881_4	391	1188	216	216
M200_4	F129_4	391	1232	6	6
M200_4	F1342_4	391	1345	39	39
M200_4	F1768_4	391	1220	433	433
M200_4	F2691_4	391	1384	1152	1152
M200_4	F859_4	391	1295	266	266
M200_4	F979_4	391	1202	166	166
M200_4	M1137_4	391	1347	857	857
M200_4	M1264_4	391	1408	56	56
M200_4	M2027_4	391	1443	16	16
M200_4	M2727_4	391	1222	138	138
M200_4	M413_4	391	1226	179	179
M200_4	M784_4	391	1158	188	188
M200_4	M881_4	391	1316	163	163
M2027_4	F129_4	391	1043	7	14
M2027_4	F1342_4	391	1127	83	193
M2027_4	F1768_4	391	1245	719	1662
M2027_4	F2691_4	391	1267	1165	2638
M2027_4	F859_4	391	1343	511	1191
M2027_4	F979_4	391	1321	376	855
M2027_4	M1137_4	391	1381	1133	2504
M2027_4	M1264_4	391	1166	117	275
M2027_4	M200_4	391	1443	376	884
M2027_4	M2727_4	391	1310	326	712
M2027_4	M413_4	391	1378	473	1091
M2027_4	M784_4	391	1188	406	927
M2027_4	M881_4	391	1220	340	766
M2727_4	F129_4	391	1292	81	158
M2727_4	F1342_4	391	1416	349	715
M2727_4	F1768_4	391	1364	1218	2387
M2727_4	F2691_4	391	1184	1170	2321
M2727_4	F859_4	391	1299	980	1965
M2727_4	F979_4	391	1348	885	1721
M2727_4	M1137_4	391	1265	1215	2430
M2727_4	M1264_4	391	1252	409	851
M2727_4	M200_4	391	1222	767	1538
M2727_4	M2027_4	391	1310	208	391
M2727_4	M413_4	391	1172	827	1613
M2727_4	M784_4	391	1229	879	1759
M2727_4	M881_4	391	1283	835	1670
M413_4	F129_4	391	1280	3	7
M413_4	F1342_4	391	1281	18	47
M413_4	F1768_4	391	1289	350	919
M413_4	F2691_4	391	1159	875	2306
M413_4	F859_4	391	1239	181	445
M413_4	F979_4	391	1283	108	286
M413_4	M1137_4	391	1268	666	1775
M413_4	M1264_4	391	1386	34	91
M413_4	M200_4	391	1226	101	282
M413_4	M2027_4	391	1378	10	25
M413_4	M2727_4	391	1172	76	183
M413_4	M784_4	391	1414	163	419
M413_4	M881_4	391	1417	128	313
M784_4	F129_4	391	1085	6	6
M784_4	F1342_4	391	1324	41	41
M784_4	F1768_4	391	1268	484	484
M784_4	F2691_4	391	1186	1005	1005
M784_4	F859_4	391	1314	256	256
M784_4	F979_4	391	1281	198	198
M784_4	M1137_4	391	1233	828	828
M784_4	M1264_4	391	1083	42	42
M784_4	M200_4	391	1158	139	139
M784_4	M2027_4	391	1188	15	15
M784_4	M2727_4	391	1229	172	172
M784_4	M413_4	391	1414	253	253
M784_4	M881_4	391	1141	133	133
M881_4	F129_4	391	1125	35	35
M881_4	F1342_4	391	1279	199	199
M881_4	F1768_4	391	1176	973	973
M881_4	F2691_4	391	1379	1350	1350
M881_4	F859_4	391	1371	855	855
M881_4	F979_4	391	1324	680	680
M881_4	M1137_4	391	1072	1000	1000
M881_4	M1264_4	391	1188	280	280
M881_4	M200_4	391	1316	628	628
M881_4	M2027_4	391	1220	107	107
M881_4	M2727_4	391	1283	624	624
M881_4	M413_4	391	1417	803	803
M881_4	M784_4	391	1141	669	669
F1565_4	F1738_4	392	1241	85	87
F1565_4	F2105_4	392	1237	887	936
F1565_4	F2433_4	392	1199	920	961
F1565_4	F640_4	392	1240	974	1017
F1565_4	F862_4	392	1285	521	547
F1565_4	M2388_4	392	1291	1222	1307
F1565_4	M2398_4	392	1283	344	362
F1565_4	M2511_4	392	1269	644	682
F1565_4	M2570_4	392	1377	673	710
F1565_4	M371_4	392	1238	234	246
F1565_4	M584_4	392	1128	703	743
F1565_4	M782_4	392	1190	518	546
F1565_4	M928_4	392	1278	931	994
F1738_4	F1565_4	392	1241	1164	1164
F1738_4	F2105_4	392	1129	619	619
F1738_4	F2433_4	392	1385	818	818
F1738_4	F640_4	392	1325	772	772
F1738_4	F862_4	392	1241	324	324
F1738_4	M2388_4	392	1198	1074	1074
F1738_4	M2398_4	392	1290	170	170
F1738_4	M2511_4	392	1355	443	443
F1738_4	M2570_4	392	1265	390	390
F1738_4	M371_4	392	1274	126	126
F1738_4	M584_4	392	1280	563	563
F1738_4	M782_4	392	1333	317	317
F1738_4	M928_4	392	1333	738	738
F2105_4	F1565_4	392	1237	876	876
F2105_4	F1738_4	392	1129	7	7
F2105_4	F2433_4	392	1224	237	237
F2105_4	F640_4	392	1230	262	262
F2105_4	F862_4	392	1321	79	79
F2105_4	M2388_4	392	1283	741	741
F2105_4	M2398_4	392	1170	32	32
F2105_4	M2511_4	392	1251	84	84
F2105_4	M2570_4	392	1196	77	77
F2105_4	M371_4	392	1447	31	31
F2105_4	M584_4	392	1229	134	134
F2105_4	M782_4	392	1304	82	82
F2105_4	M928_4	392	1297	244	244
F2433_4	F1565_4	392	1199	1105	2627
F2433_4	F1738_4	392	1385	42	103
F2433_4	F2105_4	392	1224	649	1579
F2433_4	F640_4	392	1398	893	2169
F2433_4	F862_4	392	1272	320	805
F2433_4	M2388_4	392	1195	1088	2708
F2433_4	M2398_4	392	1262	180	474
F2433_4	M2511_4	392	1268	445	1102
F2433_4	M2570_4	392	1288	401	994
F2433_4	M371_4	392	1273	131	310
F2433_4	M584_4	392	1254	555	1323
F2433_4	M782_4	392	1326	338	801
F2433_4	M928_4	392	1341	745	1759
F640_4	F1565_4	392	1240	1051	1398
F640_4	F1738_4	392	1325	14	16
F640_4	F2105_4	392	1230	334	453
F640_4	F2433_4	392	1398	473	630
F640_4	F862_4	392	1270	150	195
F640_4	M2388_4	392	1281	944	1275
F640_4	M2398_4	392	1192	74	102
F640_4	M2511_4	392	1391	208	285
F640_4	M2570_4	392	1330	181	240
F640_4	M371_4	392	1158	36	53
F640_4	M584_4	392	1261	281	366
F640_4	M782_4	392	1214	121	157
F640_4	M928_4	392	1192	360	471
F862_4	F1565_4	392	1285	1256	2957
F862_4	F1738_4	392	1241	130	304
F862_4	F2105_4	392	1321	1055	2459
F862_4	F2433_4	392	1272	1073	2630
F862_4	F640_4	392	1270	1075	2568
F862_4	M2388_4	392	1375	1328	3220
F862_4	M2398_4	392	1289	482	1186
F862_4	M2511_4	392	1376	895	2166
F862_4	M2570_4	392	1260	754	1850
F862_4	M371_4	392	1286	336	820
F862_4	M584_4	392	1371	1059	2453
F862_4	M782_4	392	1246	696	1699
F862_4	M928_4	392	1238	1012	2438
M2388_4	F1565_4	392	1291	1210	1791
M2388_4	F1738_4	392	1198	41	61
M2388_4	F2105_4	392	1283	741	1101
M2388_4	F2433_4	392	1195	706	1087
M2388_4	F640_4	392	1281	815	1243
M2388_4	F862_4	392	1375	354	527
M2388_4	M2398_4	392	1161	183	275
M2388_4	M2511_4	392	1220	461	707
M2388_4	M2570_4	392	1349	460	695
M2388_4	M371_4	392	1350	130	182
M2388_4	M584_4	392	1225	591	886
M2388_4	M782_4	392	1104	297	442
M2388_4	M928_4	392	1127	656	1011
M2398_4	F1565_4	392	1283	1245	1245
M2398_4	F1738_4	392	1290	65	65
M2398_4	F2105_4	392	1170	823	823
M2398_4	F2433_4	392	1262	953	953
M2398_4	F640_4	392	1192	938	938
M2398_4	F862_4	392	1289	514	514
M2398_4	M2388_4	392	1161	1087	1087
M2398_4	M2511_4	392	1283	683	683
M2398_4	M2570_4	392	1306	613	613
M2398_4	M371_4	392	1297	236	236
M2398_4	M584_4	392	1317	832	832
M2398_4	M782_4	392	1398	592	592
M2398_4	M928_4	392	1171	849	849
M2511_4	F1565_4	392	1269	1218	1218
M2511_4	F1738_4	392	1355	89	89
M2511_4	F2105_4	392	1251	852	852
M2511_4	F2433_4	392	1268	913	913
M2511_4	F640_4	392	1391	1038	1038
M2511_4	F862_4	392	1376	539	539
M2511_4	M2388_4	392	1220	1156	1156
M2511_4	M2398_4	392	1283	307	307
M2511_4	M2570_4	392	1372	639	639
M2511_4	M371_4	392	1287	215	215
M2511_4	M584_4	392	1188	694	694
M2511_4	M782_4	392	1387	554	554
M2511_4	M928_4	392	1365	978	978
M2570_4	F1565_4	392	1377	1328	1328
M2570_4	F1738_4	392	1265	103	103
M2570_4	F2105_4	392	1196	844	844
M2570_4	F2433_4	392	1288	938	938
M2570_4	F640_4	392	1330	1056	1056
M2570_4	F862_4	392	1260	522	522
M2570_4	M2388_4	392	1349	1293	1293
M2570_4	M2398_4	392	1306	334	334
M2570_4	M2511_4	392	1372	684	684
M2570_4	M371_4	392	1237	202	202
M2570_4	M584_4	392	1042	663	663
M2570_4	M782_4	392	1205	473	473
M2570_4	M928_4	392	1261	913	913
M371_4	F1565_4	392	1238	1180	1374
M371_4	F1738_4	392	1274	69	78
M371_4	F2105_4	392	1447	955	1105
M371_4	F2433_4	392	1273	925	1061
M371_4	F640_4	392	1158	867	1001
M371_4	F862_4	392	1286	476	546
M371_4	M2388_4	392	1350	1263	1474
M371_4	M2398_4	392	1297	297	339
M371_4	M2511_4	392	1287	616	709
M371_4	M2570_4	392	1237	505	578
M371_4	M584_4	392	1142	668	770
M371_4	M782_4	392	1056	388	435
M371_4	M928_4	392	1361	951	1110
M584_4	F1565_4	392	1128	1094	1094
M584_4	F1738_4	392	1280	80	80
M584_4	F2105_4	392	1229	864	864
M584_4	F2433_4	392	1254	939	939
M584_4	F640_4	392	1261	995	995
M584_4	F862_4	392	1371	588	588
M584_4	M2388_4	392	1225	1165	1165
M584_4	M2398_4	392	1317	343	343
M584_4	M2511_4	392	1188	614	614
M584_4	M2570_4	392	1042	502	502
M584_4	M371_4	392	1142	219	219
M584_4	M782_4	392	1292	568	568
M584_4	M928_4	392	1301	959	959
M782_4	F1565_4	392	1190	1078	1233
M782_4	F1738_4	392	1333	20	26
M782_4	F2105_4	392	1304	579	664
M782_4	F2433_4	392	1326	693	779
M782_4	F640_4	392	1214	656	735
M782_4	F862_4	392	1246	243	275
M782_4	M2388_4	392	1104	951	1070
M782_4	M2398_4	392	1398	146	161
M782_4	M2511_4	392	1387	349	385
M782_4	M2570_4	392	1205	300	348
M782_4	M371_4	392	1056	73	89
M782_4	M584_4	392	1292	475	532
M782_4	M928_4	392	1399	673	759
M928_4	F1565_4	392	1278	1244	1244
M928_4	F1738_4	392	1333	99	99
M928_4	F2105_4	392	1297	950	950
M928_4	F2433_4	392	1341	1070	1070
M928_4	F640_4	392	1192	952	952
M928_4	F862_4	392	1238	578	578
M928_4	M2388_4	392	1127	1073	1073
M928_4	M2398_4	392	1171	361	361
M928_4	M2511_4	392	1365	765	765
M928_4	M2570_4	392	1261	672	672
M928_4	M371_4	392	1361	302	302
M928_4	M584_4	392	1301	851	851
M928_4	M782_4	392	1399	659	659
F1467_4	F2648_4	393	1138	177	307
F1467_4	F445_4	393	1245	1077	1794
F1467_4	F493_4	393	1224	190	329
F1467_4	F572_4	393	1279	478	817
F1467_4	F663_4	393	1178	1153	1968
F1467_4	M1081_4	393	1055	253	440
F1467_4	M1423_4	393	1296	1203	2088
F1467_4	M1771_4	393	1185	259	451
F1467_4	M2422_4	393	1267	352	595
F1467_4	M2740_4	393	1189	270	462
F1467_4	M2793_4	393	1231	431	736
F1467_4	M777_4	393	1193	242	426
F1467_4	M845_4	393	1332	864	1464
F2648_4	F1467_4	393	1138	178	178
F2648_4	F445_4	393	1202	1034	1034
F2648_4	F493_4	393	1326	206	206
F2648_4	F572_4	393	1259	504	504
F2648_4	F663_4	393	1277	1252	1252
F2648_4	M1081_4	393	1299	308	308
F2648_4	M1423_4	393	1222	1139	1139
F2648_4	M1771_4	393	1174	239	239
F2648_4	M2422_4	393	1361	413	413
F2648_4	M2740_4	393	1290	283	283
F2648_4	M2793_4	393	1278	490	490
F2648_4	M777_4	393	1242	268	268
F2648_4	M845_4	393	1296	869	869
F445_4	F1467_4	393	1245	67	171
F445_4	F2648_4	393	1202	55	137
F445_4	F493_4	393	1366	71	176
F445_4	F572_4	393	1251	204	493
F445_4	F663_4	393	1328	1247	3026
F445_4	M1081_4	393	1296	104	235
F445_4	M1423_4	393	1321	1070	2636
F445_4	M1771_4	393	1235	83	210
F445_4	M2422_4	393	1229	119	279
F445_4	M2740_4	393	1271	116	294
F445_4	M2793_4	393	1240	175	431
F445_4	M777_4	393	1258	102	229
F445_4	M845_4	393	1362	483	1202
F493_4	F1467_4	393	1224	607	607
F493_4	F2648_4	393	1326	645	645
F493_4	F445_4	393	1366	1324	1324
F493_4	F572_4	393	1393	1069	1069
F493_4	F663_4	393	1151	1148	1148
F493_4	M1081_4	393	1105	661	661
F493_4	M1423_4	393	1120	1105	1105
F493_4	M1771_4	393	1417	793	793
F493_4	M2422_4	393	1255	842	842
F493_4	M2740_4	393	1320	809	809
F493_4	M2793_4	393	1246	911	911
F493_4	M777_4	393	1238	702	702
F493_4	M845_4	393	1189	1066	1066
F572_4	F1467_4	393	1279	84	368
F572_4	F2648_4	393	1259	70	353
F572_4	F445_4	393	1251	902	3977
F572_4	F493_4	393	1393	84	394
F572_4	F663_4	393	1431	1348	5925
F572_4	M1081_4	393	1308	134	599
F572_4	M1423_4	393	1310	1084	4857
F572_4	M1771_4	393	1211	116	526
F572_4	M2422_4	393	1131	140	568
F572_4	M2740_4	393	1325	148	695
F572_4	M2793_4	393	1390	235	1041
F572_4	M777_4	393	1130	100	440
F572_4	M845_4	393	1215	522	2326
F663_4	F1467_4	393	1178	822	822
F663_4	F2648_4	393	1277	834	834
F663_4	F445_4	393	1328	1313	1313
F663_4	F493_4	393	1151	747	747
F663_4	F572_4	393	1431	1264	1264
F663_4	M1081_4	393	1263	968	968
F663_4	M1423_4	393	1355	1346	1346
F663_4	M1771_4	393	1341	987	987
F663_4	M2422_4	393	1100	914	914
F663_4	M2740_4	393	1217	941	941
F663_4	M2793_4	393	1207	1044	1044
F663_4	M777_4	393	1459	1088	1088
F663_4	M845_4	393	1172	1139	1139
M1081_4	F1467_4	393	1055	82	146
M1081_4	F2648_4	393	1299	93	150
M1081_4	F445_4	393	1296	965	1603
M1081_4	F493_4	393	1105	72	120
M1081_4	F572_4	393	1308	288	466
M1081_4	F663_4	393	1263	1201	1911
M1081_4	M1423_4	393	1312	1113	1830
M1081_4	M1771_4	393	1204	118	187
M1081_4	M2422_4	393	1208	175	285
M1081_4	M2740_4	393	1239	153	256
M1081_4	M2793_4	393	1305	274	473
M1081_4	M777_4	393	1133	141	235
M1081_4	M845_4	393	1341	607	1012
M1423_4	F1467_4	393	1296	289	289
M1423_4	F2648_4	393	1222	262	262
M1423_4	F445_4	393	1321	1211	1211
M1423_4	F493_4	393	1120	238	238
M1423_4	F572_4	393	1310	649	649
M1423_4	F663_4	393	1355	1337	1337
M1423_4	M1081_4	393	1312	421	421
M1423_4	M1771_4	393	1138	335	335
M1423_4	M2422_4	393	1348	522	522
M1423_4	M2740_4	393	1341	462	462
M1423_4	M2793_4	393	1290	618	618
M1423_4	M777_4	393	1292	379	379
M1423_4	M845_4	393	1277	957	957
M1771_4	F1467_4	393	1185	99	102
M1771_4	F2648_4	393	1174	77	80
M1771_4	F445_4	393	1235	917	933
M1771_4	F493_4	393	1417	91	92
M1771_4	F572_4	393	1211	281	288
M1771_4	F663_4	393	1341	1281	1305
M1771_4	M1081_4	393	1204	139	140
M1771_4	M1423_4	393	1138	993	1021
M1771_4	M2422_4	393	1280	204	209
M1771_4	M2740_4	393	1308	154	157
M1771_4	M2793_4	393	1370	279	282
M1771_4	M777_4	393	1422	158	160
M1771_4	M845_4	393	1292	627	645
M2422_4	F1467_4	393	1267	32	32
M2422_4	F2648_4	393	1361	39	39
M2422_4	F445_4	393	1229	624	624
M2422_4	F493_4	393	1255	34	34
M2422_4	F572_4	393	1131	134	134
M2422_4	F663_4	393	1100	981	981
M2422_4	M1081_4	393	1208	52	52
M2422_4	M1423_4	393	1348	970	970
M2422_4	M1771_4	393	1280	57	57
M2422_4	M2740_4	393	1308	75	75
M2422_4	M2793_4	393	1305	114	114
M2422_4	M777_4	393	1366	64	64
M2422_4	M845_4	393	1207	292	292
M2740_4	F1467_4	393	1189	857	1150
M2740_4	F2648_4	393	1290	917	1246
M2740_4	F445_4	393	1271	1259	1728
M2740_4	F493_4	393	1320	923	1224
M2740_4	F572_4	393	1325	1195	1587
M2740_4	F663_4	393	1217	1216	1656
M2740_4	M1081_4	393	1239	1017	1359
M2740_4	M1423_4	393	1341	1336	1860
M2740_4	M1771_4	393	1308	1010	1388
M2740_4	M2422_4	393	1308	1107	1533
M2740_4	M2793_4	393	1209	1084	1448
M2740_4	M777_4	393	1470	1145	1537
M2740_4	M845_4	393	1320	1270	1699
M2793_4	F1467_4	393	1231	1053	1053
M2793_4	F2648_4	393	1278	1087	1087
M2793_4	F445_4	393	1240	1236	1236
M2793_4	F493_4	393	1246	1057	1057
M2793_4	F572_4	393	1390	1323	1323
M2793_4	F663_4	393	1207	1204	1204
M2793_4	M1081_4	393	1305	1189	1189
M2793_4	M1423_4	393	1290	1286	1286
M2793_4	M1771_4	393	1370	1213	1213
M2793_4	M2422_4	393	1305	1216	1216
M2793_4	M2740_4	393	1209	1079	1079
M2793_4	M777_4	393	1254	1130	1130
M2793_4	M845_4	393	1173	1153	1153
M777_4	F1467_4	393	1193	103	376
M777_4	F2648_4	393	1242	90	299
M777_4	F445_4	393	1258	902	3234
M777_4	F493_4	393	1238	79	287
M777_4	F572_4	393	1130	246	885
M777_4	F663_4	393	1459	1382	4836
M777_4	M1081_4	393	1133	140	493
M777_4	M1423_4	393	1292	1094	3839
M777_4	M1771_4	393	1422	149	497
M777_4	M2422_4	393	1366	185	618
M777_4	M2740_4	393	1470	208	747
M777_4	M2793_4	393	1254	241	833
M777_4	M845_4	393	1273	578	2077
M845_4	F1467_4	393	1332	1190	1257
M845_4	F2648_4	393	1296	1141	1191
M845_4	F445_4	393	1362	1361	1420
M845_4	F493_4	393	1189	1037	1080
M845_4	F572_4	393	1215	1167	1226
M845_4	F663_4	393	1172	1169	1216
M845_4	M1081_4	393	1341	1239	1297
M845_4	M1423_4	393	1277	1276	1322
M845_4	M1771_4	393	1292	1168	1218
M845_4	M2422_4	393	1207	1133	1191
M845_4	M2740_4	393	1320	1226	1278
M845_4	M2793_4	393	1173	1120	1170
M845_4	M777_4	393	1273	1153	1213
F1034_4	F1580_4	394	1235	123	196
F1034_4	F167_4	394	1397	225	338
F1034_4	F1935_4	394	1258	854	1341
F1034_4	F199_4	394	1371	1320	1999
F1034_4	F2306_4	394	1195	258	402
F1034_4	M1153_4	394	1269	1104	1703
F1034_4	M1177_4	394	1350	438	700
F1034_4	M1615_4	394	1333	362	552
F1034_4	M2229_4	394	1335	1111	1711
F1034_4	M2366_4	394	1246	691	1094
F1034_4	M2374_4	394	1337	859	1331
F1034_4	M2482_4	394	1259	854	1326
F1034_4	M283_4	394	1379	1343	2112
F1580_4	F1034_4	394	1235	1091	1091
F1580_4	F167_4	394	1292	419	419
F1580_4	F1935_4	394	1266	1059	1059
F1580_4	F199_4	394	1442	1426	1426
F1580_4	F2306_4	394	1290	494	494
F1580_4	M1153_4	394	1137	1080	1080
F1580_4	M1177_4	394	1253	677	677
F1580_4	M1615_4	394	1111	505	505
F1580_4	M2229_4	394	1111	1047	1047
F1580_4	M2366_4	394	1241	934	934
F1580_4	M2374_4	394	1266	1002	1002
F1580_4	M2482_4	394	1294	1027	1027
F1580_4	M283_4	394	1252	1228	1228
F167_4	F1034_4	394	1397	1260	4376
F167_4	F1580_4	394	1292	336	1155
F167_4	F1935_4	394	1235	1060	3667
F167_4	F199_4	394	1333	1319	4483
F167_4	F2306_4	394	1202	530	1871
F167_4	M1153_4	394	1238	1170	4047
F167_4	M1177_4	394	1313	733	2431
F167_4	M1615_4	394	1262	615	2124
F167_4	M2229_4	394	1130	1064	3591
F167_4	M2366_4	394	1269	1016	3476
F167_4	M2374_4	394	1244	1034	3488
F167_4	M2482_4	394	1202	993	3396
F167_4	M283_4	394	1372	1354	4552
F1935_4	F1034_4	394	1258	1170	1170
F1935_4	F1580_4	394	1266	517	517
F1935_4	F167_4	394	1235	592	592
F1935_4	F199_4	394	1194	1188	1188
F1935_4	F2306_4	394	1330	779	779
F1935_4	M1153_4	394	1362	1318	1318
F1935_4	M1177_4	394	1187	842	842
F1935_4	M1615_4	394	1294	789	789
F1935_4	M2229_4	394	1274	1226	1226
F1935_4	M2366_4	394	1254	1103	1103
F1935_4	M2374_4	394	1207	1087	1087
F1935_4	M2482_4	394	1229	1108	1108
F1935_4	M283_4	394	1164	1158	1158
F199_4	F1034_4	394	1371	168	399
F199_4	F1580_4	394	1442	10	30
F199_4	F167_4	394	1333	14	36
F199_4	F1935_4	394	1194	127	323
F199_4	F2306_4	394	1261	16	39
F199_4	M1153_4	394	1154	308	774
F199_4	M1177_4	394	1186	30	73
F199_4	M1615_4	394	1285	18	50
F199_4	M2229_4	394	1233	261	666
F199_4	M2366_4	394	1175	68	158
F199_4	M2374_4	394	1182	116	312
F199_4	M2482_4	394	1089	90	212
F199_4	M283_4	394	1278	728	1814
F2306_4	F1034_4	394	1195	1023	1223
F2306_4	F1580_4	394	1290	250	296
F2306_4	F167_4	394	1202	342	398
F2306_4	F1935_4	394	1330	1065	1257
F2306_4	F199_4	394	1261	1234	1443
F2306_4	M1153_4	394	1226	1154	1345
F2306_4	M1177_4	394	1224	633	736
F2306_4	M1615_4	394	1186	430	508
F2306_4	M2229_4	394	1355	1221	1448
F2306_4	M2366_4	394	1084	757	893
F2306_4	M2374_4	394	1186	909	1048
F2306_4	M2482_4	394	1306	1010	1173
F2306_4	M283_4	394	1315	1292	1514
M1153_4	F1034_4	394	1269	804	1115
M1153_4	F1580_4	394	1137	71	94
M1153_4	F167_4	394	1238	122	162
M1153_4	F1935_4	394	1362	743	1037
M1153_4	F199_4	394	1154	1092	1545
M1153_4	F2306_4	394	1226	170	246
M1153_4	M1177_4	394	1184	245	351
M1153_4	M1615_4	394	1279	203	280
M1153_4	M2229_4	394	1112	816	1149
M1153_4	M2366_4	394	1171	487	687
M1153_4	M2374_4	394	1429	698	956
M1153_4	M2482_4	394	1279	651	917
M1153_4	M283_4	394	1149	1076	1525
M1177_4	F1034_4	394	1350	923	3141
M1177_4	F1580_4	394	1253	94	306
M1177_4	F167_4	394	1313	128	430
M1177_4	F1935_4	394	1187	712	2465
M1177_4	F199_4	394	1186	1138	3930
M1177_4	F2306_4	394	1224	206	705
M1177_4	M1153_4	394	1184	1000	3528
M1177_4	M1615_4	394	1189	236	825
M1177_4	M2229_4	394	1261	1018	3524
M1177_4	M2366_4	394	1244	569	1990
M1177_4	M2374_4	394	1332	709	2488
M1177_4	M2482_4	394	1311	766	2721
M1177_4	M283_4	394	1275	1211	4156
M1615_4	F1034_4	394	1333	528	528
M1615_4	F1580_4	394	1111	35	35
M1615_4	F167_4	394	1262	49	49
M1615_4	F1935_4	394	1294	403	403
M1615_4	F199_4	394	1285	1096	1096
M1615_4	F2306_4	394	1186	67	67
M1615_4	M1153_4	394	1279	777	777
M1615_4	M1177_4	394	1189	118	118
M1615_4	M2229_4	394	1188	644	644
M1615_4	M2366_4	394	1176	245	245
M1615_4	M2374_4	394	1257	330	330
M1615_4	M2482_4	394	1118	289	289
M1615_4	M283_4	394	1088	913	913
M2229_4	F1034_4	394	1335	923	2220
M2229_4	F1580_4	394	1111	100	247
M2229_4	F167_4	394	1130	137	328
M2229_4	F1935_4	394	1274	809	2036
M2229_4	F199_4	394	1233	1168	2855
M2229_4	F2306_4	394	1355	209	519
M2229_4	M1153_4	394	1112	935	2284
M2229_4	M1177_4	394	1261	334	798
M2229_4	M1615_4	394	1188	217	546
M2229_4	M2366_4	394	1247	574	1436
M2229_4	M2374_4	394	1301	698	1754
M2229_4	M2482_4	394	1281	705	1738
M2229_4	M283_4	394	1220	1157	2854
M2366_4	F1034_4	394	1246	1063	3469
M2366_4	F1580_4	394	1241	263	816
M2366_4	F167_4	394	1269	356	1106
M2366_4	F1935_4	394	1254	1030	3273
M2366_4	F199_4	394	1175	1149	3734
M2366_4	F2306_4	394	1084	403	1241
M2366_4	M1153_4	394	1171	1094	3499
M2366_4	M1177_4	394	1244	628	1958
M2366_4	M1615_4	394	1176	480	1458
M2366_4	M2229_4	394	1247	1163	3711
M2366_4	M2374_4	394	1197	942	3019
M2366_4	M2482_4	394	1271	988	3037
M2366_4	M283_4	394	1233	1213	3751
M2374_4	F1034_4	394	1337	1000	2778
M2374_4	F1580_4	394	1266	139	398
M2374_4	F167_4	394	1244	193	561
M2374_4	F1935_4	394	1207	859	2469
M2374_4	F199_4	394	1182	1146	3177
M2374_4	F2306_4	394	1186	240	694
M2374_4	M1153_4	394	1429	1249	3534
M2374_4	M1177_4	394	1332	448	1283
M2374_4	M1615_4	394	1257	306	808
M2374_4	M2229_4	394	1301	1105	3085
M2374_4	M2366_4	394	1197	670	1954
M2374_4	M2482_4	394	1324	856	2461
M2374_4	M283_4	394	1278	1231	3441
M2482_4	F1034_4	394	1259	816	908
M2482_4	F1580_4	394	1294	90	97
M2482_4	F167_4	394	1202	126	144
M2482_4	F1935_4	394	1229	714	792
M2482_4	F199_4	394	1089	1017	1111
M2482_4	F2306_4	394	1306	195	208
M2482_4	M1153_4	394	1279	1041	1147
M2482_4	M1177_4	394	1311	305	330
M2482_4	M1615_4	394	1118	177	196
M2482_4	M2229_4	394	1281	993	1092
M2482_4	M2366_4	394	1271	571	630
M2482_4	M2374_4	394	1324	686	762
M2482_4	M283_4	394	1184	1123	1234
M283_4	F1034_4	394	1379	1159	1159
M283_4	F1580_4	394	1252	195	195
M283_4	F167_4	394	1372	350	350
M283_4	F1935_4	394	1164	921	921
M283_4	F199_4	394	1278	1245	1245
M283_4	F2306_4	394	1315	399	399
M283_4	M1153_4	394	1149	1070	1070
M283_4	M1177_4	394	1275	565	565
M283_4	M1615_4	394	1088	398	398
M283_4	M2229_4	394	1220	1094	1094
M283_4	M2366_4	394	1233	824	824
M283_4	M2374_4	394	1278	922	922
M283_4	M2482_4	394	1184	879	879
F1518_4	F1746_4	395	1296	920	920
F1518_4	F1914_4	395	1380	1290	1290
F1518_4	F2583_4	395	1401	799	799
F1518_4	F2649_4	395	1192	1072	1072
F1518_4	F497_4	395	1204	1094	1094
F1518_4	F4_4	395	1195	1142	1142
F1518_4	M1198_4	395	1114	448	448
F1518_4	M1326_4	395	1159	951	951
F1518_4	M1538_4	395	1319	840	840
F1518_4	M2046_4	395	1263	1169	1169
F1518_4	M2138_4	395	1182	1005	1005
F1518_4	M2182_4	395	1379	987	987
F1518_4	M497_4	395	1245	938	938
F1746_4	F1518_4	395	1296	957	5206
F1746_4	F1914_4	395	1242	1222	6578
F1746_4	F2583_4	395	1275	1028	5615
F1746_4	F2649_4	395	1381	1330	7161
F1746_4	F497_4	395	1248	1208	6473
F1746_4	F4_4	395	1255	1231	6532
F1746_4	M1198_4	395	1122	742	4058
F1746_4	M1326_4	395	1266	1175	6272
F1746_4	M1538_4	395	1228	1016	5416
F1746_4	M2046_4	395	1179	1145	6176
F1746_4	M2138_4	395	1314	1215	6539
F1746_4	M2182_4	395	1233	1070	5747
F1746_4	M497_4	395	1255	1149	6274
F1914_4	F1518_4	395	1380	423	803
F1914_4	F1746_4	395	1242	685	1299
F1914_4	F2583_4	395	1225	438	874
F1914_4	F2649_4	395	1261	1030	1970
F1914_4	F497_4	395	1244	1055	1995
F1914_4	F4_4	395	1215	1108	2082
F1914_4	M1198_4	395	1243	293	532
F1914_4	M1326_4	395	1273	843	1633
F1914_4	M1538_4	395	1281	544	1055
F1914_4	M2046_4	395	1227	1054	2006
F1914_4	M2138_4	395	1275	863	1620
F1914_4	M2182_4	395	1325	669	1284
F1914_4	M497_4	395	1166	725	1398
F2583_4	F1518_4	395	1401	95	95
F2583_4	F1746_4	395	1275	188	188
F2583_4	F1914_4	395	1225	647	647
F2583_4	F2649_4	395	1204	463	463
F2583_4	F497_4	395	1225	542	542
F2583_4	F4_4	395	1236	750	750
F2583_4	M1198_4	395	1234	61	61
F2583_4	M1326_4	395	1070	276	276
F2583_4	M1538_4	395	1157	140	140
F2583_4	M2046_4	395	1375	676	676
F2583_4	M2138_4	395	1230	321	321
F2583_4	M2182_4	395	1295	170	170
F2583_4	M497_4	395	1146	208	208
F2649_4	F1518_4	395	1192	874	874
F2649_4	F1746_4	395	1381	1173	1173
F2649_4	F1914_4	395	1261	1226	1226
F2649_4	F2583_4	395	1204	923	923
F2649_4	F497_4	395	1156	1111	1111
F2649_4	F4_4	395	1325	1306	1306
F2649_4	M1198_4	395	1196	734	734
F2649_4	M1326_4	395	1269	1188	1188
F2649_4	M1538_4	395	1312	1068	1068
F2649_4	M2046_4	395	1264	1233	1233
F2649_4	M2138_4	395	1428	1327	1327
F2649_4	M2182_4	395	1305	1111	1111
F2649_4	M497_4	395	1397	1252	1252
F497_4	F1518_4	395	1204	290	397
F497_4	F1746_4	395	1248	489	685
F497_4	F1914_4	395	1244	1005	1399
F497_4	F2583_4	395	1225	316	442
F497_4	F2649_4	395	1156	865	1208
F497_4	F4_4	395	1053	915	1285
F497_4	M1198_4	395	1229	180	254
F497_4	M1326_4	395	1183	649	889
F497_4	M1538_4	395	1187	370	508
F497_4	M2046_4	395	1156	942	1322
F497_4	M2138_4	395	1444	853	1163
F497_4	M2182_4	395	1204	438	613
F497_4	M497_4	395	1306	612	860
F4_4	F1518_4	395	1195	1056	3097
F4_4	F1746_4	395	1255	1182	3493
F4_4	F1914_4	395	1215	1206	3542
F4_4	F2583_4	395	1236	1112	3252
F4_4	F2649_4	395	1325	1311	3845
F4_4	F497_4	395	1053	1041	3117
F4_4	M1198_4	395	1442	1187	3517
F4_4	M1326_4	395	1297	1258	3735
F4_4	M1538_4	395	1189	1119	3261
F4_4	M2046_4	395	1272	1263	3717
F4_4	M2138_4	395	1205	1178	3443
F4_4	M2182_4	395	1242	1184	3583
F4_4	M497_4	395	1223	1179	3486
M1198_4	F1518_4	395	1114	258	308
M1198_4	F1746_4	395	1122	481	591
M1198_4	F1914_4	395	1243	1043	1291
M1198_4	F2583_4	395	1234	406	502
M1198_4	F2649_4	395	1196	930	1162
M1198_4	F497_4	395	1229	976	1217
M1198_4	F4_4	395	1442	1286	1575
M1198_4	M1326_4	395	1156	697	864
M1198_4	M1538_4	395	1284	474	592
M1198_4	M2046_4	395	1256	1049	1289
M1198_4	M2138_4	395	1183	741	905
M1198_4	M2182_4	395	1138	495	616
M1198_4	M497_4	395	1374	775	976
M1326_4	F1518_4	395	1159	341	341
M1326_4	F1746_4	395	1266	604	604
M1326_4	F1914_4	395	1273	1071	1071
M1326_4	F2583_4	395	1070	352	352
M1326_4	F2649_4	395	1269	1003	1003
M1326_4	F497_4	395	1183	924	924
M1326_4	F4_4	395	1297	1160	1160
M1326_4	M1198_4	395	1156	213	213
M1326_4	M1538_4	395	1355	525	525
M1326_4	M2046_4	395	1252	1071	1071
M1326_4	M2138_4	395	1217	785	785
M1326_4	M2182_4	395	1333	612	612
M1326_4	M497_4	395	1186	669	669
M1538_4	F1518_4	395	1319	173	458
M1538_4	F1746_4	395	1228	350	955
M1538_4	F1914_4	395	1281	925	2495
M1538_4	F2583_4	395	1157	215	543
M1538_4	F2649_4	395	1312	795	2098
M1538_4	F497_4	395	1187	725	1896
M1538_4	F4_4	395	1189	951	2536
M1538_4	M1198_4	395	1284	106	278
M1538_4	M1326_4	395	1355	575	1568
M1538_4	M2046_4	395	1148	802	2189
M1538_4	M2138_4	395	1202	520	1378
M1538_4	M2182_4	395	1218	323	901
M1538_4	M497_4	395	1149	388	1023
M2046_4	F1518_4	395	1263	153	153
M2046_4	F1746_4	395	1179	267	267
M2046_4	F1914_4	395	1227	801	801
M2046_4	F2583_4	395	1375	181	181
M2046_4	F2649_4	395	1264	693	693
M2046_4	F497_4	395	1156	632	632
M2046_4	F4_4	395	1272	929	929
M2046_4	M1198_4	395	1256	99	99
M2046_4	M1326_4	395	1252	444	444
M2046_4	M1538_4	395	1148	187	187
M2046_4	M2138_4	395	1341	504	504
M2046_4	M2182_4	395	1288	261	261
M2046_4	M497_4	395	1188	333	333
M2138_4	F1518_4	395	1182	464	673
M2138_4	F1746_4	395	1314	752	1095
M2138_4	F1914_4	395	1275	1132	1662
M2138_4	F2583_4	395	1230	552	769
M2138_4	F2649_4	395	1428	1207	1831
M2138_4	F497_4	395	1444	1243	1852
M2138_4	F4_4	395	1205	1128	1645
M2138_4	M1198_4	395	1183	327	484
M2138_4	M1326_4	395	1217	878	1325
M2138_4	M1538_4	395	1202	610	910
M2138_4	M2046_4	395	1341	1193	1732
M2138_4	M2182_4	395	1312	758	1137
M2138_4	M497_4	395	1206	833	1253
M2182_4	F1518_4	395	1379	229	280
M2182_4	F1746_4	395	1233	429	524
M2182_4	F1914_4	395	1325	1008	1217
M2182_4	F2583_4	395	1295	298	352
M2182_4	F2649_4	395	1305	894	1093
M2182_4	F497_4	395	1204	825	968
M2182_4	F4_4	395	1242	1040	1258
M2182_4	M1198_4	395	1138	145	178
M2182_4	M1326_4	395	1333	675	797
M2182_4	M1538_4	395	1218	325	392
M2182_4	M2046_4	395	1288	966	1142
M2182_4	M2138_4	395	1312	698	835
M2182_4	M497_4	395	1322	584	698
M497_4	F1518_4	395	1245	167	359
M497_4	F1746_4	395	1255	336	797
M497_4	F1914_4	395	1166	764	1737
M497_4	F2583_4	395	1146	200	448
M497_4	F2649_4	395	1397	846	2021
M497_4	F497_4	395	1306	814	1866
M497_4	F4_4	395	1223	955	2226
M497_4	M1198_4	395	1374	111	254
M497_4	M1326_4	395	1186	471	1109
M497_4	M1538_4	395	1149	243	566
M497_4	M2046_4	395	1188	817	1875
M497_4	M2138_4	395	1206	534	1313
M497_4	M2182_4	395	1322	372	882
F1334_4	F35_4	396	1302	17	53
F1334_4	F466_4	396	1273	6	13
F1334_4	M1083_4	396	1172	31	116
F1334_4	M128_4	396	1389	20	77
F1334_4	M1360_4	396	1203	307	1107
F1334_4	M176_4	396	1257	15	58
F1334_4	M242_4	396	1306	240	901
F1334_4	M2533_4	396	1247	59	205
F1334_4	M275_4	396	1303	4	16
F1334_4	M387_4	396	1289	332	1218
F1334_4	M940_4	396	1264	238	835
F1334_4	M96_4	396	1277	122	472
F1334_4	M987_4	396	1245	146	526
F35_4	F1334_4	396	1302	924	2124
F35_4	F466_4	396	1414	162	380
F35_4	M1083_4	396	1452	628	1448
F35_4	M128_4	396	1447	583	1360
F35_4	M1360_4	396	1169	1039	2431
F35_4	M176_4	396	1262	278	646
F35_4	M242_4	396	1294	1075	2481
F35_4	M2533_4	396	1286	787	1785
F35_4	M275_4	396	1151	44	104
F35_4	M387_4	396	1297	1172	2717
F35_4	M940_4	396	1252	1078	2503
F35_4	M96_4	396	1200	915	2108
F35_4	M987_4	396	1375	1028	2352
F466_4	F1334_4	396	1273	226	226
F466_4	F35_4	396	1414	38	38
F466_4	M1083_4	396	1297	68	68
F466_4	M128_4	396	1181	69	69
F466_4	M1360_4	396	1365	600	600
F466_4	M176_4	396	1327	37	37
F466_4	M242_4	396	1213	367	367
F466_4	M2533_4	396	1330	157	157
F466_4	M275_4	396	1263	3	3
F466_4	M387_4	396	1269	527	527
F466_4	M940_4	396	1204	372	372
F466_4	M96_4	396	1265	245	245
F466_4	M987_4	396	1171	241	241
M1083_4	F1334_4	396	1172	360	360
M1083_4	F35_4	396	1452	59	59
M1083_4	F466_4	396	1297	25	25
M1083_4	M128_4	396	1265	127	127
M1083_4	M1360_4	396	1206	738	738
M1083_4	M176_4	396	1334	69	69
M1083_4	M242_4	396	1199	580	580
M1083_4	M2533_4	396	1365	292	292
M1083_4	M275_4	396	1160	8	8
M1083_4	M387_4	396	1175	730	730
M1083_4	M940_4	396	1193	591	591
M1083_4	M96_4	396	1461	515	515
M1083_4	M987_4	396	1063	386	386
M128_4	F1334_4	396	1389	881	881
M128_4	F35_4	396	1447	246	246
M128_4	F466_4	396	1181	89	89
M128_4	M1083_4	396	1265	397	397
M128_4	M1360_4	396	1089	921	921
M128_4	M176_4	396	1194	175	175
M128_4	M242_4	396	1144	895	895
M128_4	M2533_4	396	1297	667	667
M128_4	M275_4	396	1292	43	43
M128_4	M387_4	396	1511	1279	1279
M128_4	M940_4	396	1399	1111	1111
M128_4	M96_4	396	1242	840	840
M128_4	M987_4	396	1217	809	809
M1360_4	F1334_4	396	1203	946	946
M1360_4	F35_4	396	1169	335	335
M1360_4	F466_4	396	1365	195	195
M1360_4	M1083_4	396	1206	613	613
M1360_4	M128_4	396	1089	503	503
M1360_4	M176_4	396	1332	400	400
M1360_4	M242_4	396	1360	1177	1177
M1360_4	M2533_4	396	1173	806	806
M1360_4	M275_4	396	1345	73	73
M1360_4	M387_4	396	1187	1085	1085
M1360_4	M940_4	396	1222	1084	1084
M1360_4	M96_4	396	1346	1082	1082
M1360_4	M987_4	396	1283	1033	1033
M176_4	F1334_4	396	1257	959	994
M176_4	F35_4	396	1262	333	352
M176_4	F466_4	396	1327	172	177
M176_4	M1083_4	396	1334	626	653
M176_4	M128_4	396	1194	498	511
M176_4	M1360_4	396	1332	1213	1260
M176_4	M242_4	396	1163	1006	1049
M176_4	M2533_4	396	1212	811	835
M176_4	M275_4	396	1267	68	69
M176_4	M387_4	396	1207	1086	1129
M176_4	M940_4	396	1358	1199	1250
M176_4	M96_4	396	1227	949	981
M176_4	M987_4	396	1223	958	986
M242_4	F1334_4	396	1306	699	699
M242_4	F35_4	396	1294	155	155
M242_4	F466_4	396	1213	48	48
M242_4	M1083_4	396	1199	314	314
M242_4	M128_4	396	1144	252	252
M242_4	M1360_4	396	1360	1089	1089
M242_4	M176_4	396	1163	132	132
M242_4	M2533_4	396	1238	509	509
M242_4	M275_4	396	1308	21	21
M242_4	M387_4	396	1322	1054	1054
M242_4	M940_4	396	1257	905	905
M242_4	M96_4	396	1182	694	694
M242_4	M987_4	396	1258	754	754
M2533_4	F1334_4	396	1247	733	733
M2533_4	F35_4	396	1286	176	176
M2533_4	F466_4	396	1330	105	105
M2533_4	M1083_4	396	1365	364	364
M2533_4	M128_4	396	1297	324	324
M2533_4	M1360_4	396	1173	975	975
M2533_4	M176_4	396	1212	180	180
M2533_4	M242_4	396	1238	895	895
M2533_4	M275_4	396	1214	34	34
M2533_4	M387_4	396	1100	920	920
M2533_4	M940_4	396	1254	932	932
M2533_4	M96_4	396	1305	788	788
M2533_4	M987_4	396	1241	778	778
M275_4	F1334_4	396	1303	366	366
M275_4	F35_4	396	1151	35	35
M275_4	F466_4	396	1263	21	21
M275_4	M1083_4	396	1160	99	99
M275_4	M128_4	396	1292	109	109
M275_4	M1360_4	396	1345	746	746
M275_4	M176_4	396	1267	56	56
M275_4	M242_4	396	1308	587	587
M275_4	M2533_4	396	1214	216	216
M275_4	M387_4	396	1277	724	724
M275_4	M940_4	396	1112	527	527
M275_4	M96_4	396	1233	356	356
M275_4	M987_4	396	1216	418	418
M387_4	F1334_4	396	1289	333	333
M387_4	F35_4	396	1297	60	60
M387_4	F466_4	396	1269	27	27
M387_4	M1083_4	396	1175	97	97
M387_4	M128_4	396	1511	112	112
M387_4	M1360_4	396	1187	654	654
M387_4	M176_4	396	1207	41	41
M387_4	M242_4	396	1322	551	551
M387_4	M2533_4	396	1100	199	199
M387_4	M275_4	396	1277	6	6
M387_4	M940_4	396	1275	522	522
M387_4	M96_4	396	1145	319	319
M387_4	M987_4	396	1279	361	361
M940_4	F1334_4	396	1264	1122	2998
M940_4	F35_4	396	1252	573	1578
M940_4	F466_4	396	1204	339	925
M940_4	M1083_4	396	1193	846	2318
M940_4	M128_4	396	1399	905	2442
M940_4	M1360_4	396	1222	1179	3202
M940_4	M176_4	396	1358	617	1633
M940_4	M242_4	396	1257	1161	3039
M940_4	M2533_4	396	1254	1061	2847
M940_4	M275_4	396	1112	132	356
M940_4	M387_4	396	1275	1234	3288
M940_4	M96_4	396	1144	1032	2730
M940_4	M987_4	396	1330	1206	3354
M96_4	F1334_4	396	1277	475	651
M96_4	F35_4	396	1200	73	103
M96_4	F466_4	396	1265	24	29
M96_4	M1083_4	396	1461	227	311
M96_4	M128_4	396	1242	184	251
M96_4	M1360_4	396	1346	898	1219
M96_4	M176_4	396	1227	82	111
M96_4	M242_4	396	1182	643	914
M96_4	M2533_4	396	1305	356	501
M96_4	M275_4	396	1233	11	20
M96_4	M387_4	396	1145	792	1102
M96_4	M940_4	396	1144	650	874
M96_4	M987_4	396	1189	520	724
M987_4	F1334_4	396	1245	180	180
M987_4	F35_4	396	1375	17	17
M987_4	F466_4	396	1171	6	6
M987_4	M1083_4	396	1063	42	42
M987_4	M128_4	396	1217	38	38
M987_4	M1360_4	396	1283	427	427
M987_4	M176_4	396	1223	25	25
M987_4	M242_4	396	1258	302	302
M987_4	M2533_4	396	1241	116	116
M987_4	M275_4	396	1216	3	3
M987_4	M387_4	396	1279	469	469
M987_4	M940_4	396	1330	373	373
M987_4	M96_4	396	1189	194	194
F1124_4	F1781_4	397	1181	1072	1072
F1124_4	F2027_4	397	1248	77	77
F1124_4	F2454_4	397	1282	322	322
F1124_4	F2564_4	397	1287	285	285
F1124_4	F2681_4	397	1175	87	87
F1124_4	M1680_4	397	1203	208	208
F1124_4	M1699_4	397	1260	282	282
F1124_4	M1812_4	397	1283	183	183
F1124_4	M1939_4	397	1228	489	489
F1124_4	M2053_4	397	1249	733	733
F1124_4	M2057_4	397	1274	347	347
F1124_4	M2696_4	397	1361	132	132
F1124_4	M554_4	397	1149	417	417
F1781_4	F1124_4	397	1181	93	93
F1781_4	F2027_4	397	1228	22	22
F1781_4	F2454_4	397	1393	115	115
F1781_4	F2564_4	397	1257	86	86
F1781_4	F2681_4	397	1307	33	33
F1781_4	M1680_4	397	1202	71	71
F1781_4	M1699_4	397	1189	78	78
F1781_4	M1812_4	397	1276	36	36
F1781_4	M1939_4	397	1278	195	195
F1781_4	M2053_4	397	1271	298	298
F1781_4	M2057_4	397	1435	125	125
F1781_4	M2696_4	397	1217	34	34
F1781_4	M554_4	397	1216	165	165
F2027_4	F1124_4	397	1248	1161	3492
F2027_4	F1781_4	397	1228	1226	3682
F2027_4	F2454_4	397	1100	1038	3172
F2027_4	F2564_4	397	1399	1283	3892
F2027_4	F2681_4	397	1242	1028	3123
F2027_4	M1680_4	397	1254	1138	3411
F2027_4	M1699_4	397	1178	1091	3265
F2027_4	M1812_4	397	1113	979	2976
F2027_4	M1939_4	397	1305	1268	3870
F2027_4	M2053_4	397	1459	1442	4319
F2027_4	M2057_4	397	1219	1139	3464
F2027_4	M2696_4	397	1211	1000	2998
F2027_4	M554_4	397	1026	1003	3063
F2454_4	F1124_4	397	1282	292	602
F2454_4	F1781_4	397	1393	1285	2534
F2454_4	F2027_4	397	1100	69	132
F2454_4	F2564_4	397	1183	252	508
F2454_4	F2681_4	397	1112	105	188
F2454_4	M1680_4	397	1257	233	454
F2454_4	M1699_4	397	1304	287	569
F2454_4	M1812_4	397	1343	192	384
F2454_4	M1939_4	397	1168	537	1060
F2454_4	M2053_4	397	1228	716	1410
F2454_4	M2057_4	397	1271	344	702
F2454_4	M2696_4	397	1310	140	261
F2454_4	M554_4	397	1348	501	980
F2564_4	F1124_4	397	1287	590	590
F2564_4	F1781_4	397	1257	1218	1218
F2564_4	F2027_4	397	1399	189	189
F2564_4	F2454_4	397	1183	558	558
F2564_4	F2681_4	397	1334	310	310
F2564_4	M1680_4	397	1400	546	546
F2564_4	M1699_4	397	1238	586	586
F2564_4	M1812_4	397	1364	413	413
F2564_4	M1939_4	397	1215	830	830
F2564_4	M2053_4	397	1288	1012	1012
F2564_4	M2057_4	397	1257	645	645
F2564_4	M2696_4	397	1406	341	341
F2564_4	M554_4	397	1339	875	875
F2681_4	F1124_4	397	1175	844	844
F2681_4	F1781_4	397	1307	1286	1286
F2681_4	F2027_4	397	1242	433	433
F2681_4	F2454_4	397	1112	836	836
F2681_4	F2564_4	397	1334	960	960
F2681_4	M1680_4	397	1272	890	890
F2681_4	M1699_4	397	1266	964	964
F2681_4	M1812_4	397	1410	858	858
F2681_4	M1939_4	397	1252	1096	1096
F2681_4	M2053_4	397	1297	1210	1210
F2681_4	M2057_4	397	1431	1101	1101
F2681_4	M2696_4	397	1265	656	656
F2681_4	M554_4	397	1369	1182	1182
M1680_4	F1124_4	397	1203	307	707
M1680_4	F1781_4	397	1202	1103	2542
M1680_4	F2027_4	397	1254	94	200
M1680_4	F2454_4	397	1257	335	797
M1680_4	F2564_4	397	1400	341	781
M1680_4	F2681_4	397	1272	154	336
M1680_4	M1699_4	397	1280	322	736
M1680_4	M1812_4	397	1313	241	582
M1680_4	M1939_4	397	1250	545	1304
M1680_4	M2053_4	397	1326	791	1763
M1680_4	M2057_4	397	1196	358	836
M1680_4	M2696_4	397	1255	163	387
M1680_4	M554_4	397	1256	526	1194
M1699_4	F1124_4	397	1260	171	171
M1699_4	F1781_4	397	1189	987	987
M1699_4	F2027_4	397	1178	35	35
M1699_4	F2454_4	397	1304	173	173
M1699_4	F2564_4	397	1238	136	136
M1699_4	F2681_4	397	1266	54	54
M1699_4	M1680_4	397	1280	114	114
M1699_4	M1812_4	397	1288	96	96
M1699_4	M1939_4	397	1192	293	293
M1699_4	M2053_4	397	1200	473	473
M1699_4	M2057_4	397	1328	200	200
M1699_4	M2696_4	397	1312	77	77
M1699_4	M554_4	397	1190	286	286
M1812_4	F1124_4	397	1283	940	3469
M1812_4	F1781_4	397	1276	1266	4791
M1812_4	F2027_4	397	1113	425	1594
M1812_4	F2454_4	397	1343	1012	3799
M1812_4	F2564_4	397	1364	993	3677
M1812_4	F2681_4	397	1410	724	2781
M1812_4	M1680_4	397	1313	887	3320
M1812_4	M1699_4	397	1288	987	3772
M1812_4	M1939_4	397	1237	1090	4106
M1812_4	M2053_4	397	1366	1267	4753
M1812_4	M2057_4	397	1305	1003	3709
M1812_4	M2696_4	397	1375	714	2691
M1812_4	M554_4	397	1214	1032	3865
M1939_4	F1124_4	397	1228	1007	1442
M1939_4	F1781_4	397	1278	1266	1821
M1939_4	F2027_4	397	1305	568	808
M1939_4	F2454_4	397	1168	947	1354
M1939_4	F2564_4	397	1215	974	1397
M1939_4	F2681_4	397	1252	776	1106
M1939_4	M1680_4	397	1250	942	1327
M1939_4	M1699_4	397	1192	959	1339
M1939_4	M1812_4	397	1237	844	1211
M1939_4	M2053_4	397	1209	1150	1655
M1939_4	M2057_4	397	1340	1139	1599
M1939_4	M2696_4	397	1332	826	1153
M1939_4	M554_4	397	1229	1111	1595
M2053_4	F1124_4	397	1249	729	729
M2053_4	F1781_4	397	1271	1248	1248
M2053_4	F2027_4	397	1459	317	317
M2053_4	F2454_4	397	1228	732	732
M2053_4	F2564_4	397	1288	737	737
M2053_4	F2681_4	397	1297	444	444
M2053_4	M1680_4	397	1326	695	695
M2053_4	M1699_4	397	1200	751	751
M2053_4	M1812_4	397	1366	646	646
M2053_4	M1939_4	397	1209	954	954
M2053_4	M2057_4	397	1196	784	784
M2053_4	M2696_4	397	1189	427	427
M2053_4	M554_4	397	1255	946	946
M2057_4	F1124_4	397	1274	729	729
M2057_4	F1781_4	397	1435	1408	1408
M2057_4	F2027_4	397	1219	280	280
M2057_4	F2454_4	397	1271	782	782
M2057_4	F2564_4	397	1257	662	662
M2057_4	F2681_4	397	1431	516	516
M2057_4	M1680_4	397	1196	596	596
M2057_4	M1699_4	397	1328	767	767
M2057_4	M1812_4	397	1305	557	557
M2057_4	M1939_4	397	1340	1033	1033
M2057_4	M2053_4	397	1196	1018	1018
M2057_4	M2696_4	397	1322	477	477
M2057_4	M554_4	397	1366	1047	1047
M2696_4	F1124_4	397	1361	1004	1004
M2696_4	F1781_4	397	1217	1204	1204
M2696_4	F2027_4	397	1211	463	463
M2696_4	F2454_4	397	1310	974	974
M2696_4	F2564_4	397	1406	997	997
M2696_4	F2681_4	397	1265	630	630
M2696_4	M1680_4	397	1255	829	829
M2696_4	M1699_4	397	1312	979	979
M2696_4	M1812_4	397	1375	826	826
M2696_4	M1939_4	397	1332	1175	1175
M2696_4	M2053_4	397	1189	1109	1109
M2696_4	M2057_4	397	1322	1062	1062
M2696_4	M554_4	397	1353	1176	1176
M554_4	F1124_4	397	1149	310	310
M554_4	F1781_4	397	1216	1139	1139
M554_4	F2027_4	397	1026	71	71
M554_4	F2454_4	397	1348	345	345
M554_4	F2564_4	397	1339	344	344
M554_4	F2681_4	397	1369	173	173
M554_4	M1680_4	397	1256	271	271
M554_4	M1699_4	397	1190	318	318
M554_4	M1812_4	397	1214	172	172
M554_4	M1939_4	397	1229	610	610
M554_4	M2053_4	397	1255	794	794
M554_4	M2057_4	397	1366	446	446
M554_4	M2696_4	397	1353	171	171
F1075_4	F1416_4	398	1216	804	1610
F1075_4	F1785_4	398	1240	1144	2405
F1075_4	F1900_4	398	1127	814	1637
F1075_4	F2775_4	398	1264	828	1671
F1075_4	M1178_4	398	1234	1191	2361
F1075_4	M1410_4	398	1227	668	1364
F1075_4	M1515_4	398	1187	898	1782
F1075_4	M2133_4	398	1222	1086	2198
F1075_4	M2522_4	398	1234	644	1369
F1075_4	M307_4	398	1423	1382	2829
F1075_4	M642_4	398	1197	496	976
F1075_4	M942_4	398	1306	306	594
F1075_4	M94_4	398	1165	245	502
F1416_4	F1075_4	398	1216	561	561
F1416_4	F1785_4	398	1191	979	979
F1416_4	F1900_4	398	1299	629	629
F1416_4	F2775_4	398	1369	577	577
F1416_4	M1178_4	398	1286	1202	1202
F1416_4	M1410_4	398	1382	473	473
F1416_4	M1515_4	398	1290	714	714
F1416_4	M2133_4	398	1364	1057	1057
F1416_4	M2522_4	398	1207	381	381
F1416_4	M307_4	398	1312	1207	1207
F1416_4	M642_4	398	1245	262	262
F1416_4	M942_4	398	1350	143	143
F1416_4	M94_4	398	1264	122	122
F1785_4	F1075_4	398	1240	1179	1614
F1785_4	F1416_4	398	1191	1123	1522
F1785_4	F1900_4	398	1311	1260	1744
F1785_4	F2775_4	398	1235	1177	1633
F1785_4	M1178_4	398	1181	1177	1579
F1785_4	M1410_4	398	1195	1112	1542
F1785_4	M1515_4	398	1318	1279	1728
F1785_4	M2133_4	398	1271	1254	1682
F1785_4	M2522_4	398	1393	1270	1752
F1785_4	M307_4	398	1136	1134	1565
F1785_4	M642_4	398	1468	1295	1782
F1785_4	M942_4	398	1158	876	1208
F1785_4	M94_4	398	1246	916	1254
F1900_4	F1075_4	398	1127	804	2037
F1900_4	F1416_4	398	1299	901	2265
F1900_4	F1785_4	398	1311	1200	3067
F1900_4	F2775_4	398	1270	858	2139
F1900_4	M1178_4	398	1312	1294	3328
F1900_4	M1410_4	398	1143	689	1810
F1900_4	M1515_4	398	1367	1078	2750
F1900_4	M2133_4	398	1273	1147	2946
F1900_4	M2522_4	398	1299	709	1768
F1900_4	M307_4	398	1207	1165	2926
F1900_4	M642_4	398	1184	529	1346
F1900_4	M942_4	398	1262	334	811
F1900_4	M94_4	398	1191	286	713
F2775_4	F1075_4	398	1264	141	141
F2775_4	F1416_4	398	1369	164	164
F2775_4	F1785_4	398	1235	484	484
F2775_4	F1900_4	398	1270	178	178
F2775_4	M1178_4	398	1246	873	873
F2775_4	M1410_4	398	1330	98	98
F2775_4	M1515_4	398	1427	233	233
F2775_4	M2133_4	398	1401	493	493
F2775_4	M2522_4	398	1119	74	74
F2775_4	M307_4	398	1278	834	834
F2775_4	M642_4	398	1426	54	54
F2775_4	M942_4	398	1354	23	23
F2775_4	M94_4	398	1264	20	20
M1178_4	F1075_4	398	1234	890	3887
M1178_4	F1416_4	398	1286	939	4078
M1178_4	F1785_4	398	1181	1119	4801
M1178_4	F1900_4	398	1312	1027	4510
M1178_4	F2775_4	398	1246	904	3881
M1178_4	M1410_4	398	1329	860	3727
M1178_4	M1515_4	398	1241	1022	4332
M1178_4	M2133_4	398	1262	1155	5010
M1178_4	M2522_4	398	1163	708	3038
M1178_4	M307_4	398	1447	1412	6053
M1178_4	M642_4	398	1354	672	2965
M1178_4	M942_4	398	1225	369	1570
M1178_4	M94_4	398	1180	311	1400
M1410_4	F1075_4	398	1227	546	1147
M1410_4	F1416_4	398	1382	613	1309
M1410_4	F1785_4	398	1195	961	2060
M1410_4	F1900_4	398	1143	562	1176
M1410_4	F2775_4	398	1330	596	1304
M1410_4	M1178_4	398	1329	1236	2751
M1410_4	M1515_4	398	1229	690	1560
M1410_4	M2133_4	398	1260	969	2085
M1410_4	M2522_4	398	1298	404	916
M1410_4	M307_4	398	1215	1129	2390
M1410_4	M642_4	398	1318	294	656
M1410_4	M942_4	398	1184	129	265
M1410_4	M94_4	398	1179	127	305
M1515_4	F1075_4	398	1187	301	301
M1515_4	F1416_4	398	1290	315	315
M1515_4	F1785_4	398	1318	802	802
M1515_4	F1900_4	398	1367	368	368
M1515_4	F2775_4	398	1427	321	321
M1515_4	M1178_4	398	1241	1032	1032
M1515_4	M1410_4	398	1229	207	207
M1515_4	M2133_4	398	1322	772	772
M1515_4	M2522_4	398	1218	173	173
M1515_4	M307_4	398	1211	986	986
M1515_4	M642_4	398	1139	116	116
M1515_4	M942_4	398	1273	51	51
M1515_4	M94_4	398	1284	55	55
M2133_4	F1075_4	398	1222	191	191
M2133_4	F1416_4	398	1364	244	244
M2133_4	F1785_4	398	1271	614	614
M2133_4	F1900_4	398	1273	245	245
M2133_4	F2775_4	398	1401	221	221
M2133_4	M1178_4	398	1262	970	970
M2133_4	M1410_4	398	1260	171	171
M2133_4	M1515_4	398	1322	324	324
M2133_4	M2522_4	398	1219	132	132
M2133_4	M307_4	398	1189	860	860
M2133_4	M642_4	398	1322	91	91
M2133_4	M942_4	398	1304	31	31
M2133_4	M94_4	398	1285	24	24
M2522_4	F1075_4	398	1234	771	771
M2522_4	F1416_4	398	1207	724	724
M2522_4	F1785_4	398	1393	1261	1261
M2522_4	F1900_4	398	1299	853	853
M2522_4	F2775_4	398	1119	648	648
M2522_4	M1178_4	398	1163	1121	1121
M2522_4	M1410_4	398	1298	640	640
M2522_4	M1515_4	398	1218	888	888
M2522_4	M2133_4	398	1219	1055	1055
M2522_4	M307_4	398	1302	1241	1241
M2522_4	M642_4	398	1370	520	520
M2522_4	M942_4	398	1352	244	244
M2522_4	M94_4	398	1258	225	225
M307_4	F1075_4	398	1423	1192	1339
M307_4	F1416_4	398	1312	1107	1237
M307_4	F1785_4	398	1136	1095	1218
M307_4	F1900_4	398	1207	1044	1165
M307_4	F2775_4	398	1278	1085	1207
M307_4	M1178_4	398	1447	1430	1593
M307_4	M1410_4	398	1215	925	1033
M307_4	M1515_4	398	1211	1068	1171
M307_4	M2133_4	398	1189	1126	1258
M307_4	M2522_4	398	1302	968	1080
M307_4	M642_4	398	1135	708	785
M307_4	M942_4	398	1347	590	656
M307_4	M94_4	398	1221	485	532
M642_4	F1075_4	398	1197	661	748
M642_4	F1416_4	398	1245	699	810
M642_4	F1785_4	398	1468	1279	1477
M642_4	F1900_4	398	1184	706	824
M642_4	F2775_4	398	1426	746	860
M642_4	M1178_4	398	1354	1277	1478
M642_4	M1410_4	398	1318	550	622
M642_4	M1515_4	398	1139	732	852
M642_4	M2133_4	398	1322	1111	1259
M642_4	M2522_4	398	1370	544	618
M642_4	M307_4	398	1135	1076	1246
M642_4	M942_4	398	1202	187	212
M642_4	M94_4	398	1219	163	185
M942_4	F1075_4	398	1306	8	9
M942_4	F1416_4	398	1350	11	13
M942_4	F1785_4	398	1158	50	59
M942_4	F1900_4	398	1262	12	16
M942_4	F2775_4	398	1354	15	18
M942_4	M1178_4	398	1225	162	200
M942_4	M1410_4	398	1184	8	11
M942_4	M1515_4	398	1273	14	16
M942_4	M2133_4	398	1304	52	68
M942_4	M2522_4	398	1352	5	5
M942_4	M307_4	398	1347	138	173
M942_4	M642_4	398	1202	5	7
M942_4	M94_4	398	1207	2	2
M94_4	F1075_4	398	1165	155	380
M94_4	F1416_4	398	1264	192	481
M94_4	F1785_4	398	1246	562	1478
M94_4	F1900_4	398	1191	195	528
M94_4	F2775_4	398	1264	167	470
M94_4	M1178_4	398	1180	859	2206
M94_4	M1410_4	398	1179	109	267
M94_4	M1515_4	398	1284	252	669
M94_4	M2133_4	398	1285	524	1319
M94_4	M2522_4	398	1258	91	238
M94_4	M307_4	398	1221	857	2188
M94_4	M642_4	398	1219	50	124
M94_4	M942_4	398	1207	34	90
F1942_4	F2239_4	399	1333	555	667
F1942_4	F316_4	399	1186	723	876
F1942_4	F437_4	399	1303	98	119
F1942_4	F659_4	399	1330	72	92
F1942_4	F727_4	399	1316	852	1026
F1942_4	M1305_4	399	1201	119	140
F1942_4	M1383_4	399	1288	353	426
F1942_4	M1573_4	399	1375	114	140
F1942_4	M1582_4	399	1178	640	794
F1942_4	M2479_4	399	1162	312	380
F1942_4	M813_4	399	1360	23	29
F1942_4	M838_4	399	1296	466	579
F1942_4	M994_4	399	1428	468	586
F2239_4	F1942_4	399	1333	1048	1048
F2239_4	F316_4	399	1223	1089	1089
F2239_4	F437_4	399	1286	357	357
F2239_4	F659_4	399	1133	233	233
F2239_4	F727_4	399	1248	1156	1156
F2239_4	M1305_4	399	1340	460	460
F2239_4	M1383_4	399	1199	812	812
F2239_4	M1573_4	399	1353	416	416
F2239_4	M1582_4	399	1294	1099	1099
F2239_4	M2479_4	399	1391	920	920
F2239_4	M813_4	399	1260	119	119
F2239_4	M838_4	399	1251	967	967
F2239_4	M994_4	399	1285	917	917
F316_4	F1942_4	399	1186	983	1507
F316_4	F2239_4	399	1223	997	1512
F316_4	F437_4	399	1220	398	598
F316_4	F659_4	399	1292	326	518
F316_4	F727_4	399	1307	1216	1849
F316_4	M1305_4	399	1144	493	766
F316_4	M1383_4	399	1360	978	1528
F316_4	M1573_4	399	1258	479	733
F316_4	M1582_4	399	1257	1107	1664
F316_4	M2479_4	399	1338	918	1387
F316_4	M813_4	399	1303	148	222
F316_4	M838_4	399	1236	997	1499
F316_4	M994_4	399	1235	922	1430
F437_4	F1942_4	399	1303	1171	1171
F437_4	F2239_4	399	1286	1154	1154
F437_4	F316_4	399	1220	1154	1154
F437_4	F659_4	399	1243	447	447
F437_4	F727_4	399	1233	1176	1176
F437_4	M1305_4	399	1273	713	713
F437_4	M1383_4	399	1216	997	997
F437_4	M1573_4	399	1218	632	632
F437_4	M1582_4	399	1424	1293	1293
F437_4	M2479_4	399	1199	954	954
F437_4	M813_4	399	1307	252	252
F437_4	M838_4	399	1239	1073	1073
F437_4	M994_4	399	1347	1129	1129
F659_4	F1942_4	399	1330	1167	1167
F659_4	F2239_4	399	1133	987	987
F659_4	F316_4	399	1292	1217	1217
F659_4	F437_4	399	1243	518	518
F659_4	F727_4	399	1256	1183	1183
F659_4	M1305_4	399	1152	564	564
F659_4	M1383_4	399	1164	925	925
F659_4	M1573_4	399	1221	554	554
F659_4	M1582_4	399	1361	1233	1233
F659_4	M2479_4	399	1312	1008	1008
F659_4	M813_4	399	1244	235	235
F659_4	M838_4	399	1334	1112	1112
F659_4	M994_4	399	1280	1055	1055
F727_4	F1942_4	399	1316	953	953
F727_4	F2239_4	399	1248	899	899
F727_4	F316_4	399	1307	1119	1119
F727_4	F437_4	399	1233	270	270
F727_4	F659_4	399	1256	204	204
F727_4	M1305_4	399	1221	367	367
F727_4	M1383_4	399	1376	784	784
F727_4	M1573_4	399	1407	336	336
F727_4	M1582_4	399	1360	1087	1087
F727_4	M2479_4	399	1123	583	583
F727_4	M813_4	399	1219	95	95
F727_4	M838_4	399	1235	838	838
F727_4	M994_4	399	1379	884	884
M1305_4	F1942_4	399	1201	419	419
M1305_4	F2239_4	399	1340	477	477
M1305_4	F316_4	399	1144	608	608
M1305_4	F437_4	399	1273	64	64
M1305_4	F659_4	399	1152	45	45
M1305_4	F727_4	399	1221	693	693
M1305_4	M1383_4	399	1323	290	290
M1305_4	M1573_4	399	1322	71	71
M1305_4	M1582_4	399	1298	558	558
M1305_4	M2479_4	399	1201	229	229
M1305_4	M813_4	399	1414	17	17
M1305_4	M838_4	399	1102	313	313
M1305_4	M994_4	399	1250	317	317
M1383_4	F1942_4	399	1288	982	4383
M1383_4	F2239_4	399	1199	895	3985
M1383_4	F316_4	399	1360	1223	5466
M1383_4	F437_4	399	1216	294	1328
M1383_4	F659_4	399	1164	203	945
M1383_4	F727_4	399	1376	1217	5445
M1383_4	M1305_4	399	1323	383	1703
M1383_4	M1573_4	399	1291	353	1619
M1383_4	M1582_4	399	1235	1016	4597
M1383_4	M2479_4	399	1289	767	3546
M1383_4	M813_4	399	1232	102	457
M1383_4	M838_4	399	1225	882	3901
M1383_4	M994_4	399	1296	877	3919
M1573_4	F1942_4	399	1375	1117	1901
M1573_4	F2239_4	399	1353	1060	1760
M1573_4	F316_4	399	1258	1115	1929
M1573_4	F437_4	399	1218	306	528
M1573_4	F659_4	399	1221	254	432
M1573_4	F727_4	399	1407	1298	2233
M1573_4	M1305_4	399	1322	514	879
M1573_4	M1383_4	399	1291	877	1537
M1573_4	M1582_4	399	1275	1094	1921
M1573_4	M2479_4	399	1201	784	1336
M1573_4	M813_4	399	1265	133	226
M1573_4	M838_4	399	1279	984	1679
M1573_4	M994_4	399	1219	865	1481
M1582_4	F1942_4	399	1178	1074	1074
M1582_4	F2239_4	399	1294	1193	1193
M1582_4	F316_4	399	1257	1209	1209
M1582_4	F437_4	399	1424	756	756
M1582_4	F659_4	399	1361	576	576
M1582_4	F727_4	399	1360	1315	1315
M1582_4	M1305_4	399	1298	794	794
M1582_4	M1383_4	399	1235	1029	1029
M1582_4	M1573_4	399	1275	713	713
M1582_4	M2479_4	399	1359	1142	1142
M1582_4	M813_4	399	1402	308	308
M1582_4	M838_4	399	1214	1100	1100
M1582_4	M994_4	399	1266	1114	1114
M2479_4	F1942_4	399	1162	1145	1703
M2479_4	F2239_4	399	1391	1371	2046
M2479_4	F316_4	399	1338	1330	1969
M2479_4	F437_4	399	1199	1057	1619
M2479_4	F659_4	399	1312	1093	1614
M2479_4	F727_4	399	1123	1117	1649
M2479_4	M1305_4	399	1201	1120	1659
M2479_4	M1383_4	399	1289	1258	1878
M2479_4	M1573_4	399	1201	1075	1582
M2479_4	M1582_4	399	1359	1350	1998
M2479_4	M813_4	399	1102	724	1062
M2479_4	M838_4	399	1161	1145	1699
M2479_4	M994_4	399	1338	1309	1952
M813_4	F1942_4	399	1360	1180	2330
M813_4	F2239_4	399	1260	1098	2192
M813_4	F316_4	399	1303	1228	2393
M813_4	F437_4	399	1307	478	936
M813_4	F659_4	399	1244	388	752
M813_4	F727_4	399	1219	1155	2285
M813_4	M1305_4	399	1414	675	1315
M813_4	M1383_4	399	1232	935	1815
M813_4	M1573_4	399	1265	537	1035
M813_4	M1582_4	399	1402	1275	2503
M813_4	M2479_4	399	1102	799	1543
M813_4	M838_4	399	1281	1091	2107
M813_4	M994_4	399	1150	907	1773
M838_4	F1942_4	399	1296	1119	1119
M838_4	F2239_4	399	1251	1103	1103
M838_4	F316_4	399	1236	1156	1156
M838_4	F437_4	399	1239	467	467
M838_4	F659_4	399	1334	429	429
M838_4	F727_4	399	1235	1160	1160
M838_4	M1305_4	399	1102	530	530
M838_4	M1383_4	399	1225	953	953
M838_4	M1573_4	399	1279	531	531
M838_4	M1582_4	399	1214	1096	1096
M838_4	M2479_4	399	1161	875	875
M838_4	M813_4	399	1281	199	199
M838_4	M994_4	399	1166	960	960
M994_4	F1942_4	399	1428	1390	6233
M994_4	F2239_4	399	1285	1257	5817
M994_4	F316_4	399	1235	1224	5660
M994_4	F437_4	399	1347	1034	4662
M994_4	F659_4	399	1280	914	4278
M994_4	F727_4	399	1379	1363	6262
M994_4	M1305_4	399	1250	1051	4777
M994_4	M1383_4	399	1296	1230	5623
M994_4	M1573_4	399	1219	982	4493
M994_4	M1582_4	399	1266	1251	5715
M994_4	M2479_4	399	1338	1256	5779
M994_4	M813_4	399	1150	561	2611
M994_4	M838_4	399	1166	1126	5095
F1165_4	F1280_4	400	1359	419	1441
F1165_4	F1515_4	400	1428	75	253
F1165_4	F262_4	400	1189	1076	3561
F1165_4	F2630_4	400	1274	334	1147
F1165_4	F40_4	400	1491	696	2309
F1165_4	F460_4	400	1283	132	455
F1165_4	F578_4	400	1182	364	1210
F1165_4	M1490_4	400	1164	221	743
F1165_4	M1728_4	400	1327	554	1858
F1165_4	M2148_4	400	1373	186	643
F1165_4	M2791_4	400	1222	360	1249
F1165_4	M285_4	400	1255	537	1796
F1165_4	M299_4	400	1214	460	1560
F1280_4	F1165_4	400	1359	1298	1298
F1280_4	F1515_4	400	1267	388	388
F1280_4	F262_4	400	1320	1303	1303
F1280_4	F2630_4	400	1339	974	974
F1280_4	F40_4	400	1254	1073	1073
F1280_4	F460_4	400	1262	551	551
F1280_4	F578_4	400	1206	936	936
F1280_4	M1490_4	400	1186	739	739
F1280_4	M1728_4	400	1248	1020	1020
F1280_4	M2148_4	400	1154	580	580
F1280_4	M2791_4	400	1384	1062	1062
F1280_4	M285_4	400	1358	1142	1142
F1280_4	M299_4	400	1315	1055	1055
F1515_4	F1165_4	400	1428	1394	2157
F1515_4	F1280_4	400	1267	1010	1539
F1515_4	F262_4	400	1201	1187	1816
F1515_4	F2630_4	400	1290	999	1512
F1515_4	F40_4	400	1155	1008	1525
F1515_4	F460_4	400	1371	730	1106
F1515_4	F578_4	400	1274	1065	1636
F1515_4	M1490_4	400	1362	898	1346
F1515_4	M1728_4	400	1198	1042	1563
F1515_4	M2148_4	400	1400	829	1249
F1515_4	M2791_4	400	1372	1086	1648
F1515_4	M285_4	400	1503	1295	1982
F1515_4	M299_4	400	1307	1101	1701
F262_4	F1165_4	400	1189	1020	1020
F262_4	F1280_4	400	1320	567	567
F262_4	F1515_4	400	1201	130	130
F262_4	F2630_4	400	1264	509	509
F262_4	F40_4	400	1258	780	780
F262_4	F460_4	400	1230	197	197
F262_4	F578_4	400	1125	546	546
F262_4	M1490_4	400	1172	356	356
F262_4	M1728_4	400	1257	736	736
F262_4	M2148_4	400	1249	272	272
F262_4	M2791_4	400	1310	576	576
F262_4	M285_4	400	1238	735	735
F262_4	M299_4	400	1092	541	541
F2630_4	F1165_4	400	1274	184	184
F2630_4	F1280_4	400	1339	19	19
F2630_4	F1515_4	400	1290	2	2
F2630_4	F262_4	400	1264	364	364
F2630_4	F40_4	400	1047	44	44
F2630_4	F460_4	400	1302	10	10
F2630_4	F578_4	400	1180	28	28
F2630_4	M1490_4	400	1119	12	12
F2630_4	M1728_4	400	1350	43	43
F2630_4	M2148_4	400	1309	9	9
F2630_4	M2791_4	400	1269	24	24
F2630_4	M285_4	400	1229	51	51
F2630_4	M299_4	400	1211	41	41
F40_4	F1165_4	400	1491	1377	3048
F40_4	F1280_4	400	1254	807	1801
F40_4	F1515_4	400	1155	224	480
F40_4	F262_4	400	1258	1212	2616
F40_4	F2630_4	400	1047	594	1330
F40_4	F460_4	400	1181	412	874
F40_4	F578_4	400	1141	731	1614
F40_4	M1490_4	400	1407	681	1458
F40_4	M1728_4	400	1443	1076	2322
F40_4	M2148_4	400	1344	525	1130
F40_4	M2791_4	400	1187	719	1546
F40_4	M285_4	400	1125	826	1822
F40_4	M299_4	400	1116	750	1654
F460_4	F1165_4	400	1283	670	1247
F460_4	F1280_4	400	1262	116	220
F460_4	F1515_4	400	1371	27	53
F460_4	F262_4	400	1230	842	1540
F460_4	F2630_4	400	1302	113	219
F460_4	F40_4	400	1181	226	388
F460_4	F578_4	400	1188	141	272
F460_4	M1490_4	400	1161	59	108
F460_4	M1728_4	400	1177	182	355
F460_4	M2148_4	400	1150	61	108
F460_4	M2791_4	400	1269	121	226
F460_4	M285_4	400	1305	226	431
F460_4	M299_4	400	1262	169	325
F578_4	F1165_4	400	1182	243	243
F578_4	F1280_4	400	1206	49	49
F578_4	F1515_4	400	1274	5	5
F578_4	F262_4	400	1125	466	466
F578_4	F2630_4	400	1180	25	25
F578_4	F40_4	400	1141	67	67
F578_4	F460_4	400	1188	8	8
F578_4	M1490_4	400	1225	15	15
F578_4	M1728_4	400	1265	80	80
F578_4	M2148_4	400	1285	11	11
F578_4	M2791_4	400	1220	28	28
F578_4	M285_4	400	1309	82	82
F578_4	M299_4	400	1259	49	49
M1490_4	F1165_4	400	1164	1013	2213
M1490_4	F1280_4	400	1186	461	998
M1490_4	F1515_4	400	1362	112	236
M1490_4	F262_4	400	1172	1095	2436
M1490_4	F2630_4	400	1119	379	845
M1490_4	F40_4	400	1407	832	1812
M1490_4	F460_4	400	1161	181	427
M1490_4	F578_4	400	1225	533	1195
M1490_4	M1728_4	400	1280	714	1553
M1490_4	M2148_4	400	1459	318	723
M1490_4	M2791_4	400	1224	526	1143
M1490_4	M285_4	400	1327	748	1653
M1490_4	M299_4	400	1100	528	1161
M1728_4	F1165_4	400	1327	1284	3562
M1728_4	F1280_4	400	1248	965	2707
M1728_4	F1515_4	400	1198	393	1080
M1728_4	F262_4	400	1257	1236	3382
M1728_4	F2630_4	400	1350	1012	2835
M1728_4	F40_4	400	1443	1257	3510
M1728_4	F460_4	400	1177	595	1638
M1728_4	F578_4	400	1265	1016	2721
M1728_4	M1490_4	400	1280	808	2296
M1728_4	M2148_4	400	1196	678	1863
M1728_4	M2791_4	400	1202	916	2518
M1728_4	M285_4	400	1242	1066	2927
M1728_4	M299_4	400	1153	914	2527
M2148_4	F1165_4	400	1373	1169	1805
M2148_4	F1280_4	400	1154	491	792
M2148_4	F1515_4	400	1400	117	199
M2148_4	F262_4	400	1249	1195	1874
M2148_4	F2630_4	400	1309	458	699
M2148_4	F40_4	400	1344	826	1304
M2148_4	F460_4	400	1150	207	327
M2148_4	F578_4	400	1285	585	899
M2148_4	M1490_4	400	1459	414	647
M2148_4	M1728_4	400	1196	682	1067
M2148_4	M2791_4	400	1317	558	886
M2148_4	M285_4	400	1251	691	1080
M2148_4	M299_4	400	1178	590	899
M2791_4	F1165_4	400	1222	1209	1969
M2791_4	F1280_4	400	1384	1223	1935
M2791_4	F1515_4	400	1372	699	1132
M2791_4	F262_4	400	1310	1301	2074
M2791_4	F2630_4	400	1269	1116	1783
M2791_4	F40_4	400	1187	1107	1821
M2791_4	F460_4	400	1269	885	1412
M2791_4	F578_4	400	1220	1091	1761
M2791_4	M1490_4	400	1224	998	1604
M2791_4	M1728_4	400	1202	1121	1820
M2791_4	M2148_4	400	1317	1001	1629
M2791_4	M285_4	400	1290	1216	1942
M2791_4	M299_4	400	1282	1148	1862
M285_4	F1165_4	400	1255	923	923
M285_4	F1280_4	400	1358	334	334
M285_4	F1515_4	400	1503	57	57
M285_4	F262_4	400	1238	1068	1068
M285_4	F2630_4	400	1229	231	231
M285_4	F40_4	400	1125	433	433
M285_4	F460_4	400	1305	102	102
M285_4	F578_4	400	1309	362	362
M285_4	M1490_4	400	1327	180	180
M285_4	M1728_4	400	1242	484	484
M285_4	M2148_4	400	1251	139	139
M285_4	M2791_4	400	1290	348	348
M285_4	M299_4	400	1236	401	401
M299_4	F1165_4	400	1214	1145	1625
M299_4	F1280_4	400	1315	812	1166
M299_4	F1515_4	400	1307	224	329
M299_4	F262_4	400	1092	1053	1530
M299_4	F2630_4	400	1211	725	1054
M299_4	F40_4	400	1116	850	1221
M299_4	F460_4	400	1262	387	541
M299_4	F578_4	400	1259	839	1250
M299_4	M1490_4	400	1100	517	757
M299_4	M1728_4	400	1153	854	1235
M299_4	M2148_4	400	1178	466	678
M299_4	M2791_4	400	1282	775	1132
M299_4	M285_4	400	1236	921	1355
